SCIP version 9.2.2 [precision: 8 byte] [memory: block] [mode: optimized] [LP solver: CPLEX 12.10.0.0] [GitHash: 416226a4f8]
Copyright (c) 2002-2025 Zuse Institute Berlin (ZIB)

reading parameter file </scratch/htc/yzhou/exp_scipmip/settings/sandbox_gendj.set>

read problem </scratch/htc/yzhou/exp_scipmip/instances/additional/23588.mps>
============

original problem has 368 variables (231 bin, 0 int, 0 impl, 137 cont) and 137 constraints
    137 constraints of type <linear>
Reading Time: 0.02

read solution </scratch/htc/yzhou/solutions/23588.sol>
============

primal solution from solution file </scratch/htc/yzhou/solutions/23588.sol> was accepted as candidate, will be checked when solving starts
original problem has 368 variables (231 bin, 0 int, 0 impl, 137 cont) and 137 constraints
    137 constraints of type <linear>
Reading Time: 0.04
solve problem
=============
LP Solver <CPLEX 12.10.0.0>: fastmip setting not available -- SCIP parameter has no effect
LP Solver <CPLEX 12.10.0.0>: clock type cannot be set
LP Solver <CPLEX 12.10.0.0>: row representation of the basis not available -- SCIP parameter lp/rowrepswitch has no effect
LP Solver <CPLEX 12.10.0.0>: solution polishing not available -- SCIP parameter lp/solutionpolishing has no effect
LP Solver <CPLEX 12.10.0.0>: refactorization interval not available -- SCIP parameter lp/refactorinterval has no effect
1/1 feasible solution given by solution candidate storage, new primal bound 8.090000e+03

transformed problem has 368 variables (231 bin, 0 int, 0 impl, 137 cont) and 137 constraints
    137 constraints of type <linear>

original problem has 3701 active (7.34092%) nonzeros and 3701 (7.34092%) check nonzeros

presolving:
(round 1, fast)       136 del vars, 0 del conss, 2 add conss, 0 chg bounds, 0 chg sides, 0 chg coeffs, 0 upgd conss, 0 impls, 0 clqs
(round 2, fast)       136 del vars, 1 del conss, 2 add conss, 0 chg bounds, 132 chg sides, 0 chg coeffs, 0 upgd conss, 0 impls, 0 clqs
(round 3, fast)       136 del vars, 1 del conss, 2 add conss, 0 chg bounds, 132 chg sides, 0 chg coeffs, 0 upgd conss, 0 impls, 0 clqs
(round 4, exhaustive) 136 del vars, 2 del conss, 2 add conss, 0 chg bounds, 133 chg sides, 0 chg coeffs, 0 upgd conss, 0 impls, 0 clqs
(round 5, exhaustive) 136 del vars, 2 del conss, 2 add conss, 0 chg bounds, 133 chg sides, 0 chg coeffs, 131 upgd conss, 0 impls, 0 clqs
   (0.0s) probing: 100/231 (43.3%) - 0 fixings, 0 aggregations, 99 implications, 0 bound changes
   (0.0s) probing: 200/231 (86.6%) - 0 fixings, 0 aggregations, 199 implications, 0 bound changes
   (0.0s) probing cycle finished: starting next cycle
   (0.0s) symmetry computation started: requiring (bin +, int +, cont +), (fixed: bin -, int -, cont -)
   (0.0s) no symmetry present (symcode time: 0.00)
clique table cleanup detected 0 bound changes

presolved problem has 3565 active (11.2163%) nonzeros and 3565 (11.2163%) check nonzeros

presolving (6 rounds: 6 fast, 3 medium, 3 exhaustive):
 136 deleted vars, 2 deleted constraints, 2 added constraints, 0 tightened bounds, 0 added holes, 133 changed sides, 0 changed coefficients
 231 implications, 0 cliques
presolved problem has 232 variables (231 bin, 0 int, 1 impl, 0 cont) and 137 constraints
     53 constraints of type <knapsack>
      6 constraints of type <linear>
     78 constraints of type <logicor>
transformed objective value is always integral (scale: 1)
Presolving Time: 0.03
transformed 1/1 original solutions to the transformed problem space

 time | node  | left  |LP iter|LP it/n|mem/heur|mdpt |vars |cons |rows |cuts |sepa|confs|strbr|  dualbound   | primalbound  |  gap   | compl. 
  0.1s|     1 |     0 |   195 |     - |  5221k |   0 | 232 | 137 | 137 |   0 |  0 |   0 |   0 | 7.649866e+03 | 8.090000e+03 |   5.75%| unknown
  0.1s|     1 |     0 |   196 |     - |  5221k |   0 | 232 | 137 | 137 |   0 |  0 |   0 |   0 | 7.650000e+03 | 8.090000e+03 |   5.75%| unknown
  0.1s|     1 |     0 |   196 |     - |  5221k |   0 | 232 | 137 | 137 |   0 |  0 |   0 |   0 | 7.650000e+03 | 8.090000e+03 |   5.75%| unknown
_____________________________________
Now starting branching with general disjunction
Current branching Node number: 1
LP objective value: 7650
Node lower bound: 7683.99
Node upper bound: 8090
gap to the primal bound: 0.0528379
Preck submodel is infeasible, continue branching
Time limit exceeded (1000.04s), stopping submodel solve loop
General disjunction: No feasible solution found, use SCIP default branching rule
 1000s|     1 |     2 |   196 |     - |  5232k |   0 | 232 | 137 | 137 |   0 |  1 |   0 |  65 | 7.683994e+03 | 8.090000e+03 |   5.28%| unknown
_____________________________________
Now starting branching with general disjunction
Current branching Node number: 3
LP objective value: 7664.16
Node lower bound: 7701.48
Node upper bound: 8090
gap to the primal bound: 0.0504476
Preck submodel is infeasible, continue branching
Time limit exceeded (1082.11s), stopping submodel solve loop
General disjunction: No feasible solution found, use SCIP default branching rule
_____________________________________
Now starting branching with general disjunction
Current branching Node number: 5
LP objective value: 7701.48
Node lower bound: 7821.03
Node upper bound: 8090
gap to the primal bound: 0.0504476
Preck submodel is infeasible, continue branching
Time limit exceeded (1789.63s), stopping submodel solve loop
General disjunction: No feasible solution found, use SCIP default branching rule
_____________________________________
Now starting branching with general disjunction
Current branching Node number: 7
LP objective value: 7827.44
Node lower bound: 7915.06
Node upper bound: 8090
gap to the primal bound: 0.0504476
Preck submodel is infeasible, continue branching
Time limit exceeded (1000.03s), stopping submodel solve loop
General disjunction: No feasible solution found, use SCIP default branching rule
_____________________________________
Now starting branching with general disjunction
Current branching Node number: 9
Relpscost reduced domain, skip general disjunction branching
_____________________________________
Now starting branching with general disjunction
Current branching Node number: 9
LP objective value: 7943.97
Node lower bound: 8012.88
Node upper bound: 8090
gap to the primal bound: 0.0504476
Preck submodel is infeasible, continue branching
Time limit exceeded (1073.14s), stopping submodel solve loop
General disjunction: No feasible solution found, use SCIP default branching rule
_____________________________________
Now starting branching with general disjunction
Current branching Node number: 11
Relpscost reduced domain, skip general disjunction branching
_____________________________________
Now starting branching with general disjunction
Current branching Node number: 10
Relpscost reduced domain, skip general disjunction branching
_____________________________________
Now starting branching with general disjunction
Current branching Node number: 2
LP objective value: 7770.54
Node lower bound: 7819.58
Node upper bound: 8090
gap to the primal bound: 0.0504476
Preck submodel is infeasible, continue branching
Time limit exceeded (1323.23s), stopping submodel solve loop
General disjunction: No feasible solution found, use SCIP default branching rule
_____________________________________
Now starting branching with general disjunction
Current branching Node number: 13
LP objective value: 7819.58
Node lower bound: 7864.38
Node upper bound: 8090
gap to the primal bound: 0.0504476
Preck submodel is infeasible, continue branching
Time limit exceeded (1000.03s), stopping submodel solve loop
General disjunction: No feasible solution found, use SCIP default branching rule
_____________________________________
Now starting branching with general disjunction
Current branching Node number: 15
LP objective value: 7855.02
Node lower bound: 7882.85
Node upper bound: 8090
gap to the primal bound: 0.0504476
Preck submodel is infeasible, continue branching
Time limit exceeded (1000.03s), stopping submodel solve loop
General disjunction: No feasible solution found, use SCIP default branching rule
_____________________________________
Now starting branching with general disjunction
Current branching Node number: 17
LP objective value: 7886.29
Node lower bound: 7904.7
Node upper bound: 8090
gap to the primal bound: 0.0504476
Preck submodel is infeasible, continue branching
Time limit exceeded (1000.04s), stopping submodel solve loop
General disjunction: No feasible solution found, use SCIP default branching rule
_____________________________________
Now starting branching with general disjunction
Current branching Node number: 19
LP objective value: 7900.37
Node lower bound: 7904.7
Node upper bound: 8090
gap to the primal bound: 0.0504476
Preck submodel is infeasible, continue branching
Time limit exceeded (1000.04s), stopping submodel solve loop
General disjunction: No feasible solution found, use SCIP default branching rule
_____________________________________
Now starting branching with general disjunction
Current branching Node number: 21
LP objective value: 8015.07
Node lower bound: 8048.78
Node upper bound: 8090
gap to the primal bound: 0.0504476
Preck submodel is infeasible, continue branching
Time limit exceeded (1000.07s), stopping submodel solve loop
General disjunction: No feasible solution found, use SCIP default branching rule
_____________________________________
Now starting branching with general disjunction
Current branching Node number: 23
Relpscost reduced domain, skip general disjunction branching
_____________________________________
Now starting branching with general disjunction
Current branching Node number: 22
Relpscost reduced domain, skip general disjunction branching
_____________________________________
Now starting branching with general disjunction
Current branching Node number: 22
Relpscost reduced domain, skip general disjunction branching
_____________________________________
Now starting branching with general disjunction
Current branching Node number: 4
LP objective value: 7702.33
Node lower bound: 7795.71
Node upper bound: 8090
gap to the primal bound: 0.0377508
Preck submodel is infeasible, continue branching
Time limit exceeded (1000.03s), stopping submodel solve loop
General disjunction: No feasible solution found, use SCIP default branching rule
_____________________________________
Now starting branching with general disjunction
Current branching Node number: 25
LP objective value: 7837.39
Node lower bound: 7905.7
Node upper bound: 8090
gap to the primal bound: 0.0377508
Preck submodel is infeasible, continue branching
Time limit exceeded (1000.03s), stopping submodel solve loop
General disjunction: No feasible solution found, use SCIP default branching rule
_____________________________________
Now starting branching with general disjunction
Current branching Node number: 27
LP objective value: 7896.2
Node lower bound: 7947.78
Node upper bound: 8090
gap to the primal bound: 0.0377508
Preck submodel is infeasible, continue branching
Time limit exceeded (1000.04s), stopping submodel solve loop
General disjunction: No feasible solution found, use SCIP default branching rule
_____________________________________
Now starting branching with general disjunction
Current branching Node number: 29
LP objective value: 7994.68
Node lower bound: 7995.02
Node upper bound: 8090
gap to the primal bound: 0.0377508
Preck submodel is infeasible, continue branching
Time limit exceeded (1000.04s), stopping submodel solve loop
General disjunction: No feasible solution found, use SCIP default branching rule
_____________________________________
Now starting branching with general disjunction
Current branching Node number: 31
Relpscost reduced domain, skip general disjunction branching
_____________________________________
Now starting branching with general disjunction
Current branching Node number: 31
Relpscost reduced domain, skip general disjunction branching
_____________________________________
Now starting branching with general disjunction
Current branching Node number: 30
Relpscost reduced domain, skip general disjunction branching
_____________________________________
Now starting branching with general disjunction
Current branching Node number: 6
LP objective value: 7821.03
Node lower bound: 7827.62
Node upper bound: 8090
gap to the primal bound: 0.0377508
Preck submodel is infeasible, continue branching
Time limit exceeded (1000.03s), stopping submodel solve loop
General disjunction: No feasible solution found, use SCIP default branching rule
_____________________________________
Now starting branching with general disjunction
Current branching Node number: 33
LP objective value: 7875.08
Node lower bound: 7924.75
Node upper bound: 8090
gap to the primal bound: 0.0377508
Preck submodel is infeasible, continue branching
Time limit exceeded (1453.14s), stopping submodel solve loop
General disjunction: No feasible solution found, use SCIP default branching rule
_____________________________________
Now starting branching with general disjunction
Current branching Node number: 35
Relpscost reduced domain, skip general disjunction branching
_____________________________________
Now starting branching with general disjunction
Current branching Node number: 35
LP objective value: 7952.87
Node lower bound: 7985.56
Node upper bound: 8090
gap to the primal bound: 0.0377508
Preck submodel is infeasible, continue branching
Time limit exceeded (1000.04s), stopping submodel solve loop
General disjunction: No feasible solution found, use SCIP default branching rule
_____________________________________
Now starting branching with general disjunction
Current branching Node number: 37
LP objective value: 7987.14
Node lower bound: 7988.14
Node upper bound: 8090
gap to the primal bound: 0.0377508
Preck submodel is infeasible, continue branching
Time limit exceeded (1000.04s), stopping submodel solve loop
General disjunction: No feasible solution found, use SCIP default branching rule
_____________________________________
Now starting branching with general disjunction
Current branching Node number: 39
LP objective value: 8017.96
Node lower bound: 8038.21
Node upper bound: 8090
gap to the primal bound: 0.0377508
Preck submodel is infeasible, continue branching
Time limit exceeded (1904.98s), stopping submodel solve loop
General disjunction: No feasible solution found, use SCIP default branching rule
_____________________________________
Now starting branching with general disjunction
Current branching Node number: 41
Relpscost reduced domain, skip general disjunction branching
_____________________________________
Now starting branching with general disjunction
Current branching Node number: 40
Relpscost reduced domain, skip general disjunction branching
_____________________________________
Now starting branching with general disjunction
Current branching Node number: 8
LP objective value: 7924.86
Node lower bound: 7924.86
Node upper bound: 8090
gap to the primal bound: 0.0377508
Preck submodel is infeasible, continue branching
Time limit exceeded (1000.03s), stopping submodel solve loop
General disjunction: No feasible solution found, use SCIP default branching rule
_____________________________________
Now starting branching with general disjunction
Current branching Node number: 43
LP objective value: 7960.93
Node lower bound: 7960.93
Node upper bound: 8090
gap to the primal bound: 0.0377508
Preck submodel is infeasible, continue branching
Time limit exceeded (1000.04s), stopping submodel solve loop
General disjunction: No feasible solution found, use SCIP default branching rule
_____________________________________
Now starting branching with general disjunction
Current branching Node number: 45
Relpscost reduced domain, skip general disjunction branching
_____________________________________
Now starting branching with general disjunction
Current branching Node number: 45
Relpscost reduced domain, skip general disjunction branching
_____________________________________
Now starting branching with general disjunction
Current branching Node number: 44
Relpscost reduced domain, skip general disjunction branching
_____________________________________
Now starting branching with general disjunction
Current branching Node number: 20
Relpscost reduced domain, skip general disjunction branching
_____________________________________
Now starting branching with general disjunction
Current branching Node number: 20
LP objective value: 7957.68
Node lower bound: 7994.14
Node upper bound: 8090
gap to the primal bound: 0.0377508
Preck submodel is infeasible, continue branching
Time limit exceeded (1906.61s), stopping submodel solve loop
General disjunction: No feasible solution found, use SCIP default branching rule
_____________________________________
Now starting branching with general disjunction
Current branching Node number: 47
Relpscost reduced domain, skip general disjunction branching
_____________________________________
Now starting branching with general disjunction
Current branching Node number: 47
Relpscost reduced domain, skip general disjunction branching
_____________________________________
Now starting branching with general disjunction
Current branching Node number: 46
Relpscost reduced domain, skip general disjunction branching
_____________________________________
Now starting branching with general disjunction
Current branching Node number: 46
LP objective value: 7994.6
Node lower bound: 8008.3
Node upper bound: 8090
gap to the primal bound: 0.0377508
Preck submodel is infeasible, continue branching
Time limit exceeded (1020.67s), stopping submodel solve loop
General disjunction: No feasible solution found, use SCIP default branching rule
_____________________________________
Now starting branching with general disjunction
Current branching Node number: 49
Relpscost reduced domain, skip general disjunction branching
_____________________________________
Now starting branching with general disjunction
Current branching Node number: 49
Relpscost reduced domain, skip general disjunction branching
_____________________________________
Now starting branching with general disjunction
Current branching Node number: 48
Relpscost reduced domain, skip general disjunction branching
_____________________________________
Now starting branching with general disjunction
Current branching Node number: 48
LP objective value: 8048.07
Node lower bound: 8048.07
Node upper bound: 8090
gap to the primal bound: 0.0377508
Preck submodel is infeasible, continue branching
Time limit exceeded (1000.07s), stopping submodel solve loop
General disjunction: No feasible solution found, use SCIP default branching rule
_____________________________________
Now starting branching with general disjunction
Current branching Node number: 51
LP objective value: 8070.89
Node lower bound: 8070.89
Node upper bound: 8090
gap to the primal bound: 0.0377508
Preck submodel is infeasible, continue branching
Time limit exceeded (1000.07s), stopping submodel solve loop
General disjunction: No feasible solution found, use SCIP default branching rule
_____________________________________
Now starting branching with general disjunction
Current branching Node number: 52
Relpscost reduced domain, skip general disjunction branching
_____________________________________
Now starting branching with general disjunction
Current branching Node number: 52
LP objective value: 8085.25
Node lower bound: 8085.25
Node upper bound: 8090
gap to the primal bound: 0.0377508
Preck submodel is infeasible, continue branching
General disjunction: Infeasible disjunction
_____________________________________
Now starting branching with general disjunction
Current branching Node number: 24
LP objective value: 7795.71
Node lower bound: 7826.23
Node upper bound: 8090
gap to the primal bound: 0.0342981
Preck submodel is infeasible, continue branching
Time limit exceeded (1000.03s), stopping submodel solve loop
General disjunction: No feasible solution found, use SCIP default branching rule
_____________________________________
Now starting branching with general disjunction
Current branching Node number: 55
LP objective value: 7839.25
Node lower bound: 7839.25
Node upper bound: 8090
gap to the primal bound: 0.0342981
Preck submodel is infeasible, continue branching
Time limit exceeded (1000.03s), stopping submodel solve loop
General disjunction: No feasible solution found, use SCIP default branching rule
_____________________________________
Now starting branching with general disjunction
Current branching Node number: 57
LP objective value: 7907.25
Node lower bound: 7946.14
Node upper bound: 8090
gap to the primal bound: 0.0342981
Preck submodel is infeasible, continue branching
Time limit exceeded (1000.04s), stopping submodel solve loop
General disjunction: No feasible solution found, use SCIP default branching rule
_____________________________________
Now starting branching with general disjunction
Current branching Node number: 59
LP objective value: 7946.14
Node lower bound: 7946.14
Node upper bound: 8090
gap to the primal bound: 0.0342981
Preck submodel is infeasible, continue branching
Time limit exceeded (1000.07s), stopping submodel solve loop
General disjunction: No feasible solution found, use SCIP default branching rule
_____________________________________
Now starting branching with general disjunction
Current branching Node number: 61
Relpscost reduced domain, skip general disjunction branching
_____________________________________
Now starting branching with general disjunction
Current branching Node number: 61
Relpscost reduced domain, skip general disjunction branching
_____________________________________
Now starting branching with general disjunction
Current branching Node number: 61
LP objective value: 8045.22
Node lower bound: 8052.57
Node upper bound: 8090
gap to the primal bound: 0.0342981
Preck submodel is infeasible, continue branching
Time limit exceeded (1631.05s), stopping submodel solve loop
General disjunction: No feasible solution found, use SCIP default branching rule
_____________________________________
Now starting branching with general disjunction
Current branching Node number: 63
Relpscost reduced domain, skip general disjunction branching
_____________________________________
Now starting branching with general disjunction
Current branching Node number: 62
LP objective value: 8059.85
Node lower bound: 8059.85
Node upper bound: 8090
gap to the primal bound: 0.0342981
Preck submodel is infeasible, continue branching
General disjunction: Infeasible disjunction
_____________________________________
Now starting branching with general disjunction
Current branching Node number: 50
Relpscost reduced domain, skip general disjunction branching
_____________________________________
Now starting branching with general disjunction
Current branching Node number: 50
Relpscost reduced domain, skip general disjunction branching
_____________________________________
Now starting branching with general disjunction
Current branching Node number: 16
LP objective value: 7929.14
Node lower bound: 7932.26
Node upper bound: 8090
gap to the primal bound: 0.0342981
Preck submodel is infeasible, continue branching
Time limit exceeded (1000.04s), stopping submodel solve loop
General disjunction: No feasible solution found, use SCIP default branching rule
_____________________________________
Now starting branching with general disjunction
Current branching Node number: 65
Relpscost reduced domain, skip general disjunction branching
_____________________________________
Now starting branching with general disjunction
Current branching Node number: 65
Relpscost reduced domain, skip general disjunction branching
_____________________________________
Now starting branching with general disjunction
Current branching Node number: 65
LP objective value: 8051.18
Node lower bound: 8051.18
Node upper bound: 8090
gap to the primal bound: 0.0342981
Preck submodel is infeasible, continue branching
Time limit exceeded (1000.08s), stopping submodel solve loop
General disjunction: No feasible solution found, use SCIP default branching rule
_____________________________________
Now starting branching with general disjunction
Current branching Node number: 67
LP objective value: 8084.95
Node lower bound: 8084.95
Node upper bound: 8090
gap to the primal bound: 0.0342981
Preck submodel is infeasible, continue branching
General disjunction: Infeasible disjunction
_____________________________________
Now starting branching with general disjunction
Current branching Node number: 66
LP objective value: 8084.3
Node lower bound: 8084.3
Node upper bound: 8090
gap to the primal bound: 0.0342981
Preck submodel is infeasible, continue branching
General disjunction: Infeasible disjunction
_____________________________________
Now starting branching with general disjunction
Current branching Node number: 18
LP objective value: 7920.01
Node lower bound: 7920.01
Node upper bound: 8090
gap to the primal bound: 0.0342981
Preck submodel is infeasible, continue branching
Time limit exceeded (1000.04s), stopping submodel solve loop
General disjunction: No feasible solution found, use SCIP default branching rule
_____________________________________
Now starting branching with general disjunction
Current branching Node number: 69
Relpscost reduced domain, skip general disjunction branching
_____________________________________
Now starting branching with general disjunction
Current branching Node number: 69
LP objective value: 8020.46
Node lower bound: 8020.46
Node upper bound: 8090
gap to the primal bound: 0.0342981
Preck submodel is infeasible, continue branching
Time limit exceeded (1243.32s), stopping submodel solve loop
General disjunction: No feasible solution found, use SCIP default branching rule
_____________________________________
Now starting branching with general disjunction
Current branching Node number: 71
Relpscost reduced domain, skip general disjunction branching
_____________________________________
Now starting branching with general disjunction
Current branching Node number: 68
Relpscost reduced domain, skip general disjunction branching
_____________________________________
Now starting branching with general disjunction
Current branching Node number: 68
LP objective value: 7943.25
Node lower bound: 7950.54
Node upper bound: 8090
gap to the primal bound: 0.0342981
Preck submodel is infeasible, continue branching
Time limit exceeded (1000.04s), stopping submodel solve loop
General disjunction: No feasible solution found, use SCIP default branching rule
_____________________________________
Now starting branching with general disjunction
Current branching Node number: 73
Relpscost reduced domain, skip general disjunction branching
_____________________________________
Now starting branching with general disjunction
Current branching Node number: 73
LP objective value: 7991.46
Node lower bound: 7992.29
Node upper bound: 8090
gap to the primal bound: 0.0342981
Preck submodel is infeasible, continue branching
Time limit exceeded (1000.11s), stopping submodel solve loop
General disjunction: No feasible solution found, use SCIP default branching rule
_____________________________________
Now starting branching with general disjunction
Current branching Node number: 75
LP objective value: 8080.86
Node lower bound: 8080.86
Node upper bound: 8090
gap to the primal bound: 0.0342981
Preck submodel is infeasible, continue branching
General disjunction: Infeasible disjunction
_____________________________________
Now starting branching with general disjunction
Current branching Node number: 74
LP objective value: 8000.57
Node lower bound: 8000.57
Node upper bound: 8090
gap to the primal bound: 0.0342981
Preck submodel is infeasible, continue branching
Time limit exceeded (1000.06s), stopping submodel solve loop
General disjunction: No feasible solution found, use SCIP default branching rule
_____________________________________
Now starting branching with general disjunction
Current branching Node number: 77
LP objective value: 8001
Node lower bound: 8001
Node upper bound: 8090
gap to the primal bound: 0.0342981
Preck submodel is infeasible, continue branching
Time limit exceeded (1000.05s), stopping submodel solve loop
General disjunction: No feasible solution found, use SCIP default branching rule
_____________________________________
Now starting branching with general disjunction
Current branching Node number: 79
LP objective value: 8050.88
Node lower bound: 8050.88
Node upper bound: 8090
gap to the primal bound: 0.0342981
Preck submodel is infeasible, continue branching
Time limit exceeded (1000.13s), stopping submodel solve loop
General disjunction: No feasible solution found, use SCIP default branching rule
_____________________________________
Now starting branching with general disjunction
Current branching Node number: 81
LP objective value: 8086.46
Node lower bound: 8086.46
Node upper bound: 8090
gap to the primal bound: 0.0342981
Preck submodel is infeasible, continue branching
General disjunction: Only Left constraint added:
_____________________________________
Now starting branching with general disjunction
Current branching Node number: 81
LP objective value: 8087
Node lower bound: 8087
Node upper bound: 8090
gap to the primal bound: 0.0342981
Preck submodel is infeasible, continue branching
General disjunction: Infeasible disjunction
_____________________________________
Now starting branching with general disjunction
Current branching Node number: 80
Relpscost reduced domain, skip general disjunction branching
_____________________________________
Now starting branching with general disjunction
Current branching Node number: 80
LP objective value: 8057.45
Node lower bound: 8057.45
Node upper bound: 8090
gap to the primal bound: 0.0342981
Preck submodel is infeasible, continue branching
Time limit exceeded (1000.1s), stopping submodel solve loop
General disjunction: No feasible solution found, use SCIP default branching rule
_____________________________________
Now starting branching with general disjunction
Current branching Node number: 83
Relpscost reduced domain, skip general disjunction branching
_____________________________________
Now starting branching with general disjunction
Current branching Node number: 83
Relpscost reduced domain, skip general disjunction branching
_____________________________________
Now starting branching with general disjunction
Current branching Node number: 83
LP objective value: 8067.5
Node lower bound: 8067.5
Node upper bound: 8090
gap to the primal bound: 0.0342981
Preck submodel is infeasible, continue branching
Time limit exceeded (1000.09s), stopping submodel solve loop
General disjunction: No feasible solution found, use SCIP default branching rule
_____________________________________
Now starting branching with general disjunction
Current branching Node number: 85
Relpscost reduced domain, skip general disjunction branching
_____________________________________
Now starting branching with general disjunction
Current branching Node number: 85
LP objective value: 8073.17
Node lower bound: 8073.17
Node upper bound: 8090
gap to the primal bound: 0.0342981
Preck submodel is infeasible, continue branching
Time limit exceeded (1000.11s), stopping submodel solve loop
General disjunction: No feasible solution found, use SCIP default branching rule
_____________________________________
Now starting branching with general disjunction
Current branching Node number: 86
LP objective value: 8073.67
Node lower bound: 8073.67
Node upper bound: 8090
gap to the primal bound: 0.0342981
Preck submodel is infeasible, continue branching
Time limit exceeded (1000.14s), stopping submodel solve loop
General disjunction: No feasible solution found, use SCIP default branching rule
_____________________________________
Now starting branching with general disjunction
Current branching Node number: 88
Relpscost reduced domain, skip general disjunction branching
_____________________________________
Now starting branching with general disjunction
Current branching Node number: 88
LP objective value: 8087.33
Node lower bound: 8087.33
Node upper bound: 8090
gap to the primal bound: 0.0342981
Preck submodel is infeasible, continue branching
General disjunction: Infeasible disjunction
_____________________________________
Now starting branching with general disjunction
Current branching Node number: 12
LP objective value: 7887.94
Node lower bound: 7887.94
Node upper bound: 8090
gap to the primal bound: 0.0337031
Preck submodel is infeasible, continue branching
Time limit exceeded (1446.94s), stopping submodel solve loop
General disjunction: No feasible solution found, use SCIP default branching rule
_____________________________________
Now starting branching with general disjunction
Current branching Node number: 91
LP objective value: 7955.87
Node lower bound: 7957.43
Node upper bound: 8090
gap to the primal bound: 0.0337031
Preck submodel is infeasible, continue branching
Time limit exceeded (1038.11s), stopping submodel solve loop
General disjunction: No feasible solution found, use SCIP default branching rule
_____________________________________
Now starting branching with general disjunction
Current branching Node number: 93
LP objective value: 7956.71
Node lower bound: 7958.39
Node upper bound: 8090
gap to the primal bound: 0.0337031
Preck submodel is infeasible, continue branching
Time limit exceeded (1000.06s), stopping submodel solve loop
General disjunction: No feasible solution found, use SCIP default branching rule
_____________________________________
Now starting branching with general disjunction
Current branching Node number: 95
Relpscost reduced domain, skip general disjunction branching
_____________________________________
Now starting branching with general disjunction
Current branching Node number: 95
Relpscost reduced domain, skip general disjunction branching
_____________________________________
Now starting branching with general disjunction
Current branching Node number: 95
LP objective value: 8016.08
Node lower bound: 8027.55
Node upper bound: 8090
gap to the primal bound: 0.0337031
Preck submodel is infeasible, continue branching
Time limit exceeded (1000.05s), stopping submodel solve loop
General disjunction: No feasible solution found, use SCIP default branching rule
_____________________________________
Now starting branching with general disjunction
Current branching Node number: 96
LP objective value: 8043.26
Node lower bound: 8043.26
Node upper bound: 8090
gap to the primal bound: 0.0337031
Preck submodel is infeasible, continue branching
Time limit exceeded (1000.06s), stopping submodel solve loop
General disjunction: No feasible solution found, use SCIP default branching rule
_____________________________________
Now starting branching with general disjunction
Current branching Node number: 99
LP objective value: 8065.54
Node lower bound: 8065.54
Node upper bound: 8090
gap to the primal bound: 0.0337031
Preck submodel is infeasible, continue branching
General disjunction: Infeasible disjunction
_____________________________________
Now starting branching with general disjunction
Current branching Node number: 78
LP objective value: 8002.32
Node lower bound: 8055.28
Node upper bound: 8090
gap to the primal bound: 0.0337031
Preck submodel is infeasible, continue branching
Time limit exceeded (1000.06s), stopping submodel solve loop
General disjunction: No feasible solution found, use SCIP default branching rule
_____________________________________
Now starting branching with general disjunction
Current branching Node number: 101
Relpscost reduced domain, skip general disjunction branching
_____________________________________
Now starting branching with general disjunction
Current branching Node number: 101
LP objective value: 8061.07
Node lower bound: 8066
Node upper bound: 8090
gap to the primal bound: 0.0337031
Preck submodel is infeasible, continue branching
General disjunction: Infeasible disjunction
_____________________________________
Now starting branching with general disjunction
Current branching Node number: 100
Relpscost reduced domain, skip general disjunction branching
_____________________________________
Now starting branching with general disjunction
Current branching Node number: 76
LP objective value: 8004.22
Node lower bound: 8004.22
Node upper bound: 8090
gap to the primal bound: 0.0337031
Preck submodel is infeasible, continue branching
Time limit exceeded (1000.07s), stopping submodel solve loop
General disjunction: No feasible solution found, use SCIP default branching rule
_____________________________________
Now starting branching with general disjunction
Current branching Node number: 103
Relpscost reduced domain, skip general disjunction branching
_____________________________________
Now starting branching with general disjunction
Current branching Node number: 103
Relpscost reduced domain, skip general disjunction branching
_____________________________________
Now starting branching with general disjunction
Current branching Node number: 103
LP objective value: 8063.77
Node lower bound: 8063.77
Node upper bound: 8090
gap to the primal bound: 0.0337031
Preck submodel is infeasible, continue branching
General disjunction: Infeasible disjunction
_____________________________________
Now starting branching with general disjunction
Current branching Node number: 102
Relpscost reduced domain, skip general disjunction branching
_____________________________________
Now starting branching with general disjunction
Current branching Node number: 72
Relpscost reduced domain, skip general disjunction branching
_____________________________________
Now starting branching with general disjunction
Current branching Node number: 72
LP objective value: 7982.02
Node lower bound: 7982.02
Node upper bound: 8090
gap to the primal bound: 0.0337031
Preck submodel is infeasible, continue branching
Time limit exceeded (1000.05s), stopping submodel solve loop
General disjunction: No feasible solution found, use SCIP default branching rule
_____________________________________
Now starting branching with general disjunction
Current branching Node number: 105
Relpscost reduced domain, skip general disjunction branching
_____________________________________
Now starting branching with general disjunction
Current branching Node number: 104
LP objective value: 8045.94
Node lower bound: 8045.94
Node upper bound: 8090
gap to the primal bound: 0.0337031
Preck submodel is infeasible, continue branching
Time limit exceeded (1000.11s), stopping submodel solve loop
General disjunction: No feasible solution found, use SCIP default branching rule
_____________________________________
Now starting branching with general disjunction
Current branching Node number: 107
LP objective value: 8082.79
Node lower bound: 8082.79
Node upper bound: 8090
gap to the primal bound: 0.0337031
Preck submodel is infeasible, continue branching
General disjunction: Only Right constraint added:
_____________________________________
Now starting branching with general disjunction
Current branching Node number: 107
LP objective value: 8085.99
Node lower bound: 8085.99
Node upper bound: 8090
gap to the primal bound: 0.0337031
Preck submodel is infeasible, continue branching
General disjunction: Only Right constraint added:
_____________________________________
Now starting branching with general disjunction
Current branching Node number: 107
Relpscost reduced domain, skip general disjunction branching
_____________________________________
Now starting branching with general disjunction
Current branching Node number: 106
Relpscost reduced domain, skip general disjunction branching
_____________________________________
Now starting branching with general disjunction
Current branching Node number: 106
Relpscost reduced domain, skip general disjunction branching
_____________________________________
Now starting branching with general disjunction
Current branching Node number: 14
LP objective value: 7902.67
Node lower bound: 7909.73
Node upper bound: 8090
gap to the primal bound: 0.0337031
Preck submodel is infeasible, continue branching
Time limit exceeded (1405.83s), stopping submodel solve loop
General disjunction: No feasible solution found, use SCIP default branching rule
_____________________________________
Now starting branching with general disjunction
Current branching Node number: 109
LP objective value: 7953.33
Node lower bound: 7953.33
Node upper bound: 8090
gap to the primal bound: 0.0337031
Preck submodel is infeasible, continue branching
Time limit exceeded (1000.03s), stopping submodel solve loop
General disjunction: No feasible solution found, use SCIP default branching rule
_____________________________________
Now starting branching with general disjunction
Current branching Node number: 111
Relpscost reduced domain, skip general disjunction branching
_____________________________________
Now starting branching with general disjunction
Current branching Node number: 111
LP objective value: 8040.45
Node lower bound: 8040.45
Node upper bound: 8090
gap to the primal bound: 0.0337031
Preck submodel is infeasible, continue branching
Time limit exceeded (1000.07s), stopping submodel solve loop
General disjunction: No feasible solution found, use SCIP default branching rule
_____________________________________
Now starting branching with general disjunction
Current branching Node number: 112
LP objective value: 8084.86
Node lower bound: 8084.86
Node upper bound: 8090
gap to the primal bound: 0.0337031
Preck submodel is infeasible, continue branching
General disjunction: Only Left constraint added:
_____________________________________
Now starting branching with general disjunction
Current branching Node number: 112
LP objective value: 8085
Node lower bound: 8085
Node upper bound: 8090
gap to the primal bound: 0.0337031
Preck submodel is infeasible, continue branching
General disjunction: Infeasible disjunction
_____________________________________
Now starting branching with general disjunction
Current branching Node number: 110
LP objective value: 8014.36
Node lower bound: 8014.36
Node upper bound: 8090
gap to the primal bound: 0.0337031
Preck submodel is infeasible, continue branching
Time limit exceeded (1408.58s), stopping submodel solve loop
General disjunction: No feasible solution found, use SCIP default branching rule
_____________________________________
Now starting branching with general disjunction
Current branching Node number: 115
LP objective value: 8042.72
Node lower bound: 8042.72
Node upper bound: 8090
gap to the primal bound: 0.0337031
Preck submodel is infeasible, continue branching
Time limit exceeded (1000.05s), stopping submodel solve loop
General disjunction: No feasible solution found, use SCIP default branching rule
_____________________________________
Now starting branching with general disjunction
Current branching Node number: 117
Relpscost reduced domain, skip general disjunction branching
_____________________________________
Now starting branching with general disjunction
Current branching Node number: 117
LP objective value: 8086.21
Node lower bound: 8086.21
Node upper bound: 8090
gap to the primal bound: 0.0337031
Preck submodel is infeasible, continue branching
General disjunction: Only Left constraint added:
_____________________________________
Now starting branching with general disjunction
Current branching Node number: 117
LP objective value: 8087
Node lower bound: 8087
Node upper bound: 8090
gap to the primal bound: 0.0337031
Preck submodel is infeasible, continue branching
General disjunction: Infeasible disjunction
_____________________________________
Now starting branching with general disjunction
Current branching Node number: 116
LP objective value: 8075.03
Node lower bound: 8075.03
Node upper bound: 8090
gap to the primal bound: 0.0337031
Preck submodel is infeasible, continue branching
General disjunction: Infeasible disjunction
 1077m|   100 |    17 |  9996 |  99.0 |  5927k |  15 | 232 | 137 | 137 |   0 |  1 |   0 | 442 | 7.826231e+03 | 8.090000e+03 |   3.37%|  33.84%
_____________________________________
Now starting branching with general disjunction
Current branching Node number: 54
LP objective value: 7876.6
Node lower bound: 7876.6
Node upper bound: 8090
gap to the primal bound: 0.0335201
Preck submodel is infeasible, continue branching
Time limit exceeded (1000.04s), stopping submodel solve loop
General disjunction: No feasible solution found, use SCIP default branching rule
_____________________________________
Now starting branching with general disjunction
Current branching Node number: 119
LP objective value: 7906.41
Node lower bound: 7906.41
Node upper bound: 8090
gap to the primal bound: 0.0335201
Preck submodel is infeasible, continue branching
Time limit exceeded (1572.5s), stopping submodel solve loop
General disjunction: No feasible solution found, use SCIP default branching rule
_____________________________________
Now starting branching with general disjunction
Current branching Node number: 121
LP objective value: 7942.39
Node lower bound: 7996.79
Node upper bound: 8090
gap to the primal bound: 0.0335201
Preck submodel is infeasible, continue branching
Time limit exceeded (1000.05s), stopping submodel solve loop
General disjunction: No feasible solution found, use SCIP default branching rule
_____________________________________
Now starting branching with general disjunction
Current branching Node number: 123
Relpscost reduced domain, skip general disjunction branching
_____________________________________
Now starting branching with general disjunction
Current branching Node number: 123
LP objective value: 8028.32
Node lower bound: 8032.58
Node upper bound: 8090
gap to the primal bound: 0.0335201
Preck submodel is infeasible, continue branching
Time limit exceeded (1252.91s), stopping submodel solve loop
General disjunction: No feasible solution found, use SCIP default branching rule
_____________________________________
Now starting branching with general disjunction
Current branching Node number: 125
Relpscost reduced domain, skip general disjunction branching
_____________________________________
Now starting branching with general disjunction
Current branching Node number: 64
LP objective value: 7974.02
Node lower bound: 8016.16
Node upper bound: 8090
gap to the primal bound: 0.0335201
Preck submodel is infeasible, continue branching
Time limit exceeded (1000.04s), stopping submodel solve loop
General disjunction: No feasible solution found, use SCIP default branching rule
_____________________________________
Now starting branching with general disjunction
Current branching Node number: 127
Relpscost reduced domain, skip general disjunction branching
_____________________________________
Now starting branching with general disjunction
Current branching Node number: 127
LP objective value: 8068.58
Node lower bound: 8068.58
Node upper bound: 8090
gap to the primal bound: 0.0335201
Preck submodel is infeasible, continue branching
General disjunction: Infeasible disjunction
_____________________________________
Now starting branching with general disjunction
Current branching Node number: 126
LP objective value: 8033.29
Node lower bound: 8034.77
Node upper bound: 8090
gap to the primal bound: 0.0335201
Preck submodel is infeasible, continue branching
Time limit exceeded (1000.07s), stopping submodel solve loop
General disjunction: No feasible solution found, use SCIP default branching rule
_____________________________________
Now starting branching with general disjunction
Current branching Node number: 129
LP objective value: 8076.6
Node lower bound: 8076.6
Node upper bound: 8090
gap to the primal bound: 0.0335201
Preck submodel is infeasible, continue branching
General disjunction: Infeasible disjunction
_____________________________________
Now starting branching with general disjunction
Current branching Node number: 128
Relpscost reduced domain, skip general disjunction branching
_____________________________________
Now starting branching with general disjunction
Current branching Node number: 60
LP objective value: 7973.71
Node lower bound: 7997.96
Node upper bound: 8090
gap to the primal bound: 0.0335201
Preck submodel is infeasible, continue branching
Time limit exceeded (1000.04s), stopping submodel solve loop
General disjunction: No feasible solution found, use SCIP default branching rule
_____________________________________
Now starting branching with general disjunction
Current branching Node number: 131
Relpscost reduced domain, skip general disjunction branching
_____________________________________
Now starting branching with general disjunction
Current branching Node number: 131
LP objective value: 8001.05
Node lower bound: 8024.65
Node upper bound: 8090
gap to the primal bound: 0.0335201
Preck submodel is infeasible, continue branching
Time limit exceeded (1000.07s), stopping submodel solve loop
General disjunction: No feasible solution found, use SCIP default branching rule
_____________________________________
Now starting branching with general disjunction
Current branching Node number: 133
Relpscost reduced domain, skip general disjunction branching
_____________________________________
Now starting branching with general disjunction
Current branching Node number: 132
LP objective value: 8014.8
Node lower bound: 8024.65
Node upper bound: 8090
gap to the primal bound: 0.0335201
Preck submodel is infeasible, continue branching
Time limit exceeded (1686.97s), stopping submodel solve loop
General disjunction: No feasible solution found, use SCIP default branching rule
_____________________________________
Now starting branching with general disjunction
Current branching Node number: 135
LP objective value: 8075.76
Node lower bound: 8075.76
Node upper bound: 8090
gap to the primal bound: 0.0335201
Preck submodel is infeasible, continue branching
General disjunction: Infeasible disjunction
_____________________________________
Now starting branching with general disjunction
Current branching Node number: 134
LP objective value: 8057.46
Node lower bound: 8057.46
Node upper bound: 8090
gap to the primal bound: 0.0335201
Preck submodel is infeasible, continue branching
Time limit exceeded (1000.07s), stopping submodel solve loop
General disjunction: No feasible solution found, use SCIP default branching rule
_____________________________________
Now starting branching with general disjunction
Current branching Node number: 137
Relpscost reduced domain, skip general disjunction branching
_____________________________________
Now starting branching with general disjunction
Current branching Node number: 136
LP objective value: 8085.18
Node lower bound: 8085.18
Node upper bound: 8090
gap to the primal bound: 0.0335201
Preck submodel is infeasible, continue branching
General disjunction: Only Left constraint added:
_____________________________________
Now starting branching with general disjunction
Current branching Node number: 136
LP objective value: 8086
Node lower bound: 8086
Node upper bound: 8090
gap to the primal bound: 0.0335201
Preck submodel is infeasible, continue branching
General disjunction: Infeasible disjunction
_____________________________________
Now starting branching with general disjunction
Current branching Node number: 32
LP objective value: 7854.91
Node lower bound: 7894.72
Node upper bound: 8090
gap to the primal bound: 0.0319867
Preck submodel is infeasible, continue branching
Time limit exceeded (1441.71s), stopping submodel solve loop
General disjunction: No feasible solution found, use SCIP default branching rule
_____________________________________
Now starting branching with general disjunction
Current branching Node number: 139
LP objective value: 7886.87
Node lower bound: 7894.72
Node upper bound: 8090
gap to the primal bound: 0.0319867
Preck submodel is infeasible, continue branching
Time limit exceeded (1000.05s), stopping submodel solve loop
General disjunction: No feasible solution found, use SCIP default branching rule
_____________________________________
Now starting branching with general disjunction
Current branching Node number: 140
LP objective value: 7975.94
Node lower bound: 7975.94
Node upper bound: 8090
gap to the primal bound: 0.0319867
Preck submodel is infeasible, continue branching
Time limit exceeded (1000.06s), stopping submodel solve loop
General disjunction: No feasible solution found, use SCIP default branching rule
_____________________________________
Now starting branching with general disjunction
Current branching Node number: 143
Relpscost reduced domain, skip general disjunction branching
_____________________________________
Now starting branching with general disjunction
Current branching Node number: 143
LP objective value: 8085.14
Node lower bound: 8085.14
Node upper bound: 8090
gap to the primal bound: 0.0319867
Preck submodel is infeasible, continue branching
General disjunction: Infeasible disjunction
_____________________________________
Now starting branching with general disjunction
Current branching Node number: 142
LP objective value: 7995.87
Node lower bound: 7995.87
Node upper bound: 8090
gap to the primal bound: 0.0319867
Preck submodel is infeasible, continue branching
Time limit exceeded (1000.06s), stopping submodel solve loop
General disjunction: No feasible solution found, use SCIP default branching rule
_____________________________________
Now starting branching with general disjunction
Current branching Node number: 145
Relpscost reduced domain, skip general disjunction branching
_____________________________________
Now starting branching with general disjunction
Current branching Node number: 145
Relpscost reduced domain, skip general disjunction branching
_____________________________________
Now starting branching with general disjunction
Current branching Node number: 145
LP objective value: 8088.65
Node lower bound: 8088.65
Node upper bound: 8090
gap to the primal bound: 0.0319867
Preck submodel is infeasible, continue branching
General disjunction: Only Left constraint added:
_____________________________________
Now starting branching with general disjunction
Current branching Node number: 145
LP objective value: 8089
Node lower bound: 8089
Node upper bound: 8090
gap to the primal bound: 0.0319867
Preck submodel is infeasible, continue branching
General disjunction: No feasible solution found, use SCIP default branching rule
_____________________________________
Now starting branching with general disjunction
Current branching Node number: 146
LP objective value: 8089
Node lower bound: 8089
Node upper bound: 8090
gap to the primal bound: 0.0319867
Preck submodel is infeasible, continue branching
General disjunction: No feasible solution found, use SCIP default branching rule
_____________________________________
Now starting branching with general disjunction
Current branching Node number: 56
LP objective value: 7893.19
Node lower bound: 7945.16
Node upper bound: 8090
gap to the primal bound: 0.0270929
Preck submodel is infeasible, continue branching
Time limit exceeded (1000.04s), stopping submodel solve loop
General disjunction: No feasible solution found, use SCIP default branching rule
_____________________________________
Now starting branching with general disjunction
Current branching Node number: 151
LP objective value: 7932.47
Node lower bound: 7945.16
Node upper bound: 8090
gap to the primal bound: 0.0270929
Preck submodel is infeasible, continue branching
Time limit exceeded (1000.04s), stopping submodel solve loop
General disjunction: No feasible solution found, use SCIP default branching rule
_____________________________________
Now starting branching with general disjunction
Current branching Node number: 153
LP objective value: 7956.78
Node lower bound: 7956.78
Node upper bound: 8090
gap to the primal bound: 0.0270929
Preck submodel is infeasible, continue branching
Time limit exceeded (1655.34s), stopping submodel solve loop
General disjunction: No feasible solution found, use SCIP default branching rule
_____________________________________
Now starting branching with general disjunction
Current branching Node number: 155
LP objective value: 7970.59
Node lower bound: 7991.94
Node upper bound: 8090
gap to the primal bound: 0.0270929
Preck submodel is infeasible, continue branching
Time limit exceeded (1000.06s), stopping submodel solve loop
General disjunction: No feasible solution found, use SCIP default branching rule
_____________________________________
Now starting branching with general disjunction
Current branching Node number: 157
LP objective value: 8014.84
Node lower bound: 8014.84
Node upper bound: 8090
gap to the primal bound: 0.0270929
Preck submodel is infeasible, continue branching
Time limit exceeded (1000.05s), stopping submodel solve loop
General disjunction: No feasible solution found, use SCIP default branching rule
_____________________________________
Now starting branching with general disjunction
Current branching Node number: 159
LP objective value: 8062.06
Node lower bound: 8062.06
Node upper bound: 8090
gap to the primal bound: 0.0270929
Preck submodel is infeasible, continue branching
General disjunction: Only Right constraint added:
_____________________________________
Now starting branching with general disjunction
Current branching Node number: 159
LP objective value: 8088.43
Node lower bound: 8088.43
Node upper bound: 8090
gap to the primal bound: 0.0270929
Preck submodel is infeasible, continue branching
General disjunction: Only Left constraint added:
_____________________________________
Now starting branching with general disjunction
Current branching Node number: 159
LP objective value: 8089
Node lower bound: 8089
Node upper bound: 8090
gap to the primal bound: 0.0270929
Preck submodel is infeasible, continue branching
General disjunction: No feasible solution found, use SCIP default branching rule
_____________________________________
Now starting branching with general disjunction
Current branching Node number: 144
LP objective value: 8044.05
Node lower bound: 8044.05
Node upper bound: 8090
gap to the primal bound: 0.0270929
Preck submodel is infeasible, continue branching
Time limit exceeded (1000.14s), stopping submodel solve loop
General disjunction: No feasible solution found, use SCIP default branching rule

SCIP Status        : solving was interrupted [time limit reached]
Solving Time (sec) : 87303.56
Solving Nodes      : 140
Primal Bound       : +8.09000000000000e+03 (1 solutions)
Dual Bound         : +7.87660026619343e+03
Gap                : 2.71 %

primal solution:
================

objective value:                                 8090
X00001                                              1 	(obj:0)
X00009                                              1 	(obj:0)
X00013                                              1 	(obj:0)
X00029                                              1 	(obj:0)
X00033                                              1 	(obj:0)
X00045                                              1 	(obj:0)
X00049                                              1 	(obj:0)
X00055                                              1 	(obj:0)
X00068                                              1 	(obj:0)
X00074                                              1 	(obj:0)
X00075                                              1 	(obj:0)
X00086                                              1 	(obj:0)
X00094                                              1 	(obj:0)
X00095                                              1 	(obj:0)
X00097                                              1 	(obj:0)
X00098                              0.999999999999999 	(obj:0)
X00099                              0.999999999999999 	(obj:0)
X00115                                              1 	(obj:0)
X00121                                              1 	(obj:0)
X00127                                              1 	(obj:0)
X00128                                              1 	(obj:0)
X00132                                              1 	(obj:0)
X00141                                              1 	(obj:0)
X00157                                              1 	(obj:0)
X00170                                              1 	(obj:0)
X00171                                              1 	(obj:0)
X00182                                              1 	(obj:0)
X00183                                              1 	(obj:0)
X00194                                              1 	(obj:0)
X00195                                              1 	(obj:0)
X00204                                              1 	(obj:0)
X00206                                              1 	(obj:0)
X00208                                              1 	(obj:0)
X00212                                              1 	(obj:0)
X00214                                              1 	(obj:0)
X00222                                              1 	(obj:0)
X00223                                              1 	(obj:0)
X00231                                              1 	(obj:0)
X00239                                              1 	(obj:0)
X00241                                              3 	(obj:0)
X00242                                              1 	(obj:0)
X00245                                              1 	(obj:0)
X00247                                              1 	(obj:0)
X00249                                              3 	(obj:0)
X00275                                              1 	(obj:0)
X00277                                              1 	(obj:0)
X00278                              0.999999999999999 	(obj:0)
X00286                                              1 	(obj:0)
X00288                              0.999999999999999 	(obj:0)
X00292                                              1 	(obj:0)
X00295                                              1 	(obj:0)
X00297                              0.999999999999999 	(obj:0)
X00300                                              2 	(obj:0)
X00303                                              1 	(obj:0)
X00304                                              1 	(obj:0)
X00306                                              1 	(obj:0)
X00320                                              1 	(obj:0)
X00321                                              1 	(obj:0)
X00322                                              1 	(obj:0)
X00323                              0.999999999999999 	(obj:0)
X00325                                              1 	(obj:0)
X00328                                              1 	(obj:0)
X00332                                              2 	(obj:0)
X00333                                              1 	(obj:0)
X00335                              0.999999999999999 	(obj:0)
X00353                                              1 	(obj:0)
X00354                                              1 	(obj:0)
X00355                                              1 	(obj:0)
X00356                                              1 	(obj:0)
X00357                                              1 	(obj:0)
X00358                                              1 	(obj:0)
X00361                                              1 	(obj:0)
X00365                                              1 	(obj:0)
X00366                                              1 	(obj:0)
X00000                                           8090 	(obj:1)

Statistics
==========

SCIP Status        : solving was interrupted [time limit reached]
Total Time         :   87303.59
  solving          :   87303.56
  presolving       :       0.03 (included in solving)
  reading          :       0.04
  copying          :       0.00 (0 times copied the problem)
Original Problem   :
  Problem name     : 23588
  Variables        : 368 (231 binary, 0 integer, 0 implicit integer, 137 continuous)
  Constraints      : 137 initial, 137 maximal
  Objective        : minimize, 1 non-zeros (abs.min = 1, abs.max = 1)
Presolved Problem  :
  Problem name     : t_23588
  Variables        : 232 (231 binary, 0 integer, 1 implicit integer, 0 continuous)
  Constraints      : 137 initial, 137 maximal
  Objective        : minimize, 1 non-zeros (abs.min = 1, abs.max = 1)
  Nonzeros         : 3565 constraint, 0 clique table
Presolvers         :   ExecTime  SetupTime  Calls  FixedVars   AggrVars   ChgTypes  ChgBounds   AddHoles    DelCons    AddCons   ChgSides   ChgCoefs
  boundshift       :       0.00       0.00      0          0          0          0          0          0          0          0          0          0
  convertinttobin  :       0.00       0.00      0          0          0          0          0          0          0          0          0          0
  domcol           :       0.00       0.00      1          0          0          0          0          0          0          0          0          0
  dualagg          :       0.00       0.00      0          0          0          0          0          0          0          0          0          0
  dualcomp         :       0.00       0.00      0          0          0          0          0          0          0          0          0          0
  dualinfer        :       0.00       0.00      0          0          0          0          0          0          0          0          0          0
  dualsparsify     :       0.00       0.00      1          0          0          0          0          0          0          0          0          0
  gateextraction   :       0.00       0.00      0          0          0          0          0          0          0          0          0          0
  implics          :       0.00       0.00      3          0          0          0          0          0          0          0          0          0
  inttobinary      :       0.00       0.00      0          0          0          0          0          0          0          0          0          0
  qpkktref         :       0.00       0.00      0          0          0          0          0          0          0          0          0          0
  redvub           :       0.00       0.00      0          0          0          0          0          0          0          0          0          0
  sparsify         :       0.00       0.00      1          0          0          0          0          0          0          0          0          0
  stuffing         :       0.00       0.00      0          0          0          0          0          0          0          0          0          0
  trivial          :       0.00       0.00      6          0          0          0          0          0          0          0          0          0
  tworowbnd        :       0.00       0.00      0          0          0          0          0          0          0          0          0          0
  dualfix          :       0.00       0.00      6          0          0          0          0          0          0          0          0          0
  genvbounds       :       0.00       0.00      0          0          0          0          0          0          0          0          0          0
  probing          :       0.01       0.00      1          0          0          0          0          0          0          0          0          0
  pseudoobj        :       0.00       0.00      1          0          0          0          0          0          0          0          0          0
  symmetry         :       0.00       0.00      1          0          0          0          0          0          0          0          0          0
  vbounds          :       0.00       0.00      0          0          0          0          0          0          0          0          0          0
  knapsack         :       0.00       0.00      3          0          0          0          0          0          0          0          0          0
  linear           :       0.01       0.00      9          0        136          1          0          0          2          2        133          0
  logicor          :       0.00       0.00      3          0          0          0          0          0          0          0          0          0
  benders          :       0.00       0.00      0          0          0          0          0          0          0          0          0          0
  components       :       0.00       0.00      1          0          0          0          0          0          0          0          0          0
  root node        :          -          -      -         33          -          -         35          -          -          -          -          -
Constraints        :     Number  MaxNumber  #Separate #Propagate    #EnfoLP    #EnfoRelax  #EnfoPS    #Check   #ResProp    Cutoffs    DomReds       Cuts    Applied      Conss   Children
  benderslp        :          0          0          0          0        171          0          0          3          0          0          0          0          0          0          0
  integral         :          0          0          0          0        171          0          0          3          0         18        132          0          0          9        162
  knapsack         :         53         53          0        695          0          0          0          1          0          0          0          0          0          0          0
  linear           :          6+         8          0        695          0          0          0          1          0          0          0          0          0          0          0
  logicor          :         78         78          0        128          0          0          0          1          0          0          0          0          0          0          0
  benders          :          0          0          0          0          0          0          0          2          0          0          0          0          0          0          0
  fixedvar         :          0          0          0          0          0          0          0          2          0          0          0          0          0          0          0
  countsols        :          0          0          0          0          0          0          0          2          0          0          0          0          0          0          0
  components       :          0          0          0          0          0          0          0          0          0          0          0          0          0          0          0
Constraint Timings :  TotalTime  SetupTime   Separate  Propagate     EnfoLP     EnfoPS     EnfoRelax   Check    ResProp    SB-Prop
  benderslp        :       0.00       0.00       0.00       0.00       0.00       0.00       0.00       0.00       0.00       0.00
  integral         :   87303.35       0.00       0.00       0.00   87303.35       0.00       0.00       0.00       0.00       0.00
  knapsack         :       0.00       0.00       0.00       0.00       0.00       0.00       0.00       0.00       0.00       0.00
  linear           :       0.01       0.00       0.01       0.00       0.00       0.00       0.00       0.00       0.00       0.00
  logicor          :       0.00       0.00       0.00       0.00       0.00       0.00       0.00       0.00       0.00       0.00
  benders          :       0.00       0.00       0.00       0.00       0.00       0.00       0.00       0.00       0.00       0.00
  fixedvar         :       0.00       0.00       0.00       0.00       0.00       0.00       0.00       0.00       0.00       0.00
  countsols        :       0.00       0.00       0.00       0.00       0.00       0.00       0.00       0.00       0.00       0.00
  components       :       0.00       0.00       0.00       0.00       0.00       0.00       0.00       0.00       0.00       0.00
Propagators        : #Propagate   #ResProp    Cutoffs    DomReds
  dualfix          :          2          0          0          0
  genvbounds       :          0          0          0          0
  nlobbt           :          0          0          0          0
  obbt             :          0          0          0          0
  probing          :          0          0          0          0
  pseudoobj        :          9          0          0          2
  redcost          :          3          0          0         33
  rootredcost      :          0          0          0          0
  symmetry         :          0          0          0          0
  vbounds          :          0          0          0          0
Propagator Timings :  TotalTime  SetupTime   Presolve  Propagate    ResProp    SB-Prop
  dualfix          :       0.00       0.00       0.00       0.00       0.00       0.00
  genvbounds       :       0.00       0.00       0.00       0.00       0.00       0.00
  nlobbt           :       0.00       0.00       0.00       0.00       0.00       0.00
  obbt             :       0.00       0.00       0.00       0.00       0.00       0.00
  probing          :       0.01       0.00       0.01       0.00       0.00       0.00
  pseudoobj        :       0.00       0.00       0.00       0.00       0.00       0.00
  redcost          :       0.00       0.00       0.00       0.00       0.00       0.00
  rootredcost      :       0.00       0.00       0.00       0.00       0.00       0.00
  symmetry         :       0.00       0.00       0.00       0.00       0.00       0.00
  vbounds          :       0.00       0.00       0.00       0.00       0.00       0.00
Symmetry           :
  orbitopal red.   :          0 reductions applied,          0 cutoffs
  orbital reduction:          0 reductions applied,          0 cutoffs
  lexicographic red:          0 reductions applied,          0 cutoffs
  shadow tree time :       0.00 s
Conflict Analysis  :       Time      Calls    Success    DomReds  Conflicts   Literals    Reconvs ReconvLits   Dualrays   Nonzeros   LP Iters   (pool size: [--,--])
  propagation      :       0.00          0          0          -          0        0.0          0        0.0          -          -          -
  infeasible LP    :       0.00          0          0          -          0        0.0          0        0.0          0        0.0          0
  bound exceed. LP :       0.00          0          0          -          0        0.0          0        0.0          0        0.0          0
  strong branching :       0.00          0          0          -          0        0.0          0        0.0          -          -          0
  pseudo solution  :       0.00          0          0          -          0        0.0          0        0.0          -          -          -
  applied globally :       0.00          -          -          0          0        0.0          -          -          0          -          -
  applied locally  :          -          -          -          0          0        0.0          -          -          0          -          -
Separators         :   ExecTime  SetupTime      Calls  RootCalls    Cutoffs    DomReds  FoundCuts ViaPoolAdd  DirectAdd    Applied ViaPoolApp  DirectApp      Conss
  cut pool         :       0.00          -          0          0          -          -          0          0          -          -          -          -          -    (maximal pool size:          0)
  aggregation      :       0.00       0.00          0          0          0          0          0          0          0          0          0          0          0
  > cmir           :          -          -          -          -          -          -          -          0          0          0          0          0          -
  > flowcover      :          -          -          -          -          -          -          -          0          0          0          0          0          -
  > knapsackcover  :          -          -          -          -          -          -          -          0          0          0          0          0          -
  cgmip            :       0.00       0.00          0          0          0          0          0          0          0          0          0          0          0
  clique           :       0.00       0.00          0          0          0          0          0          0          0          0          0          0          0
  closecuts        :       0.00       0.00          0          0          0          0          0          0          0          0          0          0          0
  convexproj       :       0.00       0.00          0          0          0          0          0          0          0          0          0          0          0
  disjunctive      :       0.00       0.00          0          0          0          0          0          0          0          0          0          0          0
  eccuts           :       0.00       0.00          0          0          0          0          0          0          0          0          0          0          0
  gauge            :       0.00       0.00          0          0          0          0          0          0          0          0          0          0          0
  gomory           :       0.00       0.00          0          0          0          0          0          0          0          0          0          0          0
  > gomorymi       :          -          -          -          -          -          -          -          0          0          0          0          0          -
  > strongcg       :          -          -          -          -          -          -          -          0          0          0          0          0          -
  impliedbounds    :       0.00       0.00          0          0          0          0          0          0          0          0          0          0          0
  interminor       :       0.00       0.00          0          0          0          0          0          0          0          0          0          0          0
  intobj           :       0.00       0.00          0          0          0          0          0          0          0          0          0          0          0
  lagromory        :       0.00       0.00          0          0          0          0          0          0          0          0          0          0          0
  mcf              :       0.00       0.00          0          0          0          0          0          0          0          0          0          0          0
  minor            :       0.00       0.00          0          0          0          0          0          0          0          0          0          0          0
  mixing           :       0.00       0.00          0          0          0          0          0          0          0          0          0          0          0
  oddcycle         :       0.00       0.00          0          0          0          0          0          0          0          0          0          0          0
  rapidlearning    :       0.00       0.00          0          0          0          0          0          0          0          0          0          0          0
  rlt              :       0.00       0.00          0          0          0          0          0          0          0          0          0          0          0
  zerohalf         :       0.00       0.00          0          0          0          0          0          0          0          0          0          0          0
Cutselectors       :   ExecTime  SetupTime      Calls  RootCalls   Selected     Forced   Filtered  RootSelec   RootForc   RootFilt 
  hybrid           :       0.00       0.00          0          0          0          0          0          0          0          0
  ensemble         :       0.00       0.00          0          0          0          0          0          0          0          0
  dynamic          :       0.00       0.00          0          0          0          0          0          0          0          0
Pricers            :   ExecTime  SetupTime      Calls       Vars
  problem variables:       0.00          -          0          0
Branching Rules    :   ExecTime  SetupTime   BranchLP  BranchExt   BranchPS    Cutoffs    DomReds       Cuts      Conss   Children
  allfullstrong    :       0.00       0.00          0          0          0          0          0          0          0          0
  cloud            :       0.00       0.00          0          0          0          0          0          0          0          0
  distribution     :       0.00       0.00          0          0          0          0          0          0          0          0
  fullstrong       :       0.00       0.00          0          0          0          0          0          0          0          0
  general_disjuncti:   87303.17       0.00        171          0          0         18        132          0          9          0
  GeneralDisjunction(extra): subMILPs=1040 fairNodes of all MILPs=18865690 probingLPs=880
  gomory           :       0.00       0.00          0          0          0          0          0          0          0          0
  inference        :       0.00       0.00          0          0          0          0          0          0          0          0
  leastinf         :       0.00       0.00          0          0          0          0          0          0          0          0
  lookahead        :       0.00       0.00          0          0          0          0          0          0          0          0
  mostinf          :       0.00       0.00          0          0          0          0          0          0          0          0
  multaggr         :       0.00       0.00          0          0          0          0          0          0          0          0
  nodereopt        :       0.00       0.00          0          0          0          0          0          0          0          0
  pscost           :       0.00       0.00          0          0          0          0          0          0          0          0
  random           :       0.00       0.00          0          0          0          0          0          0          0          0
  relpscost        :       0.18       0.00         81          0          0          0          0          0          0        162
  vanillafullstrong:       0.00       0.00          0          0          0          0          0          0          0          0
Primal Heuristics  :   ExecTime  SetupTime      Calls      Found       Best
  LP solutions     :       0.00          -          -          0          0
  relax solutions  :       0.00          -          -          0          0
  pseudo solutions :       0.00          -          -          0          0
  strong branching :       0.00          -          -          0          0
  actconsdiving    :       0.00       0.00          0          0          0
  adaptivediving   :       0.00       0.00          0          0          0
  alns             :       0.00       0.00          0          0          0
  bound            :       0.00       0.00          0          0          0
  clique           :       0.00       0.00          0          0          0
  coefdiving       :       0.00       0.00          0          0          0
  completesol      :       0.00       0.00          0          0          0
  conflictdiving   :       0.00       0.00          0          0          0
  crossover        :       0.00       0.00          0          0          0
  dins             :       0.00       0.00          0          0          0
  distributiondivin:       0.00       0.00          0          0          0
  dps              :       0.00       0.00          0          0          0
  dualval          :       0.00       0.00          0          0          0
  farkasdiving     :       0.00       0.00          0          0          0
  feaspump         :       0.00       0.00          0          0          0
  fixandinfer      :       0.00       0.00          0          0          0
  fracdiving       :       0.00       0.00          0          0          0
  gins             :       0.00       0.00          0          0          0
  guideddiving     :       0.00       0.00          0          0          0
  indicator        :       0.00       0.00          0          0          0
  indicatordiving  :       0.00       0.00          0          0          0
  intdiving        :       0.00       0.00          0          0          0
  intshifting      :       0.00       0.00          0          0          0
  linesearchdiving :       0.00       0.00          0          0          0
  localbranching   :       0.00       0.00          0          0          0
  locks            :       0.00       0.00          0          0          0
  lpface           :       0.00       0.00          0          0          0
  mpec             :       0.00       0.00          0          0          0
  multistart       :       0.00       0.00          0          0          0
  mutation         :       0.00       0.00          0          0          0
  nlpdiving        :       0.00       0.00          0          0          0
  objpscostdiving  :       0.00       0.00          0          0          0
  octane           :       0.00       0.00          0          0          0
  ofins            :       0.00       0.00          0          0          0
  oneopt           :       0.00       0.00          0          0          0
  padm             :       0.00       0.00          0          0          0
  proximity        :       0.00       0.00          0          0          0
  pscostdiving     :       0.00       0.00          0          0          0
  randrounding     :       0.00       0.00          0          0          0
  rens             :       0.00       0.00          0          0          0
  reoptsols        :       0.00       0.00          0          0          0
  repair           :       0.00       0.00          0          0          0
  rins             :       0.00       0.00          0          0          0
  rootsoldiving    :       0.00       0.00          0          0          0
  rounding         :       0.00       0.00          0          0          0
  scheduler        :       0.00       0.00          0          0          0
  shiftandpropagate:       0.00       0.00          0          0          0
  shifting         :       0.00       0.00          0          0          0
  simplerounding   :       0.00       0.00          0          0          0
  subnlp           :       0.00       0.00          0          0          0
  trivial          :       0.00       0.00          0          0          0
  trivialnegation  :       0.00       0.00          0          0          0
  trustregion      :       0.00       0.00          0          0          0
  trysol           :       0.00       0.00          0          0          0
  twoopt           :       0.00       0.00          0          0          0
  undercover       :       0.00       0.00          0          0          0
  vbounds          :       0.00       0.00          0          0          0
  veclendiving     :       0.00       0.00          0          0          0
  zeroobj          :       0.00       0.00          0          0          0
  zirounding       :       0.00       0.00          0          0          0
  other solutions  :          -          -          -          1          -
LNS (Scheduler)    :      Calls  SetupTime  SolveTime SolveNodes       Sols       Best       Exp3    Exp3-IX  EpsGreedy        UCB TgtFixRate  Opt  Inf Node Stal  Sol  Usr Othr Actv
  rens             :          0       0.00       0.00          0          0          0    0.00000    0.12500   -1.00000    1.00000      0.900    0    0    0    0    0    0    0    1
  rins             :          0       0.00       0.00          0          0          0    0.00000    0.12500   -1.00000    1.00000      0.900    0    0    0    0    0    0    0    1
  mutation         :          0       0.00       0.00          0          0          0    0.00000    0.12500   -1.00000    1.00000      0.900    0    0    0    0    0    0    0    1
  localbranching   :          0       0.00       0.00          0          0          0    0.00000    0.12500   -1.00000    1.00000      0.900    0    0    0    0    0    0    0    1
  crossover        :          0       0.00       0.00          0          0          0    0.00000    0.12500   -1.00000    1.00000      0.900    0    0    0    0    0    0    0    1
  proximity        :          0       0.00       0.00          0          0          0    0.00000    0.12500   -1.00000    1.00000      0.900    0    0    0    0    0    0    0    1
  zeroobjective    :          0       0.00       0.00          0          0          0    0.00000    0.12500   -1.00000    1.00000      0.900    0    0    0    0    0    0    0    1
  dins             :          0       0.00       0.00          0          0          0    0.00000    0.12500   -1.00000    1.00000      0.900    0    0    0    0    0    0    0    1
  trustregion      :          0       0.00       0.00          0          0          0    0.00000    0.00000   -1.00000    1.00000      0.900    0    0    0    0    0    0    0    0
LP                 :       Time      Calls Iterations  Iter/call   Iter/sec  Time-0-It Calls-0-It    ItLimit
  primal LP        :       0.00          0          0       0.00          -       0.00          0
  dual LP          :       0.13        214       3440      16.15   26823.87       0.00          1
  lex dual LP      :       0.00          0          0       0.00          -
  barrier LP       :       0.00          0          0       0.00          -       0.00          0
  resolve instable :       0.00          0          0       0.00          -
  diving/probing LP:       0.41        816       9702      11.89   23402.17
  strong branching :       0.52        498      19254      38.66   37252.16          -          -         72
    (at root node) :          -         65       5655      87.00          -
  conflict analysis:       0.00          0          0       0.00          -
B&B Tree           :
  number of runs   :          1
  nodes            :        140 (81 internal, 59 leaves)
  feasible leaves  :          0
  infeas. leaves   :         23
  objective leaves :         36
  nodes (total)    :        140 (81 internal, 59 leaves)
  nodes left       :         23
  max depth        :         15
  max depth (total):         15
  backtracks       :         26 (18.6%)
  early backtracks :          0 (0.0%)
  nodes exc. ref.  :          0 (0.0%)
  delayed cutoffs  :          0
  repropagations   :          0 (0 domain reductions, 0 cutoffs)
  avg switch length:       2.84
  switching time   :       0.01
Root Node          :
  First LP value   : +7.64986613382250e+03
  First LP Iters   :        195 (15333.81 Iter/sec)
  First LP Time    :       0.01
  Final Dual Bound : +7.68399394561313e+03
  Final Root Iters :        196
  Root LP Estimate : +8.97696609994080e+03
Solution           :
  Solutions found  :          1 (1 improvements)
  First Solution   : +8.09000000000000e+03   (in run 0, after 0 nodes, 0.00 seconds, depth -1, found by <initial>)
  Gap First Sol.   :   infinite
  Gap Last Sol.    :   infinite
  Primal Bound     : +8.09000000000000e+03   (in run 0, after 0 nodes, 0.00 seconds, depth -1, found by <initial>)
  Dual Bound       : +7.87660026619343e+03
  Gap              :       2.71 %
Integrals          :      Total       Avg%
  primal-dual      :  306293.63       3.51
  primal-ref       :          -          - (not evaluated)
  dual-ref         :          -          - (not evaluated)
