SCIP version 9.2.2 [precision: 8 byte] [memory: block] [mode: optimized] [LP solver: CPLEX 12.10.0.0] [GitHash: 416226a4f8]
Copyright (c) 2002-2025 Zuse Institute Berlin (ZIB)

reading parameter file </scratch/htc/yzhou/exp_scipmip/settings/sandbox_gendj.set>

read problem </scratch/htc/yzhou/exp_scipmip/instances/additional/50v-10.mps>
============

original problem has 2013 variables (1464 bin, 183 int, 0 impl, 366 cont) and 233 constraints
    233 constraints of type <linear>
Reading Time: 0.00

read solution </scratch/htc/yzhou/solutions/50v-10.sol>
============

primal solution from solution file </scratch/htc/yzhou/solutions/50v-10.sol> was accepted as candidate, will be checked when solving starts
original problem has 2013 variables (1464 bin, 183 int, 0 impl, 366 cont) and 233 constraints
    233 constraints of type <linear>
Reading Time: 0.03
solve problem
=============
LP Solver <CPLEX 12.10.0.0>: fastmip setting not available -- SCIP parameter has no effect
LP Solver <CPLEX 12.10.0.0>: clock type cannot be set
LP Solver <CPLEX 12.10.0.0>: row representation of the basis not available -- SCIP parameter lp/rowrepswitch has no effect
LP Solver <CPLEX 12.10.0.0>: solution polishing not available -- SCIP parameter lp/solutionpolishing has no effect
LP Solver <CPLEX 12.10.0.0>: refactorization interval not available -- SCIP parameter lp/refactorinterval has no effect
1/1 feasible solution given by solution candidate storage, new primal bound 3.311180e+03

transformed problem has 2013 variables (1464 bin, 183 int, 0 impl, 366 cont) and 233 constraints
    233 constraints of type <linear>

original problem has 2745 active (0.585252%) nonzeros and 2745 (0.585252%) check nonzeros

presolving:
(round 1, fast)       0 del vars, 0 del conss, 0 add conss, 549 chg bounds, 0 chg sides, 0 chg coeffs, 0 upgd conss, 0 impls, 0 clqs
   (0.0s) probing: 51/1464 (3.5%) - 0 fixings, 0 aggregations, 0 implications, 0 bound changes
   (0.0s) probing aborted: 50/50 successive totally useless probings
   (0.0s) symmetry computation started: requiring (bin +, int +, cont +), (fixed: bin -, int -, cont -)
   (0.0s) no symmetry present (symcode time: 0.00)
clique table cleanup detected 0 bound changes

presolved problem has 2745 active (0.585252%) nonzeros and 2745 (0.585252%) check nonzeros

presolving (2 rounds: 2 fast, 1 medium, 1 exhaustive):
 0 deleted vars, 0 deleted constraints, 0 added constraints, 549 tightened bounds, 0 added holes, 0 changed sides, 0 changed coefficients
 0 implications, 0 cliques
presolved problem has 2013 variables (1464 bin, 183 int, 0 impl, 366 cont) and 233 constraints
    233 constraints of type <linear>
Presolving Time: 0.02
transformed 1/1 original solutions to the transformed problem space

 time | node  | left  |LP iter|LP it/n|mem/heur|mdpt |vars |cons |rows |cuts |sepa|confs|strbr|  dualbound   | primalbound  |  gap   | compl. 
  0.0s|     1 |     0 |   294 |     - |    11M |   0 |2013 | 233 | 233 |   0 |  0 |   0 |   0 | 2.879066e+03 | 3.311180e+03 |  15.01%| unknown
  0.0s|     1 |     0 |   294 |     - |    11M |   0 |2013 | 233 | 233 |   0 |  0 |   0 |   0 | 2.879066e+03 | 3.311180e+03 |  15.01%| unknown
  0.0s|     1 |     0 |   294 |     - |    11M |   0 |2013 | 233 | 233 |   0 |  1 |   0 |   0 | 2.879066e+03 | 3.311180e+03 |  15.01%| unknown
_____________________________________
Now starting branching with general disjunction
Current branching Node number: 1
Relpscost reduced domain, skip general disjunction branching
  0.1s|     1 |     0 |   296 |     - |    12M |   0 |2013 | 233 | 233 |   0 |  2 |   0 |  29 | 2.887466e+03 | 3.311180e+03 |  14.67%| unknown
  0.1s|     1 |     0 |   296 |     - |    12M |   0 |2013 | 233 | 233 |   0 |  2 |   0 |  29 | 2.887466e+03 | 3.311180e+03 |  14.67%| unknown
  0.1s|     1 |     0 |   296 |     - |    12M |   0 |2013 | 233 | 233 |   0 |  3 |   0 |  29 | 2.887466e+03 | 3.311180e+03 |  14.67%| unknown
_____________________________________
Now starting branching with general disjunction
Current branching Node number: 1
Relpscost reduced domain, skip general disjunction branching
  0.1s|     1 |     0 |   297 |     - |    12M |   0 |2013 | 233 | 233 |   0 |  4 |   0 |  31 | 2.890395e+03 | 3.311180e+03 |  14.56%| unknown
_____________________________________
Now starting branching with general disjunction
Current branching Node number: 1
LP objective value: 2885.53
Node lower bound: 2890.39
Node upper bound: 3311.18
gap to the primal bound: 0.145581
Preck submodel is infeasible, continue branching
Time limit exceeded (1542.44s), stopping submodel solve loop
General disjunction: No feasible solution found, use SCIP default branching rule
 1543s|     1 |     2 |   297 |     - |    12M |   0 |2013 | 233 | 233 |   0 |  5 |   0 |  32 | 2.890395e+03 | 3.311180e+03 |  14.56%| unknown
_____________________________________
Now starting branching with general disjunction
Current branching Node number: 2
LP objective value: 2891.19
Node lower bound: 2899.59
Node upper bound: 3311.18
gap to the primal bound: 0.145581
Preck submodel is infeasible, continue branching
Time limit exceeded (1056.2s), stopping submodel solve loop
General disjunction: No feasible solution found, use SCIP default branching rule
_____________________________________
Now starting branching with general disjunction
Current branching Node number: 5
LP objective value: 3112.04
Node lower bound: 3116.3
Node upper bound: 3311.18
gap to the primal bound: 0.145581
Preck submodel is infeasible, continue branching
Time limit exceeded (1258.24s), stopping submodel solve loop
General disjunction: No feasible solution found, use SCIP default branching rule
_____________________________________
Now starting branching with general disjunction
Current branching Node number: 7
Relpscost reduced domain, skip general disjunction branching
_____________________________________
Now starting branching with general disjunction
Current branching Node number: 7
LP objective value: 3144.82
Node lower bound: 3150.65
Node upper bound: 3311.18
gap to the primal bound: 0.145581
Preck submodel is infeasible, continue branching
Time limit exceeded (1023s), stopping submodel solve loop
General disjunction: No feasible solution found, use SCIP default branching rule
_____________________________________
Now starting branching with general disjunction
Current branching Node number: 9
Relpscost reduced domain, skip general disjunction branching
_____________________________________
Now starting branching with general disjunction
Current branching Node number: 8
LP objective value: 3147.84
Node lower bound: 3152.78
Node upper bound: 3311.18
gap to the primal bound: 0.145581
Preck submodel is infeasible, continue branching
Time limit exceeded (1110.42s), stopping submodel solve loop
General disjunction: No feasible solution found, use SCIP default branching rule
_____________________________________
Now starting branching with general disjunction
Current branching Node number: 11
Relpscost reduced domain, skip general disjunction branching
_____________________________________
Now starting branching with general disjunction
Current branching Node number: 11
LP objective value: 3225.93
Node lower bound: 3238.54
Node upper bound: 3311.18
gap to the primal bound: 0.145581
Preck submodel is infeasible, continue branching
Time limit exceeded (1455.42s), stopping submodel solve loop
General disjunction: No feasible solution found, use SCIP default branching rule
_____________________________________
Now starting branching with general disjunction
Current branching Node number: 11
Relpscost reduced domain, skip general disjunction branching
_____________________________________
Now starting branching with general disjunction
Current branching Node number: 11
Relpscost reduced domain, skip general disjunction branching
_____________________________________
Now starting branching with general disjunction
Current branching Node number: 11
Relpscost reduced domain, skip general disjunction branching
_____________________________________
Now starting branching with general disjunction
Current branching Node number: 11
Relpscost reduced domain, skip general disjunction branching
_____________________________________
Now starting branching with general disjunction
Current branching Node number: 11
Relpscost reduced domain, skip general disjunction branching
_____________________________________
Now starting branching with general disjunction
Current branching Node number: 11
Relpscost reduced domain, skip general disjunction branching
_____________________________________
Now starting branching with general disjunction
Current branching Node number: 11
Relpscost reduced domain, skip general disjunction branching
_____________________________________
Now starting branching with general disjunction
Current branching Node number: 11
Relpscost reduced domain, skip general disjunction branching
_____________________________________
Now starting branching with general disjunction
Current branching Node number: 11
Relpscost reduced domain, skip general disjunction branching
_____________________________________
Now starting branching with general disjunction
Current branching Node number: 11
Relpscost reduced domain, skip general disjunction branching
_____________________________________
Now starting branching with general disjunction
Current branching Node number: 11
Relpscost reduced domain, skip general disjunction branching
_____________________________________
Now starting branching with general disjunction
Current branching Node number: 11
Relpscost reduced domain, skip general disjunction branching
_____________________________________
Now starting branching with general disjunction
Current branching Node number: 11
Relpscost reduced domain, skip general disjunction branching
_____________________________________
Now starting branching with general disjunction
Current branching Node number: 11
LP objective value: 3247.83
Node lower bound: 3248.06
Node upper bound: 3311.18
gap to the primal bound: 0.145581
Preck submodel is infeasible, continue branching
Time limit exceeded (1204.35s), stopping submodel solve loop
General disjunction: No feasible solution found, use SCIP default branching rule
_____________________________________
Now starting branching with general disjunction
Current branching Node number: 13
Relpscost reduced domain, skip general disjunction branching
_____________________________________
Now starting branching with general disjunction
Current branching Node number: 13
Relpscost reduced domain, skip general disjunction branching
_____________________________________
Now starting branching with general disjunction
Current branching Node number: 13
Relpscost reduced domain, skip general disjunction branching
_____________________________________
Now starting branching with general disjunction
Current branching Node number: 12
Relpscost reduced domain, skip general disjunction branching
_____________________________________
Now starting branching with general disjunction
Current branching Node number: 12
Relpscost reduced domain, skip general disjunction branching
_____________________________________
Now starting branching with general disjunction
Current branching Node number: 12
Relpscost reduced domain, skip general disjunction branching
_____________________________________
Now starting branching with general disjunction
Current branching Node number: 12
Relpscost reduced domain, skip general disjunction branching
_____________________________________
Now starting branching with general disjunction
Current branching Node number: 12
Relpscost reduced domain, skip general disjunction branching
_____________________________________
Now starting branching with general disjunction
Current branching Node number: 12
LP objective value: 3276.13
Node lower bound: 3277.47
Node upper bound: 3311.18
gap to the primal bound: 0.145581
Preck submodel is infeasible, continue branching
Time limit exceeded (1334.63s), stopping submodel solve loop
General disjunction: No feasible solution found, use SCIP default branching rule
_____________________________________
Now starting branching with general disjunction
Current branching Node number: 14
Relpscost reduced domain, skip general disjunction branching
_____________________________________
Now starting branching with general disjunction
Current branching Node number: 14
Relpscost reduced domain, skip general disjunction branching
_____________________________________
Now starting branching with general disjunction
Current branching Node number: 14
Relpscost reduced domain, skip general disjunction branching
_____________________________________
Now starting branching with general disjunction
Current branching Node number: 14
Relpscost reduced domain, skip general disjunction branching
_____________________________________
Now starting branching with general disjunction
Current branching Node number: 4
LP objective value: 2897.44
Node lower bound: 2905.84
Node upper bound: 3311.18
gap to the primal bound: 0.145581
Preck submodel is infeasible, continue branching
Time limit exceeded (1421.57s), stopping submodel solve loop
General disjunction: No feasible solution found, use SCIP default branching rule
_____________________________________
Now starting branching with general disjunction
Current branching Node number: 17
LP objective value: 2997.17
Node lower bound: 3004.46
Node upper bound: 3311.18
gap to the primal bound: 0.145581
Preck submodel is infeasible, continue branching
Time limit exceeded (1110.61s), stopping submodel solve loop
General disjunction: No feasible solution found, use SCIP default branching rule
_____________________________________
Now starting branching with general disjunction
Current branching Node number: 19
Relpscost reduced domain, skip general disjunction branching
_____________________________________
Now starting branching with general disjunction
Current branching Node number: 19
Relpscost reduced domain, skip general disjunction branching
_____________________________________
Now starting branching with general disjunction
Current branching Node number: 19
Relpscost reduced domain, skip general disjunction branching
_____________________________________
Now starting branching with general disjunction
Current branching Node number: 19
LP objective value: 3174.02
Node lower bound: 3180.29
Node upper bound: 3311.18
gap to the primal bound: 0.145581
Preck submodel is infeasible, continue branching
Time limit exceeded (1237.47s), stopping submodel solve loop
General disjunction: No feasible solution found, use SCIP default branching rule
_____________________________________
Now starting branching with general disjunction
Current branching Node number: 21
Relpscost reduced domain, skip general disjunction branching
_____________________________________
Now starting branching with general disjunction
Current branching Node number: 21
Relpscost reduced domain, skip general disjunction branching
_____________________________________
Now starting branching with general disjunction
Current branching Node number: 20
LP objective value: 3181.31
Node lower bound: 3185.35
Node upper bound: 3311.18
gap to the primal bound: 0.145581
Preck submodel is infeasible, continue branching
Time limit exceeded (1269.61s), stopping submodel solve loop
General disjunction: No feasible solution found, use SCIP default branching rule
_____________________________________
Now starting branching with general disjunction
Current branching Node number: 23
Relpscost reduced domain, skip general disjunction branching
_____________________________________
Now starting branching with general disjunction
Current branching Node number: 23
Relpscost reduced domain, skip general disjunction branching
_____________________________________
Now starting branching with general disjunction
Current branching Node number: 23
Relpscost reduced domain, skip general disjunction branching
_____________________________________
Now starting branching with general disjunction
Current branching Node number: 22
LP objective value: 3184.14
Node lower bound: 3188.18
Node upper bound: 3311.18
gap to the primal bound: 0.145581
Preck submodel is infeasible, continue branching
Time limit exceeded (1187.46s), stopping submodel solve loop
General disjunction: No feasible solution found, use SCIP default branching rule
_____________________________________
Now starting branching with general disjunction
Current branching Node number: 25
Relpscost reduced domain, skip general disjunction branching
_____________________________________
Now starting branching with general disjunction
Current branching Node number: 25
Relpscost reduced domain, skip general disjunction branching
_____________________________________
Now starting branching with general disjunction
Current branching Node number: 24
LP objective value: 3186.56
Node lower bound: 3199.17
Node upper bound: 3311.18
gap to the primal bound: 0.145581
Preck submodel is infeasible, continue branching
Time limit exceeded (1227.23s), stopping submodel solve loop
General disjunction: No feasible solution found, use SCIP default branching rule
_____________________________________
Now starting branching with general disjunction
Current branching Node number: 27
Relpscost reduced domain, skip general disjunction branching
_____________________________________
Now starting branching with general disjunction
Current branching Node number: 27
Relpscost reduced domain, skip general disjunction branching
_____________________________________
Now starting branching with general disjunction
Current branching Node number: 27
LP objective value: 3237.5
Node lower bound: 3240.35
Node upper bound: 3311.18
gap to the primal bound: 0.145581
Preck submodel is infeasible, continue branching
Time limit exceeded (1155.52s), stopping submodel solve loop
General disjunction: No feasible solution found, use SCIP default branching rule
_____________________________________
Now starting branching with general disjunction
Current branching Node number: 29
Relpscost reduced domain, skip general disjunction branching
_____________________________________
Now starting branching with general disjunction
Current branching Node number: 28
LP objective value: 3239.94
Node lower bound: 3243.78
Node upper bound: 3311.18
gap to the primal bound: 0.145581
Preck submodel is infeasible, continue branching
Time limit exceeded (1267.61s), stopping submodel solve loop
General disjunction: No feasible solution found, use SCIP default branching rule
_____________________________________
Now starting branching with general disjunction
Current branching Node number: 31
Relpscost reduced domain, skip general disjunction branching
_____________________________________
Now starting branching with general disjunction
Current branching Node number: 31
Relpscost reduced domain, skip general disjunction branching
_____________________________________
Now starting branching with general disjunction
Current branching Node number: 31
Relpscost reduced domain, skip general disjunction branching
_____________________________________
Now starting branching with general disjunction
Current branching Node number: 31
Relpscost reduced domain, skip general disjunction branching
_____________________________________
Now starting branching with general disjunction
Current branching Node number: 30
Relpscost reduced domain, skip general disjunction branching
_____________________________________
Now starting branching with general disjunction
Current branching Node number: 30
Relpscost reduced domain, skip general disjunction branching
_____________________________________
Now starting branching with general disjunction
Current branching Node number: 30
LP objective value: 3249.52
Node lower bound: 3250.2
Node upper bound: 3311.18
gap to the primal bound: 0.145581
Preck submodel is infeasible, continue branching
Time limit exceeded (1334.31s), stopping submodel solve loop
General disjunction: No feasible solution found, use SCIP default branching rule
_____________________________________
Now starting branching with general disjunction
Current branching Node number: 33
Relpscost reduced domain, skip general disjunction branching
_____________________________________
Now starting branching with general disjunction
Current branching Node number: 33
Relpscost reduced domain, skip general disjunction branching
_____________________________________
Now starting branching with general disjunction
Current branching Node number: 33
Relpscost reduced domain, skip general disjunction branching
_____________________________________
Now starting branching with general disjunction
Current branching Node number: 33
LP objective value: 3298.9
Node lower bound: 3302.87
Node upper bound: 3311.18
gap to the primal bound: 0.145581
Preck submodel is infeasible, continue branching
Time limit exceeded (1267.17s), stopping submodel solve loop
General disjunction: No feasible solution found, use SCIP default branching rule
_____________________________________
Now starting branching with general disjunction
Current branching Node number: 34
Relpscost reduced domain, skip general disjunction branching
_____________________________________
Now starting branching with general disjunction
Current branching Node number: 34
Relpscost reduced domain, skip general disjunction branching
_____________________________________
Now starting branching with general disjunction
Current branching Node number: 16
LP objective value: 2905.84
Node lower bound: 2911.51
Node upper bound: 3311.18
gap to the primal bound: 0.145581
Preck submodel is infeasible, continue branching
Time limit exceeded (1428s), stopping submodel solve loop
General disjunction: No feasible solution found, use SCIP default branching rule
_____________________________________
Now starting branching with general disjunction
Current branching Node number: 37
LP objective value: 3081.68
Node lower bound: 3087.34
Node upper bound: 3311.18
gap to the primal bound: 0.145581
Preck submodel is infeasible, continue branching
Time limit exceeded (1078.91s), stopping submodel solve loop
General disjunction: No feasible solution found, use SCIP default branching rule
_____________________________________
Now starting branching with general disjunction
Current branching Node number: 39
LP objective value: 3173.67
Node lower bound: 3173.67
Node upper bound: 3311.18
gap to the primal bound: 0.145581
Preck submodel is infeasible, continue branching
Time limit exceeded (1033.63s), stopping submodel solve loop
General disjunction: No feasible solution found, use SCIP default branching rule
_____________________________________
Now starting branching with general disjunction
Current branching Node number: 40
LP objective value: 3175.88
Node lower bound: 3175.88
Node upper bound: 3311.18
gap to the primal bound: 0.145581
Preck submodel is infeasible, continue branching
Time limit exceeded (1414.57s), stopping submodel solve loop
General disjunction: No feasible solution found, use SCIP default branching rule
_____________________________________
Now starting branching with general disjunction
Current branching Node number: 43
Relpscost reduced domain, skip general disjunction branching
_____________________________________
Now starting branching with general disjunction
Current branching Node number: 43
Relpscost reduced domain, skip general disjunction branching
_____________________________________
Now starting branching with general disjunction
Current branching Node number: 43
Relpscost reduced domain, skip general disjunction branching
_____________________________________
Now starting branching with general disjunction
Current branching Node number: 42
LP objective value: 3178.3
Node lower bound: 3190.91
Node upper bound: 3311.18
gap to the primal bound: 0.145581
Preck submodel is infeasible, continue branching
Time limit exceeded (1106.69s), stopping submodel solve loop
General disjunction: No feasible solution found, use SCIP default branching rule
_____________________________________
Now starting branching with general disjunction
Current branching Node number: 45
Relpscost reduced domain, skip general disjunction branching
_____________________________________
Now starting branching with general disjunction
Current branching Node number: 45
Relpscost reduced domain, skip general disjunction branching
_____________________________________
Now starting branching with general disjunction
Current branching Node number: 45
LP objective value: 3228.77
Node lower bound: 3228.77
Node upper bound: 3311.18
gap to the primal bound: 0.145581
Preck submodel is infeasible, continue branching
Time limit exceeded (1020.22s), stopping submodel solve loop
General disjunction: No feasible solution found, use SCIP default branching rule
_____________________________________
Now starting branching with general disjunction
Current branching Node number: 47
Relpscost reduced domain, skip general disjunction branching
_____________________________________
Now starting branching with general disjunction
Current branching Node number: 46
LP objective value: 3232.06
Node lower bound: 3235.02
Node upper bound: 3311.18
gap to the primal bound: 0.145581
Preck submodel is infeasible, continue branching
Time limit exceeded (1017.61s), stopping submodel solve loop
General disjunction: No feasible solution found, use SCIP default branching rule
_____________________________________
Now starting branching with general disjunction
Current branching Node number: 48
LP objective value: 3234.64
Node lower bound: 3237.59
Node upper bound: 3311.18
gap to the primal bound: 0.145581
Preck submodel is infeasible, continue branching
Time limit exceeded (1049.77s), stopping submodel solve loop
General disjunction: No feasible solution found, use SCIP default branching rule
_____________________________________
Now starting branching with general disjunction
Current branching Node number: 51
Relpscost reduced domain, skip general disjunction branching
_____________________________________
Now starting branching with general disjunction
Current branching Node number: 51
Relpscost reduced domain, skip general disjunction branching
_____________________________________
Now starting branching with general disjunction
Current branching Node number: 51
Relpscost reduced domain, skip general disjunction branching
_____________________________________
Now starting branching with general disjunction
Current branching Node number: 51
Relpscost reduced domain, skip general disjunction branching
_____________________________________
Now starting branching with general disjunction
Current branching Node number: 51
LP objective value: 3285.78
Node lower bound: 3292.04
Node upper bound: 3311.18
gap to the primal bound: 0.145581
Preck submodel is infeasible, continue branching
Time limit exceeded (1282.6s), stopping submodel solve loop
General disjunction: No feasible solution found, use SCIP default branching rule
_____________________________________
Now starting branching with general disjunction
Current branching Node number: 52
Relpscost reduced domain, skip general disjunction branching
_____________________________________
Now starting branching with general disjunction
Current branching Node number: 52
Relpscost reduced domain, skip general disjunction branching
_____________________________________
Now starting branching with general disjunction
Current branching Node number: 52
Relpscost reduced domain, skip general disjunction branching
_____________________________________
Now starting branching with general disjunction
Current branching Node number: 52
LP objective value: 3291.91
Node lower bound: 3295.87
Node upper bound: 3311.18
gap to the primal bound: 0.145581
Preck submodel is infeasible, continue branching
Time limit exceeded (1496.16s), stopping submodel solve loop
General disjunction: No feasible solution found, use SCIP default branching rule
_____________________________________
Now starting branching with general disjunction
Current branching Node number: 55
Relpscost reduced domain, skip general disjunction branching
_____________________________________
Now starting branching with general disjunction
Current branching Node number: 55
Relpscost reduced domain, skip general disjunction branching
_____________________________________
Now starting branching with general disjunction
Current branching Node number: 54
Relpscost reduced domain, skip general disjunction branching
_____________________________________
Now starting branching with general disjunction
Current branching Node number: 54
Relpscost reduced domain, skip general disjunction branching
_____________________________________
Now starting branching with general disjunction
Current branching Node number: 54
Relpscost reduced domain, skip general disjunction branching
_____________________________________
Now starting branching with general disjunction
Current branching Node number: 54
Relpscost reduced domain, skip general disjunction branching
_____________________________________
Now starting branching with general disjunction
Current branching Node number: 54
Relpscost reduced domain, skip general disjunction branching
_____________________________________
Now starting branching with general disjunction
Current branching Node number: 54
Relpscost reduced domain, skip general disjunction branching
_____________________________________
Now starting branching with general disjunction
Current branching Node number: 54
LP objective value: 3307.24
Node lower bound: 3307.41
Node upper bound: 3311.18
gap to the primal bound: 0.145581
Preck submodel is infeasible, continue branching
Time limit exceeded (1351.71s), stopping submodel solve loop
General disjunction: No feasible solution found, use SCIP default branching rule
_____________________________________
Now starting branching with general disjunction
Current branching Node number: 36
LP objective value: 2910.84
Node lower bound: 2911.51
Node upper bound: 3311.18
gap to the primal bound: 0.145581
Preck submodel is infeasible, continue branching
Time limit exceeded (1380.53s), stopping submodel solve loop
General disjunction: No feasible solution found, use SCIP default branching rule
_____________________________________
Now starting branching with general disjunction
Current branching Node number: 59
LP objective value: 3002.84
Node lower bound: 3002.84
Node upper bound: 3311.18
gap to the primal bound: 0.145581
Preck submodel is infeasible, continue branching
Time limit exceeded (1297.28s), stopping submodel solve loop
General disjunction: No feasible solution found, use SCIP default branching rule
_____________________________________
Now starting branching with general disjunction
Current branching Node number: 61
LP objective value: 3232.01
Node lower bound: 3232.01
Node upper bound: 3311.18
gap to the primal bound: 0.145581
Preck submodel is infeasible, continue branching
Time limit exceeded (1029.11s), stopping submodel solve loop
General disjunction: No feasible solution found, use SCIP default branching rule
_____________________________________
Now starting branching with general disjunction
Current branching Node number: 63
LP objective value: 3304.84
Node lower bound: 3304.84
Node upper bound: 3311.18
gap to the primal bound: 0.145581
Preck submodel is infeasible, continue branching
Time limit exceeded (1047.09s), stopping submodel solve loop
General disjunction: No feasible solution found, use SCIP default branching rule
_____________________________________
Now starting branching with general disjunction
Current branching Node number: 64
LP objective value: 3307.27
Node lower bound: 3307.27
Node upper bound: 3311.18
gap to the primal bound: 0.145581
Preck submodel is infeasible, continue branching
Time limit exceeded (1137.71s), stopping submodel solve loop
General disjunction: No feasible solution found, use SCIP default branching rule
_____________________________________
Now starting branching with general disjunction
Current branching Node number: 58
LP objective value: 2918.13
Node lower bound: 2918.13
Node upper bound: 3311.18
gap to the primal bound: 0.145581
Preck submodel is infeasible, continue branching
Time limit exceeded (1370.21s), stopping submodel solve loop
General disjunction: No feasible solution found, use SCIP default branching rule
_____________________________________
Now starting branching with general disjunction
Current branching Node number: 69
Relpscost reduced domain, skip general disjunction branching
_____________________________________
Now starting branching with general disjunction
Current branching Node number: 69
Relpscost reduced domain, skip general disjunction branching
_____________________________________
Now starting branching with general disjunction
Current branching Node number: 69
LP objective value: 3305.59
Node lower bound: 3305.59
Node upper bound: 3311.18
gap to the primal bound: 0.145581
Preck submodel is infeasible, continue branching
Time limit exceeded (1338.79s), stopping submodel solve loop
General disjunction: No feasible solution found, use SCIP default branching rule
_____________________________________
Now starting branching with general disjunction
Current branching Node number: 68
LP objective value: 2919.5
Node lower bound: 2921.1
Node upper bound: 3311.18
gap to the primal bound: 0.145581
Preck submodel is infeasible, continue branching
Time limit exceeded (1081.63s), stopping submodel solve loop
General disjunction: No feasible solution found, use SCIP default branching rule
_____________________________________
Now starting branching with general disjunction
Current branching Node number: 73
LP objective value: 2992.34
Node lower bound: 2993.93
Node upper bound: 3311.18
gap to the primal bound: 0.145581
Preck submodel is infeasible, continue branching
Time limit exceeded (1259.49s), stopping submodel solve loop
General disjunction: No feasible solution found, use SCIP default branching rule
_____________________________________
Now starting branching with general disjunction
Current branching Node number: 75
Relpscost reduced domain, skip general disjunction branching
_____________________________________
Now starting branching with general disjunction
Current branching Node number: 75
Relpscost reduced domain, skip general disjunction branching
_____________________________________
Now starting branching with general disjunction
Current branching Node number: 75
LP objective value: 3235.34
Node lower bound: 3235.34
Node upper bound: 3311.18
gap to the primal bound: 0.145581
Preck submodel is infeasible, continue branching
Time limit exceeded (1028.41s), stopping submodel solve loop
General disjunction: No feasible solution found, use SCIP default branching rule
_____________________________________
Now starting branching with general disjunction
Current branching Node number: 76
LP objective value: 3237.76
Node lower bound: 3237.76
Node upper bound: 3311.18
gap to the primal bound: 0.145581
Preck submodel is infeasible, continue branching
Time limit exceeded (1274.56s), stopping submodel solve loop
General disjunction: No feasible solution found, use SCIP default branching rule
_____________________________________
Now starting branching with general disjunction
Current branching Node number: 79
Relpscost reduced domain, skip general disjunction branching
_____________________________________
Now starting branching with general disjunction
Current branching Node number: 79
Relpscost reduced domain, skip general disjunction branching
_____________________________________
Now starting branching with general disjunction
Current branching Node number: 79
Relpscost reduced domain, skip general disjunction branching
_____________________________________
Now starting branching with general disjunction
Current branching Node number: 79
LP objective value: 3291.53
Node lower bound: 3291.53
Node upper bound: 3311.18
gap to the primal bound: 0.145581
Preck submodel is infeasible, continue branching
Time limit exceeded (1171.86s), stopping submodel solve loop
General disjunction: No feasible solution found, use SCIP default branching rule
_____________________________________
Now starting branching with general disjunction
Current branching Node number: 80
Relpscost reduced domain, skip general disjunction branching
_____________________________________
Now starting branching with general disjunction
Current branching Node number: 80
Relpscost reduced domain, skip general disjunction branching
_____________________________________
Now starting branching with general disjunction
Current branching Node number: 72
LP objective value: 2925.34
Node lower bound: 2925.34
Node upper bound: 3311.18
gap to the primal bound: 0.145581
Preck submodel is infeasible, continue branching
Time limit exceeded (1470.52s), stopping submodel solve loop
General disjunction: No feasible solution found, use SCIP default branching rule
_____________________________________
Now starting branching with general disjunction
Current branching Node number: 83
Relpscost reduced domain, skip general disjunction branching
_____________________________________
Now starting branching with general disjunction
Current branching Node number: 83
LP objective value: 3167.47
Node lower bound: 3168.34
Node upper bound: 3311.18
gap to the primal bound: 0.145581
Preck submodel is infeasible, continue branching
Time limit exceeded (1119.38s), stopping submodel solve loop
General disjunction: No feasible solution found, use SCIP default branching rule
_____________________________________
Now starting branching with general disjunction
Current branching Node number: 85
Relpscost reduced domain, skip general disjunction branching
_____________________________________
Now starting branching with general disjunction
Current branching Node number: 85
Relpscost reduced domain, skip general disjunction branching
_____________________________________
Now starting branching with general disjunction
Current branching Node number: 85
LP objective value: 3288.23
Node lower bound: 3288.23
Node upper bound: 3311.18
gap to the primal bound: 0.145581
Preck submodel is infeasible, continue branching
Time limit exceeded (1012.16s), stopping submodel solve loop
General disjunction: No feasible solution found, use SCIP default branching rule
_____________________________________
Now starting branching with general disjunction
Current branching Node number: 86
Relpscost reduced domain, skip general disjunction branching
_____________________________________
Now starting branching with general disjunction
Current branching Node number: 86
Relpscost reduced domain, skip general disjunction branching
_____________________________________
Now starting branching with general disjunction
Current branching Node number: 82
LP objective value: 2926.93
Node lower bound: 2927.62
Node upper bound: 3311.18
gap to the primal bound: 0.145581
Preck submodel is infeasible, continue branching
Time limit exceeded (1034.59s), stopping submodel solve loop
General disjunction: No feasible solution found, use SCIP default branching rule
_____________________________________
Now starting branching with general disjunction
Current branching Node number: 89
LP objective value: 3043.14
Node lower bound: 3045.97
Node upper bound: 3311.18
gap to the primal bound: 0.145581
Preck submodel is infeasible, continue branching
Time limit exceeded (1300.46s), stopping submodel solve loop
General disjunction: No feasible solution found, use SCIP default branching rule
_____________________________________
Now starting branching with general disjunction
Current branching Node number: 91
Relpscost reduced domain, skip general disjunction branching
_____________________________________
Now starting branching with general disjunction
Current branching Node number: 91
LP objective value: 3144.07
Node lower bound: 3145.31
Node upper bound: 3311.18
gap to the primal bound: 0.145581
Preck submodel is infeasible, continue branching
Time limit exceeded (1326.05s), stopping submodel solve loop
General disjunction: No feasible solution found, use SCIP default branching rule
_____________________________________
Now starting branching with general disjunction
Current branching Node number: 93
Relpscost reduced domain, skip general disjunction branching
_____________________________________
Now starting branching with general disjunction
Current branching Node number: 93
LP objective value: 3242.1
Node lower bound: 3245.01
Node upper bound: 3311.18
gap to the primal bound: 0.145581
Preck submodel is infeasible, continue branching
Time limit exceeded (1011.47s), stopping submodel solve loop
General disjunction: No feasible solution found, use SCIP default branching rule
_____________________________________
Now starting branching with general disjunction
Current branching Node number: 95
Relpscost reduced domain, skip general disjunction branching
_____________________________________
Now starting branching with general disjunction
Current branching Node number: 94
LP objective value: 3245.4
Node lower bound: 3245.85
Node upper bound: 3311.18
gap to the primal bound: 0.145581
Preck submodel is infeasible, continue branching
Time limit exceeded (1400.06s), stopping submodel solve loop
General disjunction: No feasible solution found, use SCIP default branching rule
_____________________________________
Now starting branching with general disjunction
Current branching Node number: 97
Relpscost reduced domain, skip general disjunction branching
_____________________________________
Now starting branching with general disjunction
Current branching Node number: 97
Relpscost reduced domain, skip general disjunction branching
_____________________________________
Now starting branching with general disjunction
Current branching Node number: 97
Relpscost reduced domain, skip general disjunction branching
_____________________________________
Now starting branching with general disjunction
Current branching Node number: 97
LP objective value: 3289.12
Node lower bound: 3289.12
Node upper bound: 3311.18
gap to the primal bound: 0.145581
Preck submodel is infeasible, continue branching
Time limit exceeded (1056.5s), stopping submodel solve loop
General disjunction: No feasible solution found, use SCIP default branching rule
_____________________________________
Now starting branching with general disjunction
Current branching Node number: 98
Relpscost reduced domain, skip general disjunction branching
_____________________________________
Now starting branching with general disjunction
Current branching Node number: 98
Relpscost reduced domain, skip general disjunction branching
_____________________________________
Now starting branching with general disjunction
Current branching Node number: 98
LP objective value: 3292.04
Node lower bound: 3292.04
Node upper bound: 3311.18
gap to the primal bound: 0.145581
Preck submodel is infeasible, continue branching
Time limit exceeded (1108.45s), stopping submodel solve loop
General disjunction: No feasible solution found, use SCIP default branching rule
_____________________________________
Now starting branching with general disjunction
Current branching Node number: 100
Relpscost reduced domain, skip general disjunction branching
_____________________________________
Now starting branching with general disjunction
Current branching Node number: 100
LP objective value: 3294.86
Node lower bound: 3294.86
Node upper bound: 3311.18
gap to the primal bound: 0.145581
Preck submodel is infeasible, continue branching
Time limit exceeded (1059.37s), stopping submodel solve loop
General disjunction: No feasible solution found, use SCIP default branching rule
_____________________________________
Now starting branching with general disjunction
Current branching Node number: 102
LP objective value: 3297.66
Node lower bound: 3297.66
Node upper bound: 3311.18
gap to the primal bound: 0.145581
Preck submodel is infeasible, continue branching
Time limit exceeded (1264.83s), stopping submodel solve loop
General disjunction: No feasible solution found, use SCIP default branching rule
_____________________________________
Now starting branching with general disjunction
Current branching Node number: 104
Relpscost reduced domain, skip general disjunction branching
_____________________________________
Now starting branching with general disjunction
Current branching Node number: 104
Relpscost reduced domain, skip general disjunction branching
_____________________________________
Now starting branching with general disjunction
Current branching Node number: 104
LP objective value: 3304.05
Node lower bound: 3307.02
Node upper bound: 3311.18
gap to the primal bound: 0.145581
Preck submodel is infeasible, continue branching
Time limit exceeded (1265.86s), stopping submodel solve loop
General disjunction: No feasible solution found, use SCIP default branching rule
_____________________________________
Now starting branching with general disjunction
Current branching Node number: 106
Relpscost reduced domain, skip general disjunction branching
_____________________________________
Now starting branching with general disjunction
Current branching Node number: 106
Relpscost reduced domain, skip general disjunction branching
_____________________________________
Now starting branching with general disjunction
Current branching Node number: 88
LP objective value: 2929.36
Node lower bound: 2929.36
Node upper bound: 3311.18
gap to the primal bound: 0.145581
Preck submodel is infeasible, continue branching
Time limit exceeded (1061.46s), stopping submodel solve loop
General disjunction: No feasible solution found, use SCIP default branching rule
_____________________________________
Now starting branching with general disjunction
Current branching Node number: 109
LP objective value: 2973.3
Node lower bound: 2973.3
Node upper bound: 3311.18
gap to the primal bound: 0.145581
Preck submodel is infeasible, continue branching
Time limit exceeded (1166.09s), stopping submodel solve loop
General disjunction: No feasible solution found, use SCIP default branching rule
_____________________________________
Now starting branching with general disjunction
Current branching Node number: 111
LP objective value: 3070.95
Node lower bound: 3070.95
Node upper bound: 3311.18
gap to the primal bound: 0.145581
Preck submodel is infeasible, continue branching
Time limit exceeded (1340s), stopping submodel solve loop
General disjunction: No feasible solution found, use SCIP default branching rule
_____________________________________
Now starting branching with general disjunction
Current branching Node number: 113
Relpscost reduced domain, skip general disjunction branching
_____________________________________
Now starting branching with general disjunction
Current branching Node number: 113
LP objective value: 3171.87
Node lower bound: 3171.92
Node upper bound: 3311.18
gap to the primal bound: 0.145581
Preck submodel is infeasible, continue branching
Time limit exceeded (1386.75s), stopping submodel solve loop
General disjunction: No feasible solution found, use SCIP default branching rule
_____________________________________
Now starting branching with general disjunction
Current branching Node number: 115
Relpscost reduced domain, skip general disjunction branching
_____________________________________
Now starting branching with general disjunction
Current branching Node number: 115
Relpscost reduced domain, skip general disjunction branching
_____________________________________
Now starting branching with general disjunction
Current branching Node number: 115
Relpscost reduced domain, skip general disjunction branching
_____________________________________
Now starting branching with general disjunction
Current branching Node number: 115
Relpscost reduced domain, skip general disjunction branching
_____________________________________
Now starting branching with general disjunction
Current branching Node number: 115
Relpscost reduced domain, skip general disjunction branching
_____________________________________
Now starting branching with general disjunction
Current branching Node number: 115
Relpscost reduced domain, skip general disjunction branching
_____________________________________
Now starting branching with general disjunction
Current branching Node number: 115
Relpscost reduced domain, skip general disjunction branching
_____________________________________
Now starting branching with general disjunction
Current branching Node number: 115
Relpscost reduced domain, skip general disjunction branching
_____________________________________
Now starting branching with general disjunction
Current branching Node number: 115
Relpscost reduced domain, skip general disjunction branching
_____________________________________
Now starting branching with general disjunction
Current branching Node number: 115
Relpscost reduced domain, skip general disjunction branching
_____________________________________
Now starting branching with general disjunction
Current branching Node number: 115
Relpscost reduced domain, skip general disjunction branching
_____________________________________
Now starting branching with general disjunction
Current branching Node number: 115
Relpscost reduced domain, skip general disjunction branching
_____________________________________
Now starting branching with general disjunction
Current branching Node number: 115
LP objective value: 3279.96
Node lower bound: 3282.42
Node upper bound: 3311.18
gap to the primal bound: 0.145581
Preck submodel is infeasible, continue branching
Time limit exceeded (1092.51s), stopping submodel solve loop
General disjunction: No feasible solution found, use SCIP default branching rule
_____________________________________
Now starting branching with general disjunction
Current branching Node number: 116
Relpscost reduced domain, skip general disjunction branching
_____________________________________
Now starting branching with general disjunction
Current branching Node number: 116
Relpscost reduced domain, skip general disjunction branching
_____________________________________
Now starting branching with general disjunction
Current branching Node number: 116
Relpscost reduced domain, skip general disjunction branching
_____________________________________
Now starting branching with general disjunction
Current branching Node number: 116
Relpscost reduced domain, skip general disjunction branching
_____________________________________
Now starting branching with general disjunction
Current branching Node number: 116
Relpscost reduced domain, skip general disjunction branching
_____________________________________
Now starting branching with general disjunction
Current branching Node number: 116
LP objective value: 3297.39
Node lower bound: 3303.42
Node upper bound: 3311.18
gap to the primal bound: 0.145581
Preck submodel is infeasible, continue branching
General disjunction: Both Children are added
_____________________________________
Now starting branching with general disjunction
Current branching Node number: 118
Relpscost reduced domain, skip general disjunction branching
_____________________________________
Now starting branching with general disjunction
Current branching Node number: 118
Relpscost reduced domain, skip general disjunction branching
_____________________________________
Now starting branching with general disjunction
Current branching Node number: 119
Relpscost reduced domain, skip general disjunction branching
_____________________________________
Now starting branching with general disjunction
Current branching Node number: 108
LP objective value: 2941.97
Node lower bound: 2941.97
Node upper bound: 3311.18
gap to the primal bound: 0.145581
Preck submodel is infeasible, continue branching
Time limit exceeded (1015.61s), stopping submodel solve loop
General disjunction: No feasible solution found, use SCIP default branching rule
_____________________________________
Now starting branching with general disjunction
Current branching Node number: 121
LP objective value: 3039.61
Node lower bound: 3039.61
Node upper bound: 3311.18
gap to the primal bound: 0.145581
Preck submodel is infeasible, continue branching
Time limit exceeded (1027.21s), stopping submodel solve loop
General disjunction: No feasible solution found, use SCIP default branching rule
_____________________________________
Now starting branching with general disjunction
Current branching Node number: 123
Relpscost reduced domain, skip general disjunction branching
_____________________________________
Now starting branching with general disjunction
Current branching Node number: 123
LP objective value: 3119.85
Node lower bound: 3125.51
Node upper bound: 3311.18
gap to the primal bound: 0.145581
Preck submodel is infeasible, continue branching
Time limit exceeded (1387.8s), stopping submodel solve loop
General disjunction: No feasible solution found, use SCIP default branching rule
 1258m|   100 |    25 |  1941 |  16.6 |    15M |  18 |2013 | 233 | 233 |   0 |  2 |   0 | 517 | 2.890395e+03 | 3.311180e+03 |  14.56%|  11.49%
_____________________________________
Now starting branching with general disjunction
Current branching Node number: 124
LP objective value: 3125.51
Node lower bound: 3127.93
Node upper bound: 3311.18
gap to the primal bound: 0.145581
Preck submodel is infeasible, continue branching
Time limit exceeded (1694.98s), stopping submodel solve loop
General disjunction: No feasible solution found, use SCIP default branching rule
_____________________________________
Now starting branching with general disjunction
Current branching Node number: 127
Relpscost reduced domain, skip general disjunction branching
_____________________________________
Now starting branching with general disjunction
Current branching Node number: 127
Relpscost reduced domain, skip general disjunction branching
_____________________________________
Now starting branching with general disjunction
Current branching Node number: 127
Relpscost reduced domain, skip general disjunction branching
_____________________________________
Now starting branching with general disjunction
Current branching Node number: 127
Relpscost reduced domain, skip general disjunction branching
_____________________________________
Now starting branching with general disjunction
Current branching Node number: 127
LP objective value: 3196.44
Node lower bound: 3198.1
Node upper bound: 3311.18
gap to the primal bound: 0.145581
Preck submodel is infeasible, continue branching
Time limit exceeded (1200.95s), stopping submodel solve loop
General disjunction: No feasible solution found, use SCIP default branching rule
_____________________________________
Now starting branching with general disjunction
Current branching Node number: 128
LP objective value: 3203.74
Node lower bound: 3211.48
Node upper bound: 3311.18
gap to the primal bound: 0.145581
Preck submodel is infeasible, continue branching
Time limit exceeded (1050.01s), stopping submodel solve loop
General disjunction: No feasible solution found, use SCIP default branching rule
_____________________________________
Now starting branching with general disjunction
Current branching Node number: 130
LP objective value: 3206.17
Node lower bound: 3218.78
Node upper bound: 3311.18
gap to the primal bound: 0.145581
Preck submodel is infeasible, continue branching
Time limit exceeded (1132.42s), stopping submodel solve loop
General disjunction: No feasible solution found, use SCIP default branching rule
_____________________________________
Now starting branching with general disjunction
Current branching Node number: 130
Relpscost reduced domain, skip general disjunction branching
_____________________________________
Now starting branching with general disjunction
Current branching Node number: 130
LP objective value: 3212.43
Node lower bound: 3218.78
Node upper bound: 3311.18
gap to the primal bound: 0.145581
Preck submodel is infeasible, continue branching
Time limit exceeded (1544.01s), stopping submodel solve loop
General disjunction: No feasible solution found, use SCIP default branching rule
_____________________________________
Now starting branching with general disjunction
Current branching Node number: 133
LP objective value: 3254.48
Node lower bound: 3254.48
Node upper bound: 3311.18
gap to the primal bound: 0.145581
Preck submodel is infeasible, continue branching
Time limit exceeded (1360.13s), stopping submodel solve loop
General disjunction: No feasible solution found, use SCIP default branching rule
_____________________________________
Now starting branching with general disjunction
Current branching Node number: 134
LP objective value: 3262.23
Node lower bound: 3262.83
Node upper bound: 3311.18
gap to the primal bound: 0.145581
Preck submodel is infeasible, continue branching
Time limit exceeded (1470.37s), stopping submodel solve loop
General disjunction: No feasible solution found, use SCIP default branching rule
_____________________________________
Now starting branching with general disjunction
Current branching Node number: 136
Relpscost reduced domain, skip general disjunction branching
_____________________________________
Now starting branching with general disjunction
Current branching Node number: 136
LP objective value: 3266.44
Node lower bound: 3266.44
Node upper bound: 3311.18
gap to the primal bound: 0.145581
Preck submodel is infeasible, continue branching
Time limit exceeded (1036.94s), stopping submodel solve loop
General disjunction: No feasible solution found, use SCIP default branching rule
_____________________________________
Now starting branching with general disjunction
Current branching Node number: 138
LP objective value: 3267.22
Node lower bound: 3267.22
Node upper bound: 3311.18
gap to the primal bound: 0.145581
Preck submodel is infeasible, continue branching
Time limit exceeded (1382.27s), stopping submodel solve loop
General disjunction: No feasible solution found, use SCIP default branching rule

SCIP Status        : solving was interrupted [time limit reached]
Solving Time (sec) : 87371.86
Solving Nodes      : 114
Primal Bound       : +3.31117998412251e+03 (393 solutions)
Dual Bound         : +2.89039457471255e+03
Gap                : 14.56 %

primal solution:
================

objective value:                     3311.17998412251
x379                                                1 	(obj:34.7499988973141)
x381                                                1 	(obj:57.7500000596046)
x390                                                1 	(obj:30.0300000309944)
x1830                                               1 	(obj:48.5100000500679)
x448                                                1 	(obj:15.3999999165535)
x454                                                1 	(obj:84.8399991989136)
x469                                                1 	(obj:22.239999294281)
x607                                                1 	(obj:90.8999991416931)
x616                                                1 	(obj:151.499998569489)
x664                                                1 	(obj:13.1999999284744)
x668                                                1 	(obj:40.080001115799)
x697                                                1 	(obj:51.5099995136261)
x715                                                1 	(obj:103.019999027252)
x725                                                1 	(obj:104.880000114441)
x811                                                1 	(obj:33.3599989414215)
x1956                                               1 	(obj:224.070000231266)
x873                                                1 	(obj:27.8100000321865)
x921                                                1 	(obj:34.6500000357628)
x952                                                1 	(obj:25.8499998599291)
x1930                                               1 	(obj:227.249997854233)
x1195                                               1 	(obj:13.7499999254942)
x1214                                               1 	(obj:24.8199996352196)
x1271                                               1 	(obj:25.0500006973743)
x1341                                               1 	(obj:14.4200000166893)
x1899                                               1 	(obj:25.7500000298023)
x1444                                               1 	(obj:75.7499992847443)
x1489                                               1 	(obj:118.169998884201)
x1517                                               1 	(obj:56.8100000619888)
x1560                                               1 	(obj:73.9200000762939)
x1624                                               1 	(obj:133.31999874115)
x1872                                               1 	(obj:57.6800000667572)
x1687                                               1 	(obj:84.8399991989136)
x1723                                               1 	(obj:90.8999991416931)
x1764                                               1 	(obj:3.09000000357628)
x1786                                               1 	(obj:84.8399991989136)
x1752                                               2 	(obj:284.849999248981)
x1644                                               1 	(obj:272.18999928236)
x393                                                2 	(obj:82.2899997830391)
x2                                                106 	(obj:0)
x3                                                500 	(obj:0)
x39                                                93 	(obj:0)
x142                                              216 	(obj:0)
x154                                              432 	(obj:0)
x57                                                 5 	(obj:0)
x240                                               19 	(obj:0)
x158                                               93 	(obj:0)
x40                                               143 	(obj:0)
x120                                               96 	(obj:0)
x151                                               91 	(obj:0)
x174                                               92 	(obj:0)
x177                                               62 	(obj:0)
x10                                                97 	(obj:0)
x12                                                35 	(obj:0)
x330                                               96 	(obj:0)
x168                                               21 	(obj:0)
x351                                                3 	(obj:0)
x95                                                12 	(obj:0)
x128                                              142 	(obj:0)
x171                                               15 	(obj:0)
x210                                               94 	(obj:0)
x316                                               63 	(obj:0)
x211                                               96 	(obj:0)
x125                                               95 	(obj:0)
x140                                               96 	(obj:0)
x34                                                52 	(obj:0)
x37                                                89 	(obj:0)
x276                                                6 	(obj:0)
x101                                               42 	(obj:0)
x339                                               18 	(obj:0)
x233                                               36 	(obj:0)
x292                                               13 	(obj:0)
x346                                               57 	(obj:0)
x62                                              64.5 	(obj:0)
x245                                              7.5 	(obj:0)
x66                                                 6 	(obj:0)

Statistics
==========

SCIP Status        : solving was interrupted [time limit reached]
Total Time         :   87371.89
  solving          :   87371.86
  presolving       :       0.02 (included in solving)
  reading          :       0.03
  copying          :       0.00 (0 times copied the problem)
Original Problem   :
  Problem name     : 50v-10
  Variables        : 2013 (1464 binary, 183 integer, 0 implicit integer, 366 continuous)
  Constraints      : 233 initial, 233 maximal
  Objective        : minimize, 1647 non-zeros (abs.min = 1.65, abs.max = 721.62)
Presolved Problem  :
  Problem name     : t_50v-10
  Variables        : 2013 (1464 binary, 183 integer, 0 implicit integer, 366 continuous)
  Constraints      : 233 initial, 233 maximal
  Objective        : minimize, 1647 non-zeros (abs.min = 1.65, abs.max = 721.62)
  Nonzeros         : 2745 constraint, 0 clique table
Presolvers         :   ExecTime  SetupTime  Calls  FixedVars   AggrVars   ChgTypes  ChgBounds   AddHoles    DelCons    AddCons   ChgSides   ChgCoefs
  boundshift       :       0.00       0.00      0          0          0          0          0          0          0          0          0          0
  convertinttobin  :       0.00       0.00      0          0          0          0          0          0          0          0          0          0
  domcol           :       0.00       0.00      1          0          0          0          0          0          0          0          0          0
  dualagg          :       0.00       0.00      0          0          0          0          0          0          0          0          0          0
  dualcomp         :       0.00       0.00      1          0          0          0          0          0          0          0          0          0
  dualinfer        :       0.00       0.00      0          0          0          0          0          0          0          0          0          0
  dualsparsify     :       0.00       0.00      1          0          0          0          0          0          0          0          0          0
  gateextraction   :       0.00       0.00      0          0          0          0          0          0          0          0          0          0
  implics          :       0.00       0.00      1          0          0          0          0          0          0          0          0          0
  inttobinary      :       0.00       0.00      2          0          0          0          0          0          0          0          0          0
  qpkktref         :       0.00       0.00      0          0          0          0          0          0          0          0          0          0
  redvub           :       0.00       0.00      0          0          0          0          0          0          0          0          0          0
  sparsify         :       0.00       0.00      1          0          0          0          0          0          0          0          0          0
  stuffing         :       0.00       0.00      0          0          0          0          0          0          0          0          0          0
  trivial          :       0.00       0.00      2          0          0          0          0          0          0          0          0          0
  tworowbnd        :       0.00       0.00      0          0          0          0          0          0          0          0          0          0
  dualfix          :       0.00       0.00      2          0          0          0          0          0          0          0          0          0
  genvbounds       :       0.00       0.00      0          0          0          0          0          0          0          0          0          0
  probing          :       0.00       0.00      1          0          0          0          0          0          0          0          0          0
  pseudoobj        :       0.00       0.00      1          0          0          0        183          0          0          0          0          0
  symmetry         :       0.00       0.00      1          0          0          0          0          0          0          0          0          0
  vbounds          :       0.00       0.00      0          0          0          0          0          0          0          0          0          0
  linear           :       0.00       0.00      3          0          0          0        366          0          0          0          0          0
  benders          :       0.00       0.00      0          0          0          0          0          0          0          0          0          0
  components       :       0.00       0.00      1          0          0          0          0          0          0          0          0          0
  root node        :          -          -      -         28          -          -        442          -          -          -          -          -
Constraints        :     Number  MaxNumber  #Separate #Propagate    #EnfoLP    #EnfoRelax  #EnfoPS    #Check   #ResProp    Cutoffs    DomReds       Cuts    Applied      Conss   Children
  benderslp        :          0          0          0          0        202          0          0        395          0          0          0          0          0          0          0
  integral         :          0          0          0          0        202          0          0        395          0          0        289          0          0          0        140
  linear           :        233+       234          0         65          0          0          0        393          0          0        294          0          0          0          0
  benders          :          0          0          0          0          0          0          0        394          0          0          0          0          0          0          0
  fixedvar         :          0          0          0          0          0          0          0        394          0          0          0          0          0          0          0
  countsols        :          0          0          0          0          0          0          0        394          0          0          0          0          0          0          0
  components       :          0          0          0          0          0          0          0          0          0          0          0          0          0          0          0
Constraint Timings :  TotalTime  SetupTime   Separate  Propagate     EnfoLP     EnfoPS     EnfoRelax   Check    ResProp    SB-Prop
  benderslp        :       0.00       0.00       0.00       0.00       0.00       0.00       0.00       0.00       0.00       0.00
  integral         :   87371.73       0.00       0.00       0.00   87371.72       0.00       0.00       0.01       0.00       0.00
  linear           :       0.00       0.00       0.00       0.00       0.00       0.00       0.00       0.00       0.00       0.00
  benders          :       0.00       0.00       0.00       0.00       0.00       0.00       0.00       0.00       0.00       0.00
  fixedvar         :       0.00       0.00       0.00       0.00       0.00       0.00       0.00       0.00       0.00       0.00
  countsols        :       0.00       0.00       0.00       0.00       0.00       0.00       0.00       0.00       0.00       0.00
  components       :       0.00       0.00       0.00       0.00       0.00       0.00       0.00       0.00       0.00       0.00
Propagators        : #Propagate   #ResProp    Cutoffs    DomReds
  dualfix          :          9          0          0          0
  genvbounds       :          0          0          0          0
  nlobbt           :          0          0          0          0
  obbt             :          0          0          0          0
  probing          :          0          0          0          0
  pseudoobj        :         21          0          0          0
  redcost          :         10          0          0        145
  rootredcost      :          0          0          0          0
  symmetry         :          0          0          0          0
  vbounds          :          0          0          0          0
Propagator Timings :  TotalTime  SetupTime   Presolve  Propagate    ResProp    SB-Prop
  dualfix          :       0.00       0.00       0.00       0.00       0.00       0.00
  genvbounds       :       0.00       0.00       0.00       0.00       0.00       0.00
  nlobbt           :       0.00       0.00       0.00       0.00       0.00       0.00
  obbt             :       0.00       0.00       0.00       0.00       0.00       0.00
  probing          :       0.00       0.00       0.00       0.00       0.00       0.00
  pseudoobj        :       0.00       0.00       0.00       0.00       0.00       0.00
  redcost          :       0.00       0.00       0.00       0.00       0.00       0.00
  rootredcost      :       0.00       0.00       0.00       0.00       0.00       0.00
  symmetry         :       0.00       0.00       0.00       0.00       0.00       0.00
  vbounds          :       0.00       0.00       0.00       0.00       0.00       0.00
Symmetry           :
  orbitopal red.   :          0 reductions applied,          0 cutoffs
  orbital reduction:          0 reductions applied,          0 cutoffs
  lexicographic red:          0 reductions applied,          0 cutoffs
  shadow tree time :       0.00 s
Conflict Analysis  :       Time      Calls    Success    DomReds  Conflicts   Literals    Reconvs ReconvLits   Dualrays   Nonzeros   LP Iters   (pool size: [--,--])
  propagation      :       0.00          0          0          -          0        0.0          0        0.0          -          -          -
  infeasible LP    :       0.00          0          0          -          0        0.0          0        0.0          0        0.0          0
  bound exceed. LP :       0.00          0          0          -          0        0.0          0        0.0          0        0.0          0
  strong branching :       0.00          0          0          -          0        0.0          0        0.0          -          -          0
  pseudo solution  :       0.00          0          0          -          0        0.0          0        0.0          -          -          -
  applied globally :       0.00          -          -          0          0        0.0          -          -          0          -          -
  applied locally  :          -          -          -          0          0        0.0          -          -          0          -          -
Separators         :   ExecTime  SetupTime      Calls  RootCalls    Cutoffs    DomReds  FoundCuts ViaPoolAdd  DirectAdd    Applied ViaPoolApp  DirectApp      Conss
  cut pool         :       0.00          -          0          0          -          -          0          0          -          -          -          -          -    (maximal pool size:          0)
  aggregation      :       0.00       0.00          0          0          0          0          0          0          0          0          0          0          0
  > cmir           :          -          -          -          -          -          -          -          0          0          0          0          0          -
  > flowcover      :          -          -          -          -          -          -          -          0          0          0          0          0          -
  > knapsackcover  :          -          -          -          -          -          -          -          0          0          0          0          0          -
  cgmip            :       0.00       0.00          0          0          0          0          0          0          0          0          0          0          0
  clique           :       0.00       0.00          0          0          0          0          0          0          0          0          0          0          0
  closecuts        :       0.00       0.00          0          0          0          0          0          0          0          0          0          0          0
  convexproj       :       0.00       0.00          0          0          0          0          0          0          0          0          0          0          0
  disjunctive      :       0.00       0.00          0          0          0          0          0          0          0          0          0          0          0
  eccuts           :       0.00       0.00          0          0          0          0          0          0          0          0          0          0          0
  gauge            :       0.00       0.00          0          0          0          0          0          0          0          0          0          0          0
  gomory           :       0.00       0.00          0          0          0          0          0          0          0          0          0          0          0
  > gomorymi       :          -          -          -          -          -          -          -          0          0          0          0          0          -
  > strongcg       :          -          -          -          -          -          -          -          0          0          0          0          0          -
  impliedbounds    :       0.00       0.00          0          0          0          0          0          0          0          0          0          0          0
  interminor       :       0.00       0.00          0          0          0          0          0          0          0          0          0          0          0
  intobj           :       0.00       0.00          0          0          0          0          0          0          0          0          0          0          0
  lagromory        :       0.00       0.00          0          0          0          0          0          0          0          0          0          0          0
  mcf              :       0.00       0.00          0          0          0          0          0          0          0          0          0          0          0
  minor            :       0.00       0.00          0          0          0          0          0          0          0          0          0          0          0
  mixing           :       0.00       0.00          0          0          0          0          0          0          0          0          0          0          0
  oddcycle         :       0.00       0.00          0          0          0          0          0          0          0          0          0          0          0
  rapidlearning    :       0.00       0.00          0          0          0          0          0          0          0          0          0          0          0
  rlt              :       0.00       0.00          0          0          0          0          0          0          0          0          0          0          0
  zerohalf         :       0.00       0.00          0          0          0          0          0          0          0          0          0          0          0
Cutselectors       :   ExecTime  SetupTime      Calls  RootCalls   Selected     Forced   Filtered  RootSelec   RootForc   RootFilt 
  hybrid           :       0.00       0.00          0          0          0          0          0          0          0          0
  ensemble         :       0.00       0.00          0          0          0          0          0          0          0          0
  dynamic          :       0.00       0.00          0          0          0          0          0          0          0          0
Pricers            :   ExecTime  SetupTime      Calls       Vars
  problem variables:       0.00          -          0          0
Branching Rules    :   ExecTime  SetupTime   BranchLP  BranchExt   BranchPS    Cutoffs    DomReds       Cuts      Conss   Children
  allfullstrong    :       0.00       0.00          0          0          0          0          0          0          0          0
  cloud            :       0.00       0.00          0          0          0          0          0          0          0          0
  distribution     :       0.00       0.00          0          0          0          0          0          0          0          0
  fullstrong       :       0.00       0.00          0          0          0          0          0          0          0          0
  general_disjuncti:   87371.69       0.00        202          0          0          0        283          0          0          2
  GeneralDisjunction(extra): subMILPs=477 fairNodes of all MILPs=1449751 probingLPs=36
  gomory           :       0.00       0.00          0          0          0          0          0          0          0          0
  inference        :       0.00       0.00          0          0          0          0          0          0          0          0
  leastinf         :       0.00       0.00          0          0          0          0          0          0          0          0
  lookahead        :       0.00       0.00          0          0          0          0          0          0          0          0
  mostinf          :       0.00       0.00          0          0          0          0          0          0          0          0
  multaggr         :       0.00       0.00          0          0          0          0          0          0          0          0
  nodereopt        :       0.00       0.00          0          0          0          0          0          0          0          0
  pscost           :       0.00       0.00          0          0          0          0          0          0          0          0
  random           :       0.00       0.00          0          0          0          0          0          0          0          0
  relpscost        :       0.03       0.00         71          0          0          0          6          0          0        138
  vanillafullstrong:       0.00       0.00          0          0          0          0          0          0          0          0
Primal Heuristics  :   ExecTime  SetupTime      Calls      Found       Best
  LP solutions     :       0.00          -          -          0          0
  relax solutions  :       0.00          -          -          0          0
  pseudo solutions :       0.00          -          -          0          0
  strong branching :       0.06          -          -        392          0
  actconsdiving    :       0.00       0.00          0          0          0
  adaptivediving   :       0.00       0.00          0          0          0
  alns             :       0.00       0.00          0          0          0
  bound            :       0.00       0.00          0          0          0
  clique           :       0.00       0.00          0          0          0
  coefdiving       :       0.00       0.00          0          0          0
  completesol      :       0.00       0.00          0          0          0
  conflictdiving   :       0.00       0.00          0          0          0
  crossover        :       0.00       0.00          0          0          0
  dins             :       0.00       0.00          0          0          0
  distributiondivin:       0.00       0.00          0          0          0
  dps              :       0.00       0.00          0          0          0
  dualval          :       0.00       0.00          0          0          0
  farkasdiving     :       0.00       0.00          0          0          0
  feaspump         :       0.00       0.00          0          0          0
  fixandinfer      :       0.00       0.00          0          0          0
  fracdiving       :       0.00       0.00          0          0          0
  gins             :       0.00       0.00          0          0          0
  guideddiving     :       0.00       0.00          0          0          0
  indicator        :       0.00       0.00          0          0          0
  indicatordiving  :       0.00       0.00          0          0          0
  intdiving        :       0.00       0.00          0          0          0
  intshifting      :       0.00       0.00          0          0          0
  linesearchdiving :       0.00       0.00          0          0          0
  localbranching   :       0.00       0.00          0          0          0
  locks            :       0.00       0.00          0          0          0
  lpface           :       0.00       0.00          0          0          0
  mpec             :       0.00       0.00          0          0          0
  multistart       :       0.00       0.00          0          0          0
  mutation         :       0.00       0.00          0          0          0
  nlpdiving        :       0.00       0.00          0          0          0
  objpscostdiving  :       0.00       0.00          0          0          0
  octane           :       0.00       0.00          0          0          0
  ofins            :       0.00       0.00          0          0          0
  oneopt           :       0.00       0.00          0          0          0
  padm             :       0.00       0.00          0          0          0
  proximity        :       0.00       0.00          0          0          0
  pscostdiving     :       0.00       0.00          0          0          0
  randrounding     :       0.00       0.00          0          0          0
  rens             :       0.00       0.00          0          0          0
  reoptsols        :       0.00       0.00          0          0          0
  repair           :       0.00       0.00          0          0          0
  rins             :       0.00       0.00          0          0          0
  rootsoldiving    :       0.00       0.00          0          0          0
  rounding         :       0.00       0.00          0          0          0
  scheduler        :       0.00       0.00          0          0          0
  shiftandpropagate:       0.00       0.00          0          0          0
  shifting         :       0.00       0.00          0          0          0
  simplerounding   :       0.00       0.00          0          0          0
  subnlp           :       0.00       0.00          0          0          0
  trivial          :       0.00       0.00          0          0          0
  trivialnegation  :       0.00       0.00          0          0          0
  trustregion      :       0.00       0.00          0          0          0
  trysol           :       0.00       0.00          0          0          0
  twoopt           :       0.00       0.00          0          0          0
  undercover       :       0.00       0.00          0          0          0
  vbounds          :       0.00       0.00          0          0          0
  veclendiving     :       0.00       0.00          0          0          0
  zeroobj          :       0.00       0.00          0          0          0
  zirounding       :       0.00       0.00          0          0          0
  other solutions  :          -          -          -          1          -
LNS (Scheduler)    :      Calls  SetupTime  SolveTime SolveNodes       Sols       Best       Exp3    Exp3-IX  EpsGreedy        UCB TgtFixRate  Opt  Inf Node Stal  Sol  Usr Othr Actv
  rens             :          0       0.00       0.00          0          0          0    0.00000    0.12500   -1.00000    1.00000      0.900    0    0    0    0    0    0    0    1
  rins             :          0       0.00       0.00          0          0          0    0.00000    0.12500   -1.00000    1.00000      0.900    0    0    0    0    0    0    0    1
  mutation         :          0       0.00       0.00          0          0          0    0.00000    0.12500   -1.00000    1.00000      0.900    0    0    0    0    0    0    0    1
  localbranching   :          0       0.00       0.00          0          0          0    0.00000    0.12500   -1.00000    1.00000      0.900    0    0    0    0    0    0    0    1
  crossover        :          0       0.00       0.00          0          0          0    0.00000    0.12500   -1.00000    1.00000      0.900    0    0    0    0    0    0    0    1
  proximity        :          0       0.00       0.00          0          0          0    0.00000    0.12500   -1.00000    1.00000      0.900    0    0    0    0    0    0    0    1
  zeroobjective    :          0       0.00       0.00          0          0          0    0.00000    0.12500   -1.00000    1.00000      0.900    0    0    0    0    0    0    0    1
  dins             :          0       0.00       0.00          0          0          0    0.00000    0.12500   -1.00000    1.00000      0.900    0    0    0    0    0    0    0    1
  trustregion      :          0       0.00       0.00          0          0          0    0.00000    0.00000   -1.00000    1.00000      0.900    0    0    0    0    0    0    0    0
LP                 :       Time      Calls Iterations  Iter/call   Iter/sec  Time-0-It Calls-0-It    ItLimit
  primal LP        :       0.00          0          0       0.00          -       0.00          0
  dual LP          :       0.07        250       1945       7.91   26387.91       0.00          4
  lex dual LP      :       0.00          0          0       0.00          -
  barrier LP       :       0.00          0          0       0.00          -       0.00          0
  resolve instable :       0.00          0          0       0.00          -
  diving/probing LP:       0.04         36        147       4.08    3709.78
  strong branching :       0.22        567       4942       8.72   22018.66          -          -         61
    (at root node) :          -         32        495      15.47          -
  conflict analysis:       0.00          0          0       0.00          -
B&B Tree           :
  number of runs   :          1
  nodes            :        114 (70 internal, 44 leaves)
  feasible leaves  :          0
  infeas. leaves   :          0
  objective leaves :         44
  nodes (total)    :        114 (70 internal, 44 leaves)
  nodes left       :         27
  max depth        :         20
  max depth (total):         20
  backtracks       :          9 (7.9%)
  early backtracks :          0 (0.0%)
  nodes exc. ref.  :          0 (0.0%)
  delayed cutoffs  :          0
  repropagations   :          0 (0 domain reductions, 0 cutoffs)
  avg switch length:       1.82
  switching time   :       0.00
Root Node          :
  First LP value   : +2.87906568685367e+03
  First LP Iters   :        294 (30098.28 Iter/sec)
  First LP Time    :       0.01
  Final Dual Bound : +2.89039457471255e+03
  Final Root Iters :        297
  Root LP Estimate : +2.95157070030290e+03
Solution           :
  Solutions found  :        393 (1 improvements)
  First Solution   : +3.31117998412251e+03   (in run 0, after 0 nodes, 0.00 seconds, depth -1, found by <initial>)
  Gap First Sol.   :   infinite
  Gap Last Sol.    :   infinite
  Primal Bound     : +3.31117998412251e+03   (in run 0, after 0 nodes, 0.00 seconds, depth -1, found by <initial>)
  Dual Bound       : +2.89039457471255e+03
  Gap              :      14.56 %
Integrals          :      Total       Avg%
  primal-dual      : 1110326.55      12.71
  primal-ref       :          -          - (not evaluated)
  dual-ref         :          -          - (not evaluated)
