SCIP version 9.2.2 [precision: 8 byte] [memory: block] [mode: optimized] [LP solver: CPLEX 12.10.0.0] [GitHash: 416226a4f8]
Copyright (c) 2002-2025 Zuse Institute Berlin (ZIB)

reading parameter file </scratch/htc/yzhou/exp_scipmip/settings/sandbox_gendj.set>

read problem </scratch/htc/yzhou/exp_scipmip/instances/additionals/air04.mps>
============

original problem has 8904 variables (8904 bin, 0 int, 0 impl, 0 cont) and 823 constraints
    823 constraints of type <linear>
Reading Time: 0.08

read solution </scratch/htc/yzhou/solutions/air04.sol>
============

primal solution from solution file </scratch/htc/yzhou/solutions/air04.sol> was accepted as candidate, will be checked when solving starts
original problem has 8904 variables (8904 bin, 0 int, 0 impl, 0 cont) and 823 constraints
    823 constraints of type <linear>
Reading Time: 0.11
solve problem
=============
LP Solver <CPLEX 12.10.0.0>: fastmip setting not available -- SCIP parameter has no effect
LP Solver <CPLEX 12.10.0.0>: clock type cannot be set
LP Solver <CPLEX 12.10.0.0>: row representation of the basis not available -- SCIP parameter lp/rowrepswitch has no effect
LP Solver <CPLEX 12.10.0.0>: solution polishing not available -- SCIP parameter lp/solutionpolishing has no effect
LP Solver <CPLEX 12.10.0.0>: refactorization interval not available -- SCIP parameter lp/refactorinterval has no effect
1/1 feasible solution given by solution candidate storage, new primal bound 5.613700e+04

transformed problem has 8904 variables (8904 bin, 0 int, 0 impl, 0 cont) and 823 constraints
    823 constraints of type <linear>

original problem has 72965 active (0.995703%) nonzeros and 72965 (0.995703%) check nonzeros

presolving:
clique table cleanup detected 18 bound changes
(round 1, fast)       31 del vars, 3 del conss, 0 add conss, 11 chg bounds, 0 chg sides, 0 chg coeffs, 0 upgd conss, 0 impls, 777 clqs
(round 2, fast)       49 del vars, 4 del conss, 0 add conss, 11 chg bounds, 0 chg sides, 0 chg coeffs, 0 upgd conss, 0 impls, 777 clqs
(round 3, exhaustive) 49 del vars, 46 del conss, 0 add conss, 11 chg bounds, 0 chg sides, 0 chg coeffs, 0 upgd conss, 0 impls, 777 clqs
(round 4, exhaustive) 49 del vars, 46 del conss, 0 add conss, 11 chg bounds, 0 chg sides, 0 chg coeffs, 777 upgd conss, 0 impls, 777 clqs
(round 5, medium)     54 del vars, 46 del conss, 0 add conss, 11 chg bounds, 5 chg sides, 5 chg coeffs, 777 upgd conss, 0 impls, 777 clqs
(round 6, exhaustive) 985 del vars, 161 del conss, 0 add conss, 11 chg bounds, 5 chg sides, 5 chg coeffs, 777 upgd conss, 0 impls, 645 clqs
clique table cleanup detected 28 bound changes
(round 7, fast)       1015 del vars, 180 del conss, 0 add conss, 11 chg bounds, 5 chg sides, 5 chg coeffs, 777 upgd conss, 0 impls, 642 clqs
(round 8, fast)       1043 del vars, 181 del conss, 0 add conss, 11 chg bounds, 5 chg sides, 5 chg coeffs, 777 upgd conss, 0 impls, 642 clqs
(round 9, medium)     1063 del vars, 182 del conss, 0 add conss, 11 chg bounds, 24 chg sides, 24 chg coeffs, 777 upgd conss, 0 impls, 642 clqs
(round 10, exhaustive) 1279 del vars, 205 del conss, 0 add conss, 11 chg bounds, 24 chg sides, 24 chg coeffs, 777 upgd conss, 0 impls, 621 clqs
(round 11, exhaustive) 1292 del vars, 210 del conss, 0 add conss, 11 chg bounds, 24 chg sides, 24 chg coeffs, 777 upgd conss, 0 impls, 616 clqs
(round 12, medium)     1293 del vars, 210 del conss, 0 add conss, 11 chg bounds, 25 chg sides, 25 chg coeffs, 777 upgd conss, 0 impls, 616 clqs
(round 13, exhaustive) 1328 del vars, 210 del conss, 0 add conss, 11 chg bounds, 25 chg sides, 25 chg coeffs, 777 upgd conss, 0 impls, 616 clqs
   (0.3s) probing: 100/7622 (1.3%) - 5 fixings, 0 aggregations, 859 implications, 0 bound changes
   (0.3s) probing: 104/7622 (1.4%) - 5 fixings, 0 aggregations, 859 implications, 0 bound changes
   (0.3s) probing aborted: 50/50 successive totally useless probings
   (0.3s) symmetry computation started: requiring (bin +, int +, cont +), (fixed: bin -, int -, cont -)
   (0.4s) no symmetry present (symcode time: 0.00)
clique table cleanup detected 0 bound changes

presolved problem has 49230 active (1.05435%) nonzeros and 49230 (1.05435%) check nonzeros

presolving (14 rounds: 14 fast, 10 medium, 7 exhaustive):
 1333 deleted vars, 210 deleted constraints, 0 added constraints, 11 tightened bounds, 0 added holes, 25 changed sides, 25 changed coefficients
 0 implications, 1475 cliques
presolved problem has 7617 variables (7617 bin, 0 int, 0 impl, 0 cont) and 613 constraints
    613 constraints of type <setppc>
transformed objective value is always integral (scale: 1)
Presolving Time: 0.33
transformed 1/1 original solutions to the transformed problem space

 time | node  | left  |LP iter|LP it/n|mem/heur|mdpt |vars |cons |rows |cuts |sepa|confs|strbr|  dualbound   | primalbound  |  gap   | compl. 
  0.7s|     1 |     0 |  2854 |     - |   136M |   0 |7617 | 613 | 613 |   0 |  0 |   0 |   0 | 5.553544e+04 | 5.613700e+04 |   1.08%| unknown
  0.7s|     1 |     0 |  2854 |     - |   136M |   0 |7617 | 613 | 613 |   0 |  0 |   0 |   0 | 5.553544e+04 | 5.613700e+04 |   1.08%| unknown
_____________________________________
Now starting branching with general disjunction
Current branching Node number: 1
Relpscost reduced domain, skip general disjunction branching
  2.2s|     1 |     0 |  2947 |     - |   136M |   0 |7617 | 613 | 613 |   0 |  1 |   0 |  53 | 5.562005e+04 | 5.613700e+04 |   0.93%| unknown
  2.2s|     1 |     0 |  2947 |     - |   136M |   0 |7617 | 613 | 613 |   0 |  1 |   0 |  53 | 5.562005e+04 | 5.613700e+04 |   0.93%| unknown
_____________________________________
Now starting branching with general disjunction
Current branching Node number: 1
Relpscost reduced domain, skip general disjunction branching
  2.7s|     1 |     0 |  3004 |     - |   136M |   0 |7617 | 613 | 613 |   0 |  2 |   0 |  74 | 5.562005e+04 | 5.613700e+04 |   0.93%| unknown
  2.8s|     1 |     0 |  3004 |     - |   136M |   0 |7617 | 613 | 613 |   0 |  2 |   0 |  74 | 5.562005e+04 | 5.613700e+04 |   0.93%| unknown
_____________________________________
Now starting branching with general disjunction
Current branching Node number: 1
Relpscost reduced domain, skip general disjunction branching
  4.0s|     1 |     0 |  3129 |     - |   136M |   0 |7617 | 613 | 613 |   0 |  3 |   0 | 109 | 5.564602e+04 | 5.613700e+04 |   0.88%| unknown
  4.1s|     1 |     0 |  3129 |     - |   136M |   0 |7617 | 613 | 613 |   0 |  3 |   0 | 109 | 5.564602e+04 | 5.613700e+04 |   0.88%| unknown
_____________________________________
Now starting branching with general disjunction
Current branching Node number: 1
Relpscost reduced domain, skip general disjunction branching
  4.8s|     1 |     0 |  3156 |     - |   136M |   0 |7617 | 613 | 613 |   0 |  4 |   0 | 135 | 5.569125e+04 | 5.613700e+04 |   0.80%| unknown
  4.8s|     1 |     0 |  3156 |     - |   136M |   0 |7617 | 613 | 613 |   0 |  4 |   0 | 135 | 5.569125e+04 | 5.613700e+04 |   0.80%| unknown
_____________________________________
Now starting branching with general disjunction
Current branching Node number: 1
Relpscost reduced domain, skip general disjunction branching
  5.3s|     1 |     0 |  3299 |     - |   136M |   0 |7617 | 613 | 613 |   0 |  5 |   0 | 152 | 5.569125e+04 | 5.613700e+04 |   0.80%| unknown
  5.3s|     1 |     0 |  3299 |     - |   136M |   0 |7617 | 613 | 613 |   0 |  5 |   0 | 152 | 5.569125e+04 | 5.613700e+04 |   0.80%| unknown
_____________________________________
Now starting branching with general disjunction
Current branching Node number: 1
Relpscost reduced domain, skip general disjunction branching
  5.8s|     1 |     0 |  3403 |     - |   136M |   0 |7617 | 609 | 613 |   0 |  6 |   0 | 166 | 5.571029e+04 | 5.613700e+04 |   0.77%| unknown
  5.8s|     1 |     0 |  3403 |     - |   136M |   0 |7617 | 609 | 613 |   0 |  6 |   0 | 166 | 5.571029e+04 | 5.613700e+04 |   0.77%| unknown
_____________________________________
Now starting branching with general disjunction
Current branching Node number: 1
Relpscost reduced domain, skip general disjunction branching
  6.3s|     1 |     0 |  3458 |     - |   136M |   0 |7617 | 609 | 613 |   0 |  7 |   0 | 186 | 5.571088e+04 | 5.613700e+04 |   0.76%| unknown
 time | node  | left  |LP iter|LP it/n|mem/heur|mdpt |vars |cons |rows |cuts |sepa|confs|strbr|  dualbound   | primalbound  |  gap   | compl. 
  6.3s|     1 |     0 |  3458 |     - |   136M |   0 |7617 | 609 | 613 |   0 |  7 |   0 | 186 | 5.571088e+04 | 5.613700e+04 |   0.76%| unknown
_____________________________________
Now starting branching with general disjunction
Current branching Node number: 1
Relpscost reduced domain, skip general disjunction branching
  6.7s|     1 |     0 |  3532 |     - |   136M |   0 |7617 | 609 | 613 |   0 |  8 |   0 | 202 | 5.572261e+04 | 5.613700e+04 |   0.74%| unknown
  6.7s|     1 |     0 |  3532 |     - |   136M |   0 |7617 | 609 | 613 |   0 |  8 |   0 | 202 | 5.572261e+04 | 5.613700e+04 |   0.74%| unknown
_____________________________________
Now starting branching with general disjunction
Current branching Node number: 1
Relpscost reduced domain, skip general disjunction branching
  7.3s|     1 |     0 |  3609 |     - |   136M |   0 |7617 | 609 | 613 |   0 |  9 |   0 | 226 | 5.573485e+04 | 5.613700e+04 |   0.72%| unknown
  7.3s|     1 |     0 |  3609 |     - |   136M |   0 |7617 | 609 | 613 |   0 |  9 |   0 | 226 | 5.573485e+04 | 5.613700e+04 |   0.72%| unknown
_____________________________________
Now starting branching with general disjunction
Current branching Node number: 1
Relpscost reduced domain, skip general disjunction branching
  7.8s|     1 |     0 |  3717 |     - |   136M |   0 |7617 | 609 | 613 |   0 | 10 |   0 | 244 | 5.574732e+04 | 5.613700e+04 |   0.70%| unknown
  7.8s|     1 |     0 |  3717 |     - |   136M |   0 |7617 | 609 | 613 |   0 | 10 |   0 | 244 | 5.574732e+04 | 5.613700e+04 |   0.70%| unknown
  7.8s|     1 |     0 |  3717 |     - |   136M |   0 |7617 | 603 | 613 |   0 | 11 |   0 | 244 | 5.574732e+04 | 5.613700e+04 |   0.70%| unknown
_____________________________________
Now starting branching with general disjunction
Current branching Node number: 1
Relpscost reduced domain, skip general disjunction branching
  8.0s|     1 |     0 |  3794 |     - |   136M |   0 |7617 | 603 | 613 |   0 | 12 |   0 | 260 | 5.575681e+04 | 5.613700e+04 |   0.68%| unknown
  8.0s|     1 |     0 |  3794 |     - |   136M |   0 |7617 | 603 | 612 |   0 | 12 |   0 | 260 | 5.575681e+04 | 5.613700e+04 |   0.68%| unknown
_____________________________________
Now starting branching with general disjunction
Current branching Node number: 1
Relpscost reduced domain, skip general disjunction branching
  8.3s|     1 |     0 |  3837 |     - |   136M |   0 |7617 | 603 | 612 |   0 | 13 |   0 | 274 | 5.576142e+04 | 5.613700e+04 |   0.67%| unknown
  8.3s|     1 |     0 |  3837 |     - |   136M |   0 |7617 | 603 | 612 |   0 | 13 |   0 | 274 | 5.576142e+04 | 5.613700e+04 |   0.67%| unknown
_____________________________________
Now starting branching with general disjunction
Current branching Node number: 1
Relpscost reduced domain, skip general disjunction branching
  8.6s|     1 |     0 |  3912 |     - |   136M |   0 |7617 | 603 | 612 |   0 | 14 |   0 | 286 | 5.577440e+04 | 5.613700e+04 |   0.65%| unknown
  8.6s|     1 |     0 |  3912 |     - |   136M |   0 |7617 | 603 | 612 |   0 | 14 |   0 | 286 | 5.577440e+04 | 5.613700e+04 |   0.65%| unknown
_____________________________________
Now starting branching with general disjunction
Current branching Node number: 1
Relpscost reduced domain, skip general disjunction branching
  8.7s|     1 |     0 |  3938 |     - |   136M |   0 |7617 | 603 | 612 |   0 | 15 |   0 | 293 | 5.577784e+04 | 5.613700e+04 |   0.64%| unknown
 time | node  | left  |LP iter|LP it/n|mem/heur|mdpt |vars |cons |rows |cuts |sepa|confs|strbr|  dualbound   | primalbound  |  gap   | compl. 
  8.7s|     1 |     0 |  3938 |     - |   136M |   0 |7617 | 603 | 612 |   0 | 15 |   0 | 293 | 5.577784e+04 | 5.613700e+04 |   0.64%| unknown
_____________________________________
Now starting branching with general disjunction
Current branching Node number: 1
Relpscost reduced domain, skip general disjunction branching
  8.8s|     1 |     0 |  3973 |     - |   136M |   0 |7617 | 603 | 612 |   0 | 16 |   0 | 300 | 5.578123e+04 | 5.613700e+04 |   0.64%| unknown
  8.8s|     1 |     0 |  3973 |     - |   136M |   0 |7617 | 603 | 612 |   0 | 16 |   0 | 300 | 5.578123e+04 | 5.613700e+04 |   0.64%| unknown
_____________________________________
Now starting branching with general disjunction
Current branching Node number: 1
Relpscost reduced domain, skip general disjunction branching
  8.9s|     1 |     0 |  4030 |     - |   136M |   0 |7617 | 603 | 612 |   0 | 17 |   0 | 307 | 5.578767e+04 | 5.613700e+04 |   0.63%| unknown
  8.9s|     1 |     0 |  4030 |     - |   136M |   0 |7617 | 603 | 612 |   0 | 17 |   0 | 307 | 5.578767e+04 | 5.613700e+04 |   0.63%| unknown
_____________________________________
Now starting branching with general disjunction
Current branching Node number: 1
Relpscost reduced domain, skip general disjunction branching
  9.0s|     1 |     0 |  4115 |     - |   136M |   0 |7617 | 603 | 612 |   0 | 18 |   0 | 312 | 5.579893e+04 | 5.613700e+04 |   0.61%| unknown
  9.0s|     1 |     0 |  4115 |     - |   136M |   0 |7617 | 603 | 612 |   0 | 18 |   0 | 312 | 5.579893e+04 | 5.613700e+04 |   0.61%| unknown
_____________________________________
Now starting branching with general disjunction
Current branching Node number: 1
Relpscost reduced domain, skip general disjunction branching
  9.0s|     1 |     0 |  4163 |     - |   136M |   0 |7617 | 603 | 612 |   0 | 19 |   0 | 318 | 5.580287e+04 | 5.613700e+04 |   0.60%| unknown
  9.0s|     1 |     0 |  4163 |     - |   136M |   0 |7617 | 603 | 612 |   0 | 19 |   0 | 318 | 5.580287e+04 | 5.613700e+04 |   0.60%| unknown
_____________________________________
Now starting branching with general disjunction
Current branching Node number: 1
Relpscost reduced domain, skip general disjunction branching
  9.2s|     1 |     0 |  4283 |     - |   136M |   0 |7617 | 603 | 612 |   0 | 20 |   0 | 326 | 5.581581e+04 | 5.613700e+04 |   0.58%| unknown
  9.2s|     1 |     0 |  4283 |     - |   136M |   0 |7617 | 603 | 612 |   0 | 20 |   0 | 326 | 5.581581e+04 | 5.613700e+04 |   0.58%| unknown
_____________________________________
Now starting branching with general disjunction
Current branching Node number: 1
Relpscost reduced domain, skip general disjunction branching
  9.3s|     1 |     0 |  4358 |     - |   136M |   0 |7617 | 603 | 612 |   0 | 21 |   0 | 335 | 5.582200e+04 | 5.613700e+04 |   0.56%| unknown
  9.3s|     1 |     0 |  4358 |     - |   136M |   0 |7617 | 603 | 612 |   0 | 21 |   0 | 335 | 5.582200e+04 | 5.613700e+04 |   0.56%| unknown
_____________________________________
Now starting branching with general disjunction
Current branching Node number: 1
Relpscost reduced domain, skip general disjunction branching
  9.4s|     1 |     0 |  4401 |     - |   136M |   0 |7617 | 597 | 612 |   0 | 22 |   0 | 341 | 5.582582e+04 | 5.613700e+04 |   0.56%| unknown
  9.4s|     1 |     0 |  4401 |     - |   136M |   0 |7617 | 597 | 612 |   0 | 22 |   0 | 341 | 5.582582e+04 | 5.613700e+04 |   0.56%| unknown
_____________________________________
Now starting branching with general disjunction
Current branching Node number: 1
Relpscost reduced domain, skip general disjunction branching
 time | node  | left  |LP iter|LP it/n|mem/heur|mdpt |vars |cons |rows |cuts |sepa|confs|strbr|  dualbound   | primalbound  |  gap   | compl. 
  9.5s|     1 |     0 |  4499 |     - |   136M |   0 |7617 | 597 | 612 |   0 | 23 |   0 | 352 | 5.584724e+04 | 5.613700e+04 |   0.52%| unknown
  9.5s|     1 |     0 |  4499 |     - |   136M |   0 |7617 | 597 | 612 |   0 | 23 |   0 | 352 | 5.584724e+04 | 5.613700e+04 |   0.52%| unknown
_____________________________________
Now starting branching with general disjunction
Current branching Node number: 1
Relpscost reduced domain, skip general disjunction branching
  9.6s|     1 |     0 |  4567 |     - |   136M |   0 |7617 | 597 | 612 |   0 | 24 |   0 | 359 | 5.585221e+04 | 5.613700e+04 |   0.51%| unknown
  9.6s|     1 |     0 |  4567 |     - |   136M |   0 |7617 | 597 | 612 |   0 | 24 |   0 | 359 | 5.585221e+04 | 5.613700e+04 |   0.51%| unknown
_____________________________________
Now starting branching with general disjunction
Current branching Node number: 1
Relpscost reduced domain, skip general disjunction branching
  9.7s|     1 |     0 |  4609 |     - |   136M |   0 |7617 | 597 | 612 |   0 | 25 |   0 | 365 | 5.585852e+04 | 5.613700e+04 |   0.50%| unknown
  9.7s|     1 |     0 |  4609 |     - |   136M |   0 |7617 | 597 | 612 |   0 | 25 |   0 | 365 | 5.585852e+04 | 5.613700e+04 |   0.50%| unknown
_____________________________________
Now starting branching with general disjunction
Current branching Node number: 1
Relpscost reduced domain, skip general disjunction branching
  9.8s|     1 |     0 |  4662 |     - |   136M |   0 |7617 | 597 | 612 |   0 | 26 |   0 | 375 | 5.586705e+04 | 5.613700e+04 |   0.48%| unknown
  9.8s|     1 |     0 |  4662 |     - |   136M |   0 |7617 | 597 | 612 |   0 | 26 |   0 | 375 | 5.586705e+04 | 5.613700e+04 |   0.48%| unknown
_____________________________________
Now starting branching with general disjunction
Current branching Node number: 1
Relpscost reduced domain, skip general disjunction branching
  9.9s|     1 |     0 |  4697 |     - |   136M |   0 |7617 | 597 | 612 |   0 | 27 |   0 | 382 | 5.587302e+04 | 5.613700e+04 |   0.47%| unknown
  9.9s|     1 |     0 |  4697 |     - |   136M |   0 |7617 | 597 | 612 |   0 | 27 |   0 | 382 | 5.587302e+04 | 5.613700e+04 |   0.47%| unknown
_____________________________________
Now starting branching with general disjunction
Current branching Node number: 1
Relpscost reduced domain, skip general disjunction branching
 10.0s|     1 |     0 |  4740 |     - |   136M |   0 |7617 | 597 | 612 |   0 | 28 |   0 | 389 | 5.587814e+04 | 5.613700e+04 |   0.46%| unknown
 10.0s|     1 |     0 |  4740 |     - |   136M |   0 |7617 | 597 | 612 |   0 | 28 |   0 | 389 | 5.587814e+04 | 5.613700e+04 |   0.46%| unknown
_____________________________________
Now starting branching with general disjunction
Current branching Node number: 1
Relpscost reduced domain, skip general disjunction branching
 10.0s|     1 |     0 |  4819 |     - |   136M |   0 |7617 | 597 | 612 |   0 | 29 |   0 | 395 | 5.590206e+04 | 5.613700e+04 |   0.42%| unknown
 10.1s|     1 |     0 |  4819 |     - |   136M |   0 |7617 | 597 | 612 |   0 | 29 |   0 | 395 | 5.590206e+04 | 5.613700e+04 |   0.42%| unknown
 10.1s|     1 |     0 |  4819 |     - |   136M |   0 |7617 | 592 | 612 |   0 | 30 |   0 | 395 | 5.590206e+04 | 5.613700e+04 |   0.42%| unknown
_____________________________________
Now starting branching with general disjunction
Current branching Node number: 1
Relpscost reduced domain, skip general disjunction branching
 time | node  | left  |LP iter|LP it/n|mem/heur|mdpt |vars |cons |rows |cuts |sepa|confs|strbr|  dualbound   | primalbound  |  gap   | compl. 
 10.2s|     1 |     0 |  4852 |     - |   136M |   0 |7617 | 592 | 612 |   0 | 31 |   0 | 406 | 5.590407e+04 | 5.613700e+04 |   0.42%| unknown
 10.2s|     1 |     0 |  4852 |     - |   136M |   0 |7617 | 592 | 612 |   0 | 31 |   0 | 406 | 5.590407e+04 | 5.613700e+04 |   0.42%| unknown
_____________________________________
Now starting branching with general disjunction
Current branching Node number: 1
Relpscost reduced domain, skip general disjunction branching
 10.2s|     1 |     0 |  4911 |     - |   136M |   0 |7617 | 592 | 612 |   0 | 32 |   0 | 412 | 5.591324e+04 | 5.613700e+04 |   0.40%| unknown
 10.2s|     1 |     0 |  4911 |     - |   136M |   0 |7617 | 592 | 612 |   0 | 32 |   0 | 412 | 5.591324e+04 | 5.613700e+04 |   0.40%| unknown
_____________________________________
Now starting branching with general disjunction
Current branching Node number: 1
Relpscost reduced domain, skip general disjunction branching
 10.4s|     1 |     0 |  4948 |     - |   136M |   0 |7617 | 592 | 612 |   0 | 33 |   0 | 423 | 5.592230e+04 | 5.613700e+04 |   0.38%| unknown
 10.4s|     1 |     0 |  4948 |     - |   136M |   0 |7617 | 592 | 612 |   0 | 33 |   0 | 423 | 5.592230e+04 | 5.613700e+04 |   0.38%| unknown
_____________________________________
Now starting branching with general disjunction
Current branching Node number: 1
Relpscost reduced domain, skip general disjunction branching
 10.4s|     1 |     0 |  5008 |     - |   136M |   0 |7617 | 592 | 612 |   0 | 34 |   0 | 431 | 5.594163e+04 | 5.613700e+04 |   0.35%| unknown
 10.4s|     1 |     0 |  5008 |     - |   136M |   0 |7617 | 592 | 611 |   0 | 34 |   0 | 431 | 5.594163e+04 | 5.613700e+04 |   0.35%| unknown
_____________________________________
Now starting branching with general disjunction
Current branching Node number: 1
Relpscost reduced domain, skip general disjunction branching
 10.5s|     1 |     0 |  5098 |     - |   136M |   0 |7617 | 592 | 611 |   0 | 35 |   0 | 438 | 5.596501e+04 | 5.613700e+04 |   0.31%| unknown
 10.5s|     1 |     0 |  5098 |     - |   136M |   0 |7617 | 592 | 611 |   0 | 35 |   0 | 438 | 5.596501e+04 | 5.613700e+04 |   0.31%| unknown
_____________________________________
Now starting branching with general disjunction
Current branching Node number: 1
Relpscost reduced domain, skip general disjunction branching
 10.5s|     1 |     0 |  5162 |     - |   136M |   0 |7617 | 592 | 611 |   0 | 36 |   0 | 443 | 5.599065e+04 | 5.613700e+04 |   0.26%| unknown
 10.6s|     1 |     0 |  5162 |     - |   136M |   0 |7617 | 592 | 611 |   0 | 36 |   0 | 443 | 5.599065e+04 | 5.613700e+04 |   0.26%| unknown
 10.6s|     1 |     0 |  5162 |     - |   136M |   0 |7617 | 585 | 611 |   0 | 37 |   0 | 443 | 5.599065e+04 | 5.613700e+04 |   0.26%| unknown
_____________________________________
Now starting branching with general disjunction
Current branching Node number: 1
Relpscost reduced domain, skip general disjunction branching
 10.6s|     1 |     0 |  5187 |     - |   136M |   0 |7617 | 585 | 611 |   0 | 38 |   0 | 449 | 5.599638e+04 | 5.613700e+04 |   0.25%| unknown
 10.6s|     1 |     0 |  5187 |     - |   136M |   0 |7617 | 585 | 611 |   0 | 38 |   0 | 449 | 5.599638e+04 | 5.613700e+04 |   0.25%| unknown
_____________________________________
Now starting branching with general disjunction
Current branching Node number: 1
Relpscost reduced domain, skip general disjunction branching
 time | node  | left  |LP iter|LP it/n|mem/heur|mdpt |vars |cons |rows |cuts |sepa|confs|strbr|  dualbound   | primalbound  |  gap   | compl. 
 10.6s|     1 |     0 |  5208 |     - |   136M |   0 |7617 | 585 | 611 |   0 | 39 |   0 | 453 | 5.599964e+04 | 5.613700e+04 |   0.25%| unknown
 10.6s|     1 |     0 |  5208 |     - |   136M |   0 |7617 | 585 | 611 |   0 | 39 |   0 | 453 | 5.599964e+04 | 5.613700e+04 |   0.25%| unknown
_____________________________________
Now starting branching with general disjunction
Current branching Node number: 1
Relpscost reduced domain, skip general disjunction branching
 10.7s|     1 |     0 |  5228 |     - |   136M |   0 |7617 | 585 | 611 |   0 | 40 |   0 | 456 | 5.600304e+04 | 5.613700e+04 |   0.24%| unknown
 10.7s|     1 |     0 |  5228 |     - |   136M |   0 |7617 | 585 | 611 |   0 | 40 |   0 | 456 | 5.600304e+04 | 5.613700e+04 |   0.24%| unknown
_____________________________________
Now starting branching with general disjunction
Current branching Node number: 1
Relpscost reduced domain, skip general disjunction branching
 10.7s|     1 |     0 |  5237 |     - |   136M |   0 |7617 | 585 | 611 |   0 | 41 |   0 | 459 | 5.600392e+04 | 5.613700e+04 |   0.24%| unknown
 10.7s|     1 |     0 |  5237 |     - |   136M |   0 |7617 | 585 | 611 |   0 | 41 |   0 | 459 | 5.600392e+04 | 5.613700e+04 |   0.24%| unknown
_____________________________________
Now starting branching with general disjunction
Current branching Node number: 1
Relpscost reduced domain, skip general disjunction branching
 10.7s|     1 |     0 |  5261 |     - |   136M |   0 |7617 | 585 | 611 |   0 | 42 |   0 | 461 | 5.600612e+04 | 5.613700e+04 |   0.23%| unknown
 10.7s|     1 |     0 |  5261 |     - |   136M |   0 |7617 | 585 | 611 |   0 | 42 |   0 | 461 | 5.600612e+04 | 5.613700e+04 |   0.23%| unknown
_____________________________________
Now starting branching with general disjunction
Current branching Node number: 1
Relpscost reduced domain, skip general disjunction branching
 10.7s|     1 |     0 |  5279 |     - |   136M |   0 |7617 | 585 | 611 |   0 | 43 |   0 | 467 | 5.600895e+04 | 5.613700e+04 |   0.23%| unknown
 10.7s|     1 |     0 |  5279 |     - |   136M |   0 |7617 | 585 | 611 |   0 | 43 |   0 | 467 | 5.600895e+04 | 5.613700e+04 |   0.23%| unknown
_____________________________________
Now starting branching with general disjunction
Current branching Node number: 1
Relpscost reduced domain, skip general disjunction branching
 10.8s|     1 |     0 |  5283 |     - |   136M |   0 |7617 | 580 | 611 |   0 | 44 |   0 | 471 | 5.601025e+04 | 5.613700e+04 |   0.23%| unknown
 10.8s|     1 |     0 |  5283 |     - |   136M |   0 |7617 | 580 | 610 |   0 | 44 |   0 | 471 | 5.601025e+04 | 5.613700e+04 |   0.23%| unknown
_____________________________________
Now starting branching with general disjunction
Current branching Node number: 1
Relpscost reduced domain, skip general disjunction branching
 10.8s|     1 |     0 |  5290 |     - |   136M |   0 |7617 | 580 | 610 |   0 | 45 |   0 | 476 | 5.601117e+04 | 5.613700e+04 |   0.22%| unknown
 10.8s|     1 |     0 |  5290 |     - |   136M |   0 |7617 | 580 | 610 |   0 | 45 |   0 | 476 | 5.601117e+04 | 5.613700e+04 |   0.22%| unknown
_____________________________________
Now starting branching with general disjunction
Current branching Node number: 1
Relpscost reduced domain, skip general disjunction branching
 10.8s|     1 |     0 |  5295 |     - |   136M |   0 |7617 | 580 | 610 |   0 | 46 |   0 | 477 | 5.601129e+04 | 5.613700e+04 |   0.22%| unknown
 time | node  | left  |LP iter|LP it/n|mem/heur|mdpt |vars |cons |rows |cuts |sepa|confs|strbr|  dualbound   | primalbound  |  gap   | compl. 
 10.8s|     1 |     0 |  5295 |     - |   136M |   0 |7617 | 580 | 610 |   0 | 46 |   0 | 477 | 5.601129e+04 | 5.613700e+04 |   0.22%| unknown
_____________________________________
Now starting branching with general disjunction
Current branching Node number: 1
Relpscost reduced domain, skip general disjunction branching
 10.8s|     1 |     0 |  5300 |     - |   136M |   0 |7617 | 580 | 610 |   0 | 47 |   0 | 481 | 5.601139e+04 | 5.613700e+04 |   0.22%| unknown
 10.9s|     1 |     0 |  5300 |     - |   136M |   0 |7617 | 580 | 610 |   0 | 47 |   0 | 481 | 5.601139e+04 | 5.613700e+04 |   0.22%| unknown
_____________________________________
Now starting branching with general disjunction
Current branching Node number: 1
Relpscost reduced domain, skip general disjunction branching
 10.9s|     1 |     0 |  5302 |     - |   136M |   0 |7617 | 580 | 610 |   0 | 48 |   0 | 482 | 5.601144e+04 | 5.613700e+04 |   0.22%| unknown
 10.9s|     1 |     0 |  5302 |     - |   136M |   0 |7617 | 580 | 610 |   0 | 48 |   0 | 482 | 5.601144e+04 | 5.613700e+04 |   0.22%| unknown
_____________________________________
Now starting branching with general disjunction
Current branching Node number: 1
Relpscost reduced domain, skip general disjunction branching
 10.9s|     1 |     0 |  5303 |     - |   136M |   0 |7617 | 580 | 610 |   0 | 49 |   0 | 483 | 5.601147e+04 | 5.613700e+04 |   0.22%| unknown
_____________________________________
Now starting branching with general disjunction
Current branching Node number: 1
Relpscost reduced domain, skip general disjunction branching
 10.9s|     1 |     0 |  5314 |     - |   136M |   0 |7617 | 580 | 610 |   0 | 50 |   0 | 485 | 5.601162e+04 | 5.613700e+04 |   0.22%| unknown
 10.9s|     1 |     0 |  5314 |     - |   136M |   0 |7617 | 580 | 610 |   0 | 50 |   0 | 485 | 5.601162e+04 | 5.613700e+04 |   0.22%| unknown
_____________________________________
Now starting branching with general disjunction
Current branching Node number: 1
Relpscost reduced domain, skip general disjunction branching
 10.9s|     1 |     0 |  5324 |     - |   136M |   0 |7617 | 580 | 610 |   0 | 51 |   0 | 487 | 5.601217e+04 | 5.613700e+04 |   0.22%| unknown
 10.9s|     1 |     0 |  5324 |     - |   136M |   0 |7617 | 580 | 610 |   0 | 51 |   0 | 487 | 5.601217e+04 | 5.613700e+04 |   0.22%| unknown
_____________________________________
Now starting branching with general disjunction
Current branching Node number: 1
Relpscost reduced domain, skip general disjunction branching
 10.9s|     1 |     0 |  5326 |     - |   136M |   0 |7617 | 580 | 610 |   0 | 52 |   0 | 488 | 5.601222e+04 | 5.613700e+04 |   0.22%| unknown
_____________________________________
Now starting branching with general disjunction
Current branching Node number: 1
Relpscost reduced domain, skip general disjunction branching
 10.9s|     1 |     0 |  5332 |     - |   136M |   0 |7617 | 580 | 610 |   0 | 53 |   0 | 489 | 5.601250e+04 | 5.613700e+04 |   0.22%| unknown
 10.9s|     1 |     0 |  5332 |     - |   136M |   0 |7617 | 580 | 610 |   0 | 53 |   0 | 489 | 5.601250e+04 | 5.613700e+04 |   0.22%| unknown
_____________________________________
Now starting branching with general disjunction
Current branching Node number: 1
Relpscost reduced domain, skip general disjunction branching
 11.0s|     1 |     0 |  5337 |     - |   136M |   0 |7617 | 580 | 610 |   0 | 54 |   0 | 490 | 5.601267e+04 | 5.613700e+04 |   0.22%| unknown
 11.0s|     1 |     0 |  5337 |     - |   136M |   0 |7617 | 580 | 610 |   0 | 54 |   0 | 490 | 5.601267e+04 | 5.613700e+04 |   0.22%| unknown
_____________________________________
Now starting branching with general disjunction
Current branching Node number: 1
Relpscost reduced domain, skip general disjunction branching
 time | node  | left  |LP iter|LP it/n|mem/heur|mdpt |vars |cons |rows |cuts |sepa|confs|strbr|  dualbound   | primalbound  |  gap   | compl. 
 11.0s|     1 |     0 |  5338 |     - |   136M |   0 |7617 | 580 | 610 |   0 | 55 |   0 | 491 | 5.601267e+04 | 5.613700e+04 |   0.22%| unknown
_____________________________________
Now starting branching with general disjunction
Current branching Node number: 1
Relpscost reduced domain, skip general disjunction branching
 11.0s|     1 |     0 |  5339 |     - |   136M |   0 |7617 | 580 | 610 |   0 | 56 |   0 | 492 | 5.601267e+04 | 5.613700e+04 |   0.22%| unknown
_____________________________________
Now starting branching with general disjunction
Current branching Node number: 1
Relpscost reduced domain, skip general disjunction branching
 11.0s|     1 |     0 |  5340 |     - |   136M |   0 |7617 | 580 | 610 |   0 | 57 |   0 | 493 | 5.601267e+04 | 5.613700e+04 |   0.22%| unknown
_____________________________________
Now starting branching with general disjunction
Current branching Node number: 1
Relpscost reduced domain, skip general disjunction branching
 11.0s|     1 |     0 |  5342 |     - |   136M |   0 |7617 | 580 | 610 |   0 | 58 |   0 | 494 | 5.601273e+04 | 5.613700e+04 |   0.22%| unknown
 11.0s|     1 |     0 |  5342 |     - |   136M |   0 |7617 | 580 | 610 |   0 | 58 |   0 | 494 | 5.601273e+04 | 5.613700e+04 |   0.22%| unknown
_____________________________________
Now starting branching with general disjunction
Current branching Node number: 1
Relpscost reduced domain, skip general disjunction branching
 11.0s|     1 |     0 |  5347 |     - |   136M |   0 |7617 | 580 | 610 |   0 | 59 |   0 | 496 | 5.601300e+04 | 5.613700e+04 |   0.22%| unknown
 11.0s|     1 |     0 |  5347 |     - |   136M |   0 |7617 | 580 | 610 |   0 | 59 |   0 | 496 | 5.601300e+04 | 5.613700e+04 |   0.22%| unknown
_____________________________________
Now starting branching with general disjunction
Current branching Node number: 1
Relpscost reduced domain, skip general disjunction branching
 11.1s|     1 |     0 |  5350 |     - |   136M |   0 |7617 | 580 | 610 |   0 | 60 |   0 | 498 | 5.601307e+04 | 5.613700e+04 |   0.22%| unknown
 11.1s|     1 |     0 |  5350 |     - |   136M |   0 |7617 | 580 | 610 |   0 | 60 |   0 | 498 | 5.601307e+04 | 5.613700e+04 |   0.22%| unknown
_____________________________________
Now starting branching with general disjunction
Current branching Node number: 1
Relpscost reduced domain, skip general disjunction branching
 11.1s|     1 |     0 |  5351 |     - |   136M |   0 |7617 | 580 | 610 |   0 | 61 |   0 | 501 | 5.601314e+04 | 5.613700e+04 |   0.22%| unknown
 11.1s|     1 |     0 |  5351 |     - |   136M |   0 |7617 | 580 | 610 |   0 | 61 |   0 | 501 | 5.601314e+04 | 5.613700e+04 |   0.22%| unknown
_____________________________________
Now starting branching with general disjunction
Current branching Node number: 1
Relpscost reduced domain, skip general disjunction branching
 11.1s|     1 |     0 |  5360 |     - |   136M |   0 |7617 | 580 | 610 |   0 | 62 |   0 | 502 | 5.601379e+04 | 5.613700e+04 |   0.22%| unknown
 11.1s|     1 |     0 |  5360 |     - |   136M |   0 |7617 | 580 | 610 |   0 | 62 |   0 | 502 | 5.601379e+04 | 5.613700e+04 |   0.22%| unknown
_____________________________________
Now starting branching with general disjunction
Current branching Node number: 1
Relpscost reduced domain, skip general disjunction branching
 11.1s|     1 |     0 |  5361 |     - |   136M |   0 |7617 | 580 | 610 |   0 | 63 |   0 | 503 | 5.601382e+04 | 5.613700e+04 |   0.22%| unknown
 11.1s|     1 |     0 |  5361 |     - |   136M |   0 |7617 | 580 | 610 |   0 | 63 |   0 | 503 | 5.601382e+04 | 5.613700e+04 |   0.22%| unknown
_____________________________________
Now starting branching with general disjunction
Current branching Node number: 1
Relpscost reduced domain, skip general disjunction branching
 time | node  | left  |LP iter|LP it/n|mem/heur|mdpt |vars |cons |rows |cuts |sepa|confs|strbr|  dualbound   | primalbound  |  gap   | compl. 
 11.1s|     1 |     0 |  5365 |     - |   136M |   0 |7617 | 580 | 610 |   0 | 64 |   0 | 504 | 5.601438e+04 | 5.613700e+04 |   0.22%| unknown
 11.1s|     1 |     0 |  5365 |     - |   136M |   0 |7617 | 580 | 610 |   0 | 64 |   0 | 504 | 5.601438e+04 | 5.613700e+04 |   0.22%| unknown
_____________________________________
Now starting branching with general disjunction
Current branching Node number: 1
Relpscost reduced domain, skip general disjunction branching
 11.1s|     1 |     0 |  5366 |     - |   136M |   0 |7617 | 580 | 610 |   0 | 65 |   0 | 505 | 5.601439e+04 | 5.613700e+04 |   0.22%| unknown
_____________________________________
Now starting branching with general disjunction
Current branching Node number: 1
Relpscost reduced domain, skip general disjunction branching
 11.1s|     1 |     0 |  5367 |     - |   136M |   0 |7617 | 580 | 610 |   0 | 66 |   0 | 506 | 5.601439e+04 | 5.613700e+04 |   0.22%| unknown
_____________________________________
Now starting branching with general disjunction
Current branching Node number: 1
Relpscost reduced domain, skip general disjunction branching
 11.2s|     1 |     0 |  5368 |     - |   136M |   0 |7617 | 580 | 610 |   0 | 67 |   0 | 507 | 5.601442e+04 | 5.613700e+04 |   0.22%| unknown
_____________________________________
Now starting branching with general disjunction
Current branching Node number: 1
Relpscost reduced domain, skip general disjunction branching
 11.2s|     1 |     0 |  5372 |     - |   136M |   0 |7617 | 580 | 610 |   0 | 68 |   0 | 508 | 5.601486e+04 | 5.613700e+04 |   0.22%| unknown
 11.2s|     1 |     0 |  5372 |     - |   136M |   0 |7617 | 580 | 610 |   0 | 68 |   0 | 508 | 5.601486e+04 | 5.613700e+04 |   0.22%| unknown
_____________________________________
Now starting branching with general disjunction
Current branching Node number: 1
Relpscost reduced domain, skip general disjunction branching
 11.2s|     1 |     0 |  5375 |     - |   136M |   0 |7617 | 580 | 610 |   0 | 69 |   0 | 509 | 5.601504e+04 | 5.613700e+04 |   0.22%| unknown
 11.2s|     1 |     0 |  5375 |     - |   136M |   0 |7617 | 580 | 610 |   0 | 69 |   0 | 509 | 5.601504e+04 | 5.613700e+04 |   0.22%| unknown
_____________________________________
Now starting branching with general disjunction
Current branching Node number: 1
LP objective value: 45546
Node lower bound: 45546
Node upper bound: 56137
gap to the primal bound: 0.00217722
Preck submodel is infeasible, continue branching
Time limit exceeded (1000.57s), stopping submodel solve loop
General disjunction: No feasible solution found, use SCIP default branching rule
 1012s|     1 |     2 |  5375 |     - |   136M |   0 |7617 | 580 | 610 |   0 | 70 |   0 | 509 | 5.601504e+04 | 5.613700e+04 |   0.22%| unknown
_____________________________________
Now starting branching with general disjunction
Current branching Node number: 2
Relpscost reduced domain, skip general disjunction branching

SCIP Status        : problem is solved [optimal solution found]
Solving Time (sec) : 1011.79
Solving Nodes      : 3
Primal Bound       : +5.61370000000000e+04 (1 solutions)
Dual Bound         : +5.61370000000000e+04
Gap                : 0.00 %

primal solution:
================

objective value:                                56137
x1                                                  1 	(obj:971)
x2                                                  1 	(obj:203)
x4                                                  1 	(obj:271)
x5                                                  1 	(obj:566)
x6                                                  1 	(obj:477)
x7                                                  1 	(obj:268)
x8                                                  1 	(obj:421)
x10                                                 1 	(obj:410)
x12                                                 1 	(obj:1386)
x13                                                 1 	(obj:424)
x14                                                 1 	(obj:350)
x16                                                 1 	(obj:580)
x18                                                 1 	(obj:480)
x19                                                 1 	(obj:534)
x20                                                 1 	(obj:387)
x21                                                 1 	(obj:633)
x22                                                 1 	(obj:720)
x25                                                 1 	(obj:681)
x26                                                 1 	(obj:593)
x27                                                 1 	(obj:591)
x28                                                 1 	(obj:618)
x29                                                 1 	(obj:933)
x30                                                 1 	(obj:462)
x33                                                 1 	(obj:667)
x36                                                 1 	(obj:426)
x37                                                 1 	(obj:61)
x39                                                 1 	(obj:284)
x40                                                 1 	(obj:519)
x41                                                 1 	(obj:433)
x43                                                 1 	(obj:427)
x45                                                 1 	(obj:440)
x46                                                 1 	(obj:438)
x48                                                 1 	(obj:454)
x49                                                 1 	(obj:458)
x50                                                 1 	(obj:643)
x51                                                 1 	(obj:430)
x52                                                 1 	(obj:842)
x53                                                 1 	(obj:514)
x54                                                 1 	(obj:475)
x57                                                 1 	(obj:538)
x58                                                 1 	(obj:613)
x59                                                 1 	(obj:660)
x61                                                 1 	(obj:217)
x64                                                 1 	(obj:464)
x65                                                 1 	(obj:428)
x67                                                 1 	(obj:713)
x68                                                 1 	(obj:548)
x69                                                 1 	(obj:540)
x74                                                 1 	(obj:399)
x75                                                 1 	(obj:494)
x81                                                 1 	(obj:456)
x82                                                 1 	(obj:708)
x84                                                 1 	(obj:412)
x86                                                 1 	(obj:514)
x88                                                 1 	(obj:586)
x93                                                 1 	(obj:636)
x94                                                 1 	(obj:401)
x95                                                 1 	(obj:956)
x96                                                 1 	(obj:583)
x98                                                 1 	(obj:566)
x100                                                1 	(obj:532)
x102                                                1 	(obj:531)
x103                                                1 	(obj:167)
x106                                                1 	(obj:426)
x473                                                1 	(obj:422)
x617                                                1 	(obj:660)
x681                                                1 	(obj:505)
x903                                                1 	(obj:398)
x1433                                               1 	(obj:411)
x1467                                               1 	(obj:691)
x1650                                               1 	(obj:913)
x1828                                               1 	(obj:1070)
x2390                                               1 	(obj:411)
x2884                                               1 	(obj:664)
x3203                                               1 	(obj:233)
x3216                                               1 	(obj:454)
x3506                                               1 	(obj:559)
x3518                                               1 	(obj:626)
x3587                                               1 	(obj:1141)
x4093                                               1 	(obj:947)
x4686                                               1 	(obj:269)
x4701                                               1 	(obj:699)
x4835                                               1 	(obj:583)
x4848                                               1 	(obj:666)
x4893                                               1 	(obj:367)
x5190                                               1 	(obj:731)
x5212                                               1 	(obj:349)
x5395                                               1 	(obj:402)
x5879                                               1 	(obj:484)
x6046                                               1 	(obj:557)
x6144                                               1 	(obj:529)
x6494                                               1 	(obj:755)
x6989                                               1 	(obj:553)
x7512                                               1 	(obj:991)
x7665                                               1 	(obj:449)
x7731                                               1 	(obj:655)
x7911                                               1 	(obj:385)
x8042                                               1 	(obj:339)
x8351                                               1 	(obj:443)
x8616                                               1 	(obj:530)
x8636                                               1 	(obj:1003)
x8671                                               1 	(obj:735)

Statistics
==========

SCIP Status        : problem is solved [optimal solution found]
Total Time         :    1011.90
  solving          :    1011.79
  presolving       :       0.33 (included in solving)
  reading          :       0.11
  copying          :       0.00 (0 times copied the problem)
Original Problem   :
  Problem name     : air04
  Variables        : 8904 (8904 binary, 0 integer, 0 implicit integer, 0 continuous)
  Constraints      : 823 initial, 823 maximal
  Objective        : minimize, 8904 non-zeros (abs.min = 31, abs.max = 2258)
Presolved Problem  :
  Problem name     : t_air04
  Variables        : 7617 (7617 binary, 0 integer, 0 implicit integer, 0 continuous)
  Constraints      : 613 initial, 613 maximal
  Objective        : minimize, 7612 non-zeros (abs.min = 1, abs.max = 2258)
  Nonzeros         : 49230 constraint, 51050 clique table
Presolvers         :   ExecTime  SetupTime  Calls  FixedVars   AggrVars   ChgTypes  ChgBounds   AddHoles    DelCons    AddCons   ChgSides   ChgCoefs
  boundshift       :       0.00       0.00      0          0          0          0          0          0          0          0          0          0
  convertinttobin  :       0.00       0.00      0          0          0          0          0          0          0          0          0          0
  domcol           :       0.01       0.00      2         35          0          0          0          0          0          0          0          0
  dualagg          :       0.00       0.00      0          0          0          0          0          0          0          0          0          0
  dualcomp         :       0.00       0.00      0          0          0          0          0          0          0          0          0          0
  dualinfer        :       0.00       0.00      0          0          0          0          0          0          0          0          0          0
  dualsparsify     :       0.01       0.00      1          0          0          0          0          0          0          0          0          0
  gateextraction   :       0.00       0.00      0          0          0          0          0          0          0          0          0          0
  implics          :       0.00       0.00     10          0          0          0          0          0          0          0          0          0
  inttobinary      :       0.00       0.00      0          0          0          0          0          0          0          0          0          0
  qpkktref         :       0.00       0.00      0          0          0          0          0          0          0          0          0          0
  redvub           :       0.00       0.00      0          0          0          0          0          0          0          0          0          0
  sparsify         :       0.17       0.00      1          0          0          0          0          0          0          0          0          0
  stuffing         :       0.00       0.00      0          0          0          0          0          0          0          0          0          0
  trivial          :       0.00       0.00     14         46          0          0          0          0          0          0          0          0
  tworowbnd        :       0.00       0.00      0          0          0          0          0          0          0          0          0          0
  dualfix          :       0.00       0.00     14          0          0          0          0          0          0          0          0          0
  genvbounds       :       0.00       0.00      0          0          0          0          0          0          0          0          0          0
  probing          :       0.04       0.00      1          5          0          0          0          0          0          0          0          0
  pseudoobj        :       0.00       0.00      9          0          0          0          0          0          0          0          0          0
  symmetry         :       0.01       0.00      1          0          0          0          0          0          0          0          0          0
  vbounds          :       0.00       0.00      1          0          0          0          0          0          0          0          0          0
  setppc           :       0.04       0.00     23       1160         28          0          0          0        164          0         25         25
  linear           :       0.03       0.01      6         11          2          0         11          0         46          0          0          0
  benders          :       0.00       0.00      0          0          0          0          0          0          0          0          0          0
  components       :       0.01       0.00      1          0          0          0          0          0          0          0          0          0
  root node        :          -          -      -       6662          -          -       6662          -          -          -          -          -
Constraints        :     Number  MaxNumber  #Separate #Propagate    #EnfoLP    #EnfoRelax  #EnfoPS    #Check   #ResProp    Cutoffs    DomReds       Cuts    Applied      Conss   Children
  benderslp        :          0          0          0          0         68          0          0          3          0          0          0          0          0          0          0
  integral         :          0          0          0          0         68          0          0          3          0          0        218          0          0          0          2
  setppc           :        613        613          0        342          0          0          0          1          0          1        155          0          0          0          0
  benders          :          0          0          0          0          0          0          0          2          0          0          0          0          0          0          0
  fixedvar         :          0          0          0          0          0          0          0          2          0          0          0          0          0          0          0
  countsols        :          0          0          0          0          0          0          0          2          0          0          0          0          0          0          0
  components       :          0          0          0          0          0          0          0          0          0          0          0          0          0          0          0
Constraint Timings :  TotalTime  SetupTime   Separate  Propagate     EnfoLP     EnfoPS     EnfoRelax   Check    ResProp    SB-Prop
  benderslp        :       0.00       0.00       0.00       0.00       0.00       0.00       0.00       0.00       0.00       0.00
  integral         :    1010.21       0.00       0.00       0.00    1010.21       0.00       0.00       0.00       0.00       0.00
  setppc           :       0.01       0.00       0.00       0.00       0.00       0.00       0.00       0.00       0.00       0.00
  benders          :       0.00       0.00       0.00       0.00       0.00       0.00       0.00       0.00       0.00       0.00
  fixedvar         :       0.00       0.00       0.00       0.00       0.00       0.00       0.00       0.00       0.00       0.00
  countsols        :       0.00       0.00       0.00       0.00       0.00       0.00       0.00       0.00       0.00       0.00
  components       :       0.00       0.00       0.00       0.00       0.00       0.00       0.00       0.00       0.00       0.00
Propagators        : #Propagate   #ResProp    Cutoffs    DomReds
  dualfix          :        135          0          0          0
  genvbounds       :          0          0          0          0
  nlobbt           :          0          0          0          0
  obbt             :          0          0          0          0
  probing          :          0          0          0          0
  pseudoobj        :        390          0          0          0
  redcost          :        196          0          0       6288
  rootredcost      :          0          0          0          0
  symmetry         :          0          0          0          0
  vbounds          :         71          0          0          0
Propagator Timings :  TotalTime  SetupTime   Presolve  Propagate    ResProp    SB-Prop
  dualfix          :       0.02       0.00       0.00       0.02       0.00       0.00
  genvbounds       :       0.00       0.00       0.00       0.00       0.00       0.00
  nlobbt           :       0.00       0.00       0.00       0.00       0.00       0.00
  obbt             :       0.00       0.00       0.00       0.00       0.00       0.00
  probing          :       0.04       0.00       0.04       0.00       0.00       0.00
  pseudoobj        :       0.02       0.00       0.00       0.02       0.00       0.00
  redcost          :       0.07       0.00       0.00       0.07       0.00       0.00
  rootredcost      :       0.00       0.00       0.00       0.00       0.00       0.00
  symmetry         :       0.01       0.00       0.01       0.00       0.00       0.00
  vbounds          :       0.00       0.00       0.00       0.00       0.00       0.00
Symmetry           :
  orbitopal red.   :          0 reductions applied,          0 cutoffs
  orbital reduction:          0 reductions applied,          0 cutoffs
  lexicographic red:          0 reductions applied,          0 cutoffs
  shadow tree time :       0.00 s
Conflict Analysis  :       Time      Calls    Success    DomReds  Conflicts   Literals    Reconvs ReconvLits   Dualrays   Nonzeros   LP Iters   (pool size: [--,--])
  propagation      :       0.00          0          0          -          0        0.0          0        0.0          -          -          -
  infeasible LP    :       0.00          0          0          -          0        0.0          0        0.0          0        0.0          0
  bound exceed. LP :       0.00          0          0          -          0        0.0          0        0.0          0        0.0          0
  strong branching :       0.00          0          0          -          0        0.0          0        0.0          -          -          0
  pseudo solution  :       0.00          0          0          -          0        0.0          0        0.0          -          -          -
  applied globally :       0.00          -          -          0          0        0.0          -          -          0          -          -
  applied locally  :          -          -          -          0          0        0.0          -          -          0          -          -
Separators         :   ExecTime  SetupTime      Calls  RootCalls    Cutoffs    DomReds  FoundCuts ViaPoolAdd  DirectAdd    Applied ViaPoolApp  DirectApp      Conss
  cut pool         :       0.00          -          0          0          -          -          0          0          -          -          -          -          -    (maximal pool size:          0)
  aggregation      :       0.00       0.00          0          0          0          0          0          0          0          0          0          0          0
  > cmir           :          -          -          -          -          -          -          -          0          0          0          0          0          -
  > flowcover      :          -          -          -          -          -          -          -          0          0          0          0          0          -
  > knapsackcover  :          -          -          -          -          -          -          -          0          0          0          0          0          -
  cgmip            :       0.00       0.00          0          0          0          0          0          0          0          0          0          0          0
  clique           :       0.00       0.00          0          0          0          0          0          0          0          0          0          0          0
  closecuts        :       0.00       0.00          0          0          0          0          0          0          0          0          0          0          0
  convexproj       :       0.00       0.00          0          0          0          0          0          0          0          0          0          0          0
  disjunctive      :       0.00       0.00          0          0          0          0          0          0          0          0          0          0          0
  eccuts           :       0.00       0.00          0          0          0          0          0          0          0          0          0          0          0
  gauge            :       0.00       0.00          0          0          0          0          0          0          0          0          0          0          0
  gomory           :       0.00       0.00          0          0          0          0          0          0          0          0          0          0          0
  > gomorymi       :          -          -          -          -          -          -          -          0          0          0          0          0          -
  > strongcg       :          -          -          -          -          -          -          -          0          0          0          0          0          -
  impliedbounds    :       0.00       0.00          0          0          0          0          0          0          0          0          0          0          0
  interminor       :       0.00       0.00          0          0          0          0          0          0          0          0          0          0          0
  intobj           :       0.00       0.00          0          0          0          0          0          0          0          0          0          0          0
  lagromory        :       0.00       0.00          0          0          0          0          0          0          0          0          0          0          0
  mcf              :       0.00       0.00          0          0          0          0          0          0          0          0          0          0          0
  minor            :       0.00       0.00          0          0          0          0          0          0          0          0          0          0          0
  mixing           :       0.00       0.00          0          0          0          0          0          0          0          0          0          0          0
  oddcycle         :       0.00       0.00          0          0          0          0          0          0          0          0          0          0          0
  rapidlearning    :       0.00       0.00          0          0          0          0          0          0          0          0          0          0          0
  rlt              :       0.00       0.00          0          0          0          0          0          0          0          0          0          0          0
  zerohalf         :       0.00       0.00          0          0          0          0          0          0          0          0          0          0          0
Cutselectors       :   ExecTime  SetupTime      Calls  RootCalls   Selected     Forced   Filtered  RootSelec   RootForc   RootFilt 
  hybrid           :       0.00       0.00          0          0          0          0          0          0          0          0
  ensemble         :       0.00       0.00          0          0          0          0          0          0          0          0
  dynamic          :       0.00       0.00          0          0          0          0          0          0          0          0
Pricers            :   ExecTime  SetupTime      Calls       Vars
  problem variables:       0.00          -          0          0
Branching Rules    :   ExecTime  SetupTime   BranchLP  BranchExt   BranchPS    Cutoffs    DomReds       Cuts      Conss   Children
  allfullstrong    :       0.00       0.00          0          0          0          0          0          0          0          0
  cloud            :       0.00       0.00          0          0          0          0          0          0          0          0
  distribution     :       0.00       0.00          0          0          0          0          0          0          0          0
  fullstrong       :       0.00       0.00          0          0          0          0          0          0          0          0
  general_disjuncti:    1010.21       0.00         68          0          0          0        218          0          0          0
  GeneralDisjunction(extra): subMILPs=2 fairNodes of all MILPs=151 probingLPs=0
  gomory           :       0.00       0.00          0          0          0          0          0          0          0          0
  inference        :       0.00       0.00          0          0          0          0          0          0          0          0
  leastinf         :       0.00       0.00          0          0          0          0          0          0          0          0
  lookahead        :       0.00       0.00          0          0          0          0          0          0          0          0
  mostinf          :       0.00       0.00          0          0          0          0          0          0          0          0
  multaggr         :       0.00       0.00          0          0          0          0          0          0          0          0
  nodereopt        :       0.00       0.00          0          0          0          0          0          0          0          0
  pscost           :       0.00       0.00          0          0          0          0          0          0          0          0
  random           :       0.00       0.00          0          0          0          0          0          0          0          0
  relpscost        :       0.00       0.00          1          0          0          0          0          0          0          2
  vanillafullstrong:       0.00       0.00          0          0          0          0          0          0          0          0
Primal Heuristics  :   ExecTime  SetupTime      Calls      Found       Best
  LP solutions     :       0.00          -          -          0          0
  relax solutions  :       0.00          -          -          0          0
  pseudo solutions :       0.00          -          -          0          0
  strong branching :       0.00          -          -          0          0
  actconsdiving    :       0.00       0.00          0          0          0
  adaptivediving   :       0.00       0.00          0          0          0
  alns             :       0.00       0.00          0          0          0
  bound            :       0.00       0.00          0          0          0
  clique           :       0.00       0.00          0          0          0
  coefdiving       :       0.00       0.00          0          0          0
  completesol      :       0.00       0.00          0          0          0
  conflictdiving   :       0.00       0.00          0          0          0
  crossover        :       0.00       0.00          0          0          0
  dins             :       0.00       0.00          0          0          0
  distributiondivin:       0.00       0.00          0          0          0
  dps              :       0.00       0.00          0          0          0
  dualval          :       0.00       0.00          0          0          0
  farkasdiving     :       0.00       0.00          0          0          0
  feaspump         :       0.00       0.00          0          0          0
  fixandinfer      :       0.00       0.00          0          0          0
  fracdiving       :       0.00       0.00          0          0          0
  gins             :       0.00       0.00          0          0          0
  guideddiving     :       0.00       0.00          0          0          0
  indicator        :       0.00       0.00          0          0          0
  indicatordiving  :       0.00       0.00          0          0          0
  intdiving        :       0.00       0.00          0          0          0
  intshifting      :       0.00       0.00          0          0          0
  linesearchdiving :       0.00       0.00          0          0          0
  localbranching   :       0.00       0.00          0          0          0
  locks            :       0.00       0.00          0          0          0
  lpface           :       0.00       0.00          0          0          0
  mpec             :       0.00       0.00          0          0          0
  multistart       :       0.00       0.00          0          0          0
  mutation         :       0.00       0.00          0          0          0
  nlpdiving        :       0.00       0.00          0          0          0
  objpscostdiving  :       0.00       0.00          0          0          0
  octane           :       0.00       0.00          0          0          0
  ofins            :       0.00       0.00          0          0          0
  oneopt           :       0.00       0.00          0          0          0
  padm             :       0.00       0.00          0          0          0
  proximity        :       0.00       0.00          0          0          0
  pscostdiving     :       0.00       0.00          0          0          0
  randrounding     :       0.00       0.00          0          0          0
  rens             :       0.00       0.00          0          0          0
  reoptsols        :       0.00       0.00          0          0          0
  repair           :       0.00       0.00          0          0          0
  rins             :       0.00       0.00          0          0          0
  rootsoldiving    :       0.00       0.00          0          0          0
  rounding         :       0.00       0.00          0          0          0
  scheduler        :       0.00       0.00          0          0          0
  shiftandpropagate:       0.00       0.00          0          0          0
  shifting         :       0.00       0.00          0          0          0
  simplerounding   :       0.00       0.00          0          0          0
  subnlp           :       0.00       0.00          0          0          0
  trivial          :       0.00       0.00          0          0          0
  trivialnegation  :       0.00       0.00          0          0          0
  trustregion      :       0.00       0.00          0          0          0
  trysol           :       0.00       0.00          0          0          0
  twoopt           :       0.00       0.00          0          0          0
  undercover       :       0.00       0.00          0          0          0
  vbounds          :       0.00       0.00          0          0          0
  veclendiving     :       0.00       0.00          0          0          0
  zeroobj          :       0.00       0.00          0          0          0
  zirounding       :       0.00       0.00          0          0          0
  other solutions  :          -          -          -          1          -
LNS (Scheduler)    :      Calls  SetupTime  SolveTime SolveNodes       Sols       Best       Exp3    Exp3-IX  EpsGreedy        UCB TgtFixRate  Opt  Inf Node Stal  Sol  Usr Othr Actv
  rens             :          0       0.00       0.00          0          0          0    0.00000    0.12500   -1.00000    1.00000      0.900    0    0    0    0    0    0    0    1
  rins             :          0       0.00       0.00          0          0          0    0.00000    0.12500   -1.00000    1.00000      0.900    0    0    0    0    0    0    0    1
  mutation         :          0       0.00       0.00          0          0          0    0.00000    0.12500   -1.00000    1.00000      0.900    0    0    0    0    0    0    0    1
  localbranching   :          0       0.00       0.00          0          0          0    0.00000    0.12500   -1.00000    1.00000      0.900    0    0    0    0    0    0    0    1
  crossover        :          0       0.00       0.00          0          0          0    0.00000    0.12500   -1.00000    1.00000      0.900    0    0    0    0    0    0    0    1
  proximity        :          0       0.00       0.00          0          0          0    0.00000    0.12500   -1.00000    1.00000      0.900    0    0    0    0    0    0    0    1
  zeroobjective    :          0       0.00       0.00          0          0          0    0.00000    0.12500   -1.00000    1.00000      0.900    0    0    0    0    0    0    0    1
  dins             :          0       0.00       0.00          0          0          0    0.00000    0.12500   -1.00000    1.00000      0.900    0    0    0    0    0    0    0    1
  trustregion      :          0       0.00       0.00          0          0          0    0.00000    0.00000   -1.00000    1.00000      0.900    0    0    0    0    0    0    0    0
LP                 :       Time      Calls Iterations  Iter/call   Iter/sec  Time-0-It Calls-0-It    ItLimit
  primal LP        :       0.00          0          0       0.00          -       0.00          0
  dual LP          :       0.57        132       5472      78.17    9594.61       0.04         62
  lex dual LP      :       0.00          0          0       0.00          -
  barrier LP       :       0.00          0          0       0.00          -       0.00          0
  resolve instable :       0.00          0          0       0.00          -
  diving/probing LP:       0.07          0          0       0.00       0.00
  strong branching :       9.09        514      96584     187.91   10628.22          -          -          4
    (at root node) :          -        509      96458     189.50          -
  conflict analysis:       0.00          0          0       0.00          -
B&B Tree           :
  number of runs   :          1
  nodes            :          3 (1 internal, 2 leaves)
  feasible leaves  :          0
  infeas. leaves   :          1
  objective leaves :          1
  nodes (total)    :          3 (1 internal, 2 leaves)
  nodes left       :          0
  max depth        :          1
  max depth (total):          1
  backtracks       :          0 (0.0%)
  early backtracks :          0 (0.0%)
  nodes exc. ref.  :          0 (0.0%)
  delayed cutoffs  :          0
  repropagations   :          0 (0 domain reductions, 0 cutoffs)
  avg switch length:       2.00
  switching time   :       0.00
Root Node          :
  First LP value   : +5.55354363882243e+04
  First LP Iters   :       2854 (10390.99 Iter/sec)
  First LP Time    :       0.27
  Final Dual Bound : +5.60150428571428e+04
  Final Root Iters :       5375
  Root LP Estimate : +5.74271955097396e+04
Solution           :
  Solutions found  :          1 (1 improvements)
  First Solution   : +5.61370000000000e+04   (in run 0, after 0 nodes, 0.00 seconds, depth -1, found by <initial>)
  Gap First Sol.   :   infinite
  Gap Last Sol.    :   infinite
  Primal Bound     : +5.61370000000000e+04   (in run 0, after 0 nodes, 0.00 seconds, depth -1, found by <initial>)
  Dual Bound       : +5.61370000000000e+04
  Gap              :       0.00 %
Integrals          :      Total       Avg%
  primal-dual      :     290.87       0.29
  primal-ref       :          -          - (not evaluated)
  dual-ref         :          -          - (not evaluated)
