SCIP version 9.2.2 [precision: 8 byte] [memory: block] [mode: optimized] [LP solver: CPLEX 12.10.0.0] [GitHash: 416226a4f8]
Copyright (c) 2002-2025 Zuse Institute Berlin (ZIB)

reading parameter file </scratch/htc/yzhou/exp_scipmip/settings/sandbox_gendj.set>

read problem </scratch/htc/yzhou/exp_scipmip/instances/tests/fast0507.mps>
============

original problem has 63009 variables (63009 bin, 0 int, 0 impl, 0 cont) and 507 constraints
    507 constraints of type <linear>
Reading Time: 0.29

read solution </scratch/htc/yzhou/solutions/fast0507.sol>
============

primal solution from solution file </scratch/htc/yzhou/solutions/fast0507.sol> was accepted as candidate, will be checked when solving starts
original problem has 63009 variables (63009 bin, 0 int, 0 impl, 0 cont) and 507 constraints
    507 constraints of type <linear>
Reading Time: 0.31
solve problem
=============
LP Solver <CPLEX 12.10.0.0>: fastmip setting not available -- SCIP parameter has no effect
LP Solver <CPLEX 12.10.0.0>: clock type cannot be set
LP Solver <CPLEX 12.10.0.0>: row representation of the basis not available -- SCIP parameter lp/rowrepswitch has no effect
LP Solver <CPLEX 12.10.0.0>: solution polishing not available -- SCIP parameter lp/solutionpolishing has no effect
LP Solver <CPLEX 12.10.0.0>: refactorization interval not available -- SCIP parameter lp/refactorinterval has no effect
1/1 feasible solution given by solution candidate storage, new primal bound 1.740000e+02

transformed problem has 63009 variables (63009 bin, 0 int, 0 impl, 0 cont) and 507 constraints
    507 constraints of type <linear>

original problem has 409349 active (1.2814%) nonzeros and 409349 (1.2814%) check nonzeros

presolving:
(round 1, fast)       7 del vars, 16 del conss, 0 add conss, 7 chg bounds, 0 chg sides, 0 chg coeffs, 0 upgd conss, 0 impls, 1 clqs
(round 2, fast)       9 del vars, 19 del conss, 0 add conss, 7 chg bounds, 0 chg sides, 0 chg coeffs, 0 upgd conss, 0 impls, 0 clqs
(round 3, fast)       10 del vars, 20 del conss, 0 add conss, 7 chg bounds, 0 chg sides, 0 chg coeffs, 0 upgd conss, 0 impls, 0 clqs
(round 4, exhaustive) 10 del vars, 35 del conss, 0 add conss, 7 chg bounds, 10 chg sides, 0 chg coeffs, 0 upgd conss, 0 impls, 0 clqs
(round 5, exhaustive) 12 del vars, 35 del conss, 0 add conss, 7 chg bounds, 10 chg sides, 0 chg coeffs, 472 upgd conss, 0 impls, 0 clqs
(round 6, exhaustive) 23 del vars, 37 del conss, 0 add conss, 7 chg bounds, 10 chg sides, 11 chg coeffs, 472 upgd conss, 0 impls, 1 clqs
(round 7, fast)       27 del vars, 38 del conss, 0 add conss, 7 chg bounds, 10 chg sides, 11 chg coeffs, 472 upgd conss, 0 impls, 0 clqs
(round 8, fast)       28 del vars, 40 del conss, 0 add conss, 7 chg bounds, 10 chg sides, 13 chg coeffs, 472 upgd conss, 0 impls, 1 clqs
(round 9, exhaustive) 29 del vars, 41 del conss, 0 add conss, 7 chg bounds, 10 chg sides, 13 chg coeffs, 472 upgd conss, 0 impls, 1 clqs
(round 10, exhaustive) 36763 del vars, 41 del conss, 0 add conss, 7 chg bounds, 10 chg sides, 13 chg coeffs, 472 upgd conss, 0 impls, 1 clqs
(round 11, fast)       36763 del vars, 41 del conss, 0 add conss, 7 chg bounds, 10 chg sides, 235090 chg coeffs, 472 upgd conss, 0 impls, 4 clqs
(round 12, exhaustive) 36763 del vars, 65 del conss, 0 add conss, 7 chg bounds, 10 chg sides, 235090 chg coeffs, 472 upgd conss, 0 impls, 4 clqs
(round 13, exhaustive) 42137 del vars, 65 del conss, 0 add conss, 7 chg bounds, 10 chg sides, 235102 chg coeffs, 472 upgd conss, 0 impls, 4 clqs
(round 14, fast)       42137 del vars, 65 del conss, 0 add conss, 7 chg bounds, 10 chg sides, 264840 chg coeffs, 472 upgd conss, 0 impls, 5 clqs
(round 15, exhaustive) 42138 del vars, 67 del conss, 0 add conss, 7 chg bounds, 10 chg sides, 264841 chg coeffs, 472 upgd conss, 0 impls, 5 clqs
(round 16, exhaustive) 42333 del vars, 67 del conss, 0 add conss, 7 chg bounds, 10 chg sides, 264841 chg coeffs, 472 upgd conss, 0 impls, 5 clqs
(round 17, fast)       42333 del vars, 67 del conss, 0 add conss, 7 chg bounds, 10 chg sides, 265778 chg coeffs, 472 upgd conss, 0 impls, 5 clqs
   (1.4s) probing: 51/20676 (0.2%) - 0 fixings, 0 aggregations, 0 implications, 0 bound changes
   (1.4s) probing aborted: 50/50 successive totally useless probings
   (1.5s) symmetry computation started: requiring (bin +, int +, cont +), (fixed: bin -, int -, cont -)
   (1.5s) no symmetry present (symcode time: 0.00)
clique table cleanup detected 0 bound changes

presolved problem has 122860 active (1.35049%) nonzeros and 122860 (1.35049%) check nonzeros

presolving (18 rounds: 18 fast, 10 medium, 10 exhaustive):
 42333 deleted vars, 67 deleted constraints, 0 added constraints, 7 tightened bounds, 0 added holes, 10 changed sides, 265778 changed coefficients
 0 implications, 5 cliques
presolved problem has 20676 variables (20676 bin, 0 int, 0 impl, 0 cont) and 440 constraints
    440 constraints of type <logicor>
transformed objective value is always integral (scale: 1)
Presolving Time: 1.34

 time | node  | left  |LP iter|LP it/n|mem/heur|mdpt |vars |cons |rows |cuts |sepa|confs|strbr|  dualbound   | primalbound  |  gap   | compl. 
  2.2s|     1 |     0 |  4147 |     - |   311M |   0 |  20k| 440 | 440 |   0 |  0 |   0 |   0 | 1.721456e+02 | 1.740000e+02 |   1.08%| unknown
  2.2s|     1 |     0 |  4147 |     - |   311M |   0 |  20k| 440 | 440 |   0 |  0 |   0 |   0 | 1.721456e+02 | 1.740000e+02 |   1.08%| unknown
  2.2s|     1 |     0 |  4147 |     - |   311M |   0 |  20k| 439 | 440 |   0 |  1 |   0 |   0 | 1.721456e+02 | 1.740000e+02 |   1.08%| unknown
_____________________________________
Now starting branching with general disjunction
Current branching Node number: 1
LP objective value: 156.146
Node lower bound: 156.261
Node upper bound: 174
gap to the primal bound: 0.0100946
Preck submodel is infeasible, continue branching
Time limit exceeded (1001.64s), stopping submodel solve loop
General disjunction: No feasible solution found, use SCIP default branching rule
 1009s|     1 |     2 |  4147 |     - |   394M |   0 |  20k| 439 | 440 |   0 |  2 |   0 |  87 | 1.722628e+02 | 1.740000e+02 |   1.01%| unknown
_____________________________________
Now starting branching with general disjunction
Current branching Node number: 3
LP objective value: 156.261
Node lower bound: 156.383
Node upper bound: 174
gap to the primal bound: 0.0100845
Preck submodel is infeasible, continue branching
Time limit exceeded (1001.58s), stopping submodel solve loop
General disjunction: No feasible solution found, use SCIP default branching rule
_____________________________________
Now starting branching with general disjunction
Current branching Node number: 5
LP objective value: 156.383
Node lower bound: 156.484
Node upper bound: 174
gap to the primal bound: 0.0100845
Preck submodel is infeasible, continue branching
Time limit exceeded (1001.41s), stopping submodel solve loop
General disjunction: No feasible solution found, use SCIP default branching rule
_____________________________________
Now starting branching with general disjunction
Current branching Node number: 7
Relpscost reduced domain, skip general disjunction branching
_____________________________________
Now starting branching with general disjunction
Current branching Node number: 7
Relpscost reduced domain, skip general disjunction branching
_____________________________________
Now starting branching with general disjunction
Current branching Node number: 7
Relpscost reduced domain, skip general disjunction branching
_____________________________________
Now starting branching with general disjunction
Current branching Node number: 7
Relpscost reduced domain, skip general disjunction branching
_____________________________________
Now starting branching with general disjunction
Current branching Node number: 7
Relpscost reduced domain, skip general disjunction branching
_____________________________________
Now starting branching with general disjunction
Current branching Node number: 7
Relpscost reduced domain, skip general disjunction branching
_____________________________________
Now starting branching with general disjunction
Current branching Node number: 7
Relpscost reduced domain, skip general disjunction branching
_____________________________________
Now starting branching with general disjunction
Current branching Node number: 7
Relpscost reduced domain, skip general disjunction branching
_____________________________________
Now starting branching with general disjunction
Current branching Node number: 7
Relpscost reduced domain, skip general disjunction branching
_____________________________________
Now starting branching with general disjunction
Current branching Node number: 7
Relpscost reduced domain, skip general disjunction branching
_____________________________________
Now starting branching with general disjunction
Current branching Node number: 7
Relpscost reduced domain, skip general disjunction branching
_____________________________________
Now starting branching with general disjunction
Current branching Node number: 7
Relpscost reduced domain, skip general disjunction branching
_____________________________________
Now starting branching with general disjunction
Current branching Node number: 7
Relpscost reduced domain, skip general disjunction branching
_____________________________________
Now starting branching with general disjunction
Current branching Node number: 7
Relpscost reduced domain, skip general disjunction branching
_____________________________________
Now starting branching with general disjunction
Current branching Node number: 7
Relpscost reduced domain, skip general disjunction branching
_____________________________________
Now starting branching with general disjunction
Current branching Node number: 7
Relpscost reduced domain, skip general disjunction branching
_____________________________________
Now starting branching with general disjunction
Current branching Node number: 7
Relpscost reduced domain, skip general disjunction branching
_____________________________________
Now starting branching with general disjunction
Current branching Node number: 7
Relpscost reduced domain, skip general disjunction branching
_____________________________________
Now starting branching with general disjunction
Current branching Node number: 7
Relpscost reduced domain, skip general disjunction branching
_____________________________________
Now starting branching with general disjunction
Current branching Node number: 7
Relpscost reduced domain, skip general disjunction branching
_____________________________________
Now starting branching with general disjunction
Current branching Node number: 7
Relpscost reduced domain, skip general disjunction branching
_____________________________________
Now starting branching with general disjunction
Current branching Node number: 7
Relpscost reduced domain, skip general disjunction branching
_____________________________________
Now starting branching with general disjunction
Current branching Node number: 7
Relpscost reduced domain, skip general disjunction branching
_____________________________________
Now starting branching with general disjunction
Current branching Node number: 7
Relpscost reduced domain, skip general disjunction branching
_____________________________________
Now starting branching with general disjunction
Current branching Node number: 7
Relpscost reduced domain, skip general disjunction branching
_____________________________________
Now starting branching with general disjunction
Current branching Node number: 7
Relpscost reduced domain, skip general disjunction branching
_____________________________________
Now starting branching with general disjunction
Current branching Node number: 7
Relpscost reduced domain, skip general disjunction branching
_____________________________________
Now starting branching with general disjunction
Current branching Node number: 7
Relpscost reduced domain, skip general disjunction branching
_____________________________________
Now starting branching with general disjunction
Current branching Node number: 7
Relpscost reduced domain, skip general disjunction branching
_____________________________________
Now starting branching with general disjunction
Current branching Node number: 7
Relpscost reduced domain, skip general disjunction branching
_____________________________________
Now starting branching with general disjunction
Current branching Node number: 7
Relpscost reduced domain, skip general disjunction branching
_____________________________________
Now starting branching with general disjunction
Current branching Node number: 7
Relpscost reduced domain, skip general disjunction branching
_____________________________________
Now starting branching with general disjunction
Current branching Node number: 7
Relpscost reduced domain, skip general disjunction branching
_____________________________________
Now starting branching with general disjunction
Current branching Node number: 7
Relpscost reduced domain, skip general disjunction branching
_____________________________________
Now starting branching with general disjunction
Current branching Node number: 7
Relpscost reduced domain, skip general disjunction branching
_____________________________________
Now starting branching with general disjunction
Current branching Node number: 7
Relpscost reduced domain, skip general disjunction branching
_____________________________________
Now starting branching with general disjunction
Current branching Node number: 7
Relpscost reduced domain, skip general disjunction branching
_____________________________________
Now starting branching with general disjunction
Current branching Node number: 7
Relpscost reduced domain, skip general disjunction branching
_____________________________________
Now starting branching with general disjunction
Current branching Node number: 7
Relpscost reduced domain, skip general disjunction branching
_____________________________________
Now starting branching with general disjunction
Current branching Node number: 7
Relpscost reduced domain, skip general disjunction branching
_____________________________________
Now starting branching with general disjunction
Current branching Node number: 7
Relpscost reduced domain, skip general disjunction branching
_____________________________________
Now starting branching with general disjunction
Current branching Node number: 7
Relpscost reduced domain, skip general disjunction branching
_____________________________________
Now starting branching with general disjunction
Current branching Node number: 7
Relpscost reduced domain, skip general disjunction branching
_____________________________________
Now starting branching with general disjunction
Current branching Node number: 7
Relpscost reduced domain, skip general disjunction branching
_____________________________________
Now starting branching with general disjunction
Current branching Node number: 7
Relpscost reduced domain, skip general disjunction branching
_____________________________________
Now starting branching with general disjunction
Current branching Node number: 7
Relpscost reduced domain, skip general disjunction branching
_____________________________________
Now starting branching with general disjunction
Current branching Node number: 6
LP objective value: 156.484
Node lower bound: 156.617
Node upper bound: 174
gap to the primal bound: 0.0100845
Preck submodel is infeasible, continue branching
Time limit exceeded (1001.5s), stopping submodel solve loop
General disjunction: No feasible solution found, use SCIP default branching rule
_____________________________________
Now starting branching with general disjunction
Current branching Node number: 9
Relpscost reduced domain, skip general disjunction branching
_____________________________________
Now starting branching with general disjunction
Current branching Node number: 9
Relpscost reduced domain, skip general disjunction branching
_____________________________________
Now starting branching with general disjunction
Current branching Node number: 9
Relpscost reduced domain, skip general disjunction branching
_____________________________________
Now starting branching with general disjunction
Current branching Node number: 9
Relpscost reduced domain, skip general disjunction branching
_____________________________________
Now starting branching with general disjunction
Current branching Node number: 9
Relpscost reduced domain, skip general disjunction branching
_____________________________________
Now starting branching with general disjunction
Current branching Node number: 9
Relpscost reduced domain, skip general disjunction branching
_____________________________________
Now starting branching with general disjunction
Current branching Node number: 9
Relpscost reduced domain, skip general disjunction branching
_____________________________________
Now starting branching with general disjunction
Current branching Node number: 9
Relpscost reduced domain, skip general disjunction branching
_____________________________________
Now starting branching with general disjunction
Current branching Node number: 9
Relpscost reduced domain, skip general disjunction branching
_____________________________________
Now starting branching with general disjunction
Current branching Node number: 9
Relpscost reduced domain, skip general disjunction branching
_____________________________________
Now starting branching with general disjunction
Current branching Node number: 9
Relpscost reduced domain, skip general disjunction branching
_____________________________________
Now starting branching with general disjunction
Current branching Node number: 9
Relpscost reduced domain, skip general disjunction branching
_____________________________________
Now starting branching with general disjunction
Current branching Node number: 9
Relpscost reduced domain, skip general disjunction branching
_____________________________________
Now starting branching with general disjunction
Current branching Node number: 9
Relpscost reduced domain, skip general disjunction branching
_____________________________________
Now starting branching with general disjunction
Current branching Node number: 9
Relpscost reduced domain, skip general disjunction branching
_____________________________________
Now starting branching with general disjunction
Current branching Node number: 9
Relpscost reduced domain, skip general disjunction branching
_____________________________________
Now starting branching with general disjunction
Current branching Node number: 9
Relpscost reduced domain, skip general disjunction branching
_____________________________________
Now starting branching with general disjunction
Current branching Node number: 9
Relpscost reduced domain, skip general disjunction branching
_____________________________________
Now starting branching with general disjunction
Current branching Node number: 9
Relpscost reduced domain, skip general disjunction branching
_____________________________________
Now starting branching with general disjunction
Current branching Node number: 9
Relpscost reduced domain, skip general disjunction branching
_____________________________________
Now starting branching with general disjunction
Current branching Node number: 9
Relpscost reduced domain, skip general disjunction branching
_____________________________________
Now starting branching with general disjunction
Current branching Node number: 9
Relpscost reduced domain, skip general disjunction branching
_____________________________________
Now starting branching with general disjunction
Current branching Node number: 9
Relpscost reduced domain, skip general disjunction branching
_____________________________________
Now starting branching with general disjunction
Current branching Node number: 9
Relpscost reduced domain, skip general disjunction branching
_____________________________________
Now starting branching with general disjunction
Current branching Node number: 9
Relpscost reduced domain, skip general disjunction branching
_____________________________________
Now starting branching with general disjunction
Current branching Node number: 9
Relpscost reduced domain, skip general disjunction branching
_____________________________________
Now starting branching with general disjunction
Current branching Node number: 9
Relpscost reduced domain, skip general disjunction branching
_____________________________________
Now starting branching with general disjunction
Current branching Node number: 9
Relpscost reduced domain, skip general disjunction branching
_____________________________________
Now starting branching with general disjunction
Current branching Node number: 9
Relpscost reduced domain, skip general disjunction branching
_____________________________________
Now starting branching with general disjunction
Current branching Node number: 9
Relpscost reduced domain, skip general disjunction branching
_____________________________________
Now starting branching with general disjunction
Current branching Node number: 9
Relpscost reduced domain, skip general disjunction branching
_____________________________________
Now starting branching with general disjunction
Current branching Node number: 9
Relpscost reduced domain, skip general disjunction branching
_____________________________________
Now starting branching with general disjunction
Current branching Node number: 9
Relpscost reduced domain, skip general disjunction branching
_____________________________________
Now starting branching with general disjunction
Current branching Node number: 9
Relpscost reduced domain, skip general disjunction branching
_____________________________________
Now starting branching with general disjunction
Current branching Node number: 9
Relpscost reduced domain, skip general disjunction branching
_____________________________________
Now starting branching with general disjunction
Current branching Node number: 9
LP objective value: 156.896
Node lower bound: 156.896
Node upper bound: 174
gap to the primal bound: 0.0100845
Preck submodel is infeasible, continue branching
Time limit exceeded (1001.5s), stopping submodel solve loop
General disjunction: No feasible solution found, use SCIP default branching rule
_____________________________________
Now starting branching with general disjunction
Current branching Node number: 11
Relpscost reduced domain, skip general disjunction branching
_____________________________________
Now starting branching with general disjunction
Current branching Node number: 11
LP objective value: 156.99
Node lower bound: 156.99
Node upper bound: 174
gap to the primal bound: 0.0100845
Preck submodel is infeasible, continue branching
Time limit exceeded (1001.33s), stopping submodel solve loop
General disjunction: No feasible solution found, use SCIP default branching rule
_____________________________________
Now starting branching with general disjunction
Current branching Node number: 10
Relpscost reduced domain, skip general disjunction branching
_____________________________________
Now starting branching with general disjunction
Current branching Node number: 10
LP objective value: 156.994
Node lower bound: 156.994
Node upper bound: 174
gap to the primal bound: 0.0100845
Preck submodel is infeasible, continue branching
Time limit exceeded (1001.24s), stopping submodel solve loop
General disjunction: No feasible solution found, use SCIP default branching rule
_____________________________________
Now starting branching with general disjunction
Current branching Node number: 8
Relpscost reduced domain, skip general disjunction branching
_____________________________________
Now starting branching with general disjunction
Current branching Node number: 8
LP objective value: 156.651
Node lower bound: 156.67
Node upper bound: 174
gap to the primal bound: 0.0100845
Preck submodel is infeasible, continue branching
Time limit exceeded (1001.12s), stopping submodel solve loop
General disjunction: No feasible solution found, use SCIP default branching rule
_____________________________________
Now starting branching with general disjunction
Current branching Node number: 17
LP objective value: 156.976
Node lower bound: 156.976
Node upper bound: 174
gap to the primal bound: 0.0100845
Preck submodel is infeasible, continue branching
Time limit exceeded (1001.13s), stopping submodel solve loop
General disjunction: No feasible solution found, use SCIP default branching rule
_____________________________________
Now starting branching with general disjunction
Current branching Node number: 16
LP objective value: 156.691
Node lower bound: 156.691
Node upper bound: 174
gap to the primal bound: 0.0100845
Preck submodel is infeasible, continue branching
Time limit exceeded (1001.11s), stopping submodel solve loop
General disjunction: No feasible solution found, use SCIP default branching rule
_____________________________________
Now starting branching with general disjunction
Current branching Node number: 20
LP objective value: 156.738
Node lower bound: 156.738
Node upper bound: 174
gap to the primal bound: 0.0100845
Preck submodel is infeasible, continue branching
Time limit exceeded (1001.15s), stopping submodel solve loop
General disjunction: No feasible solution found, use SCIP default branching rule
_____________________________________
Now starting branching with general disjunction
Current branching Node number: 23
LP objective value: 156.937
Node lower bound: 156.937
Node upper bound: 174
gap to the primal bound: 0.0100845
Preck submodel is infeasible, continue branching
Time limit exceeded (1001.12s), stopping submodel solve loop
General disjunction: No feasible solution found, use SCIP default branching rule
_____________________________________
Now starting branching with general disjunction
Current branching Node number: 24
LP objective value: 156.991
Node lower bound: 156.991
Node upper bound: 174
gap to the primal bound: 0.0100845
Preck submodel is infeasible, continue branching
Time limit exceeded (1001.11s), stopping submodel solve loop
General disjunction: No feasible solution found, use SCIP default branching rule
_____________________________________
Now starting branching with general disjunction
Current branching Node number: 22
LP objective value: 156.827
Node lower bound: 156.827
Node upper bound: 174
gap to the primal bound: 0.0100845
Preck submodel is infeasible, continue branching
Time limit exceeded (1001.12s), stopping submodel solve loop
General disjunction: No feasible solution found, use SCIP default branching rule
_____________________________________
Now starting branching with general disjunction
Current branching Node number: 29
LP objective value: 156.86
Node lower bound: 156.86
Node upper bound: 174
gap to the primal bound: 0.0100845
Preck submodel is infeasible, continue branching
Time limit exceeded (1001.12s), stopping submodel solve loop
General disjunction: No feasible solution found, use SCIP default branching rule
_____________________________________
Now starting branching with general disjunction
Current branching Node number: 30
LP objective value: 156.97
Node lower bound: 156.97
Node upper bound: 174
gap to the primal bound: 0.0100845
Preck submodel is infeasible, continue branching
Time limit exceeded (1001.14s), stopping submodel solve loop
General disjunction: No feasible solution found, use SCIP default branching rule
_____________________________________
Now starting branching with general disjunction
Current branching Node number: 2
LP objective value: 156.331
Node lower bound: 156.331
Node upper bound: 174
gap to the primal bound: 0.00968729
Preck submodel is infeasible, continue branching
Time limit exceeded (1001.12s), stopping submodel solve loop
General disjunction: No feasible solution found, use SCIP default branching rule
_____________________________________
Now starting branching with general disjunction
Current branching Node number: 35
LP objective value: 156.424
Node lower bound: 156.424
Node upper bound: 174
gap to the primal bound: 0.00968729
Preck submodel is infeasible, continue branching
Time limit exceeded (1001.13s), stopping submodel solve loop
General disjunction: No feasible solution found, use SCIP default branching rule
_____________________________________
Now starting branching with general disjunction
Current branching Node number: 37
LP objective value: 156.513
Node lower bound: 156.513
Node upper bound: 174
gap to the primal bound: 0.00968729
Preck submodel is infeasible, continue branching
Time limit exceeded (1001.12s), stopping submodel solve loop
General disjunction: No feasible solution found, use SCIP default branching rule
_____________________________________
Now starting branching with general disjunction
Current branching Node number: 39
LP objective value: 156.684
Node lower bound: 156.684
Node upper bound: 174
gap to the primal bound: 0.00968729
Preck submodel is infeasible, continue branching
Time limit exceeded (1001.12s), stopping submodel solve loop
General disjunction: No feasible solution found, use SCIP default branching rule
_____________________________________
Now starting branching with general disjunction
Current branching Node number: 41
LP objective value: 156.829
Node lower bound: 156.829
Node upper bound: 174
gap to the primal bound: 0.00968729
Preck submodel is infeasible, continue branching
Time limit exceeded (1001.12s), stopping submodel solve loop
General disjunction: No feasible solution found, use SCIP default branching rule
_____________________________________
Now starting branching with general disjunction
Current branching Node number: 43
LP objective value: 156.884
Node lower bound: 156.884
Node upper bound: 174
gap to the primal bound: 0.00968729
Preck submodel is infeasible, continue branching
Time limit exceeded (1001.11s), stopping submodel solve loop
General disjunction: No feasible solution found, use SCIP default branching rule
_____________________________________
Now starting branching with general disjunction
Current branching Node number: 44
LP objective value: 156.962
Node lower bound: 156.962
Node upper bound: 174
gap to the primal bound: 0.00968729
Preck submodel is infeasible, continue branching
Time limit exceeded (1001.11s), stopping submodel solve loop
General disjunction: No feasible solution found, use SCIP default branching rule
_____________________________________
Now starting branching with general disjunction
Current branching Node number: 34
LP objective value: 156.487
Node lower bound: 156.487
Node upper bound: 174
gap to the primal bound: 0.00938087
Preck submodel is infeasible, continue branching
Time limit exceeded (1001.13s), stopping submodel solve loop
General disjunction: No feasible solution found, use SCIP default branching rule
_____________________________________
Now starting branching with general disjunction
Current branching Node number: 49
LP objective value: 156.604
Node lower bound: 156.604
Node upper bound: 174
gap to the primal bound: 0.00938087
Preck submodel is infeasible, continue branching
Time limit exceeded (1001.12s), stopping submodel solve loop
General disjunction: No feasible solution found, use SCIP default branching rule
_____________________________________
Now starting branching with general disjunction
Current branching Node number: 51
LP objective value: 156.746
Node lower bound: 156.746
Node upper bound: 174
gap to the primal bound: 0.00938087
Preck submodel is infeasible, continue branching
Time limit exceeded (1001.17s), stopping submodel solve loop
General disjunction: No feasible solution found, use SCIP default branching rule
_____________________________________
Now starting branching with general disjunction
Current branching Node number: 53
LP objective value: 156.983
Node lower bound: 156.983
Node upper bound: 174
gap to the primal bound: 0.00938087
Preck submodel is infeasible, continue branching
Time limit exceeded (1001.17s), stopping submodel solve loop
General disjunction: No feasible solution found, use SCIP default branching rule
_____________________________________
Now starting branching with general disjunction
Current branching Node number: 54
LP objective value: 156.983
Node lower bound: 156.983
Node upper bound: 174
gap to the primal bound: 0.00938087
Preck submodel is infeasible, continue branching
Time limit exceeded (1001.16s), stopping submodel solve loop
General disjunction: No feasible solution found, use SCIP default branching rule
_____________________________________
Now starting branching with general disjunction
Current branching Node number: 42
LP objective value: 156.934
Node lower bound: 156.934
Node upper bound: 174
gap to the primal bound: 0.00938087
Preck submodel is infeasible, continue branching
Time limit exceeded (1001.2s), stopping submodel solve loop
General disjunction: No feasible solution found, use SCIP default branching rule
_____________________________________
Now starting branching with general disjunction
Current branching Node number: 28
Relpscost reduced domain, skip general disjunction branching
_____________________________________
Now starting branching with general disjunction
Current branching Node number: 28
LP objective value: 156.953
Node lower bound: 156.953
Node upper bound: 174
gap to the primal bound: 0.00938087
Preck submodel is infeasible, continue branching
Time limit exceeded (1001.15s), stopping submodel solve loop
General disjunction: No feasible solution found, use SCIP default branching rule
_____________________________________
Now starting branching with general disjunction
Current branching Node number: 60
LP objective value: 156.978
Node lower bound: 156.978
Node upper bound: 174
gap to the primal bound: 0.00938087
Preck submodel is infeasible, continue branching
Time limit exceeded (1001.15s), stopping submodel solve loop
General disjunction: No feasible solution found, use SCIP default branching rule
_____________________________________
Now starting branching with general disjunction
Current branching Node number: 38
LP objective value: 156.64
Node lower bound: 156.64
Node upper bound: 174
gap to the primal bound: 0.00938087
Preck submodel is infeasible, continue branching
Time limit exceeded (1001.15s), stopping submodel solve loop
General disjunction: No feasible solution found, use SCIP default branching rule
_____________________________________
Now starting branching with general disjunction
Current branching Node number: 65
LP objective value: 156.802
Node lower bound: 156.802
Node upper bound: 174
gap to the primal bound: 0.00938087
Preck submodel is infeasible, continue branching
Time limit exceeded (1001.19s), stopping submodel solve loop
General disjunction: No feasible solution found, use SCIP default branching rule
_____________________________________
Now starting branching with general disjunction
Current branching Node number: 67
LP objective value: 156.869
Node lower bound: 156.869
Node upper bound: 174
gap to the primal bound: 0.00938087
Preck submodel is infeasible, continue branching
Time limit exceeded (1001.18s), stopping submodel solve loop
General disjunction: No feasible solution found, use SCIP default branching rule
_____________________________________
Now starting branching with general disjunction
Current branching Node number: 68
LP objective value: 156.883
Node lower bound: 156.883
Node upper bound: 174
gap to the primal bound: 0.00938087
Preck submodel is infeasible, continue branching
Time limit exceeded (1001.22s), stopping submodel solve loop
General disjunction: No feasible solution found, use SCIP default branching rule
_____________________________________
Now starting branching with general disjunction
Current branching Node number: 70
Relpscost reduced domain, skip general disjunction branching
_____________________________________
Now starting branching with general disjunction
Current branching Node number: 70
LP objective value: 156.984
Node lower bound: 156.984
Node upper bound: 174
gap to the primal bound: 0.00938087
Preck submodel is infeasible, continue branching
Time limit exceeded (1001.16s), stopping submodel solve loop
General disjunction: No feasible solution found, use SCIP default branching rule
_____________________________________
Now starting branching with general disjunction
Current branching Node number: 64
LP objective value: 156.684
Node lower bound: 156.684
Node upper bound: 174
gap to the primal bound: 0.00938087
Preck submodel is infeasible, continue branching
Time limit exceeded (1001.32s), stopping submodel solve loop
General disjunction: No feasible solution found, use SCIP default branching rule
_____________________________________
Now starting branching with general disjunction
Current branching Node number: 75
LP objective value: 156.849
Node lower bound: 156.849
Node upper bound: 174
gap to the primal bound: 0.00938087
Preck submodel is infeasible, continue branching
Time limit exceeded (1001.16s), stopping submodel solve loop
General disjunction: No feasible solution found, use SCIP default branching rule
_____________________________________
Now starting branching with general disjunction
Current branching Node number: 77
LP objective value: 156.923
Node lower bound: 156.923
Node upper bound: 174
gap to the primal bound: 0.00938087
Preck submodel is infeasible, continue branching
Time limit exceeded (1001.15s), stopping submodel solve loop
General disjunction: No feasible solution found, use SCIP default branching rule
_____________________________________
Now starting branching with general disjunction
Current branching Node number: 78
LP objective value: 156.946
Node lower bound: 156.946
Node upper bound: 174
gap to the primal bound: 0.00938087
Preck submodel is infeasible, continue branching
Time limit exceeded (1001.15s), stopping submodel solve loop
General disjunction: No feasible solution found, use SCIP default branching rule
_____________________________________
Now starting branching with general disjunction
Current branching Node number: 80
LP objective value: 156.988
Node lower bound: 156.988
Node upper bound: 174
gap to the primal bound: 0.00938087
Preck submodel is infeasible, continue branching
Time limit exceeded (1001.15s), stopping submodel solve loop
General disjunction: No feasible solution found, use SCIP default branching rule
_____________________________________
Now starting branching with general disjunction
Current branching Node number: 76
LP objective value: 156.992
Node lower bound: 156.992
Node upper bound: 174
gap to the primal bound: 0.00938087
Preck submodel is infeasible, continue branching
Time limit exceeded (1001.18s), stopping submodel solve loop
General disjunction: No feasible solution found, use SCIP default branching rule
_____________________________________
Now starting branching with general disjunction
Current branching Node number: 74
Relpscost reduced domain, skip general disjunction branching
_____________________________________
Now starting branching with general disjunction
Current branching Node number: 74
LP objective value: 156.835
Node lower bound: 156.889
Node upper bound: 174
gap to the primal bound: 0.00938087
Preck submodel is infeasible, continue branching
Time limit exceeded (1001.13s), stopping submodel solve loop
General disjunction: No feasible solution found, use SCIP default branching rule
_____________________________________
Now starting branching with general disjunction
Current branching Node number: 87
LP objective value: 156.994
Node lower bound: 156.994
Node upper bound: 174
gap to the primal bound: 0.00938087
Preck submodel is infeasible, continue branching
Time limit exceeded (1001.22s), stopping submodel solve loop
General disjunction: No feasible solution found, use SCIP default branching rule
_____________________________________
Now starting branching with general disjunction
Current branching Node number: 66
LP objective value: 156.939
Node lower bound: 156.939
Node upper bound: 174
gap to the primal bound: 0.00938087
Preck submodel is infeasible, continue branching
Time limit exceeded (1001.11s), stopping submodel solve loop
General disjunction: No feasible solution found, use SCIP default branching rule
_____________________________________
Now starting branching with general disjunction
Current branching Node number: 40
LP objective value: 156.684
Node lower bound: 156.684
Node upper bound: 174
gap to the primal bound: 0.00938087
Preck submodel is infeasible, continue branching
Time limit exceeded (1001.19s), stopping submodel solve loop
General disjunction: No feasible solution found, use SCIP default branching rule
_____________________________________
Now starting branching with general disjunction
Current branching Node number: 93
LP objective value: 156.829
Node lower bound: 156.829
Node upper bound: 174
gap to the primal bound: 0.00938087
Preck submodel is infeasible, continue branching
Time limit exceeded (1001.12s), stopping submodel solve loop
General disjunction: No feasible solution found, use SCIP default branching rule
_____________________________________
Now starting branching with general disjunction
Current branching Node number: 95
LP objective value: 156.884
Node lower bound: 156.884
Node upper bound: 174
gap to the primal bound: 0.00938087
Preck submodel is infeasible, continue branching
Time limit exceeded (1001.14s), stopping submodel solve loop
General disjunction: No feasible solution found, use SCIP default branching rule
_____________________________________
Now starting branching with general disjunction
Current branching Node number: 97
LP objective value: 156.987
Node lower bound: 156.987
Node upper bound: 174
gap to the primal bound: 0.00938087
Preck submodel is infeasible, continue branching
Time limit exceeded (1001.11s), stopping submodel solve loop
General disjunction: No feasible solution found, use SCIP default branching rule
_____________________________________
Now starting branching with general disjunction
Current branching Node number: 4
LP objective value: 156.406
Node lower bound: 156.406
Node upper bound: 174
gap to the primal bound: 0.00924703
Preck submodel is infeasible, continue branching
Time limit exceeded (1001.1s), stopping submodel solve loop
General disjunction: No feasible solution found, use SCIP default branching rule
_____________________________________
Now starting branching with general disjunction
Current branching Node number: 101
LP objective value: 156.55
Node lower bound: 156.55
Node upper bound: 174
gap to the primal bound: 0.00924703
Preck submodel is infeasible, continue branching
Time limit exceeded (1001.11s), stopping submodel solve loop
General disjunction: No feasible solution found, use SCIP default branching rule
_____________________________________
Now starting branching with general disjunction
Current branching Node number: 103
LP objective value: 156.647
Node lower bound: 156.647
Node upper bound: 174
gap to the primal bound: 0.00924703
Preck submodel is infeasible, continue branching
Time limit exceeded (1001.12s), stopping submodel solve loop
General disjunction: No feasible solution found, use SCIP default branching rule
_____________________________________
Now starting branching with general disjunction
Current branching Node number: 105
LP objective value: 156.945
Node lower bound: 156.945
Node upper bound: 174
gap to the primal bound: 0.00924703
Preck submodel is infeasible, continue branching
Time limit exceeded (1001.17s), stopping submodel solve loop
General disjunction: No feasible solution found, use SCIP default branching rule
_____________________________________
Now starting branching with general disjunction
Current branching Node number: 94
LP objective value: 156.934
Node lower bound: 156.934
Node upper bound: 174
gap to the primal bound: 0.00924703
Preck submodel is infeasible, continue branching
Time limit exceeded (1001.13s), stopping submodel solve loop
General disjunction: No feasible solution found, use SCIP default branching rule
  902m|   100 |     9 | 18293 | 142.9 |   394M |  10 |  20k| 439 | 440 |   0 |  0 |   0 | 700 | 1.724058e+02 | 1.740000e+02 |   0.92%|  20.58%
_____________________________________
Now starting branching with general disjunction
Current branching Node number: 100
LP objective value: 156.483
Node lower bound: 156.483
Node upper bound: 174
gap to the primal bound: 0.00914045
Preck submodel is infeasible, continue branching
Time limit exceeded (1001.35s), stopping submodel solve loop
General disjunction: No feasible solution found, use SCIP default branching rule
_____________________________________
Now starting branching with general disjunction
Current branching Node number: 111
LP objective value: 156.571
Node lower bound: 156.571
Node upper bound: 174
gap to the primal bound: 0.00914045
Preck submodel is infeasible, continue branching
Time limit exceeded (1001.11s), stopping submodel solve loop
General disjunction: No feasible solution found, use SCIP default branching rule
_____________________________________
Now starting branching with general disjunction
Current branching Node number: 113
LP objective value: 156.893
Node lower bound: 156.893
Node upper bound: 174
gap to the primal bound: 0.00914045
Preck submodel is infeasible, continue branching
Time limit exceeded (1001.11s), stopping submodel solve loop
General disjunction: No feasible solution found, use SCIP default branching rule
_____________________________________
Now starting branching with general disjunction
Current branching Node number: 114
LP objective value: 156.907
Node lower bound: 156.907
Node upper bound: 174
gap to the primal bound: 0.00914045
Preck submodel is infeasible, continue branching
Time limit exceeded (1001.11s), stopping submodel solve loop
General disjunction: No feasible solution found, use SCIP default branching rule
_____________________________________
Now starting branching with general disjunction
Current branching Node number: 116
Relpscost reduced domain, skip general disjunction branching
_____________________________________
Now starting branching with general disjunction
Current branching Node number: 116
LP objective value: 156.963
Node lower bound: 156.963
Node upper bound: 174
gap to the primal bound: 0.00914045
Preck submodel is infeasible, continue branching
Time limit exceeded (1001.11s), stopping submodel solve loop
General disjunction: No feasible solution found, use SCIP default branching rule
_____________________________________
Now starting branching with general disjunction
Current branching Node number: 112
LP objective value: 156.626
Node lower bound: 156.626
Node upper bound: 174
gap to the primal bound: 0.00914045
Preck submodel is infeasible, continue branching
Time limit exceeded (1001.13s), stopping submodel solve loop
General disjunction: No feasible solution found, use SCIP default branching rule
_____________________________________
Now starting branching with general disjunction
Current branching Node number: 121
Relpscost reduced domain, skip general disjunction branching
_____________________________________
Now starting branching with general disjunction
Current branching Node number: 121
LP objective value: 156.912
Node lower bound: 156.912
Node upper bound: 174
gap to the primal bound: 0.00914045
Preck submodel is infeasible, continue branching
Time limit exceeded (1001.11s), stopping submodel solve loop
General disjunction: No feasible solution found, use SCIP default branching rule
_____________________________________
Now starting branching with general disjunction
Current branching Node number: 122
LP objective value: 156.994
Node lower bound: 156.994
Node upper bound: 174
gap to the primal bound: 0.00914045
Preck submodel is infeasible, continue branching
Time limit exceeded (1001.11s), stopping submodel solve loop
General disjunction: No feasible solution found, use SCIP default branching rule
_____________________________________
Now starting branching with general disjunction
Current branching Node number: 120
Relpscost reduced domain, skip general disjunction branching
_____________________________________
Now starting branching with general disjunction
Current branching Node number: 120
LP objective value: 156.68
Node lower bound: 156.708
Node upper bound: 174
gap to the primal bound: 0.00914045
Preck submodel is infeasible, continue branching
Time limit exceeded (1001.12s), stopping submodel solve loop
General disjunction: No feasible solution found, use SCIP default branching rule
_____________________________________
Now starting branching with general disjunction
Current branching Node number: 127
LP objective value: 156.743
Node lower bound: 156.743
Node upper bound: 174
gap to the primal bound: 0.00914045
Preck submodel is infeasible, continue branching
Time limit exceeded (1001.2s), stopping submodel solve loop
General disjunction: No feasible solution found, use SCIP default branching rule
_____________________________________
Now starting branching with general disjunction
Current branching Node number: 129
LP objective value: 156.887
Node lower bound: 156.887
Node upper bound: 174
gap to the primal bound: 0.00914045
Preck submodel is infeasible, continue branching
Time limit exceeded (1001.22s), stopping submodel solve loop
General disjunction: No feasible solution found, use SCIP default branching rule
_____________________________________
Now starting branching with general disjunction
Current branching Node number: 130
LP objective value: 156.932
Node lower bound: 156.932
Node upper bound: 174
gap to the primal bound: 0.00914045
Preck submodel is infeasible, continue branching
Time limit exceeded (1001.29s), stopping submodel solve loop
General disjunction: No feasible solution found, use SCIP default branching rule
_____________________________________
Now starting branching with general disjunction
Current branching Node number: 133
LP objective value: 156.982
Node lower bound: 156.982
Node upper bound: 174
gap to the primal bound: 0.00914045
Preck submodel is infeasible, continue branching
Time limit exceeded (1001.31s), stopping submodel solve loop
General disjunction: No feasible solution found, use SCIP default branching rule
_____________________________________
Now starting branching with general disjunction
Current branching Node number: 126
LP objective value: 156.699
Node lower bound: 156.708
Node upper bound: 174
gap to the primal bound: 0.00914045
Preck submodel is infeasible, continue branching
Time limit exceeded (1001.24s), stopping submodel solve loop
General disjunction: No feasible solution found, use SCIP default branching rule
_____________________________________
Now starting branching with general disjunction
Current branching Node number: 137
LP objective value: 156.736
Node lower bound: 156.736
Node upper bound: 174
gap to the primal bound: 0.00914045
Preck submodel is infeasible, continue branching
Time limit exceeded (1001.22s), stopping submodel solve loop
General disjunction: No feasible solution found, use SCIP default branching rule
_____________________________________
Now starting branching with general disjunction
Current branching Node number: 138
LP objective value: 156.766
Node lower bound: 156.766
Node upper bound: 174
gap to the primal bound: 0.00914045
Preck submodel is infeasible, continue branching
Time limit exceeded (1001.39s), stopping submodel solve loop
General disjunction: No feasible solution found, use SCIP default branching rule
_____________________________________
Now starting branching with general disjunction
Current branching Node number: 140
LP objective value: 156.778
Node lower bound: 156.778
Node upper bound: 174
gap to the primal bound: 0.00914045
Preck submodel is infeasible, continue branching
Time limit exceeded (1001.36s), stopping submodel solve loop
General disjunction: No feasible solution found, use SCIP default branching rule
_____________________________________
Now starting branching with general disjunction
Current branching Node number: 143
LP objective value: 156.934
Node lower bound: 156.934
Node upper bound: 174
gap to the primal bound: 0.00914045
Preck submodel is infeasible, continue branching
Time limit exceeded (1001.36s), stopping submodel solve loop
General disjunction: No feasible solution found, use SCIP default branching rule
_____________________________________
Now starting branching with general disjunction
Current branching Node number: 144
LP objective value: 156.985
Node lower bound: 156.985
Node upper bound: 174
gap to the primal bound: 0.00914045
Preck submodel is infeasible, continue branching
Time limit exceeded (1001.45s), stopping submodel solve loop
General disjunction: No feasible solution found, use SCIP default branching rule
_____________________________________
Now starting branching with general disjunction
Current branching Node number: 128
LP objective value: 156.946
Node lower bound: 156.946
Node upper bound: 174
gap to the primal bound: 0.00914045
Preck submodel is infeasible, continue branching
Time limit exceeded (1001.46s), stopping submodel solve loop
General disjunction: No feasible solution found, use SCIP default branching rule
_____________________________________
Now starting branching with general disjunction
Current branching Node number: 149
LP objective value: 156.99
Node lower bound: 156.99
Node upper bound: 174
gap to the primal bound: 0.00914045
Preck submodel is infeasible, continue branching
Time limit exceeded (1001.44s), stopping submodel solve loop
General disjunction: No feasible solution found, use SCIP default branching rule
_____________________________________
Now starting branching with general disjunction
Current branching Node number: 142
LP objective value: 156.814
Node lower bound: 156.814
Node upper bound: 174
gap to the primal bound: 0.00914045
Preck submodel is infeasible, continue branching
Time limit exceeded (1001.39s), stopping submodel solve loop
General disjunction: No feasible solution found, use SCIP default branching rule
_____________________________________
Now starting branching with general disjunction
Current branching Node number: 153
LP objective value: 156.886
Node lower bound: 156.886
Node upper bound: 174
gap to the primal bound: 0.00914045
Preck submodel is infeasible, continue branching
Time limit exceeded (1001.4s), stopping submodel solve loop
General disjunction: No feasible solution found, use SCIP default branching rule
_____________________________________
Now starting branching with general disjunction
Current branching Node number: 154
LP objective value: 156.939
Node lower bound: 156.939
Node upper bound: 174
gap to the primal bound: 0.00914045
Preck submodel is infeasible, continue branching
Time limit exceeded (1001.25s), stopping submodel solve loop
General disjunction: No feasible solution found, use SCIP default branching rule
_____________________________________
Now starting branching with general disjunction
Current branching Node number: 156
LP objective value: 156.943
Node lower bound: 156.943
Node upper bound: 174
gap to the primal bound: 0.00914045
Preck submodel is infeasible, continue branching
Time limit exceeded (1001.26s), stopping submodel solve loop
General disjunction: No feasible solution found, use SCIP default branching rule
_____________________________________
Now starting branching with general disjunction
Current branching Node number: 158
Relpscost reduced domain, skip general disjunction branching
_____________________________________
Now starting branching with general disjunction
Current branching Node number: 136
Relpscost reduced domain, skip general disjunction branching
_____________________________________
Now starting branching with general disjunction
Current branching Node number: 136
LP objective value: 156.73
Node lower bound: 156.801
Node upper bound: 174
gap to the primal bound: 0.00914045
Preck submodel is infeasible, continue branching
Time limit exceeded (1001.14s), stopping submodel solve loop
General disjunction: No feasible solution found, use SCIP default branching rule
_____________________________________
Now starting branching with general disjunction
Current branching Node number: 161
LP objective value: 156.824
Node lower bound: 156.824
Node upper bound: 174
gap to the primal bound: 0.00914045
Preck submodel is infeasible, continue branching
Time limit exceeded (1001.2s), stopping submodel solve loop
General disjunction: No feasible solution found, use SCIP default branching rule
_____________________________________
Now starting branching with general disjunction
Current branching Node number: 162
LP objective value: 156.855
Node lower bound: 156.855
Node upper bound: 174
gap to the primal bound: 0.00914045
Preck submodel is infeasible, continue branching
Time limit exceeded (1001.35s), stopping submodel solve loop
General disjunction: No feasible solution found, use SCIP default branching rule
_____________________________________
Now starting branching with general disjunction
Current branching Node number: 164
LP objective value: 156.901
Node lower bound: 156.901
Node upper bound: 174
gap to the primal bound: 0.00914045
Preck submodel is infeasible, continue branching
Time limit exceeded (1001.29s), stopping submodel solve loop
General disjunction: No feasible solution found, use SCIP default branching rule
_____________________________________
Now starting branching with general disjunction
Current branching Node number: 166
LP objective value: 156.958
Node lower bound: 156.958
Node upper bound: 174
gap to the primal bound: 0.00914045
Preck submodel is infeasible, continue branching
Time limit exceeded (1001.33s), stopping submodel solve loop
General disjunction: No feasible solution found, use SCIP default branching rule
_____________________________________
Now starting branching with general disjunction
Current branching Node number: 132
LP objective value: 156.951
Node lower bound: 156.951
Node upper bound: 174
gap to the primal bound: 0.00914045
Preck submodel is infeasible, continue branching
Time limit exceeded (1001.34s), stopping submodel solve loop
General disjunction: No feasible solution found, use SCIP default branching rule
_____________________________________
Now starting branching with general disjunction
Current branching Node number: 170
LP objective value: 156.981
Node lower bound: 156.981
Node upper bound: 174
gap to the primal bound: 0.00914045
Preck submodel is infeasible, continue branching
Time limit exceeded (1001.25s), stopping submodel solve loop
General disjunction: No feasible solution found, use SCIP default branching rule
_____________________________________
Now starting branching with general disjunction
Current branching Node number: 160
LP objective value: 156.942
Node lower bound: 156.942
Node upper bound: 174
gap to the primal bound: 0.00914045
Preck submodel is infeasible, continue branching
Time limit exceeded (1001.26s), stopping submodel solve loop
General disjunction: No feasible solution found, use SCIP default branching rule

SCIP Status        : solving was interrupted [time limit reached]
Solving Time (sec) : 87145.67
Solving Nodes      : 163
Primal Bound       : +1.74000000000000e+02 (519 solutions)
Dual Bound         : +1.72423966825660e+02
Gap                : 0.91 %

primal solution:
================

objective value:                                  174
x82                                                 1 	(obj:2)
x246                                                1 	(obj:2)
x247                                                1 	(obj:1)
x352                                                1 	(obj:2)
x582                                                1 	(obj:2)
x611                                                1 	(obj:2)
x1393                                               1 	(obj:1)
x2010                                               1 	(obj:1)
x2064                                               1 	(obj:1)
x2326                                               1 	(obj:2)
x2770                                               1 	(obj:1)
x2948                                               1 	(obj:2)
x3042                                               1 	(obj:2)
x3155                                               1 	(obj:2)
x3173                                               1 	(obj:1)
x3259                                               1 	(obj:2)
x3458                                               1 	(obj:2)
x3696                                               1 	(obj:2)
x3821                                               1 	(obj:1)
x4783                                               1 	(obj:2)
x5625                                               1 	(obj:2)
x5891                                               1 	(obj:1)
x6230                                               1 	(obj:1)
x6596                                               1 	(obj:1)
x6860                                               1 	(obj:1)
x6883                                               1 	(obj:1)
x7280                                               1 	(obj:1)
x7565                                               1 	(obj:1)
x7879                                               1 	(obj:2)
x9029                                               1 	(obj:2)
x9262                                               1 	(obj:1)
x9345                                               1 	(obj:2)
x10684                                              1 	(obj:1)
x11254                                              1 	(obj:2)
x11397                                              1 	(obj:1)
x11959                                              1 	(obj:1)
x12130                                              1 	(obj:1)
x12322                                              1 	(obj:1)
x12392                                              1 	(obj:1)
x12497                                              1 	(obj:1)
x12646                                              1 	(obj:1)
x13217                                              1 	(obj:2)
x13351                                              1 	(obj:2)
x14452                                              1 	(obj:2)
x14716                                              1 	(obj:2)
x15199                                              1 	(obj:1)
x15480                                              1 	(obj:2)
x17877                                              1 	(obj:2)
x18537                                              1 	(obj:2)
x18538                                              1 	(obj:2)
x19940                                              1 	(obj:2)
x20647                                              1 	(obj:1)
x20668                                              1 	(obj:2)
x20669                                              1 	(obj:2)
x22386                                              1 	(obj:2)
x23778                                              1 	(obj:1)
x23904                                              1 	(obj:1)
x25974                                              1 	(obj:2)
x27080                                              1 	(obj:2)
x27533                                              1 	(obj:2)
x27848                                              1 	(obj:2)
x30725                                              1 	(obj:2)
x30827                                              1 	(obj:1)
x32571                                              1 	(obj:1)
x36507                                              1 	(obj:1)
x37441                                              1 	(obj:2)
x38063                                              1 	(obj:2)
x38217                                              1 	(obj:2)
x38382                                              1 	(obj:1)
x39025                                              1 	(obj:2)
x39709                                              1 	(obj:1)
x40625                                              1 	(obj:1)
x40833                                              1 	(obj:1)
x41165                                              1 	(obj:1)
x41196                                              1 	(obj:1)
x41265                                              1 	(obj:1)
x41840                                              1 	(obj:1)
x42320                                              1 	(obj:1)
x42658                                              1 	(obj:1)
x42833                                              1 	(obj:2)
x43868                                              1 	(obj:1)
x44804                                              1 	(obj:2)
x45046                                              1 	(obj:2)
x45489                                              1 	(obj:2)
x46967                                              1 	(obj:2)
x47885                                              1 	(obj:1)
x48258                                              1 	(obj:1)
x49228                                              1 	(obj:2)
x49406                                              1 	(obj:2)
x51822                                              1 	(obj:2)
x52535                                              1 	(obj:2)
x53276                                              1 	(obj:1)
x54923                                              1 	(obj:2)
x55671                                              1 	(obj:2)
x55675                                              1 	(obj:1)
x55760                                              1 	(obj:2)
x56034                                              1 	(obj:2)
x56144                                              1 	(obj:2)
x56642                                              1 	(obj:1)
x56704                                              1 	(obj:2)
x56782                                              1 	(obj:2)
x56893                                              1 	(obj:2)
x56965                                              1 	(obj:2)
x57118                                              1 	(obj:1)
x57150                                              1 	(obj:2)
x57165                                              1 	(obj:2)
x57557                                              1 	(obj:2)
x59937                                              1 	(obj:2)
x61650                                              1 	(obj:2)
x62266                                              1 	(obj:2)
x62379                                              1 	(obj:1)

Statistics
==========

SCIP Status        : solving was interrupted [time limit reached]
Total Time         :   87145.97
  solving          :   87145.67
  presolving       :       1.34 (included in solving)
  reading          :       0.31
  copying          :       0.00 (0 times copied the problem)
Original Problem   :
  Problem name     : fast0507
  Variables        : 63009 (63009 binary, 0 integer, 0 implicit integer, 0 continuous)
  Constraints      : 507 initial, 507 maximal
  Objective        : minimize, 63009 non-zeros (abs.min = 1, abs.max = 2)
Presolved Problem  :
  Problem name     : t_fast0507
  Variables        : 20676 (20676 binary, 0 integer, 0 implicit integer, 0 continuous)
  Constraints      : 440 initial, 440 maximal
  Objective        : minimize, 20676 non-zeros (abs.min = 1, abs.max = 2)
  Nonzeros         : 122860 constraint, 10 clique table
Presolvers         :   ExecTime  SetupTime  Calls  FixedVars   AggrVars   ChgTypes  ChgBounds   AddHoles    DelCons    AddCons   ChgSides   ChgCoefs
  boundshift       :       0.00       0.00      0          0          0          0          0          0          0          0          0          0
  convertinttobin  :       0.00       0.00      0          0          0          0          0          0          0          0          0          0
  domcol           :       0.38       0.00      4      42291          0          0          0          0          0          0          0          0
  dualagg          :       0.00       0.00      0          0          0          0          0          0          0          0          0          0
  dualcomp         :       0.00       0.00      0          0          0          0          0          0          0          0          0          0
  dualinfer        :       0.00       0.00      0          0          0          0          0          0          0          0          0          0
  dualsparsify     :       0.02       0.00      1          0          0          0          0          0          0          0          0          0
  gateextraction   :       0.00       0.00      0          0          0          0          0          0          0          0          0          0
  implics          :       0.00       0.00     10          0          0          0          0          0          0          0          0          0
  inttobinary      :       0.00       0.00      0          0          0          0          0          0          0          0          0          0
  qpkktref         :       0.00       0.00      0          0          0          0          0          0          0          0          0          0
  redvub           :       0.00       0.00      0          0          0          0          0          0          0          0          0          0
  sparsify         :       0.01       0.00      1          0          0          0          0          0          0          0          0          0
  stuffing         :       0.00       0.00      0          0          0          0          0          0          0          0          0          0
  trivial          :       0.03       0.00     18          0          0          0          0          0          0          0          0          0
  tworowbnd        :       0.00       0.00      0          0          0          0          0          0          0          0          0          0
  dualfix          :       0.03       0.00     18          7          0          0          0          0          0          0          0          0
  genvbounds       :       0.00       0.00      0          0          0          0          0          0          0          0          0          0
  probing          :       0.01       0.00      1          0          0          0          0          0          0          0          0          0
  pseudoobj        :       0.01       0.00      4          0          0          0          0          0          0          0          0          0
  symmetry         :       0.02       0.00      1          0          0          0          0          0          0          0          0          0
  vbounds          :       0.00       0.00      2          0          0          0          0          0          0          0          0          0
  linear           :       0.33       0.06      7          7          1          0          7          0         35          0         10          0
  logicor          :       0.42       0.01     29         26          1          0          0          0         32          0          0     265778
  benders          :       0.00       0.00      0          0          0          0          0          0          0          0          0          0
  components       :       0.02       0.00      1          0          0          0          0          0          0          0          0          0
  root node        :          -          -      -       6206          -          -       6206          -          -          -          -          -
Constraints        :     Number  MaxNumber  #Separate #Propagate    #EnfoLP    #EnfoRelax  #EnfoPS    #Check   #ResProp    Cutoffs    DomReds       Cuts    Applied      Conss   Children
  benderslp        :          0          0          0          0        179          0          0        520          0          0          0          0          0          0          0
  integral         :          0          0          0          0        179          0          0        520          0          0        274          0          0          0        174
  logicor          :        440        440          0          2          0          0          0        518          0          0          1          0          0          0          0
  benders          :          0          0          0          0          0          0          0        519          0          0          0          0          0          0          0
  fixedvar         :          0          0          0          0          0          0          0        519          0          0          0          0          0          0          0
  countsols        :          0          0          0          0          0          0          0        519          0          0          0          0          0          0          0
  components       :          0          0          0          0          0          0          0          0          0          0          0          0          0          0          0
Constraint Timings :  TotalTime  SetupTime   Separate  Propagate     EnfoLP     EnfoPS     EnfoRelax   Check    ResProp    SB-Prop
  benderslp        :       0.00       0.00       0.00       0.00       0.00       0.00       0.00       0.00       0.00       0.00
  integral         :   87139.92       0.00       0.00       0.00   87139.25       0.00       0.00       0.67       0.00       0.00
  logicor          :       0.02       0.01       0.01       0.00       0.00       0.00       0.00       0.01       0.00       0.00
  benders          :       0.00       0.00       0.00       0.00       0.00       0.00       0.00       0.00       0.00       0.00
  fixedvar         :       1.46       0.00       0.00       0.00       0.00       0.00       0.00       1.45       0.00       0.00
  countsols        :       0.00       0.00       0.00       0.00       0.00       0.00       0.00       0.00       0.00       0.00
  components       :       0.00       0.00       0.00       0.00       0.00       0.00       0.00       0.00       0.00       0.00
Propagators        : #Propagate   #ResProp    Cutoffs    DomReds
  dualfix          :          3          0          0          0
  genvbounds       :          0          0          0          0
  nlobbt           :          0          0          0          0
  obbt             :          0          0          0          0
  probing          :          0          0          0          0
  pseudoobj        :          8          0          0          0
  redcost          :          4          0          0       6205
  rootredcost      :          0          0          0          0
  symmetry         :          0          0          0          0
  vbounds          :          0          0          0          0
Propagator Timings :  TotalTime  SetupTime   Presolve  Propagate    ResProp    SB-Prop
  dualfix          :       0.03       0.00       0.03       0.00       0.00       0.00
  genvbounds       :       0.00       0.00       0.00       0.00       0.00       0.00
  nlobbt           :       0.00       0.00       0.00       0.00       0.00       0.00
  obbt             :       0.00       0.00       0.00       0.00       0.00       0.00
  probing          :       0.01       0.00       0.01       0.00       0.00       0.00
  pseudoobj        :       0.02       0.00       0.01       0.01       0.00       0.00
  redcost          :       0.01       0.00       0.00       0.01       0.00       0.00
  rootredcost      :       0.00       0.00       0.00       0.00       0.00       0.00
  symmetry         :       0.02       0.00       0.02       0.00       0.00       0.00
  vbounds          :       0.01       0.00       0.00       0.00       0.00       0.00
Symmetry           :
  orbitopal red.   :          0 reductions applied,          0 cutoffs
  orbital reduction:          0 reductions applied,          0 cutoffs
  lexicographic red:          0 reductions applied,          0 cutoffs
  shadow tree time :       0.00 s
Conflict Analysis  :       Time      Calls    Success    DomReds  Conflicts   Literals    Reconvs ReconvLits   Dualrays   Nonzeros   LP Iters   (pool size: [--,--])
  propagation      :       0.00          0          0          -          0        0.0          0        0.0          -          -          -
  infeasible LP    :       0.00          0          0          -          0        0.0          0        0.0          0        0.0          0
  bound exceed. LP :       0.00          0          0          -          0        0.0          0        0.0          0        0.0          0
  strong branching :       0.00          0          0          -          0        0.0          0        0.0          -          -          0
  pseudo solution  :       0.00          0          0          -          0        0.0          0        0.0          -          -          -
  applied globally :       0.00          -          -          0          0        0.0          -          -          0          -          -
  applied locally  :          -          -          -          0          0        0.0          -          -          0          -          -
Separators         :   ExecTime  SetupTime      Calls  RootCalls    Cutoffs    DomReds  FoundCuts ViaPoolAdd  DirectAdd    Applied ViaPoolApp  DirectApp      Conss
  cut pool         :       0.00          -          0          0          -          -          0          0          -          -          -          -          -    (maximal pool size:          0)
  aggregation      :       0.00       0.00          0          0          0          0          0          0          0          0          0          0          0
  > cmir           :          -          -          -          -          -          -          -          0          0          0          0          0          -
  > flowcover      :          -          -          -          -          -          -          -          0          0          0          0          0          -
  > knapsackcover  :          -          -          -          -          -          -          -          0          0          0          0          0          -
  cgmip            :       0.00       0.00          0          0          0          0          0          0          0          0          0          0          0
  clique           :       0.00       0.00          0          0          0          0          0          0          0          0          0          0          0
  closecuts        :       0.00       0.00          0          0          0          0          0          0          0          0          0          0          0
  convexproj       :       0.00       0.00          0          0          0          0          0          0          0          0          0          0          0
  disjunctive      :       0.00       0.00          0          0          0          0          0          0          0          0          0          0          0
  eccuts           :       0.00       0.00          0          0          0          0          0          0          0          0          0          0          0
  gauge            :       0.00       0.00          0          0          0          0          0          0          0          0          0          0          0
  gomory           :       0.00       0.00          0          0          0          0          0          0          0          0          0          0          0
  > gomorymi       :          -          -          -          -          -          -          -          0          0          0          0          0          -
  > strongcg       :          -          -          -          -          -          -          -          0          0          0          0          0          -
  impliedbounds    :       0.00       0.00          0          0          0          0          0          0          0          0          0          0          0
  interminor       :       0.00       0.00          0          0          0          0          0          0          0          0          0          0          0
  intobj           :       0.00       0.00          0          0          0          0          0          0          0          0          0          0          0
  lagromory        :       0.00       0.00          0          0          0          0          0          0          0          0          0          0          0
  mcf              :       0.00       0.00          0          0          0          0          0          0          0          0          0          0          0
  minor            :       0.00       0.00          0          0          0          0          0          0          0          0          0          0          0
  mixing           :       0.00       0.00          0          0          0          0          0          0          0          0          0          0          0
  oddcycle         :       0.00       0.00          0          0          0          0          0          0          0          0          0          0          0
  rapidlearning    :       0.00       0.00          0          0          0          0          0          0          0          0          0          0          0
  rlt              :       0.00       0.00          0          0          0          0          0          0          0          0          0          0          0
  zerohalf         :       0.00       0.00          0          0          0          0          0          0          0          0          0          0          0
Cutselectors       :   ExecTime  SetupTime      Calls  RootCalls   Selected     Forced   Filtered  RootSelec   RootForc   RootFilt 
  hybrid           :       0.00       0.00          0          0          0          0          0          0          0          0
  ensemble         :       0.00       0.00          0          0          0          0          0          0          0          0
  dynamic          :       0.00       0.00          0          0          0          0          0          0          0          0
Pricers            :   ExecTime  SetupTime      Calls       Vars
  problem variables:       0.00          -          0          0
Branching Rules    :   ExecTime  SetupTime   BranchLP  BranchExt   BranchPS    Cutoffs    DomReds       Cuts      Conss   Children
  allfullstrong    :       0.00       0.00          0          0          0          0          0          0          0          0
  cloud            :       0.00       0.00          0          0          0          0          0          0          0          0
  distribution     :       0.00       0.00          0          0          0          0          0          0          0          0
  fullstrong       :       0.00       0.00          0          0          0          0          0          0          0          0
  general_disjuncti:   87133.89       0.00        179          0          0          0        274          0          0          0
  GeneralDisjunction(extra): subMILPs=174 fairNodes of all MILPs=9989 probingLPs=0
  gomory           :       0.00       0.00          0          0          0          0          0          0          0          0
  inference        :       0.00       0.00          0          0          0          0          0          0          0          0
  leastinf         :       0.00       0.00          0          0          0          0          0          0          0          0
  lookahead        :       0.00       0.00          0          0          0          0          0          0          0          0
  mostinf          :       0.00       0.00          0          0          0          0          0          0          0          0
  multaggr         :       0.00       0.00          0          0          0          0          0          0          0          0
  nodereopt        :       0.00       0.00          0          0          0          0          0          0          0          0
  pscost           :       0.00       0.00          0          0          0          0          0          0          0          0
  random           :       0.00       0.00          0          0          0          0          0          0          0          0
  relpscost        :       5.36       0.00         87          0          0          0          0          0          0        174
  vanillafullstrong:       0.00       0.00          0          0          0          0          0          0          0          0
Primal Heuristics  :   ExecTime  SetupTime      Calls      Found       Best
  LP solutions     :       0.00          -          -          0          0
  relax solutions  :       0.00          -          -          0          0
  pseudo solutions :       0.00          -          -          0          0
  strong branching :       5.28          -          -        518          0
  actconsdiving    :       0.00       0.00          0          0          0
  adaptivediving   :       0.00       0.00          0          0          0
  alns             :       0.00       0.00          0          0          0
  bound            :       0.00       0.00          0          0          0
  clique           :       0.00       0.00          0          0          0
  coefdiving       :       0.00       0.00          0          0          0
  completesol      :       0.00       0.00          0          0          0
  conflictdiving   :       0.00       0.00          0          0          0
  crossover        :       0.00       0.00          0          0          0
  dins             :       0.00       0.00          0          0          0
  distributiondivin:       0.00       0.00          0          0          0
  dps              :       0.00       0.00          0          0          0
  dualval          :       0.00       0.00          0          0          0
  farkasdiving     :       0.00       0.00          0          0          0
  feaspump         :       0.00       0.00          0          0          0
  fixandinfer      :       0.00       0.00          0          0          0
  fracdiving       :       0.00       0.00          0          0          0
  gins             :       0.00       0.00          0          0          0
  guideddiving     :       0.00       0.00          0          0          0
  indicator        :       0.00       0.00          0          0          0
  indicatordiving  :       0.00       0.00          0          0          0
  intdiving        :       0.00       0.00          0          0          0
  intshifting      :       0.00       0.00          0          0          0
  linesearchdiving :       0.00       0.00          0          0          0
  localbranching   :       0.00       0.00          0          0          0
  locks            :       0.00       0.00          0          0          0
  lpface           :       0.00       0.00          0          0          0
  mpec             :       0.00       0.00          0          0          0
  multistart       :       0.00       0.00          0          0          0
  mutation         :       0.00       0.00          0          0          0
  nlpdiving        :       0.00       0.00          0          0          0
  objpscostdiving  :       0.00       0.00          0          0          0
  octane           :       0.00       0.00          0          0          0
  ofins            :       0.00       0.00          0          0          0
  oneopt           :       0.00       0.00          0          0          0
  padm             :       0.00       0.00          0          0          0
  proximity        :       0.00       0.00          0          0          0
  pscostdiving     :       0.00       0.00          0          0          0
  randrounding     :       0.00       0.00          0          0          0
  rens             :       0.00       0.00          0          0          0
  reoptsols        :       0.00       0.00          0          0          0
  repair           :       0.00       0.00          0          0          0
  rins             :       0.00       0.00          0          0          0
  rootsoldiving    :       0.00       0.00          0          0          0
  rounding         :       0.00       0.00          0          0          0
  scheduler        :       0.00       0.00          0          0          0
  shiftandpropagate:       0.00       0.00          0          0          0
  shifting         :       0.00       0.00          0          0          0
  simplerounding   :       0.00       0.00          0          0          0
  subnlp           :       0.00       0.00          0          0          0
  trivial          :       0.00       0.00          0          0          0
  trivialnegation  :       0.00       0.00          0          0          0
  trustregion      :       0.00       0.00          0          0          0
  trysol           :       0.00       0.00          0          0          0
  twoopt           :       0.00       0.00          0          0          0
  undercover       :       0.00       0.00          0          0          0
  vbounds          :       0.00       0.00          0          0          0
  veclendiving     :       0.00       0.00          0          0          0
  zeroobj          :       0.00       0.00          0          0          0
  zirounding       :       0.00       0.00          0          0          0
  other solutions  :          -          -          -          1          -
LNS (Scheduler)    :      Calls  SetupTime  SolveTime SolveNodes       Sols       Best       Exp3    Exp3-IX  EpsGreedy        UCB TgtFixRate  Opt  Inf Node Stal  Sol  Usr Othr Actv
  rens             :          0       0.00       0.00          0          0          0    0.00000    0.12500   -1.00000    1.00000      0.900    0    0    0    0    0    0    0    1
  rins             :          0       0.00       0.00          0          0          0    0.00000    0.12500   -1.00000    1.00000      0.900    0    0    0    0    0    0    0    1
  mutation         :          0       0.00       0.00          0          0          0    0.00000    0.12500   -1.00000    1.00000      0.900    0    0    0    0    0    0    0    1
  localbranching   :          0       0.00       0.00          0          0          0    0.00000    0.12500   -1.00000    1.00000      0.900    0    0    0    0    0    0    0    1
  crossover        :          0       0.00       0.00          0          0          0    0.00000    0.12500   -1.00000    1.00000      0.900    0    0    0    0    0    0    0    1
  proximity        :          0       0.00       0.00          0          0          0    0.00000    0.12500   -1.00000    1.00000      0.900    0    0    0    0    0    0    0    1
  zeroobjective    :          0       0.00       0.00          0          0          0    0.00000    0.12500   -1.00000    1.00000      0.900    0    0    0    0    0    0    0    1
  dins             :          0       0.00       0.00          0          0          0    0.00000    0.12500   -1.00000    1.00000      0.900    0    0    0    0    0    0    0    1
  trustregion      :          0       0.00       0.00          0          0          0    0.00000    0.00000   -1.00000    1.00000      0.900    0    0    0    0    0    0    0    0
LP                 :       Time      Calls Iterations  Iter/call   Iter/sec  Time-0-It Calls-0-It    ItLimit
  primal LP        :       0.00          0          0       0.00          -       0.00          0
  dual LP          :       4.47        257      23940      93.88    5361.56       0.00          2
  lex dual LP      :       0.00          0          0       0.00          -
  barrier LP       :       0.00          0          0       0.00          -       0.00          0
  resolve instable :       0.00          0          0       0.00          -
  diving/probing LP:       0.20          0          0       0.00       0.00
  strong branching :      24.46        732     133843     182.85    5471.46          -          -          5
    (at root node) :          -         87      20913     240.38          -
  conflict analysis:       0.00          0          0       0.00          -
B&B Tree           :
  number of runs   :          1
  nodes            :        163 (87 internal, 76 leaves)
  feasible leaves  :          0
  infeas. leaves   :          0
  objective leaves :         76
  nodes (total)    :        163 (87 internal, 76 leaves)
  nodes left       :         12
  max depth        :         15
  max depth (total):         15
  backtracks       :         27 (16.6%)
  early backtracks :          0 (0.0%)
  nodes exc. ref.  :          0 (0.0%)
  delayed cutoffs  :          0
  repropagations   :          0 (0 domain reductions, 0 cutoffs)
  avg switch length:       2.38
  switching time   :       0.01
Root Node          :
  First LP value   : +1.72145566676549e+02
  First LP Iters   :       4147 (6417.94 Iter/sec)
  First LP Time    :       0.65
  Final Dual Bound : +1.72262813494709e+02
  Final Root Iters :       4147
  Root LP Estimate : +1.74823457383014e+02
Solution           :
  Solutions found  :        519 (1 improvements)
  First Solution   : +1.74000000000000e+02   (in run 0, after 0 nodes, 0.00 seconds, depth -1, found by <initial>)
  Gap First Sol.   :   infinite
  Gap Last Sol.    :   infinite
  Primal Bound     : +1.74000000000000e+02   (in run 0, after 0 nodes, 0.00 seconds, depth -1, found by <initial>)
  Dual Bound       : +1.72423966825660e+02
  Gap              :       0.91 %
Integrals          :      Total       Avg%
  primal-dual      :   81674.11       0.94
  primal-ref       :          -          - (not evaluated)
  dual-ref         :          -          - (not evaluated)
