SCIP version 9.2.2 [precision: 8 byte] [memory: block] [mode: optimized] [LP solver: CPLEX 12.10.0.0] [GitHash: 416226a4f8]
Copyright (c) 2002-2025 Zuse Institute Berlin (ZIB)

reading parameter file </scratch/htc/yzhou/exp_scipmip/settings/sandbox_gendj.set>

read problem </scratch/htc/yzhou/exp_scipmip/instances/additional/mod010.mps>
============

original problem has 2655 variables (2655 bin, 0 int, 0 impl, 0 cont) and 146 constraints
    146 constraints of type <linear>
Reading Time: 0.05

read solution </scratch/htc/yzhou/solutions/mod010.sol>
============

primal solution from solution file </scratch/htc/yzhou/solutions/mod010.sol> was accepted as candidate, will be checked when solving starts
original problem has 2655 variables (2655 bin, 0 int, 0 impl, 0 cont) and 146 constraints
    146 constraints of type <linear>
Reading Time: 0.11
solve problem
=============
LP Solver <CPLEX 12.10.0.0>: fastmip setting not available -- SCIP parameter has no effect
LP Solver <CPLEX 12.10.0.0>: clock type cannot be set
LP Solver <CPLEX 12.10.0.0>: row representation of the basis not available -- SCIP parameter lp/rowrepswitch has no effect
LP Solver <CPLEX 12.10.0.0>: solution polishing not available -- SCIP parameter lp/solutionpolishing has no effect
LP Solver <CPLEX 12.10.0.0>: refactorization interval not available -- SCIP parameter lp/refactorinterval has no effect
1/1 feasible solution given by solution candidate storage, new primal bound 6.548000e+03

transformed problem has 2655 variables (2655 bin, 0 int, 0 impl, 0 cont) and 146 constraints
    146 constraints of type <linear>

original problem has 11203 active (2.89013%) nonzeros and 11203 (2.89013%) check nonzeros

presolving:
(round 1, exhaustive) 0 del vars, 0 del conss, 0 add conss, 0 chg bounds, 0 chg sides, 0 chg coeffs, 145 upgd conss, 0 impls, 202 clqs
(round 2, fast)       0 del vars, 0 del conss, 0 add conss, 0 chg bounds, 0 chg sides, 44 chg coeffs, 145 upgd conss, 0 impls, 202 clqs
(round 3, exhaustive) 83 del vars, 2 del conss, 0 add conss, 0 chg bounds, 0 chg sides, 44 chg coeffs, 145 upgd conss, 0 impls, 198 clqs
   (0.2s) sparsify aborted: 1790/10760 (16.6%) nonzeros canceled - in total 1790 canceled nonzeros, 1790 changed coefficients, 0 added nonzeros
(round 4, exhaustive) 83 del vars, 2 del conss, 0 add conss, 0 chg bounds, 0 chg sides, 1834 chg coeffs, 145 upgd conss, 0 impls, 198 clqs
(round 5, medium)     85 del vars, 2 del conss, 0 add conss, 0 chg bounds, 2 chg sides, 1836 chg coeffs, 145 upgd conss, 0 impls, 198 clqs
(round 6, exhaustive) 85 del vars, 3 del conss, 0 add conss, 0 chg bounds, 2 chg sides, 1836 chg coeffs, 145 upgd conss, 0 impls, 198 clqs
(round 7, medium)     86 del vars, 3 del conss, 0 add conss, 0 chg bounds, 3 chg sides, 1837 chg coeffs, 145 upgd conss, 0 impls, 198 clqs
(round 8, exhaustive) 91 del vars, 3 del conss, 0 add conss, 0 chg bounds, 3 chg sides, 1837 chg coeffs, 145 upgd conss, 0 impls, 198 clqs
   (0.2s) probing: 51/2564 (2.0%) - 0 fixings, 0 aggregations, 0 implications, 0 bound changes
   (0.2s) probing aborted: 50/50 successive totally useless probings
   (0.2s) symmetry computation started: requiring (bin +, int +, cont +), (fixed: bin -, int -, cont -)
   (0.2s) no symmetry present (symcode time: 0.00)
clique table cleanup detected 0 bound changes

presolved problem has 8946 active (2.43992%) nonzeros and 8946 (2.43992%) check nonzeros

presolving (9 rounds: 9 fast, 8 medium, 6 exhaustive):
 91 deleted vars, 3 deleted constraints, 0 added constraints, 0 tightened bounds, 0 added holes, 3 changed sides, 1837 changed coefficients
 0 implications, 198 cliques
presolved problem has 2564 variables (2564 bin, 0 int, 0 impl, 0 cont) and 143 constraints
      1 constraints of type <knapsack>
    141 constraints of type <setppc>
      1 constraints of type <linear>
transformed objective value is always integral (scale: 1)
Presolving Time: 0.15
transformed 1/1 original solutions to the transformed problem space

 time | node  | left  |LP iter|LP it/n|mem/heur|mdpt |vars |cons |rows |cuts |sepa|confs|strbr|  dualbound   | primalbound  |  gap   | compl. 
  0.3s|     1 |     0 |   678 |     - |    35M |   0 |2564 | 143 | 143 |   0 |  0 |   0 |   0 | 6.532083e+03 | 6.548000e+03 |   0.24%| unknown
  0.3s|     1 |     0 |   678 |     - |    35M |   0 |2564 | 143 | 143 |   0 |  0 |   0 |   0 | 6.532083e+03 | 6.548000e+03 |   0.24%| unknown
  0.3s|     1 |     0 |   678 |     - |    35M |   0 |2564 | 135 | 143 |   0 |  1 |   0 |   0 | 6.532083e+03 | 6.548000e+03 |   0.24%| unknown
_____________________________________
Now starting branching with general disjunction
Current branching Node number: 1
LP objective value: 6452.08
Node lower bound: 6455.67
Node upper bound: 6548
gap to the primal bound: 0.00188708
Preck submodel is infeasible, continue branching
Time limit exceeded (1000.18s), stopping submodel solve loop
General disjunction: No feasible solution found, use SCIP default branching rule
 1001s|     1 |     2 |   678 |     - |    36M |   0 |2564 | 135 | 143 |   0 |  2 |   0 |  35 | 6.535667e+03 | 6.548000e+03 |   0.19%| unknown
_____________________________________
Now starting branching with general disjunction
Current branching Node number: 2
Relpscost reduced domain, skip general disjunction branching
_____________________________________
Now starting branching with general disjunction
Current branching Node number: 2
Relpscost reduced domain, skip general disjunction branching
_____________________________________
Now starting branching with general disjunction
Current branching Node number: 2
Relpscost reduced domain, skip general disjunction branching
_____________________________________
Now starting branching with general disjunction
Current branching Node number: 2
Relpscost reduced domain, skip general disjunction branching
_____________________________________
Now starting branching with general disjunction
Current branching Node number: 2
Relpscost reduced domain, skip general disjunction branching
_____________________________________
Now starting branching with general disjunction
Current branching Node number: 2
Relpscost reduced domain, skip general disjunction branching
_____________________________________
Now starting branching with general disjunction
Current branching Node number: 3
Relpscost reduced domain, skip general disjunction branching
_____________________________________
Now starting branching with general disjunction
Current branching Node number: 3
Relpscost reduced domain, skip general disjunction branching
_____________________________________
Now starting branching with general disjunction
Current branching Node number: 3
Relpscost reduced domain, skip general disjunction branching
_____________________________________
Now starting branching with general disjunction
Current branching Node number: 3
Relpscost reduced domain, skip general disjunction branching
_____________________________________
Now starting branching with general disjunction
Current branching Node number: 3
LP objective value: 6466.4
Node lower bound: 6466.4
Node upper bound: 6548
gap to the primal bound: 0.000244409
Preck submodel is infeasible, continue branching
Time limit exceeded (1000.16s), stopping submodel solve loop
General disjunction: No feasible solution found, use SCIP default branching rule
_____________________________________
Now starting branching with general disjunction
Current branching Node number: 4
Relpscost reduced domain, skip general disjunction branching

SCIP Status        : problem is solved [optimal solution found]
Solving Time (sec) : 2000.78
Solving Nodes      : 5
Primal Bound       : +6.54800000000000e+03 (1 solutions)
Dual Bound         : +6.54800000000000e+03
Gap                : 0.00 %

primal solution:
================

objective value:                                 6548
C4.                                                 1 	(obj:19)
C11.                                                1 	(obj:54)
C18.                                                1 	(obj:54)
C24.                                                1 	(obj:52)
C28.                                                1 	(obj:22)
C52.                                                1 	(obj:25)
C67.                                                1 	(obj:40)
C70.                                                1 	(obj:28)
C84.                                                1 	(obj:52)
C88.                                                1 	(obj:25)
C104.                                               1 	(obj:22)
C147.                                               1 	(obj:40)
C151.                                               1 	(obj:27)
C160.                                               1 	(obj:53)
C183.                                               1 	(obj:53)
C193.                                               1 	(obj:53)
C268.                                               1 	(obj:180)
C298.                                               1 	(obj:209)
C378.                                               1 	(obj:182)
C481.                                               1 	(obj:201)
C561.                                               1 	(obj:202)
C623.                                               1 	(obj:198)
C727.                                               1 	(obj:212)
C854.                                               1 	(obj:213)
C983.                                               1 	(obj:201)
C1032.                                              1 	(obj:182)
C1097.                                              1 	(obj:200)
C1262.                                              1 	(obj:211)
C1323.                                              1 	(obj:196)
C1341.                                              1 	(obj:223)
C1445.                                              1 	(obj:191)
C1465.                                              1 	(obj:212)
C1570.                                              1 	(obj:211)
C1599.                                              1 	(obj:211)
C1782.                                              1 	(obj:216)
C1858.                                              1 	(obj:201)
C1953.                                              1 	(obj:194)
C2334.                                              1 	(obj:192)
C2354.                                              1 	(obj:175)
C2382.                                              1 	(obj:177)
C2473.                                              1 	(obj:175)
C2557.                                              1 	(obj:188)
C2579.                                              1 	(obj:188)
C2612.                                              1 	(obj:191)
C2648.                                              1 	(obj:198)
C2649.                                              1 	(obj:199)

Statistics
==========

SCIP Status        : problem is solved [optimal solution found]
Total Time         :    2000.89
  solving          :    2000.78
  presolving       :       0.15 (included in solving)
  reading          :       0.11
  copying          :       0.00 (0 times copied the problem)
Original Problem   :
  Problem name     : mod010
  Variables        : 2655 (2655 binary, 0 integer, 0 implicit integer, 0 continuous)
  Constraints      : 146 initial, 146 maximal
  Objective        : minimize, 2655 non-zeros (abs.min = 12, abs.max = 266)
Presolved Problem  :
  Problem name     : t_mod010
  Variables        : 2564 (2564 binary, 0 integer, 0 implicit integer, 0 continuous)
  Constraints      : 143 initial, 143 maximal
  Objective        : minimize, 2557 non-zeros (abs.min = 12, abs.max = 266)
  Nonzeros         : 8946 constraint, 11813 clique table
Presolvers         :   ExecTime  SetupTime  Calls  FixedVars   AggrVars   ChgTypes  ChgBounds   AddHoles    DelCons    AddCons   ChgSides   ChgCoefs
  boundshift       :       0.00       0.00      0          0          0          0          0          0          0          0          0          0
  convertinttobin  :       0.00       0.00      0          0          0          0          0          0          0          0          0          0
  domcol           :       0.01       0.00      3          5          0          0          0          0          0          0          0          0
  dualagg          :       0.00       0.00      0          0          0          0          0          0          0          0          0          0
  dualcomp         :       0.00       0.00      0          0          0          0          0          0          0          0          0          0
  dualinfer        :       0.00       0.00      0          0          0          0          0          0          0          0          0          0
  dualsparsify     :       0.00       0.00      1          0          0          0          0          0          0          0          0          0
  gateextraction   :       0.00       0.00      0          0          0          0          0          0          0          0          0          0
  implics          :       0.00       0.00      8          0          0          0          0          0          0          0          0          0
  inttobinary      :       0.00       0.00      0          0          0          0          0          0          0          0          0          0
  qpkktref         :       0.00       0.00      0          0          0          0          0          0          0          0          0          0
  redvub           :       0.00       0.00      0          0          0          0          0          0          0          0          0          0
  sparsify         :       0.10       0.00      2          0          0          0          0          0          0          0          0       1790
  stuffing         :       0.00       0.00      0          0          0          0          0          0          0          0          0          0
  trivial          :       0.00       0.00      9          0          0          0          0          0          0          0          0          0
  tworowbnd        :       0.00       0.00      0          0          0          0          0          0          0          0          0          0
  dualfix          :       0.00       0.00      9          0          0          0          0          0          0          0          0          0
  genvbounds       :       0.00       0.00      0          0          0          0          0          0          0          0          0          0
  probing          :       0.01       0.00      1          0          0          0          0          0          0          0          0          0
  pseudoobj        :       0.00       0.00      2          0          0          0          0          0          0          0          0          0
  symmetry         :       0.00       0.00      1          0          0          0          0          0          0          0          0          0
  vbounds          :       0.00       0.00      1          0          0          0          0          0          0          0          0          0
  knapsack         :       0.00       0.00     20          0          0          0          0          0          0          0          0         44
  setppc           :       0.01       0.00     20         83          3          0          0          0          3          0          3          3
  linear           :       0.02       0.00     13          0          0          0          0          0          0          0          0          0
  benders          :       0.00       0.00      0          0          0          0          0          0          0          0          0          0
  components       :       0.00       0.00      1          0          0          0          0          0          0          0          0          0
  root node        :          -          -      -       2132          -          -       2132          -          -          -          -          -
Constraints        :     Number  MaxNumber  #Separate #Propagate    #EnfoLP    #EnfoRelax  #EnfoPS    #Check   #ResProp    Cutoffs    DomReds       Cuts    Applied      Conss   Children
  benderslp        :          0          0          0          0         13          0          0          3          0          0          0          0          0          0          0
  integral         :          0          0          0          0         13          0          0          3          0          0         40          0          0          0          4
  knapsack         :          1          1          0        106          0          0          0          1          0          0          9          0          0          0          0
  setppc           :        141        141          0        106          0          0          0          1          0          0         61          0          0          0          0
  linear           :          1          1          0        106          0          0          0          1          0          0          0          0          0          0          0
  benders          :          0          0          0          0          0          0          0          2          0          0          0          0          0          0          0
  fixedvar         :          0          0          0          0          0          0          0          2          0          0          0          0          0          0          0
  countsols        :          0          0          0          0          0          0          0          2          0          0          0          0          0          0          0
  components       :          0          0          0          0          0          0          0          0          0          0          0          0          0          0          0
Constraint Timings :  TotalTime  SetupTime   Separate  Propagate     EnfoLP     EnfoPS     EnfoRelax   Check    ResProp    SB-Prop
  benderslp        :       0.00       0.00       0.00       0.00       0.00       0.00       0.00       0.00       0.00       0.00
  integral         :    2000.51       0.00       0.00       0.00    2000.51       0.00       0.00       0.00       0.00       0.00
  knapsack         :       0.00       0.00       0.00       0.00       0.00       0.00       0.00       0.00       0.00       0.00
  setppc           :       0.00       0.00       0.00       0.00       0.00       0.00       0.00       0.00       0.00       0.00
  linear           :       0.00       0.00       0.00       0.00       0.00       0.00       0.00       0.00       0.00       0.00
  benders          :       0.00       0.00       0.00       0.00       0.00       0.00       0.00       0.00       0.00       0.00
  fixedvar         :       0.00       0.00       0.00       0.00       0.00       0.00       0.00       0.00       0.00       0.00
  countsols        :       0.00       0.00       0.00       0.00       0.00       0.00       0.00       0.00       0.00       0.00
  components       :       0.00       0.00       0.00       0.00       0.00       0.00       0.00       0.00       0.00       0.00
Propagators        : #Propagate   #ResProp    Cutoffs    DomReds
  dualfix          :          4          0          0          0
  genvbounds       :          0          0          0          0
  nlobbt           :          0          0          0          0
  obbt             :          0          0          0          0
  probing          :          0          0          0          0
  pseudoobj        :         11          0          0          0
  redcost          :          4          0          0       2053
  rootredcost      :          0          0          0          0
  symmetry         :          0          0          0          0
  vbounds          :          4          0          0          0
Propagator Timings :  TotalTime  SetupTime   Presolve  Propagate    ResProp    SB-Prop
  dualfix          :       0.00       0.00       0.00       0.00       0.00       0.00
  genvbounds       :       0.00       0.00       0.00       0.00       0.00       0.00
  nlobbt           :       0.00       0.00       0.00       0.00       0.00       0.00
  obbt             :       0.00       0.00       0.00       0.00       0.00       0.00
  probing          :       0.01       0.00       0.01       0.00       0.00       0.00
  pseudoobj        :       0.00       0.00       0.00       0.00       0.00       0.00
  redcost          :       0.00       0.00       0.00       0.00       0.00       0.00
  rootredcost      :       0.00       0.00       0.00       0.00       0.00       0.00
  symmetry         :       0.00       0.00       0.00       0.00       0.00       0.00
  vbounds          :       0.00       0.00       0.00       0.00       0.00       0.00
Symmetry           :
  orbitopal red.   :          0 reductions applied,          0 cutoffs
  orbital reduction:          0 reductions applied,          0 cutoffs
  lexicographic red:          0 reductions applied,          0 cutoffs
  shadow tree time :       0.00 s
Conflict Analysis  :       Time      Calls    Success    DomReds  Conflicts   Literals    Reconvs ReconvLits   Dualrays   Nonzeros   LP Iters   (pool size: [--,--])
  propagation      :       0.00          0          0          -          0        0.0          0        0.0          -          -          -
  infeasible LP    :       0.00          0          0          -          0        0.0          0        0.0          0        0.0          0
  bound exceed. LP :       0.00          0          0          -          0        0.0          0        0.0          0        0.0          0
  strong branching :       0.00          0          0          -          0        0.0          0        0.0          -          -          0
  pseudo solution  :       0.00          0          0          -          0        0.0          0        0.0          -          -          -
  applied globally :       0.00          -          -          0          0        0.0          -          -          0          -          -
  applied locally  :          -          -          -          0          0        0.0          -          -          0          -          -
Separators         :   ExecTime  SetupTime      Calls  RootCalls    Cutoffs    DomReds  FoundCuts ViaPoolAdd  DirectAdd    Applied ViaPoolApp  DirectApp      Conss
  cut pool         :       0.00          -          0          0          -          -          0          0          -          -          -          -          -    (maximal pool size:          0)
  aggregation      :       0.00       0.00          0          0          0          0          0          0          0          0          0          0          0
  > cmir           :          -          -          -          -          -          -          -          0          0          0          0          0          -
  > flowcover      :          -          -          -          -          -          -          -          0          0          0          0          0          -
  > knapsackcover  :          -          -          -          -          -          -          -          0          0          0          0          0          -
  cgmip            :       0.00       0.00          0          0          0          0          0          0          0          0          0          0          0
  clique           :       0.00       0.00          0          0          0          0          0          0          0          0          0          0          0
  closecuts        :       0.00       0.00          0          0          0          0          0          0          0          0          0          0          0
  convexproj       :       0.00       0.00          0          0          0          0          0          0          0          0          0          0          0
  disjunctive      :       0.00       0.00          0          0          0          0          0          0          0          0          0          0          0
  eccuts           :       0.00       0.00          0          0          0          0          0          0          0          0          0          0          0
  gauge            :       0.00       0.00          0          0          0          0          0          0          0          0          0          0          0
  gomory           :       0.00       0.00          0          0          0          0          0          0          0          0          0          0          0
  > gomorymi       :          -          -          -          -          -          -          -          0          0          0          0          0          -
  > strongcg       :          -          -          -          -          -          -          -          0          0          0          0          0          -
  impliedbounds    :       0.00       0.00          0          0          0          0          0          0          0          0          0          0          0
  interminor       :       0.00       0.00          0          0          0          0          0          0          0          0          0          0          0
  intobj           :       0.00       0.00          0          0          0          0          0          0          0          0          0          0          0
  lagromory        :       0.00       0.00          0          0          0          0          0          0          0          0          0          0          0
  mcf              :       0.00       0.00          0          0          0          0          0          0          0          0          0          0          0
  minor            :       0.00       0.00          0          0          0          0          0          0          0          0          0          0          0
  mixing           :       0.00       0.00          0          0          0          0          0          0          0          0          0          0          0
  oddcycle         :       0.00       0.00          0          0          0          0          0          0          0          0          0          0          0
  rapidlearning    :       0.00       0.00          0          0          0          0          0          0          0          0          0          0          0
  rlt              :       0.00       0.00          0          0          0          0          0          0          0          0          0          0          0
  zerohalf         :       0.00       0.00          0          0          0          0          0          0          0          0          0          0          0
Cutselectors       :   ExecTime  SetupTime      Calls  RootCalls   Selected     Forced   Filtered  RootSelec   RootForc   RootFilt 
  hybrid           :       0.00       0.00          0          0          0          0          0          0          0          0
  ensemble         :       0.00       0.00          0          0          0          0          0          0          0          0
  dynamic          :       0.00       0.00          0          0          0          0          0          0          0          0
Pricers            :   ExecTime  SetupTime      Calls       Vars
  problem variables:       0.00          -          0          0
Branching Rules    :   ExecTime  SetupTime   BranchLP  BranchExt   BranchPS    Cutoffs    DomReds       Cuts      Conss   Children
  allfullstrong    :       0.00       0.00          0          0          0          0          0          0          0          0
  cloud            :       0.00       0.00          0          0          0          0          0          0          0          0
  distribution     :       0.00       0.00          0          0          0          0          0          0          0          0
  fullstrong       :       0.00       0.00          0          0          0          0          0          0          0          0
  general_disjuncti:    2000.51       0.00         13          0          0          0         40          0          0          0
  GeneralDisjunction(extra): subMILPs=4 fairNodes of all MILPs=4971 probingLPs=0
  gomory           :       0.00       0.00          0          0          0          0          0          0          0          0
  inference        :       0.00       0.00          0          0          0          0          0          0          0          0
  leastinf         :       0.00       0.00          0          0          0          0          0          0          0          0
  lookahead        :       0.00       0.00          0          0          0          0          0          0          0          0
  mostinf          :       0.00       0.00          0          0          0          0          0          0          0          0
  multaggr         :       0.00       0.00          0          0          0          0          0          0          0          0
  nodereopt        :       0.00       0.00          0          0          0          0          0          0          0          0
  pscost           :       0.00       0.00          0          0          0          0          0          0          0          0
  random           :       0.00       0.00          0          0          0          0          0          0          0          0
  relpscost        :       0.00       0.00          2          0          0          0          0          0          0          4
  vanillafullstrong:       0.00       0.00          0          0          0          0          0          0          0          0
Primal Heuristics  :   ExecTime  SetupTime      Calls      Found       Best
  LP solutions     :       0.00          -          -          0          0
  relax solutions  :       0.00          -          -          0          0
  pseudo solutions :       0.00          -          -          0          0
  strong branching :       0.00          -          -          0          0
  actconsdiving    :       0.00       0.00          0          0          0
  adaptivediving   :       0.00       0.00          0          0          0
  alns             :       0.00       0.00          0          0          0
  bound            :       0.00       0.00          0          0          0
  clique           :       0.00       0.00          0          0          0
  coefdiving       :       0.00       0.00          0          0          0
  completesol      :       0.00       0.00          0          0          0
  conflictdiving   :       0.00       0.00          0          0          0
  crossover        :       0.00       0.00          0          0          0
  dins             :       0.00       0.00          0          0          0
  distributiondivin:       0.00       0.00          0          0          0
  dps              :       0.00       0.00          0          0          0
  dualval          :       0.00       0.00          0          0          0
  farkasdiving     :       0.00       0.00          0          0          0
  feaspump         :       0.00       0.00          0          0          0
  fixandinfer      :       0.00       0.00          0          0          0
  fracdiving       :       0.00       0.00          0          0          0
  gins             :       0.00       0.00          0          0          0
  guideddiving     :       0.00       0.00          0          0          0
  indicator        :       0.00       0.00          0          0          0
  indicatordiving  :       0.00       0.00          0          0          0
  intdiving        :       0.00       0.00          0          0          0
  intshifting      :       0.00       0.00          0          0          0
  linesearchdiving :       0.00       0.00          0          0          0
  localbranching   :       0.00       0.00          0          0          0
  locks            :       0.00       0.00          0          0          0
  lpface           :       0.00       0.00          0          0          0
  mpec             :       0.00       0.00          0          0          0
  multistart       :       0.00       0.00          0          0          0
  mutation         :       0.00       0.00          0          0          0
  nlpdiving        :       0.00       0.00          0          0          0
  objpscostdiving  :       0.00       0.00          0          0          0
  octane           :       0.00       0.00          0          0          0
  ofins            :       0.00       0.00          0          0          0
  oneopt           :       0.00       0.00          0          0          0
  padm             :       0.00       0.00          0          0          0
  proximity        :       0.00       0.00          0          0          0
  pscostdiving     :       0.00       0.00          0          0          0
  randrounding     :       0.00       0.00          0          0          0
  rens             :       0.00       0.00          0          0          0
  reoptsols        :       0.00       0.00          0          0          0
  repair           :       0.00       0.00          0          0          0
  rins             :       0.00       0.00          0          0          0
  rootsoldiving    :       0.00       0.00          0          0          0
  rounding         :       0.00       0.00          0          0          0
  scheduler        :       0.00       0.00          0          0          0
  shiftandpropagate:       0.00       0.00          0          0          0
  shifting         :       0.00       0.00          0          0          0
  simplerounding   :       0.00       0.00          0          0          0
  subnlp           :       0.00       0.00          0          0          0
  trivial          :       0.00       0.00          0          0          0
  trivialnegation  :       0.00       0.00          0          0          0
  trustregion      :       0.00       0.00          0          0          0
  trysol           :       0.00       0.00          0          0          0
  twoopt           :       0.00       0.00          0          0          0
  undercover       :       0.00       0.00          0          0          0
  vbounds          :       0.00       0.00          0          0          0
  veclendiving     :       0.00       0.00          0          0          0
  zeroobj          :       0.00       0.00          0          0          0
  zirounding       :       0.00       0.00          0          0          0
  other solutions  :          -          -          -          1          -
LNS (Scheduler)    :      Calls  SetupTime  SolveTime SolveNodes       Sols       Best       Exp3    Exp3-IX  EpsGreedy        UCB TgtFixRate  Opt  Inf Node Stal  Sol  Usr Othr Actv
  rens             :          0       0.00       0.00          0          0          0    0.00000    0.12500   -1.00000    1.00000      0.900    0    0    0    0    0    0    0    1
  rins             :          0       0.00       0.00          0          0          0    0.00000    0.12500   -1.00000    1.00000      0.900    0    0    0    0    0    0    0    1
  mutation         :          0       0.00       0.00          0          0          0    0.00000    0.12500   -1.00000    1.00000      0.900    0    0    0    0    0    0    0    1
  localbranching   :          0       0.00       0.00          0          0          0    0.00000    0.12500   -1.00000    1.00000      0.900    0    0    0    0    0    0    0    1
  crossover        :          0       0.00       0.00          0          0          0    0.00000    0.12500   -1.00000    1.00000      0.900    0    0    0    0    0    0    0    1
  proximity        :          0       0.00       0.00          0          0          0    0.00000    0.12500   -1.00000    1.00000      0.900    0    0    0    0    0    0    0    1
  zeroobjective    :          0       0.00       0.00          0          0          0    0.00000    0.12500   -1.00000    1.00000      0.900    0    0    0    0    0    0    0    1
  dins             :          0       0.00       0.00          0          0          0    0.00000    0.12500   -1.00000    1.00000      0.900    0    0    0    0    0    0    0    1
  trustregion      :          0       0.00       0.00          0          0          0    0.00000    0.00000   -1.00000    1.00000      0.900    0    0    0    0    0    0    0    0
LP                 :       Time      Calls Iterations  Iter/call   Iter/sec  Time-0-It Calls-0-It    ItLimit
  primal LP        :       0.00          0          0       0.00          -       0.00          0
  dual LP          :       0.02         18        765      47.81   36729.40       0.00          2
  lex dual LP      :       0.00          0          0       0.00          -
  barrier LP       :       0.00          0          0       0.00          -       0.00          0
  resolve instable :       0.00          0          0       0.00          -
  diving/probing LP:       0.00          0          0       0.00          -
  strong branching :       0.10        139       1158       8.33   11728.25          -          -          0
    (at root node) :          -         35        346       9.89          -
  conflict analysis:       0.00          0          0       0.00          -
B&B Tree           :
  number of runs   :          1
  nodes            :          5 (2 internal, 3 leaves)
  feasible leaves  :          0
  infeas. leaves   :          0
  objective leaves :          3
  nodes (total)    :          5 (2 internal, 3 leaves)
  nodes left       :          0
  max depth        :          2
  max depth (total):          2
  backtracks       :          0 (0.0%)
  early backtracks :          0 (0.0%)
  nodes exc. ref.  :          0 (0.0%)
  delayed cutoffs  :          0
  repropagations   :          2 (41 domain reductions, 0 cutoffs)
  avg switch length:       2.40
  switching time   :       0.00
Root Node          :
  First LP value   : +6.53208333333333e+03
  First LP Iters   :        678 (42604.00 Iter/sec)
  First LP Time    :       0.02
  Final Dual Bound : +6.53566666666667e+03
  Final Root Iters :        678
  Root LP Estimate : +6.54603186527779e+03
Solution           :
  Solutions found  :          1 (1 improvements)
  First Solution   : +6.54800000000000e+03   (in run 0, after 0 nodes, 0.00 seconds, depth -1, found by <initial>)
  Gap First Sol.   :   infinite
  Gap Last Sol.    :   infinite
  Primal Bound     : +6.54800000000000e+03   (in run 0, after 0 nodes, 0.00 seconds, depth -1, found by <initial>)
  Dual Bound       : +6.54800000000000e+03
  Gap              :       0.00 %
Integrals          :      Total       Avg%
  primal-dual      :     237.83       0.12
  primal-ref       :          -          - (not evaluated)
  dual-ref         :          -          - (not evaluated)
