SCIP version 9.2.2 [precision: 8 byte] [memory: block] [mode: optimized] [LP solver: CPLEX 12.10.0.0] [GitHash: 416226a4f8]
Copyright (c) 2002-2025 Zuse Institute Berlin (ZIB)

reading parameter file </scratch/htc/yzhou/exp_scipmip/settings/settings_gap/sandbox_gendj_gap0.2155_n7-3.set>

read problem </scratch/htc/yzhou/exp_scipmip/instances/tests/n7-3.mps>
============

original problem has 5626 variables (0 bin, 174 int, 0 impl, 5452 cont) and 2336 constraints
   2336 constraints of type <linear>
Reading Time: 0.03

read solution </scratch/htc/yzhou/solutions/n7-3.sol>
============

primal solution from solution file </scratch/htc/yzhou/solutions/n7-3.sol> was accepted as candidate, will be checked when solving starts
original problem has 5626 variables (0 bin, 174 int, 0 impl, 5452 cont) and 2336 constraints
   2336 constraints of type <linear>
Reading Time: 0.04
solve problem
=============
LP Solver <CPLEX 12.10.0.0>: fastmip setting not available -- SCIP parameter has no effect
LP Solver <CPLEX 12.10.0.0>: clock type cannot be set
LP Solver <CPLEX 12.10.0.0>: row representation of the basis not available -- SCIP parameter lp/rowrepswitch has no effect
LP Solver <CPLEX 12.10.0.0>: solution polishing not available -- SCIP parameter lp/solutionpolishing has no effect
LP Solver <CPLEX 12.10.0.0>: refactorization interval not available -- SCIP parameter lp/refactorinterval has no effect
1/1 feasible solution given by solution candidate storage, new primal bound 1.542600e+04

transformed problem has 5626 variables (0 bin, 174 int, 0 impl, 5452 cont) and 2336 constraints
   2336 constraints of type <linear>

original problem has 22156 active (0.168585%) nonzeros and 22156 (0.168585%) check nonzeros

presolving:
(round 1, fast)       752 del vars, 752 del conss, 0 add conss, 5769 chg bounds, 0 chg sides, 0 chg coeffs, 0 upgd conss, 0 impls, 0 clqs
(round 2, fast)       1034 del vars, 1034 del conss, 0 add conss, 10700 chg bounds, 0 chg sides, 0 chg coeffs, 0 upgd conss, 0 impls, 0 clqs
(round 3, fast)       1034 del vars, 1034 del conss, 0 add conss, 15293 chg bounds, 0 chg sides, 0 chg coeffs, 0 upgd conss, 0 impls, 0 clqs
(round 4, exhaustive) 1034 del vars, 1045 del conss, 0 add conss, 15293 chg bounds, 0 chg sides, 0 chg coeffs, 0 upgd conss, 0 impls, 0 clqs
   (0.1s) symmetry computation started: requiring (bin +, int +, cont +), (fixed: bin -, int -, cont -)
   (0.1s) symmetry computation finished: 1004 generators found (max: 1500, log10 of symmetry group size: 0.0) (symcode time: 0.01)
dynamic symmetry handling statistics:
   orbitopal reduction:        3 components: 36x3, 36x8, 36x3
   orbital reduction:         no components
   lexicographic reduction:    8 permutations with support sizes 6, 72, 72, 72, 72, 72, 72, 72
handled 36 out of 36 symmetry components
(round 5, exhaustive) 1034 del vars, 1045 del conss, 4306 add conss, 15293 chg bounds, 0 chg sides, 0 chg coeffs, 0 upgd conss, 0 impls, 0 clqs
cons components found 12 undirected components at node 1, depth 0 (0)
clique table cleanup detected 0 bound changes

presolved problem has 13752 active (0.31862%) nonzeros and 13752 (0.31862%) check nonzeros

presolving (6 rounds: 6 fast, 3 medium, 3 exhaustive):
 2134 deleted vars, 5406 deleted constraints, 4306 added constraints, 15293 tightened bounds, 0 added holes, 0 changed sides, 0 changed coefficients
 0 implications, 0 cliques
presolved problem has 3492 variables (0 bin, 108 int, 0 impl, 3384 cont) and 1236 constraints
   1236 constraints of type <linear>
Presolving Time: 0.56

 time | node  | left  |LP iter|LP it/n|mem/heur|mdpt |vars |cons |rows |cuts |sepa|confs|strbr|  dualbound   | primalbound  |  gap   | compl. 
  0.6s|     1 |     0 |   669 |     - |    95M |   0 |3492 |1236 |1236 |   0 |  0 |   0 |   0 | 1.246294e+04 | 1.542600e+04 |  23.77%| unknown
  0.6s|     1 |     0 |   669 |     - |    95M |   0 |3492 |1236 |1236 |   0 |  0 |   0 |   0 | 1.246294e+04 | 1.542600e+04 |  23.77%| unknown
  0.6s|     1 |     0 |   669 |     - |    95M |   0 |3492 |1236 |1236 |   0 |  1 |   0 |   0 | 1.246294e+04 | 1.542600e+04 |  23.77%| unknown
_____________________________________
Now starting branching with general disjunction
Current branching Node number: 1
LP objective value: 5092.94
Node lower bound: 5310.59
Node upper bound: 15426
gap to the primal bound: 0.216505
Preck submodel is infeasible, continue branching
Time limit exceeded (1166.24s), stopping submodel solve loop
General disjunction: No feasible solution found, use SCIP default branching rule
 1167s|     1 |     2 |   669 |     - |    99M |   0 |3492 |1236 |1236 |   0 |  2 |   0 |  30 | 1.268059e+04 | 1.542600e+04 |  21.65%| unknown
_____________________________________
Now starting branching with general disjunction
Current branching Node number: 3
LP objective value: 5310.59
Node lower bound: 5484.71
Node upper bound: 15426
gap to the primal bound: 0.216505
Preck submodel is infeasible, continue branching
Time limit exceeded (1290.12s), stopping submodel solve loop
General disjunction: No feasible solution found, use SCIP default branching rule
_____________________________________
Now starting branching with general disjunction
Current branching Node number: 5
LP objective value: 5392.94
Node lower bound: 5516.47
Node upper bound: 15426
gap to the primal bound: 0.216505
Preck submodel is infeasible, continue branching
Time limit exceeded (1025.12s), stopping submodel solve loop
General disjunction: No feasible solution found, use SCIP default branching rule
_____________________________________
Now starting branching with general disjunction
Current branching Node number: 7
LP objective value: 5516.47
Node lower bound: 5611.18
Node upper bound: 15426
gap to the primal bound: 0.216505
Preck submodel is infeasible, continue branching
Time limit exceeded (1257.81s), stopping submodel solve loop
General disjunction: No feasible solution found, use SCIP default branching rule
_____________________________________
Now starting branching with general disjunction
Current branching Node number: 9
LP objective value: 5611.18
Node lower bound: 5740.2
Node upper bound: 15426
gap to the primal bound: 0.216505
Preck submodel is infeasible, continue branching
Time limit exceeded (1038.13s), stopping submodel solve loop
General disjunction: No feasible solution found, use SCIP default branching rule
_____________________________________
Now starting branching with general disjunction
Current branching Node number: 11
LP objective value: 5734.71
Node lower bound: 5886.47
Node upper bound: 15426
gap to the primal bound: 0.216505
Preck submodel is infeasible, continue branching
Time limit exceeded (1127.91s), stopping submodel solve loop
General disjunction: No feasible solution found, use SCIP default branching rule
_____________________________________
Now starting branching with general disjunction
Current branching Node number: 13
LP objective value: 5940.59
Node lower bound: 6074.41
Node upper bound: 15426
gap to the primal bound: 0.216505
Preck submodel is infeasible, continue branching
Time limit exceeded (1072.61s), stopping submodel solve loop
General disjunction: No feasible solution found, use SCIP default branching rule
_____________________________________
Now starting branching with general disjunction
Current branching Node number: 15
LP objective value: 6080
Node lower bound: 6264.41
Node upper bound: 15426
gap to the primal bound: 0.216505
Preck submodel is infeasible, continue branching
Time limit exceeded (1011.93s), stopping submodel solve loop
General disjunction: No feasible solution found, use SCIP default branching rule
_____________________________________
Now starting branching with general disjunction
Current branching Node number: 17
LP objective value: 6310.88
Node lower bound: 6444.71
Node upper bound: 15426
gap to the primal bound: 0.216505
Preck submodel is infeasible, continue branching
Time limit exceeded (1094.08s), stopping submodel solve loop
General disjunction: No feasible solution found, use SCIP default branching rule
_____________________________________
Now starting branching with general disjunction
Current branching Node number: 19
LP objective value: 6400.88
Node lower bound: 6444.71
Node upper bound: 15426
gap to the primal bound: 0.216505
Preck submodel is infeasible, continue branching
Time limit exceeded (1013.76s), stopping submodel solve loop
General disjunction: No feasible solution found, use SCIP default branching rule
_____________________________________
Now starting branching with general disjunction
Current branching Node number: 21
LP objective value: 6615.88
Node lower bound: 6615.88
Node upper bound: 15426
gap to the primal bound: 0.216505
Preck submodel is infeasible, continue branching
Time limit exceeded (1111.5s), stopping submodel solve loop
General disjunction: No feasible solution found, use SCIP default branching rule
_____________________________________
Now starting branching with general disjunction
Current branching Node number: 23
LP objective value: 6752.94
Node lower bound: 6819.12
Node upper bound: 15426
gap to the primal bound: 0.216505
Preck submodel is infeasible, continue branching
Time limit exceeded (1645.12s), stopping submodel solve loop
General disjunction: No feasible solution found, use SCIP default branching rule
_____________________________________
Now starting branching with general disjunction
Current branching Node number: 25
LP objective value: 6995.88
Node lower bound: 7001.76
Node upper bound: 15426
gap to the primal bound: 0.216505
Preck submodel is infeasible, continue branching
Time limit exceeded (1722.1s), stopping submodel solve loop
General disjunction: No feasible solution found, use SCIP default branching rule
_____________________________________
Now starting branching with general disjunction
Current branching Node number: 27
LP objective value: 7233.24
Node lower bound: 7363.82
Node upper bound: 15426
gap to the primal bound: 0.216505
Preck submodel is infeasible, continue branching
Time limit exceeded (1832.75s), stopping submodel solve loop
General disjunction: No feasible solution found, use SCIP default branching rule

SCIP Status        : solving was interrupted [gap limit reached]
Solving Time (sec) : 17410.07
Solving Nodes      : 15
Primal Bound       : +1.54259999999699e+04 (99 solutions)
Dual Bound         : +1.26911005692600e+04
Gap                : 21.55 %

primal solution:
================

objective value:                     15425.9999999699
C5618                                               1 	(obj:100)
C5611                                               1 	(obj:300)
C5608                                               1 	(obj:300)
C5605                                               1 	(obj:300)
C5599                                               1 	(obj:300)
C5595                                               1 	(obj:200)
C5590                                               1 	(obj:300)
C5574                                               1 	(obj:200)
C5572                                               1 	(obj:300)
C5566                                               1 	(obj:300)
C5563                                               1 	(obj:300)
C5559                                               1 	(obj:200)
C5555                                               1 	(obj:100)
C5554                                               1 	(obj:300)
C5551                                               1 	(obj:300)
C5538                                               1 	(obj:200)
C5532                                               1 	(obj:200)
C5530                                               1 	(obj:300)
C5524                                               1 	(obj:300)
C5521                                               1 	(obj:300)
C5518                                               1 	(obj:300)
C5515                                               1 	(obj:300)
C5512                                               1 	(obj:300)
C5509                                               1 	(obj:300)
C5502                                               1 	(obj:200)
C5500                                               1 	(obj:300)
C5497                                               1 	(obj:300)
C5494                                               1 	(obj:300)
C5490                                               1 	(obj:200)
C5489                                               1 	(obj:100)
C5488                                               1 	(obj:300)
C5485                                               1 	(obj:300)
C5481                                               1 	(obj:200)
C5479                                               1 	(obj:300)
C5476                                               1 	(obj:300)
C5473                                               1 	(obj:300)
C5467                                               1 	(obj:300)
C5464                                               1 	(obj:300)
C5461                                               1 	(obj:300)
C5626                                               1 	(obj:300)
C0187                                               5 	(obj:1)
C0188                                              25 	(obj:1)
C0189                                              25 	(obj:1)
C0190                                               5 	(obj:1)
C0191                                              30 	(obj:1)
C0192                                               5 	(obj:1)
C0193                                              15 	(obj:1)
C0194                                              15 	(obj:1)
C0195                                              25 	(obj:1)
C0282                                              25 	(obj:1)
C0285                                               5 	(obj:1)
C0290                                              15 	(obj:1)
C0294                                              10 	(obj:1)
C0299                                              10 	(obj:1)
C0307                                              25 	(obj:1)
C0313                                              15 	(obj:1)
C0318                                              10 	(obj:1)
C0330                                              30 	(obj:1)
C0342                                              10 	(obj:1)
C0345                                              10 	(obj:1)
C0352                                               5 	(obj:1)
C0357                                               5 	(obj:1)
C0365                                              10 	(obj:1)
C0371                                              15 	(obj:1)
C0382                                              25 	(obj:1)
C0384                                              25 	(obj:1)
C0385                                              15 	(obj:1)
C0386                                               5 	(obj:1)
C0388                                              25 	(obj:1)
C0389                                              10 	(obj:1)
C0390                                              25 	(obj:1)
C0412                                              30 	(obj:1)
C0413                                               5 	(obj:1)
C0414                                               5 	(obj:1)
C0416                                              15 	(obj:1)
C0417                                               5 	(obj:1)
C0418                                              20 	(obj:1)
C0577                                4.99999999976717 	(obj:1)
C0578                                9.99999999976717 	(obj:1)
C0579                                14.9999999997672 	(obj:1)
C0580                                24.9999999997672 	(obj:1)
C0581                                4.99999999976717 	(obj:1)
C0582                                14.9999999997672 	(obj:1)
C0583                                24.9999999997672 	(obj:1)
C0584                                9.99999999976717 	(obj:1)
C0585                                19.9999999997672 	(obj:1)
C0622                                4.99999999976717 	(obj:1)
C0665                                               5 	(obj:1)
C0668                                              10 	(obj:1)
C0672                                              15 	(obj:1)
C0673                                              25 	(obj:1)
C0678                                              20 	(obj:1)
C0681                                               1 	(obj:1)
C0683                                               5 	(obj:1)
C0695                                              15 	(obj:1)
C0696                                               5 	(obj:1)
C0698                                              20 	(obj:1)
C0699                                              25 	(obj:1)
C0708                                               2 	(obj:1)
C0712                                               2 	(obj:1)
C0720                                               5 	(obj:1)
C0722                                              15 	(obj:1)
C0731                                              20 	(obj:1)
C0732                                              20 	(obj:1)
C0733                                              25 	(obj:1)
C0738                                              15 	(obj:1)
C0741                                               5 	(obj:1)
C0751                                              15 	(obj:1)
C0752                                              15 	(obj:1)
C0754                                              25 	(obj:1)
C0760                                              25 	(obj:1)
C0762                                              25 	(obj:1)
C0775                                              20 	(obj:1)
C0777                                              20 	(obj:1)
C0781                                               5 	(obj:1)
C0786                                               5 	(obj:1)
C0790                                              20 	(obj:1)
C0793                                              15 	(obj:1)
C0794                                              15 	(obj:1)
C0819                                              20 	(obj:1)
C0829                                              15 	(obj:1)
C0835                                              15 	(obj:1)
C0850                                              15 	(obj:1)
C0867                                               4 	(obj:1)
C0878                                               5 	(obj:1)
C0934                                               5 	(obj:1)
C0942                                              25 	(obj:1)
C0959                                              15 	(obj:1)
C0970                                              30 	(obj:1)
C1058                                              25 	(obj:1)
C1059                                              15 	(obj:1)
C1060                                               5 	(obj:1)
C1061                                              20 	(obj:1)
C1062                                              10 	(obj:1)
C1122                                               5 	(obj:1)
C1131                                              10 	(obj:1)
C1159                                              10 	(obj:1)
C1182                                              10 	(obj:1)
C1243                                              15 	(obj:1)
C1248                                              10 	(obj:1)
C1260                                              30 	(obj:1)
C1272                                              10 	(obj:1)
C1282                                               5 	(obj:1)
C1287                                               5 	(obj:1)
C1295                                              10 	(obj:1)
C1301                                              15 	(obj:1)
C1332                                               4 	(obj:1)
C1354                                              25 	(obj:1)
C1355                                              15 	(obj:1)
C1356                                              15 	(obj:1)
C1357                                               5 	(obj:1)
C1358                                              25 	(obj:1)
C1417                                              25 	(obj:1)
C1431                                              15 	(obj:1)
C1433                                              20 	(obj:1)
C1443                                              25 	(obj:1)
C1449                                              15 	(obj:1)
C1451                                              25 	(obj:1)
C1452                                               2 	(obj:1)
C1453                                              15 	(obj:1)
C1455                                              20 	(obj:1)
C1456                                               2 	(obj:1)
C1457                                              10 	(obj:1)
C1458                                              10 	(obj:1)
C1460                                              10 	(obj:1)
C1471                                              25 	(obj:1)
C1480                                              10 	(obj:1)
C1545                                              13 	(obj:1)
C1547                                               5 	(obj:1)
C1549                                              13 	(obj:1)
C1683                                              25 	(obj:1)
C1691                                              10 	(obj:1)
C1701                                              20 	(obj:1)
C1719                                               5 	(obj:1)
C1729                                               5 	(obj:1)
C1735                                              15 	(obj:1)
C1742                                              10 	(obj:1)
C1745                                              15 	(obj:1)
C1751                                               5 	(obj:1)
C1756                                              25 	(obj:1)
C1758                                              20 	(obj:1)
C1761                                              15 	(obj:1)
C1764                                               5 	(obj:1)
C1832                                9.99999999976717 	(obj:1)
C1833                                9.99999999976717 	(obj:1)
C1834                                24.9999999997672 	(obj:1)
C1858                                14.9999999997672 	(obj:1)
C1859                                14.9999999997672 	(obj:1)
C1896                                              15 	(obj:1)
C1898                                              20 	(obj:1)
C1914                                              15 	(obj:1)
C1916                                              25 	(obj:1)
C1917                                               2 	(obj:1)
C1918                                              15 	(obj:1)
C1920                                              20 	(obj:1)
C1921                                               2 	(obj:1)
C1922                                              10 	(obj:1)
C1923                                              10 	(obj:1)
C1929                                               5 	(obj:1)
C1930                                              15 	(obj:1)
C1931                                              15 	(obj:1)
C1932                                              25 	(obj:1)
C1933                                               5 	(obj:1)
C1934                                              10 	(obj:1)
C1936                                              25 	(obj:1)
C1945                                              10 	(obj:1)
C1988                                24.9999999997672 	(obj:1)
C1989                                14.9999999997672 	(obj:1)
C1990                                4.99999999976717 	(obj:1)
C1991                                19.9999999997672 	(obj:1)
C1992                                9.99999999976717 	(obj:1)
C2028                                19.9999999997672 	(obj:1)
C2029                                24.9999999997672 	(obj:1)
C2030                                4.99999999976717 	(obj:1)
C2031                                4.99999999976717 	(obj:1)
C2065                                4.99999999906868 	(obj:1)
C2066                                9.99999999906868 	(obj:1)
C2067                                14.9999999990687 	(obj:1)
C2068                                24.9999999991851 	(obj:1)
C2070                                14.9999999990687 	(obj:1)
C2072                                9.99999999906868 	(obj:1)
C2073                                19.9999999990687 	(obj:1)
C2110                                4.99999999906868 	(obj:1)
C2125                                4.99999999953434 	(obj:1)
C2126                                19.9999999995343 	(obj:1)
C2133                                14.9999999995343 	(obj:1)
C2134                                19.9999999995343 	(obj:1)
C2135                                19.9999999995343 	(obj:1)
C2147                                              15 	(obj:1)
C2155                                              25 	(obj:1)
C2164                                              25 	(obj:1)
C2172                                              20 	(obj:1)
C2199                                              20 	(obj:1)
C2215                                              25 	(obj:1)
C2343                                              25 	(obj:1)
C2363                                              20 	(obj:1)
C2371                                              20 	(obj:1)
C2375                                              15 	(obj:1)
C2381                                              25 	(obj:1)
C2387                                              10 	(obj:1)
C2397                                              25 	(obj:1)
C2399                                              10 	(obj:1)
C2408                                              15 	(obj:1)
C2410                                              25 	(obj:1)
C2413                                              20 	(obj:1)
C2414                                              20 	(obj:1)
C2416                                              15 	(obj:1)
C2444                                              10 	(obj:1)
C2455                                               5 	(obj:1)
C2697                                              30 	(obj:1)
C3016                                              30 	(obj:1)
C3017                                               5 	(obj:1)
C3018                                               5 	(obj:1)
C3020                                              15 	(obj:1)
C3021                                               5 	(obj:1)
C3022                                              20 	(obj:1)
C3070                                               5 	(obj:1)
C3072                                              25 	(obj:1)
C3075                                               5 	(obj:1)
C3089                                              10 	(obj:1)
C3097                                              25 	(obj:1)
C3103                                              15 	(obj:1)
C3108                                              10 	(obj:1)
C3120                                              30 	(obj:1)
C3132                                              10 	(obj:1)
C3135                                              10 	(obj:1)
C3142                                               5 	(obj:1)
C3147                                               5 	(obj:1)
C3155                                              10 	(obj:1)
C3161                                              15 	(obj:1)
C3226                                               5 	(obj:1)
C3265                                              25 	(obj:1)
C3349                                               5 	(obj:1)
C3351                                              25 	(obj:1)
C3352                                               5 	(obj:1)
C3354                                               5 	(obj:1)
C3355                                              15 	(obj:1)
C3356                                              15 	(obj:1)
C3385                                               5 	(obj:1)
C3387                                              10 	(obj:1)
C3414                                              10 	(obj:1)
C3423                                              20 	(obj:1)
C3426                                               5 	(obj:1)
C3433                                              15 	(obj:1)
C3434                                              10 	(obj:1)
C3439                                              15 	(obj:1)
C3440                                              15 	(obj:1)
C3460                                               5 	(obj:1)
C3461                                              10 	(obj:1)
C3462                                              15 	(obj:1)
C3463                                              25 	(obj:1)
C3468                                              20 	(obj:1)
C3498                                               2 	(obj:1)
C3502                                               2 	(obj:1)
C3504                                              10 	(obj:1)
C3510                                               5 	(obj:1)
C3512                                              15 	(obj:1)
C3514                                               5 	(obj:1)
C3521                                              20 	(obj:1)
C3522                                              20 	(obj:1)
C3523                                              25 	(obj:1)
C3528                                              15 	(obj:1)
C3531                                               5 	(obj:1)
C3674                                              20 	(obj:1)
C3675                                              25 	(obj:1)
C3676                                              15 	(obj:1)
C3677                                              15 	(obj:1)
C3678                                              30 	(obj:1)
C3722                                              25 	(obj:1)
C4206                                              15 	(obj:1)
C4207                                              25 	(obj:1)
C4215                                               5 	(obj:1)
C4221                                              15 	(obj:1)
C4223                                              20 	(obj:1)
C4232                                              20 	(obj:1)
C4233                                              25 	(obj:1)
C4237                                              25 	(obj:1)
C4239                                              15 	(obj:1)
C4241                                              25 	(obj:1)
C4250                                              10 	(obj:1)
C4261                                              25 	(obj:1)
C4270                                              10 	(obj:1)
C4462                                              15 	(obj:1)
C4463                                              15 	(obj:1)
C4473                                              25 	(obj:1)
C4481                                              10 	(obj:1)
C4491                                              20 	(obj:1)
C4499                                              25 	(obj:1)
C4509                                               5 	(obj:1)
C4517                                              15 	(obj:1)
C4519                                               5 	(obj:1)
C4525                                              15 	(obj:1)
C4535                                              15 	(obj:1)
C4541                                               5 	(obj:1)
C4546                                              25 	(obj:1)
C4548                                              20 	(obj:1)
C4551                                              15 	(obj:1)
C4554                                               5 	(obj:1)
C4652                                              25 	(obj:1)
C4655                                              30 	(obj:1)
C4664                                               5 	(obj:1)
C4707                                              15 	(obj:1)
C4719                                               5 	(obj:1)
C4751                                              15 	(obj:1)
C4753                                              25 	(obj:1)
C4759                                              25 	(obj:1)
C4776                                              20 	(obj:1)
C4785                                               5 	(obj:1)
C4801                                              15 	(obj:1)
C4803                                              20 	(obj:1)
C4813                                              15 	(obj:1)
C4818                                              20 	(obj:1)
C4819                                              25 	(obj:1)
C4923                                              15 	(obj:1)
C4924                                              20 	(obj:1)
C4925                                              20 	(obj:1)
C5205                                               5 	(obj:1)
C5339                                              20 	(obj:1)
C5351                                              15 	(obj:1)
C5363                                              10 	(obj:1)
C5373                                              25 	(obj:1)
C5384                                              15 	(obj:1)
C5386                                              25 	(obj:1)
C5389                                              20 	(obj:1)
C5392                                              15 	(obj:1)
C5397                                             150 	(obj:0)
C5398                                             200 	(obj:0)
C5399                                             210 	(obj:0)
C5401                                134.999999997672 	(obj:0)
C5402                                             255 	(obj:0)
C5403                                             255 	(obj:0)
C5404                                              24 	(obj:0)
C5405                                              75 	(obj:0)
C5406                                74.9999999999999 	(obj:0)
C5407                                              35 	(obj:0)
C5408                                99.9999999999998 	(obj:0)
C5409                                              89 	(obj:0)
C5410                                             229 	(obj:0)
C5411                                              31 	(obj:0)
C5413                                174.999999999999 	(obj:0)
C5414                                74.9999999988358 	(obj:0)
C5415                                             244 	(obj:0)
C5416                                129.999999997905 	(obj:0)
C5417                                184.999999990338 	(obj:0)
C5418                                             130 	(obj:0)
C5420                                             245 	(obj:0)
C5421                                              15 	(obj:0)
C5423                                              30 	(obj:0)
C5427                                              80 	(obj:0)
C5428                                             180 	(obj:0)
C5429                                               5 	(obj:0)
C5430                                24.9999999976717 	(obj:0)
C5431                                             175 	(obj:0)
C5432                                             199 	(obj:0)
C5434                                             105 	(obj:0)
C5435                                24.9999999999999 	(obj:0)
C5440                                             235 	(obj:0)
C5442                                29.9999999999995 	(obj:0)
C5443                                204.999999998836 	(obj:0)
C5445                                79.9999999979045 	(obj:0)
C5446                                184.999999990338 	(obj:0)
C5447                                54.9999999999998 	(obj:0)
C5450                                               5 	(obj:0)
C5452                                             145 	(obj:0)

Statistics
==========

SCIP Status        : solving was interrupted [gap limit reached]
Total Time         :   17410.11
  solving          :   17410.07
  presolving       :       0.56 (included in solving)
  reading          :       0.04
  copying          :       0.00 (0 times copied the problem)
Original Problem   :
  Problem name     : n7-3
  Variables        : 5626 (0 binary, 174 integer, 0 implicit integer, 5452 continuous)
  Constraints      : 2336 initial, 2336 maximal
  Objective        : minimize, 5568 non-zeros (abs.min = 1, abs.max = 300)
Presolved Problem  :
  Problem name     : t_n7-3
  Variables        : 3492 (0 binary, 108 integer, 0 implicit integer, 3384 continuous)
  Constraints      : 1236 initial, 1236 maximal
  Objective        : minimize, 3456 non-zeros (abs.min = 1, abs.max = 300)
  Nonzeros         : 13752 constraint, 0 clique table
Presolvers         :   ExecTime  SetupTime  Calls  FixedVars   AggrVars   ChgTypes  ChgBounds   AddHoles    DelCons    AddCons   ChgSides   ChgCoefs
  boundshift       :       0.00       0.00      0          0          0          0          0          0          0          0          0          0
  convertinttobin  :       0.00       0.00      0          0          0          0          0          0          0          0          0          0
  domcol           :       0.02       0.00      2          0          0          0          0          0          0          0          0          0
  dualagg          :       0.00       0.00      0          0          0          0          0          0          0          0          0          0
  dualcomp         :       0.00       0.00      2          0          0          0          0          0          0          0          0          0
  dualinfer        :       0.00       0.00      0          0          0          0          0          0          0          0          0          0
  dualsparsify     :       0.00       0.00      1          0          0          0          0          0          0          0          0          0
  gateextraction   :       0.00       0.00      0          0          0          0          0          0          0          0          0          0
  implics          :       0.00       0.00      3          0          0          0          0          0          0          0          0          0
  inttobinary      :       0.00       0.00      6          0          0          0          0          0          0          0          0          0
  qpkktref         :       0.00       0.00      0          0          0          0          0          0          0          0          0          0
  redvub           :       0.00       0.00      0          0          0          0          0          0          0          0          0          0
  sparsify         :       0.03       0.00      1          0          0          0          0          0          0          0          0          0
  stuffing         :       0.00       0.00      0          0          0          0          0          0          0          0          0          0
  trivial          :       0.00       0.00      6          0          0          0          0          0          0          0          0          0
  tworowbnd        :       0.00       0.00      0          0          0          0          0          0          0          0          0          0
  dualfix          :       0.00       0.00      6          0          0          0          0          0          0          0          0          0
  genvbounds       :       0.00       0.00      0          0          0          0          0          0          0          0          0          0
  probing          :       0.00       0.00      2          0          0          0          0          0          0          0          0          0
  pseudoobj        :       0.01       0.00      3          0          0          0      14937          0          0          0          0          0
  symmetry         :       0.40       0.00      1          0          0          0          0          0          0       4306          0          0
  vbounds          :       0.00       0.00      0          0          0          0          0          0          0          0          0          0
  linear           :       0.03       0.00      9          0       1034          0        356          0       1045          0          0          0
  benders          :       0.00       0.00      0          0          0          0          0          0          0          0          0          0
  components       :       0.05       0.00      1       1100          0          0          0          0       4361          0          0          0
  root node        :          -          -      -          0          -          -       6953          -          -          -          -          -
Constraints        :     Number  MaxNumber  #Separate #Propagate    #EnfoLP    #EnfoRelax  #EnfoPS    #Check   #ResProp    Cutoffs    DomReds       Cuts    Applied      Conss   Children
  benderslp        :          0          0          0          0         14          0          0        100          0          0          0          0          0          0          0
  integral         :          0          0          0          0         14          0          0        100          0          0          0          0          0          0         28
  linear           :       1236       1236          0          4          0          0          0         98          0          0       3420          0          0          0          0
  benders          :          0          0          0          0          0          0          0         99          0          0          0          0          0          0          0
  fixedvar         :          0          0          0          0          0          0          0         99          0          0          0          0          0          0          0
  countsols        :          0          0          0          0          0          0          0         99          0          0          0          0          0          0          0
  components       :          0          0          0          0          0          0          0          0          0          0          0          0          0          0          0
Constraint Timings :  TotalTime  SetupTime   Separate  Propagate     EnfoLP     EnfoPS     EnfoRelax   Check    ResProp    SB-Prop
  benderslp        :       0.00       0.00       0.00       0.00       0.00       0.00       0.00       0.00       0.00       0.00
  integral         :   17409.45       0.00       0.00       0.00   17409.45       0.00       0.00       0.00       0.00       0.00
  linear           :       0.01       0.00       0.00       0.00       0.00       0.00       0.00       0.00       0.00       0.00
  benders          :       0.00       0.00       0.00       0.00       0.00       0.00       0.00       0.00       0.00       0.00
  fixedvar         :       0.01       0.00       0.00       0.00       0.00       0.00       0.00       0.01       0.00       0.00
  countsols        :       0.00       0.00       0.00       0.00       0.00       0.00       0.00       0.00       0.00       0.00
  components       :       0.00       0.00       0.00       0.00       0.00       0.00       0.00       0.00       0.00       0.00
Propagators        : #Propagate   #ResProp    Cutoffs    DomReds
  dualfix          :          4          0          0          0
  genvbounds       :          0          0          0          0
  nlobbt           :          0          0          0          0
  obbt             :          0          0          0          0
  probing          :          0          0          0          0
  pseudoobj        :          9          0          0       3456
  redcost          :          4          0          0         77
  rootredcost      :          0          0          0          0
  symmetry         :          0          0          0          0
  vbounds          :          0          0          0          0
Propagator Timings :  TotalTime  SetupTime   Presolve  Propagate    ResProp    SB-Prop
  dualfix          :       0.00       0.00       0.00       0.00       0.00       0.00
  genvbounds       :       0.00       0.00       0.00       0.00       0.00       0.00
  nlobbt           :       0.00       0.00       0.00       0.00       0.00       0.00
  obbt             :       0.00       0.00       0.00       0.00       0.00       0.00
  probing          :       0.00       0.00       0.00       0.00       0.00       0.00
  pseudoobj        :       0.01       0.00       0.01       0.00       0.00       0.00
  redcost          :       0.00       0.00       0.00       0.00       0.00       0.00
  rootredcost      :       0.00       0.00       0.00       0.00       0.00       0.00
  symmetry         :       0.40       0.00       0.40       0.00       0.00       0.00
  vbounds          :       0.00       0.00       0.00       0.00       0.00       0.00
Symmetry           :
  orbitopal red.   :          0 reductions applied,          0 cutoffs
  orbital reduction:          0 reductions applied,          0 cutoffs
  lexicographic red:          0 reductions applied,          0 cutoffs
  shadow tree time :       0.00 s
Conflict Analysis  :       Time      Calls    Success    DomReds  Conflicts   Literals    Reconvs ReconvLits   Dualrays   Nonzeros   LP Iters   (pool size: [--,--])
  propagation      :       0.00          0          0          -          0        0.0          0        0.0          -          -          -
  infeasible LP    :       0.00          0          0          -          0        0.0          0        0.0          0        0.0          0
  bound exceed. LP :       0.00          0          0          -          0        0.0          0        0.0          0        0.0          0
  strong branching :       0.00          0          0          -          0        0.0          0        0.0          -          -          0
  pseudo solution  :       0.00          0          0          -          0        0.0          0        0.0          -          -          -
  applied globally :       0.00          -          -          0          0        0.0          -          -          0          -          -
  applied locally  :          -          -          -          0          0        0.0          -          -          0          -          -
Separators         :   ExecTime  SetupTime      Calls  RootCalls    Cutoffs    DomReds  FoundCuts ViaPoolAdd  DirectAdd    Applied ViaPoolApp  DirectApp      Conss
  cut pool         :       0.00          -          0          0          -          -          0          0          -          -          -          -          -    (maximal pool size:          0)
  aggregation      :       0.00       0.00          0          0          0          0          0          0          0          0          0          0          0
  > cmir           :          -          -          -          -          -          -          -          0          0          0          0          0          -
  > flowcover      :          -          -          -          -          -          -          -          0          0          0          0          0          -
  > knapsackcover  :          -          -          -          -          -          -          -          0          0          0          0          0          -
  cgmip            :       0.00       0.00          0          0          0          0          0          0          0          0          0          0          0
  clique           :       0.00       0.00          0          0          0          0          0          0          0          0          0          0          0
  closecuts        :       0.00       0.00          0          0          0          0          0          0          0          0          0          0          0
  convexproj       :       0.00       0.00          0          0          0          0          0          0          0          0          0          0          0
  disjunctive      :       0.00       0.00          0          0          0          0          0          0          0          0          0          0          0
  eccuts           :       0.00       0.00          0          0          0          0          0          0          0          0          0          0          0
  gauge            :       0.00       0.00          0          0          0          0          0          0          0          0          0          0          0
  gomory           :       0.00       0.00          0          0          0          0          0          0          0          0          0          0          0
  > gomorymi       :          -          -          -          -          -          -          -          0          0          0          0          0          -
  > strongcg       :          -          -          -          -          -          -          -          0          0          0          0          0          -
  impliedbounds    :       0.00       0.00          0          0          0          0          0          0          0          0          0          0          0
  interminor       :       0.00       0.00          0          0          0          0          0          0          0          0          0          0          0
  intobj           :       0.00       0.00          0          0          0          0          0          0          0          0          0          0          0
  lagromory        :       0.00       0.00          0          0          0          0          0          0          0          0          0          0          0
  mcf              :       0.00       0.00          0          0          0          0          0          0          0          0          0          0          0
  minor            :       0.00       0.00          0          0          0          0          0          0          0          0          0          0          0
  mixing           :       0.00       0.00          0          0          0          0          0          0          0          0          0          0          0
  oddcycle         :       0.00       0.00          0          0          0          0          0          0          0          0          0          0          0
  rapidlearning    :       0.00       0.00          0          0          0          0          0          0          0          0          0          0          0
  rlt              :       0.00       0.00          0          0          0          0          0          0          0          0          0          0          0
  zerohalf         :       0.00       0.00          0          0          0          0          0          0          0          0          0          0          0
Cutselectors       :   ExecTime  SetupTime      Calls  RootCalls   Selected     Forced   Filtered  RootSelec   RootForc   RootFilt 
  hybrid           :       0.00       0.00          0          0          0          0          0          0          0          0
  ensemble         :       0.00       0.00          0          0          0          0          0          0          0          0
  dynamic          :       0.00       0.00          0          0          0          0          0          0          0          0
Pricers            :   ExecTime  SetupTime      Calls       Vars
  problem variables:       0.00          -          0          0
Branching Rules    :   ExecTime  SetupTime   BranchLP  BranchExt   BranchPS    Cutoffs    DomReds       Cuts      Conss   Children
  allfullstrong    :       0.00       0.00          0          0          0          0          0          0          0          0
  cloud            :       0.00       0.00          0          0          0          0          0          0          0          0
  distribution     :       0.00       0.00          0          0          0          0          0          0          0          0
  fullstrong       :       0.00       0.00          0          0          0          0          0          0          0          0
  general_disjuncti:   17409.42       0.00         14          0          0          0          0          0          0          0
  GeneralDisjunction(extra): subMILPs=85 fairNodes of all MILPs=135122 probingLPs=0
  gomory           :       0.00       0.00          0          0          0          0          0          0          0          0
  inference        :       0.00       0.00          0          0          0          0          0          0          0          0
  leastinf         :       0.00       0.00          0          0          0          0          0          0          0          0
  lookahead        :       0.00       0.00          0          0          0          0          0          0          0          0
  mostinf          :       0.00       0.00          0          0          0          0          0          0          0          0
  multaggr         :       0.00       0.00          0          0          0          0          0          0          0          0
  nodereopt        :       0.00       0.00          0          0          0          0          0          0          0          0
  pscost           :       0.00       0.00          0          0          0          0          0          0          0          0
  random           :       0.00       0.00          0          0          0          0          0          0          0          0
  relpscost        :       0.03       0.00         14          0          0          0          0          0          0         28
  vanillafullstrong:       0.00       0.00          0          0          0          0          0          0          0          0
Primal Heuristics  :   ExecTime  SetupTime      Calls      Found       Best
  LP solutions     :       0.00          -          -          0          0
  relax solutions  :       0.00          -          -          0          0
  pseudo solutions :       0.00          -          -          0          0
  strong branching :       0.04          -          -         98          0
  actconsdiving    :       0.00       0.00          0          0          0
  adaptivediving   :       0.00       0.00          0          0          0
  alns             :       0.00       0.00          0          0          0
  bound            :       0.00       0.00          0          0          0
  clique           :       0.00       0.00          0          0          0
  coefdiving       :       0.00       0.00          0          0          0
  completesol      :       0.00       0.00          0          0          0
  conflictdiving   :       0.00       0.00          0          0          0
  crossover        :       0.00       0.00          0          0          0
  dins             :       0.00       0.00          0          0          0
  distributiondivin:       0.00       0.00          0          0          0
  dps              :       0.00       0.00          0          0          0
  dualval          :       0.00       0.00          0          0          0
  farkasdiving     :       0.00       0.00          0          0          0
  feaspump         :       0.00       0.00          0          0          0
  fixandinfer      :       0.00       0.00          0          0          0
  fracdiving       :       0.00       0.00          0          0          0
  gins             :       0.00       0.00          0          0          0
  guideddiving     :       0.00       0.00          0          0          0
  indicator        :       0.00       0.00          0          0          0
  indicatordiving  :       0.00       0.00          0          0          0
  intdiving        :       0.00       0.00          0          0          0
  intshifting      :       0.00       0.00          0          0          0
  linesearchdiving :       0.00       0.00          0          0          0
  localbranching   :       0.00       0.00          0          0          0
  locks            :       0.00       0.00          0          0          0
  lpface           :       0.00       0.00          0          0          0
  mpec             :       0.00       0.00          0          0          0
  multistart       :       0.00       0.00          0          0          0
  mutation         :       0.00       0.00          0          0          0
  nlpdiving        :       0.00       0.00          0          0          0
  objpscostdiving  :       0.00       0.00          0          0          0
  octane           :       0.00       0.00          0          0          0
  ofins            :       0.00       0.00          0          0          0
  oneopt           :       0.00       0.00          0          0          0
  padm             :       0.00       0.00          0          0          0
  proximity        :       0.00       0.00          0          0          0
  pscostdiving     :       0.00       0.00          0          0          0
  randrounding     :       0.00       0.00          0          0          0
  rens             :       0.00       0.00          0          0          0
  reoptsols        :       0.00       0.00          0          0          0
  repair           :       0.00       0.00          0          0          0
  rins             :       0.00       0.00          0          0          0
  rootsoldiving    :       0.00       0.00          0          0          0
  rounding         :       0.00       0.00          0          0          0
  scheduler        :       0.00       0.00          0          0          0
  shiftandpropagate:       0.00       0.00          0          0          0
  shifting         :       0.00       0.00          0          0          0
  simplerounding   :       0.00       0.00          0          0          0
  subnlp           :       0.00       0.00          0          0          0
  trivial          :       0.00       0.00          0          0          0
  trivialnegation  :       0.00       0.00          0          0          0
  trustregion      :       0.00       0.00          0          0          0
  trysol           :       0.00       0.00          0          0          0
  twoopt           :       0.00       0.00          0          0          0
  undercover       :       0.00       0.00          0          0          0
  vbounds          :       0.00       0.00          0          0          0
  veclendiving     :       0.00       0.00          0          0          0
  zeroobj          :       0.00       0.00          0          0          0
  zirounding       :       0.00       0.00          0          0          0
  other solutions  :          -          -          -          1          -
LNS (Scheduler)    :      Calls  SetupTime  SolveTime SolveNodes       Sols       Best       Exp3    Exp3-IX  EpsGreedy        UCB TgtFixRate  Opt  Inf Node Stal  Sol  Usr Othr Actv
  rens             :          0       0.00       0.00          0          0          0    0.00000    0.20000   -1.00000    1.00000      0.900    0    0    0    0    0    0    0    1
  rins             :          0       0.00       0.00          0          0          0    0.00000    0.20000   -1.00000    1.00000      0.900    0    0    0    0    0    0    0    1
  mutation         :          0       0.00       0.00          0          0          0    0.00000    0.20000   -1.00000    1.00000      0.900    0    0    0    0    0    0    0    1
  zeroobjective    :          0       0.00       0.00          0          0          0    0.00000    0.20000   -1.00000    1.00000      0.900    0    0    0    0    0    0    0    1
  crossover        :          0       0.00       0.00          0          0          0    0.00000    0.20000   -1.00000    1.00000      0.900    0    0    0    0    0    0    0    1
  localbranching   :          0       0.00       0.00          0          0          0    0.00000    0.00000   -1.00000    1.00000      0.900    0    0    0    0    0    0    0    0
  proximity        :          0       0.00       0.00          0          0          0    0.00000    0.00000   -1.00000    1.00000      0.900    0    0    0    0    0    0    0    0
  dins             :          0       0.00       0.00          0          0          0    0.00000    0.00000   -1.00000    1.00000      0.900    0    0    0    0    0    0    0    0
  trustregion      :          0       0.00       0.00          0          0          0    0.00000    0.00000   -1.00000    1.00000      0.900    0    0    0    0    0    0    0    0
LP                 :       Time      Calls Iterations  Iter/call   Iter/sec  Time-0-It Calls-0-It    ItLimit
  primal LP        :       0.00          0          0       0.00          -       0.00          0
  dual LP          :       0.03         17       1008      67.20   30933.53       0.00          2
  lex dual LP      :       0.00          0          0       0.00          -
  barrier LP       :       0.00          0          0       0.00          -       0.00          0
  resolve instable :       0.00          0          0       0.00          -
  diving/probing LP:       0.00          0          0       0.00          -
  strong branching :       0.15         75       4354      58.05   29087.75          -          -          0
    (at root node) :          -         30       1705      56.83          -
  conflict analysis:       0.00          0          0       0.00          -
B&B Tree           :
  number of runs   :          1
  nodes            :         15 (14 internal, 1 leaves)
  feasible leaves  :          0
  infeas. leaves   :          0
  objective leaves :          0
  nodes (total)    :         15 (14 internal, 1 leaves)
  nodes left       :         15
  max depth        :         13
  max depth (total):         13
  backtracks       :          1 (6.7%)
  early backtracks :          0 (0.0%)
  nodes exc. ref.  :          0 (0.0%)
  delayed cutoffs  :          0
  repropagations   :          0 (0 domain reductions, 0 cutoffs)
  avg switch length:       1.87
  switching time   :       0.00
Root Node          :
  First LP value   : +1.24629411764706e+04
  First LP Iters   :        669 (35149.48 Iter/sec)
  First LP Time    :       0.02
  Final Dual Bound : +1.26805882352941e+04
  Final Root Iters :        669
  Root LP Estimate : +1.49769913496890e+04
Solution           :
  Solutions found  :         99 (1 improvements)
  First Solution   : +1.54259999999699e+04   (in run 0, after 0 nodes, 0.00 seconds, depth -1, found by <initial>)
  Gap First Sol.   :   infinite
  Gap Last Sol.    :   infinite
  Primal Bound     : +1.54259999999699e+04   (in run 0, after 0 nodes, 0.00 seconds, depth -1, found by <initial>)
  Dual Bound       : +1.26911005692600e+04
  Gap              :      21.55 %
Integrals          :      Total       Avg%
  primal-dual      :  309900.09      17.80
  primal-ref       :          -          - (not evaluated)
  dual-ref         :          -          - (not evaluated)
