SCIP version 9.2.2 [precision: 8 byte] [memory: block] [mode: optimized] [LP solver: CPLEX 12.10.0.0] [GitHash: 416226a4f8]
Copyright (c) 2002-2025 Zuse Institute Berlin (ZIB)

reading parameter file </scratch/htc/yzhou/exp_scipmip/settings/settings_gap/sandbox_gendj_gap0.0909091_neos5.set>

read problem </scratch/htc/yzhou/exp_scipmip/instances/tests/neos5.mps>
============

original problem has 63 variables (53 bin, 0 int, 0 impl, 10 cont) and 63 constraints
     63 constraints of type <linear>
Reading Time: 0.00

read solution </scratch/htc/yzhou/solutions/neos5.sol>
============

primal solution from solution file </scratch/htc/yzhou/solutions/neos5.sol> was accepted as candidate, will be checked when solving starts
original problem has 63 variables (53 bin, 0 int, 0 impl, 10 cont) and 63 constraints
     63 constraints of type <linear>
Reading Time: 0.01
solve problem
=============
LP Solver <CPLEX 12.10.0.0>: fastmip setting not available -- SCIP parameter has no effect
LP Solver <CPLEX 12.10.0.0>: clock type cannot be set
LP Solver <CPLEX 12.10.0.0>: row representation of the basis not available -- SCIP parameter lp/rowrepswitch has no effect
LP Solver <CPLEX 12.10.0.0>: solution polishing not available -- SCIP parameter lp/solutionpolishing has no effect
LP Solver <CPLEX 12.10.0.0>: refactorization interval not available -- SCIP parameter lp/refactorinterval has no effect
1/1 feasible solution given by solution candidate storage, new primal bound 1.500000e+01

transformed problem has 63 variables (53 bin, 0 int, 0 impl, 10 cont) and 63 constraints
     63 constraints of type <linear>

original problem has 2016 active (50.7937%) nonzeros and 2016 (50.7937%) check nonzeros

presolving:
(round 1, exhaustive) 0 del vars, 0 del conss, 0 add conss, 0 chg bounds, 0 chg sides, 0 chg coeffs, 3 upgd conss, 0 impls, 0 clqs
   (0.0s) probing: 51/53 (96.2%) - 0 fixings, 0 aggregations, 0 implications, 0 bound changes
   (0.0s) probing aborted: 50/50 successive totally useless probings
   (0.0s) symmetry computation started: requiring (bin +, int +, cont +), (fixed: bin -, int -, cont -)
   (0.0s) symmetry computation finished: 2 generators found (max: 1500, log10 of symmetry group size: 0.0) (symcode time: 0.00)
dynamic symmetry handling statistics:
   orbitopal reduction:       no components
   orbital reduction:         no components
   lexicographic reduction:   no permutations
handled 1 out of 1 symmetry components
(round 2, exhaustive) 0 del vars, 0 del conss, 1 add conss, 0 chg bounds, 0 chg sides, 0 chg coeffs, 3 upgd conss, 0 impls, 0 clqs
clique table cleanup detected 0 bound changes

presolved problem has 2018 active (50.0496%) nonzeros and 2018 (50.0496%) check nonzeros

presolving (3 rounds: 3 fast, 3 medium, 3 exhaustive):
 0 deleted vars, 0 deleted constraints, 1 added constraints, 0 tightened bounds, 0 added holes, 0 changed sides, 0 changed coefficients
 0 implications, 0 cliques
presolved problem has 63 variables (53 bin, 0 int, 0 impl, 10 cont) and 64 constraints
      3 constraints of type <knapsack>
     61 constraints of type <linear>
Presolving Time: 0.01
transformed 1/1 original solutions to the transformed problem space

 time | node  | left  |LP iter|LP it/n|mem/heur|mdpt |vars |cons |rows |cuts |sepa|confs|strbr|  dualbound   | primalbound  |  gap   | compl. 
  0.1s|     1 |     0 |    37 |     - |  2270k |   0 |  63 |  64 |  63 |   0 |  0 |   0 |   0 | 1.300000e+01 | 1.500000e+01 |  15.38%| unknown
_____________________________________
Now starting branching with general disjunction
Current branching Node number: 1
LP objective value: 13
Node lower bound: 13.1667
Node upper bound: 15
gap to the primal bound: 0.139241
Preck submodel is infeasible, continue branching
Time limit exceeded (1039.79s), stopping submodel solve loop
General disjunction: No feasible solution found, use SCIP default branching rule
 1040s|     1 |     2 |    37 |     - |  2364k |   0 |  63 |  64 |  63 |   0 |  1 |   0 |  35 | 1.316667e+01 | 1.500000e+01 |  13.92%| unknown
_____________________________________
Now starting branching with general disjunction
Current branching Node number: 3
LP objective value: 13.75
Node lower bound: 13.75
Node upper bound: 15
gap to the primal bound: 0.139241
Preck submodel is infeasible, continue branching
General disjunction: No feasible solution found, use SCIP default branching rule
_____________________________________
Now starting branching with general disjunction
Current branching Node number: 5
LP objective value: 13.875
Node lower bound: 13.875
Node upper bound: 15
gap to the primal bound: 0.139241
Preck submodel is infeasible, continue branching
General disjunction: Both Children are added
_____________________________________
Now starting branching with general disjunction
Current branching Node number: 6
LP objective value: 14
Node lower bound: 14
Node upper bound: 15
gap to the primal bound: 0.139241
Preck submodel is infeasible, continue branching
General disjunction: No feasible solution found, use SCIP default branching rule
_____________________________________
Now starting branching with general disjunction
Current branching Node number: 9
LP objective value: 14
Node lower bound: 14
Node upper bound: 15
gap to the primal bound: 0.139241
Preck submodel is infeasible, continue branching
General disjunction: No feasible solution found, use SCIP default branching rule
_____________________________________
Now starting branching with general disjunction
Current branching Node number: 11
LP objective value: 14
Node lower bound: 14
Node upper bound: 15
gap to the primal bound: 0.139241
Preck submodel is infeasible, continue branching
General disjunction: No feasible solution found, use SCIP default branching rule
_____________________________________
Now starting branching with general disjunction
Current branching Node number: 13
Relpscost reduced domain, skip general disjunction branching
_____________________________________
Now starting branching with general disjunction
Current branching Node number: 13
Relpscost reduced domain, skip general disjunction branching
_____________________________________
Now starting branching with general disjunction
Current branching Node number: 13
Relpscost reduced domain, skip general disjunction branching
_____________________________________
Now starting branching with general disjunction
Current branching Node number: 13
Relpscost reduced domain, skip general disjunction branching
_____________________________________
Now starting branching with general disjunction
Current branching Node number: 13
Relpscost reduced domain, skip general disjunction branching
_____________________________________
Now starting branching with general disjunction
Current branching Node number: 13
Relpscost reduced domain, skip general disjunction branching
_____________________________________
Now starting branching with general disjunction
Current branching Node number: 13
LP objective value: 14.75
Node lower bound: 14.75
Node upper bound: 15
gap to the primal bound: 0.139241
Preck submodel is infeasible, continue branching
General disjunction: No feasible solution found, use SCIP default branching rule
_____________________________________
Now starting branching with general disjunction
Current branching Node number: 15
Relpscost reduced domain, skip general disjunction branching
_____________________________________
Now starting branching with general disjunction
Current branching Node number: 15
LP objective value: 14.75
Node lower bound: 14.75
Node upper bound: 15
gap to the primal bound: 0.139241
Preck submodel is infeasible, continue branching
General disjunction: No feasible solution found, use SCIP default branching rule
_____________________________________
Now starting branching with general disjunction
Current branching Node number: 17
LP objective value: 14.75
Node lower bound: 14.75
Node upper bound: 15
gap to the primal bound: 0.139241
Preck submodel is infeasible, continue branching
General disjunction: No feasible solution found, use SCIP default branching rule
_____________________________________
Now starting branching with general disjunction
Current branching Node number: 19
Relpscost reduced domain, skip general disjunction branching
_____________________________________
Now starting branching with general disjunction
Current branching Node number: 19
Relpscost reduced domain, skip general disjunction branching
_____________________________________
Now starting branching with general disjunction
Current branching Node number: 19
Relpscost reduced domain, skip general disjunction branching
_____________________________________
Now starting branching with general disjunction
Current branching Node number: 19
Relpscost reduced domain, skip general disjunction branching
_____________________________________
Now starting branching with general disjunction
Current branching Node number: 19
Relpscost reduced domain, skip general disjunction branching
_____________________________________
Now starting branching with general disjunction
Current branching Node number: 19
LP objective value: 14.75
Node lower bound: 14.75
Node upper bound: 15
gap to the primal bound: 0.139241
Preck submodel is infeasible, continue branching
General disjunction: Infeasible disjunction
_____________________________________
Now starting branching with general disjunction
Current branching Node number: 18
LP objective value: 14.75
Node lower bound: 14.75
Node upper bound: 15
gap to the primal bound: 0.139241
Preck submodel is infeasible, continue branching
General disjunction: No feasible solution found, use SCIP default branching rule
_____________________________________
Now starting branching with general disjunction
Current branching Node number: 21
Relpscost reduced domain, skip general disjunction branching
_____________________________________
Now starting branching with general disjunction
Current branching Node number: 21
LP objective value: 14.75
Node lower bound: 14.75
Node upper bound: 15
gap to the primal bound: 0.139241
Preck submodel is infeasible, continue branching
General disjunction: Infeasible disjunction
_____________________________________
Now starting branching with general disjunction
Current branching Node number: 20
LP objective value: 14.75
Node lower bound: 14.75
Node upper bound: 15
gap to the primal bound: 0.139241
Preck submodel is infeasible, continue branching
General disjunction: No feasible solution found, use SCIP default branching rule
_____________________________________
Now starting branching with general disjunction
Current branching Node number: 23
Relpscost reduced domain, skip general disjunction branching
_____________________________________
Now starting branching with general disjunction
Current branching Node number: 23
LP objective value: 14.75
Node lower bound: 14.75
Node upper bound: 15
gap to the primal bound: 0.139241
Preck submodel is infeasible, continue branching
General disjunction: Infeasible disjunction
_____________________________________
Now starting branching with general disjunction
Current branching Node number: 22
LP objective value: 14.75
Node lower bound: 14.75
Node upper bound: 15
gap to the primal bound: 0.139241
Preck submodel is infeasible, continue branching
General disjunction: No feasible solution found, use SCIP default branching rule
_____________________________________
Now starting branching with general disjunction
Current branching Node number: 25
Relpscost reduced domain, skip general disjunction branching
_____________________________________
Now starting branching with general disjunction
Current branching Node number: 25
Relpscost reduced domain, skip general disjunction branching
_____________________________________
Now starting branching with general disjunction
Current branching Node number: 24
LP objective value: 14.75
Node lower bound: 14.75
Node upper bound: 15
gap to the primal bound: 0.139241
Preck submodel is infeasible, continue branching
General disjunction: Infeasible disjunction
_____________________________________
Now starting branching with general disjunction
Current branching Node number: 7
LP objective value: 14.75
Node lower bound: 14.75
Node upper bound: 15
gap to the primal bound: 0.139241
Preck submodel is infeasible, continue branching
General disjunction: No feasible solution found, use SCIP default branching rule
_____________________________________
Now starting branching with general disjunction
Current branching Node number: 27
LP objective value: 14.75
Node lower bound: 14.75
Node upper bound: 15
gap to the primal bound: 0.139241
Preck submodel is infeasible, continue branching
General disjunction: No feasible solution found, use SCIP default branching rule
_____________________________________
Now starting branching with general disjunction
Current branching Node number: 28
LP objective value: 14.75
Node lower bound: 14.75
Node upper bound: 15
gap to the primal bound: 0.139241
Preck submodel is infeasible, continue branching
General disjunction: No feasible solution found, use SCIP default branching rule
_____________________________________
Now starting branching with general disjunction
Current branching Node number: 31
LP objective value: 14.75
Node lower bound: 14.75
Node upper bound: 15
gap to the primal bound: 0.139241
Preck submodel is infeasible, continue branching
General disjunction: No feasible solution found, use SCIP default branching rule
_____________________________________
Now starting branching with general disjunction
Current branching Node number: 32
LP objective value: 14.75
Node lower bound: 14.75
Node upper bound: 15
gap to the primal bound: 0.139241
Preck submodel is infeasible, continue branching
General disjunction: No feasible solution found, use SCIP default branching rule
_____________________________________
Now starting branching with general disjunction
Current branching Node number: 35
LP objective value: 14.75
Node lower bound: 14.75
Node upper bound: 15
gap to the primal bound: 0.139241
Preck submodel is infeasible, continue branching
General disjunction: No feasible solution found, use SCIP default branching rule
_____________________________________
Now starting branching with general disjunction
Current branching Node number: 36
LP objective value: 14.75
Node lower bound: 14.75
Node upper bound: 15
gap to the primal bound: 0.139241
Preck submodel is infeasible, continue branching
General disjunction: No feasible solution found, use SCIP default branching rule
_____________________________________
Now starting branching with general disjunction
Current branching Node number: 39
LP objective value: 14.75
Node lower bound: 14.75
Node upper bound: 15
gap to the primal bound: 0.139241
Preck submodel is infeasible, continue branching
General disjunction: No feasible solution found, use SCIP default branching rule
_____________________________________
Now starting branching with general disjunction
Current branching Node number: 41
LP objective value: 14.75
Node lower bound: 14.75
Node upper bound: 15
gap to the primal bound: 0.139241
Preck submodel is infeasible, continue branching
General disjunction: No feasible solution found, use SCIP default branching rule
_____________________________________
Now starting branching with general disjunction
Current branching Node number: 43
LP objective value: 14.75
Node lower bound: 14.75
Node upper bound: 15
gap to the primal bound: 0.139241
Preck submodel is infeasible, continue branching
General disjunction: No feasible solution found, use SCIP default branching rule
_____________________________________
Now starting branching with general disjunction
Current branching Node number: 44
LP objective value: 14.75
Node lower bound: 14.75
Node upper bound: 15
gap to the primal bound: 0.139241
Preck submodel is infeasible, continue branching
General disjunction: Infeasible disjunction
_____________________________________
Now starting branching with general disjunction
Current branching Node number: 8
LP objective value: 14
Node lower bound: 14
Node upper bound: 15
gap to the primal bound: 0.139241
Preck submodel is infeasible, continue branching
General disjunction: No feasible solution found, use SCIP default branching rule
_____________________________________
Now starting branching with general disjunction
Current branching Node number: 47
Relpscost reduced domain, skip general disjunction branching
_____________________________________
Now starting branching with general disjunction
Current branching Node number: 47
Relpscost reduced domain, skip general disjunction branching
_____________________________________
Now starting branching with general disjunction
Current branching Node number: 47
Relpscost reduced domain, skip general disjunction branching
_____________________________________
Now starting branching with general disjunction
Current branching Node number: 47
Relpscost reduced domain, skip general disjunction branching
_____________________________________
Now starting branching with general disjunction
Current branching Node number: 47
Relpscost reduced domain, skip general disjunction branching
_____________________________________
Now starting branching with general disjunction
Current branching Node number: 47
Relpscost reduced domain, skip general disjunction branching
_____________________________________
Now starting branching with general disjunction
Current branching Node number: 47
LP objective value: 14.75
Node lower bound: 14.75
Node upper bound: 15
gap to the primal bound: 0.139241
Preck submodel is infeasible, continue branching
General disjunction: No feasible solution found, use SCIP default branching rule
_____________________________________
Now starting branching with general disjunction
Current branching Node number: 49
LP objective value: 14.75
Node lower bound: 14.75
Node upper bound: 15
gap to the primal bound: 0.139241
Preck submodel is infeasible, continue branching
General disjunction: No feasible solution found, use SCIP default branching rule
_____________________________________
Now starting branching with general disjunction
Current branching Node number: 51
LP objective value: 14.75
Node lower bound: 14.75
Node upper bound: 15
gap to the primal bound: 0.139241
Preck submodel is infeasible, continue branching
General disjunction: No feasible solution found, use SCIP default branching rule
_____________________________________
Now starting branching with general disjunction
Current branching Node number: 53
LP objective value: 14.75
Node lower bound: 14.75
Node upper bound: 15
gap to the primal bound: 0.139241
Preck submodel is infeasible, continue branching
General disjunction: No feasible solution found, use SCIP default branching rule
_____________________________________
Now starting branching with general disjunction
Current branching Node number: 55
Relpscost reduced domain, skip general disjunction branching
_____________________________________
Now starting branching with general disjunction
Current branching Node number: 55
Relpscost reduced domain, skip general disjunction branching
_____________________________________
Now starting branching with general disjunction
Current branching Node number: 55
LP objective value: 14.75
Node lower bound: 14.75
Node upper bound: 15
gap to the primal bound: 0.139241
Preck submodel is infeasible, continue branching
General disjunction: No feasible solution found, use SCIP default branching rule
_____________________________________
Now starting branching with general disjunction
Current branching Node number: 56
LP objective value: 14.75
Node lower bound: 14.75
Node upper bound: 15
gap to the primal bound: 0.139241
Preck submodel is infeasible, continue branching
General disjunction: No feasible solution found, use SCIP default branching rule
_____________________________________
Now starting branching with general disjunction
Current branching Node number: 59
LP objective value: 14.75
Node lower bound: 14.75
Node upper bound: 15
gap to the primal bound: 0.139241
Preck submodel is infeasible, continue branching
General disjunction: Infeasible disjunction
_____________________________________
Now starting branching with general disjunction
Current branching Node number: 58
LP objective value: 14.75
Node lower bound: 14.75
Node upper bound: 15
gap to the primal bound: 0.139241
Preck submodel is infeasible, continue branching
General disjunction: No feasible solution found, use SCIP default branching rule
_____________________________________
Now starting branching with general disjunction
Current branching Node number: 61
LP objective value: 14.75
Node lower bound: 14.75
Node upper bound: 15
gap to the primal bound: 0.139241
Preck submodel is infeasible, continue branching
General disjunction: Infeasible disjunction
_____________________________________
Now starting branching with general disjunction
Current branching Node number: 60
LP objective value: 14.75
Node lower bound: 14.75
Node upper bound: 15
gap to the primal bound: 0.139241
Preck submodel is infeasible, continue branching
General disjunction: No feasible solution found, use SCIP default branching rule
_____________________________________
Now starting branching with general disjunction
Current branching Node number: 63
LP objective value: 14.75
Node lower bound: 14.75
Node upper bound: 15
gap to the primal bound: 0.139241
Preck submodel is infeasible, continue branching
General disjunction: Both Children are added
_____________________________________
Now starting branching with general disjunction
Current branching Node number: 64
Relpscost reduced domain, skip general disjunction branching
_____________________________________
Now starting branching with general disjunction
Current branching Node number: 64
LP objective value: 14.8333
Node lower bound: 14.8333
Node upper bound: 15
gap to the primal bound: 0.139241
Preck submodel is infeasible, continue branching
General disjunction: Infeasible disjunction
_____________________________________
Now starting branching with general disjunction
Current branching Node number: 65
LP objective value: 14.8333
Node lower bound: 14.8333
Node upper bound: 15
gap to the primal bound: 0.139241
Preck submodel is infeasible, continue branching
General disjunction: Infeasible disjunction
_____________________________________
Now starting branching with general disjunction
Current branching Node number: 46
LP objective value: 14
Node lower bound: 14
Node upper bound: 15
gap to the primal bound: 0.139241
Preck submodel is infeasible, continue branching
General disjunction: No feasible solution found, use SCIP default branching rule
_____________________________________
Now starting branching with general disjunction
Current branching Node number: 67
LP objective value: 14.75
Node lower bound: 14.75
Node upper bound: 15
gap to the primal bound: 0.139241
Preck submodel is infeasible, continue branching
General disjunction: No feasible solution found, use SCIP default branching rule
_____________________________________
Now starting branching with general disjunction
Current branching Node number: 69
Relpscost reduced domain, skip general disjunction branching
_____________________________________
Now starting branching with general disjunction
Current branching Node number: 69
Relpscost reduced domain, skip general disjunction branching
_____________________________________
Now starting branching with general disjunction
Current branching Node number: 69
LP objective value: 14.75
Node lower bound: 14.75
Node upper bound: 15
gap to the primal bound: 0.139241
Preck submodel is infeasible, continue branching
General disjunction: Infeasible disjunction
_____________________________________
Now starting branching with general disjunction
Current branching Node number: 68
LP objective value: 14.75
Node lower bound: 14.75
Node upper bound: 15
gap to the primal bound: 0.139241
Preck submodel is infeasible, continue branching
General disjunction: No feasible solution found, use SCIP default branching rule
_____________________________________
Now starting branching with general disjunction
Current branching Node number: 71
LP objective value: 14.75
Node lower bound: 14.75
Node upper bound: 15
gap to the primal bound: 0.139241
Preck submodel is infeasible, continue branching
General disjunction: No feasible solution found, use SCIP default branching rule
_____________________________________
Now starting branching with general disjunction
Current branching Node number: 73
Relpscost reduced domain, skip general disjunction branching
_____________________________________
Now starting branching with general disjunction
Current branching Node number: 73
Relpscost reduced domain, skip general disjunction branching
_____________________________________
Now starting branching with general disjunction
Current branching Node number: 73
LP objective value: 14.75
Node lower bound: 14.75
Node upper bound: 15
gap to the primal bound: 0.139241
Preck submodel is infeasible, continue branching
General disjunction: Infeasible disjunction
_____________________________________
Now starting branching with general disjunction
Current branching Node number: 72
LP objective value: 14.75
Node lower bound: 14.75
Node upper bound: 15
gap to the primal bound: 0.139241
Preck submodel is infeasible, continue branching
General disjunction: Infeasible disjunction
_____________________________________
Now starting branching with general disjunction
Current branching Node number: 66
LP objective value: 14
Node lower bound: 14
Node upper bound: 15
gap to the primal bound: 0.139241
Preck submodel is infeasible, continue branching
General disjunction: No feasible solution found, use SCIP default branching rule
_____________________________________
Now starting branching with general disjunction
Current branching Node number: 75
LP objective value: 14
Node lower bound: 14
Node upper bound: 15
gap to the primal bound: 0.139241
Preck submodel is infeasible, continue branching
General disjunction: No feasible solution found, use SCIP default branching rule
_____________________________________
Now starting branching with general disjunction
Current branching Node number: 77
LP objective value: 14
Node lower bound: 14
Node upper bound: 15
gap to the primal bound: 0.139241
Preck submodel is infeasible, continue branching
General disjunction: No feasible solution found, use SCIP default branching rule
_____________________________________
Now starting branching with general disjunction
Current branching Node number: 79
LP objective value: 14
Node lower bound: 14
Node upper bound: 15
gap to the primal bound: 0.139241
Preck submodel is infeasible, continue branching
General disjunction: No feasible solution found, use SCIP default branching rule
_____________________________________
Now starting branching with general disjunction
Current branching Node number: 81
LP objective value: 14
Node lower bound: 14
Node upper bound: 15
gap to the primal bound: 0.139241
Preck submodel is infeasible, continue branching
Time limit exceeded (1160.18s), stopping submodel solve loop
General disjunction: Both Children are added
_____________________________________
Now starting branching with general disjunction
Current branching Node number: 82
LP objective value: 14.125
Node lower bound: 14.125
Node upper bound: 15
gap to the primal bound: 0.139241
Preck submodel is infeasible, continue branching
General disjunction: Both Children are added
_____________________________________
Now starting branching with general disjunction
Current branching Node number: 84
LP objective value: 14.5
Node lower bound: 14.5
Node upper bound: 15
gap to the primal bound: 0.139241
Preck submodel is infeasible, continue branching
General disjunction: No feasible solution found, use SCIP default branching rule
_____________________________________
Now starting branching with general disjunction
Current branching Node number: 87
LP objective value: 14.625
Node lower bound: 14.625
Node upper bound: 15
gap to the primal bound: 0.139241
Preck submodel is infeasible, continue branching
General disjunction: Only Right constraint added:
_____________________________________
Now starting branching with general disjunction
Current branching Node number: 87
Relpscost reduced domain, skip general disjunction branching
_____________________________________
Now starting branching with general disjunction
Current branching Node number: 86
LP objective value: 14.5
Node lower bound: 14.5
Node upper bound: 15
gap to the primal bound: 0.139241
Preck submodel is infeasible, continue branching
General disjunction: No feasible solution found, use SCIP default branching rule
_____________________________________
Now starting branching with general disjunction
Current branching Node number: 89
LP objective value: 14.6667
Node lower bound: 14.6667
Node upper bound: 15
gap to the primal bound: 0.139241
Preck submodel is infeasible, continue branching
General disjunction: Only Left constraint added:
_____________________________________
Now starting branching with general disjunction
Current branching Node number: 89
Relpscost reduced domain, skip general disjunction branching
_____________________________________
Now starting branching with general disjunction
Current branching Node number: 88
LP objective value: 14.5
Node lower bound: 14.5
Node upper bound: 15
gap to the primal bound: 0.139241
Preck submodel is infeasible, continue branching
General disjunction: Infeasible disjunction
_____________________________________
Now starting branching with general disjunction
Current branching Node number: 76
LP objective value: 14
Node lower bound: 14
Node upper bound: 15
gap to the primal bound: 0.139241
Preck submodel is infeasible, continue branching
General disjunction: No feasible solution found, use SCIP default branching rule
_____________________________________
Now starting branching with general disjunction
Current branching Node number: 91
LP objective value: 14
Node lower bound: 14
Node upper bound: 15
gap to the primal bound: 0.139241
Preck submodel is infeasible, continue branching
General disjunction: No feasible solution found, use SCIP default branching rule
_____________________________________
Now starting branching with general disjunction
Current branching Node number: 93
LP objective value: 14
Node lower bound: 14
Node upper bound: 15
gap to the primal bound: 0.139241
Preck submodel is infeasible, continue branching
General disjunction: No feasible solution found, use SCIP default branching rule
_____________________________________
Now starting branching with general disjunction
Current branching Node number: 95
LP objective value: 14
Node lower bound: 14
Node upper bound: 15
gap to the primal bound: 0.139241
Preck submodel is infeasible, continue branching
Time limit exceeded (1334.81s), stopping submodel solve loop
General disjunction: Both Children are added
_____________________________________
Now starting branching with general disjunction
Current branching Node number: 96
LP objective value: 14.125
Node lower bound: 14.125
Node upper bound: 15
gap to the primal bound: 0.139241
Preck submodel is infeasible, continue branching
Time limit exceeded (1136.49s), stopping submodel solve loop
General disjunction: Both Children are added
_____________________________________
Now starting branching with general disjunction
Current branching Node number: 98
LP objective value: 14.5
Node lower bound: 14.5
Node upper bound: 15
gap to the primal bound: 0.139241
Preck submodel is infeasible, continue branching
General disjunction: No feasible solution found, use SCIP default branching rule
_____________________________________
Now starting branching with general disjunction
Current branching Node number: 101
LP objective value: 14.5
Node lower bound: 14.5
Node upper bound: 15
gap to the primal bound: 0.139241
Preck submodel is infeasible, continue branching
General disjunction: No feasible solution found, use SCIP default branching rule
_____________________________________
Now starting branching with general disjunction
Current branching Node number: 103
Relpscost reduced domain, skip general disjunction branching
_____________________________________
Now starting branching with general disjunction
Current branching Node number: 103
LP objective value: 14.625
Node lower bound: 14.625
Node upper bound: 15
gap to the primal bound: 0.139241
Preck submodel is infeasible, continue branching
General disjunction: Infeasible disjunction
_____________________________________
Now starting branching with general disjunction
Current branching Node number: 102
LP objective value: 14.5
Node lower bound: 14.5
Node upper bound: 15
gap to the primal bound: 0.139241
Preck submodel is infeasible, continue branching
General disjunction: No feasible solution found, use SCIP default branching rule
_____________________________________
Now starting branching with general disjunction
Current branching Node number: 105
LP objective value: 14.5
Node lower bound: 14.5
Node upper bound: 15
gap to the primal bound: 0.139241
Preck submodel is infeasible, continue branching
General disjunction: Only Right constraint added:
_____________________________________
Now starting branching with general disjunction
Current branching Node number: 105
LP objective value: 14.75
Node lower bound: 14.75
Node upper bound: 15
gap to the primal bound: 0.139241
Preck submodel is infeasible, continue branching
General disjunction: Infeasible disjunction
_____________________________________
Now starting branching with general disjunction
Current branching Node number: 104
LP objective value: 14.5
Node lower bound: 14.5
Node upper bound: 15
gap to the primal bound: 0.139241
Preck submodel is infeasible, continue branching
General disjunction: No feasible solution found, use SCIP default branching rule
_____________________________________
Now starting branching with general disjunction
Current branching Node number: 107
LP objective value: 14.75
Node lower bound: 14.75
Node upper bound: 15
gap to the primal bound: 0.139241
Preck submodel is infeasible, continue branching
General disjunction: Infeasible disjunction
_____________________________________
Now starting branching with general disjunction
Current branching Node number: 106
Relpscost reduced domain, skip general disjunction branching
_____________________________________
Now starting branching with general disjunction
Current branching Node number: 106
LP objective value: 14.5
Node lower bound: 14.5
Node upper bound: 15
gap to the primal bound: 0.139241
Preck submodel is infeasible, continue branching
General disjunction: No feasible solution found, use SCIP default branching rule
_____________________________________
Now starting branching with general disjunction
Current branching Node number: 109
Relpscost reduced domain, skip general disjunction branching
_____________________________________
Now starting branching with general disjunction
Current branching Node number: 109
LP objective value: 14.75
Node lower bound: 14.75
Node upper bound: 15
gap to the primal bound: 0.139241
Preck submodel is infeasible, continue branching
General disjunction: Infeasible disjunction
_____________________________________
Now starting branching with general disjunction
Current branching Node number: 108
Relpscost reduced domain, skip general disjunction branching
_____________________________________
Now starting branching with general disjunction
Current branching Node number: 108
LP objective value: 14.5
Node lower bound: 14.5
Node upper bound: 15
gap to the primal bound: 0.139241
Preck submodel is infeasible, continue branching
General disjunction: Only Right constraint added:
_____________________________________
Now starting branching with general disjunction
Current branching Node number: 108
LP objective value: 14.75
Node lower bound: 14.75
Node upper bound: 15
gap to the primal bound: 0.139241
Preck submodel is infeasible, continue branching
General disjunction: Only Left constraint added:
_____________________________________
Now starting branching with general disjunction
Current branching Node number: 108
Relpscost reduced domain, skip general disjunction branching
_____________________________________
Now starting branching with general disjunction
Current branching Node number: 2
LP objective value: 13.05
Node lower bound: 13.1667
Node upper bound: 15
gap to the primal bound: 0.139241
Preck submodel is infeasible, continue branching
General disjunction: Both Children are added
_____________________________________
Now starting branching with general disjunction
Current branching Node number: 110
LP objective value: 13.25
Node lower bound: 13.25
Node upper bound: 15
gap to the primal bound: 0.139241
Preck submodel is infeasible, continue branching
General disjunction: Both Children are added
_____________________________________
Now starting branching with general disjunction
Current branching Node number: 112
LP objective value: 13.5
Node lower bound: 13.5
Node upper bound: 15
gap to the primal bound: 0.139241
Preck submodel is infeasible, continue branching
General disjunction: Both Children are added
_____________________________________
Now starting branching with general disjunction
Current branching Node number: 114
LP objective value: 14
Node lower bound: 14
Node upper bound: 15
gap to the primal bound: 0.139241
Preck submodel is infeasible, continue branching
General disjunction: No feasible solution found, use SCIP default branching rule
_____________________________________
Now starting branching with general disjunction
Current branching Node number: 117
LP objective value: 14
Node lower bound: 14
Node upper bound: 15
gap to the primal bound: 0.139241
Preck submodel is infeasible, continue branching
General disjunction: No feasible solution found, use SCIP default branching rule
_____________________________________
Now starting branching with general disjunction
Current branching Node number: 119
LP objective value: 14
Node lower bound: 14
Node upper bound: 15
gap to the primal bound: 0.139241
Preck submodel is infeasible, continue branching
General disjunction: No feasible solution found, use SCIP default branching rule
_____________________________________
Now starting branching with general disjunction
Current branching Node number: 121
LP objective value: 14
Node lower bound: 14
Node upper bound: 15
gap to the primal bound: 0.139241
Preck submodel is infeasible, continue branching
General disjunction: No feasible solution found, use SCIP default branching rule
_____________________________________
Now starting branching with general disjunction
Current branching Node number: 123
LP objective value: 14
Node lower bound: 14
Node upper bound: 15
gap to the primal bound: 0.139241
Preck submodel is infeasible, continue branching
General disjunction: No feasible solution found, use SCIP default branching rule
_____________________________________
Now starting branching with general disjunction
Current branching Node number: 125
LP objective value: 14
Node lower bound: 14
Node upper bound: 15
gap to the primal bound: 0.139241
Preck submodel is infeasible, continue branching
Time limit exceeded (1130.38s), stopping submodel solve loop
General disjunction: No feasible solution found, use SCIP default branching rule
_____________________________________
Now starting branching with general disjunction
Current branching Node number: 127
LP objective value: 14
Node lower bound: 14
Node upper bound: 15
gap to the primal bound: 0.139241
Preck submodel is infeasible, continue branching
Time limit exceeded (1012.15s), stopping submodel solve loop
General disjunction: Both Children are added
_____________________________________
Now starting branching with general disjunction
Current branching Node number: 128
LP objective value: 14.25
Node lower bound: 14.25
Node upper bound: 15
gap to the primal bound: 0.139241
Preck submodel is infeasible, continue branching
General disjunction: Both Children are added
_____________________________________
Now starting branching with general disjunction
Current branching Node number: 130
LP objective value: 14.5
Node lower bound: 14.5
Node upper bound: 15
gap to the primal bound: 0.139241
Preck submodel is infeasible, continue branching
General disjunction: No feasible solution found, use SCIP default branching rule
_____________________________________
Now starting branching with general disjunction
Current branching Node number: 133
LP objective value: 14.5
Node lower bound: 14.5
Node upper bound: 15
gap to the primal bound: 0.139241
Preck submodel is infeasible, continue branching
General disjunction: Infeasible disjunction
_____________________________________
Now starting branching with general disjunction
Current branching Node number: 132
LP objective value: 14.5
Node lower bound: 14.5
Node upper bound: 15
gap to the primal bound: 0.139241
Preck submodel is infeasible, continue branching
General disjunction: No feasible solution found, use SCIP default branching rule
_____________________________________
Now starting branching with general disjunction
Current branching Node number: 135
LP objective value: 14.75
Node lower bound: 14.75
Node upper bound: 15
gap to the primal bound: 0.139241
Preck submodel is infeasible, continue branching
General disjunction: Infeasible disjunction
_____________________________________
Now starting branching with general disjunction
Current branching Node number: 113
LP objective value: 13.75
Node lower bound: 13.75
Node upper bound: 15
gap to the primal bound: 0.139241
Preck submodel is infeasible, continue branching
General disjunction: No feasible solution found, use SCIP default branching rule
_____________________________________
Now starting branching with general disjunction
Current branching Node number: 137
LP objective value: 13.75
Node lower bound: 13.75
Node upper bound: 15
gap to the primal bound: 0.139241
Preck submodel is infeasible, continue branching
General disjunction: Both Children are added
_____________________________________
Now starting branching with general disjunction
Current branching Node number: 138
LP objective value: 13.875
Node lower bound: 14
Node upper bound: 15
gap to the primal bound: 0.139241
Preck submodel is infeasible, continue branching
General disjunction: No feasible solution found, use SCIP default branching rule
_____________________________________
Now starting branching with general disjunction
Current branching Node number: 141
LP objective value: 14.75
Node lower bound: 14.75
Node upper bound: 15
gap to the primal bound: 0.139241
Preck submodel is infeasible, continue branching
General disjunction: No feasible solution found, use SCIP default branching rule
_____________________________________
Now starting branching with general disjunction
Current branching Node number: 143
LP objective value: 14.75
Node lower bound: 14.75
Node upper bound: 15
gap to the primal bound: 0.139241
Preck submodel is infeasible, continue branching
General disjunction: Infeasible disjunction
  464m|   100 |    43 |  4027 |  40.3 |  4043k |  18 |  63 |  64 |  66 |   0 |  1 |   0 | 278 | 1.316667e+01 | 1.500000e+01 |  13.92%|  12.25%
_____________________________________
Now starting branching with general disjunction
Current branching Node number: 142
LP objective value: 14.75
Node lower bound: 14.75
Node upper bound: 15
gap to the primal bound: 0.139241
Preck submodel is infeasible, continue branching
General disjunction: No feasible solution found, use SCIP default branching rule
_____________________________________
Now starting branching with general disjunction
Current branching Node number: 145
LP objective value: 14.75
Node lower bound: 14.75
Node upper bound: 15
gap to the primal bound: 0.139241
Preck submodel is infeasible, continue branching
General disjunction: Infeasible disjunction
_____________________________________
Now starting branching with general disjunction
Current branching Node number: 144
LP objective value: 14.75
Node lower bound: 14.75
Node upper bound: 15
gap to the primal bound: 0.139241
Preck submodel is infeasible, continue branching
General disjunction: No feasible solution found, use SCIP default branching rule
_____________________________________
Now starting branching with general disjunction
Current branching Node number: 147
LP objective value: 14.75
Node lower bound: 14.75
Node upper bound: 15
gap to the primal bound: 0.139241
Preck submodel is infeasible, continue branching
General disjunction: Infeasible disjunction
_____________________________________
Now starting branching with general disjunction
Current branching Node number: 146
LP objective value: 14.75
Node lower bound: 14.75
Node upper bound: 15
gap to the primal bound: 0.139241
Preck submodel is infeasible, continue branching
General disjunction: Infeasible disjunction
_____________________________________
Now starting branching with general disjunction
Current branching Node number: 111
LP objective value: 13.25
Node lower bound: 13.3125
Node upper bound: 15
gap to the primal bound: 0.126761
Preck submodel is infeasible, continue branching
General disjunction: Both Children are added
_____________________________________
Now starting branching with general disjunction
Current branching Node number: 148
LP objective value: 13.75
Node lower bound: 13.75
Node upper bound: 15
gap to the primal bound: 0.126761
Preck submodel is infeasible, continue branching
General disjunction: No feasible solution found, use SCIP default branching rule
_____________________________________
Now starting branching with general disjunction
Current branching Node number: 151
LP objective value: 13.75
Node lower bound: 13.75
Node upper bound: 15
gap to the primal bound: 0.126761
Preck submodel is infeasible, continue branching
General disjunction: Both Children are added
_____________________________________
Now starting branching with general disjunction
Current branching Node number: 152
LP objective value: 14
Node lower bound: 14
Node upper bound: 15
gap to the primal bound: 0.126761
Preck submodel is infeasible, continue branching
General disjunction: No feasible solution found, use SCIP default branching rule
_____________________________________
Now starting branching with general disjunction
Current branching Node number: 155
LP objective value: 14
Node lower bound: 14
Node upper bound: 15
gap to the primal bound: 0.126761
Preck submodel is infeasible, continue branching
General disjunction: No feasible solution found, use SCIP default branching rule
_____________________________________
Now starting branching with general disjunction
Current branching Node number: 157
LP objective value: 14
Node lower bound: 14
Node upper bound: 15
gap to the primal bound: 0.126761
Preck submodel is infeasible, continue branching
General disjunction: No feasible solution found, use SCIP default branching rule
_____________________________________
Now starting branching with general disjunction
Current branching Node number: 159
LP objective value: 14
Node lower bound: 14
Node upper bound: 15
gap to the primal bound: 0.126761
Preck submodel is infeasible, continue branching
Time limit exceeded (1107.38s), stopping submodel solve loop
General disjunction: No feasible solution found, use SCIP default branching rule
_____________________________________
Now starting branching with general disjunction
Current branching Node number: 161
LP objective value: 14.75
Node lower bound: 14.75
Node upper bound: 15
gap to the primal bound: 0.126761
Preck submodel is infeasible, continue branching
General disjunction: No feasible solution found, use SCIP default branching rule
_____________________________________
Now starting branching with general disjunction
Current branching Node number: 163
LP objective value: 14.75
Node lower bound: 14.75
Node upper bound: 15
gap to the primal bound: 0.126761
Preck submodel is infeasible, continue branching
General disjunction: Infeasible disjunction
_____________________________________
Now starting branching with general disjunction
Current branching Node number: 162
LP objective value: 14.75
Node lower bound: 14.75
Node upper bound: 15
gap to the primal bound: 0.126761
Preck submodel is infeasible, continue branching
General disjunction: No feasible solution found, use SCIP default branching rule
_____________________________________
Now starting branching with general disjunction
Current branching Node number: 164
LP objective value: 14.75
Node lower bound: 14.75
Node upper bound: 15
gap to the primal bound: 0.126761
Preck submodel is infeasible, continue branching
General disjunction: No feasible solution found, use SCIP default branching rule
_____________________________________
Now starting branching with general disjunction
Current branching Node number: 167
LP objective value: 14.75
Node lower bound: 14.75
Node upper bound: 15
gap to the primal bound: 0.126761
Preck submodel is infeasible, continue branching
General disjunction: Infeasible disjunction
_____________________________________
Now starting branching with general disjunction
Current branching Node number: 166
LP objective value: 14.75
Node lower bound: 14.75
Node upper bound: 15
gap to the primal bound: 0.126761
Preck submodel is infeasible, continue branching
General disjunction: No feasible solution found, use SCIP default branching rule
_____________________________________
Now starting branching with general disjunction
Current branching Node number: 169
LP objective value: 14.875
Node lower bound: 14.875
Node upper bound: 15
gap to the primal bound: 0.126761
Preck submodel is infeasible, continue branching
General disjunction: Infeasible disjunction
_____________________________________
Now starting branching with general disjunction
Current branching Node number: 149
LP objective value: 13.75
Node lower bound: 13.75
Node upper bound: 15
gap to the primal bound: 0.111111
Preck submodel is infeasible, continue branching
General disjunction: No feasible solution found, use SCIP default branching rule
_____________________________________
Now starting branching with general disjunction
Current branching Node number: 171
LP objective value: 13.75
Node lower bound: 13.75
Node upper bound: 15
gap to the primal bound: 0.111111
Preck submodel is infeasible, continue branching
General disjunction: Both Children are added
_____________________________________
Now starting branching with general disjunction
Current branching Node number: 172
LP objective value: 14
Node lower bound: 14
Node upper bound: 15
gap to the primal bound: 0.111111
Preck submodel is infeasible, continue branching
General disjunction: No feasible solution found, use SCIP default branching rule
_____________________________________
Now starting branching with general disjunction
Current branching Node number: 175
LP objective value: 14
Node lower bound: 14
Node upper bound: 15
gap to the primal bound: 0.111111
Preck submodel is infeasible, continue branching
General disjunction: No feasible solution found, use SCIP default branching rule
_____________________________________
Now starting branching with general disjunction
Current branching Node number: 177
LP objective value: 14
Node lower bound: 14
Node upper bound: 15
gap to the primal bound: 0.111111
Preck submodel is infeasible, continue branching
General disjunction: No feasible solution found, use SCIP default branching rule
_____________________________________
Now starting branching with general disjunction
Current branching Node number: 179
LP objective value: 14
Node lower bound: 14
Node upper bound: 15
gap to the primal bound: 0.111111
Preck submodel is infeasible, continue branching
General disjunction: No feasible solution found, use SCIP default branching rule
_____________________________________
Now starting branching with general disjunction
Current branching Node number: 181
LP objective value: 14.5
Node lower bound: 14.5
Node upper bound: 15
gap to the primal bound: 0.111111
Preck submodel is infeasible, continue branching
General disjunction: No feasible solution found, use SCIP default branching rule
_____________________________________
Now starting branching with general disjunction
Current branching Node number: 183
LP objective value: 14.5
Node lower bound: 14.5
Node upper bound: 15
gap to the primal bound: 0.111111
Preck submodel is infeasible, continue branching
General disjunction: No feasible solution found, use SCIP default branching rule
_____________________________________
Now starting branching with general disjunction
Current branching Node number: 185
LP objective value: 14.5
Node lower bound: 14.5
Node upper bound: 15
gap to the primal bound: 0.111111
Preck submodel is infeasible, continue branching
General disjunction: No feasible solution found, use SCIP default branching rule
_____________________________________
Now starting branching with general disjunction
Current branching Node number: 187
LP objective value: 14.75
Node lower bound: 14.75
Node upper bound: 15
gap to the primal bound: 0.111111
Preck submodel is infeasible, continue branching
General disjunction: Infeasible disjunction
_____________________________________
Now starting branching with general disjunction
Current branching Node number: 186
LP objective value: 14.5
Node lower bound: 14.5
Node upper bound: 15
gap to the primal bound: 0.111111
Preck submodel is infeasible, continue branching
General disjunction: No feasible solution found, use SCIP default branching rule
_____________________________________
Now starting branching with general disjunction
Current branching Node number: 189
LP objective value: 14.75
Node lower bound: 14.75
Node upper bound: 15
gap to the primal bound: 0.111111
Preck submodel is infeasible, continue branching
General disjunction: Infeasible disjunction
_____________________________________
Now starting branching with general disjunction
Current branching Node number: 188
LP objective value: 14.5
Node lower bound: 14.5
Node upper bound: 15
gap to the primal bound: 0.111111
Preck submodel is infeasible, continue branching
General disjunction: No feasible solution found, use SCIP default branching rule
_____________________________________
Now starting branching with general disjunction
Current branching Node number: 191
LP objective value: 14.5
Node lower bound: 14.5
Node upper bound: 15
gap to the primal bound: 0.111111
Preck submodel is infeasible, continue branching
General disjunction: No feasible solution found, use SCIP default branching rule

SCIP Status        : solving was interrupted [gap limit reached]
Solving Time (sec) : 35737.53
Solving Nodes      : 135
Primal Bound       : +1.50000000000000e+01 (310 solutions)
Dual Bound         : +1.37500000000000e+01
Gap                : 9.09 %

primal solution:
================

objective value:                                   15
d2                                                  1 	(obj:1)
d7                                                  1 	(obj:1)
d8                                                  1 	(obj:1)
d10                                                 1 	(obj:1)
d11                                                 1 	(obj:1)
d19                                                 1 	(obj:1)
d20                                                 1 	(obj:1)
d25                                                 1 	(obj:1)
d29                                                 1 	(obj:1)
d33                                                 1 	(obj:1)
d36                                                 1 	(obj:1)
d41                                                 1 	(obj:1)
d46                                                 1 	(obj:1)
d54                                               0.5 	(obj:1)
d55                                               0.5 	(obj:1)
d58                                               0.5 	(obj:1)
d59                                               0.5 	(obj:1)

Statistics
==========

SCIP Status        : solving was interrupted [gap limit reached]
Total Time         :   35737.54
  solving          :   35737.53
  presolving       :       0.01 (included in solving)
  reading          :       0.01
  copying          :       0.00 (0 times copied the problem)
Original Problem   :
  Problem name     : neos5
  Variables        : 63 (53 binary, 0 integer, 0 implicit integer, 10 continuous)
  Constraints      : 63 initial, 63 maximal
  Objective        : minimize, 63 non-zeros (abs.min = 1, abs.max = 1)
Presolved Problem  :
  Problem name     : t_neos5
  Variables        : 63 (53 binary, 0 integer, 0 implicit integer, 10 continuous)
  Constraints      : 64 initial, 64 maximal
  Objective        : minimize, 63 non-zeros (abs.min = 1, abs.max = 1)
  Nonzeros         : 2018 constraint, 0 clique table
Presolvers         :   ExecTime  SetupTime  Calls  FixedVars   AggrVars   ChgTypes  ChgBounds   AddHoles    DelCons    AddCons   ChgSides   ChgCoefs
  boundshift       :       0.00       0.00      0          0          0          0          0          0          0          0          0          0
  convertinttobin  :       0.00       0.00      0          0          0          0          0          0          0          0          0          0
  domcol           :       0.00       0.00      2          0          0          0          0          0          0          0          0          0
  dualagg          :       0.00       0.00      0          0          0          0          0          0          0          0          0          0
  dualcomp         :       0.00       0.00      2          0          0          0          0          0          0          0          0          0
  dualinfer        :       0.00       0.00      0          0          0          0          0          0          0          0          0          0
  dualsparsify     :       0.00       0.00      1          0          0          0          0          0          0          0          0          0
  gateextraction   :       0.00       0.00      0          0          0          0          0          0          0          0          0          0
  implics          :       0.00       0.00      3          0          0          0          0          0          0          0          0          0
  inttobinary      :       0.00       0.00      0          0          0          0          0          0          0          0          0          0
  qpkktref         :       0.00       0.00      0          0          0          0          0          0          0          0          0          0
  redvub           :       0.00       0.00      0          0          0          0          0          0          0          0          0          0
  sparsify         :       0.00       0.00      1          0          0          0          0          0          0          0          0          0
  stuffing         :       0.00       0.00      0          0          0          0          0          0          0          0          0          0
  trivial          :       0.00       0.00      3          0          0          0          0          0          0          0          0          0
  tworowbnd        :       0.00       0.00      0          0          0          0          0          0          0          0          0          0
  dualfix          :       0.00       0.00      3          0          0          0          0          0          0          0          0          0
  genvbounds       :       0.00       0.00      0          0          0          0          0          0          0          0          0          0
  probing          :       0.00       0.00      1          0          0          0          0          0          0          0          0          0
  pseudoobj        :       0.00       0.00      1          0          0          0          0          0          0          0          0          0
  symmetry         :       0.00       0.00      1          0          0          0          0          0          0          1          0          0
  vbounds          :       0.00       0.00      0          0          0          0          0          0          0          0          0          0
  knapsack         :       0.00       0.00      6          0          0          0          0          0          0          0          0          0
  linear           :       0.00       0.00      6          0          0          0          0          0          0          0          0          0
  benders          :       0.00       0.00      0          0          0          0          0          0          0          0          0          0
  components       :       0.00       0.00      1          0          0          0          0          0          0          0          0          0
  root node        :          -          -      -          0          -          -          0          -          -          -          -          -
Constraints        :     Number  MaxNumber  #Separate #Propagate    #EnfoLP    #EnfoRelax  #EnfoPS    #Check   #ResProp    Cutoffs    DomReds       Cuts    Applied      Conss   Children
  benderslp        :          0          0          0          0        165          0          0        333          0          0          0          0          0          0          0
  integral         :          0          0          0          0        165          0          0        333          0         28         41          0          0          5        192
  knapsack         :          3          3          0         51          0          0          0        331          0          0          0          0          0          0          0
  linear           :         61+        67          0         51          0          0          0        331          0          0          0          0          0          0          0
  benders          :          0          0          0          0          0          0          0        311          0          0          0          0          0          0          0
  fixedvar         :          0          0          0          0          0          0          0        311          0          0          0          0          0          0          0
  countsols        :          0          0          0          0          0          0          0        311          0          0          0          0          0          0          0
  components       :          0          0          0          0          0          0          0          0          0          0          0          0          0          0          0
Constraint Timings :  TotalTime  SetupTime   Separate  Propagate     EnfoLP     EnfoPS     EnfoRelax   Check    ResProp    SB-Prop
  benderslp        :       0.00       0.00       0.00       0.00       0.00       0.00       0.00       0.00       0.00       0.00
  integral         :   35737.35       0.00       0.00       0.00   35737.35       0.00       0.00       0.00       0.00       0.00
  knapsack         :       0.00       0.00       0.00       0.00       0.00       0.00       0.00       0.00       0.00       0.00
  linear           :       0.01       0.00       0.01       0.00       0.00       0.00       0.00       0.00       0.00       0.00
  benders          :       0.00       0.00       0.00       0.00       0.00       0.00       0.00       0.00       0.00       0.00
  fixedvar         :       0.00       0.00       0.00       0.00       0.00       0.00       0.00       0.00       0.00       0.00
  countsols        :       0.00       0.00       0.00       0.00       0.00       0.00       0.00       0.00       0.00       0.00
  components       :       0.00       0.00       0.00       0.00       0.00       0.00       0.00       0.00       0.00       0.00
Propagators        : #Propagate   #ResProp    Cutoffs    DomReds
  dualfix          :          1          0          0          0
  genvbounds       :          0          0          0          0
  nlobbt           :          0          0          0          0
  obbt             :          0          0          0          0
  probing          :          0          0          0          0
  pseudoobj        :          3          0          0          0
  redcost          :          2          0          0          0
  rootredcost      :          0          0          0          0
  symmetry         :          0          0          0          0
  vbounds          :          0          0          0          0
Propagator Timings :  TotalTime  SetupTime   Presolve  Propagate    ResProp    SB-Prop
  dualfix          :       0.00       0.00       0.00       0.00       0.00       0.00
  genvbounds       :       0.00       0.00       0.00       0.00       0.00       0.00
  nlobbt           :       0.00       0.00       0.00       0.00       0.00       0.00
  obbt             :       0.00       0.00       0.00       0.00       0.00       0.00
  probing          :       0.00       0.00       0.00       0.00       0.00       0.00
  pseudoobj        :       0.00       0.00       0.00       0.00       0.00       0.00
  redcost          :       0.00       0.00       0.00       0.00       0.00       0.00
  rootredcost      :       0.00       0.00       0.00       0.00       0.00       0.00
  symmetry         :       0.00       0.00       0.00       0.00       0.00       0.00
  vbounds          :       0.00       0.00       0.00       0.00       0.00       0.00
Symmetry           :
  orbitopal red.   :          0 reductions applied,          0 cutoffs
  orbital reduction:          0 reductions applied,          0 cutoffs
  lexicographic red:          0 reductions applied,          0 cutoffs
  shadow tree time :       0.00 s
Conflict Analysis  :       Time      Calls    Success    DomReds  Conflicts   Literals    Reconvs ReconvLits   Dualrays   Nonzeros   LP Iters   (pool size: [--,--])
  propagation      :       0.00          0          0          -          0        0.0          0        0.0          -          -          -
  infeasible LP    :       0.00          0          0          -          0        0.0          0        0.0          0        0.0          0
  bound exceed. LP :       0.00          0          0          -          0        0.0          0        0.0          0        0.0          0
  strong branching :       0.00          0          0          -          0        0.0          0        0.0          -          -          0
  pseudo solution  :       0.00          0          0          -          0        0.0          0        0.0          -          -          -
  applied globally :       0.00          -          -          0          0        0.0          -          -          0          -          -
  applied locally  :          -          -          -          0          0        0.0          -          -          0          -          -
Separators         :   ExecTime  SetupTime      Calls  RootCalls    Cutoffs    DomReds  FoundCuts ViaPoolAdd  DirectAdd    Applied ViaPoolApp  DirectApp      Conss
  cut pool         :       0.00          -          0          0          -          -          0          0          -          -          -          -          -    (maximal pool size:          0)
  aggregation      :       0.00       0.00          0          0          0          0          0          0          0          0          0          0          0
  > cmir           :          -          -          -          -          -          -          -          0          0          0          0          0          -
  > flowcover      :          -          -          -          -          -          -          -          0          0          0          0          0          -
  > knapsackcover  :          -          -          -          -          -          -          -          0          0          0          0          0          -
  cgmip            :       0.00       0.00          0          0          0          0          0          0          0          0          0          0          0
  clique           :       0.00       0.00          0          0          0          0          0          0          0          0          0          0          0
  closecuts        :       0.00       0.00          0          0          0          0          0          0          0          0          0          0          0
  convexproj       :       0.00       0.00          0          0          0          0          0          0          0          0          0          0          0
  disjunctive      :       0.00       0.00          0          0          0          0          0          0          0          0          0          0          0
  eccuts           :       0.00       0.00          0          0          0          0          0          0          0          0          0          0          0
  gauge            :       0.00       0.00          0          0          0          0          0          0          0          0          0          0          0
  gomory           :       0.00       0.00          0          0          0          0          0          0          0          0          0          0          0
  > gomorymi       :          -          -          -          -          -          -          -          0          0          0          0          0          -
  > strongcg       :          -          -          -          -          -          -          -          0          0          0          0          0          -
  impliedbounds    :       0.00       0.00          0          0          0          0          0          0          0          0          0          0          0
  interminor       :       0.00       0.00          0          0          0          0          0          0          0          0          0          0          0
  intobj           :       0.00       0.00          0          0          0          0          0          0          0          0          0          0          0
  lagromory        :       0.00       0.00          0          0          0          0          0          0          0          0          0          0          0
  mcf              :       0.00       0.00          0          0          0          0          0          0          0          0          0          0          0
  minor            :       0.00       0.00          0          0          0          0          0          0          0          0          0          0          0
  mixing           :       0.00       0.00          0          0          0          0          0          0          0          0          0          0          0
  oddcycle         :       0.00       0.00          0          0          0          0          0          0          0          0          0          0          0
  rapidlearning    :       0.00       0.00          0          0          0          0          0          0          0          0          0          0          0
  rlt              :       0.00       0.00          0          0          0          0          0          0          0          0          0          0          0
  zerohalf         :       0.00       0.00          0          0          0          0          0          0          0          0          0          0          0
Cutselectors       :   ExecTime  SetupTime      Calls  RootCalls   Selected     Forced   Filtered  RootSelec   RootForc   RootFilt 
  hybrid           :       0.00       0.00          0          0          0          0          0          0          0          0
  ensemble         :       0.00       0.00          0          0          0          0          0          0          0          0
  dynamic          :       0.00       0.00          0          0          0          0          0          0          0          0
Pricers            :   ExecTime  SetupTime      Calls       Vars
  problem variables:       0.00          -          0          0
Branching Rules    :   ExecTime  SetupTime   BranchLP  BranchExt   BranchPS    Cutoffs    DomReds       Cuts      Conss   Children
  allfullstrong    :       0.00       0.00          0          0          0          0          0          0          0          0
  cloud            :       0.00       0.00          0          0          0          0          0          0          0          0
  distribution     :       0.00       0.00          0          0          0          0          0          0          0          0
  fullstrong       :       0.00       0.00          0          0          0          0          0          0          0          0
  general_disjuncti:   35737.35       0.00        165          0          0         28         41          0          5         30
  GeneralDisjunction(extra): subMILPs=2426 fairNodes of all MILPs=25126917 probingLPs=882
  gomory           :       0.00       0.00          0          0          0          0          0          0          0          0
  inference        :       0.00       0.00          0          0          0          0          0          0          0          0
  leastinf         :       0.00       0.00          0          0          0          0          0          0          0          0
  lookahead        :       0.00       0.00          0          0          0          0          0          0          0          0
  mostinf          :       0.00       0.00          0          0          0          0          0          0          0          0
  multaggr         :       0.00       0.00          0          0          0          0          0          0          0          0
  nodereopt        :       0.00       0.00          0          0          0          0          0          0          0          0
  pscost           :       0.00       0.00          0          0          0          0          0          0          0          0
  random           :       0.00       0.00          0          0          0          0          0          0          0          0
  relpscost        :       0.00       0.00         81          0          0          0          0          0          0        162
  vanillafullstrong:       0.00       0.00          0          0          0          0          0          0          0          0
Primal Heuristics  :   ExecTime  SetupTime      Calls      Found       Best
  LP solutions     :       0.00          -          -          0          0
  relax solutions  :       0.00          -          -          0          0
  pseudo solutions :       0.00          -          -          0          0
  strong branching :       0.01          -          -        309          0
  actconsdiving    :       0.00       0.00          0          0          0
  adaptivediving   :       0.00       0.00          0          0          0
  alns             :       0.00       0.00          0          0          0
  bound            :       0.00       0.00          0          0          0
  clique           :       0.00       0.00          0          0          0
  coefdiving       :       0.00       0.00          0          0          0
  completesol      :       0.00       0.00          0          0          0
  conflictdiving   :       0.00       0.00          0          0          0
  crossover        :       0.00       0.00          0          0          0
  dins             :       0.00       0.00          0          0          0
  distributiondivin:       0.00       0.00          0          0          0
  dps              :       0.00       0.00          0          0          0
  dualval          :       0.00       0.00          0          0          0
  farkasdiving     :       0.00       0.00          0          0          0
  feaspump         :       0.00       0.00          0          0          0
  fixandinfer      :       0.00       0.00          0          0          0
  fracdiving       :       0.00       0.00          0          0          0
  gins             :       0.00       0.00          0          0          0
  guideddiving     :       0.00       0.00          0          0          0
  indicator        :       0.00       0.00          0          0          0
  indicatordiving  :       0.00       0.00          0          0          0
  intdiving        :       0.00       0.00          0          0          0
  intshifting      :       0.00       0.00          0          0          0
  linesearchdiving :       0.00       0.00          0          0          0
  localbranching   :       0.00       0.00          0          0          0
  locks            :       0.00       0.00          0          0          0
  lpface           :       0.00       0.00          0          0          0
  mpec             :       0.00       0.00          0          0          0
  multistart       :       0.00       0.00          0          0          0
  mutation         :       0.00       0.00          0          0          0
  nlpdiving        :       0.00       0.00          0          0          0
  objpscostdiving  :       0.00       0.00          0          0          0
  octane           :       0.00       0.00          0          0          0
  ofins            :       0.00       0.00          0          0          0
  oneopt           :       0.00       0.00          0          0          0
  padm             :       0.00       0.00          0          0          0
  proximity        :       0.00       0.00          0          0          0
  pscostdiving     :       0.00       0.00          0          0          0
  randrounding     :       0.00       0.00          0          0          0
  rens             :       0.00       0.00          0          0          0
  reoptsols        :       0.00       0.00          0          0          0
  repair           :       0.00       0.00          0          0          0
  rins             :       0.00       0.00          0          0          0
  rootsoldiving    :       0.00       0.00          0          0          0
  rounding         :       0.00       0.00          0          0          0
  scheduler        :       0.00       0.00          0          0          0
  shiftandpropagate:       0.00       0.00          0          0          0
  shifting         :       0.00       0.00          0          0          0
  simplerounding   :       0.00       0.00          0          0          0
  subnlp           :       0.00       0.00          0          0          0
  trivial          :       0.00       0.00          0          0          0
  trivialnegation  :       0.00       0.00          0          0          0
  trustregion      :       0.00       0.00          0          0          0
  trysol           :       0.00       0.00          0          0          0
  twoopt           :       0.00       0.00          0          0          0
  undercover       :       0.00       0.00          0          0          0
  vbounds          :       0.00       0.00          0          0          0
  veclendiving     :       0.00       0.00          0          0          0
  zeroobj          :       0.00       0.00          0          0          0
  zirounding       :       0.00       0.00          0          0          0
  other solutions  :          -          -          -          1          -
LNS (Scheduler)    :      Calls  SetupTime  SolveTime SolveNodes       Sols       Best       Exp3    Exp3-IX  EpsGreedy        UCB TgtFixRate  Opt  Inf Node Stal  Sol  Usr Othr Actv
  rens             :          0       0.00       0.00          0          0          0    0.00000    0.12500   -1.00000    1.00000      0.900    0    0    0    0    0    0    0    1
  rins             :          0       0.00       0.00          0          0          0    0.00000    0.12500   -1.00000    1.00000      0.900    0    0    0    0    0    0    0    1
  mutation         :          0       0.00       0.00          0          0          0    0.00000    0.12500   -1.00000    1.00000      0.900    0    0    0    0    0    0    0    1
  localbranching   :          0       0.00       0.00          0          0          0    0.00000    0.12500   -1.00000    1.00000      0.900    0    0    0    0    0    0    0    1
  crossover        :          0       0.00       0.00          0          0          0    0.00000    0.12500   -1.00000    1.00000      0.900    0    0    0    0    0    0    0    1
  proximity        :          0       0.00       0.00          0          0          0    0.00000    0.12500   -1.00000    1.00000      0.900    0    0    0    0    0    0    0    1
  zeroobjective    :          0       0.00       0.00          0          0          0    0.00000    0.12500   -1.00000    1.00000      0.900    0    0    0    0    0    0    0    1
  dins             :          0       0.00       0.00          0          0          0    0.00000    0.12500   -1.00000    1.00000      0.900    0    0    0    0    0    0    0    1
  trustregion      :          0       0.00       0.00          0          0          0    0.00000    0.00000   -1.00000    1.00000      0.900    0    0    0    0    0    0    0    0
LP                 :       Time      Calls Iterations  Iter/call   Iter/sec  Time-0-It Calls-0-It    ItLimit
  primal LP        :       0.00          0          0       0.00          -       0.00          0
  dual LP          :       0.14        176       1314       7.47    9643.54       0.00          0
  lex dual LP      :       0.00          0          0       0.00          -
  barrier LP       :       0.00          0          0       0.00          -       0.00          0
  resolve instable :       0.00          0          0       0.00          -
  diving/probing LP:       0.23        882       4078       4.62   17490.36
  strong branching :       0.12        284       3781      13.31   31948.69          -          -         53
    (at root node) :          -         35        617      17.63          -
  conflict analysis:       0.00          0          0       0.00          -
B&B Tree           :
  number of runs   :          1
  nodes            :        135 (96 internal, 39 leaves)
  feasible leaves  :          0
  infeas. leaves   :         28
  objective leaves :         10
  nodes (total)    :        135 (96 internal, 39 leaves)
  nodes left       :         59
  max depth        :         18
  max depth (total):         18
  backtracks       :         10 (7.4%)
  early backtracks :          0 (0.0%)
  nodes exc. ref.  :          0 (0.0%)
  delayed cutoffs  :          0
  repropagations   :          0 (0 domain reductions, 0 cutoffs)
  avg switch length:       2.01
  switching time   :       0.00
Root Node          :
  First LP value   : +1.30000000000000e+01
  First LP Iters   :         37 (396.04 Iter/sec)
  First LP Time    :       0.09
  Final Dual Bound : +1.31666666666667e+01
  Final Root Iters :         37
  Root LP Estimate : +1.36735325296383e+01
Solution           :
  Solutions found  :        310 (1 improvements)
  First Solution   : +1.50000000000000e+01   (in run 0, after 0 nodes, 0.00 seconds, depth -1, found by <initial>)
  Gap First Sol.   :   infinite
  Gap Last Sol.    :   infinite
  Primal Bound     : +1.50000000000000e+01   (in run 0, after 0 nodes, 0.00 seconds, depth -1, found by <initial>)
  Dual Bound       : +1.37500000000000e+01
  Gap              :       9.09 %
Integrals          :      Total       Avg%
  primal-dual      :  424885.67      11.89
  primal-ref       :          -          - (not evaluated)
  dual-ref         :          -          - (not evaluated)
