SCIP version 9.2.2 [precision: 8 byte] [memory: block] [mode: optimized] [LP solver: CPLEX 12.10.0.0] [GitHash: 416226a4f8]
Copyright (c) 2002-2025 Zuse Institute Berlin (ZIB)

reading parameter file </scratch/htc/yzhou/exp_scipmip/settings/sandbox_gendj.set>

read problem </scratch/htc/yzhou/exp_scipmip/instances/ult_experiments/neos17.mps>
============

original problem has 535 variables (300 bin, 0 int, 0 impl, 235 cont) and 486 constraints
    486 constraints of type <linear>
Reading Time: 0.03

read solution </scratch/htc/yzhou/solutions/neos17.sol>
============

primal solution from solution file </scratch/htc/yzhou/solutions/neos17.sol> was accepted as candidate, will be checked when solving starts
original problem has 535 variables (300 bin, 0 int, 0 impl, 235 cont) and 486 constraints
    486 constraints of type <linear>
Reading Time: 0.05
solve problem
=============
LP Solver <CPLEX 12.10.0.0>: fastmip setting not available -- SCIP parameter has no effect
LP Solver <CPLEX 12.10.0.0>: clock type cannot be set
LP Solver <CPLEX 12.10.0.0>: row representation of the basis not available -- SCIP parameter lp/rowrepswitch has no effect
LP Solver <CPLEX 12.10.0.0>: solution polishing not available -- SCIP parameter lp/solutionpolishing has no effect
LP Solver <CPLEX 12.10.0.0>: refactorization interval not available -- SCIP parameter lp/refactorinterval has no effect
1/1 feasible solution given by solution candidate storage, new primal bound 1.500026e-01

transformed problem has 535 variables (300 bin, 0 int, 0 impl, 235 cont) and 486 constraints
    486 constraints of type <linear>

original problem has 4931 active (1.89647%) nonzeros and 4931 (1.89647%) check nonzeros

presolving:
(round 1, fast)       25 del vars, 0 del conss, 0 add conss, 28 chg bounds, 0 chg sides, 0 chg coeffs, 0 upgd conss, 0 impls, 0 clqs
   (0.0s) probing: 51/299 (17.1%) - 0 fixings, 0 aggregations, 0 implications, 0 bound changes
   (0.0s) probing aborted: 50/50 successive totally useless probings
   (0.0s) dualsparsify: 485 nonzeros canceled
(round 2, exhaustive) 25 del vars, 0 del conss, 0 add conss, 28 chg bounds, 0 chg sides, 486 chg coeffs, 0 upgd conss, 0 impls, 0 clqs
(round 3, fast)       26 del vars, 1 del conss, 0 add conss, 30 chg bounds, 0 chg sides, 500 chg coeffs, 0 upgd conss, 0 impls, 0 clqs
(round 4, fast)       26 del vars, 1 del conss, 0 add conss, 30 chg bounds, 1 chg sides, 501 chg coeffs, 0 upgd conss, 0 impls, 0 clqs
(round 5, fast)       27 del vars, 2 del conss, 0 add conss, 30 chg bounds, 1 chg sides, 507 chg coeffs, 0 upgd conss, 0 impls, 0 clqs
(round 6, fast)       28 del vars, 2 del conss, 0 add conss, 30 chg bounds, 1 chg sides, 507 chg coeffs, 0 upgd conss, 0 impls, 0 clqs
   (0.0s) probing: 56/299 (18.7%) - 0 fixings, 0 aggregations, 0 implications, 0 bound changes
   (0.0s) probing aborted: 50/50 successive totally useless probings
   (0.0s) dualsparsify: 206 nonzeros canceled
(round 7, exhaustive) 28 del vars, 2 del conss, 0 add conss, 30 chg bounds, 1 chg sides, 714 chg coeffs, 0 upgd conss, 0 impls, 0 clqs
(round 8, exhaustive) 28 del vars, 2 del conss, 0 add conss, 31 chg bounds, 1 chg sides, 716 chg coeffs, 0 upgd conss, 0 impls, 0 clqs
(round 9, exhaustive) 28 del vars, 2 del conss, 0 add conss, 31 chg bounds, 1 chg sides, 716 chg coeffs, 2 upgd conss, 0 impls, 0 clqs
   (0.0s) probing: 61/299 (20.4%) - 0 fixings, 0 aggregations, 0 implications, 0 bound changes
   (0.0s) probing aborted: 50/50 successive totally useless probings
   (0.0s) symmetry computation started: requiring (bin +, int +, cont +), (fixed: bin -, int -, cont -)
   (0.1s) symmetry computation finished: 3 generators found (max: 1500, log10 of symmetry group size: 0.0) (symcode time: 0.00)
dynamic symmetry handling statistics:
   orbitopal reduction:       no components
   orbital reduction:         no components
   lexicographic reduction:   no permutations
handled 3 out of 3 symmetry components
(round 10, exhaustive) 28 del vars, 2 del conss, 3 add conss, 31 chg bounds, 1 chg sides, 716 chg coeffs, 2 upgd conss, 2 impls, 3 clqs
(round 11, exhaustive) 28 del vars, 2 del conss, 3 add conss, 31 chg bounds, 1 chg sides, 716 chg coeffs, 5 upgd conss, 2 impls, 3 clqs
clique table cleanup detected 0 bound changes

presolved problem has 2436 active (0.984577%) nonzeros and 2436 (0.984577%) check nonzeros

presolving (12 rounds: 12 fast, 7 medium, 7 exhaustive):
 28 deleted vars, 2 deleted constraints, 3 added constraints, 31 tightened bounds, 0 added holes, 1 changed sides, 716 changed coefficients
 2 implications, 3 cliques
presolved problem has 507 variables (298 bin, 0 int, 0 impl, 209 cont) and 488 constraints
      2 constraints of type <varbound>
      3 constraints of type <setppc>
    483 constraints of type <linear>
Presolving Time: 0.05

 time | node  | left  |LP iter|LP it/n|mem/heur|mdpt |vars |cons |rows |cuts |sepa|confs|strbr|  dualbound   | primalbound  |  gap   | compl. 
  0.1s|     1 |     0 |   455 |     - |    11M |   0 | 507 | 488 | 488 |   0 |  0 |   0 |   0 | 6.815484e-04 | 1.500026e-01 |  Large | unknown
_____________________________________
Now starting branching with general disjunction
Current branching Node number: 1
LP objective value: 0.000681548
Node lower bound: 0.00100902
Node upper bound: 0.150003
gap to the primal bound: 147.661
Preck submodel is infeasible, continue branching
General disjunction: No feasible solution found, use SCIP default branching rule
  2.4s|     1 |     2 |   455 |     - |    11M |   0 | 507 | 488 | 488 |   0 |  1 |   0 |  69 | 1.009025e-03 | 1.500026e-01 |  Large | unknown
_____________________________________
Now starting branching with general disjunction
Current branching Node number: 3
LP objective value: 0.0178757
Node lower bound: 0.0182046
Node upper bound: 0.150003
gap to the primal bound: 147.661
Preck submodel is infeasible, continue branching
General disjunction: No feasible solution found, use SCIP default branching rule
_____________________________________
Now starting branching with general disjunction
Current branching Node number: 5
LP objective value: 0.0406401
Node lower bound: 0.0407941
Node upper bound: 0.150003
gap to the primal bound: 147.661
Preck submodel is infeasible, continue branching
General disjunction: No feasible solution found, use SCIP default branching rule
_____________________________________
Now starting branching with general disjunction
Current branching Node number: 7
LP objective value: 0.063406
Node lower bound: 0.0634873
Node upper bound: 0.150003
gap to the primal bound: 147.661
Preck submodel is infeasible, continue branching
General disjunction: No feasible solution found, use SCIP default branching rule
_____________________________________
Now starting branching with general disjunction
Current branching Node number: 9
LP objective value: 0.0764
Node lower bound: 0.0765043
Node upper bound: 0.150003
gap to the primal bound: 147.661
Preck submodel is infeasible, continue branching
General disjunction: No feasible solution found, use SCIP default branching rule
_____________________________________
Now starting branching with general disjunction
Current branching Node number: 11
LP objective value: 0.0848431
Node lower bound: 0.0851874
Node upper bound: 0.150003
gap to the primal bound: 147.661
Preck submodel is infeasible, continue branching
General disjunction: No feasible solution found, use SCIP default branching rule
_____________________________________
Now starting branching with general disjunction
Current branching Node number: 13
LP objective value: 0.0852895
Node lower bound: 0.0853726
Node upper bound: 0.150003
gap to the primal bound: 147.661
Preck submodel is infeasible, continue branching
General disjunction: No feasible solution found, use SCIP default branching rule
_____________________________________
Now starting branching with general disjunction
Current branching Node number: 15
LP objective value: 0.0919561
Node lower bound: 0.0920062
Node upper bound: 0.150003
gap to the primal bound: 147.661
Preck submodel is infeasible, continue branching
General disjunction: No feasible solution found, use SCIP default branching rule
_____________________________________
Now starting branching with general disjunction
Current branching Node number: 17
LP objective value: 0.0977345
Node lower bound: 0.0977567
Node upper bound: 0.150003
gap to the primal bound: 147.661
Preck submodel is infeasible, continue branching
General disjunction: No feasible solution found, use SCIP default branching rule
_____________________________________
Now starting branching with general disjunction
Current branching Node number: 19
LP objective value: 0.103513
Node lower bound: 0.103736
Node upper bound: 0.150003
gap to the primal bound: 147.661
Preck submodel is infeasible, continue branching
General disjunction: No feasible solution found, use SCIP default branching rule
_____________________________________
Now starting branching with general disjunction
Current branching Node number: 21
LP objective value: 0.103959
Node lower bound: 0.104043
Node upper bound: 0.150003
gap to the primal bound: 147.661
Preck submodel is infeasible, continue branching
General disjunction: No feasible solution found, use SCIP default branching rule
_____________________________________
Now starting branching with general disjunction
Current branching Node number: 23
LP objective value: 0.107961
Node lower bound: 0.108047
Node upper bound: 0.150003
gap to the primal bound: 147.661
Preck submodel is infeasible, continue branching
Time limit exceeded (1653s), stopping submodel solve loop
General disjunction: No feasible solution found, use SCIP default branching rule
_____________________________________
Now starting branching with general disjunction
Current branching Node number: 25
LP objective value: 0.109734
Node lower bound: 0.109804
Node upper bound: 0.150003
gap to the primal bound: 147.661
Preck submodel is infeasible, continue branching
Time limit exceeded (1413.28s), stopping submodel solve loop
General disjunction: No feasible solution found, use SCIP default branching rule
_____________________________________
Now starting branching with general disjunction
Current branching Node number: 27
LP objective value: 0.113287
Node lower bound: 0.113503
Node upper bound: 0.150003
gap to the primal bound: 147.661
Preck submodel is infeasible, continue branching
Time limit exceeded (1052.48s), stopping submodel solve loop
General disjunction: No feasible solution found, use SCIP default branching rule
_____________________________________
Now starting branching with general disjunction
Current branching Node number: 29
LP objective value: 0.114174
Node lower bound: 0.114393
Node upper bound: 0.150003
gap to the primal bound: 147.661
Preck submodel is infeasible, continue branching
Time limit exceeded (1770.51s), stopping submodel solve loop
General disjunction: No feasible solution found, use SCIP default branching rule
_____________________________________
Now starting branching with general disjunction
Current branching Node number: 4
Relpscost reduced domain, skip general disjunction branching
_____________________________________
Now starting branching with general disjunction
Current branching Node number: 4
Relpscost reduced domain, skip general disjunction branching
_____________________________________
Now starting branching with general disjunction
Current branching Node number: 4
Relpscost reduced domain, skip general disjunction branching
_____________________________________
Now starting branching with general disjunction
Current branching Node number: 4
LP objective value: 0.0246106
Node lower bound: 0.024761
Node upper bound: 0.150003
gap to the primal bound: 147.661
Preck submodel is infeasible, continue branching
Time limit exceeded (1685.37s), stopping submodel solve loop
General disjunction: No feasible solution found, use SCIP default branching rule
_____________________________________
Now starting branching with general disjunction
Current branching Node number: 4
LP objective value: 0.0268525
Node lower bound: 0.027002
Node upper bound: 0.150003
gap to the primal bound: 147.661
Preck submodel is infeasible, continue branching
Time limit exceeded (1005.29s), stopping submodel solve loop
General disjunction: No feasible solution found, use SCIP default branching rule
_____________________________________
Now starting branching with general disjunction
Current branching Node number: 33
LP objective value: 0.0401857
Node lower bound: 0.0403455
Node upper bound: 0.150003
gap to the primal bound: 147.661
Preck submodel is infeasible, continue branching
Time limit exceeded (1003.37s), stopping submodel solve loop
General disjunction: No feasible solution found, use SCIP default branching rule
_____________________________________
Now starting branching with general disjunction
Current branching Node number: 35
LP objective value: 0.0459642
Node lower bound: 0.0459642
Node upper bound: 0.150003
gap to the primal bound: 147.661
Preck submodel is infeasible, continue branching
Time limit exceeded (1003.98s), stopping submodel solve loop
General disjunction: No feasible solution found, use SCIP default branching rule
_____________________________________
Now starting branching with general disjunction
Current branching Node number: 37
LP objective value: 0.079497
Node lower bound: 0.0796621
Node upper bound: 0.150003
gap to the primal bound: 147.661
Preck submodel is infeasible, continue branching
Time limit exceeded (1001.15s), stopping submodel solve loop
General disjunction: No feasible solution found, use SCIP default branching rule
_____________________________________
Now starting branching with general disjunction
Current branching Node number: 39
LP objective value: 0.0821564
Node lower bound: 0.0821564
Node upper bound: 0.150003
gap to the primal bound: 147.661
Preck submodel is infeasible, continue branching
Time limit exceeded (1000.96s), stopping submodel solve loop
General disjunction: No feasible solution found, use SCIP default branching rule
_____________________________________
Now starting branching with general disjunction
Current branching Node number: 41
LP objective value: 0.088823
Node lower bound: 0.088823
Node upper bound: 0.150003
gap to the primal bound: 147.661
Preck submodel is infeasible, continue branching
Time limit exceeded (1007.21s), stopping submodel solve loop
General disjunction: No feasible solution found, use SCIP default branching rule
_____________________________________
Now starting branching with general disjunction
Current branching Node number: 43
LP objective value: 0.0946014
Node lower bound: 0.0946974
Node upper bound: 0.150003
gap to the primal bound: 147.661
Preck submodel is infeasible, continue branching
Time limit exceeded (1009.6s), stopping submodel solve loop
General disjunction: No feasible solution found, use SCIP default branching rule
_____________________________________
Now starting branching with general disjunction
Current branching Node number: 45
LP objective value: 0.0977152
Node lower bound: 0.0977152
Node upper bound: 0.150003
gap to the primal bound: 147.661
Preck submodel is infeasible, continue branching
Time limit exceeded (1200.78s), stopping submodel solve loop
General disjunction: No feasible solution found, use SCIP default branching rule
_____________________________________
Now starting branching with general disjunction
Current branching Node number: 47
LP objective value: 0.10038
Node lower bound: 0.10038
Node upper bound: 0.150003
gap to the primal bound: 147.661
Preck submodel is infeasible, continue branching
Time limit exceeded (1009.5s), stopping submodel solve loop
General disjunction: No feasible solution found, use SCIP default branching rule
_____________________________________
Now starting branching with general disjunction
Current branching Node number: 49
LP objective value: 0.102153
Node lower bound: 0.102153
Node upper bound: 0.150003
gap to the primal bound: 147.661
Preck submodel is infeasible, continue branching
Time limit exceeded (1919.73s), stopping submodel solve loop
General disjunction: No feasible solution found, use SCIP default branching rule
_____________________________________
Now starting branching with general disjunction
Current branching Node number: 51
LP objective value: 0.107931
Node lower bound: 0.107931
Node upper bound: 0.150003
gap to the primal bound: 147.661
Preck submodel is infeasible, continue branching
Time limit exceeded (1000.89s), stopping submodel solve loop
General disjunction: No feasible solution found, use SCIP default branching rule
_____________________________________
Now starting branching with general disjunction
Current branching Node number: 53
LP objective value: 0.120925
Node lower bound: 0.120925
Node upper bound: 0.150003
gap to the primal bound: 147.661
Preck submodel is infeasible, continue branching
Time limit exceeded (1010.43s), stopping submodel solve loop
General disjunction: No feasible solution found, use SCIP default branching rule
_____________________________________
Now starting branching with general disjunction
Current branching Node number: 55
LP objective value: 0.129368
Node lower bound: 0.129368
Node upper bound: 0.150003
gap to the primal bound: 147.661
Preck submodel is infeasible, continue branching
Time limit exceeded (1007.13s), stopping submodel solve loop
General disjunction: No feasible solution found, use SCIP default branching rule
_____________________________________
Now starting branching with general disjunction
Current branching Node number: 32
LP objective value: 0.0269349
Node lower bound: 0.027002
Node upper bound: 0.150003
gap to the primal bound: 147.661
Preck submodel is infeasible, continue branching
Time limit exceeded (1082.82s), stopping submodel solve loop
General disjunction: No feasible solution found, use SCIP default branching rule
_____________________________________
Now starting branching with general disjunction
Current branching Node number: 59
LP objective value: 0.0886517
Node lower bound: 0.0887072
Node upper bound: 0.150003
gap to the primal bound: 147.661
Preck submodel is infeasible, continue branching
Time limit exceeded (1075.35s), stopping submodel solve loop
General disjunction: No feasible solution found, use SCIP default branching rule
_____________________________________
Now starting branching with general disjunction
Current branching Node number: 61
LP objective value: 0.0891004
Node lower bound: 0.0891004
Node upper bound: 0.150003
gap to the primal bound: 147.661
Preck submodel is infeasible, continue branching
Time limit exceeded (1556.72s), stopping submodel solve loop
General disjunction: No feasible solution found, use SCIP default branching rule
_____________________________________
Now starting branching with general disjunction
Current branching Node number: 63
LP objective value: 0.12263
Node lower bound: 0.122633
Node upper bound: 0.150003
gap to the primal bound: 147.661
Preck submodel is infeasible, continue branching
Time limit exceeded (1132.4s), stopping submodel solve loop
General disjunction: No feasible solution found, use SCIP default branching rule
_____________________________________
Now starting branching with general disjunction
Current branching Node number: 65
LP objective value: 0.123078
Node lower bound: 0.123079
Node upper bound: 0.150003
gap to the primal bound: 147.661
Preck submodel is infeasible, continue branching
Time limit exceeded (1060.11s), stopping submodel solve loop
General disjunction: No feasible solution found, use SCIP default branching rule
_____________________________________
Now starting branching with general disjunction
Current branching Node number: 67
LP objective value: 0.123524
Node lower bound: 0.1236
Node upper bound: 0.150003
gap to the primal bound: 147.661
Preck submodel is infeasible, continue branching
Time limit exceeded (1216.38s), stopping submodel solve loop
General disjunction: No feasible solution found, use SCIP default branching rule
_____________________________________
Now starting branching with general disjunction
Current branching Node number: 69
LP objective value: 0.123971
Node lower bound: 0.123971
Node upper bound: 0.150003
gap to the primal bound: 147.661
Preck submodel is infeasible, continue branching
Time limit exceeded (1090.51s), stopping submodel solve loop
General disjunction: No feasible solution found, use SCIP default branching rule
_____________________________________
Now starting branching with general disjunction
Current branching Node number: 70
Relpscost reduced domain, skip general disjunction branching
_____________________________________
Now starting branching with general disjunction
Current branching Node number: 71
LP objective value: 0.124417
Node lower bound: 0.124417
Node upper bound: 0.150003
gap to the primal bound: 147.661
Preck submodel is infeasible, continue branching
Time limit exceeded (1221.06s), stopping submodel solve loop
General disjunction: No feasible solution found, use SCIP default branching rule
_____________________________________
Now starting branching with general disjunction
Current branching Node number: 73
LP objective value: 0.124862
Node lower bound: 0.124862
Node upper bound: 0.150003
gap to the primal bound: 147.661
Preck submodel is infeasible, continue branching
Time limit exceeded (1850.11s), stopping submodel solve loop
General disjunction: No feasible solution found, use SCIP default branching rule
_____________________________________
Now starting branching with general disjunction
Current branching Node number: 75
LP objective value: 0.126636
Node lower bound: 0.126636
Node upper bound: 0.150003
gap to the primal bound: 147.661
Preck submodel is infeasible, continue branching
Time limit exceeded (1859.5s), stopping submodel solve loop
General disjunction: No feasible solution found, use SCIP default branching rule
_____________________________________
Now starting branching with general disjunction
Current branching Node number: 77
Relpscost reduced domain, skip general disjunction branching
_____________________________________
Now starting branching with general disjunction
Current branching Node number: 77
LP objective value: 0.139614
Node lower bound: 0.139614
Node upper bound: 0.150003
gap to the primal bound: 147.661
Preck submodel is infeasible, continue branching
Time limit exceeded (1167.68s), stopping submodel solve loop
General disjunction: No feasible solution found, use SCIP default branching rule
_____________________________________
Now starting branching with general disjunction
Current branching Node number: 79
LP objective value: 0.14006
Node lower bound: 0.14006
Node upper bound: 0.150003
gap to the primal bound: 147.661
Preck submodel is infeasible, continue branching
Time limit exceeded (1098.09s), stopping submodel solve loop
General disjunction: No feasible solution found, use SCIP default branching rule
_____________________________________
Now starting branching with general disjunction
Current branching Node number: 58
LP objective value: 0.0269596
Node lower bound: 0.0271822
Node upper bound: 0.150003
gap to the primal bound: 147.661
Preck submodel is infeasible, continue branching
Time limit exceeded (1936.75s), stopping submodel solve loop
General disjunction: No feasible solution found, use SCIP default branching rule
_____________________________________
Now starting branching with general disjunction
Current branching Node number: 58
Relpscost reduced domain, skip general disjunction branching
_____________________________________
Now starting branching with general disjunction
Current branching Node number: 58
Relpscost reduced domain, skip general disjunction branching
_____________________________________
Now starting branching with general disjunction
Current branching Node number: 58
Relpscost reduced domain, skip general disjunction branching
_____________________________________
Now starting branching with general disjunction
Current branching Node number: 58
Relpscost reduced domain, skip general disjunction branching
_____________________________________
Now starting branching with general disjunction
Current branching Node number: 58
Relpscost reduced domain, skip general disjunction branching
_____________________________________
Now starting branching with general disjunction
Current branching Node number: 58
Relpscost reduced domain, skip general disjunction branching
_____________________________________
Now starting branching with general disjunction
Current branching Node number: 58
Relpscost reduced domain, skip general disjunction branching
_____________________________________
Now starting branching with general disjunction
Current branching Node number: 58
Relpscost reduced domain, skip general disjunction branching
_____________________________________
Now starting branching with general disjunction
Current branching Node number: 58
LP objective value: 0.0568114
Node lower bound: 0.0568405
Node upper bound: 0.150003
gap to the primal bound: 147.661
Preck submodel is infeasible, continue branching
Time limit exceeded (1031.73s), stopping submodel solve loop
General disjunction: No feasible solution found, use SCIP default branching rule
_____________________________________
Now starting branching with general disjunction
Current branching Node number: 83
LP objective value: 0.0710471
Node lower bound: 0.0710765
Node upper bound: 0.150003
gap to the primal bound: 147.661
Preck submodel is infeasible, continue branching
Time limit exceeded (1125.7s), stopping submodel solve loop
General disjunction: No feasible solution found, use SCIP default branching rule
_____________________________________
Now starting branching with general disjunction
Current branching Node number: 85
LP objective value: 0.104582
Node lower bound: 0.104587
Node upper bound: 0.150003
gap to the primal bound: 147.661
Preck submodel is infeasible, continue branching
Time limit exceeded (1000.18s), stopping submodel solve loop
General disjunction: No feasible solution found, use SCIP default branching rule
_____________________________________
Now starting branching with general disjunction
Current branching Node number: 87
LP objective value: 0.105471
Node lower bound: 0.105477
Node upper bound: 0.150003
gap to the primal bound: 147.661
Preck submodel is infeasible, continue branching
Time limit exceeded (1036.64s), stopping submodel solve loop
General disjunction: No feasible solution found, use SCIP default branching rule
_____________________________________
Now starting branching with general disjunction
Current branching Node number: 89
LP objective value: 0.105917
Node lower bound: 0.105917
Node upper bound: 0.150003
gap to the primal bound: 147.661
Preck submodel is infeasible, continue branching
Time limit exceeded (1197.4s), stopping submodel solve loop
General disjunction: No feasible solution found, use SCIP default branching rule
_____________________________________
Now starting branching with general disjunction
Current branching Node number: 91
LP objective value: 0.106363
Node lower bound: 0.106363
Node upper bound: 0.150003
gap to the primal bound: 147.661
Preck submodel is infeasible, continue branching
Time limit exceeded (1014.46s), stopping submodel solve loop
General disjunction: No feasible solution found, use SCIP default branching rule
_____________________________________
Now starting branching with general disjunction
Current branching Node number: 93
LP objective value: 0.106808
Node lower bound: 0.106808
Node upper bound: 0.150003
gap to the primal bound: 147.661
Preck submodel is infeasible, continue branching
Time limit exceeded (1000.2s), stopping submodel solve loop
General disjunction: No feasible solution found, use SCIP default branching rule
_____________________________________
Now starting branching with general disjunction
Current branching Node number: 95
LP objective value: 0.112592
Node lower bound: 0.112592
Node upper bound: 0.150003
gap to the primal bound: 147.661
Preck submodel is infeasible, continue branching
Time limit exceeded (1193.49s), stopping submodel solve loop
General disjunction: No feasible solution found, use SCIP default branching rule
_____________________________________
Now starting branching with general disjunction
Current branching Node number: 97
LP objective value: 0.113038
Node lower bound: 0.113038
Node upper bound: 0.150003
gap to the primal bound: 147.661
Preck submodel is infeasible, continue branching
Time limit exceeded (1030.26s), stopping submodel solve loop
General disjunction: No feasible solution found, use SCIP default branching rule
_____________________________________
Now starting branching with general disjunction
Current branching Node number: 99
LP objective value: 0.113485
Node lower bound: 0.113485
Node upper bound: 0.150003
gap to the primal bound: 147.661
Preck submodel is infeasible, continue branching
Time limit exceeded (1000.16s), stopping submodel solve loop
General disjunction: No feasible solution found, use SCIP default branching rule
_____________________________________
Now starting branching with general disjunction
Current branching Node number: 101
LP objective value: 0.115255
Node lower bound: 0.11536
Node upper bound: 0.150003
gap to the primal bound: 147.661
Preck submodel is infeasible, continue branching
Time limit exceeded (1003.54s), stopping submodel solve loop
General disjunction: No feasible solution found, use SCIP default branching rule
_____________________________________
Now starting branching with general disjunction
Current branching Node number: 103
LP objective value: 0.115701
Node lower bound: 0.115793
Node upper bound: 0.150003
gap to the primal bound: 147.661
Preck submodel is infeasible, continue branching
Time limit exceeded (1021.61s), stopping submodel solve loop
General disjunction: No feasible solution found, use SCIP default branching rule
_____________________________________
Now starting branching with general disjunction
Current branching Node number: 34
LP objective value: 0.0403172
Node lower bound: 0.0403455
Node upper bound: 0.150003
gap to the primal bound: 147.661
Preck submodel is infeasible, continue branching
Time limit exceeded (1004.44s), stopping submodel solve loop
General disjunction: No feasible solution found, use SCIP default branching rule
_____________________________________
Now starting branching with general disjunction
Current branching Node number: 107
LP objective value: 0.10203
Node lower bound: 0.102053
Node upper bound: 0.150003
gap to the primal bound: 147.661
Preck submodel is infeasible, continue branching
Time limit exceeded (1005.96s), stopping submodel solve loop
General disjunction: No feasible solution found, use SCIP default branching rule
_____________________________________
Now starting branching with general disjunction
Current branching Node number: 109
Relpscost reduced domain, skip general disjunction branching
_____________________________________
Now starting branching with general disjunction
Current branching Node number: 109
LP objective value: 0.13556
Node lower bound: 0.13556
Node upper bound: 0.150003
gap to the primal bound: 147.661
Preck submodel is infeasible, continue branching
Time limit exceeded (1124.61s), stopping submodel solve loop
General disjunction: No feasible solution found, use SCIP default branching rule
_____________________________________
Now starting branching with general disjunction
Current branching Node number: 111
LP objective value: 0.136004
Node lower bound: 0.136004
Node upper bound: 0.150003
gap to the primal bound: 147.661
Preck submodel is infeasible, continue branching
Time limit exceeded (1813.46s), stopping submodel solve loop
General disjunction: No feasible solution found, use SCIP default branching rule
_____________________________________
Now starting branching with general disjunction
Current branching Node number: 113
LP objective value: 0.13645
Node lower bound: 0.13645
Node upper bound: 0.150003
gap to the primal bound: 147.661
Preck submodel is infeasible, continue branching
Time limit exceeded (1396.51s), stopping submodel solve loop
General disjunction: No feasible solution found, use SCIP default branching rule
_____________________________________
Now starting branching with general disjunction
Current branching Node number: 115
LP objective value: 0.139115
Node lower bound: 0.139115
Node upper bound: 0.150003
gap to the primal bound: 147.661
Preck submodel is infeasible, continue branching
Time limit exceeded (1019.64s), stopping submodel solve loop
General disjunction: No feasible solution found, use SCIP default branching rule
_____________________________________
Now starting branching with general disjunction
Current branching Node number: 117
LP objective value: 0.143556
Node lower bound: 0.143626
Node upper bound: 0.150003
gap to the primal bound: 147.661
Preck submodel is infeasible, continue branching
Time limit exceeded (1022.8s), stopping submodel solve loop
General disjunction: No feasible solution found, use SCIP default branching rule
_____________________________________
Now starting branching with general disjunction
Current branching Node number: 119
LP objective value: 0.144003
Node lower bound: 0.144003
Node upper bound: 0.150003
gap to the primal bound: 147.661
Preck submodel is infeasible, continue branching
Time limit exceeded (1030.69s), stopping submodel solve loop
General disjunction: No feasible solution found, use SCIP default branching rule
_____________________________________
Now starting branching with general disjunction
Current branching Node number: 121
LP objective value: 0.144449
Node lower bound: 0.144449
Node upper bound: 0.150003
gap to the primal bound: 147.661
Preck submodel is infeasible, continue branching
Time limit exceeded (1060.8s), stopping submodel solve loop
General disjunction: No feasible solution found, use SCIP default branching rule
_____________________________________
Now starting branching with general disjunction
Current branching Node number: 123
LP objective value: 0.144896
Node lower bound: 0.144896
Node upper bound: 0.150003
gap to the primal bound: 147.661
Preck submodel is infeasible, continue branching
Time limit exceeded (1025.2s), stopping submodel solve loop
General disjunction: No feasible solution found, use SCIP default branching rule
_____________________________________
Now starting branching with general disjunction
Current branching Node number: 125
LP objective value: 0.148449
Node lower bound: 0.148574
Node upper bound: 0.150003
gap to the primal bound: 147.661
Preck submodel is infeasible, continue branching
Time limit exceeded (1671.03s), stopping submodel solve loop
General disjunction: No feasible solution found, use SCIP default branching rule
_____________________________________
Now starting branching with general disjunction
Current branching Node number: 127
LP objective value: 0.148895
Node lower bound: 0.148895
Node upper bound: 0.150003
gap to the primal bound: 147.661
Preck submodel is infeasible, continue branching
Time limit exceeded (1089.21s), stopping submodel solve loop
General disjunction: No feasible solution found, use SCIP default branching rule
_____________________________________
Now starting branching with general disjunction
Current branching Node number: 106
LP objective value: 0.040357
Node lower bound: 0.040357
Node upper bound: 0.150003
gap to the primal bound: 147.661
Preck submodel is infeasible, continue branching
Time limit exceeded (1002.93s), stopping submodel solve loop
General disjunction: No feasible solution found, use SCIP default branching rule
_____________________________________
Now starting branching with general disjunction
Current branching Node number: 131
Relpscost reduced domain, skip general disjunction branching
_____________________________________
Now starting branching with general disjunction
Current branching Node number: 131
LP objective value: 0.0774179
Node lower bound: 0.0774179
Node upper bound: 0.150003
gap to the primal bound: 147.661
Preck submodel is infeasible, continue branching
Time limit exceeded (1005.81s), stopping submodel solve loop
General disjunction: No feasible solution found, use SCIP default branching rule
_____________________________________
Now starting branching with general disjunction
Current branching Node number: 133
LP objective value: 0.0800773
Node lower bound: 0.0800773
Node upper bound: 0.150003
gap to the primal bound: 147.661
Preck submodel is infeasible, continue branching
Time limit exceeded (1006.99s), stopping submodel solve loop
General disjunction: No feasible solution found, use SCIP default branching rule
_____________________________________
Now starting branching with general disjunction
Current branching Node number: 135
LP objective value: 0.0805219
Node lower bound: 0.0805219
Node upper bound: 0.150003
gap to the primal bound: 147.661
Preck submodel is infeasible, continue branching
Time limit exceeded (1003.16s), stopping submodel solve loop
General disjunction: No feasible solution found, use SCIP default branching rule
_____________________________________
Now starting branching with general disjunction
Current branching Node number: 137
LP objective value: 0.0809674
Node lower bound: 0.0809674
Node upper bound: 0.150003
gap to the primal bound: 147.661
Preck submodel is infeasible, continue branching
Time limit exceeded (1006.74s), stopping submodel solve loop
General disjunction: No feasible solution found, use SCIP default branching rule
_____________________________________
Now starting branching with general disjunction
Current branching Node number: 139
LP objective value: 0.081412
Node lower bound: 0.081412
Node upper bound: 0.150003
gap to the primal bound: 147.661
Preck submodel is infeasible, continue branching
Time limit exceeded (1003.76s), stopping submodel solve loop
General disjunction: No feasible solution found, use SCIP default branching rule
_____________________________________
Now starting branching with general disjunction
Current branching Node number: 141
LP objective value: 0.0840766
Node lower bound: 0.0840766
Node upper bound: 0.150003
gap to the primal bound: 147.661
Preck submodel is infeasible, continue branching
Time limit exceeded (1007.66s), stopping submodel solve loop
General disjunction: No feasible solution found, use SCIP default branching rule
_____________________________________
Now starting branching with general disjunction
Current branching Node number: 143
LP objective value: 0.084523
Node lower bound: 0.084523
Node upper bound: 0.150003
gap to the primal bound: 147.661
Preck submodel is infeasible, continue branching
Time limit exceeded (1003.97s), stopping submodel solve loop
General disjunction: No feasible solution found, use SCIP default branching rule
_____________________________________
Now starting branching with general disjunction
Current branching Node number: 145
LP objective value: 0.0858577
Node lower bound: 0.0858577
Node upper bound: 0.150003
gap to the primal bound: 147.661
Preck submodel is infeasible, continue branching
Time limit exceeded (1002.74s), stopping submodel solve loop
General disjunction: No feasible solution found, use SCIP default branching rule
_____________________________________
Now starting branching with general disjunction
Current branching Node number: 147
LP objective value: 0.0902988
Node lower bound: 0.0905106
Node upper bound: 0.150003
gap to the primal bound: 147.661
Preck submodel is infeasible, continue branching
Time limit exceeded (1001.34s), stopping submodel solve loop
General disjunction: No feasible solution found, use SCIP default branching rule
_____________________________________
Now starting branching with general disjunction
Current branching Node number: 149
LP objective value: 0.0907452
Node lower bound: 0.0909696
Node upper bound: 0.150003
gap to the primal bound: 147.661
Preck submodel is infeasible, continue branching
Time limit exceeded (1003.56s), stopping submodel solve loop
General disjunction: No feasible solution found, use SCIP default branching rule
_____________________________________
Now starting branching with general disjunction
Current branching Node number: 151
Relpscost reduced domain, skip general disjunction branching
_____________________________________
Now starting branching with general disjunction
Current branching Node number: 151
LP objective value: 0.091638
Node lower bound: 0.091638
Node upper bound: 0.150003
gap to the primal bound: 147.661
Preck submodel is infeasible, continue branching
Time limit exceeded (1001.58s), stopping submodel solve loop
General disjunction: No feasible solution found, use SCIP default branching rule
_____________________________________
Now starting branching with general disjunction
Current branching Node number: 130
Relpscost reduced domain, skip general disjunction branching
_____________________________________
Now starting branching with general disjunction
Current branching Node number: 130
LP objective value: 0.0434708
Node lower bound: 0.0434708
Node upper bound: 0.150003
gap to the primal bound: 147.661
Preck submodel is infeasible, continue branching
Time limit exceeded (1000.49s), stopping submodel solve loop
General disjunction: No feasible solution found, use SCIP default branching rule
_____________________________________
Now starting branching with general disjunction
Current branching Node number: 155
LP objective value: 0.0461301
Node lower bound: 0.0461301
Node upper bound: 0.150003
gap to the primal bound: 147.661
Preck submodel is infeasible, continue branching
Time limit exceeded (1007.39s), stopping submodel solve loop
General disjunction: No feasible solution found, use SCIP default branching rule
_____________________________________
Now starting branching with general disjunction
Current branching Node number: 157
LP objective value: 0.0465747
Node lower bound: 0.0465747
Node upper bound: 0.150003
gap to the primal bound: 147.661
Preck submodel is infeasible, continue branching
Time limit exceeded (1003.47s), stopping submodel solve loop
General disjunction: No feasible solution found, use SCIP default branching rule

SCIP Status        : solving was interrupted [time limit reached]
Solving Time (sec) : 87280.13
Solving Nodes      : 82
Primal Bound       : +1.50002577423721e-01 (192 solutions)
Dual Bound         : +1.00902488902489e-03
Gap                : 14766.09 %

primal solution:
================

objective value:                    0.150002577423721
D0299                                               1 	(obj:0.00045)
D0001                                               1 	(obj:0.00045)
D0002                                               1 	(obj:0.00045)
D0005                                               1 	(obj:0.00045)
D0006                                               1 	(obj:0.00045)
D0007                                               1 	(obj:0.00134)
D0012                                               1 	(obj:0.00045)
D0017                                               1 	(obj:0.00045)
D0018                                               1 	(obj:0.00045)
D0019                                               1 	(obj:0.00178)
D0020                                               1 	(obj:0.00045)
D0022                                               1 	(obj:0.01723)
D0025                                               1 	(obj:0.00045)
D0026                                               1 	(obj:0.00045)
D0028                                               1 	(obj:0.01302)
D0031                                               1 	(obj:0.00045)
D0034                                               1 	(obj:0.00045)
D0037                                               1 	(obj:0.00045)
D0040                                               1 	(obj:0.00089)
D0045                                               1 	(obj:0.00045)
D0048                                               1 	(obj:0.00045)
D0052                                               1 	(obj:0.00045)
D0053                                               1 	(obj:0.00045)
D0054                                               1 	(obj:0.00045)
D0055                                               1 	(obj:0.00045)
D0057                                               1 	(obj:0.00045)
D0059                                               1 	(obj:0.00846)
D0060                                               1 	(obj:0.00045)
D0062                                               1 	(obj:0.00045)
D0063                                               1 	(obj:0.00312)
D0066                                               1 	(obj:0.00089)
D0067                                               1 	(obj:0.00178)
D0070                                               1 	(obj:0.00134)
D0071                                               1 	(obj:0.00045)
D0073                                               1 	(obj:0.00045)
D0074                                               1 	(obj:0.00045)
D0077                                               1 	(obj:0.00045)
D0079                                               1 	(obj:0.00045)
D0081                                               1 	(obj:0.00045)
D0082                                               1 	(obj:0.00045)
D0083                                               1 	(obj:0.00045)
D0086                                               1 	(obj:0.00223)
D0090                                               1 	(obj:0.00045)
D0091                                               1 	(obj:0.00134)
D0094                                               1 	(obj:0.00045)
D0095                                               1 	(obj:0.00045)
D0098                                               1 	(obj:0.00045)
D0099                                               1 	(obj:0.00089)
D0101                                               1 	(obj:0.00045)
D0102                                               1 	(obj:0.00356)
D0104                                               1 	(obj:0.00045)
D0105                                               1 	(obj:0.00267)
D0108                                               1 	(obj:0.00045)
D0110                                               1 	(obj:0.00089)
D0113                                               1 	(obj:0.00045)
D0115                                               1 	(obj:0.00045)
D0116                                               1 	(obj:0.00401)
D0118                                               1 	(obj:0.00045)
D0120                                               1 	(obj:0.00045)
D0124                                               1 	(obj:0.00045)
D0126                                               1 	(obj:0.00045)
D0127                                               1 	(obj:0.00668)
D0133                                               1 	(obj:0.00045)
D0134                                               1 	(obj:0.00045)
D0137                                               1 	(obj:0.00045)
D0139                                               1 	(obj:0.00045)
D0142                                               1 	(obj:0.00045)
D0144                                               1 	(obj:0.00045)
D0145                                               1 	(obj:0.00045)
D0146                                               1 	(obj:0.00089)
D0148                                               1 	(obj:0.00045)
D0150                                               1 	(obj:0.00089)
D0151                                               1 	(obj:0.00045)
D0152                                               1 	(obj:0.00045)
D0154                                               1 	(obj:0.00178)
D0157                                               1 	(obj:0.00045)
D0158                                               1 	(obj:0.00089)
D0160                                               1 	(obj:0.00089)
D0163                                               1 	(obj:0.00045)
D0164                                               1 	(obj:0.00045)
D0165                                               1 	(obj:0.00045)
D0166                                               1 	(obj:0.00045)
D0167                                               1 	(obj:0.00045)
D0168                                               1 	(obj:0.00045)
D0169                                               1 	(obj:0.00045)
D0171                                               1 	(obj:0.00045)
D0173                                               1 	(obj:0.00267)
D0176                                               1 	(obj:0.00045)
D0180                                               1 	(obj:0.00045)
D0181                                               1 	(obj:0.00089)
D0182                                               1 	(obj:0.00045)
D0183                                               1 	(obj:0.00045)
D0185                                               1 	(obj:0.00089)
D0187                                               1 	(obj:0.00045)
D0190                                               1 	(obj:0.00045)
D0191                                               1 	(obj:0.00089)
D0197                                               1 	(obj:0.00045)
D0198                                               1 	(obj:0.00267)
D0200                                               1 	(obj:0.00089)
D0204                                               1 	(obj:0.00045)
D0206                                               1 	(obj:0.00045)
D0208                                               1 	(obj:0.00134)
D0209                                               1 	(obj:0.00045)
D0210                                               1 	(obj:0.00045)
D0212                                               1 	(obj:0.00045)
D0213                                               1 	(obj:0.00045)
D0216                                               1 	(obj:0.00045)
D0217                                               1 	(obj:0.00045)
D0218                                               1 	(obj:0.00089)
D0219                                               1 	(obj:0.00267)
D0220                                               1 	(obj:0.00045)
D0221                                               1 	(obj:0.00045)
D0222                                               1 	(obj:0.00045)
D0225                                               1 	(obj:0.00045)
D0230                                               1 	(obj:0.00045)
D0235                                               1 	(obj:0.00045)
D0238                                               1 	(obj:0.00045)
D0248                                               1 	(obj:0.00045)
D0252                                               1 	(obj:0.00045)
D0253                                               1 	(obj:0.00089)
D0255                                               1 	(obj:0.00089)
D0262                                               1 	(obj:0.00045)
D0263                                               1 	(obj:0.00045)
D0267                                               1 	(obj:0.00045)
D0268                                               1 	(obj:0.00045)
D0269                                               1 	(obj:0.00045)
D0272                                               1 	(obj:0.00579)
D0274                                               1 	(obj:0.00089)
D0276                                               1 	(obj:0.00045)
D0277                                               1 	(obj:0.00045)
D0278                                               1 	(obj:0.00045)
D0279                                               1 	(obj:0.00045)
D0280                                               1 	(obj:0.00045)
D0281                                               1 	(obj:0.00045)
D0283                                               1 	(obj:0.00045)
D0285                                               1 	(obj:0.00045)
D0286                                               1 	(obj:0.00045)
D0289                                               1 	(obj:0.00045)
D0291                                               1 	(obj:0.00045)
D0292                                               1 	(obj:0.00045)
D0293                                               1 	(obj:0.00045)
D0295                                               1 	(obj:0.00045)
D0300                                               1 	(obj:0.00045)
A01                                             0.003 	(obj:0)
A03                                             0.002 	(obj:0)
A04                                              0.03 	(obj:0)
A06                                             0.014 	(obj:0)
A07                                             0.003 	(obj:0)
A08                                             0.004 	(obj:0)
A09                                             0.011 	(obj:0)
A10                                             0.004 	(obj:0)
A11                                              0.04 	(obj:0)
A12                                             0.032 	(obj:0)
A13                                             0.024 	(obj:0)
A14                                              0.04 	(obj:0)
A15                                              0.04 	(obj:0)
A16                                             0.008 	(obj:0)
A17                                             0.008 	(obj:0)
A19                                              0.01 	(obj:0)
A20                                             0.026 	(obj:0)
A21                                             0.006 	(obj:0)
A22                                              0.04 	(obj:0)
A23                                             0.034 	(obj:0)
A24                                             0.008 	(obj:0)
A25                                             0.287 	(obj:0)
B25                                             0.326 	(obj:0)
D0302                                     0.012987013 	(obj:0.00045)
D0303                                     0.004995005 	(obj:0.00045)
D0304                                      0.00999001 	(obj:0.00045)
D0305                                     0.031968032 	(obj:0.00045)
D0306                                     0.004995005 	(obj:0.00089)
D0307                                      0.00999001 	(obj:0.00045)
D0309                                    0.0549450549 	(obj:0.00045)
D0313                                     0.011988012 	(obj:0.00045)
D0314                                     0.011988012 	(obj:0.00045)
D0315                                      0.04995005 	(obj:0.00045)
D0316                                     0.033966034 	(obj:0.00045)
D0317                                     0.031968032 	(obj:0.00045)
D0318                                    0.0529470529 	(obj:0.00045)
D0319                                     0.025974026 	(obj:0.00045)
D0320                                     0.007992008 	(obj:0.00134)
D0322                                     0.001998002 	(obj:0.00045)
D0324                                    0.0739260739 	(obj:0.00045)
D0327                                     0.037962038 	(obj:0.00045)
D0328                                    0.0899100899 	(obj:0.00045)
D0329                                      0.00999001 	(obj:0.00045)
D0330                                    0.0819180819 	(obj:0.00045)
D0331                                      0.00999001 	(obj:0.00045)
D0332                                     0.001998002 	(obj:0.00045)
D0334                                    0.0759240759 	(obj:0.00045)
D0338                                     0.041958042 	(obj:0.00223)
D0341                                    0.0559440559 	(obj:0.00045)
D0343                                      0.00999001 	(obj:0.00045)
D0344                                    0.0699300699 	(obj:0.00045)
D0345                                     0.031968032 	(obj:0.00045)
D0346                                     0.004995005 	(obj:0.00045)
D0347                                      0.02997003 	(obj:0.00045)
D0348                                     0.035964036 	(obj:0.00045)
D0349                                     0.041958042 	(obj:0.00045)
D0351                                     0.012987013 	(obj:0.00045)
D0352                                     0.030969031 	(obj:0.00045)
D0354                                    0.0609390609 	(obj:0.00045)
D0355                                     0.003996004 	(obj:0.00045)
D0356                                     0.025974026 	(obj:0.00045)
D0357                                     0.018981019 	(obj:0.00045)
D0358                                    0.1068931069 	(obj:0.00045)
D0360                                      0.00999001 	(obj:0.00045)
D0363                                      0.00999001 	(obj:0.00045)
D0364                                     0.034965035 	(obj:0.00045)
D0365                                      0.01998002 	(obj:0.00045)
D0367                                     0.014985015 	(obj:0.00045)
D0369                                     0.004995005 	(obj:0.00045)
D0370                                      0.00999001 	(obj:0.00089)
D0371                                     0.004995005 	(obj:0.00045)
D0372                                      0.00999001 	(obj:0.00045)
D0373                                     0.027972028 	(obj:0.00045)
D0375                                     0.031968032 	(obj:0.00045)
D0376                                      0.00999001 	(obj:0.00045)
D0377                                     0.025974026 	(obj:0.00045)
D0378                                     0.015984016 	(obj:0.00045)
D0380                                      0.00999001 	(obj:0.00089)
D0381                                     0.011988012 	(obj:0.00089)
D0382                                      0.00999001 	(obj:0.00045)
D0383                                      0.01998002 	(obj:0.00045)
D0384                                     0.045954046 	(obj:0.00045)
D0385                                     0.012987013 	(obj:0.00045)
D0386                                     0.001998002 	(obj:0.00045)
D0388                                     0.014985015 	(obj:0.00045)
D0389                                     0.041958042 	(obj:0.00045)
D0390                                    0.0579420579 	(obj:0.00045)
D0391                                      0.01998002 	(obj:0.00045)
D0392                                     0.043956044 	(obj:0.00045)
D0393                                     0.017982018 	(obj:0.00089)
D0394                                     0.007992008 	(obj:0.00045)
D0398                                     0.025974026 	(obj:0.00045)
D0399                                      0.03996004 	(obj:0.00045)
D0400                                    0.1038961039 	(obj:0.00045)
D0402                                      0.04995005 	(obj:0.00089)
D0405                                     0.007992008 	(obj:0.00045)
D0406                                    0.0549450549 	(obj:0.00045)
D0407                                     0.007992008 	(obj:0.00045)
D0408                                     0.011988012 	(obj:0.00045)
D0409                                      0.01998002 	(obj:0.00045)
D0410                                      0.01998002 	(obj:0.00045)
D0411                                      0.03996004 	(obj:0.00045)
D0412                                     0.011988012 	(obj:0.00045)
D0413                                     0.033966034 	(obj:0.00045)
D0414                                     0.027972028 	(obj:0.00045)
D0416                                     0.017982018 	(obj:0.00045)
D0417                                     0.004995005 	(obj:0.00045)
D0418                                     0.035964036 	(obj:0.00045)
D0419                                     0.010989011 	(obj:0.02326)
D0420                                     0.015984016 	(obj:0.00045)
D0421                                     0.012987013 	(obj:0.00045)
D0425                                     0.017982018 	(obj:0.00089)
D0428                                     0.012987013 	(obj:0.00045)
D0430                                     0.023976024 	(obj:0.00045)
D0431                                     0.041958042 	(obj:0.00045)
D0432                                     0.001998002 	(obj:0.00045)
D0433                                     0.022977023 	(obj:0.00045)
D0434                                     0.031968032 	(obj:0.00045)
D0435                                     0.017982018 	(obj:0.00045)
D0436                                    0.1098901099 	(obj:0.00045)
D0438                                     0.041958042 	(obj:0.00045)
D0439                                     0.045954046 	(obj:0.00045)
D0441                                    0.0559440559 	(obj:0.00045)
D0443                                     0.041958042 	(obj:0.00045)
D0446                                    0.0639360639 	(obj:0.00045)
D0447                                    0.0539460539 	(obj:0.00045)
D0448                                     0.037962038 	(obj:0.00045)
D0450                                     0.033966034 	(obj:0.00045)
D0451                                      0.01998002 	(obj:0.00045)
D0452                                    0.0739260739 	(obj:0.00045)
D0454                                     0.035964036 	(obj:0.00045)
D0456                                    0.0679320679 	(obj:0.00045)
D0458                                    0.0659340659 	(obj:0.00045)
D0459                                     0.033966034 	(obj:0.00045)
D0460                                     0.001998002 	(obj:0.00045)
D0461                                     0.041958042 	(obj:0.00045)
D0462                                      0.02997003 	(obj:0.00045)
D0464                                    0.1128871129 	(obj:0.00045)
D0468                                     0.007992008 	(obj:0.00045)
D0469                                     0.005994006 	(obj:0.00045)
D0471                                     0.015984016 	(obj:0.00045)
D0472                                     0.005994006 	(obj:0.00045)
D0473                                     0.007992008 	(obj:0.00045)
D0476                                      0.04995005 	(obj:0.00045)
D0477                                     0.028971029 	(obj:0.00045)
D0478                                     0.031968032 	(obj:0.00045)
D0480                                    0.0919080919 	(obj:0.00045)
D0482                                     0.018981019 	(obj:0.00045)
D0484                                     0.043956044 	(obj:0.00045)

Statistics
==========

SCIP Status        : solving was interrupted [time limit reached]
Total Time         :   87280.18
  solving          :   87280.13
  presolving       :       0.05 (included in solving)
  reading          :       0.05
  copying          :       0.00 (0 times copied the problem)
Original Problem   :
  Problem name     : neos17
  Variables        : 535 (300 binary, 0 integer, 0 implicit integer, 235 continuous)
  Constraints      : 486 initial, 486 maximal
  Objective        : minimize, 485 non-zeros (abs.min = 0.00045, abs.max = 0.27015)
Presolved Problem  :
  Problem name     : t_neos17
  Variables        : 507 (298 binary, 0 integer, 0 implicit integer, 209 continuous)
  Constraints      : 488 initial, 488 maximal
  Objective        : minimize, 483 non-zeros (abs.min = 0.00045, abs.max = 0.07257)
  Nonzeros         : 2436 constraint, 6 clique table
Presolvers         :   ExecTime  SetupTime  Calls  FixedVars   AggrVars   ChgTypes  ChgBounds   AddHoles    DelCons    AddCons   ChgSides   ChgCoefs
  boundshift       :       0.00       0.00      0          0          0          0          0          0          0          0          0          0
  convertinttobin  :       0.00       0.00      0          0          0          0          0          0          0          0          0          0
  domcol           :       0.00       0.00      4          0          0          0          0          0          0          0          0          0
  dualagg          :       0.00       0.00      0          0          0          0          0          0          0          0          0          0
  dualcomp         :       0.00       0.00      4          0          0          0          0          0          0          0          0          0
  dualinfer        :       0.00       0.00      0          0          0          0          0          0          0          0          0          0
  dualsparsify     :       0.02       0.00      3          0          0          0          0          0          0          0          0        693
  gateextraction   :       0.00       0.00      0          0          0          0          0          0          0          0          0          0
  implics          :       0.00       0.00      7          0          0          0          0          0          0          0          0          0
  inttobinary      :       0.00       0.00      0          0          0          0          0          0          0          0          0          0
  qpkktref         :       0.00       0.00      0          0          0          0          0          0          0          0          0          0
  redvub           :       0.00       0.00      0          0          0          0          0          0          0          0          0          0
  sparsify         :       0.00       0.00      2          0          0          0          0          0          0          0          0          0
  stuffing         :       0.00       0.00      0          0          0          0          0          0          0          0          0          0
  trivial          :       0.00       0.00     12         24          0          0          0          0          0          0          0          0
  tworowbnd        :       0.00       0.00      0          0          0          0          0          0          0          0          0          0
  dualfix          :       0.00       0.00     12          2          0          0          0          0          0          0          0          0
  genvbounds       :       0.00       0.00      0          0          0          0          0          0          0          0          0          0
  probing          :       0.00       0.00      3          0          0          0          0          0          0          0          0          0
  pseudoobj        :       0.00       0.00      1          0          0          0          1          0          0          0          0          0
  symmetry         :       0.00       0.00      1          0          0          0          0          0          0          3          0          0
  vbounds          :       0.00       0.00      1          0          0          0          0          0          0          0          0          0
  varbound         :       0.00       0.00      6          0          0          0          0          0          0          0          0          0
  setppc           :       0.00       0.00      3          0          0          0          0          0          0          0          0          0
  linear           :       0.02       0.00     19          1          1          0         30          0          2          0          1         23
  benders          :       0.00       0.00      0          0          0          0          0          0          0          0          0          0
  components       :       0.00       0.00      1          0          0          0          0          0          0          0          0          0
  root node        :          -          -      -          0          -          -          0          -          -          -          -          -
Constraints        :     Number  MaxNumber  #Separate #Propagate    #EnfoLP    #EnfoRelax  #EnfoPS    #Check   #ResProp    Cutoffs    DomReds       Cuts    Applied      Conss   Children
  benderslp        :          0          0          0          0         98          0          0        193          0          0          0          0          0          0          0
  integral         :          0          0          0          0         98          0          0        193          0          0         61          0          0          0        158
  varbound         :          2          2          0          9          0          0          0        191          0          0          0          0          0          0          0
  setppc           :          3          3          0          1          0          0          0        191          0          0          0          0          0          0          0
  linear           :        483        483          0         64          0          0          0        191          0          0          0          0          0          0          0
  benders          :          0          0          0          0          0          0          0        192          0          0          0          0          0          0          0
  fixedvar         :          0          0          0          0          0          0          0        192          0          0          0          0          0          0          0
  countsols        :          0          0          0          0          0          0          0        192          0          0          0          0          0          0          0
  components       :          0          0          0          0          0          0          0          0          0          0          0          0          0          0          0
Constraint Timings :  TotalTime  SetupTime   Separate  Propagate     EnfoLP     EnfoPS     EnfoRelax   Check    ResProp    SB-Prop
  benderslp        :       0.00       0.00       0.00       0.00       0.00       0.00       0.00       0.00       0.00       0.00
  integral         :   87280.00       0.00       0.00       0.00   87280.00       0.00       0.00       0.00       0.00       0.00
  varbound         :       0.00       0.00       0.00       0.00       0.00       0.00       0.00       0.00       0.00       0.00
  setppc           :       0.00       0.00       0.00       0.00       0.00       0.00       0.00       0.00       0.00       0.00
  linear           :       0.00       0.00       0.00       0.00       0.00       0.00       0.00       0.00       0.00       0.00
  benders          :       0.00       0.00       0.00       0.00       0.00       0.00       0.00       0.00       0.00       0.00
  fixedvar         :       0.00       0.00       0.00       0.00       0.00       0.00       0.00       0.00       0.00       0.00
  countsols        :       0.00       0.00       0.00       0.00       0.00       0.00       0.00       0.00       0.00       0.00
  components       :       0.00       0.00       0.00       0.00       0.00       0.00       0.00       0.00       0.00       0.00
Propagators        : #Propagate   #ResProp    Cutoffs    DomReds
  dualfix          :          1          0          0          0
  genvbounds       :          0          0          0          0
  nlobbt           :          0          0          0          0
  obbt             :          0          0          0          0
  probing          :          0          0          0          0
  pseudoobj        :          3          0          0          0
  redcost          :          2          0          0          0
  rootredcost      :          0          0          0          0
  symmetry         :          0          0          0          0
  vbounds          :          0          0          0          0
Propagator Timings :  TotalTime  SetupTime   Presolve  Propagate    ResProp    SB-Prop
  dualfix          :       0.00       0.00       0.00       0.00       0.00       0.00
  genvbounds       :       0.00       0.00       0.00       0.00       0.00       0.00
  nlobbt           :       0.00       0.00       0.00       0.00       0.00       0.00
  obbt             :       0.00       0.00       0.00       0.00       0.00       0.00
  probing          :       0.00       0.00       0.00       0.00       0.00       0.00
  pseudoobj        :       0.00       0.00       0.00       0.00       0.00       0.00
  redcost          :       0.00       0.00       0.00       0.00       0.00       0.00
  rootredcost      :       0.00       0.00       0.00       0.00       0.00       0.00
  symmetry         :       0.00       0.00       0.00       0.00       0.00       0.00
  vbounds          :       0.00       0.00       0.00       0.00       0.00       0.00
Symmetry           :
  orbitopal red.   :          0 reductions applied,          0 cutoffs
  orbital reduction:          0 reductions applied,          0 cutoffs
  lexicographic red:          0 reductions applied,          0 cutoffs
  shadow tree time :       0.00 s
Conflict Analysis  :       Time      Calls    Success    DomReds  Conflicts   Literals    Reconvs ReconvLits   Dualrays   Nonzeros   LP Iters   (pool size: [--,--])
  propagation      :       0.00          0          0          -          0        0.0          0        0.0          -          -          -
  infeasible LP    :       0.00          0          0          -          0        0.0          0        0.0          0        0.0          0
  bound exceed. LP :       0.00          0          0          -          0        0.0          0        0.0          0        0.0          0
  strong branching :       0.00          0          0          -          0        0.0          0        0.0          -          -          0
  pseudo solution  :       0.00          0          0          -          0        0.0          0        0.0          -          -          -
  applied globally :       0.00          -          -          0          0        0.0          -          -          0          -          -
  applied locally  :          -          -          -          0          0        0.0          -          -          0          -          -
Separators         :   ExecTime  SetupTime      Calls  RootCalls    Cutoffs    DomReds  FoundCuts ViaPoolAdd  DirectAdd    Applied ViaPoolApp  DirectApp      Conss
  cut pool         :       0.00          -          0          0          -          -          0          0          -          -          -          -          -    (maximal pool size:          0)
  aggregation      :       0.00       0.00          0          0          0          0          0          0          0          0          0          0          0
  > cmir           :          -          -          -          -          -          -          -          0          0          0          0          0          -
  > flowcover      :          -          -          -          -          -          -          -          0          0          0          0          0          -
  > knapsackcover  :          -          -          -          -          -          -          -          0          0          0          0          0          -
  cgmip            :       0.00       0.00          0          0          0          0          0          0          0          0          0          0          0
  clique           :       0.00       0.00          0          0          0          0          0          0          0          0          0          0          0
  closecuts        :       0.00       0.00          0          0          0          0          0          0          0          0          0          0          0
  convexproj       :       0.00       0.00          0          0          0          0          0          0          0          0          0          0          0
  disjunctive      :       0.00       0.00          0          0          0          0          0          0          0          0          0          0          0
  eccuts           :       0.00       0.00          0          0          0          0          0          0          0          0          0          0          0
  gauge            :       0.00       0.00          0          0          0          0          0          0          0          0          0          0          0
  gomory           :       0.00       0.00          0          0          0          0          0          0          0          0          0          0          0
  > gomorymi       :          -          -          -          -          -          -          -          0          0          0          0          0          -
  > strongcg       :          -          -          -          -          -          -          -          0          0          0          0          0          -
  impliedbounds    :       0.00       0.00          0          0          0          0          0          0          0          0          0          0          0
  interminor       :       0.00       0.00          0          0          0          0          0          0          0          0          0          0          0
  intobj           :       0.00       0.00          0          0          0          0          0          0          0          0          0          0          0
  lagromory        :       0.00       0.00          0          0          0          0          0          0          0          0          0          0          0
  mcf              :       0.00       0.00          0          0          0          0          0          0          0          0          0          0          0
  minor            :       0.00       0.00          0          0          0          0          0          0          0          0          0          0          0
  mixing           :       0.00       0.00          0          0          0          0          0          0          0          0          0          0          0
  oddcycle         :       0.00       0.00          0          0          0          0          0          0          0          0          0          0          0
  rapidlearning    :       0.00       0.00          0          0          0          0          0          0          0          0          0          0          0
  rlt              :       0.00       0.00          0          0          0          0          0          0          0          0          0          0          0
  zerohalf         :       0.00       0.00          0          0          0          0          0          0          0          0          0          0          0
Cutselectors       :   ExecTime  SetupTime      Calls  RootCalls   Selected     Forced   Filtered  RootSelec   RootForc   RootFilt 
  hybrid           :       0.00       0.00          0          0          0          0          0          0          0          0
  ensemble         :       0.00       0.00          0          0          0          0          0          0          0          0
  dynamic          :       0.00       0.00          0          0          0          0          0          0          0          0
Pricers            :   ExecTime  SetupTime      Calls       Vars
  problem variables:       0.00          -          0          0
Branching Rules    :   ExecTime  SetupTime   BranchLP  BranchExt   BranchPS    Cutoffs    DomReds       Cuts      Conss   Children
  allfullstrong    :       0.00       0.00          0          0          0          0          0          0          0          0
  cloud            :       0.00       0.00          0          0          0          0          0          0          0          0
  distribution     :       0.00       0.00          0          0          0          0          0          0          0          0
  fullstrong       :       0.00       0.00          0          0          0          0          0          0          0          0
  general_disjuncti:   87279.68       0.00         98          0          0          0         51          0          0          0
  GeneralDisjunction(extra): subMILPs=566 fairNodes of all MILPs=15554926 probingLPs=0
  gomory           :       0.00       0.00          0          0          0          0          0          0          0          0
  inference        :       0.00       0.00          0          0          0          0          0          0          0          0
  leastinf         :       0.00       0.00          0          0          0          0          0          0          0          0
  lookahead        :       0.00       0.00          0          0          0          0          0          0          0          0
  mostinf          :       0.00       0.00          0          0          0          0          0          0          0          0
  multaggr         :       0.00       0.00          0          0          0          0          0          0          0          0
  nodereopt        :       0.00       0.00          0          0          0          0          0          0          0          0
  pscost           :       0.00       0.00          0          0          0          0          0          0          0          0
  random           :       0.00       0.00          0          0          0          0          0          0          0          0
  relpscost        :       0.32       0.00         81          0          0          0         10          0          0        158
  vanillafullstrong:       0.00       0.00          0          0          0          0          0          0          0          0
Primal Heuristics  :   ExecTime  SetupTime      Calls      Found       Best
  LP solutions     :       0.00          -          -          0          0
  relax solutions  :       0.00          -          -          0          0
  pseudo solutions :       0.00          -          -          0          0
  strong branching :       0.05          -          -        191          0
  actconsdiving    :       0.00       0.00          0          0          0
  adaptivediving   :       0.00       0.00          0          0          0
  alns             :       0.00       0.00          0          0          0
  bound            :       0.00       0.00          0          0          0
  clique           :       0.00       0.00          0          0          0
  coefdiving       :       0.00       0.00          0          0          0
  completesol      :       0.00       0.00          0          0          0
  conflictdiving   :       0.00       0.00          0          0          0
  crossover        :       0.00       0.00          0          0          0
  dins             :       0.00       0.00          0          0          0
  distributiondivin:       0.00       0.00          0          0          0
  dps              :       0.00       0.00          0          0          0
  dualval          :       0.00       0.00          0          0          0
  farkasdiving     :       0.00       0.00          0          0          0
  feaspump         :       0.00       0.00          0          0          0
  fixandinfer      :       0.00       0.00          0          0          0
  fracdiving       :       0.00       0.00          0          0          0
  gins             :       0.00       0.00          0          0          0
  guideddiving     :       0.00       0.00          0          0          0
  indicator        :       0.00       0.00          0          0          0
  indicatordiving  :       0.00       0.00          0          0          0
  intdiving        :       0.00       0.00          0          0          0
  intshifting      :       0.00       0.00          0          0          0
  linesearchdiving :       0.00       0.00          0          0          0
  localbranching   :       0.00       0.00          0          0          0
  locks            :       0.00       0.00          0          0          0
  lpface           :       0.00       0.00          0          0          0
  mpec             :       0.00       0.00          0          0          0
  multistart       :       0.00       0.00          0          0          0
  mutation         :       0.00       0.00          0          0          0
  nlpdiving        :       0.00       0.00          0          0          0
  objpscostdiving  :       0.00       0.00          0          0          0
  octane           :       0.00       0.00          0          0          0
  ofins            :       0.00       0.00          0          0          0
  oneopt           :       0.00       0.00          0          0          0
  padm             :       0.00       0.00          0          0          0
  proximity        :       0.00       0.00          0          0          0
  pscostdiving     :       0.00       0.00          0          0          0
  randrounding     :       0.00       0.00          0          0          0
  rens             :       0.00       0.00          0          0          0
  reoptsols        :       0.00       0.00          0          0          0
  repair           :       0.00       0.00          0          0          0
  rins             :       0.00       0.00          0          0          0
  rootsoldiving    :       0.00       0.00          0          0          0
  rounding         :       0.00       0.00          0          0          0
  scheduler        :       0.00       0.00          0          0          0
  shiftandpropagate:       0.00       0.00          0          0          0
  shifting         :       0.00       0.00          0          0          0
  simplerounding   :       0.00       0.00          0          0          0
  subnlp           :       0.00       0.00          0          0          0
  trivial          :       0.00       0.00          0          0          0
  trivialnegation  :       0.00       0.00          0          0          0
  trustregion      :       0.00       0.00          0          0          0
  trysol           :       0.00       0.00          0          0          0
  twoopt           :       0.00       0.00          0          0          0
  undercover       :       0.00       0.00          0          0          0
  vbounds          :       0.00       0.00          0          0          0
  veclendiving     :       0.00       0.00          0          0          0
  zeroobj          :       0.00       0.00          0          0          0
  zirounding       :       0.00       0.00          0          0          0
  other solutions  :          -          -          -          1          -
LNS (Scheduler)    :      Calls  SetupTime  SolveTime SolveNodes       Sols       Best       Exp3    Exp3-IX  EpsGreedy        UCB TgtFixRate  Opt  Inf Node Stal  Sol  Usr Othr Actv
  rens             :          0       0.00       0.00          0          0          0    0.00000    0.12500   -1.00000    1.00000      0.900    0    0    0    0    0    0    0    1
  rins             :          0       0.00       0.00          0          0          0    0.00000    0.12500   -1.00000    1.00000      0.900    0    0    0    0    0    0    0    1
  mutation         :          0       0.00       0.00          0          0          0    0.00000    0.12500   -1.00000    1.00000      0.900    0    0    0    0    0    0    0    1
  localbranching   :          0       0.00       0.00          0          0          0    0.00000    0.12500   -1.00000    1.00000      0.900    0    0    0    0    0    0    0    1
  crossover        :          0       0.00       0.00          0          0          0    0.00000    0.12500   -1.00000    1.00000      0.900    0    0    0    0    0    0    0    1
  proximity        :          0       0.00       0.00          0          0          0    0.00000    0.12500   -1.00000    1.00000      0.900    0    0    0    0    0    0    0    1
  zeroobjective    :          0       0.00       0.00          0          0          0    0.00000    0.12500   -1.00000    1.00000      0.900    0    0    0    0    0    0    0    1
  dins             :          0       0.00       0.00          0          0          0    0.00000    0.12500   -1.00000    1.00000      0.900    0    0    0    0    0    0    0    1
  trustregion      :          0       0.00       0.00          0          0          0    0.00000    0.00000   -1.00000    1.00000      0.900    0    0    0    0    0    0    0    0
LP                 :       Time      Calls Iterations  Iter/call   Iter/sec  Time-0-It Calls-0-It    ItLimit
  primal LP        :       0.00          0          0       0.00          -       0.00          0
  dual LP          :       0.05        100       1564      15.64   29017.77       0.00          0
  lex dual LP      :       0.00          0          0       0.00          -
  barrier LP       :       0.00          0          0       0.00          -       0.00          0
  resolve instable :       0.00          0          0       0.00          -
  diving/probing LP:       0.01          0          0       0.00       0.00
  strong branching :       0.63        787      23280      29.58   36972.92          -          -         43
    (at root node) :          -         69       1963      28.45          -
  conflict analysis:       0.00          0          0       0.00          -
B&B Tree           :
  number of runs   :          1
  nodes            :         82 (79 internal, 3 leaves)
  feasible leaves  :          0
  infeas. leaves   :          3
  objective leaves :          0
  nodes (total)    :         82 (79 internal, 3 leaves)
  nodes left       :         77
  max depth        :         16
  max depth (total):         16
  backtracks       :          6 (7.3%)
  early backtracks :          0 (0.0%)
  nodes exc. ref.  :          0 (0.0%)
  delayed cutoffs  :          0
  repropagations   :          0 (0 domain reductions, 0 cutoffs)
  avg switch length:       1.91
  switching time   :       0.00
Root Node          :
  First LP value   : +6.81548381548382e-04
  First LP Iters   :        455 (64888.76 Iter/sec)
  First LP Time    :       0.01
  Final Dual Bound : +1.00902488902489e-03
  Final Root Iters :        455
  Root LP Estimate : +1.42437031956066e-03
Solution           :
  Solutions found  :        192 (1 improvements)
  First Solution   : +1.50002577423721e-01   (in run 0, after 0 nodes, 0.00 seconds, depth -1, found by <initial>)
  Gap First Sol.   :   infinite
  Gap Last Sol.    :   infinite
  Primal Bound     : +1.50002577423721e-01   (in run 0, after 0 nodes, 0.00 seconds, depth -1, found by <initial>)
  Dual Bound       : +1.00902488902489e-03
  Gap              :   14766.09 %
Integrals          :      Total       Avg%
  primal-dual      : 8669302.24      99.33
  primal-ref       :          -          - (not evaluated)
  dual-ref         :          -          - (not evaluated)
