SCIP version 9.2.2 [precision: 8 byte] [memory: block] [mode: optimized] [LP solver: CPLEX 12.10.0.0] [GitHash: 416226a4f8]
Copyright (c) 2002-2025 Zuse Institute Berlin (ZIB)

reading parameter file </scratch/htc/yzhou/exp_scipmip/settings/sandbox_gendj.set>

read problem </scratch/htc/yzhou/exp_scipmip/instances/ult_experiments/noswot.mps>
============

original problem has 128 variables (75 bin, 25 int, 0 impl, 28 cont) and 182 constraints
    182 constraints of type <linear>
Reading Time: 0.00

read solution </scratch/htc/yzhou/solutions/noswot.sol>
============

primal solution from solution file </scratch/htc/yzhou/solutions/noswot.sol> was accepted as candidate, will be checked when solving starts
original problem has 128 variables (75 bin, 25 int, 0 impl, 28 cont) and 182 constraints
    182 constraints of type <linear>
Reading Time: 0.01
solve problem
=============
LP Solver <CPLEX 12.10.0.0>: fastmip setting not available -- SCIP parameter has no effect
LP Solver <CPLEX 12.10.0.0>: clock type cannot be set
LP Solver <CPLEX 12.10.0.0>: row representation of the basis not available -- SCIP parameter lp/rowrepswitch has no effect
LP Solver <CPLEX 12.10.0.0>: solution polishing not available -- SCIP parameter lp/solutionpolishing has no effect
LP Solver <CPLEX 12.10.0.0>: refactorization interval not available -- SCIP parameter lp/refactorinterval has no effect
1/1 feasible solution given by solution candidate storage, new primal bound -4.100000e+01

transformed problem has 128 variables (75 bin, 25 int, 0 impl, 28 cont) and 182 constraints
    182 constraints of type <linear>

original problem has 735 active (3.15505%) nonzeros and 735 (3.15505%) check nonzeros

presolving:
(round 1, fast)       3 del vars, 0 del conss, 0 add conss, 132 chg bounds, 0 chg sides, 23 chg coeffs, 0 upgd conss, 0 impls, 1 clqs
(round 2, fast)       3 del vars, 0 del conss, 0 add conss, 132 chg bounds, 3 chg sides, 46 chg coeffs, 0 upgd conss, 0 impls, 6 clqs
(round 3, exhaustive) 3 del vars, 6 del conss, 0 add conss, 132 chg bounds, 3 chg sides, 46 chg coeffs, 0 upgd conss, 0 impls, 6 clqs
(round 4, fast)       8 del vars, 11 del conss, 0 add conss, 132 chg bounds, 3 chg sides, 46 chg coeffs, 0 upgd conss, 0 impls, 1 clqs
(round 5, fast)       8 del vars, 11 del conss, 0 add conss, 137 chg bounds, 8 chg sides, 51 chg coeffs, 0 upgd conss, 0 impls, 1 clqs
(round 6, fast)       8 del vars, 11 del conss, 0 add conss, 137 chg bounds, 8 chg sides, 66 chg coeffs, 0 upgd conss, 0 impls, 1 clqs
(round 7, exhaustive) 8 del vars, 11 del conss, 0 add conss, 137 chg bounds, 8 chg sides, 66 chg coeffs, 46 upgd conss, 0 impls, 1 clqs
   (0.0s) probing cycle finished: starting next cycle
(round 8, exhaustive) 8 del vars, 11 del conss, 0 add conss, 157 chg bounds, 8 chg sides, 66 chg coeffs, 46 upgd conss, 175 impls, 1 clqs
(round 9, fast)       8 del vars, 11 del conss, 0 add conss, 157 chg bounds, 10 chg sides, 74 chg coeffs, 46 upgd conss, 175 impls, 1 clqs
   (0.0s) probing: 51/75 (68.0%) - 0 fixings, 0 aggregations, 130 implications, 20 bound changes
   (0.0s) probing aborted: 50/50 successive totally useless probings
   (0.0s) symmetry computation started: requiring (bin +, int +, cont +), (fixed: bin -, int -, cont -)
   (0.0s) symmetry computation finished: 3 generators found (max: 1500, log10 of symmetry group size: 0.0) (symcode time: 0.00)
dynamic symmetry handling statistics:
   orbitopal reduction:        1 components: 24x4
   orbital reduction:         no components
   lexicographic reduction:   no permutations
handled 1 out of 1 symmetry components
clique table cleanup detected 0 bound changes

presolved problem has 680 active (3.31384%) nonzeros and 680 (3.31384%) check nonzeros

presolving (10 rounds: 10 fast, 4 medium, 4 exhaustive):
 8 deleted vars, 11 deleted constraints, 0 added constraints, 157 tightened bounds, 0 added holes, 10 changed sides, 74 changed coefficients
 175 implications, 1 cliques
presolved problem has 120 variables (75 bin, 20 int, 0 impl, 25 cont) and 171 constraints
     45 constraints of type <varbound>
      1 constraints of type <setppc>
    125 constraints of type <linear>
transformed objective value is always integral (scale: 1)
Presolving Time: 0.01
transformed 1/1 original solutions to the transformed problem space

 time | node  | left  |LP iter|LP it/n|mem/heur|mdpt |vars |cons |rows |cuts |sepa|confs|strbr|  dualbound   | primalbound  |  gap   | compl. 
  0.0s|     1 |     0 |    39 |     - |  2883k |   0 | 120 | 171 | 170 |   0 |  0 |   0 |   0 |-4.300000e+01 |-4.100000e+01 |   4.88%| unknown
_____________________________________
Now starting branching with general disjunction
Current branching Node number: 1
LP objective value: -50.2871
Node lower bound: -43
Node upper bound: -41
gap to the primal bound: 0.0487805
Preck submodel is infeasible, continue branching
General disjunction: No feasible solution found, use SCIP default branching rule
 67.7s|     1 |     2 |    39 |     - |  2887k |   0 | 120 | 171 | 170 |   0 |  1 |   0 |  42 |-4.300000e+01 |-4.100000e+01 |   4.88%| unknown
_____________________________________
Now starting branching with general disjunction
Current branching Node number: 3
LP objective value: -48.8478
Node lower bound: -43
Node upper bound: -41
gap to the primal bound: 0.0487805
Preck submodel is infeasible, continue branching
General disjunction: No feasible solution found, use SCIP default branching rule
_____________________________________
Now starting branching with general disjunction
Current branching Node number: 4
LP objective value: -47.9438
Node lower bound: -43
Node upper bound: -41
gap to the primal bound: 0.0487805
Preck submodel is infeasible, continue branching
General disjunction: No feasible solution found, use SCIP default branching rule
_____________________________________
Now starting branching with general disjunction
Current branching Node number: 6
Relpscost reduced domain, skip general disjunction branching
_____________________________________
Now starting branching with general disjunction
Current branching Node number: 6
LP objective value: -47.4579
Node lower bound: -43
Node upper bound: -41
gap to the primal bound: 0.0487805
Preck submodel is infeasible, continue branching
General disjunction: No feasible solution found, use SCIP default branching rule
_____________________________________
Now starting branching with general disjunction
Current branching Node number: 8
LP objective value: -46.9719
Node lower bound: -43
Node upper bound: -41
gap to the primal bound: 0.0487805
Preck submodel is infeasible, continue branching
General disjunction: No feasible solution found, use SCIP default branching rule
_____________________________________
Now starting branching with general disjunction
Current branching Node number: 10
LP objective value: -46.486
Node lower bound: -43
Node upper bound: -41
gap to the primal bound: 0.0487805
Preck submodel is infeasible, continue branching
General disjunction: No feasible solution found, use SCIP default branching rule
_____________________________________
Now starting branching with general disjunction
Current branching Node number: 12
LP objective value: -46
Node lower bound: -43
Node upper bound: -41
gap to the primal bound: 0.0487805
Preck submodel is infeasible, continue branching
General disjunction: No feasible solution found, use SCIP default branching rule
_____________________________________
Now starting branching with general disjunction
Current branching Node number: 14
LP objective value: -46
Node lower bound: -43
Node upper bound: -41
gap to the primal bound: 0.0487805
Preck submodel is infeasible, continue branching
General disjunction: No feasible solution found, use SCIP default branching rule
_____________________________________
Now starting branching with general disjunction
Current branching Node number: 16
LP objective value: -46
Node lower bound: -43
Node upper bound: -41
gap to the primal bound: 0.0487805
Preck submodel is infeasible, continue branching
General disjunction: No feasible solution found, use SCIP default branching rule
_____________________________________
Now starting branching with general disjunction
Current branching Node number: 18
LP objective value: -46
Node lower bound: -43
Node upper bound: -41
gap to the primal bound: 0.0487805
Preck submodel is infeasible, continue branching
General disjunction: No feasible solution found, use SCIP default branching rule
_____________________________________
Now starting branching with general disjunction
Current branching Node number: 20
Relpscost reduced domain, skip general disjunction branching
_____________________________________
Now starting branching with general disjunction
Current branching Node number: 20
Relpscost reduced domain, skip general disjunction branching
_____________________________________
Now starting branching with general disjunction
Current branching Node number: 20
LP objective value: -45.6645
Node lower bound: -43
Node upper bound: -41
gap to the primal bound: 0.0487805
Preck submodel is infeasible, continue branching
General disjunction: No feasible solution found, use SCIP default branching rule
_____________________________________
Now starting branching with general disjunction
Current branching Node number: 23
Relpscost reduced domain, skip general disjunction branching
_____________________________________
Now starting branching with general disjunction
Current branching Node number: 23
LP objective value: -44
Node lower bound: -43
Node upper bound: -41
gap to the primal bound: 0.0487805
Preck submodel is infeasible, continue branching
General disjunction: No feasible solution found, use SCIP default branching rule
_____________________________________
Now starting branching with general disjunction
Current branching Node number: 25
Relpscost reduced domain, skip general disjunction branching
_____________________________________
Now starting branching with general disjunction
Current branching Node number: 25
LP objective value: -42
Node lower bound: -42
Node upper bound: -41
gap to the primal bound: 0.0487805
Preck submodel is infeasible, continue branching
Time limit exceeded (1148.35s), stopping submodel solve loop
General disjunction: No feasible solution found, use SCIP default branching rule
_____________________________________
Now starting branching with general disjunction
Current branching Node number: 27
LP objective value: -42
Node lower bound: -42
Node upper bound: -41
gap to the primal bound: 0.0487805
Preck submodel is infeasible, continue branching
Time limit exceeded (1898.85s), stopping submodel solve loop
General disjunction: No feasible solution found, use SCIP default branching rule
_____________________________________
Now starting branching with general disjunction
Current branching Node number: 29
LP objective value: -42
Node lower bound: -42
Node upper bound: -41
gap to the primal bound: 0.0487805
Preck submodel is infeasible, continue branching
Time limit exceeded (1508.61s), stopping submodel solve loop
General disjunction: No feasible solution found, use SCIP default branching rule
_____________________________________
Now starting branching with general disjunction
Current branching Node number: 31
LP objective value: -42
Node lower bound: -42
Node upper bound: -41
gap to the primal bound: 0.0487805
Preck submodel is infeasible, continue branching
Time limit exceeded (1001.71s), stopping submodel solve loop
General disjunction: No feasible solution found, use SCIP default branching rule
_____________________________________
Now starting branching with general disjunction
Current branching Node number: 33
LP objective value: -42
Node lower bound: -42
Node upper bound: -41
gap to the primal bound: 0.0487805
Preck submodel is infeasible, continue branching
Time limit exceeded (1021.15s), stopping submodel solve loop
General disjunction: No feasible solution found, use SCIP default branching rule
_____________________________________
Now starting branching with general disjunction
Current branching Node number: 34
LP objective value: -42
Node lower bound: -42
Node upper bound: -41
gap to the primal bound: 0.0487805
Preck submodel is infeasible, continue branching
Time limit exceeded (1142.87s), stopping submodel solve loop
General disjunction: No feasible solution found, use SCIP default branching rule
_____________________________________
Now starting branching with general disjunction
Current branching Node number: 36
LP objective value: -42
Node lower bound: -42
Node upper bound: -41
gap to the primal bound: 0.0487805
Preck submodel is infeasible, continue branching
Time limit exceeded (1599.33s), stopping submodel solve loop
General disjunction: No feasible solution found, use SCIP default branching rule
_____________________________________
Now starting branching with general disjunction
Current branching Node number: 39
LP objective value: -42
Node lower bound: -42
Node upper bound: -41
gap to the primal bound: 0.0487805
Preck submodel is infeasible, continue branching
Time limit exceeded (1033.74s), stopping submodel solve loop
General disjunction: No feasible solution found, use SCIP default branching rule
_____________________________________
Now starting branching with general disjunction
Current branching Node number: 41
LP objective value: -42
Node lower bound: -42
Node upper bound: -41
gap to the primal bound: 0.0487805
Preck submodel is infeasible, continue branching
Time limit exceeded (1319.37s), stopping submodel solve loop
General disjunction: No feasible solution found, use SCIP default branching rule
_____________________________________
Now starting branching with general disjunction
Current branching Node number: 42
LP objective value: -42
Node lower bound: -42
Node upper bound: -41
gap to the primal bound: 0.0487805
Preck submodel is infeasible, continue branching
Time limit exceeded (1004.97s), stopping submodel solve loop
General disjunction: No feasible solution found, use SCIP default branching rule
_____________________________________
Now starting branching with general disjunction
Current branching Node number: 45
LP objective value: -42
Node lower bound: -42
Node upper bound: -41
gap to the primal bound: 0.0487805
Preck submodel is infeasible, continue branching
Time limit exceeded (1059.79s), stopping submodel solve loop
General disjunction: No feasible solution found, use SCIP default branching rule
_____________________________________
Now starting branching with general disjunction
Current branching Node number: 2
LP objective value: -48.9084
Node lower bound: -43
Node upper bound: -41
gap to the primal bound: 0.0487805
Preck submodel is infeasible, continue branching
General disjunction: No feasible solution found, use SCIP default branching rule
_____________________________________
Now starting branching with general disjunction
Current branching Node number: 48
LP objective value: -48.4527
Node lower bound: -43
Node upper bound: -41
gap to the primal bound: 0.0487805
Preck submodel is infeasible, continue branching
General disjunction: No feasible solution found, use SCIP default branching rule
_____________________________________
Now starting branching with general disjunction
Current branching Node number: 51
LP objective value: -48.3779
Node lower bound: -43
Node upper bound: -41
gap to the primal bound: 0.0487805
Preck submodel is infeasible, continue branching
General disjunction: No feasible solution found, use SCIP default branching rule
_____________________________________
Now starting branching with general disjunction
Current branching Node number: 52
LP objective value: -47.8516
Node lower bound: -43
Node upper bound: -41
gap to the primal bound: 0.0487805
Preck submodel is infeasible, continue branching
General disjunction: No feasible solution found, use SCIP default branching rule
_____________________________________
Now starting branching with general disjunction
Current branching Node number: 54
LP objective value: -47.184
Node lower bound: -43
Node upper bound: -41
gap to the primal bound: 0.0487805
Preck submodel is infeasible, continue branching
General disjunction: No feasible solution found, use SCIP default branching rule
_____________________________________
Now starting branching with general disjunction
Current branching Node number: 56
LP objective value: -46.5165
Node lower bound: -43
Node upper bound: -41
gap to the primal bound: 0.0487805
Preck submodel is infeasible, continue branching
General disjunction: No feasible solution found, use SCIP default branching rule
_____________________________________
Now starting branching with general disjunction
Current branching Node number: 59
LP objective value: -46.5165
Node lower bound: -43
Node upper bound: -41
gap to the primal bound: 0.0487805
Preck submodel is infeasible, continue branching
General disjunction: No feasible solution found, use SCIP default branching rule
_____________________________________
Now starting branching with general disjunction
Current branching Node number: 61
LP objective value: -46.3627
Node lower bound: -43
Node upper bound: -41
gap to the primal bound: 0.0487805
Preck submodel is infeasible, continue branching
General disjunction: No feasible solution found, use SCIP default branching rule
_____________________________________
Now starting branching with general disjunction
Current branching Node number: 62
LP objective value: -46.3627
Node lower bound: -43
Node upper bound: -41
gap to the primal bound: 0.0487805
Preck submodel is infeasible, continue branching
General disjunction: No feasible solution found, use SCIP default branching rule
_____________________________________
Now starting branching with general disjunction
Current branching Node number: 64
LP objective value: -46.3627
Node lower bound: -43
Node upper bound: -41
gap to the primal bound: 0.0487805
Preck submodel is infeasible, continue branching
General disjunction: No feasible solution found, use SCIP default branching rule
_____________________________________
Now starting branching with general disjunction
Current branching Node number: 66
LP objective value: -46.3627
Node lower bound: -43
Node upper bound: -41
gap to the primal bound: 0.0487805
Preck submodel is infeasible, continue branching
General disjunction: No feasible solution found, use SCIP default branching rule
_____________________________________
Now starting branching with general disjunction
Current branching Node number: 69
Relpscost reduced domain, skip general disjunction branching
_____________________________________
Now starting branching with general disjunction
Current branching Node number: 69
Relpscost reduced domain, skip general disjunction branching
_____________________________________
Now starting branching with general disjunction
Current branching Node number: 69
LP objective value: -46
Node lower bound: -43
Node upper bound: -41
gap to the primal bound: 0.0487805
Preck submodel is infeasible, continue branching
General disjunction: No feasible solution found, use SCIP default branching rule
_____________________________________
Now starting branching with general disjunction
Current branching Node number: 71
Relpscost reduced domain, skip general disjunction branching
_____________________________________
Now starting branching with general disjunction
Current branching Node number: 71
LP objective value: -44
Node lower bound: -43
Node upper bound: -41
gap to the primal bound: 0.0487805
Preck submodel is infeasible, continue branching
General disjunction: No feasible solution found, use SCIP default branching rule
_____________________________________
Now starting branching with general disjunction
Current branching Node number: 72
LP objective value: -44
Node lower bound: -43
Node upper bound: -41
gap to the primal bound: 0.0487805
Preck submodel is infeasible, continue branching
General disjunction: No feasible solution found, use SCIP default branching rule
_____________________________________
Now starting branching with general disjunction
Current branching Node number: 75
Relpscost reduced domain, skip general disjunction branching
_____________________________________
Now starting branching with general disjunction
Current branching Node number: 75
LP objective value: -42
Node lower bound: -42
Node upper bound: -41
gap to the primal bound: 0.0487805
Preck submodel is infeasible, continue branching
Time limit exceeded (1424.57s), stopping submodel solve loop
General disjunction: No feasible solution found, use SCIP default branching rule
_____________________________________
Now starting branching with general disjunction
Current branching Node number: 76
LP objective value: -42
Node lower bound: -42
Node upper bound: -41
gap to the primal bound: 0.0487805
Preck submodel is infeasible, continue branching
Time limit exceeded (1186.42s), stopping submodel solve loop
General disjunction: No feasible solution found, use SCIP default branching rule
_____________________________________
Now starting branching with general disjunction
Current branching Node number: 78
LP objective value: -42
Node lower bound: -42
Node upper bound: -41
gap to the primal bound: 0.0487805
Preck submodel is infeasible, continue branching
Time limit exceeded (1112.45s), stopping submodel solve loop
General disjunction: No feasible solution found, use SCIP default branching rule
_____________________________________
Now starting branching with general disjunction
Current branching Node number: 81
LP objective value: -42
Node lower bound: -42
Node upper bound: -41
gap to the primal bound: 0.0487805
Preck submodel is infeasible, continue branching
Time limit exceeded (1056.05s), stopping submodel solve loop
General disjunction: No feasible solution found, use SCIP default branching rule
_____________________________________
Now starting branching with general disjunction
Current branching Node number: 83
LP objective value: -42
Node lower bound: -42
Node upper bound: -41
gap to the primal bound: 0.0487805
Preck submodel is infeasible, continue branching
Time limit exceeded (1530.01s), stopping submodel solve loop
General disjunction: No feasible solution found, use SCIP default branching rule
_____________________________________
Now starting branching with general disjunction
Current branching Node number: 85
Relpscost reduced domain, skip general disjunction branching
_____________________________________
Now starting branching with general disjunction
Current branching Node number: 74
LP objective value: -44
Node lower bound: -43
Node upper bound: -41
gap to the primal bound: 0.0487805
Preck submodel is infeasible, continue branching
General disjunction: No feasible solution found, use SCIP default branching rule
_____________________________________
Now starting branching with general disjunction
Current branching Node number: 87
Relpscost reduced domain, skip general disjunction branching
_____________________________________
Now starting branching with general disjunction
Current branching Node number: 87
LP objective value: -42
Node lower bound: -42
Node upper bound: -41
gap to the primal bound: 0.0487805
Preck submodel is infeasible, continue branching
Time limit exceeded (1192.15s), stopping submodel solve loop
General disjunction: No feasible solution found, use SCIP default branching rule
_____________________________________
Now starting branching with general disjunction
Current branching Node number: 89
LP objective value: -42
Node lower bound: -42
Node upper bound: -41
gap to the primal bound: 0.0487805
Preck submodel is infeasible, continue branching
General disjunction: No feasible solution found, use SCIP default branching rule
_____________________________________
Now starting branching with general disjunction
Current branching Node number: 90
Relpscost reduced domain, skip general disjunction branching
_____________________________________
Now starting branching with general disjunction
Current branching Node number: 90
LP objective value: -42
Node lower bound: -42
Node upper bound: -41
gap to the primal bound: 0.0487805
Preck submodel is infeasible, continue branching
General disjunction: No feasible solution found, use SCIP default branching rule
_____________________________________
Now starting branching with general disjunction
Current branching Node number: 93
Relpscost reduced domain, skip general disjunction branching
_____________________________________
Now starting branching with general disjunction
Current branching Node number: 92
Relpscost reduced domain, skip general disjunction branching
_____________________________________
Now starting branching with general disjunction
Current branching Node number: 92
Relpscost reduced domain, skip general disjunction branching
_____________________________________
Now starting branching with general disjunction
Current branching Node number: 92
LP objective value: -42
Node lower bound: -42
Node upper bound: -41
gap to the primal bound: 0.0487805
Preck submodel is infeasible, continue branching
General disjunction: No feasible solution found, use SCIP default branching rule
_____________________________________
Now starting branching with general disjunction
Current branching Node number: 95
Relpscost reduced domain, skip general disjunction branching
_____________________________________
Now starting branching with general disjunction
Current branching Node number: 95
Relpscost reduced domain, skip general disjunction branching
_____________________________________
Now starting branching with general disjunction
Current branching Node number: 94
Relpscost reduced domain, skip general disjunction branching
_____________________________________
Now starting branching with general disjunction
Current branching Node number: 94
Relpscost reduced domain, skip general disjunction branching
_____________________________________
Now starting branching with general disjunction
Current branching Node number: 94
Relpscost reduced domain, skip general disjunction branching
_____________________________________
Now starting branching with general disjunction
Current branching Node number: 73
LP objective value: -44
Node lower bound: -43
Node upper bound: -41
gap to the primal bound: 0.0487805
Preck submodel is infeasible, continue branching
General disjunction: No feasible solution found, use SCIP default branching rule
_____________________________________
Now starting branching with general disjunction
Current branching Node number: 97
LP objective value: -42.7505
Node lower bound: -42.7505
Node upper bound: -41
gap to the primal bound: 0.0487805
Preck submodel is infeasible, continue branching
General disjunction: Only Right constraint added:
_____________________________________
Now starting branching with general disjunction
Current branching Node number: 97
LP objective value: -42
Node lower bound: -42
Node upper bound: -41
gap to the primal bound: 0.0487805
Preck submodel is infeasible, continue branching
General disjunction: No feasible solution found, use SCIP default branching rule
_____________________________________
Now starting branching with general disjunction
Current branching Node number: 99
LP objective value: -42
Node lower bound: -42
Node upper bound: -41
gap to the primal bound: 0.0487805
Preck submodel is infeasible, continue branching
General disjunction: No feasible solution found, use SCIP default branching rule
_____________________________________
Now starting branching with general disjunction
Current branching Node number: 101
LP objective value: -42
Node lower bound: -42
Node upper bound: -41
gap to the primal bound: 0.0487805
Preck submodel is infeasible, continue branching
General disjunction: No feasible solution found, use SCIP default branching rule
_____________________________________
Now starting branching with general disjunction
Current branching Node number: 103
LP objective value: -42
Node lower bound: -42
Node upper bound: -41
gap to the primal bound: 0.0487805
Preck submodel is infeasible, continue branching
General disjunction: No feasible solution found, use SCIP default branching rule
_____________________________________
Now starting branching with general disjunction
Current branching Node number: 96
LP objective value: -44
Node lower bound: -43
Node upper bound: -41
gap to the primal bound: 0.0487805
Preck submodel is infeasible, continue branching
Time limit exceeded (1057.64s), stopping submodel solve loop
General disjunction: No feasible solution found, use SCIP default branching rule
_____________________________________
Now starting branching with general disjunction
Current branching Node number: 107
Relpscost reduced domain, skip general disjunction branching
_____________________________________
Now starting branching with general disjunction
Current branching Node number: 107
LP objective value: -42
Node lower bound: -42
Node upper bound: -41
gap to the primal bound: 0.0487805
Preck submodel is infeasible, continue branching
Time limit exceeded (1297.79s), stopping submodel solve loop
General disjunction: No feasible solution found, use SCIP default branching rule
_____________________________________
Now starting branching with general disjunction
Current branching Node number: 109
LP objective value: -42
Node lower bound: -42
Node upper bound: -41
gap to the primal bound: 0.0487805
Preck submodel is infeasible, continue branching
Time limit exceeded (1962.14s), stopping submodel solve loop
General disjunction: No feasible solution found, use SCIP default branching rule
_____________________________________
Now starting branching with general disjunction
Current branching Node number: 110
LP objective value: -42
Node lower bound: -42
Node upper bound: -41
gap to the primal bound: 0.0487805
Preck submodel is infeasible, continue branching
Time limit exceeded (1009.49s), stopping submodel solve loop
General disjunction: No feasible solution found, use SCIP default branching rule
_____________________________________
Now starting branching with general disjunction
Current branching Node number: 113
LP objective value: -42
Node lower bound: -42
Node upper bound: -41
gap to the primal bound: 0.0487805
Preck submodel is infeasible, continue branching
General disjunction: No feasible solution found, use SCIP default branching rule
_____________________________________
Now starting branching with general disjunction
Current branching Node number: 114
LP objective value: -42
Node lower bound: -42
Node upper bound: -41
gap to the primal bound: 0.0487805
Preck submodel is infeasible, continue branching
Time limit exceeded (1669.86s), stopping submodel solve loop
General disjunction: No feasible solution found, use SCIP default branching rule
_____________________________________
Now starting branching with general disjunction
Current branching Node number: 116
LP objective value: -42
Node lower bound: -42
Node upper bound: -41
gap to the primal bound: 0.0487805
Preck submodel is infeasible, continue branching
General disjunction: No feasible solution found, use SCIP default branching rule
_____________________________________
Now starting branching with general disjunction
Current branching Node number: 119
LP objective value: -42
Node lower bound: -42
Node upper bound: -41
gap to the primal bound: 0.0487805
Preck submodel is infeasible, continue branching
General disjunction: No feasible solution found, use SCIP default branching rule
_____________________________________
Now starting branching with general disjunction
Current branching Node number: 121
LP objective value: -42
Node lower bound: -42
Node upper bound: -41
gap to the primal bound: 0.0487805
Preck submodel is infeasible, continue branching
General disjunction: No feasible solution found, use SCIP default branching rule
_____________________________________
Now starting branching with general disjunction
Current branching Node number: 123
LP objective value: -42
Node lower bound: -42
Node upper bound: -41
gap to the primal bound: 0.0487805
Preck submodel is infeasible, continue branching
Time limit exceeded (1688.05s), stopping submodel solve loop
General disjunction: No feasible solution found, use SCIP default branching rule
_____________________________________
Now starting branching with general disjunction
Current branching Node number: 125
LP objective value: -42
Node lower bound: -42
Node upper bound: -41
gap to the primal bound: 0.0487805
Preck submodel is infeasible, continue branching
Time limit exceeded (1285.46s), stopping submodel solve loop
General disjunction: No feasible solution found, use SCIP default branching rule
_____________________________________
Now starting branching with general disjunction
Current branching Node number: 126
LP objective value: -42
Node lower bound: -42
Node upper bound: -41
gap to the primal bound: 0.0487805
Preck submodel is infeasible, continue branching
Time limit exceeded (1111.34s), stopping submodel solve loop
General disjunction: No feasible solution found, use SCIP default branching rule
_____________________________________
Now starting branching with general disjunction
Current branching Node number: 68
LP objective value: -44.3816
Node lower bound: -43
Node upper bound: -41
gap to the primal bound: 0.0487805
Preck submodel is infeasible, continue branching
General disjunction: No feasible solution found, use SCIP default branching rule
_____________________________________
Now starting branching with general disjunction
Current branching Node number: 13
LP objective value: -46.0111
Node lower bound: -43
Node upper bound: -41
gap to the primal bound: 0.0487805
Preck submodel is infeasible, continue branching
General disjunction: No feasible solution found, use SCIP default branching rule
_____________________________________
Now starting branching with general disjunction
Current branching Node number: 133
LP objective value: -46.0111
Node lower bound: -43
Node upper bound: -41
gap to the primal bound: 0.0487805
Preck submodel is infeasible, continue branching
General disjunction: No feasible solution found, use SCIP default branching rule
_____________________________________
Now starting branching with general disjunction
Current branching Node number: 135
LP objective value: -45.9579
Node lower bound: -43
Node upper bound: -41
gap to the primal bound: 0.0487805
Preck submodel is infeasible, continue branching
General disjunction: No feasible solution found, use SCIP default branching rule
_____________________________________
Now starting branching with general disjunction
Current branching Node number: 136
LP objective value: -45.7361
Node lower bound: -43
Node upper bound: -41
gap to the primal bound: 0.0487805
Preck submodel is infeasible, continue branching
General disjunction: No feasible solution found, use SCIP default branching rule
_____________________________________
Now starting branching with general disjunction
Current branching Node number: 139
LP objective value: -45.6801
Node lower bound: -43
Node upper bound: -41
gap to the primal bound: 0.0487805
Preck submodel is infeasible, continue branching
General disjunction: No feasible solution found, use SCIP default branching rule
_____________________________________
Now starting branching with general disjunction
Current branching Node number: 141
LP objective value: -45.5681
Node lower bound: -43
Node upper bound: -41
gap to the primal bound: 0.0487805
Preck submodel is infeasible, continue branching
General disjunction: No feasible solution found, use SCIP default branching rule
_____________________________________
Now starting branching with general disjunction
Current branching Node number: 143
LP objective value: -45.3829
Node lower bound: -43
Node upper bound: -41
gap to the primal bound: 0.0487805
Preck submodel is infeasible, continue branching
General disjunction: No feasible solution found, use SCIP default branching rule
  769m|   100 |    45 |   421 |   3.9 |  2946k |  27 | 120 | 171 | 170 |   0 |  1 |   0 | 274 |-4.300000e+01 |-4.100000e+01 |   4.88%|   0.71%
_____________________________________
Now starting branching with general disjunction
Current branching Node number: 145
LP objective value: -45.3829
Node lower bound: -43
Node upper bound: -41
gap to the primal bound: 0.0487805
Preck submodel is infeasible, continue branching
General disjunction: No feasible solution found, use SCIP default branching rule
_____________________________________
Now starting branching with general disjunction
Current branching Node number: 146
LP objective value: -45.2681
Node lower bound: -43
Node upper bound: -41
gap to the primal bound: 0.0487805
Preck submodel is infeasible, continue branching
General disjunction: No feasible solution found, use SCIP default branching rule
_____________________________________
Now starting branching with general disjunction
Current branching Node number: 149
LP objective value: -44.9544
Node lower bound: -43
Node upper bound: -41
gap to the primal bound: 0.0487805
Preck submodel is infeasible, continue branching
General disjunction: No feasible solution found, use SCIP default branching rule
_____________________________________
Now starting branching with general disjunction
Current branching Node number: 151
LP objective value: -43.6154
Node lower bound: -43
Node upper bound: -41
gap to the primal bound: 0.0487805
Preck submodel is infeasible, continue branching
General disjunction: Infeasible disjunction
_____________________________________
Now starting branching with general disjunction
Current branching Node number: 150
LP objective value: -44.9544
Node lower bound: -43
Node upper bound: -41
gap to the primal bound: 0.0487805
Preck submodel is infeasible, continue branching
Time limit exceeded (1037.97s), stopping submodel solve loop
General disjunction: No feasible solution found, use SCIP default branching rule
_____________________________________
Now starting branching with general disjunction
Current branching Node number: 152
LP objective value: -44.9544
Node lower bound: -43
Node upper bound: -41
gap to the primal bound: 0.0487805
Preck submodel is infeasible, continue branching
General disjunction: No feasible solution found, use SCIP default branching rule
_____________________________________
Now starting branching with general disjunction
Current branching Node number: 154
LP objective value: -44.9544
Node lower bound: -43
Node upper bound: -41
gap to the primal bound: 0.0487805
Preck submodel is infeasible, continue branching
General disjunction: No feasible solution found, use SCIP default branching rule
_____________________________________
Now starting branching with general disjunction
Current branching Node number: 157
Relpscost reduced domain, skip general disjunction branching
_____________________________________
Now starting branching with general disjunction
Current branching Node number: 157
LP objective value: -43.6533
Node lower bound: -43
Node upper bound: -41
gap to the primal bound: 0.0487805
Preck submodel is infeasible, continue branching
General disjunction: Infeasible disjunction
_____________________________________
Now starting branching with general disjunction
Current branching Node number: 156
LP objective value: -44.9544
Node lower bound: -43
Node upper bound: -41
gap to the primal bound: 0.0487805
Preck submodel is infeasible, continue branching
General disjunction: No feasible solution found, use SCIP default branching rule
_____________________________________
Now starting branching with general disjunction
Current branching Node number: 159
LP objective value: -44.9544
Node lower bound: -43
Node upper bound: -41
gap to the primal bound: 0.0487805
Preck submodel is infeasible, continue branching
General disjunction: Infeasible disjunction
_____________________________________
Now starting branching with general disjunction
Current branching Node number: 158
LP objective value: -44.9544
Node lower bound: -43
Node upper bound: -41
gap to the primal bound: 0.0487805
Preck submodel is infeasible, continue branching
General disjunction: No feasible solution found, use SCIP default branching rule
_____________________________________
Now starting branching with general disjunction
Current branching Node number: 161
Relpscost reduced domain, skip general disjunction branching
_____________________________________
Now starting branching with general disjunction
Current branching Node number: 161
Relpscost reduced domain, skip general disjunction branching
_____________________________________
Now starting branching with general disjunction
Current branching Node number: 160
LP objective value: -44.9544
Node lower bound: -43
Node upper bound: -41
gap to the primal bound: 0.0487805
Preck submodel is infeasible, continue branching
Time limit exceeded (1163.16s), stopping submodel solve loop
General disjunction: No feasible solution found, use SCIP default branching rule
_____________________________________
Now starting branching with general disjunction
Current branching Node number: 163
Relpscost reduced domain, skip general disjunction branching
_____________________________________
Now starting branching with general disjunction
Current branching Node number: 163
LP objective value: -42.668
Node lower bound: -42.668
Node upper bound: -41
gap to the primal bound: 0.0487805
Preck submodel is infeasible, continue branching
General disjunction: Only Left constraint added:
_____________________________________
Now starting branching with general disjunction
Current branching Node number: 163
LP objective value: -42
Node lower bound: -42
Node upper bound: -41
gap to the primal bound: 0.0487805
Preck submodel is infeasible, continue branching
General disjunction: Infeasible disjunction
_____________________________________
Now starting branching with general disjunction
Current branching Node number: 162
Relpscost reduced domain, skip general disjunction branching
_____________________________________
Now starting branching with general disjunction
Current branching Node number: 162
LP objective value: -44.2874
Node lower bound: -42.5871
Node upper bound: -41
gap to the primal bound: 0.0487805
Preck submodel is infeasible, continue branching
General disjunction: No feasible solution found, use SCIP default branching rule
_____________________________________
Now starting branching with general disjunction
Current branching Node number: 165
Relpscost reduced domain, skip general disjunction branching
_____________________________________
Now starting branching with general disjunction
Current branching Node number: 165
LP objective value: -42.0059
Node lower bound: -42.0059
Node upper bound: -41
gap to the primal bound: 0.0487805
Preck submodel is infeasible, continue branching
General disjunction: Infeasible disjunction
_____________________________________
Now starting branching with general disjunction
Current branching Node number: 164
Relpscost reduced domain, skip general disjunction branching
_____________________________________
Now starting branching with general disjunction
Current branching Node number: 164
LP objective value: -42.0059
Node lower bound: -42.0059
Node upper bound: -41
gap to the primal bound: 0.0487805
Preck submodel is infeasible, continue branching
General disjunction: Infeasible disjunction
_____________________________________
Now starting branching with general disjunction
Current branching Node number: 144
Relpscost reduced domain, skip general disjunction branching
_____________________________________
Now starting branching with general disjunction
Current branching Node number: 144
LP objective value: -43.2774
Node lower bound: -43
Node upper bound: -41
gap to the primal bound: 0.0487805
Preck submodel is infeasible, continue branching
Time limit exceeded (1175.32s), stopping submodel solve loop
General disjunction: No feasible solution found, use SCIP default branching rule
_____________________________________
Now starting branching with general disjunction
Current branching Node number: 167
Relpscost reduced domain, skip general disjunction branching
_____________________________________
Now starting branching with general disjunction
Current branching Node number: 167
LP objective value: -42.6773
Node lower bound: -42.6773
Node upper bound: -41
gap to the primal bound: 0.0487805
Preck submodel is infeasible, continue branching
Time limit exceeded (1091.57s), stopping submodel solve loop
General disjunction: Only Right constraint added:
_____________________________________
Now starting branching with general disjunction
Current branching Node number: 167
LP objective value: -42
Node lower bound: -42
Node upper bound: -41
gap to the primal bound: 0.0487805
Preck submodel is infeasible, continue branching
Time limit exceeded (1106.62s), stopping submodel solve loop
General disjunction: No feasible solution found, use SCIP default branching rule
_____________________________________
Now starting branching with general disjunction
Current branching Node number: 168
LP objective value: -42
Node lower bound: -42
Node upper bound: -41
gap to the primal bound: 0.0487805
Preck submodel is infeasible, continue branching
Time limit exceeded (1159.19s), stopping submodel solve loop
General disjunction: No feasible solution found, use SCIP default branching rule
_____________________________________
Now starting branching with general disjunction
Current branching Node number: 170
LP objective value: -42
Node lower bound: -42
Node upper bound: -41
gap to the primal bound: 0.0487805
Preck submodel is infeasible, continue branching
Time limit exceeded (1164.84s), stopping submodel solve loop
General disjunction: No feasible solution found, use SCIP default branching rule
_____________________________________
Now starting branching with general disjunction
Current branching Node number: 172
LP objective value: -42
Node lower bound: -42
Node upper bound: -41
gap to the primal bound: 0.0487805
Preck submodel is infeasible, continue branching
Time limit exceeded (1162.55s), stopping submodel solve loop
General disjunction: No feasible solution found, use SCIP default branching rule
_____________________________________
Now starting branching with general disjunction
Current branching Node number: 174
LP objective value: -42
Node lower bound: -42
Node upper bound: -41
gap to the primal bound: 0.0487805
Preck submodel is infeasible, continue branching
Time limit exceeded (1007.18s), stopping submodel solve loop
General disjunction: No feasible solution found, use SCIP default branching rule
_____________________________________
Now starting branching with general disjunction
Current branching Node number: 176
LP objective value: -42
Node lower bound: -42
Node upper bound: -41
gap to the primal bound: 0.0487805
Preck submodel is infeasible, continue branching
Time limit exceeded (1764.8s), stopping submodel solve loop
General disjunction: No feasible solution found, use SCIP default branching rule
_____________________________________
Now starting branching with general disjunction
Current branching Node number: 178
LP objective value: -42
Node lower bound: -42
Node upper bound: -41
gap to the primal bound: 0.0487805
Preck submodel is infeasible, continue branching
General disjunction: Infeasible disjunction
_____________________________________
Now starting branching with general disjunction
Current branching Node number: 166
LP objective value: -43
Node lower bound: -43
Node upper bound: -41
gap to the primal bound: 0.0487805
Preck submodel is infeasible, continue branching
Time limit exceeded (1686.73s), stopping submodel solve loop
General disjunction: No feasible solution found, use SCIP default branching rule
_____________________________________
Now starting branching with general disjunction
Current branching Node number: 180
LP objective value: -43
Node lower bound: -43
Node upper bound: -41
gap to the primal bound: 0.0487805
Preck submodel is infeasible, continue branching
Time limit exceeded (1344.35s), stopping submodel solve loop
General disjunction: No feasible solution found, use SCIP default branching rule
_____________________________________
Now starting branching with general disjunction
Current branching Node number: 182
LP objective value: -43
Node lower bound: -43
Node upper bound: -41
gap to the primal bound: 0.0487805
Preck submodel is infeasible, continue branching
Time limit exceeded (1026.91s), stopping submodel solve loop
General disjunction: No feasible solution found, use SCIP default branching rule
_____________________________________
Now starting branching with general disjunction
Current branching Node number: 184
LP objective value: -43
Node lower bound: -43
Node upper bound: -41
gap to the primal bound: 0.0487805
Preck submodel is infeasible, continue branching
Time limit exceeded (1019.39s), stopping submodel solve loop
General disjunction: No feasible solution found, use SCIP default branching rule
_____________________________________
Now starting branching with general disjunction
Current branching Node number: 187
LP objective value: -42.0288
Node lower bound: -42.0288
Node upper bound: -41
gap to the primal bound: 0.0487805
Preck submodel is infeasible, continue branching
General disjunction: Infeasible disjunction
_____________________________________
Now starting branching with general disjunction
Current branching Node number: 186
LP objective value: -43
Node lower bound: -43
Node upper bound: -41
gap to the primal bound: 0.0487805
Preck submodel is infeasible, continue branching
Time limit exceeded (1575.13s), stopping submodel solve loop
General disjunction: No feasible solution found, use SCIP default branching rule
_____________________________________
Now starting branching with general disjunction
Current branching Node number: 188
LP objective value: -43
Node lower bound: -43
Node upper bound: -41
gap to the primal bound: 0.0487805
Preck submodel is infeasible, continue branching
Time limit exceeded (1186.63s), stopping submodel solve loop
General disjunction: Only Right constraint added:
_____________________________________
Now starting branching with general disjunction
Current branching Node number: 188
Relpscost reduced domain, skip general disjunction branching
_____________________________________
Now starting branching with general disjunction
Current branching Node number: 188
Relpscost reduced domain, skip general disjunction branching
_____________________________________
Now starting branching with general disjunction
Current branching Node number: 188
LP objective value: -42.2377
Node lower bound: -42.2377
Node upper bound: -41
gap to the primal bound: 0.0487805
Preck submodel is infeasible, continue branching
Time limit exceeded (1070.5s), stopping submodel solve loop
General disjunction: Both Children are added
_____________________________________
Now starting branching with general disjunction
Current branching Node number: 190
Relpscost reduced domain, skip general disjunction branching
_____________________________________
Now starting branching with general disjunction
Current branching Node number: 191
LP objective value: -42
Node lower bound: -42
Node upper bound: -41
gap to the primal bound: 0.0487805
Preck submodel is infeasible, continue branching
Time limit exceeded (1111.78s), stopping submodel solve loop
General disjunction: No feasible solution found, use SCIP default branching rule
_____________________________________
Now starting branching with general disjunction
Current branching Node number: 192
LP objective value: -42
Node lower bound: -42
Node upper bound: -41
gap to the primal bound: 0.0487805
Preck submodel is infeasible, continue branching
Time limit exceeded (1166.1s), stopping submodel solve loop
General disjunction: No feasible solution found, use SCIP default branching rule
_____________________________________
Now starting branching with general disjunction
Current branching Node number: 194
LP objective value: -42
Node lower bound: -42
Node upper bound: -41
gap to the primal bound: 0.0487805
Preck submodel is infeasible, continue branching
General disjunction: No feasible solution found, use SCIP default branching rule
_____________________________________
Now starting branching with general disjunction
Current branching Node number: 196
Relpscost reduced domain, skip general disjunction branching
_____________________________________
Now starting branching with general disjunction
Current branching Node number: 196
LP objective value: -42
Node lower bound: -42
Node upper bound: -41
gap to the primal bound: 0.0487805
Preck submodel is infeasible, continue branching
General disjunction: No feasible solution found, use SCIP default branching rule
_____________________________________
Now starting branching with general disjunction
Current branching Node number: 199
LP objective value: -42
Node lower bound: -42
Node upper bound: -41
gap to the primal bound: 0.0487805
Preck submodel is infeasible, continue branching
General disjunction: No feasible solution found, use SCIP default branching rule
_____________________________________
Now starting branching with general disjunction
Current branching Node number: 201
LP objective value: -42
Node lower bound: -42
Node upper bound: -41
gap to the primal bound: 0.0487805
Preck submodel is infeasible, continue branching
General disjunction: No feasible solution found, use SCIP default branching rule
_____________________________________
Now starting branching with general disjunction
Current branching Node number: 202
Relpscost reduced domain, skip general disjunction branching
_____________________________________
Now starting branching with general disjunction
Current branching Node number: 202
Relpscost reduced domain, skip general disjunction branching
_____________________________________
Now starting branching with general disjunction
Current branching Node number: 202
LP objective value: -42
Node lower bound: -42
Node upper bound: -41
gap to the primal bound: 0.0487805
Preck submodel is infeasible, continue branching
Time limit exceeded (1566.88s), stopping submodel solve loop
General disjunction: No feasible solution found, use SCIP default branching rule
_____________________________________
Now starting branching with general disjunction
Current branching Node number: 205
Relpscost reduced domain, skip general disjunction branching
_____________________________________
Now starting branching with general disjunction
Current branching Node number: 204
Relpscost reduced domain, skip general disjunction branching
_____________________________________
Now starting branching with general disjunction
Current branching Node number: 148
LP objective value: -45
Node lower bound: -43
Node upper bound: -41
gap to the primal bound: 0.0487805
Preck submodel is infeasible, continue branching
Time limit exceeded (1113.43s), stopping submodel solve loop
General disjunction: No feasible solution found, use SCIP default branching rule
_____________________________________
Now starting branching with general disjunction
Current branching Node number: 207
Relpscost reduced domain, skip general disjunction branching
_____________________________________
Now starting branching with general disjunction
Current branching Node number: 207
LP objective value: -43
Node lower bound: -43
Node upper bound: -41
gap to the primal bound: 0.0487805
Preck submodel is infeasible, continue branching
Time limit exceeded (1107.41s), stopping submodel solve loop
General disjunction: No feasible solution found, use SCIP default branching rule
_____________________________________
Now starting branching with general disjunction
Current branching Node number: 208
LP objective value: -43
Node lower bound: -43
Node upper bound: -41
gap to the primal bound: 0.0487805
Preck submodel is infeasible, continue branching
Time limit exceeded (1384.19s), stopping submodel solve loop
General disjunction: No feasible solution found, use SCIP default branching rule
_____________________________________
Now starting branching with general disjunction
Current branching Node number: 210
LP objective value: -43
Node lower bound: -43
Node upper bound: -41
gap to the primal bound: 0.0487805
Preck submodel is infeasible, continue branching
Time limit exceeded (1378.09s), stopping submodel solve loop
General disjunction: No feasible solution found, use SCIP default branching rule

SCIP Status        : solving was interrupted [time limit reached]
Solving Time (sec) : 86820.58
Solving Nodes      : 160
Primal Bound       : -4.10000000000000e+01 (1 solutions)
Dual Bound         : -4.30000000000000e+01
Gap                : 4.88 %

primal solution:
================

objective value:                                  -41
x3                                                  1 	(obj:0)
x24                                                 1 	(obj:0)
x26                                                 1 	(obj:0)
x27                                                 1 	(obj:0)
x36                                                 1 	(obj:0)
x37                                                 1 	(obj:0)
x38                                                 1 	(obj:0)
x49                                                 1 	(obj:0)
x51                                                 1 	(obj:0)
x53                                                 1 	(obj:0)
x55                                                 1 	(obj:0)
x81                                                 1 	(obj:0)
x57                                                 1 	(obj:0)
x59                                                 1 	(obj:0)
x65                                                 1 	(obj:0)
x82                                                 1 	(obj:-1)
x66                                                 5 	(obj:-1)
x60                                                 7 	(obj:-1)
x58                                                 9 	(obj:-1)
x56                                                 2 	(obj:-1)
x54                                                 9 	(obj:-1)
x52                                                 8 	(obj:-1)
x101                                        3.3335992 	(obj:0)
x104                                        1.2502991 	(obj:0)
x108                                        5.1189995 	(obj:0)
x127                                        7.9280005 	(obj:0)

Statistics
==========

SCIP Status        : solving was interrupted [time limit reached]
Total Time         :   86820.59
  solving          :   86820.58
  presolving       :       0.01 (included in solving)
  reading          :       0.01
  copying          :       0.00 (0 times copied the problem)
Original Problem   :
  Problem name     : noswot
  Variables        : 128 (75 binary, 25 integer, 0 implicit integer, 28 continuous)
  Constraints      : 182 initial, 182 maximal
  Objective        : minimize, 25 non-zeros (abs.min = 1, abs.max = 1)
Presolved Problem  :
  Problem name     : t_noswot
  Variables        : 120 (75 binary, 20 integer, 0 implicit integer, 25 continuous)
  Constraints      : 171 initial, 171 maximal
  Objective        : minimize, 25 non-zeros (abs.min = 1, abs.max = 1)
  Nonzeros         : 680 constraint, 5 clique table
Presolvers         :   ExecTime  SetupTime  Calls  FixedVars   AggrVars   ChgTypes  ChgBounds   AddHoles    DelCons    AddCons   ChgSides   ChgCoefs
  boundshift       :       0.00       0.00      0          0          0          0          0          0          0          0          0          0
  convertinttobin  :       0.00       0.00      0          0          0          0          0          0          0          0          0          0
  domcol           :       0.00       0.00      2          0          0          0          0          0          0          0          0          0
  dualagg          :       0.00       0.00      0          0          0          0          0          0          0          0          0          0
  dualcomp         :       0.00       0.00      2          0          0          0          0          0          0          0          0          0
  dualinfer        :       0.00       0.00      0          0          0          0          0          0          0          0          0          0
  dualsparsify     :       0.00       0.00      1          0          0          0          0          0          0          0          0          0
  gateextraction   :       0.00       0.00      0          0          0          0          0          0          0          0          0          0
  implics          :       0.00       0.00      4          0          0          0          0          0          0          0          0          0
  inttobinary      :       0.00       0.00     10          0          0          0          0          0          0          0          0          0
  qpkktref         :       0.00       0.00      0          0          0          0          0          0          0          0          0          0
  redvub           :       0.00       0.00      0          0          0          0          0          0          0          0          0          0
  sparsify         :       0.00       0.00      1          0          0          0          0          0          0          0          0          0
  stuffing         :       0.00       0.00      0          0          0          0          0          0          0          0          0          0
  trivial          :       0.00       0.00     10          0          0          0          0          0          0          0          0          0
  tworowbnd        :       0.00       0.00      0          0          0          0          0          0          0          0          0          0
  dualfix          :       0.00       0.00     10          1          0          0          0          0          0          0          0          0
  genvbounds       :       0.00       0.00      0          0          0          0          0          0          0          0          0          0
  probing          :       0.01       0.00      2          0          0          0         20          0          0          0          0          0
  pseudoobj        :       0.00       0.00      2          0          0          0          0          0          0          0          0          0
  symmetry         :       0.00       0.00      1          0          0          0          0          0          0          0          0          0
  vbounds          :       0.00       0.00      1          0          0          0          0          0          0          0          0          0
  varbound         :       0.00       0.00      5          0          0          0          0          0          0          0          0          0
  setppc           :       0.00       0.00      7          0          0          0          0          0          0          0          0          0
  linear           :       0.00       0.00     14          0          7          0        137          0         11          0         10         74
  benders          :       0.00       0.00      0          0          0          0          0          0          0          0          0          0
  components       :       0.00       0.00      1          0          0          0          0          0          0          0          0          0
  root node        :          -          -      -          0          -          -          0          -          -          -          -          -
Constraints        :     Number  MaxNumber  #Separate #Propagate    #EnfoLP    #EnfoRelax  #EnfoPS    #Check   #ResProp    Cutoffs    DomReds       Cuts    Applied      Conss   Children
  benderslp        :          0          0          0          0        157          0          0          3          0          0          0          0          0          0          0
  integral         :          0          0          0          0        157          0          0          3          0          8         85          0          0          4        212
  varbound         :         45         45          0        340          0          0          0          1          0          0          0          0          0          0          0
  setppc           :          1          1          0        335          0          0          0          1          0          0          0          0          0          0          0
  linear           :        125+       127          0        340          0          0          0          1          0          0          0          0          0          0          0
  benders          :          0          0          0          0          0          0          0          2          0          0          0          0          0          0          0
  fixedvar         :          0          0          0          0          0          0          0          2          0          0          0          0          0          0          0
  countsols        :          0          0          0          0          0          0          0          2          0          0          0          0          0          0          0
  components       :          0          0          0          0          0          0          0          0          0          0          0          0          0          0          0
Constraint Timings :  TotalTime  SetupTime   Separate  Propagate     EnfoLP     EnfoPS     EnfoRelax   Check    ResProp    SB-Prop
  benderslp        :       0.00       0.00       0.00       0.00       0.00       0.00       0.00       0.00       0.00       0.00
  integral         :   86820.49       0.00       0.00       0.00   86820.49       0.00       0.00       0.00       0.00       0.00
  varbound         :       0.00       0.00       0.00       0.00       0.00       0.00       0.00       0.00       0.00       0.00
  setppc           :       0.00       0.00       0.00       0.00       0.00       0.00       0.00       0.00       0.00       0.00
  linear           :       0.00       0.00       0.00       0.00       0.00       0.00       0.00       0.00       0.00       0.00
  benders          :       0.00       0.00       0.00       0.00       0.00       0.00       0.00       0.00       0.00       0.00
  fixedvar         :       0.00       0.00       0.00       0.00       0.00       0.00       0.00       0.00       0.00       0.00
  countsols        :       0.00       0.00       0.00       0.00       0.00       0.00       0.00       0.00       0.00       0.00
  components       :       0.00       0.00       0.00       0.00       0.00       0.00       0.00       0.00       0.00       0.00
Propagators        : #Propagate   #ResProp    Cutoffs    DomReds
  dualfix          :          1          0          0          0
  genvbounds       :          0          0          0          0
  nlobbt           :          0          0          0          0
  obbt             :          0          0          0          0
  probing          :          0          0          0          0
  pseudoobj        :          3          0          0          0
  redcost          :          2          0          0          0
  rootredcost      :          0          0          0          0
  symmetry         :          0          0          0          0
  vbounds          :          0          0          0          0
Propagator Timings :  TotalTime  SetupTime   Presolve  Propagate    ResProp    SB-Prop
  dualfix          :       0.00       0.00       0.00       0.00       0.00       0.00
  genvbounds       :       0.00       0.00       0.00       0.00       0.00       0.00
  nlobbt           :       0.00       0.00       0.00       0.00       0.00       0.00
  obbt             :       0.00       0.00       0.00       0.00       0.00       0.00
  probing          :       0.01       0.00       0.01       0.00       0.00       0.00
  pseudoobj        :       0.00       0.00       0.00       0.00       0.00       0.00
  redcost          :       0.00       0.00       0.00       0.00       0.00       0.00
  rootredcost      :       0.00       0.00       0.00       0.00       0.00       0.00
  symmetry         :       0.00       0.00       0.00       0.00       0.00       0.00
  vbounds          :       0.00       0.00       0.00       0.00       0.00       0.00
Symmetry           :
  orbitopal red.   :          0 reductions applied,          0 cutoffs
  orbital reduction:          0 reductions applied,          0 cutoffs
  lexicographic red:          0 reductions applied,          0 cutoffs
  shadow tree time :       0.00 s
Conflict Analysis  :       Time      Calls    Success    DomReds  Conflicts   Literals    Reconvs ReconvLits   Dualrays   Nonzeros   LP Iters   (pool size: [--,--])
  propagation      :       0.00          0          0          -          0        0.0          0        0.0          -          -          -
  infeasible LP    :       0.00          0          0          -          0        0.0          0        0.0          0        0.0          0
  bound exceed. LP :       0.00          0          0          -          0        0.0          0        0.0          0        0.0          0
  strong branching :       0.00          0          0          -          0        0.0          0        0.0          -          -          0
  pseudo solution  :       0.00          0          0          -          0        0.0          0        0.0          -          -          -
  applied globally :       0.00          -          -          0          0        0.0          -          -          0          -          -
  applied locally  :          -          -          -          0          0        0.0          -          -          0          -          -
Separators         :   ExecTime  SetupTime      Calls  RootCalls    Cutoffs    DomReds  FoundCuts ViaPoolAdd  DirectAdd    Applied ViaPoolApp  DirectApp      Conss
  cut pool         :       0.00          -          0          0          -          -          0          0          -          -          -          -          -    (maximal pool size:          0)
  aggregation      :       0.00       0.00          0          0          0          0          0          0          0          0          0          0          0
  > cmir           :          -          -          -          -          -          -          -          0          0          0          0          0          -
  > flowcover      :          -          -          -          -          -          -          -          0          0          0          0          0          -
  > knapsackcover  :          -          -          -          -          -          -          -          0          0          0          0          0          -
  cgmip            :       0.00       0.00          0          0          0          0          0          0          0          0          0          0          0
  clique           :       0.00       0.00          0          0          0          0          0          0          0          0          0          0          0
  closecuts        :       0.00       0.00          0          0          0          0          0          0          0          0          0          0          0
  convexproj       :       0.00       0.00          0          0          0          0          0          0          0          0          0          0          0
  disjunctive      :       0.00       0.00          0          0          0          0          0          0          0          0          0          0          0
  eccuts           :       0.00       0.00          0          0          0          0          0          0          0          0          0          0          0
  gauge            :       0.00       0.00          0          0          0          0          0          0          0          0          0          0          0
  gomory           :       0.00       0.00          0          0          0          0          0          0          0          0          0          0          0
  > gomorymi       :          -          -          -          -          -          -          -          0          0          0          0          0          -
  > strongcg       :          -          -          -          -          -          -          -          0          0          0          0          0          -
  impliedbounds    :       0.00       0.00          0          0          0          0          0          0          0          0          0          0          0
  interminor       :       0.00       0.00          0          0          0          0          0          0          0          0          0          0          0
  intobj           :       0.00       0.00          0          0          0          0          0          0          0          0          0          0          0
  lagromory        :       0.00       0.00          0          0          0          0          0          0          0          0          0          0          0
  mcf              :       0.00       0.00          0          0          0          0          0          0          0          0          0          0          0
  minor            :       0.00       0.00          0          0          0          0          0          0          0          0          0          0          0
  mixing           :       0.00       0.00          0          0          0          0          0          0          0          0          0          0          0
  oddcycle         :       0.00       0.00          0          0          0          0          0          0          0          0          0          0          0
  rapidlearning    :       0.00       0.00          0          0          0          0          0          0          0          0          0          0          0
  rlt              :       0.00       0.00          0          0          0          0          0          0          0          0          0          0          0
  zerohalf         :       0.00       0.00          0          0          0          0          0          0          0          0          0          0          0
Cutselectors       :   ExecTime  SetupTime      Calls  RootCalls   Selected     Forced   Filtered  RootSelec   RootForc   RootFilt 
  hybrid           :       0.00       0.00          0          0          0          0          0          0          0          0
  ensemble         :       0.00       0.00          0          0          0          0          0          0          0          0
  dynamic          :       0.00       0.00          0          0          0          0          0          0          0          0
Pricers            :   ExecTime  SetupTime      Calls       Vars
  problem variables:       0.00          -          0          0
Branching Rules    :   ExecTime  SetupTime   BranchLP  BranchExt   BranchPS    Cutoffs    DomReds       Cuts      Conss   Children
  allfullstrong    :       0.00       0.00          0          0          0          0          0          0          0          0
  cloud            :       0.00       0.00          0          0          0          0          0          0          0          0
  distribution     :       0.00       0.00          0          0          0          0          0          0          0          0
  fullstrong       :       0.00       0.00          0          0          0          0          0          0          0          0
  general_disjuncti:   86820.48       0.00        157          0          0          8         85          0          4          2
  GeneralDisjunction(extra): subMILPs=1848 fairNodes of all MILPs=88822541 probingLPs=238
  gomory           :       0.00       0.00          0          0          0          0          0          0          0          0
  inference        :       0.00       0.00          0          0          0          0          0          0          0          0
  leastinf         :       0.00       0.00          0          0          0          0          0          0          0          0
  lookahead        :       0.00       0.00          0          0          0          0          0          0          0          0
  mostinf          :       0.00       0.00          0          0          0          0          0          0          0          0
  multaggr         :       0.00       0.00          0          0          0          0          0          0          0          0
  nodereopt        :       0.00       0.00          0          0          0          0          0          0          0          0
  pscost           :       0.00       0.00          0          0          0          0          0          0          0          0
  random           :       0.00       0.00          0          0          0          0          0          0          0          0
  relpscost        :       0.01       0.00        105          0          0          0          0          0          0        210
  vanillafullstrong:       0.00       0.00          0          0          0          0          0          0          0          0
Primal Heuristics  :   ExecTime  SetupTime      Calls      Found       Best
  LP solutions     :       0.00          -          -          0          0
  relax solutions  :       0.00          -          -          0          0
  pseudo solutions :       0.00          -          -          0          0
  strong branching :       0.00          -          -          0          0
  actconsdiving    :       0.00       0.00          0          0          0
  adaptivediving   :       0.00       0.00          0          0          0
  alns             :       0.00       0.00          0          0          0
  bound            :       0.00       0.00          0          0          0
  clique           :       0.00       0.00          0          0          0
  coefdiving       :       0.00       0.00          0          0          0
  completesol      :       0.00       0.00          0          0          0
  conflictdiving   :       0.00       0.00          0          0          0
  crossover        :       0.00       0.00          0          0          0
  dins             :       0.00       0.00          0          0          0
  distributiondivin:       0.00       0.00          0          0          0
  dps              :       0.00       0.00          0          0          0
  dualval          :       0.00       0.00          0          0          0
  farkasdiving     :       0.00       0.00          0          0          0
  feaspump         :       0.00       0.00          0          0          0
  fixandinfer      :       0.00       0.00          0          0          0
  fracdiving       :       0.00       0.00          0          0          0
  gins             :       0.00       0.00          0          0          0
  guideddiving     :       0.00       0.00          0          0          0
  indicator        :       0.00       0.00          0          0          0
  indicatordiving  :       0.00       0.00          0          0          0
  intdiving        :       0.00       0.00          0          0          0
  intshifting      :       0.00       0.00          0          0          0
  linesearchdiving :       0.00       0.00          0          0          0
  localbranching   :       0.00       0.00          0          0          0
  locks            :       0.00       0.00          0          0          0
  lpface           :       0.00       0.00          0          0          0
  mpec             :       0.00       0.00          0          0          0
  multistart       :       0.00       0.00          0          0          0
  mutation         :       0.00       0.00          0          0          0
  nlpdiving        :       0.00       0.00          0          0          0
  objpscostdiving  :       0.00       0.00          0          0          0
  octane           :       0.00       0.00          0          0          0
  ofins            :       0.00       0.00          0          0          0
  oneopt           :       0.00       0.00          0          0          0
  padm             :       0.00       0.00          0          0          0
  proximity        :       0.00       0.00          0          0          0
  pscostdiving     :       0.00       0.00          0          0          0
  randrounding     :       0.00       0.00          0          0          0
  rens             :       0.00       0.00          0          0          0
  reoptsols        :       0.00       0.00          0          0          0
  repair           :       0.00       0.00          0          0          0
  rins             :       0.00       0.00          0          0          0
  rootsoldiving    :       0.00       0.00          0          0          0
  rounding         :       0.00       0.00          0          0          0
  scheduler        :       0.00       0.00          0          0          0
  shiftandpropagate:       0.00       0.00          0          0          0
  shifting         :       0.00       0.00          0          0          0
  simplerounding   :       0.00       0.00          0          0          0
  subnlp           :       0.00       0.00          0          0          0
  trivial          :       0.00       0.00          0          0          0
  trivialnegation  :       0.00       0.00          0          0          0
  trustregion      :       0.00       0.00          0          0          0
  trysol           :       0.00       0.00          0          0          0
  twoopt           :       0.00       0.00          0          0          0
  undercover       :       0.00       0.00          0          0          0
  vbounds          :       0.00       0.00          0          0          0
  veclendiving     :       0.00       0.00          0          0          0
  zeroobj          :       0.00       0.00          0          0          0
  zirounding       :       0.00       0.00          0          0          0
  other solutions  :          -          -          -          1          -
LNS (Scheduler)    :      Calls  SetupTime  SolveTime SolveNodes       Sols       Best       Exp3    Exp3-IX  EpsGreedy        UCB TgtFixRate  Opt  Inf Node Stal  Sol  Usr Othr Actv
  rens             :          0       0.00       0.00          0          0          0    0.00000    0.12500   -1.00000    1.00000      0.900    0    0    0    0    0    0    0    1
  rins             :          0       0.00       0.00          0          0          0    0.00000    0.12500   -1.00000    1.00000      0.900    0    0    0    0    0    0    0    1
  mutation         :          0       0.00       0.00          0          0          0    0.00000    0.12500   -1.00000    1.00000      0.900    0    0    0    0    0    0    0    1
  localbranching   :          0       0.00       0.00          0          0          0    0.00000    0.12500   -1.00000    1.00000      0.900    0    0    0    0    0    0    0    1
  crossover        :          0       0.00       0.00          0          0          0    0.00000    0.12500   -1.00000    1.00000      0.900    0    0    0    0    0    0    0    1
  proximity        :          0       0.00       0.00          0          0          0    0.00000    0.12500   -1.00000    1.00000      0.900    0    0    0    0    0    0    0    1
  zeroobjective    :          0       0.00       0.00          0          0          0    0.00000    0.12500   -1.00000    1.00000      0.900    0    0    0    0    0    0    0    1
  dins             :          0       0.00       0.00          0          0          0    0.00000    0.12500   -1.00000    1.00000      0.900    0    0    0    0    0    0    0    1
  trustregion      :          0       0.00       0.00          0          0          0    0.00000    0.00000   -1.00000    1.00000      0.900    0    0    0    0    0    0    0    0
LP                 :       Time      Calls Iterations  Iter/call   Iter/sec  Time-0-It Calls-0-It    ItLimit
  primal LP        :       0.00          0          0       0.00          -       0.00          0
  dual LP          :       0.05        203        613       3.03   12559.42       0.00          1
  lex dual LP      :       0.00          0          0       0.00          -
  barrier LP       :       0.00          0          0       0.00          -       0.00          0
  resolve instable :       0.00          0          0       0.00          -
  diving/probing LP:       0.04        217        429       1.98    9598.60
  strong branching :       0.07        334       1914       5.73   27216.49          -          -          6
    (at root node) :          -         42        322       7.67          -
  conflict analysis:       0.00          0          0       0.00          -
B&B Tree           :
  number of runs   :          1
  nodes            :        160 (106 internal, 54 leaves)
  feasible leaves  :          0
  infeas. leaves   :         12
  objective leaves :         42
  nodes (total)    :        160 (106 internal, 54 leaves)
  nodes left       :         53
  max depth        :         27
  max depth (total):         27
  backtracks       :         10 (6.2%)
  early backtracks :          0 (0.0%)
  nodes exc. ref.  :          0 (0.0%)
  delayed cutoffs  :          0
  repropagations   :          0 (0 domain reductions, 0 cutoffs)
  avg switch length:       1.99
  switching time   :       0.00
Root Node          :
  First LP value   : -5.02870876372053e+01
  First LP Iters   :         39 (7302.00 Iter/sec)
  First LP Time    :       0.01
  Final Dual Bound : -4.30000000000000e+01
  Final Root Iters :         39
  Root LP Estimate : -4.62654341377031e+01
Solution           :
  Solutions found  :          1 (1 improvements)
  First Solution   : -4.10000000000000e+01   (in run 0, after 0 nodes, 0.00 seconds, depth -1, found by <initial>)
  Gap First Sol.   :   infinite
  Gap Last Sol.    :   infinite
  Primal Bound     : -4.10000000000000e+01   (in run 0, after 0 nodes, 0.00 seconds, depth -1, found by <initial>)
  Dual Bound       : -4.30000000000000e+01
  Gap              :       4.88 %
Integrals          :      Total       Avg%
  primal-dual      :  403818.09       4.65
  primal-ref       :          -          - (not evaluated)
  dual-ref         :          -          - (not evaluated)
