SCIP version 9.2.2 [precision: 8 byte] [memory: block] [mode: optimized] [LP solver: CPLEX 12.10.0.0] [GitHash: 416226a4f8]
Copyright (c) 2002-2025 Zuse Institute Berlin (ZIB)

reading parameter file </scratch/htc/yzhou/exp_scipmip/settings/sandbox_gendj.set>

read problem </scratch/htc/yzhou/exp_scipmip/instances/additional/prod2.mps>
============

original problem has 301 variables (200 bin, 0 int, 0 impl, 101 cont) and 211 constraints
    211 constraints of type <linear>
Reading Time: 0.08

read solution </scratch/htc/yzhou/solutions/prod2.sol>
============

primal solution from solution file </scratch/htc/yzhou/solutions/prod2.sol> was accepted as candidate, will be checked when solving starts
original problem has 301 variables (200 bin, 0 int, 0 impl, 101 cont) and 211 constraints
    211 constraints of type <linear>
Reading Time: 0.15
solve problem
=============
LP Solver <CPLEX 12.10.0.0>: fastmip setting not available -- SCIP parameter has no effect
LP Solver <CPLEX 12.10.0.0>: clock type cannot be set
LP Solver <CPLEX 12.10.0.0>: row representation of the basis not available -- SCIP parameter lp/rowrepswitch has no effect
LP Solver <CPLEX 12.10.0.0>: solution polishing not available -- SCIP parameter lp/solutionpolishing has no effect
LP Solver <CPLEX 12.10.0.0>: refactorization interval not available -- SCIP parameter lp/refactorinterval has no effect
1/1 feasible solution given by solution candidate storage, new primal bound -6.200000e+01

transformed problem has 301 variables (200 bin, 0 int, 0 impl, 101 cont) and 211 constraints
    211 constraints of type <linear>

original problem has 10501 active (16.5341%) nonzeros and 10501 (16.5341%) check nonzeros

presolving:
(round 1, fast)       101 del vars, 101 del conss, 0 add conss, 2 chg bounds, 100 chg sides, 358 chg coeffs, 0 upgd conss, 0 impls, 10 clqs
(round 2, exhaustive) 101 del vars, 101 del conss, 0 add conss, 2 chg bounds, 100 chg sides, 358 chg coeffs, 10 upgd conss, 0 impls, 10 clqs
   (0.0s) probing: 51/200 (25.5%) - 0 fixings, 0 aggregations, 0 implications, 0 bound changes
   (0.0s) probing aborted: 50/50 successive totally useless probings
   (0.1s) symmetry computation started: requiring (bin +, int +, cont +), (fixed: bin -, int -, cont -)
   (0.1s) no symmetry present (symcode time: 0.00)
clique table cleanup detected 0 bound changes

presolved problem has 10200 active (46.3636%) nonzeros and 10200 (46.3636%) check nonzeros

presolving (3 rounds: 3 fast, 2 medium, 2 exhaustive):
 101 deleted vars, 101 deleted constraints, 0 added constraints, 2 tightened bounds, 0 added holes, 100 changed sides, 358 changed coefficients
 0 implications, 10 cliques
presolved problem has 200 variables (200 bin, 0 int, 0 impl, 0 cont) and 110 constraints
     10 constraints of type <setppc>
    100 constraints of type <linear>
transformed objective value is always integral (scale: 1)
Presolving Time: 0.10
transformed 1/1 original solutions to the transformed problem space

 time | node  | left  |LP iter|LP it/n|mem/heur|mdpt |vars |cons |rows |cuts |sepa|confs|strbr|  dualbound   | primalbound  |  gap   | compl. 
  0.1s|     1 |     0 |   181 |     - |    31M |   0 | 200 | 110 | 110 |   0 |  0 |   0 |   0 |-8.698077e+01 |-6.200000e+01 |  40.29%| unknown
_____________________________________
Now starting branching with general disjunction
Current branching Node number: 1
Relpscost reduced domain, skip general disjunction branching
  0.2s|     1 |     0 |   203 |     - |    31M |   0 | 200 | 105 | 110 |   0 |  1 |   0 |  11 |-8.449152e+01 |-6.200000e+01 |  36.28%| unknown
_____________________________________
Now starting branching with general disjunction
Current branching Node number: 1
Relpscost reduced domain, skip general disjunction branching
  0.2s|     1 |     0 |   224 |     - |    31M |   0 | 200 | 100 | 110 |   0 |  2 |   0 |  23 |-8.155361e+01 |-6.200000e+01 |  31.54%| unknown
_____________________________________
Now starting branching with general disjunction
Current branching Node number: 1
Relpscost reduced domain, skip general disjunction branching
  0.2s|     1 |     0 |   250 |     - |    31M |   0 | 200 |  96 | 110 |   0 |  3 |   0 |  53 |-7.891626e+01 |-6.200000e+01 |  27.28%| unknown
_____________________________________
Now starting branching with general disjunction
Current branching Node number: 1
LP objective value: 21.0837
Node lower bound: 21.1469
Node upper bound: -62
gap to the primal bound: 0.271825
Preck submodel is infeasible, continue branching
Time limit exceeded (1000.05s), stopping submodel solve loop
General disjunction: No feasible solution found, use SCIP default branching rule
 1000s|     1 |     2 |   250 |     - |    31M |   0 | 200 |  96 | 110 |   0 |  4 |   0 |  65 |-7.885314e+01 |-6.200000e+01 |  27.18%| unknown
_____________________________________
Now starting branching with general disjunction
Current branching Node number: 3
LP objective value: 21.6972
Node lower bound: 22.4194
Node upper bound: -62
gap to the primal bound: 0.271825
Preck submodel is infeasible, continue branching
Time limit exceeded (1000.04s), stopping submodel solve loop
General disjunction: No feasible solution found, use SCIP default branching rule
_____________________________________
Now starting branching with general disjunction
Current branching Node number: 5
LP objective value: 22.4194
Node lower bound: 22.7756
Node upper bound: -62
gap to the primal bound: 0.271825
Preck submodel is infeasible, continue branching
Time limit exceeded (1000.04s), stopping submodel solve loop
General disjunction: No feasible solution found, use SCIP default branching rule
_____________________________________
Now starting branching with general disjunction
Current branching Node number: 7
LP objective value: 22.9022
Node lower bound: 23.3061
Node upper bound: -62
gap to the primal bound: 0.271825
Preck submodel is infeasible, continue branching
Time limit exceeded (1000.1s), stopping submodel solve loop
General disjunction: No feasible solution found, use SCIP default branching rule
_____________________________________
Now starting branching with general disjunction
Current branching Node number: 9
LP objective value: 23.3061
Node lower bound: 23.6901
Node upper bound: -62
gap to the primal bound: 0.271825
Preck submodel is infeasible, continue branching
Time limit exceeded (1000.06s), stopping submodel solve loop
General disjunction: No feasible solution found, use SCIP default branching rule
_____________________________________
Now starting branching with general disjunction
Current branching Node number: 11
LP objective value: 23.6901
Node lower bound: 24.2629
Node upper bound: -62
gap to the primal bound: 0.271825
Preck submodel is infeasible, continue branching
Time limit exceeded (1000.07s), stopping submodel solve loop
General disjunction: No feasible solution found, use SCIP default branching rule
_____________________________________
Now starting branching with general disjunction
Current branching Node number: 13
LP objective value: 24.0511
Node lower bound: 24.683
Node upper bound: -62
gap to the primal bound: 0.271825
Preck submodel is infeasible, continue branching
Time limit exceeded (1000.05s), stopping submodel solve loop
General disjunction: No feasible solution found, use SCIP default branching rule
_____________________________________
Now starting branching with general disjunction
Current branching Node number: 15
LP objective value: 24.7718
Node lower bound: 25.4169
Node upper bound: -62
gap to the primal bound: 0.271825
Preck submodel is infeasible, continue branching
Time limit exceeded (1000.06s), stopping submodel solve loop
General disjunction: No feasible solution found, use SCIP default branching rule
_____________________________________
Now starting branching with general disjunction
Current branching Node number: 17
LP objective value: 25.4169
Node lower bound: 26.0392
Node upper bound: -62
gap to the primal bound: 0.271825
Preck submodel is infeasible, continue branching
Time limit exceeded (1000.06s), stopping submodel solve loop
General disjunction: No feasible solution found, use SCIP default branching rule
_____________________________________
Now starting branching with general disjunction
Current branching Node number: 19
LP objective value: 26.2122
Node lower bound: 26.775
Node upper bound: -62
gap to the primal bound: 0.271825
Preck submodel is infeasible, continue branching
Time limit exceeded (1000.04s), stopping submodel solve loop
General disjunction: No feasible solution found, use SCIP default branching rule
_____________________________________
Now starting branching with general disjunction
Current branching Node number: 21
LP objective value: 26.8328
Node lower bound: 27.3529
Node upper bound: -62
gap to the primal bound: 0.271825
Preck submodel is infeasible, continue branching
Time limit exceeded (1000.06s), stopping submodel solve loop
General disjunction: No feasible solution found, use SCIP default branching rule
_____________________________________
Now starting branching with general disjunction
Current branching Node number: 23
LP objective value: 27.3529
Node lower bound: 28.0492
Node upper bound: -62
gap to the primal bound: 0.271825
Preck submodel is infeasible, continue branching
Time limit exceeded (1000.07s), stopping submodel solve loop
General disjunction: No feasible solution found, use SCIP default branching rule
_____________________________________
Now starting branching with general disjunction
Current branching Node number: 25
LP objective value: 28.0492
Node lower bound: 28.42
Node upper bound: -62
gap to the primal bound: 0.271825
Preck submodel is infeasible, continue branching
Time limit exceeded (1000.05s), stopping submodel solve loop
General disjunction: No feasible solution found, use SCIP default branching rule
_____________________________________
Now starting branching with general disjunction
Current branching Node number: 27
LP objective value: 28.8019
Node lower bound: 29.2842
Node upper bound: -62
gap to the primal bound: 0.271825
Preck submodel is infeasible, continue branching
Time limit exceeded (1000.07s), stopping submodel solve loop
General disjunction: No feasible solution found, use SCIP default branching rule
_____________________________________
Now starting branching with general disjunction
Current branching Node number: 29
LP objective value: 29.4947
Node lower bound: 29.7923
Node upper bound: -62
gap to the primal bound: 0.271825
Preck submodel is infeasible, continue branching
Time limit exceeded (1976.16s), stopping submodel solve loop
General disjunction: No feasible solution found, use SCIP default branching rule
_____________________________________
Now starting branching with general disjunction
Current branching Node number: 31
LP objective value: 30.2373
Node lower bound: 30.459
Node upper bound: -62
gap to the primal bound: 0.271825
Preck submodel is infeasible, continue branching
Time limit exceeded (1460.29s), stopping submodel solve loop
General disjunction: No feasible solution found, use SCIP default branching rule
_____________________________________
Now starting branching with general disjunction
Current branching Node number: 33
LP objective value: 31.0445
Node lower bound: 31.0572
Node upper bound: -62
gap to the primal bound: 0.271825
Preck submodel is infeasible, continue branching
Time limit exceeded (1567.29s), stopping submodel solve loop
General disjunction: No feasible solution found, use SCIP default branching rule
_____________________________________
Now starting branching with general disjunction
Current branching Node number: 35
LP objective value: 31.9222
Node lower bound: 31.9694
Node upper bound: -62
gap to the primal bound: 0.271825
Preck submodel is infeasible, continue branching
Time limit exceeded (1544.3s), stopping submodel solve loop
General disjunction: No feasible solution found, use SCIP default branching rule
_____________________________________
Now starting branching with general disjunction
Current branching Node number: 37
LP objective value: 32.6462
Node lower bound: 32.8699
Node upper bound: -62
gap to the primal bound: 0.271825
Preck submodel is infeasible, continue branching
Time limit exceeded (1977.75s), stopping submodel solve loop
General disjunction: No feasible solution found, use SCIP default branching rule
_____________________________________
Now starting branching with general disjunction
Current branching Node number: 39
LP objective value: 33.3764
Node lower bound: 33.3957
Node upper bound: -62
gap to the primal bound: 0.271825
Preck submodel is infeasible, continue branching
Time limit exceeded (1000.05s), stopping submodel solve loop
General disjunction: No feasible solution found, use SCIP default branching rule
_____________________________________
Now starting branching with general disjunction
Current branching Node number: 2
LP objective value: 23.7453
Node lower bound: 23.8123
Node upper bound: -62
gap to the primal bound: 0.2513
Preck submodel is infeasible, continue branching
Time limit exceeded (1000.05s), stopping submodel solve loop
General disjunction: No feasible solution found, use SCIP default branching rule
_____________________________________
Now starting branching with general disjunction
Current branching Node number: 43
LP objective value: 24.2754
Node lower bound: 24.3423
Node upper bound: -62
gap to the primal bound: 0.2513
Preck submodel is infeasible, continue branching
Time limit exceeded (1000.08s), stopping submodel solve loop
General disjunction: No feasible solution found, use SCIP default branching rule
_____________________________________
Now starting branching with general disjunction
Current branching Node number: 45
LP objective value: 24.8846
Node lower bound: 24.8846
Node upper bound: -62
gap to the primal bound: 0.2513
Preck submodel is infeasible, continue branching
Time limit exceeded (1311.92s), stopping submodel solve loop
General disjunction: No feasible solution found, use SCIP default branching rule
_____________________________________
Now starting branching with general disjunction
Current branching Node number: 47
LP objective value: 25.3624
Node lower bound: 25.3624
Node upper bound: -62
gap to the primal bound: 0.2513
Preck submodel is infeasible, continue branching
Time limit exceeded (1885.77s), stopping submodel solve loop
General disjunction: No feasible solution found, use SCIP default branching rule
_____________________________________
Now starting branching with general disjunction
Current branching Node number: 49
Relpscost reduced domain, skip general disjunction branching
_____________________________________
Now starting branching with general disjunction
Current branching Node number: 49
LP objective value: 26.506
Node lower bound: 26.5098
Node upper bound: -62
gap to the primal bound: 0.2513
Preck submodel is infeasible, continue branching
Time limit exceeded (1000.05s), stopping submodel solve loop
General disjunction: No feasible solution found, use SCIP default branching rule
_____________________________________
Now starting branching with general disjunction
Current branching Node number: 51
Relpscost reduced domain, skip general disjunction branching
_____________________________________
Now starting branching with general disjunction
Current branching Node number: 51
LP objective value: 27.5768
Node lower bound: 27.5768
Node upper bound: -62
gap to the primal bound: 0.2513
Preck submodel is infeasible, continue branching
Time limit exceeded (1000.04s), stopping submodel solve loop
General disjunction: No feasible solution found, use SCIP default branching rule
_____________________________________
Now starting branching with general disjunction
Current branching Node number: 53
Relpscost reduced domain, skip general disjunction branching
_____________________________________
Now starting branching with general disjunction
Current branching Node number: 53
LP objective value: 29.4445
Node lower bound: 29.4469
Node upper bound: -62
gap to the primal bound: 0.2513
Preck submodel is infeasible, continue branching
Time limit exceeded (1000.06s), stopping submodel solve loop
General disjunction: No feasible solution found, use SCIP default branching rule
_____________________________________
Now starting branching with general disjunction
Current branching Node number: 55
LP objective value: 30.0979
Node lower bound: 30.1014
Node upper bound: -62
gap to the primal bound: 0.2513
Preck submodel is infeasible, continue branching
Time limit exceeded (1338.56s), stopping submodel solve loop
General disjunction: No feasible solution found, use SCIP default branching rule
_____________________________________
Now starting branching with general disjunction
Current branching Node number: 57
Relpscost reduced domain, skip general disjunction branching
_____________________________________
Now starting branching with general disjunction
Current branching Node number: 57
LP objective value: 31.2537
Node lower bound: 31.2537
Node upper bound: -62
gap to the primal bound: 0.2513
Preck submodel is infeasible, continue branching
Time limit exceeded (1657.4s), stopping submodel solve loop
General disjunction: No feasible solution found, use SCIP default branching rule
_____________________________________
Now starting branching with general disjunction
Current branching Node number: 59
Relpscost reduced domain, skip general disjunction branching
_____________________________________
Now starting branching with general disjunction
Current branching Node number: 59
LP objective value: 32.5763
Node lower bound: 32.5763
Node upper bound: -62
gap to the primal bound: 0.2513
Preck submodel is infeasible, continue branching
Time limit exceeded (1640.82s), stopping submodel solve loop
General disjunction: No feasible solution found, use SCIP default branching rule
_____________________________________
Now starting branching with general disjunction
Current branching Node number: 61
Relpscost reduced domain, skip general disjunction branching
_____________________________________
Now starting branching with general disjunction
Current branching Node number: 61
LP objective value: 36.1688
Node lower bound: 36.1717
Node upper bound: -62
gap to the primal bound: 0.2513
Preck submodel is infeasible, continue branching
Time limit exceeded (1165.72s), stopping submodel solve loop
General disjunction: No feasible solution found, use SCIP default branching rule
_____________________________________
Now starting branching with general disjunction
Current branching Node number: 63
Relpscost reduced domain, skip general disjunction branching
_____________________________________
Now starting branching with general disjunction
Current branching Node number: 16
LP objective value: 25.5334
Node lower bound: 26.1506
Node upper bound: -62
gap to the primal bound: 0.2513
Preck submodel is infeasible, continue branching
Time limit exceeded (1000.05s), stopping submodel solve loop
General disjunction: No feasible solution found, use SCIP default branching rule
_____________________________________
Now starting branching with general disjunction
Current branching Node number: 65
LP objective value: 26.1506
Node lower bound: 26.1538
Node upper bound: -62
gap to the primal bound: 0.2513
Preck submodel is infeasible, continue branching
Time limit exceeded (1000.06s), stopping submodel solve loop
General disjunction: No feasible solution found, use SCIP default branching rule
_____________________________________
Now starting branching with general disjunction
Current branching Node number: 67
LP objective value: 26.7665
Node lower bound: 26.773
Node upper bound: -62
gap to the primal bound: 0.2513
Preck submodel is infeasible, continue branching
Time limit exceeded (1000.06s), stopping submodel solve loop
General disjunction: No feasible solution found, use SCIP default branching rule
_____________________________________
Now starting branching with general disjunction
Current branching Node number: 69
LP objective value: 27.4278
Node lower bound: 27.4298
Node upper bound: -62
gap to the primal bound: 0.2513
Preck submodel is infeasible, continue branching
Time limit exceeded (1000.08s), stopping submodel solve loop
General disjunction: No feasible solution found, use SCIP default branching rule
_____________________________________
Now starting branching with general disjunction
Current branching Node number: 71
LP objective value: 28.0577
Node lower bound: 28.0577
Node upper bound: -62
gap to the primal bound: 0.2513
Preck submodel is infeasible, continue branching
Time limit exceeded (1000.05s), stopping submodel solve loop
General disjunction: No feasible solution found, use SCIP default branching rule
_____________________________________
Now starting branching with general disjunction
Current branching Node number: 73
LP objective value: 28.8066
Node lower bound: 28.8169
Node upper bound: -62
gap to the primal bound: 0.2513
Preck submodel is infeasible, continue branching
Time limit exceeded (1000.05s), stopping submodel solve loop
General disjunction: No feasible solution found, use SCIP default branching rule
_____________________________________
Now starting branching with general disjunction
Current branching Node number: 75
LP objective value: 29.4082
Node lower bound: 29.4185
Node upper bound: -62
gap to the primal bound: 0.2513
Preck submodel is infeasible, continue branching
Time limit exceeded (1000.06s), stopping submodel solve loop
General disjunction: No feasible solution found, use SCIP default branching rule
_____________________________________
Now starting branching with general disjunction
Current branching Node number: 77
LP objective value: 30.1283
Node lower bound: 30.1283
Node upper bound: -62
gap to the primal bound: 0.2513
Preck submodel is infeasible, continue branching
Time limit exceeded (1000.05s), stopping submodel solve loop
General disjunction: No feasible solution found, use SCIP default branching rule
_____________________________________
Now starting branching with general disjunction
Current branching Node number: 79
LP objective value: 30.9428
Node lower bound: 31.5284
Node upper bound: -62
gap to the primal bound: 0.2513
Preck submodel is infeasible, continue branching
Time limit exceeded (1000.06s), stopping submodel solve loop
General disjunction: No feasible solution found, use SCIP default branching rule
_____________________________________
Now starting branching with general disjunction
Current branching Node number: 81
LP objective value: 31.6961
Node lower bound: 31.8027
Node upper bound: -62
gap to the primal bound: 0.2513
Preck submodel is infeasible, continue branching
Time limit exceeded (1791.47s), stopping submodel solve loop
General disjunction: No feasible solution found, use SCIP default branching rule
_____________________________________
Now starting branching with general disjunction
Current branching Node number: 83
LP objective value: 32.373
Node lower bound: 32.6162
Node upper bound: -62
gap to the primal bound: 0.2513
Preck submodel is infeasible, continue branching
Time limit exceeded (1000.04s), stopping submodel solve loop
General disjunction: No feasible solution found, use SCIP default branching rule
_____________________________________
Now starting branching with general disjunction
Current branching Node number: 85
LP objective value: 33.1032
Node lower bound: 33.1032
Node upper bound: -62
gap to the primal bound: 0.2513
Preck submodel is infeasible, continue branching
Time limit exceeded (1398.48s), stopping submodel solve loop
General disjunction: No feasible solution found, use SCIP default branching rule
_____________________________________
Now starting branching with general disjunction
Current branching Node number: 14
LP objective value: 24.683
Node lower bound: 24.695
Node upper bound: -62
gap to the primal bound: 0.2513
Preck submodel is infeasible, continue branching
Time limit exceeded (1000.07s), stopping submodel solve loop
General disjunction: No feasible solution found, use SCIP default branching rule
_____________________________________
Now starting branching with general disjunction
Current branching Node number: 89
LP objective value: 25.2879
Node lower bound: 25.3046
Node upper bound: -62
gap to the primal bound: 0.2513
Preck submodel is infeasible, continue branching
Time limit exceeded (1000.05s), stopping submodel solve loop
General disjunction: No feasible solution found, use SCIP default branching rule
_____________________________________
Now starting branching with general disjunction
Current branching Node number: 91
LP objective value: 26.0574
Node lower bound: 26.7584
Node upper bound: -62
gap to the primal bound: 0.2513
Preck submodel is infeasible, continue branching
Time limit exceeded (1000.07s), stopping submodel solve loop
General disjunction: No feasible solution found, use SCIP default branching rule
_____________________________________
Now starting branching with general disjunction
Current branching Node number: 93
LP objective value: 26.7584
Node lower bound: 27.4976
Node upper bound: -62
gap to the primal bound: 0.2513
Preck submodel is infeasible, continue branching
Time limit exceeded (1000.05s), stopping submodel solve loop
General disjunction: No feasible solution found, use SCIP default branching rule
_____________________________________
Now starting branching with general disjunction
Current branching Node number: 93
LP objective value: 27.5067
Node lower bound: 27.5067
Node upper bound: -62
gap to the primal bound: 0.2513
Preck submodel is infeasible, continue branching
Time limit exceeded (1560.69s), stopping submodel solve loop
General disjunction: No feasible solution found, use SCIP default branching rule
_____________________________________
Now starting branching with general disjunction
Current branching Node number: 95
LP objective value: 28.2316
Node lower bound: 28.8565
Node upper bound: -62
gap to the primal bound: 0.2513
Preck submodel is infeasible, continue branching
Time limit exceeded (1000.05s), stopping submodel solve loop
General disjunction: No feasible solution found, use SCIP default branching rule
_____________________________________
Now starting branching with general disjunction
Current branching Node number: 95
LP objective value: 28.8762
Node lower bound: 28.8762
Node upper bound: -62
gap to the primal bound: 0.2513
Preck submodel is infeasible, continue branching
Time limit exceeded (1699.43s), stopping submodel solve loop
General disjunction: No feasible solution found, use SCIP default branching rule
_____________________________________
Now starting branching with general disjunction
Current branching Node number: 97
LP objective value: 29.4662
Node lower bound: 29.4662
Node upper bound: -62
gap to the primal bound: 0.2513
Preck submodel is infeasible, continue branching
Time limit exceeded (1000.05s), stopping submodel solve loop
General disjunction: No feasible solution found, use SCIP default branching rule
_____________________________________
Now starting branching with general disjunction
Current branching Node number: 99
LP objective value: 30.2658
Node lower bound: 30.2717
Node upper bound: -62
gap to the primal bound: 0.2513
Preck submodel is infeasible, continue branching
Time limit exceeded (1000.06s), stopping submodel solve loop
General disjunction: No feasible solution found, use SCIP default branching rule
_____________________________________
Now starting branching with general disjunction
Current branching Node number: 101
LP objective value: 31.0855
Node lower bound: 31.0895
Node upper bound: -62
gap to the primal bound: 0.2513
Preck submodel is infeasible, continue branching
Time limit exceeded (1000.05s), stopping submodel solve loop
General disjunction: No feasible solution found, use SCIP default branching rule
_____________________________________
Now starting branching with general disjunction
Current branching Node number: 103
LP objective value: 31.5702
Node lower bound: 31.8494
Node upper bound: -62
gap to the primal bound: 0.2513
Preck submodel is infeasible, continue branching
Time limit exceeded (1630.73s), stopping submodel solve loop
General disjunction: No feasible solution found, use SCIP default branching rule
_____________________________________
Now starting branching with general disjunction
Current branching Node number: 105
LP objective value: 32.3926
Node lower bound: 32.3992
Node upper bound: -62
gap to the primal bound: 0.2513
Preck submodel is infeasible, continue branching
Time limit exceeded (1973.79s), stopping submodel solve loop
General disjunction: No feasible solution found, use SCIP default branching rule
_____________________________________
Now starting branching with general disjunction
Current branching Node number: 107
LP objective value: 33.1453
Node lower bound: 33.5311
Node upper bound: -62
gap to the primal bound: 0.2513
Preck submodel is infeasible, continue branching
Time limit exceeded (1001.56s), stopping submodel solve loop
General disjunction: No feasible solution found, use SCIP default branching rule
_____________________________________
Now starting branching with general disjunction
Current branching Node number: 109
LP objective value: 33.8762
Node lower bound: 33.8768
Node upper bound: -62
gap to the primal bound: 0.2513
Preck submodel is infeasible, continue branching
Time limit exceeded (1000.07s), stopping submodel solve loop
General disjunction: No feasible solution found, use SCIP default branching rule
_____________________________________
Now starting branching with general disjunction
Current branching Node number: 26
LP objective value: 28.42
Node lower bound: 28.8726
Node upper bound: -62
gap to the primal bound: 0.2513
Preck submodel is infeasible, continue branching
Time limit exceeded (1000.06s), stopping submodel solve loop
General disjunction: No feasible solution found, use SCIP default branching rule
_____________________________________
Now starting branching with general disjunction
Current branching Node number: 113
LP objective value: 29.1735
Node lower bound: 29.1735
Node upper bound: -62
gap to the primal bound: 0.2513
Preck submodel is infeasible, continue branching
Time limit exceeded (1000.06s), stopping submodel solve loop
General disjunction: No feasible solution found, use SCIP default branching rule
_____________________________________
Now starting branching with general disjunction
Current branching Node number: 115
LP objective value: 29.8644
Node lower bound: 29.8644
Node upper bound: -62
gap to the primal bound: 0.2513
Preck submodel is infeasible, continue branching
Time limit exceeded (1000.05s), stopping submodel solve loop
General disjunction: No feasible solution found, use SCIP default branching rule
_____________________________________
Now starting branching with general disjunction
Current branching Node number: 117
LP objective value: 30.5867
Node lower bound: 30.5867
Node upper bound: -62
gap to the primal bound: 0.2513
Preck submodel is infeasible, continue branching
Time limit exceeded (1885.59s), stopping submodel solve loop
General disjunction: No feasible solution found, use SCIP default branching rule
_____________________________________
Now starting branching with general disjunction
Current branching Node number: 119
LP objective value: 31.1905
Node lower bound: 31.191
Node upper bound: -62
gap to the primal bound: 0.2513
Preck submodel is infeasible, continue branching
Time limit exceeded (1440.57s), stopping submodel solve loop
General disjunction: No feasible solution found, use SCIP default branching rule
_____________________________________
Now starting branching with general disjunction
Current branching Node number: 121
LP objective value: 31.9078
Node lower bound: 31.9078
Node upper bound: -62
gap to the primal bound: 0.2513
Preck submodel is infeasible, continue branching
Time limit exceeded (1000.04s), stopping submodel solve loop
General disjunction: No feasible solution found, use SCIP default branching rule
_____________________________________
Now starting branching with general disjunction
Current branching Node number: 123
LP objective value: 32.7808
Node lower bound: 32.9016
Node upper bound: -62
gap to the primal bound: 0.2513
Preck submodel is infeasible, continue branching
Time limit exceeded (1239.75s), stopping submodel solve loop
General disjunction: No feasible solution found, use SCIP default branching rule
_____________________________________
Now starting branching with general disjunction
Current branching Node number: 125
LP objective value: 33.6145
Node lower bound: 33.8157
Node upper bound: -62
gap to the primal bound: 0.2513
Preck submodel is infeasible, continue branching
Time limit exceeded (1000.06s), stopping submodel solve loop
General disjunction: No feasible solution found, use SCIP default branching rule
_____________________________________
Now starting branching with general disjunction
Current branching Node number: 127
LP objective value: 34.411
Node lower bound: 34.411
Node upper bound: -62
gap to the primal bound: 0.2513
Preck submodel is infeasible, continue branching
Time limit exceeded (1000.06s), stopping submodel solve loop
General disjunction: No feasible solution found, use SCIP default branching rule
_____________________________________
Now starting branching with general disjunction
Current branching Node number: 129
LP objective value: 35.1987
Node lower bound: 35.1987
Node upper bound: -62
gap to the primal bound: 0.2513
Preck submodel is infeasible, continue branching
Time limit exceeded (1177.14s), stopping submodel solve loop
General disjunction: No feasible solution found, use SCIP default branching rule
_____________________________________
Now starting branching with general disjunction
Current branching Node number: 131
LP objective value: 36.1231
Node lower bound: 36.1273
Node upper bound: -62
gap to the primal bound: 0.2513
Preck submodel is infeasible, continue branching
Time limit exceeded (1233.37s), stopping submodel solve loop
General disjunction: No feasible solution found, use SCIP default branching rule
_____________________________________
Now starting branching with general disjunction
Current branching Node number: 132
Relpscost reduced domain, skip general disjunction branching
_____________________________________
Now starting branching with general disjunction
Current branching Node number: 132
LP objective value: 36.1552
Node lower bound: 36.1552
Node upper bound: -62
gap to the primal bound: 0.2513
Preck submodel is infeasible, continue branching
Time limit exceeded (1640.46s), stopping submodel solve loop
General disjunction: No feasible solution found, use SCIP default branching rule
_____________________________________
Now starting branching with general disjunction
Current branching Node number: 4
LP objective value: 23.7764
Node lower bound: 23.7829
Node upper bound: -62
gap to the primal bound: 0.236277
Preck submodel is infeasible, continue branching
Time limit exceeded (1594.58s), stopping submodel solve loop
General disjunction: No feasible solution found, use SCIP default branching rule
_____________________________________
Now starting branching with general disjunction
Current branching Node number: 137
LP objective value: 24.1218
Node lower bound: 24.1546
Node upper bound: -62
gap to the primal bound: 0.236277
Preck submodel is infeasible, continue branching
Time limit exceeded (1908.06s), stopping submodel solve loop
General disjunction: No feasible solution found, use SCIP default branching rule
_____________________________________
Now starting branching with general disjunction
Current branching Node number: 139
Relpscost reduced domain, skip general disjunction branching
_____________________________________
Now starting branching with general disjunction
Current branching Node number: 139
LP objective value: 25.3879
Node lower bound: 25.3881
Node upper bound: -62
gap to the primal bound: 0.236277
Preck submodel is infeasible, continue branching
Time limit exceeded (1000.05s), stopping submodel solve loop
General disjunction: No feasible solution found, use SCIP default branching rule

SCIP Status        : solving was interrupted [time limit reached]
Solving Time (sec) : 86706.90
Solving Nodes      : 73
Primal Bound       : -6.20000000000000e+01 (1 solutions)
Dual Bound         : -7.66491848057913e+01
Gap                : 23.63 %

primal solution:
================

objective value:                                  -62
C0000007                                            1 	(obj:0)
C0000015                                            1 	(obj:0)
C0000026                                            1 	(obj:0)
C0000040                                            1 	(obj:0)
C0000044                                            1 	(obj:0)
C0000057                                            1 	(obj:0)
C0000069                                            1 	(obj:0)
C0000080                                            1 	(obj:0)
C0000081                                            1 	(obj:0)
C0000096                                            1 	(obj:0)
C0000101                                            1 	(obj:0)
C0000102                                            1 	(obj:0)
C0000104                                            1 	(obj:0)
C0000105                                            1 	(obj:0)
C0000106                                            1 	(obj:0)
C0000110                                            1 	(obj:0)
C0000112                                            1 	(obj:0)
C0000114                                            1 	(obj:0)
C0000117                                            1 	(obj:0)
C0000118                                            1 	(obj:0)
C0000119                                            1 	(obj:0)
C0000120                                            1 	(obj:0)
C0000122                                            1 	(obj:0)
C0000125                                            1 	(obj:0)
C0000126                                            1 	(obj:0)
C0000127                                            1 	(obj:0)
C0000131                                            1 	(obj:0)
C0000133                                            1 	(obj:0)
C0000137                                            1 	(obj:0)
C0000139                                            1 	(obj:0)
C0000142                                            1 	(obj:0)
C0000143                                            1 	(obj:0)
C0000154                                            1 	(obj:0)
C0000158                                            1 	(obj:0)
C0000159                                            1 	(obj:0)
C0000162                                            1 	(obj:0)
C0000165                                            1 	(obj:0)
C0000166                                            1 	(obj:0)
C0000167                                            1 	(obj:0)
C0000172                                            1 	(obj:0)
C0000176                                            1 	(obj:0)
C0000177                                            1 	(obj:0)
C0000178                                            1 	(obj:0)
C0000183                                            1 	(obj:0)
C0000194                                            1 	(obj:0)
C0000196                                            1 	(obj:0)
C0000197                                            1 	(obj:0)
C0000198                                            1 	(obj:0)
C0000300                                            1 	(obj:0)
C0000301                                           62 	(obj:-1)
C0000203                                            1 	(obj:0)
C0000207                                            1 	(obj:0)
C0000208                                            1 	(obj:0)
C0000209                                            1 	(obj:0)
C0000211                                            1 	(obj:0)
C0000213                                            1 	(obj:0)
C0000215                                            1 	(obj:0)
C0000216                                            1 	(obj:0)
C0000221                                            1 	(obj:0)
C0000223                                            1 	(obj:0)
C0000224                                            1 	(obj:0)
C0000228                                            1 	(obj:0)
C0000229                                            1 	(obj:0)
C0000230                                            1 	(obj:0)
C0000232                                            1 	(obj:0)
C0000234                                            1 	(obj:0)
C0000235                                            1 	(obj:0)
C0000236                                            1 	(obj:0)
C0000238                                            1 	(obj:0)
C0000240                                            1 	(obj:0)
C0000241                                            1 	(obj:0)
C0000244                                            1 	(obj:0)
C0000245                                            1 	(obj:0)
C0000246                                            1 	(obj:0)
C0000247                                            1 	(obj:0)
C0000248                                            1 	(obj:0)
C0000249                                            1 	(obj:0)
C0000250                                            1 	(obj:0)
C0000251                                            1 	(obj:0)
C0000252                                            1 	(obj:0)
C0000253                                            1 	(obj:0)
C0000255                                            1 	(obj:0)
C0000256                                            1 	(obj:0)
C0000257                                            1 	(obj:0)
C0000260                                            1 	(obj:0)
C0000261                                            1 	(obj:0)
C0000263                                            1 	(obj:0)
C0000264                                            1 	(obj:0)
C0000268                                            1 	(obj:0)
C0000269                                            1 	(obj:0)
C0000270                                            1 	(obj:0)
C0000271                                            1 	(obj:0)
C0000273                                            1 	(obj:0)
C0000274                                            1 	(obj:0)
C0000275                                            1 	(obj:0)
C0000279                                            1 	(obj:0)
C0000280                                            1 	(obj:0)
C0000281                                            1 	(obj:0)
C0000282                                            1 	(obj:0)
C0000284                                            1 	(obj:0)
C0000285                                            1 	(obj:0)
C0000286                                            1 	(obj:0)
C0000287                                            1 	(obj:0)
C0000288                                            1 	(obj:0)
C0000289                                            1 	(obj:0)
C0000290                                            1 	(obj:0)
C0000291                                            1 	(obj:0)
C0000292                                            1 	(obj:0)
C0000293                                            1 	(obj:0)
C0000295                                            1 	(obj:0)
C0000299                                            1 	(obj:0)

Statistics
==========

SCIP Status        : solving was interrupted [time limit reached]
Total Time         :   86707.04
  solving          :   86706.90
  presolving       :       0.10 (included in solving)
  reading          :       0.15
  copying          :       0.00 (0 times copied the problem)
Original Problem   :
  Problem name     : prod2
  Variables        : 301 (200 binary, 0 integer, 0 implicit integer, 101 continuous)
  Constraints      : 211 initial, 211 maximal
  Objective        : minimize, 1 non-zeros (abs.min = 1, abs.max = 1)
Presolved Problem  :
  Problem name     : t_prod2
  Variables        : 200 (200 binary, 0 integer, 0 implicit integer, 0 continuous)
  Constraints      : 110 initial, 110 maximal
  Objective        : minimize, 100 non-zeros (abs.min = 1, abs.max = 1)
  Nonzeros         : 10200 constraint, 100 clique table
Presolvers         :   ExecTime  SetupTime  Calls  FixedVars   AggrVars   ChgTypes  ChgBounds   AddHoles    DelCons    AddCons   ChgSides   ChgCoefs
  boundshift       :       0.00       0.00      0          0          0          0          0          0          0          0          0          0
  convertinttobin  :       0.00       0.00      0          0          0          0          0          0          0          0          0          0
  domcol           :       0.00       0.00      1          0          0          0          0          0          0          0          0          0
  dualagg          :       0.00       0.00      0          0          0          0          0          0          0          0          0          0
  dualcomp         :       0.00       0.00      0          0          0          0          0          0          0          0          0          0
  dualinfer        :       0.00       0.00      0          0          0          0          0          0          0          0          0          0
  dualsparsify     :       0.05       0.00      1          0          0          0          0          0          0          0          0          0
  gateextraction   :       0.00       0.00      0          0          0          0          0          0          0          0          0          0
  implics          :       0.00       0.00      2          0          0          0          0          0          0          0          0          0
  inttobinary      :       0.00       0.00      0          0          0          0          0          0          0          0          0          0
  qpkktref         :       0.00       0.00      0          0          0          0          0          0          0          0          0          0
  redvub           :       0.00       0.00      0          0          0          0          0          0          0          0          0          0
  sparsify         :       0.00       0.00      1          0          0          0          0          0          0          0          0          0
  stuffing         :       0.00       0.00      0          0          0          0          0          0          0          0          0          0
  trivial          :       0.00       0.00      3          0          0          0          0          0          0          0          0          0
  tworowbnd        :       0.00       0.00      0          0          0          0          0          0          0          0          0          0
  dualfix          :       0.00       0.00      3          0          0          0          0          0          0          0          0          0
  genvbounds       :       0.00       0.00      0          0          0          0          0          0          0          0          0          0
  probing          :       0.00       0.00      1          0          0          0          0          0          0          0          0          0
  pseudoobj        :       0.00       0.00      1          0          0          0          0          0          0          0          0          0
  symmetry         :       0.03       0.00      1          0          0          0          0          0          0          0          0          0
  vbounds          :       0.00       0.00      1          0          0          0          0          0          0          0          0          0
  setppc           :       0.00       0.00      3          0          0          0          0          0          0          0          0          0
  linear           :       0.02       0.00      5          0        101          0          2          0        101          0        100        358
  benders          :       0.00       0.00      0          0          0          0          0          0          0          0          0          0
  components       :       0.00       0.00      1          0          0          0          0          0          0          0          0          0
  root node        :          -          -      -         14          -          -         14          -          -          -          -          -
Constraints        :     Number  MaxNumber  #Separate #Propagate    #EnfoLP    #EnfoRelax  #EnfoPS    #Check   #ResProp    Cutoffs    DomReds       Cuts    Applied      Conss   Children
  benderslp        :          0          0          0          0         84          0          0          3          0          0          0          0          0          0          0
  integral         :          0          0          0          0         84          0          0          3          0          0         31          0          0          0        140
  setppc           :         10         10          0         54          0          0          0          1          0          0          0          0          0          0          0
  linear           :        100        100          0         54          0          0          0          1          0          0          0          0          0          0          0
  benders          :          0          0          0          0          0          0          0          2          0          0          0          0          0          0          0
  fixedvar         :          0          0          0          0          0          0          0          2          0          0          0          0          0          0          0
  countsols        :          0          0          0          0          0          0          0          2          0          0          0          0          0          0          0
  components       :          0          0          0          0          0          0          0          0          0          0          0          0          0          0          0
Constraint Timings :  TotalTime  SetupTime   Separate  Propagate     EnfoLP     EnfoPS     EnfoRelax   Check    ResProp    SB-Prop
  benderslp        :       0.00       0.00       0.00       0.00       0.00       0.00       0.00       0.00       0.00       0.00
  integral         :   86706.70       0.00       0.00       0.00   86706.70       0.00       0.00       0.00       0.00       0.00
  setppc           :       0.00       0.00       0.00       0.00       0.00       0.00       0.00       0.00       0.00       0.00
  linear           :       0.01       0.00       0.00       0.00       0.00       0.00       0.00       0.00       0.00       0.00
  benders          :       0.00       0.00       0.00       0.00       0.00       0.00       0.00       0.00       0.00       0.00
  fixedvar         :       0.00       0.00       0.00       0.00       0.00       0.00       0.00       0.00       0.00       0.00
  countsols        :       0.00       0.00       0.00       0.00       0.00       0.00       0.00       0.00       0.00       0.00
  components       :       0.00       0.00       0.00       0.00       0.00       0.00       0.00       0.00       0.00       0.00
Propagators        : #Propagate   #ResProp    Cutoffs    DomReds
  dualfix          :          4          0          0          0
  genvbounds       :          0          0          0          0
  nlobbt           :          0          0          0          0
  obbt             :          0          0          0          0
  probing          :          0          0          0          0
  pseudoobj        :         12          0          0          0
  redcost          :          8          0          0          0
  rootredcost      :          0          0          0          0
  symmetry         :          0          0          0          0
  vbounds          :          3          0          0          0
Propagator Timings :  TotalTime  SetupTime   Presolve  Propagate    ResProp    SB-Prop
  dualfix          :       0.00       0.00       0.00       0.00       0.00       0.00
  genvbounds       :       0.00       0.00       0.00       0.00       0.00       0.00
  nlobbt           :       0.00       0.00       0.00       0.00       0.00       0.00
  obbt             :       0.00       0.00       0.00       0.00       0.00       0.00
  probing          :       0.00       0.00       0.00       0.00       0.00       0.00
  pseudoobj        :       0.00       0.00       0.00       0.00       0.00       0.00
  redcost          :       0.00       0.00       0.00       0.00       0.00       0.00
  rootredcost      :       0.00       0.00       0.00       0.00       0.00       0.00
  symmetry         :       0.03       0.00       0.03       0.00       0.00       0.00
  vbounds          :       0.00       0.00       0.00       0.00       0.00       0.00
Symmetry           :
  orbitopal red.   :          0 reductions applied,          0 cutoffs
  orbital reduction:          0 reductions applied,          0 cutoffs
  lexicographic red:          0 reductions applied,          0 cutoffs
  shadow tree time :       0.00 s
Conflict Analysis  :       Time      Calls    Success    DomReds  Conflicts   Literals    Reconvs ReconvLits   Dualrays   Nonzeros   LP Iters   (pool size: [--,--])
  propagation      :       0.00          0          0          -          0        0.0          0        0.0          -          -          -
  infeasible LP    :       0.00          0          0          -          0        0.0          0        0.0          0        0.0          0
  bound exceed. LP :       0.00          0          0          -          0        0.0          0        0.0          0        0.0          0
  strong branching :       0.00          0          0          -          0        0.0          0        0.0          -          -          0
  pseudo solution  :       0.00          0          0          -          0        0.0          0        0.0          -          -          -
  applied globally :       0.00          -          -          0          0        0.0          -          -          0          -          -
  applied locally  :          -          -          -          0          0        0.0          -          -          0          -          -
Separators         :   ExecTime  SetupTime      Calls  RootCalls    Cutoffs    DomReds  FoundCuts ViaPoolAdd  DirectAdd    Applied ViaPoolApp  DirectApp      Conss
  cut pool         :       0.00          -          0          0          -          -          0          0          -          -          -          -          -    (maximal pool size:          0)
  aggregation      :       0.00       0.00          0          0          0          0          0          0          0          0          0          0          0
  > cmir           :          -          -          -          -          -          -          -          0          0          0          0          0          -
  > flowcover      :          -          -          -          -          -          -          -          0          0          0          0          0          -
  > knapsackcover  :          -          -          -          -          -          -          -          0          0          0          0          0          -
  cgmip            :       0.00       0.00          0          0          0          0          0          0          0          0          0          0          0
  clique           :       0.00       0.00          0          0          0          0          0          0          0          0          0          0          0
  closecuts        :       0.00       0.00          0          0          0          0          0          0          0          0          0          0          0
  convexproj       :       0.00       0.00          0          0          0          0          0          0          0          0          0          0          0
  disjunctive      :       0.00       0.00          0          0          0          0          0          0          0          0          0          0          0
  eccuts           :       0.00       0.00          0          0          0          0          0          0          0          0          0          0          0
  gauge            :       0.00       0.00          0          0          0          0          0          0          0          0          0          0          0
  gomory           :       0.00       0.00          0          0          0          0          0          0          0          0          0          0          0
  > gomorymi       :          -          -          -          -          -          -          -          0          0          0          0          0          -
  > strongcg       :          -          -          -          -          -          -          -          0          0          0          0          0          -
  impliedbounds    :       0.00       0.00          0          0          0          0          0          0          0          0          0          0          0
  interminor       :       0.00       0.00          0          0          0          0          0          0          0          0          0          0          0
  intobj           :       0.00       0.00          0          0          0          0          0          0          0          0          0          0          0
  lagromory        :       0.00       0.00          0          0          0          0          0          0          0          0          0          0          0
  mcf              :       0.00       0.00          0          0          0          0          0          0          0          0          0          0          0
  minor            :       0.00       0.00          0          0          0          0          0          0          0          0          0          0          0
  mixing           :       0.00       0.00          0          0          0          0          0          0          0          0          0          0          0
  oddcycle         :       0.00       0.00          0          0          0          0          0          0          0          0          0          0          0
  rapidlearning    :       0.00       0.00          0          0          0          0          0          0          0          0          0          0          0
  rlt              :       0.00       0.00          0          0          0          0          0          0          0          0          0          0          0
  zerohalf         :       0.00       0.00          0          0          0          0          0          0          0          0          0          0          0
Cutselectors       :   ExecTime  SetupTime      Calls  RootCalls   Selected     Forced   Filtered  RootSelec   RootForc   RootFilt 
  hybrid           :       0.00       0.00          0          0          0          0          0          0          0          0
  ensemble         :       0.00       0.00          0          0          0          0          0          0          0          0
  dynamic          :       0.00       0.00          0          0          0          0          0          0          0          0
Pricers            :   ExecTime  SetupTime      Calls       Vars
  problem variables:       0.00          -          0          0
Branching Rules    :   ExecTime  SetupTime   BranchLP  BranchExt   BranchPS    Cutoffs    DomReds       Cuts      Conss   Children
  allfullstrong    :       0.00       0.00          0          0          0          0          0          0          0          0
  cloud            :       0.00       0.00          0          0          0          0          0          0          0          0
  distribution     :       0.00       0.00          0          0          0          0          0          0          0          0
  fullstrong       :       0.00       0.00          0          0          0          0          0          0          0          0
  general_disjuncti:   86706.65       0.00         84          0          0          0         29          0          0          0
  GeneralDisjunction(extra): subMILPs=178 fairNodes of all MILPs=24478045 probingLPs=0
  gomory           :       0.00       0.00          0          0          0          0          0          0          0          0
  inference        :       0.00       0.00          0          0          0          0          0          0          0          0
  leastinf         :       0.00       0.00          0          0          0          0          0          0          0          0
  lookahead        :       0.00       0.00          0          0          0          0          0          0          0          0
  mostinf          :       0.00       0.00          0          0          0          0          0          0          0          0
  multaggr         :       0.00       0.00          0          0          0          0          0          0          0          0
  nodereopt        :       0.00       0.00          0          0          0          0          0          0          0          0
  pscost           :       0.00       0.00          0          0          0          0          0          0          0          0
  random           :       0.00       0.00          0          0          0          0          0          0          0          0
  relpscost        :       0.05       0.00         72          0          0          0          2          0          0        140
  vanillafullstrong:       0.00       0.00          0          0          0          0          0          0          0          0
Primal Heuristics  :   ExecTime  SetupTime      Calls      Found       Best
  LP solutions     :       0.00          -          -          0          0
  relax solutions  :       0.00          -          -          0          0
  pseudo solutions :       0.00          -          -          0          0
  strong branching :       0.00          -          -          0          0
  actconsdiving    :       0.00       0.00          0          0          0
  adaptivediving   :       0.00       0.00          0          0          0
  alns             :       0.00       0.00          0          0          0
  bound            :       0.00       0.00          0          0          0
  clique           :       0.00       0.00          0          0          0
  coefdiving       :       0.00       0.00          0          0          0
  completesol      :       0.00       0.00          0          0          0
  conflictdiving   :       0.00       0.00          0          0          0
  crossover        :       0.00       0.00          0          0          0
  dins             :       0.00       0.00          0          0          0
  distributiondivin:       0.00       0.00          0          0          0
  dps              :       0.00       0.00          0          0          0
  dualval          :       0.00       0.00          0          0          0
  farkasdiving     :       0.00       0.00          0          0          0
  feaspump         :       0.00       0.00          0          0          0
  fixandinfer      :       0.00       0.00          0          0          0
  fracdiving       :       0.00       0.00          0          0          0
  gins             :       0.00       0.00          0          0          0
  guideddiving     :       0.00       0.00          0          0          0
  indicator        :       0.00       0.00          0          0          0
  indicatordiving  :       0.00       0.00          0          0          0
  intdiving        :       0.00       0.00          0          0          0
  intshifting      :       0.00       0.00          0          0          0
  linesearchdiving :       0.00       0.00          0          0          0
  localbranching   :       0.00       0.00          0          0          0
  locks            :       0.00       0.00          0          0          0
  lpface           :       0.00       0.00          0          0          0
  mpec             :       0.00       0.00          0          0          0
  multistart       :       0.00       0.00          0          0          0
  mutation         :       0.00       0.00          0          0          0
  nlpdiving        :       0.00       0.00          0          0          0
  objpscostdiving  :       0.00       0.00          0          0          0
  octane           :       0.00       0.00          0          0          0
  ofins            :       0.00       0.00          0          0          0
  oneopt           :       0.00       0.00          0          0          0
  padm             :       0.00       0.00          0          0          0
  proximity        :       0.00       0.00          0          0          0
  pscostdiving     :       0.00       0.00          0          0          0
  randrounding     :       0.00       0.00          0          0          0
  rens             :       0.00       0.00          0          0          0
  reoptsols        :       0.00       0.00          0          0          0
  repair           :       0.00       0.00          0          0          0
  rins             :       0.00       0.00          0          0          0
  rootsoldiving    :       0.00       0.00          0          0          0
  rounding         :       0.00       0.00          0          0          0
  scheduler        :       0.00       0.00          0          0          0
  shiftandpropagate:       0.00       0.00          0          0          0
  shifting         :       0.00       0.00          0          0          0
  simplerounding   :       0.00       0.00          0          0          0
  subnlp           :       0.00       0.00          0          0          0
  trivial          :       0.00       0.00          0          0          0
  trivialnegation  :       0.00       0.00          0          0          0
  trustregion      :       0.00       0.00          0          0          0
  trysol           :       0.00       0.00          0          0          0
  twoopt           :       0.00       0.00          0          0          0
  undercover       :       0.00       0.00          0          0          0
  vbounds          :       0.00       0.00          0          0          0
  veclendiving     :       0.00       0.00          0          0          0
  zeroobj          :       0.00       0.00          0          0          0
  zirounding       :       0.00       0.00          0          0          0
  other solutions  :          -          -          -          1          -
LNS (Scheduler)    :      Calls  SetupTime  SolveTime SolveNodes       Sols       Best       Exp3    Exp3-IX  EpsGreedy        UCB TgtFixRate  Opt  Inf Node Stal  Sol  Usr Othr Actv
  rens             :          0       0.00       0.00          0          0          0    0.00000    0.12500   -1.00000    1.00000      0.900    0    0    0    0    0    0    0    1
  rins             :          0       0.00       0.00          0          0          0    0.00000    0.12500   -1.00000    1.00000      0.900    0    0    0    0    0    0    0    1
  mutation         :          0       0.00       0.00          0          0          0    0.00000    0.12500   -1.00000    1.00000      0.900    0    0    0    0    0    0    0    1
  localbranching   :          0       0.00       0.00          0          0          0    0.00000    0.12500   -1.00000    1.00000      0.900    0    0    0    0    0    0    0    1
  crossover        :          0       0.00       0.00          0          0          0    0.00000    0.12500   -1.00000    1.00000      0.900    0    0    0    0    0    0    0    1
  proximity        :          0       0.00       0.00          0          0          0    0.00000    0.12500   -1.00000    1.00000      0.900    0    0    0    0    0    0    0    1
  zeroobjective    :          0       0.00       0.00          0          0          0    0.00000    0.12500   -1.00000    1.00000      0.900    0    0    0    0    0    0    0    1
  dins             :          0       0.00       0.00          0          0          0    0.00000    0.12500   -1.00000    1.00000      0.900    0    0    0    0    0    0    0    1
  trustregion      :          0       0.00       0.00          0          0          0    0.00000    0.00000   -1.00000    1.00000      0.900    0    0    0    0    0    0    0    0
LP                 :       Time      Calls Iterations  Iter/call   Iter/sec  Time-0-It Calls-0-It    ItLimit
  primal LP        :       0.00          0          0       0.00          -       0.00          0
  dual LP          :       0.05         87       1280      14.71   24539.41       0.00          0
  lex dual LP      :       0.00          0          0       0.00          -
  barrier LP       :       0.00          0          0       0.00          -       0.00          0
  resolve instable :       0.00          0          0       0.00          -
  diving/probing LP:       0.01          0          0       0.00       0.00
  strong branching :       0.20        312       7222      23.15   35315.23          -          -          4
    (at root node) :          -         65       1780      27.38          -
  conflict analysis:       0.00          0          0       0.00          -
B&B Tree           :
  number of runs   :          1
  nodes            :         73 (70 internal, 3 leaves)
  feasible leaves  :          0
  infeas. leaves   :          0
  objective leaves :          3
  nodes (total)    :         73 (70 internal, 3 leaves)
  nodes left       :         68
  max depth        :         25
  max depth (total):         25
  backtracks       :          5 (6.8%)
  early backtracks :          0 (0.0%)
  nodes exc. ref.  :          0 (0.0%)
  delayed cutoffs  :          0
  repropagations   :          0 (0 domain reductions, 0 cutoffs)
  avg switch length:       2.29
  switching time   :       0.00
Root Node          :
  First LP value   : -8.69807689325497e+01
  First LP Iters   :        181 (13864.42 Iter/sec)
  First LP Time    :       0.01
  Final Dual Bound : -7.88531358835811e+01
  Final Root Iters :        250
  Root LP Estimate : -6.93569986979272e+01
Solution           :
  Solutions found  :          1 (1 improvements)
  First Solution   : -6.20000000000000e+01   (in run 0, after 0 nodes, 0.00 seconds, depth -1, found by <initial>)
  Gap First Sol.   :   infinite
  Gap Last Sol.    :   infinite
  Primal Bound     : -6.20000000000000e+01   (in run 0, after 0 nodes, 0.00 seconds, depth -1, found by <initial>)
  Dual Bound       : -7.66491848057913e+01
  Gap              :      23.63 %
Integrals          :      Total       Avg%
  primal-dual      :      12.34       0.00
  primal-ref       :          -          - (not evaluated)
  dual-ref         :          -          - (not evaluated)
