SCIP version 9.2.2 [precision: 8 byte] [memory: block] [mode: optimized] [LP solver: CPLEX 12.10.0.0] [GitHash: 416226a4f8]
Copyright (c) 2002-2025 Zuse Institute Berlin (ZIB)

reading parameter file </scratch/htc/yzhou/exp_scipmip/settings/sandbox_gendj.set>

read problem </scratch/htc/yzhou/exp_scipmip/instances/additional/qap10.mps>
============

original problem has 4150 variables (4150 bin, 0 int, 0 impl, 0 cont) and 1820 constraints
   1820 constraints of type <linear>
Reading Time: 0.09

read solution </scratch/htc/yzhou/solutions/qap10.sol>
============

primal solution from solution file </scratch/htc/yzhou/solutions/qap10.sol> was accepted as candidate, will be checked when solving starts
original problem has 4150 variables (4150 bin, 0 int, 0 impl, 0 cont) and 1820 constraints
   1820 constraints of type <linear>
Reading Time: 0.13
solve problem
=============
LP Solver <CPLEX 12.10.0.0>: fastmip setting not available -- SCIP parameter has no effect
LP Solver <CPLEX 12.10.0.0>: clock type cannot be set
LP Solver <CPLEX 12.10.0.0>: row representation of the basis not available -- SCIP parameter lp/rowrepswitch has no effect
LP Solver <CPLEX 12.10.0.0>: solution polishing not available -- SCIP parameter lp/solutionpolishing has no effect
LP Solver <CPLEX 12.10.0.0>: refactorization interval not available -- SCIP parameter lp/refactorinterval has no effect
1/1 feasible solution given by solution candidate storage, new primal bound 3.400000e+02

transformed problem has 4150 variables (4150 bin, 0 int, 0 impl, 0 cont) and 1820 constraints
   1820 constraints of type <linear>

original problem has 18200 active (0.240964%) nonzeros and 18200 (0.240964%) check nonzeros

presolving:
(round 1, exhaustive) 0 del vars, 0 del conss, 0 add conss, 0 chg bounds, 0 chg sides, 0 chg coeffs, 1820 upgd conss, 0 impls, 1820 clqs
   (0.3s) probing: 100/4150 (2.4%) - 0 fixings, 0 aggregations, 136323 implications, 0 bound changes
   (0.7s) probing: 200/4150 (4.8%) - 0 fixings, 0 aggregations, 370609 implications, 0 bound changes
   (1.0s) probing: 300/4150 (7.2%) - 0 fixings, 0 aggregations, 605880 implications, 0 bound changes
   (1.4s) probing: 400/4150 (9.6%) - 0 fixings, 0 aggregations, 841151 implications, 0 bound changes
   (1.8s) probing: 500/4150 (12.0%) - 0 fixings, 0 aggregations, 1076423 implications, 0 bound changes
   (2.2s) probing: 600/4150 (14.5%) - 0 fixings, 0 aggregations, 1311675 implications, 0 bound changes
   (2.5s) probing: 700/4150 (16.9%) - 0 fixings, 0 aggregations, 1546961 implications, 0 bound changes
   (2.9s) probing: 800/4150 (19.3%) - 0 fixings, 0 aggregations, 1782231 implications, 0 bound changes
   (3.2s) probing: 900/4150 (21.7%) - 0 fixings, 0 aggregations, 2017503 implications, 0 bound changes
   (3.5s) probing: 1000/4150 (24.1%) - 0 fixings, 0 aggregations, 2252760 implications, 0 bound changes
   (3.5s) probing: 1001/4150 (24.1%) - 0 fixings, 0 aggregations, 2255115 implications, 0 bound changes
   (3.5s) probing aborted: 1000/1000 successive useless probings
   (3.5s) symmetry computation started: requiring (bin +, int +, cont +), (fixed: bin -, int -, cont -)
   (3.5s) no symmetry present (symcode time: 0.00)
clique table cleanup detected 0 bound changes

presolved problem has 18200 active (0.240964%) nonzeros and 18200 (0.240964%) check nonzeros

presolving (2 rounds: 2 fast, 2 medium, 2 exhaustive):
 0 deleted vars, 0 deleted constraints, 0 added constraints, 0 tightened bounds, 0 added holes, 0 changed sides, 0 changed coefficients
 0 implications, 10920 cliques
presolved problem has 4150 variables (4150 bin, 0 int, 0 impl, 0 cont) and 1820 constraints
   1820 constraints of type <setppc>
transformed objective value is always integral (scale: 2)
Presolving Time: 3.50
transformed 1/1 original solutions to the transformed problem space

 time | node  | left  |LP iter|LP it/n|mem/heur|mdpt |vars |cons |rows |cuts |sepa|confs|strbr|  dualbound   | primalbound  |  gap   | compl. 
  9.1s|     1 |     0 | 28994 |     - |    43M |   0 |4150 |1820 |1820 |   0 |  0 |   0 |   0 | 3.325662e+02 | 3.400000e+02 |   2.24%| unknown
  9.1s|     1 |     0 | 28994 |     - |    43M |   0 |4150 |1820 |1820 |   0 |  0 |   0 |   0 | 3.325662e+02 | 3.400000e+02 |   2.24%| unknown
_____________________________________
Now starting branching with general disjunction
Current branching Node number: 1
LP objective value: 166.283
Node lower bound: 166.689
Node upper bound: 340
gap to the primal bound: 0.0198664
Preck submodel is infeasible, continue branching
Time limit exceeded (1000.42s), stopping submodel solve loop
General disjunction: No feasible solution found, use SCIP default branching rule
 1020s|     1 |     2 | 28994 |     - |    43M |   0 |4150 |1820 |1820 |   0 |  1 |   0 |  53 | 3.333770e+02 | 3.400000e+02 |   1.99%| unknown
_____________________________________
Now starting branching with general disjunction
Current branching Node number: 2
Relpscost reduced domain, skip general disjunction branching

SCIP Status        : problem is solved [optimal solution found]
Solving Time (sec) : 1023.87
Solving Nodes      : 3
Primal Bound       : +3.39999999998387e+02 (1 solutions)
Dual Bound         : +3.39999999998387e+02
Gap                : 0.00 %

primal solution:
================

objective value:                     339.999999998387
X003                                0.999999999998989 	(obj:0)
X017                                0.999999999999474 	(obj:0)
X024                                 0.99999999999914 	(obj:0)
X031                                 0.99999999999916 	(obj:0)
X049                                                1 	(obj:0)
X055                                 1.00000000000002 	(obj:0)
X066                                 0.99999999999924 	(obj:0)
X072                                0.999999999999175 	(obj:0)
X088                                0.999999999999125 	(obj:0)
X100                                 0.99999999999875 	(obj:0)
Y006A003                                            1 	(obj:10)
Y012A003                            0.999999999999411 	(obj:4)
Y019A003                            0.999999999999032 	(obj:16)
Y035A003                            0.999999999998983 	(obj:8)
Y040A003                            0.999999999998537 	(obj:0)
Y050A003                            0.999999999998913 	(obj:0)
Y056A003                                            1 	(obj:12)
Y070A003                            0.999999999999081 	(obj:8)
Y081A003                            0.999999999998549 	(obj:6)
Y013A017                            0.999999999998306 	(obj:12)
Y019A017                             1.00000000000222 	(obj:0)
Y035A017                            0.999999999999474 	(obj:12)
Y041A017                                            1 	(obj:8)
Y051A017                                            1 	(obj:4)
Y056A017                             1.00000000000108 	(obj:0)
Y070A017                             0.99999999999914 	(obj:8)
Y081A017                            0.999999999999099 	(obj:20)
Y019A024                            0.999999999998246 	(obj:0)
Y035A024                            0.999999999999152 	(obj:0)
Y040A024                             1.00000000000199 	(obj:0)
Y050A024                            0.999999999998661 	(obj:0)
Y056A024                             0.99999999999939 	(obj:20)
Y070A024                             0.99999999999914 	(obj:10)
Y081A024                                            1 	(obj:16)
Y035A031                             0.99999999999916 	(obj:20)
Y040A031                            0.999999999998527 	(obj:4)
Y050A031                            0.999999999998641 	(obj:8)
Y055A031                            0.999999999999152 	(obj:20)
Y070A031                            0.999999999998291 	(obj:0)
Y081A031                            0.999999999998556 	(obj:0)
Y041A049                                            1 	(obj:20)
Y051A049                            0.999999999999239 	(obj:0)
Y056A049                            0.999999999999174 	(obj:0)
Y071A049                            0.999999999999132 	(obj:0)
Y081A049                             0.99999999999875 	(obj:10)
Y050A055                              0.9999999999991 	(obj:10)
Y056A055                                            1 	(obj:4)
Y070A055                                            1 	(obj:6)
Y081A055                            0.999999999998515 	(obj:20)
Y056A066                                            1 	(obj:20)
Y070A066                            0.999999999998718 	(obj:20)
Y081A066                            0.999999999999085 	(obj:4)
Y070A072                                            1 	(obj:0)
Y081A072                             1.00000000000009 	(obj:0)
Y081A088                             1.00000000000083 	(obj:0)

Statistics
==========

SCIP Status        : problem is solved [optimal solution found]
Total Time         :    1024.00
  solving          :    1023.87
  presolving       :       3.50 (included in solving)
  reading          :       0.13
  copying          :       0.00 (0 times copied the problem)
Original Problem   :
  Problem name     : qap10
  Variables        : 4150 (4150 binary, 0 integer, 0 implicit integer, 0 continuous)
  Constraints      : 1820 initial, 1820 maximal
  Objective        : minimize, 2610 non-zeros (abs.min = 2, abs.max = 100)
Presolved Problem  :
  Problem name     : t_qap10
  Variables        : 4150 (4150 binary, 0 integer, 0 implicit integer, 0 continuous)
  Constraints      : 1820 initial, 1820 maximal
  Objective        : minimize, 2610 non-zeros (abs.min = 1, abs.max = 50)
  Nonzeros         : 18200 constraint, 36400 clique table
Presolvers         :   ExecTime  SetupTime  Calls  FixedVars   AggrVars   ChgTypes  ChgBounds   AddHoles    DelCons    AddCons   ChgSides   ChgCoefs
  boundshift       :       0.00       0.00      0          0          0          0          0          0          0          0          0          0
  convertinttobin  :       0.00       0.00      0          0          0          0          0          0          0          0          0          0
  domcol           :       0.00       0.00      1          0          0          0          0          0          0          0          0          0
  dualagg          :       0.00       0.00      0          0          0          0          0          0          0          0          0          0
  dualcomp         :       0.00       0.00      0          0          0          0          0          0          0          0          0          0
  dualinfer        :       0.00       0.00      0          0          0          0          0          0          0          0          0          0
  dualsparsify     :       0.01       0.00      1          0          0          0          0          0          0          0          0          0
  gateextraction   :       0.00       0.00      0          0          0          0          0          0          0          0          0          0
  implics          :       0.00       0.00      2          0          0          0          0          0          0          0          0          0
  inttobinary      :       0.00       0.00      0          0          0          0          0          0          0          0          0          0
  qpkktref         :       0.00       0.00      0          0          0          0          0          0          0          0          0          0
  redvub           :       0.00       0.00      0          0          0          0          0          0          0          0          0          0
  sparsify         :       0.02       0.00      1          0          0          0          0          0          0          0          0          0
  stuffing         :       0.00       0.00      0          0          0          0          0          0          0          0          0          0
  trivial          :       0.00       0.00      2          0          0          0          0          0          0          0          0          0
  tworowbnd        :       0.00       0.00      0          0          0          0          0          0          0          0          0          0
  dualfix          :       0.00       0.00      2          0          0          0          0          0          0          0          0          0
  genvbounds       :       0.00       0.00      0          0          0          0          0          0          0          0          0          0
  probing          :       3.40       0.00      1          0          0          0          0          0          0          0          0          0
  pseudoobj        :       0.00       0.00      1          0          0          0          0          0          0          0          0          0
  symmetry         :       0.01       0.00      1          0          0          0          0          0          0          0          0          0
  vbounds          :       0.00       0.00      1          0          0          0          0          0          0          0          0          0
  setppc           :       0.01       0.00      3          0          0          0          0          0          0          0          0          0
  linear           :       0.02       0.00      2          0          0          0          0          0          0          0          0          0
  benders          :       0.00       0.00      0          0          0          0          0          0          0          0          0          0
  components       :       0.00       0.00      1          0          0          0          0          0          0          0          0          0
  root node        :          -          -      -       1007          -          -       1007          -          -          -          -          -
Constraints        :     Number  MaxNumber  #Separate #Propagate    #EnfoLP    #EnfoRelax  #EnfoPS    #Check   #ResProp    Cutoffs    DomReds       Cuts    Applied      Conss   Children
  benderslp        :          0          0          0          0          2          0          0          3          0          0          0          0          0          0          0
  integral         :          0          0          0          0          2          0          0          3          0          0          5          0          0          0          2
  setppc           :       1820       1820          0       3902          0          0          0          1          0          0          0          0          0          0          0
  benders          :          0          0          0          0          0          0          0          2          0          0          0          0          0          0          0
  fixedvar         :          0          0          0          0          0          0          0          2          0          0          0          0          0          0          0
  countsols        :          0          0          0          0          0          0          0          2          0          0          0          0          0          0          0
  components       :          0          0          0          0          0          0          0          0          0          0          0          0          0          0          0
Constraint Timings :  TotalTime  SetupTime   Separate  Propagate     EnfoLP     EnfoPS     EnfoRelax   Check    ResProp    SB-Prop
  benderslp        :       0.00       0.00       0.00       0.00       0.00       0.00       0.00       0.00       0.00       0.00
  integral         :    1012.05       0.00       0.00       0.00    1012.05       0.00       0.00       0.00       0.00       0.00
  setppc           :       1.72       0.00       0.00       1.72       0.00       0.00       0.00       0.00       0.00       0.00
  benders          :       0.00       0.00       0.00       0.00       0.00       0.00       0.00       0.00       0.00       0.00
  fixedvar         :       0.00       0.00       0.00       0.00       0.00       0.00       0.00       0.00       0.00       0.00
  countsols        :       0.00       0.00       0.00       0.00       0.00       0.00       0.00       0.00       0.00       0.00
  components       :       0.00       0.00       0.00       0.00       0.00       0.00       0.00       0.00       0.00       0.00
Propagators        : #Propagate   #ResProp    Cutoffs    DomReds
  dualfix          :          2          0          0          0
  genvbounds       :          0          0          0          0
  nlobbt           :          0          0          0          0
  obbt             :          0          0          0          0
  probing          :          0          0          0          0
  pseudoobj        :          6          0          0          0
  redcost          :          3          0          0       1006
  rootredcost      :          0          0          0          0
  symmetry         :          0          0          0          0
  vbounds          :          0          0          0          0
Propagator Timings :  TotalTime  SetupTime   Presolve  Propagate    ResProp    SB-Prop
  dualfix          :       0.00       0.00       0.00       0.00       0.00       0.00
  genvbounds       :       0.00       0.00       0.00       0.00       0.00       0.00
  nlobbt           :       0.00       0.00       0.00       0.00       0.00       0.00
  obbt             :       0.00       0.00       0.00       0.00       0.00       0.00
  probing          :       3.40       0.00       3.40       0.00       0.00       0.00
  pseudoobj        :       0.00       0.00       0.00       0.00       0.00       0.00
  redcost          :       0.01       0.00       0.00       0.01       0.00       0.00
  rootredcost      :       0.00       0.00       0.00       0.00       0.00       0.00
  symmetry         :       0.01       0.00       0.01       0.00       0.00       0.00
  vbounds          :       0.00       0.00       0.00       0.00       0.00       0.00
Symmetry           :
  orbitopal red.   :          0 reductions applied,          0 cutoffs
  orbital reduction:          0 reductions applied,          0 cutoffs
  lexicographic red:          0 reductions applied,          0 cutoffs
  shadow tree time :       0.00 s
Conflict Analysis  :       Time      Calls    Success    DomReds  Conflicts   Literals    Reconvs ReconvLits   Dualrays   Nonzeros   LP Iters   (pool size: [--,--])
  propagation      :       0.00          0          0          -          0        0.0          0        0.0          -          -          -
  infeasible LP    :       0.00          0          0          -          0        0.0          0        0.0          0        0.0          0
  bound exceed. LP :       0.00          0          0          -          0        0.0          0        0.0          0        0.0          0
  strong branching :       0.00          0          0          -          0        0.0          0        0.0          -          -          0
  pseudo solution  :       0.00          0          0          -          0        0.0          0        0.0          -          -          -
  applied globally :       0.00          -          -          0          0        0.0          -          -          0          -          -
  applied locally  :          -          -          -          0          0        0.0          -          -          0          -          -
Separators         :   ExecTime  SetupTime      Calls  RootCalls    Cutoffs    DomReds  FoundCuts ViaPoolAdd  DirectAdd    Applied ViaPoolApp  DirectApp      Conss
  cut pool         :       0.00          -          0          0          -          -          0          0          -          -          -          -          -    (maximal pool size:          0)
  aggregation      :       0.00       0.00          0          0          0          0          0          0          0          0          0          0          0
  > cmir           :          -          -          -          -          -          -          -          0          0          0          0          0          -
  > flowcover      :          -          -          -          -          -          -          -          0          0          0          0          0          -
  > knapsackcover  :          -          -          -          -          -          -          -          0          0          0          0          0          -
  cgmip            :       0.00       0.00          0          0          0          0          0          0          0          0          0          0          0
  clique           :       0.00       0.00          0          0          0          0          0          0          0          0          0          0          0
  closecuts        :       0.00       0.00          0          0          0          0          0          0          0          0          0          0          0
  convexproj       :       0.00       0.00          0          0          0          0          0          0          0          0          0          0          0
  disjunctive      :       0.00       0.00          0          0          0          0          0          0          0          0          0          0          0
  eccuts           :       0.00       0.00          0          0          0          0          0          0          0          0          0          0          0
  gauge            :       0.00       0.00          0          0          0          0          0          0          0          0          0          0          0
  gomory           :       0.00       0.00          0          0          0          0          0          0          0          0          0          0          0
  > gomorymi       :          -          -          -          -          -          -          -          0          0          0          0          0          -
  > strongcg       :          -          -          -          -          -          -          -          0          0          0          0          0          -
  impliedbounds    :       0.00       0.00          0          0          0          0          0          0          0          0          0          0          0
  interminor       :       0.00       0.00          0          0          0          0          0          0          0          0          0          0          0
  intobj           :       0.00       0.00          0          0          0          0          0          0          0          0          0          0          0
  lagromory        :       0.00       0.00          0          0          0          0          0          0          0          0          0          0          0
  mcf              :       0.00       0.00          0          0          0          0          0          0          0          0          0          0          0
  minor            :       0.00       0.00          0          0          0          0          0          0          0          0          0          0          0
  mixing           :       0.00       0.00          0          0          0          0          0          0          0          0          0          0          0
  oddcycle         :       0.00       0.00          0          0          0          0          0          0          0          0          0          0          0
  rapidlearning    :       0.00       0.00          0          0          0          0          0          0          0          0          0          0          0
  rlt              :       0.00       0.00          0          0          0          0          0          0          0          0          0          0          0
  zerohalf         :       0.00       0.00          0          0          0          0          0          0          0          0          0          0          0
Cutselectors       :   ExecTime  SetupTime      Calls  RootCalls   Selected     Forced   Filtered  RootSelec   RootForc   RootFilt 
  hybrid           :       0.00       0.00          0          0          0          0          0          0          0          0
  ensemble         :       0.00       0.00          0          0          0          0          0          0          0          0
  dynamic          :       0.00       0.00          0          0          0          0          0          0          0          0
Pricers            :   ExecTime  SetupTime      Calls       Vars
  problem variables:       0.00          -          0          0
Branching Rules    :   ExecTime  SetupTime   BranchLP  BranchExt   BranchPS    Cutoffs    DomReds       Cuts      Conss   Children
  allfullstrong    :       0.00       0.00          0          0          0          0          0          0          0          0
  cloud            :       0.00       0.00          0          0          0          0          0          0          0          0
  distribution     :       0.00       0.00          0          0          0          0          0          0          0          0
  fullstrong       :       0.00       0.00          0          0          0          0          0          0          0          0
  general_disjuncti:    1005.69       0.00          2          0          0          0          5          0          0          0
  GeneralDisjunction(extra): subMILPs=2 fairNodes of all MILPs=37 probingLPs=0
  gomory           :       0.00       0.00          0          0          0          0          0          0          0          0
  inference        :       0.00       0.00          0          0          0          0          0          0          0          0
  leastinf         :       0.00       0.00          0          0          0          0          0          0          0          0
  lookahead        :       0.00       0.00          0          0          0          0          0          0          0          0
  mostinf          :       0.00       0.00          0          0          0          0          0          0          0          0
  multaggr         :       0.00       0.00          0          0          0          0          0          0          0          0
  nodereopt        :       0.00       0.00          0          0          0          0          0          0          0          0
  pscost           :       0.00       0.00          0          0          0          0          0          0          0          0
  random           :       0.00       0.00          0          0          0          0          0          0          0          0
  relpscost        :       6.37       0.00          1          0          0          0          0          0          0          2
  vanillafullstrong:       0.00       0.00          0          0          0          0          0          0          0          0
Primal Heuristics  :   ExecTime  SetupTime      Calls      Found       Best
  LP solutions     :       0.00          -          -          0          0
  relax solutions  :       0.00          -          -          0          0
  pseudo solutions :       0.00          -          -          0          0
  strong branching :       0.00          -          -          0          0
  actconsdiving    :       0.00       0.00          0          0          0
  adaptivediving   :       0.00       0.00          0          0          0
  alns             :       0.00       0.00          0          0          0
  bound            :       0.00       0.00          0          0          0
  clique           :       0.00       0.00          0          0          0
  coefdiving       :       0.00       0.00          0          0          0
  completesol      :       0.00       0.00          0          0          0
  conflictdiving   :       0.00       0.00          0          0          0
  crossover        :       0.00       0.00          0          0          0
  dins             :       0.00       0.00          0          0          0
  distributiondivin:       0.00       0.00          0          0          0
  dps              :       0.00       0.00          0          0          0
  dualval          :       0.00       0.00          0          0          0
  farkasdiving     :       0.00       0.00          0          0          0
  feaspump         :       0.00       0.00          0          0          0
  fixandinfer      :       0.00       0.00          0          0          0
  fracdiving       :       0.00       0.00          0          0          0
  gins             :       0.00       0.00          0          0          0
  guideddiving     :       0.00       0.00          0          0          0
  indicator        :       0.00       0.00          0          0          0
  indicatordiving  :       0.00       0.00          0          0          0
  intdiving        :       0.00       0.00          0          0          0
  intshifting      :       0.00       0.00          0          0          0
  linesearchdiving :       0.00       0.00          0          0          0
  localbranching   :       0.00       0.00          0          0          0
  locks            :       0.00       0.00          0          0          0
  lpface           :       0.00       0.00          0          0          0
  mpec             :       0.00       0.00          0          0          0
  multistart       :       0.00       0.00          0          0          0
  mutation         :       0.00       0.00          0          0          0
  nlpdiving        :       0.00       0.00          0          0          0
  objpscostdiving  :       0.00       0.00          0          0          0
  octane           :       0.00       0.00          0          0          0
  ofins            :       0.00       0.00          0          0          0
  oneopt           :       0.00       0.00          0          0          0
  padm             :       0.00       0.00          0          0          0
  proximity        :       0.00       0.00          0          0          0
  pscostdiving     :       0.00       0.00          0          0          0
  randrounding     :       0.00       0.00          0          0          0
  rens             :       0.00       0.00          0          0          0
  reoptsols        :       0.00       0.00          0          0          0
  repair           :       0.00       0.00          0          0          0
  rins             :       0.00       0.00          0          0          0
  rootsoldiving    :       0.00       0.00          0          0          0
  rounding         :       0.00       0.00          0          0          0
  scheduler        :       0.00       0.00          0          0          0
  shiftandpropagate:       0.00       0.00          0          0          0
  shifting         :       0.00       0.00          0          0          0
  simplerounding   :       0.00       0.00          0          0          0
  subnlp           :       0.00       0.00          0          0          0
  trivial          :       0.00       0.00          0          0          0
  trivialnegation  :       0.00       0.00          0          0          0
  trustregion      :       0.00       0.00          0          0          0
  trysol           :       0.00       0.00          0          0          0
  twoopt           :       0.00       0.00          0          0          0
  undercover       :       0.00       0.00          0          0          0
  vbounds          :       0.00       0.00          0          0          0
  veclendiving     :       0.00       0.00          0          0          0
  zeroobj          :       0.00       0.00          0          0          0
  zirounding       :       0.00       0.00          0          0          0
  other solutions  :          -          -          -          1          -
LNS (Scheduler)    :      Calls  SetupTime  SolveTime SolveNodes       Sols       Best       Exp3    Exp3-IX  EpsGreedy        UCB TgtFixRate  Opt  Inf Node Stal  Sol  Usr Othr Actv
  rens             :          0       0.00       0.00          0          0          0    0.00000    0.12500   -1.00000    1.00000      0.900    0    0    0    0    0    0    0    1
  rins             :          0       0.00       0.00          0          0          0    0.00000    0.12500   -1.00000    1.00000      0.900    0    0    0    0    0    0    0    1
  mutation         :          0       0.00       0.00          0          0          0    0.00000    0.12500   -1.00000    1.00000      0.900    0    0    0    0    0    0    0    1
  localbranching   :          0       0.00       0.00          0          0          0    0.00000    0.12500   -1.00000    1.00000      0.900    0    0    0    0    0    0    0    1
  crossover        :          0       0.00       0.00          0          0          0    0.00000    0.12500   -1.00000    1.00000      0.900    0    0    0    0    0    0    0    1
  proximity        :          0       0.00       0.00          0          0          0    0.00000    0.12500   -1.00000    1.00000      0.900    0    0    0    0    0    0    0    1
  zeroobjective    :          0       0.00       0.00          0          0          0    0.00000    0.12500   -1.00000    1.00000      0.900    0    0    0    0    0    0    0    1
  dins             :          0       0.00       0.00          0          0          0    0.00000    0.12500   -1.00000    1.00000      0.900    0    0    0    0    0    0    0    1
  trustregion      :          0       0.00       0.00          0          0          0    0.00000    0.00000   -1.00000    1.00000      0.900    0    0    0    0    0    0    0    0
LP                 :       Time      Calls Iterations  Iter/call   Iter/sec  Time-0-It Calls-0-It    ItLimit
  primal LP        :       0.00          0          0       0.00          -       0.00          0
  dual LP          :       8.27          5      43305   10826.25    5233.43       0.00          1
  lex dual LP      :       0.00          0          0       0.00          -
  barrier LP       :       0.00          0          0       0.00          -       0.00          0
  resolve instable :       0.00          0          0       0.00          -
  diving/probing LP:       0.01          0          0       0.00          -
  strong branching :      11.60         61      57979     950.48    4998.33          -          -        112
    (at root node) :          -         53      53000    1000.00          -
  conflict analysis:       0.00          0          0       0.00          -
B&B Tree           :
  number of runs   :          1
  nodes            :          3 (1 internal, 2 leaves)
  feasible leaves  :          0
  infeas. leaves   :          0
  objective leaves :          2
  nodes (total)    :          3 (1 internal, 2 leaves)
  nodes left       :          0
  max depth        :          1
  max depth (total):          1
  backtracks       :          0 (0.0%)
  early backtracks :          0 (0.0%)
  nodes exc. ref.  :          0 (0.0%)
  delayed cutoffs  :          0
  repropagations   :          0 (0 domain reductions, 0 cutoffs)
  avg switch length:       2.00
  switching time   :       0.00
Root Node          :
  First LP value   : +3.32566227653655e+02
  First LP Iters   :      28994 (5225.22 Iter/sec)
  First LP Time    :       5.55
  Final Dual Bound : +3.33377012851950e+02
  Final Root Iters :      28994
  Root LP Estimate : +3.41682982859583e+02
Solution           :
  Solutions found  :          1 (1 improvements)
  First Solution   : +3.39999999998387e+02   (in run 0, after 0 nodes, 0.00 seconds, depth -1, found by <initial>)
  Gap First Sol.   :   infinite
  Gap Last Sol.    :   infinite
  Primal Bound     : +3.39999999998387e+02   (in run 0, after 0 nodes, 0.00 seconds, depth -1, found by <initial>)
  Dual Bound       : +3.39999999998387e+02
  Gap              :       0.00 %
Integrals          :      Total       Avg%
  primal-dual      :    2885.01       2.82
  primal-ref       :          -          - (not evaluated)
  dual-ref         :          -          - (not evaluated)
