SCIP version 9.2.2 [precision: 8 byte] [memory: block] [mode: optimized] [LP solver: CPLEX 12.10.0.0] [GitHash: 416226a4f8]
Copyright (c) 2002-2025 Zuse Institute Berlin (ZIB)

reading parameter file </scratch/htc/yzhou/exp_scipmip/settings/settings_gap/sandbox_gendj_gap5.2057_qiu.set>

read problem </scratch/htc/yzhou/exp_scipmip/instances/additional/qiu.mps>
============

original problem has 840 variables (48 bin, 0 int, 0 impl, 792 cont) and 1192 constraints
   1192 constraints of type <linear>
Reading Time: 0.02

read solution </scratch/htc/yzhou/solutions/qiu.sol>
============

primal solution from solution file </scratch/htc/yzhou/solutions/qiu.sol> was accepted as candidate, will be checked when solving starts
original problem has 840 variables (48 bin, 0 int, 0 impl, 792 cont) and 1192 constraints
   1192 constraints of type <linear>
Reading Time: 0.03
solve problem
=============
LP Solver <CPLEX 12.10.0.0>: fastmip setting not available -- SCIP parameter has no effect
LP Solver <CPLEX 12.10.0.0>: clock type cannot be set
LP Solver <CPLEX 12.10.0.0>: row representation of the basis not available -- SCIP parameter lp/rowrepswitch has no effect
LP Solver <CPLEX 12.10.0.0>: solution polishing not available -- SCIP parameter lp/solutionpolishing has no effect
LP Solver <CPLEX 12.10.0.0>: refactorization interval not available -- SCIP parameter lp/refactorinterval has no effect
1/1 feasible solution given by solution candidate storage, new primal bound -1.328731e+02

transformed problem has 840 variables (48 bin, 0 int, 0 impl, 792 cont) and 1192 constraints
   1192 constraints of type <linear>

original problem has 3432 active (0.342761%) nonzeros and 3432 (0.342761%) check nonzeros

presolving:
(round 1, fast)       0 del vars, 0 del conss, 0 add conss, 792 chg bounds, 0 chg sides, 0 chg coeffs, 0 upgd conss, 0 impls, 0 clqs
(round 2, exhaustive) 0 del vars, 0 del conss, 0 add conss, 792 chg bounds, 0 chg sides, 0 chg coeffs, 528 upgd conss, 0 impls, 0 clqs
   (0.1s) probing cycle finished: starting next cycle
   (0.1s) symmetry computation started: requiring (bin +, int +, cont +), (fixed: bin -, int -, cont -)
   (0.1s) symmetry computation finished: 4 generators found (max: 1500, log10 of symmetry group size: 0.0) (symcode time: 0.00)
dynamic symmetry handling statistics:
   orbitopal reduction:       no components
   orbital reduction:         no components
   lexicographic reduction:   no permutations
handled 1 out of 1 symmetry components
(round 3, exhaustive) 0 del vars, 0 del conss, 10 add conss, 792 chg bounds, 0 chg sides, 0 chg coeffs, 528 upgd conss, 528 impls, 0 clqs
clique table cleanup detected 0 bound changes

presolved problem has 3452 active (0.34189%) nonzeros and 3452 (0.34189%) check nonzeros

presolving (4 rounds: 4 fast, 3 medium, 3 exhaustive):
 0 deleted vars, 0 deleted constraints, 10 added constraints, 792 tightened bounds, 0 added holes, 0 changed sides, 0 changed coefficients
 528 implications, 0 cliques
presolved problem has 840 variables (48 bin, 0 int, 0 impl, 792 cont) and 1202 constraints
    528 constraints of type <varbound>
    674 constraints of type <linear>
Presolving Time: 0.04
transformed 1/1 original solutions to the transformed problem space

 time | node  | left  |LP iter|LP it/n|mem/heur|mdpt |vars |cons |rows |cuts |sepa|confs|strbr|  dualbound   | primalbound  |  gap   | compl. 
  0.2s|     1 |     0 |    68 |     - |    14M |   0 | 840 |1202 |1192 |   0 |  0 |   0 |   0 |-9.316389e+02 |-1.328731e+02 | 601.15%| unknown
_____________________________________
Now starting branching with general disjunction
Current branching Node number: 1
LP objective value: -931.639
Node lower bound: -931.639
Node upper bound: -132.873
gap to the primal bound: 6.01149
Preck submodel is infeasible, continue branching
Time limit exceeded (1033.08s), stopping submodel solve loop
General disjunction: Both Children are added
 1034s|     1 |     2 |   832 |     - |    14M |   0 | 840 |1202 |1192 |   0 |  1 |   0 |  29 |-9.316388e+02 |-1.328731e+02 | 601.15%| unknown
_____________________________________
Now starting branching with general disjunction
Current branching Node number: 2
LP objective value: -878.768
Node lower bound: -798.107
Node upper bound: -132.873
gap to the primal bound: 6.01149
Preck submodel is infeasible, continue branching
Time limit exceeded (1136.57s), stopping submodel solve loop
General disjunction: No feasible solution found, use SCIP default branching rule
_____________________________________
Now starting branching with general disjunction
Current branching Node number: 4
Relpscost reduced domain, skip general disjunction branching
_____________________________________
Now starting branching with general disjunction
Current branching Node number: 4
LP objective value: -515.582
Node lower bound: -475.146
Node upper bound: -132.873
gap to the primal bound: 6.01149
Preck submodel is infeasible, continue branching
Time limit exceeded (1568.63s), stopping submodel solve loop
General disjunction: No feasible solution found, use SCIP default branching rule
_____________________________________
Now starting branching with general disjunction
Current branching Node number: 6
LP objective value: -381.318
Node lower bound: -296.812
Node upper bound: -132.873
gap to the primal bound: 6.01149
Preck submodel is infeasible, continue branching
Time limit exceeded (1123.96s), stopping submodel solve loop
General disjunction: No feasible solution found, use SCIP default branching rule
_____________________________________
Now starting branching with general disjunction
Current branching Node number: 8
LP objective value: -268.565
Node lower bound: -223.658
Node upper bound: -132.873
gap to the primal bound: 6.01149
Preck submodel is infeasible, continue branching
General disjunction: No feasible solution found, use SCIP default branching rule
_____________________________________
Now starting branching with general disjunction
Current branching Node number: 10
Relpscost reduced domain, skip general disjunction branching
_____________________________________
Now starting branching with general disjunction
Current branching Node number: 11
LP objective value: -224.899
Node lower bound: -189.589
Node upper bound: -132.873
gap to the primal bound: 6.01149
Preck submodel is infeasible, continue branching
General disjunction: No feasible solution found, use SCIP default branching rule
_____________________________________
Now starting branching with general disjunction
Current branching Node number: 12
LP objective value: -189.589
Node lower bound: -173.996
Node upper bound: -132.873
gap to the primal bound: 6.01149
Preck submodel is infeasible, continue branching
General disjunction: No feasible solution found, use SCIP default branching rule
_____________________________________
Now starting branching with general disjunction
Current branching Node number: 14
Relpscost reduced domain, skip general disjunction branching
_____________________________________
Now starting branching with general disjunction
Current branching Node number: 15
LP objective value: -178.421
Node lower bound: -155.576
Node upper bound: -132.873
gap to the primal bound: 6.01149
Preck submodel is infeasible, continue branching
General disjunction: Both Children are added
_____________________________________
Now starting branching with general disjunction
Current branching Node number: 16
Relpscost reduced domain, skip general disjunction branching
_____________________________________
Now starting branching with general disjunction
Current branching Node number: 17
Relpscost reduced domain, skip general disjunction branching
_____________________________________
Now starting branching with general disjunction
Current branching Node number: 3
LP objective value: -898.266
Node lower bound: -857.935
Node upper bound: -132.873
gap to the primal bound: 5.4568
Preck submodel is infeasible, continue branching
General disjunction: No feasible solution found, use SCIP default branching rule
_____________________________________
Now starting branching with general disjunction
Current branching Node number: 18
LP objective value: -857.935
Node lower bound: -850.64
Node upper bound: -132.873
gap to the primal bound: 5.4019
Preck submodel is infeasible, continue branching
Time limit exceeded (1003.84s), stopping submodel solve loop
General disjunction: Both Children are added
_____________________________________
Now starting branching with general disjunction
Current branching Node number: 20
LP objective value: -813.582
Node lower bound: -806.141
Node upper bound: -132.873
gap to the primal bound: 5.4019
Preck submodel is infeasible, continue branching
General disjunction: Both Children are added
_____________________________________
Now starting branching with general disjunction
Current branching Node number: 22
LP objective value: -736.203
Node lower bound: -684.319
Node upper bound: -132.873
gap to the primal bound: 5.4019
Preck submodel is infeasible, continue branching
Time limit exceeded (1055.53s), stopping submodel solve loop
General disjunction: Both Children are added
_____________________________________
Now starting branching with general disjunction
Current branching Node number: 24
LP objective value: -680.397
Node lower bound: -629.637
Node upper bound: -132.873
gap to the primal bound: 5.4019
Preck submodel is infeasible, continue branching
Time limit exceeded (1254.4s), stopping submodel solve loop
General disjunction: No feasible solution found, use SCIP default branching rule
_____________________________________
Now starting branching with general disjunction
Current branching Node number: 26
LP objective value: -628.731
Node lower bound: -585.327
Node upper bound: -132.873
gap to the primal bound: 5.4019
Preck submodel is infeasible, continue branching
Time limit exceeded (1044.19s), stopping submodel solve loop
General disjunction: Both Children are added
_____________________________________
Now starting branching with general disjunction
Current branching Node number: 28
LP objective value: -559.555
Node lower bound: -513.012
Node upper bound: -132.873
gap to the primal bound: 5.4019
Preck submodel is infeasible, continue branching
Time limit exceeded (1677.73s), stopping submodel solve loop
General disjunction: No feasible solution found, use SCIP default branching rule
_____________________________________
Now starting branching with general disjunction
Current branching Node number: 30
LP objective value: -473.298
Node lower bound: -440.732
Node upper bound: -132.873
gap to the primal bound: 5.4019
Preck submodel is infeasible, continue branching
Time limit exceeded (1593.96s), stopping submodel solve loop
General disjunction: No feasible solution found, use SCIP default branching rule
_____________________________________
Now starting branching with general disjunction
Current branching Node number: 32
LP objective value: -325.435
Node lower bound: -273.06
Node upper bound: -132.873
gap to the primal bound: 5.4019
Preck submodel is infeasible, continue branching
General disjunction: Only Right constraint added:
_____________________________________
Now starting branching with general disjunction
Current branching Node number: 32
LP objective value: -256.003
Node lower bound: -256.003
Node upper bound: -132.873
gap to the primal bound: 5.4019
Preck submodel is infeasible, continue branching
General disjunction: Only Left constraint added:
_____________________________________
Now starting branching with general disjunction
Current branching Node number: 32
LP objective value: -192.213
Node lower bound: -192.213
Node upper bound: -132.873
gap to the primal bound: 5.4019
Preck submodel is infeasible, continue branching
Time limit exceeded (1000.05s), stopping submodel solve loop
General disjunction: No feasible solution found, use SCIP default branching rule
_____________________________________
Now starting branching with general disjunction
Current branching Node number: 35
LP objective value: -155.435
Node lower bound: -155.435
Node upper bound: -132.873
gap to the primal bound: 5.4019
Preck submodel is infeasible, continue branching
General disjunction: Infeasible disjunction
_____________________________________
Now starting branching with general disjunction
Current branching Node number: 5
LP objective value: -798.107
Node lower bound: -798.107
Node upper bound: -132.873
gap to the primal bound: 5.4019
Preck submodel is infeasible, continue branching
General disjunction: Both Children are added
_____________________________________
Now starting branching with general disjunction
Current branching Node number: 36
LP objective value: -664.151
Node lower bound: -664.151
Node upper bound: -132.873
gap to the primal bound: 5.4019
Preck submodel is infeasible, continue branching
Time limit exceeded (1287.96s), stopping submodel solve loop
General disjunction: Both Children are added
_____________________________________
Now starting branching with general disjunction
Current branching Node number: 38
LP objective value: -522.614
Node lower bound: -522.614
Node upper bound: -132.873
gap to the primal bound: 5.4019
Preck submodel is infeasible, continue branching
Time limit exceeded (1048.98s), stopping submodel solve loop
General disjunction: Both Children are added
_____________________________________
Now starting branching with general disjunction
Current branching Node number: 40
LP objective value: -461.517
Node lower bound: -461.517
Node upper bound: -132.873
gap to the primal bound: 5.4019
Preck submodel is infeasible, continue branching
Time limit exceeded (1047.72s), stopping submodel solve loop
General disjunction: Both Children are added
_____________________________________
Now starting branching with general disjunction
Current branching Node number: 42
LP objective value: -396.412
Node lower bound: -396.412
Node upper bound: -132.873
gap to the primal bound: 5.4019
Preck submodel is infeasible, continue branching
General disjunction: Both Children are added
_____________________________________
Now starting branching with general disjunction
Current branching Node number: 44
LP objective value: -347.483
Node lower bound: -347.483
Node upper bound: -132.873
gap to the primal bound: 5.4019
Preck submodel is infeasible, continue branching
General disjunction: Only Left constraint added:
_____________________________________
Now starting branching with general disjunction
Current branching Node number: 44
LP objective value: -282.378
Node lower bound: -282.378
Node upper bound: -132.873
gap to the primal bound: 5.4019
Preck submodel is infeasible, continue branching
General disjunction: Both Children are added
_____________________________________
Now starting branching with general disjunction
Current branching Node number: 46
Relpscost reduced domain, skip general disjunction branching
_____________________________________
Now starting branching with general disjunction
Current branching Node number: 47
LP objective value: -237.036
Node lower bound: -237.036
Node upper bound: -132.873
gap to the primal bound: 5.4019
Preck submodel is infeasible, continue branching
General disjunction: Both Children are added
_____________________________________
Now starting branching with general disjunction
Current branching Node number: 48
LP objective value: -173.655
Node lower bound: -173.655
Node upper bound: -132.873
gap to the primal bound: 5.4019
Preck submodel is infeasible, continue branching
General disjunction: Both Children are added
_____________________________________
Now starting branching with general disjunction
Current branching Node number: 50
LP objective value: -146.96
Node lower bound: -146.96
Node upper bound: -132.873
gap to the primal bound: 5.4019
Preck submodel is infeasible, continue branching
General disjunction: Infeasible disjunction
_____________________________________
Now starting branching with general disjunction
Current branching Node number: 51
LP objective value: -146.394
Node lower bound: -146.394
Node upper bound: -132.873
gap to the primal bound: 5.4019
Preck submodel is infeasible, continue branching
General disjunction: Infeasible disjunction
_____________________________________
Now starting branching with general disjunction
Current branching Node number: 19
LP objective value: -824.562
Node lower bound: -754.346
Node upper bound: -132.873
gap to the primal bound: 5.4019
Preck submodel is infeasible, continue branching
Time limit exceeded (1098.49s), stopping submodel solve loop
General disjunction: No feasible solution found, use SCIP default branching rule
_____________________________________
Now starting branching with general disjunction
Current branching Node number: 52
LP objective value: -743.979
Node lower bound: -743.979
Node upper bound: -132.873
gap to the primal bound: 5.4019
Preck submodel is infeasible, continue branching
General disjunction: Both Children are added
_____________________________________
Now starting branching with general disjunction
Current branching Node number: 54
LP objective value: -670.339
Node lower bound: -670.339
Node upper bound: -132.873
gap to the primal bound: 5.4019
Preck submodel is infeasible, continue branching
Time limit exceeded (1233.18s), stopping submodel solve loop
General disjunction: Both Children are added
_____________________________________
Now starting branching with general disjunction
Current branching Node number: 56
LP objective value: -589.537
Node lower bound: -589.537
Node upper bound: -132.873
gap to the primal bound: 5.4019
Preck submodel is infeasible, continue branching
General disjunction: Both Children are added
_____________________________________
Now starting branching with general disjunction
Current branching Node number: 58
Relpscost reduced domain, skip general disjunction branching
_____________________________________
Now starting branching with general disjunction
Current branching Node number: 58
LP objective value: -345.692
Node lower bound: -345.692
Node upper bound: -132.873
gap to the primal bound: 5.4019
Preck submodel is infeasible, continue branching
Time limit exceeded (1680.22s), stopping submodel solve loop
General disjunction: Both Children are added
_____________________________________
Now starting branching with general disjunction
Current branching Node number: 60
LP objective value: -274.072
Node lower bound: -274.072
Node upper bound: -132.873
gap to the primal bound: 5.4019
Preck submodel is infeasible, continue branching
Time limit exceeded (1208.56s), stopping submodel solve loop
General disjunction: Both Children are added
_____________________________________
Now starting branching with general disjunction
Current branching Node number: 62
LP objective value: -184.851
Node lower bound: -184.851
Node upper bound: -132.873
gap to the primal bound: 5.4019
Preck submodel is infeasible, continue branching
Time limit exceeded (1966.29s), stopping submodel solve loop
General disjunction: Only Left constraint added:
_____________________________________
Now starting branching with general disjunction
Current branching Node number: 62
LP objective value: -154.153
Node lower bound: -154.153
Node upper bound: -132.873
gap to the primal bound: 5.4019
Preck submodel is infeasible, continue branching
General disjunction: Only Right constraint added:
_____________________________________
Now starting branching with general disjunction
Current branching Node number: 62
LP objective value: -133.345
Node lower bound: -133.345
Node upper bound: -132.873
gap to the primal bound: 5.4019
Preck submodel is infeasible, continue branching
General disjunction: Infeasible disjunction
_____________________________________
Now starting branching with general disjunction
Current branching Node number: 63
LP objective value: -178.997
Node lower bound: -178.997
Node upper bound: -132.873
gap to the primal bound: 5.4019
Preck submodel is infeasible, continue branching
General disjunction: Only Right constraint added:
_____________________________________
Now starting branching with general disjunction
Current branching Node number: 63
LP objective value: -141.672
Node lower bound: -141.672
Node upper bound: -132.873
gap to the primal bound: 5.4019
Preck submodel is infeasible, continue branching
General disjunction: Infeasible disjunction

SCIP Status        : solving was interrupted [gap limit reached]
Solving Time (sec) : 33845.10
Solving Nodes      : 43
Primal Bound       : -1.32873136946999e+02 (97 solutions)
Dual Bound         : -8.06141088882078e+02
Gap                : 506.70 %

primal solution:
================

objective value:                    -132.873136946999
x4                                                  1 	(obj:114.034)
x6                                                  1 	(obj:114.034)
x10                                                 1 	(obj:114.034)
x11                                                 1 	(obj:114.034)
x12                                                 1 	(obj:114.034)
x14                                                 1 	(obj:114.034)
x18                                                 1 	(obj:114.034)
x19                                                 1 	(obj:114.034)
x20                                                 1 	(obj:114.034)
x24                                                 1 	(obj:114.034)
x28                                                 1 	(obj:114.034)
x32                                                 1 	(obj:114.034)
x34                                                 1 	(obj:114.034)
x35                                                 1 	(obj:114.034)
x36                                                 1 	(obj:114.034)
x38                                                 1 	(obj:114.034)
x43                                                 1 	(obj:114.034)
x48                                                 1 	(obj:114.034)
x56                                              2.73 	(obj:-16.947)
x58                                              3.77 	(obj:-16.947)
x66                                              0.52 	(obj:-16.947)
x70                                              4.16 	(obj:-16.947)
x76                                              0.52 	(obj:-16.947)
x78                                              2.34 	(obj:-16.947)
x82                                          0.980001 	(obj:-16.947)
x83                                             17.71 	(obj:-16.947)
x84                                          3.539999 	(obj:-16.947)
x86                                              3.64 	(obj:-16.947)
x92                                              0.26 	(obj:-16.947)
x100                                             2.73 	(obj:-16.947)
x108                                             0.52 	(obj:-16.947)
x112                                             0.26 	(obj:-16.947)
x120                                             3.38 	(obj:-16.947)
x128                                             1.82 	(obj:-16.947)
x132                                             0.26 	(obj:-16.947)
x136                                             0.26 	(obj:-16.947)
x144                                             3.38 	(obj:-16.947)
x152                                             1.82 	(obj:-16.947)
x156                                             0.26 	(obj:-16.947)
x160                                             0.26 	(obj:-16.947)
x164                                             2.73 	(obj:-16.947)
x166                                             3.51 	(obj:-16.947)
x171                                             0.26 	(obj:-16.947)
x174                                              3.9 	(obj:-16.947)
x179                                            19.37 	(obj:-16.947)
x180                                    9.9999999e-07 	(obj:-16.947)
x184                                             2.73 	(obj:-16.947)
x188                                             3.38 	(obj:-16.947)
x192                                             3.38 	(obj:-16.947)
x198                                             0.52 	(obj:-16.947)
x202                                             4.94 	(obj:-16.947)
x206                                             1.04 	(obj:-16.947)
x210                                             7.28 	(obj:-16.947)
x226                                             4.42 	(obj:-16.947)
x239                                             3.51 	(obj:-16.947)
x247                                              1.3 	(obj:-16.947)
x263                                             3.51 	(obj:-16.947)
x272                                             0.26 	(obj:-16.947)
x280                                             3.12 	(obj:-16.947)
x288                                             0.78 	(obj:-16.947)
x292                                             0.26 	(obj:-16.947)
x296                                             0.26 	(obj:-16.947)
x300                                             0.26 	(obj:-16.947)
x304                                             3.12 	(obj:-16.947)
x316                                             0.26 	(obj:0)
x320                                             2.73 	(obj:0)
x322                                             3.77 	(obj:0)
x328                                             0.26 	(obj:0)
x330                                             0.52 	(obj:0)
x334                                             4.16 	(obj:0)
x340                                             0.52 	(obj:0)
x342                                             2.34 	(obj:0)
x346                                         0.980001 	(obj:0)
x347                                            17.71 	(obj:0)
x348                                         3.539999 	(obj:0)
x350                                             3.64 	(obj:0)
x356                                             0.26 	(obj:0)
x358                                             0.26 	(obj:0)
x364                                             2.73 	(obj:0)
x366                                             0.26 	(obj:0)
x372                                             0.52 	(obj:0)
x376                                             0.26 	(obj:0)
x378                                             0.26 	(obj:0)
x384                                             3.38 	(obj:0)
x386                                             0.26 	(obj:0)
x392                                             1.82 	(obj:0)
x396                                             0.26 	(obj:0)
x400                                             0.26 	(obj:0)
x402                                             0.26 	(obj:0)
x408                                             3.38 	(obj:0)
x410                                             0.26 	(obj:0)
x416                                             1.82 	(obj:0)
x420                                             0.26 	(obj:0)
x424                                             0.26 	(obj:0)
x428                                             2.73 	(obj:0)
x430                                             3.51 	(obj:0)
x435                                             0.26 	(obj:0)
x438                                              3.9 	(obj:0)
x443                                            19.37 	(obj:0)
x444                                    9.9999999e-07 	(obj:0)
x448                                             2.73 	(obj:0)
x452                                             3.38 	(obj:0)
x456                                             3.38 	(obj:0)
x460                                             0.26 	(obj:0)
x462                                             0.52 	(obj:0)
x466                                             4.94 	(obj:0)
x470                                             1.04 	(obj:0)
x474                                             7.28 	(obj:0)
x480                                             0.26 	(obj:0)
x484                                             0.26 	(obj:0)
x488                                             0.52 	(obj:0)
x490                                             4.42 	(obj:0)
x496                                             0.26 	(obj:0)
x498                                             0.26 	(obj:0)
x503                                             3.51 	(obj:0)
x506                                             0.26 	(obj:0)
x511                                              1.3 	(obj:0)
x516                                             0.26 	(obj:0)
x520                                             0.26 	(obj:0)
x524                                             0.26 	(obj:0)
x527                                             3.51 	(obj:0)
x530                                             0.52 	(obj:0)
x536                                             0.26 	(obj:0)
x538                                             0.26 	(obj:0)
x544                                             3.12 	(obj:0)
x546                                             0.26 	(obj:0)
x552                                             0.78 	(obj:0)
x556                                             0.26 	(obj:0)
x560                                             0.26 	(obj:0)
x564                                             0.26 	(obj:0)
x568                                             3.12 	(obj:0)
x570                                             0.52 	(obj:0)
x575                                             0.26 	(obj:0)
x578                                             0.26 	(obj:0)
x584                                             2.73 	(obj:0)
x586                                             3.77 	(obj:0)
x590                                             0.26 	(obj:0)
x594                                             0.52 	(obj:0)
x598                                             4.16 	(obj:0)
x604                                             0.52 	(obj:0)
x606                                             2.34 	(obj:0)
x610                                         0.980001 	(obj:0)
x611                                            17.71 	(obj:0)
x612                                         3.539999 	(obj:0)
x614                                             3.64 	(obj:0)
x620                                             0.26 	(obj:0)
x624                                             0.26 	(obj:0)
x628                                             2.73 	(obj:0)
x632                                             0.26 	(obj:0)
x636                                             0.52 	(obj:0)
x640                                             0.26 	(obj:0)
x644                                             0.26 	(obj:0)
x648                                             3.38 	(obj:0)
x652                                             0.26 	(obj:0)
x656                                             1.82 	(obj:0)
x660                                             0.26 	(obj:0)
x664                                             0.26 	(obj:0)
x668                                             0.26 	(obj:0)
x672                                             3.38 	(obj:0)
x676                                             0.26 	(obj:0)
x680                                             1.82 	(obj:0)
x684                                             0.26 	(obj:0)
x688                                             0.26 	(obj:0)
x692                                             2.73 	(obj:0)
x694                                             3.51 	(obj:0)
x699                                             0.26 	(obj:0)
x702                                              3.9 	(obj:0)
x707                                            19.37 	(obj:0)
x708                                    9.9999999e-07 	(obj:0)
x712                                             2.73 	(obj:0)
x716                                             3.38 	(obj:0)
x720                                             3.38 	(obj:0)
x722                                             0.26 	(obj:0)
x726                                             0.52 	(obj:0)
x730                                             4.94 	(obj:0)
x734                                             1.04 	(obj:0)
x738                                             7.28 	(obj:0)
x742                                             0.26 	(obj:0)
x746                                             0.26 	(obj:0)
x750                                             0.52 	(obj:0)
x754                                             4.42 	(obj:0)
x759                                             0.26 	(obj:0)
x763                                             0.26 	(obj:0)
x767                                             3.51 	(obj:0)
x771                                             0.26 	(obj:0)
x775                                              1.3 	(obj:0)
x779                                             0.26 	(obj:0)
x783                                             0.26 	(obj:0)
x787                                             0.26 	(obj:0)
x791                                             3.51 	(obj:0)
x795                                             0.52 	(obj:0)
x800                                             0.26 	(obj:0)
x804                                             0.26 	(obj:0)
x808                                             3.12 	(obj:0)
x812                                             0.26 	(obj:0)
x816                                             0.78 	(obj:0)
x820                                             0.26 	(obj:0)
x824                                             0.26 	(obj:0)
x828                                             0.26 	(obj:0)
x832                                             3.12 	(obj:0)
x836                                             0.52 	(obj:0)
x840                                             0.26 	(obj:0)

Statistics
==========

SCIP Status        : solving was interrupted [gap limit reached]
Total Time         :   33845.14
  solving          :   33845.10
  presolving       :       0.04 (included in solving)
  reading          :       0.03
  copying          :       0.00 (0 times copied the problem)
Original Problem   :
  Problem name     : qiu
  Variables        : 840 (48 binary, 0 integer, 0 implicit integer, 792 continuous)
  Constraints      : 1192 initial, 1192 maximal
  Objective        : minimize, 312 non-zeros (abs.min = 16.947, abs.max = 114.034)
Presolved Problem  :
  Problem name     : t_qiu
  Variables        : 840 (48 binary, 0 integer, 0 implicit integer, 792 continuous)
  Constraints      : 1202 initial, 1202 maximal
  Objective        : minimize, 312 non-zeros (abs.min = 16.947, abs.max = 114.034)
  Nonzeros         : 3452 constraint, 0 clique table
Presolvers         :   ExecTime  SetupTime  Calls  FixedVars   AggrVars   ChgTypes  ChgBounds   AddHoles    DelCons    AddCons   ChgSides   ChgCoefs
  boundshift       :       0.00       0.00      0          0          0          0          0          0          0          0          0          0
  convertinttobin  :       0.00       0.00      0          0          0          0          0          0          0          0          0          0
  domcol           :       0.00       0.00      2          0          0          0          0          0          0          0          0          0
  dualagg          :       0.00       0.00      0          0          0          0          0          0          0          0          0          0
  dualcomp         :       0.00       0.00      2          0          0          0          0          0          0          0          0          0
  dualinfer        :       0.00       0.00      0          0          0          0          0          0          0          0          0          0
  dualsparsify     :       0.00       0.00      1          0          0          0          0          0          0          0          0          0
  gateextraction   :       0.00       0.00      0          0          0          0          0          0          0          0          0          0
  implics          :       0.00       0.00      3          0          0          0          0          0          0          0          0          0
  inttobinary      :       0.00       0.00      0          0          0          0          0          0          0          0          0          0
  qpkktref         :       0.00       0.00      0          0          0          0          0          0          0          0          0          0
  redvub           :       0.00       0.00      0          0          0          0          0          0          0          0          0          0
  sparsify         :       0.00       0.00      1          0          0          0          0          0          0          0          0          0
  stuffing         :       0.00       0.00      0          0          0          0          0          0          0          0          0          0
  trivial          :       0.00       0.00      4          0          0          0          0          0          0          0          0          0
  tworowbnd        :       0.00       0.00      0          0          0          0          0          0          0          0          0          0
  dualfix          :       0.00       0.00      4          0          0          0          0          0          0          0          0          0
  genvbounds       :       0.00       0.00      0          0          0          0          0          0          0          0          0          0
  probing          :       0.00       0.00      1          0          0          0          0          0          0          0          0          0
  pseudoobj        :       0.00       0.00      1          0          0          0          0          0          0          0          0          0
  symmetry         :       0.01       0.00      1          0          0          0          0          0          0         10          0          0
  vbounds          :       0.00       0.00      0          0          0          0          0          0          0          0          0          0
  varbound         :       0.00       0.00      4          0          0          0          0          0          0          0          0          0
  linear           :       0.02       0.00      7          0          0          0        792          0          0          0          0          0
  benders          :       0.00       0.00      0          0          0          0          0          0          0          0          0          0
  components       :       0.00       0.00      1          0          0          0          0          0          0          0          0          0
  root node        :          -          -      -          0          -          -          0          -          -          -          -          -
Constraints        :     Number  MaxNumber  #Separate #Propagate    #EnfoLP    #EnfoRelax  #EnfoPS    #Check   #ResProp    Cutoffs    DomReds       Cuts    Applied      Conss   Children
  benderslp        :          0          0          0          0         49          0          0        478          0          0          0          0          0          0          0
  integral         :          0          0          0          0         49          0          0        478          0          5         17          0          0          6         62
  varbound         :        528        528          0         97          0          0          0        476          0          0          0          0          0          0          0
  linear           :        674+       685          0         97          0          0          0        476          0          0          0          0          0          0          0
  benders          :          0          0          0          0          0          0          0         98          0          0          0          0          0          0          0
  fixedvar         :          0          0          0          0          0          0          0         98          0          0          0          0          0          0          0
  countsols        :          0          0          0          0          0          0          0         98          0          0          0          0          0          0          0
  components       :          0          0          0          0          0          0          0          0          0          0          0          0          0          0          0
Constraint Timings :  TotalTime  SetupTime   Separate  Propagate     EnfoLP     EnfoPS     EnfoRelax   Check    ResProp    SB-Prop
  benderslp        :       0.00       0.00       0.00       0.00       0.00       0.00       0.00       0.00       0.00       0.00
  integral         :   33844.56       0.00       0.00       0.00   33844.56       0.00       0.00       0.00       0.00       0.00
  varbound         :       0.00       0.00       0.00       0.00       0.00       0.00       0.00       0.00       0.00       0.00
  linear           :       0.01       0.00       0.00       0.00       0.00       0.00       0.00       0.00       0.00       0.00
  benders          :       0.00       0.00       0.00       0.00       0.00       0.00       0.00       0.00       0.00       0.00
  fixedvar         :       0.00       0.00       0.00       0.00       0.00       0.00       0.00       0.00       0.00       0.00
  countsols        :       0.00       0.00       0.00       0.00       0.00       0.00       0.00       0.00       0.00       0.00
  components       :       0.00       0.00       0.00       0.00       0.00       0.00       0.00       0.00       0.00       0.00
Propagators        : #Propagate   #ResProp    Cutoffs    DomReds
  dualfix          :          1          0          0          0
  genvbounds       :          0          0          0          0
  nlobbt           :          0          0          0          0
  obbt             :          0          0          0          0
  probing          :          0          0          0          0
  pseudoobj        :          3          0          0          0
  redcost          :          2          0          0          0
  rootredcost      :          0          0          0          0
  symmetry         :          0          0          0          0
  vbounds          :          0          0          0          0
Propagator Timings :  TotalTime  SetupTime   Presolve  Propagate    ResProp    SB-Prop
  dualfix          :       0.00       0.00       0.00       0.00       0.00       0.00
  genvbounds       :       0.00       0.00       0.00       0.00       0.00       0.00
  nlobbt           :       0.00       0.00       0.00       0.00       0.00       0.00
  obbt             :       0.00       0.00       0.00       0.00       0.00       0.00
  probing          :       0.00       0.00       0.00       0.00       0.00       0.00
  pseudoobj        :       0.00       0.00       0.00       0.00       0.00       0.00
  redcost          :       0.00       0.00       0.00       0.00       0.00       0.00
  rootredcost      :       0.00       0.00       0.00       0.00       0.00       0.00
  symmetry         :       0.01       0.00       0.01       0.00       0.00       0.00
  vbounds          :       0.00       0.00       0.00       0.00       0.00       0.00
Symmetry           :
  orbitopal red.   :          0 reductions applied,          0 cutoffs
  orbital reduction:          0 reductions applied,          0 cutoffs
  lexicographic red:          0 reductions applied,          0 cutoffs
  shadow tree time :       0.00 s
Conflict Analysis  :       Time      Calls    Success    DomReds  Conflicts   Literals    Reconvs ReconvLits   Dualrays   Nonzeros   LP Iters   (pool size: [--,--])
  propagation      :       0.00          0          0          -          0        0.0          0        0.0          -          -          -
  infeasible LP    :       0.00          0          0          -          0        0.0          0        0.0          0        0.0          0
  bound exceed. LP :       0.00          0          0          -          0        0.0          0        0.0          0        0.0          0
  strong branching :       0.00          0          0          -          0        0.0          0        0.0          -          -          0
  pseudo solution  :       0.00          0          0          -          0        0.0          0        0.0          -          -          -
  applied globally :       0.00          -          -          0          0        0.0          -          -          0          -          -
  applied locally  :          -          -          -          0          0        0.0          -          -          0          -          -
Separators         :   ExecTime  SetupTime      Calls  RootCalls    Cutoffs    DomReds  FoundCuts ViaPoolAdd  DirectAdd    Applied ViaPoolApp  DirectApp      Conss
  cut pool         :       0.00          -          0          0          -          -          0          0          -          -          -          -          -    (maximal pool size:          0)
  aggregation      :       0.00       0.00          0          0          0          0          0          0          0          0          0          0          0
  > cmir           :          -          -          -          -          -          -          -          0          0          0          0          0          -
  > flowcover      :          -          -          -          -          -          -          -          0          0          0          0          0          -
  > knapsackcover  :          -          -          -          -          -          -          -          0          0          0          0          0          -
  cgmip            :       0.00       0.00          0          0          0          0          0          0          0          0          0          0          0
  clique           :       0.00       0.00          0          0          0          0          0          0          0          0          0          0          0
  closecuts        :       0.00       0.00          0          0          0          0          0          0          0          0          0          0          0
  convexproj       :       0.00       0.00          0          0          0          0          0          0          0          0          0          0          0
  disjunctive      :       0.00       0.00          0          0          0          0          0          0          0          0          0          0          0
  eccuts           :       0.00       0.00          0          0          0          0          0          0          0          0          0          0          0
  gauge            :       0.00       0.00          0          0          0          0          0          0          0          0          0          0          0
  gomory           :       0.00       0.00          0          0          0          0          0          0          0          0          0          0          0
  > gomorymi       :          -          -          -          -          -          -          -          0          0          0          0          0          -
  > strongcg       :          -          -          -          -          -          -          -          0          0          0          0          0          -
  impliedbounds    :       0.00       0.00          0          0          0          0          0          0          0          0          0          0          0
  interminor       :       0.00       0.00          0          0          0          0          0          0          0          0          0          0          0
  intobj           :       0.00       0.00          0          0          0          0          0          0          0          0          0          0          0
  lagromory        :       0.00       0.00          0          0          0          0          0          0          0          0          0          0          0
  mcf              :       0.00       0.00          0          0          0          0          0          0          0          0          0          0          0
  minor            :       0.00       0.00          0          0          0          0          0          0          0          0          0          0          0
  mixing           :       0.00       0.00          0          0          0          0          0          0          0          0          0          0          0
  oddcycle         :       0.00       0.00          0          0          0          0          0          0          0          0          0          0          0
  rapidlearning    :       0.00       0.00          0          0          0          0          0          0          0          0          0          0          0
  rlt              :       0.00       0.00          0          0          0          0          0          0          0          0          0          0          0
  zerohalf         :       0.00       0.00          0          0          0          0          0          0          0          0          0          0          0
Cutselectors       :   ExecTime  SetupTime      Calls  RootCalls   Selected     Forced   Filtered  RootSelec   RootForc   RootFilt 
  hybrid           :       0.00       0.00          0          0          0          0          0          0          0          0
  ensemble         :       0.00       0.00          0          0          0          0          0          0          0          0
  dynamic          :       0.00       0.00          0          0          0          0          0          0          0          0
Pricers            :   ExecTime  SetupTime      Calls       Vars
  problem variables:       0.00          -          0          0
Branching Rules    :   ExecTime  SetupTime   BranchLP  BranchExt   BranchPS    Cutoffs    DomReds       Cuts      Conss   Children
  allfullstrong    :       0.00       0.00          0          0          0          0          0          0          0          0
  cloud            :       0.00       0.00          0          0          0          0          0          0          0          0
  distribution     :       0.00       0.00          0          0          0          0          0          0          0          0
  fullstrong       :       0.00       0.00          0          0          0          0          0          0          0          0
  general_disjuncti:   33844.18       0.00         49          0          0          5         17          0          6         38
  GeneralDisjunction(extra): subMILPs=652 fairNodes of all MILPs=858284 probingLPs=622
  gomory           :       0.00       0.00          0          0          0          0          0          0          0          0
  inference        :       0.00       0.00          0          0          0          0          0          0          0          0
  leastinf         :       0.00       0.00          0          0          0          0          0          0          0          0
  lookahead        :       0.00       0.00          0          0          0          0          0          0          0          0
  mostinf          :       0.00       0.00          0          0          0          0          0          0          0          0
  multaggr         :       0.00       0.00          0          0          0          0          0          0          0          0
  nodereopt        :       0.00       0.00          0          0          0          0          0          0          0          0
  pscost           :       0.00       0.00          0          0          0          0          0          0          0          0
  random           :       0.00       0.00          0          0          0          0          0          0          0          0
  relpscost        :       0.38       0.00         12          0          0          0          0          0          0         24
  vanillafullstrong:       0.00       0.00          0          0          0          0          0          0          0          0
Primal Heuristics  :   ExecTime  SetupTime      Calls      Found       Best
  LP solutions     :       0.00          -          -          0          0
  relax solutions  :       0.00          -          -          0          0
  pseudo solutions :       0.00          -          -          0          0
  strong branching :       0.02          -          -         96          0
  actconsdiving    :       0.00       0.00          0          0          0
  adaptivediving   :       0.00       0.00          0          0          0
  alns             :       0.00       0.00          0          0          0
  bound            :       0.00       0.00          0          0          0
  clique           :       0.00       0.00          0          0          0
  coefdiving       :       0.00       0.00          0          0          0
  completesol      :       0.00       0.00          0          0          0
  conflictdiving   :       0.00       0.00          0          0          0
  crossover        :       0.00       0.00          0          0          0
  dins             :       0.00       0.00          0          0          0
  distributiondivin:       0.00       0.00          0          0          0
  dps              :       0.00       0.00          0          0          0
  dualval          :       0.00       0.00          0          0          0
  farkasdiving     :       0.00       0.00          0          0          0
  feaspump         :       0.00       0.00          0          0          0
  fixandinfer      :       0.00       0.00          0          0          0
  fracdiving       :       0.00       0.00          0          0          0
  gins             :       0.00       0.00          0          0          0
  guideddiving     :       0.00       0.00          0          0          0
  indicator        :       0.00       0.00          0          0          0
  indicatordiving  :       0.00       0.00          0          0          0
  intdiving        :       0.00       0.00          0          0          0
  intshifting      :       0.00       0.00          0          0          0
  linesearchdiving :       0.00       0.00          0          0          0
  localbranching   :       0.00       0.00          0          0          0
  locks            :       0.00       0.00          0          0          0
  lpface           :       0.00       0.00          0          0          0
  mpec             :       0.00       0.00          0          0          0
  multistart       :       0.00       0.00          0          0          0
  mutation         :       0.00       0.00          0          0          0
  nlpdiving        :       0.00       0.00          0          0          0
  objpscostdiving  :       0.00       0.00          0          0          0
  octane           :       0.00       0.00          0          0          0
  ofins            :       0.00       0.00          0          0          0
  oneopt           :       0.00       0.00          0          0          0
  padm             :       0.00       0.00          0          0          0
  proximity        :       0.00       0.00          0          0          0
  pscostdiving     :       0.00       0.00          0          0          0
  randrounding     :       0.00       0.00          0          0          0
  rens             :       0.00       0.00          0          0          0
  reoptsols        :       0.00       0.00          0          0          0
  repair           :       0.00       0.00          0          0          0
  rins             :       0.00       0.00          0          0          0
  rootsoldiving    :       0.00       0.00          0          0          0
  rounding         :       0.00       0.00          0          0          0
  scheduler        :       0.00       0.00          0          0          0
  shiftandpropagate:       0.00       0.00          0          0          0
  shifting         :       0.00       0.00          0          0          0
  simplerounding   :       0.00       0.00          0          0          0
  subnlp           :       0.00       0.00          0          0          0
  trivial          :       0.00       0.00          0          0          0
  trivialnegation  :       0.00       0.00          0          0          0
  trustregion      :       0.00       0.00          0          0          0
  trysol           :       0.00       0.00          0          0          0
  twoopt           :       0.00       0.00          0          0          0
  undercover       :       0.00       0.00          0          0          0
  vbounds          :       0.00       0.00          0          0          0
  veclendiving     :       0.00       0.00          0          0          0
  zeroobj          :       0.00       0.00          0          0          0
  zirounding       :       0.00       0.00          0          0          0
  other solutions  :          -          -          -          1          -
LNS (Scheduler)    :      Calls  SetupTime  SolveTime SolveNodes       Sols       Best       Exp3    Exp3-IX  EpsGreedy        UCB TgtFixRate  Opt  Inf Node Stal  Sol  Usr Othr Actv
  rens             :          0       0.00       0.00          0          0          0    0.00000    0.12500   -1.00000    1.00000      0.900    0    0    0    0    0    0    0    1
  rins             :          0       0.00       0.00          0          0          0    0.00000    0.12500   -1.00000    1.00000      0.900    0    0    0    0    0    0    0    1
  mutation         :          0       0.00       0.00          0          0          0    0.00000    0.12500   -1.00000    1.00000      0.900    0    0    0    0    0    0    0    1
  localbranching   :          0       0.00       0.00          0          0          0    0.00000    0.12500   -1.00000    1.00000      0.900    0    0    0    0    0    0    0    1
  crossover        :          0       0.00       0.00          0          0          0    0.00000    0.12500   -1.00000    1.00000      0.900    0    0    0    0    0    0    0    1
  proximity        :          0       0.00       0.00          0          0          0    0.00000    0.12500   -1.00000    1.00000      0.900    0    0    0    0    0    0    0    1
  zeroobjective    :          0       0.00       0.00          0          0          0    0.00000    0.12500   -1.00000    1.00000      0.900    0    0    0    0    0    0    0    1
  dins             :          0       0.00       0.00          0          0          0    0.00000    0.12500   -1.00000    1.00000      0.900    0    0    0    0    0    0    0    1
  trustregion      :          0       0.00       0.00          0          0          0    0.00000    0.00000   -1.00000    1.00000      0.900    0    0    0    0    0    0    0    0
LP                 :       Time      Calls Iterations  Iter/call   Iter/sec  Time-0-It Calls-0-It    ItLimit
  primal LP        :       0.00          0          0       0.00          -       0.00          0
  dual LP          :       0.41         56       5239      93.55   12815.15       0.00          0
  lex dual LP      :       0.00          0          0       0.00          -
  barrier LP       :       0.00          0          0       0.00          -       0.00          0
  resolve instable :       0.00          0          0       0.00          -
  diving/probing LP:       2.25        622      43474      69.89   19315.63
  strong branching :       2.01        253      40704     160.89   20253.35          -          -          0
    (at root node) :          -         29       3921     135.21          -
  conflict analysis:       0.00          0          0       0.00          -
B&B Tree           :
  number of runs   :          1
  nodes            :         43 (31 internal, 12 leaves)
  feasible leaves  :          0
  infeas. leaves   :          5
  objective leaves :          6
  nodes (total)    :         43 (31 internal, 12 leaves)
  nodes left       :         21
  max depth        :         10
  max depth (total):         10
  backtracks       :          4 (9.3%)
  early backtracks :          0 (0.0%)
  nodes exc. ref.  :          0 (0.0%)
  delayed cutoffs  :          0
  repropagations   :          0 (0 domain reductions, 0 cutoffs)
  avg switch length:       2.05
  switching time   :       0.00
Root Node          :
  First LP value   : -9.31638851287331e+02
  First LP Iters   :         68 (881.65 Iter/sec)
  First LP Time    :       0.08
  Final Dual Bound : -9.31638849494763e+02
  Final Root Iters :         68
  Root LP Estimate : +8.13678061452643e+01
Solution           :
  Solutions found  :         97 (1 improvements)
  First Solution   : -1.32873136946999e+02   (in run 0, after 0 nodes, 0.00 seconds, depth -1, found by <initial>)
  Gap First Sol.   :   infinite
  Gap Last Sol.    :   infinite
  Primal Bound     : -1.32873136946999e+02   (in run 0, after 0 nodes, 0.00 seconds, depth -1, found by <initial>)
  Dual Bound       : -8.06141088882078e+02
  Gap              :     506.70 %
Integrals          :      Total       Avg%
  primal-dual      : 2864912.37      84.65
  primal-ref       :          -          - (not evaluated)
  dual-ref         :          -          - (not evaluated)
