SCIP version 9.2.2 [precision: 8 byte] [memory: block] [mode: optimized] [LP solver: CPLEX 12.10.0.0] [GitHash: 416226a4f8]
Copyright (c) 2002-2025 Zuse Institute Berlin (ZIB)

reading parameter file </scratch/htc/yzhou/exp_scipmip/settings/settings_gap/sandbox_gendj_gap1.38_r50x360.set>

read problem </scratch/htc/yzhou/exp_scipmip/instances/tests/r50x360.mps>
============

original problem has 720 variables (360 bin, 0 int, 0 impl, 360 cont) and 410 constraints
    410 constraints of type <linear>
Reading Time: 0.02

read solution </scratch/htc/yzhou/solutions/r50x360.sol>
============

primal solution from solution file </scratch/htc/yzhou/solutions/r50x360.sol> was accepted as candidate, will be checked when solving starts
original problem has 720 variables (360 bin, 0 int, 0 impl, 360 cont) and 410 constraints
    410 constraints of type <linear>
Reading Time: 1.46
solve problem
=============
LP Solver <CPLEX 12.10.0.0>: fastmip setting not available -- SCIP parameter has no effect
LP Solver <CPLEX 12.10.0.0>: clock type cannot be set
LP Solver <CPLEX 12.10.0.0>: row representation of the basis not available -- SCIP parameter lp/rowrepswitch has no effect
LP Solver <CPLEX 12.10.0.0>: solution polishing not available -- SCIP parameter lp/solutionpolishing has no effect
LP Solver <CPLEX 12.10.0.0>: refactorization interval not available -- SCIP parameter lp/refactorinterval has no effect
1/1 feasible solution given by solution candidate storage, new primal bound 1.653000e+03

transformed problem has 720 variables (360 bin, 0 int, 0 impl, 360 cont) and 410 constraints
    410 constraints of type <linear>

original problem has 1440 active (0.487805%) nonzeros and 1440 (0.487805%) check nonzeros

presolving:
(round 1, fast)       2 del vars, 2 del conss, 0 add conss, 2 chg bounds, 0 chg sides, 1 chg coeffs, 0 upgd conss, 0 impls, 0 clqs
(round 2, fast)       2 del vars, 2 del conss, 0 add conss, 3 chg bounds, 0 chg sides, 1 chg coeffs, 0 upgd conss, 0 impls, 0 clqs
(round 3, fast)       3 del vars, 3 del conss, 0 add conss, 3 chg bounds, 0 chg sides, 1 chg coeffs, 0 upgd conss, 0 impls, 0 clqs
(round 4, fast)       4 del vars, 3 del conss, 0 add conss, 3 chg bounds, 0 chg sides, 1 chg coeffs, 0 upgd conss, 0 impls, 0 clqs
(round 5, exhaustive) 4 del vars, 3 del conss, 0 add conss, 3 chg bounds, 0 chg sides, 1 chg coeffs, 358 upgd conss, 0 impls, 0 clqs
   (0.0s) probing: 51/358 (14.2%) - 0 fixings, 0 aggregations, 0 implications, 0 bound changes
   (0.0s) probing aborted: 50/50 successive totally useless probings
   (0.0s) symmetry computation started: requiring (bin +, int +, cont +), (fixed: bin -, int -, cont -)
   (0.0s) no symmetry present (symcode time: 0.00)
clique table cleanup detected 0 bound changes

presolved problem has 1432 active (0.4914%) nonzeros and 1432 (0.4914%) check nonzeros

presolving (6 rounds: 6 fast, 2 medium, 2 exhaustive):
 4 deleted vars, 3 deleted constraints, 0 added constraints, 3 tightened bounds, 0 added holes, 0 changed sides, 1 changed coefficients
 358 implications, 0 cliques
presolved problem has 716 variables (358 bin, 0 int, 0 impl, 358 cont) and 407 constraints
    358 constraints of type <varbound>
     49 constraints of type <linear>
Presolving Time: 0.02
transformed 1/1 original solutions to the transformed problem space

 time | node  | left  |LP iter|LP it/n|mem/heur|mdpt |vars |cons |rows |cuts |sepa|confs|strbr|  dualbound   | primalbound  |  gap   | compl. 
  0.0s|     1 |     0 |    62 |     - |  6539k |   0 | 716 | 407 | 407 |   0 |  0 |   0 |   0 | 5.750200e+02 | 1.653000e+03 | 187.47%| unknown
_____________________________________
Now starting branching with general disjunction
Current branching Node number: 1
LP objective value: 520.02
Node lower bound: 543.15
Node upper bound: 1653
gap to the primal bound: 1.76352
Preck submodel is infeasible, continue branching
Time limit exceeded (1185.51s), stopping submodel solve loop
General disjunction: Both Children are added
 1186s|     1 |     2 |    95 |     - |  6928k |   0 | 716 | 407 | 407 |   0 |  1 |   0 |  22 | 5.981500e+02 | 1.653000e+03 | 176.35%| unknown
_____________________________________
Now starting branching with general disjunction
Current branching Node number: 2
LP objective value: 590.41
Node lower bound: 615.04
Node upper bound: 1653
gap to the primal bound: 1.76352
Preck submodel is infeasible, continue branching
Time limit exceeded (1144.37s), stopping submodel solve loop
General disjunction: Only Right constraint added:
_____________________________________
Now starting branching with general disjunction
Current branching Node number: 2
LP objective value: 629.21
Node lower bound: 637.8
Node upper bound: 1653
gap to the primal bound: 1.76352
Preck submodel is infeasible, continue branching
Time limit exceeded (1237.75s), stopping submodel solve loop
General disjunction: Both Children are added
_____________________________________
Now starting branching with general disjunction
Current branching Node number: 4
LP objective value: 667.01
Node lower bound: 681.32
Node upper bound: 1653
gap to the primal bound: 1.76352
Preck submodel is infeasible, continue branching
Time limit exceeded (1233.57s), stopping submodel solve loop
General disjunction: Both Children are added
_____________________________________
Now starting branching with general disjunction
Current branching Node number: 6
LP objective value: 732.4
Node lower bound: 756.43
Node upper bound: 1653
gap to the primal bound: 1.76352
Preck submodel is infeasible, continue branching
Time limit exceeded (1201.31s), stopping submodel solve loop
General disjunction: Both Children are added
_____________________________________
Now starting branching with general disjunction
Current branching Node number: 8
Relpscost reduced domain, skip general disjunction branching
_____________________________________
Now starting branching with general disjunction
Current branching Node number: 8
LP objective value: 802.99
Node lower bound: 804.58
Node upper bound: 1653
gap to the primal bound: 1.76352
Preck submodel is infeasible, continue branching
Time limit exceeded (1099.36s), stopping submodel solve loop
General disjunction: Both Children are added
_____________________________________
Now starting branching with general disjunction
Current branching Node number: 10
LP objective value: 844.97
Node lower bound: 869
Node upper bound: 1653
gap to the primal bound: 1.76352
Preck submodel is infeasible, continue branching
Time limit exceeded (1025.38s), stopping submodel solve loop
General disjunction: Both Children are added
_____________________________________
Now starting branching with general disjunction
Current branching Node number: 12
Relpscost reduced domain, skip general disjunction branching
_____________________________________
Now starting branching with general disjunction
Current branching Node number: 12
LP objective value: 908.89
Node lower bound: 908.89
Node upper bound: 1653
gap to the primal bound: 1.76352
Preck submodel is infeasible, continue branching
Time limit exceeded (1300.62s), stopping submodel solve loop
General disjunction: Only Right constraint added:
_____________________________________
Now starting branching with general disjunction
Current branching Node number: 12
LP objective value: 936.15
Node lower bound: 936.15
Node upper bound: 1653
gap to the primal bound: 1.76352
Preck submodel is infeasible, continue branching
Time limit exceeded (1104.36s), stopping submodel solve loop
General disjunction: Both Children are added
_____________________________________
Now starting branching with general disjunction
Current branching Node number: 14
LP objective value: 969.94
Node lower bound: 993.97
Node upper bound: 1653
gap to the primal bound: 1.76352
Preck submodel is infeasible, continue branching
Time limit exceeded (1019.86s), stopping submodel solve loop
General disjunction: No feasible solution found, use SCIP default branching rule
_____________________________________
Now starting branching with general disjunction
Current branching Node number: 17
LP objective value: 993.97
Node lower bound: 1021.75
Node upper bound: 1653
gap to the primal bound: 1.76352
Preck submodel is infeasible, continue branching
Time limit exceeded (1181.46s), stopping submodel solve loop
General disjunction: No feasible solution found, use SCIP default branching rule
_____________________________________
Now starting branching with general disjunction
Current branching Node number: 19
LP objective value: 1021.75
Node lower bound: 1043.46
Node upper bound: 1653
gap to the primal bound: 1.76352
Preck submodel is infeasible, continue branching
Time limit exceeded (1584.1s), stopping submodel solve loop
General disjunction: No feasible solution found, use SCIP default branching rule
_____________________________________
Now starting branching with general disjunction
Current branching Node number: 21
LP objective value: 1043.46
Node lower bound: 1065.52
Node upper bound: 1653
gap to the primal bound: 1.76352
Preck submodel is infeasible, continue branching
Time limit exceeded (1300.44s), stopping submodel solve loop
General disjunction: No feasible solution found, use SCIP default branching rule
_____________________________________
Now starting branching with general disjunction
Current branching Node number: 22
LP objective value: 1065.52
Node lower bound: 1079.46
Node upper bound: 1653
gap to the primal bound: 1.76352
Preck submodel is infeasible, continue branching
Time limit exceeded (1137.66s), stopping submodel solve loop
General disjunction: No feasible solution found, use SCIP default branching rule
_____________________________________
Now starting branching with general disjunction
Current branching Node number: 25
LP objective value: 1092.12
Node lower bound: 1106.34
Node upper bound: 1653
gap to the primal bound: 1.76352
Preck submodel is infeasible, continue branching
Time limit exceeded (1094.12s), stopping submodel solve loop
General disjunction: No feasible solution found, use SCIP default branching rule
_____________________________________
Now starting branching with general disjunction
Current branching Node number: 27
LP objective value: 1115.01
Node lower bound: 1117.11
Node upper bound: 1653
gap to the primal bound: 1.76352
Preck submodel is infeasible, continue branching
Time limit exceeded (1167.72s), stopping submodel solve loop
General disjunction: Both Children are added
_____________________________________
Now starting branching with general disjunction
Current branching Node number: 3
LP objective value: 559.86
Node lower bound: 583.07
Node upper bound: 1653
gap to the primal bound: 1.59062
Preck submodel is infeasible, continue branching
Time limit exceeded (1226.1s), stopping submodel solve loop
General disjunction: Only Right constraint added:
_____________________________________
Now starting branching with general disjunction
Current branching Node number: 3
LP objective value: 598.66
Node lower bound: 598.66
Node upper bound: 1653
gap to the primal bound: 1.52884
Preck submodel is infeasible, continue branching
Time limit exceeded (1057.23s), stopping submodel solve loop
General disjunction: Both Children are added
_____________________________________
Now starting branching with general disjunction
Current branching Node number: 30
LP objective value: 645.79
Node lower bound: 659.09
Node upper bound: 1653
gap to the primal bound: 1.52884
Preck submodel is infeasible, continue branching
Time limit exceeded (1123.17s), stopping submodel solve loop
General disjunction: Both Children are added
_____________________________________
Now starting branching with general disjunction
Current branching Node number: 32
LP objective value: 690.19
Node lower bound: 727.76
Node upper bound: 1653
gap to the primal bound: 1.52884
Preck submodel is infeasible, continue branching
Time limit exceeded (1071.49s), stopping submodel solve loop
General disjunction: No feasible solution found, use SCIP default branching rule
_____________________________________
Now starting branching with general disjunction
Current branching Node number: 35
LP objective value: 714.44
Node lower bound: 751.79
Node upper bound: 1653
gap to the primal bound: 1.52884
Preck submodel is infeasible, continue branching
Time limit exceeded (1149.45s), stopping submodel solve loop
General disjunction: No feasible solution found, use SCIP default branching rule
_____________________________________
Now starting branching with general disjunction
Current branching Node number: 37
LP objective value: 753.97
Node lower bound: 783.34
Node upper bound: 1653
gap to the primal bound: 1.52884
Preck submodel is infeasible, continue branching
Time limit exceeded (1352.32s), stopping submodel solve loop
General disjunction: Both Children are added
_____________________________________
Now starting branching with general disjunction
Current branching Node number: 38
Relpscost reduced domain, skip general disjunction branching
_____________________________________
Now starting branching with general disjunction
Current branching Node number: 38
LP objective value: 828.27
Node lower bound: 830.73
Node upper bound: 1653
gap to the primal bound: 1.52884
Preck submodel is infeasible, continue branching
Time limit exceeded (1156.49s), stopping submodel solve loop
General disjunction: Both Children are added
_____________________________________
Now starting branching with general disjunction
Current branching Node number: 40
LP objective value: 872.81
Node lower bound: 877.63
Node upper bound: 1653
gap to the primal bound: 1.52884
Preck submodel is infeasible, continue branching
Time limit exceeded (1018.19s), stopping submodel solve loop
General disjunction: Both Children are added
_____________________________________
Now starting branching with general disjunction
Current branching Node number: 42
LP objective value: 918.34
Node lower bound: 933.83
Node upper bound: 1653
gap to the primal bound: 1.52884
Preck submodel is infeasible, continue branching
Time limit exceeded (1389.7s), stopping submodel solve loop
General disjunction: Both Children are added
_____________________________________
Now starting branching with general disjunction
Current branching Node number: 44
LP objective value: 945.31
Node lower bound: 960.8
Node upper bound: 1653
gap to the primal bound: 1.52884
Preck submodel is infeasible, continue branching
Time limit exceeded (1193.72s), stopping submodel solve loop
General disjunction: Only Right constraint added:
_____________________________________
Now starting branching with general disjunction
Current branching Node number: 44
LP objective value: 972.57
Node lower bound: 972.57
Node upper bound: 1653
gap to the primal bound: 1.52884
Preck submodel is infeasible, continue branching
Time limit exceeded (1527.72s), stopping submodel solve loop
General disjunction: Both Children are added
_____________________________________
Now starting branching with general disjunction
Current branching Node number: 46
LP objective value: 996.25
Node lower bound: 1006.24
Node upper bound: 1653
gap to the primal bound: 1.52884
Preck submodel is infeasible, continue branching
Time limit exceeded (1418.77s), stopping submodel solve loop
General disjunction: Both Children are added
_____________________________________
Now starting branching with general disjunction
Current branching Node number: 48
LP objective value: 1032.01
Node lower bound: 1036.18
Node upper bound: 1653
gap to the primal bound: 1.52884
Preck submodel is infeasible, continue branching
Time limit exceeded (1299.51s), stopping submodel solve loop
General disjunction: Only Left constraint added:
_____________________________________
Now starting branching with general disjunction
Current branching Node number: 48
LP objective value: 1058.61
Node lower bound: 1058.61
Node upper bound: 1653
gap to the primal bound: 1.52884
Preck submodel is infeasible, continue branching
Time limit exceeded (1092.07s), stopping submodel solve loop
General disjunction: Both Children are added
_____________________________________
Now starting branching with general disjunction
Current branching Node number: 50
LP objective value: 1088.91
Node lower bound: 1098.82
Node upper bound: 1653
gap to the primal bound: 1.52884
Preck submodel is infeasible, continue branching
Time limit exceeded (1425.87s), stopping submodel solve loop
General disjunction: Both Children are added
_____________________________________
Now starting branching with general disjunction
Current branching Node number: 52
LP objective value: 1129.42
Node lower bound: 1157.62
Node upper bound: 1653
gap to the primal bound: 1.52884
Preck submodel is infeasible, continue branching
Time limit exceeded (1030.79s), stopping submodel solve loop
General disjunction: No feasible solution found, use SCIP default branching rule
_____________________________________
Now starting branching with general disjunction
Current branching Node number: 31
LP objective value: 636.04
Node lower bound: 636.04
Node upper bound: 1653
gap to the primal bound: 1.39205
Preck submodel is infeasible, continue branching
Time limit exceeded (1014.05s), stopping submodel solve loop
General disjunction: Both Children are added
_____________________________________
Now starting branching with general disjunction
Current branching Node number: 56
LP objective value: 705.19
Node lower bound: 709.24
Node upper bound: 1653
gap to the primal bound: 1.39205
Preck submodel is infeasible, continue branching
Time limit exceeded (1191.8s), stopping submodel solve loop
General disjunction: Both Children are added
_____________________________________
Now starting branching with general disjunction
Current branching Node number: 58
LP objective value: 738.67
Node lower bound: 739.66
Node upper bound: 1653
gap to the primal bound: 1.39205
Preck submodel is infeasible, continue branching
Time limit exceeded (1164.13s), stopping submodel solve loop
General disjunction: Both Children are added
_____________________________________
Now starting branching with general disjunction
Current branching Node number: 60
LP objective value: 773.78
Node lower bound: 773.78
Node upper bound: 1653
gap to the primal bound: 1.39205
Preck submodel is infeasible, continue branching
Time limit exceeded (1016.16s), stopping submodel solve loop
General disjunction: Both Children are added
_____________________________________
Now starting branching with general disjunction
Current branching Node number: 62
Relpscost reduced domain, skip general disjunction branching
_____________________________________
Now starting branching with general disjunction
Current branching Node number: 62
LP objective value: 841.64
Node lower bound: 841.64
Node upper bound: 1653
gap to the primal bound: 1.39205
Preck submodel is infeasible, continue branching
Time limit exceeded (1115.73s), stopping submodel solve loop
General disjunction: Both Children are added
_____________________________________
Now starting branching with general disjunction
Current branching Node number: 64
LP objective value: 870.35
Node lower bound: 872.52
Node upper bound: 1653
gap to the primal bound: 1.39205
Preck submodel is infeasible, continue branching
Time limit exceeded (1170.71s), stopping submodel solve loop
General disjunction: Only Left constraint added:
_____________________________________
Now starting branching with general disjunction
Current branching Node number: 64
LP objective value: 896.95
Node lower bound: 896.95
Node upper bound: 1653
gap to the primal bound: 1.39205
Preck submodel is infeasible, continue branching
Time limit exceeded (1137.29s), stopping submodel solve loop
General disjunction: Both Children are added
_____________________________________
Now starting branching with general disjunction
Current branching Node number: 66
LP objective value: 922.92
Node lower bound: 922.92
Node upper bound: 1653
gap to the primal bound: 1.39205
Preck submodel is infeasible, continue branching
Time limit exceeded (1096.61s), stopping submodel solve loop
General disjunction: Both Children are added
_____________________________________
Now starting branching with general disjunction
Current branching Node number: 68
LP objective value: 946.95
Node lower bound: 946.95
Node upper bound: 1653
gap to the primal bound: 1.39205
Preck submodel is infeasible, continue branching
Time limit exceeded (1331.81s), stopping submodel solve loop
General disjunction: Both Children are added
_____________________________________
Now starting branching with general disjunction
Current branching Node number: 70
LP objective value: 970.87
Node lower bound: 975.49
Node upper bound: 1653
gap to the primal bound: 1.39205
Preck submodel is infeasible, continue branching
Time limit exceeded (1125.06s), stopping submodel solve loop
General disjunction: Only Left constraint added:
_____________________________________
Now starting branching with general disjunction
Current branching Node number: 70
LP objective value: 994.62
Node lower bound: 994.62
Node upper bound: 1653
gap to the primal bound: 1.39205
Preck submodel is infeasible, continue branching
Time limit exceeded (1181.31s), stopping submodel solve loop
General disjunction: Both Children are added
_____________________________________
Now starting branching with general disjunction
Current branching Node number: 72
LP objective value: 1018.12
Node lower bound: 1022.74
Node upper bound: 1653
gap to the primal bound: 1.39205
Preck submodel is infeasible, continue branching
Time limit exceeded (1263.31s), stopping submodel solve loop
General disjunction: Both Children are added
_____________________________________
Now starting branching with general disjunction
Current branching Node number: 74
LP objective value: 1049.32
Node lower bound: 1050.67
Node upper bound: 1653
gap to the primal bound: 1.39205
Preck submodel is infeasible, continue branching
Time limit exceeded (1190.74s), stopping submodel solve loop
General disjunction: Both Children are added
_____________________________________
Now starting branching with general disjunction
Current branching Node number: 76
LP objective value: 1071.99
Node lower bound: 1072.92
Node upper bound: 1653
gap to the primal bound: 1.39205
Preck submodel is infeasible, continue branching
Time limit exceeded (1215.64s), stopping submodel solve loop
General disjunction: Both Children are added
_____________________________________
Now starting branching with general disjunction
Current branching Node number: 57
LP objective value: 671.32
Node lower bound: 671.32
Node upper bound: 1653
gap to the primal bound: 1.38597
Preck submodel is infeasible, continue branching
Time limit exceeded (1181.02s), stopping submodel solve loop
General disjunction: Both Children are added
_____________________________________
Now starting branching with general disjunction
Current branching Node number: 80
LP objective value: 705.52
Node lower bound: 705.52
Node upper bound: 1653
gap to the primal bound: 1.38597
Preck submodel is infeasible, continue branching
Time limit exceeded (1089.7s), stopping submodel solve loop
General disjunction: Both Children are added
_____________________________________
Now starting branching with general disjunction
Current branching Node number: 82
LP objective value: 740.42
Node lower bound: 741.18
Node upper bound: 1653
gap to the primal bound: 1.38597
Preck submodel is infeasible, continue branching
Time limit exceeded (1023.26s), stopping submodel solve loop
General disjunction: Both Children are added
_____________________________________
Now starting branching with general disjunction
Current branching Node number: 84
LP objective value: 769.46
Node lower bound: 769.46
Node upper bound: 1653
gap to the primal bound: 1.38597
Preck submodel is infeasible, continue branching
Time limit exceeded (1029.1s), stopping submodel solve loop
General disjunction: Only Right constraint added:
_____________________________________
Now starting branching with general disjunction
Current branching Node number: 84
LP objective value: 796.06
Node lower bound: 796.06
Node upper bound: 1653
gap to the primal bound: 1.38597
Preck submodel is infeasible, continue branching
Time limit exceeded (1018.99s), stopping submodel solve loop
General disjunction: Both Children are added
_____________________________________
Now starting branching with general disjunction
Current branching Node number: 86
LP objective value: 829.19
Node lower bound: 829.19
Node upper bound: 1653
gap to the primal bound: 1.38597
Preck submodel is infeasible, continue branching
Time limit exceeded (1054.61s), stopping submodel solve loop
General disjunction: Only Right constraint added:
_____________________________________
Now starting branching with general disjunction
Current branching Node number: 86
LP objective value: 855.65
Node lower bound: 855.65
Node upper bound: 1653
gap to the primal bound: 1.38597
Preck submodel is infeasible, continue branching
Time limit exceeded (1064.21s), stopping submodel solve loop
General disjunction: Both Children are added
_____________________________________
Now starting branching with general disjunction
Current branching Node number: 88
LP objective value: 879.83
Node lower bound: 879.83
Node upper bound: 1653
gap to the primal bound: 1.38597
Preck submodel is infeasible, continue branching
Time limit exceeded (1099.02s), stopping submodel solve loop
General disjunction: Both Children are added
_____________________________________
Now starting branching with general disjunction
Current branching Node number: 90
Relpscost reduced domain, skip general disjunction branching
_____________________________________
Now starting branching with general disjunction
Current branching Node number: 90
LP objective value: 943.3
Node lower bound: 943.3
Node upper bound: 1653
gap to the primal bound: 1.38597
Preck submodel is infeasible, continue branching
Time limit exceeded (1154.44s), stopping submodel solve loop
General disjunction: Both Children are added
_____________________________________
Now starting branching with general disjunction
Current branching Node number: 92
LP objective value: 966.05
Node lower bound: 967.73
Node upper bound: 1653
gap to the primal bound: 1.38597
Preck submodel is infeasible, continue branching
Time limit exceeded (1006.84s), stopping submodel solve loop
General disjunction: Both Children are added
_____________________________________
Now starting branching with general disjunction
Current branching Node number: 94
LP objective value: 996.22
Node lower bound: 997.98
Node upper bound: 1653
gap to the primal bound: 1.38597
Preck submodel is infeasible, continue branching
Time limit exceeded (1065.05s), stopping submodel solve loop
General disjunction: Only Left constraint added:
_____________________________________
Now starting branching with general disjunction
Current branching Node number: 94
LP objective value: 1017.34
Node lower bound: 1017.34
Node upper bound: 1653
gap to the primal bound: 1.38597
Preck submodel is infeasible, continue branching
Time limit exceeded (1159.05s), stopping submodel solve loop
General disjunction: Both Children are added
_____________________________________
Now starting branching with general disjunction
Current branching Node number: 96
LP objective value: 1051.26
Node lower bound: 1074.18
Node upper bound: 1653
gap to the primal bound: 1.38597
Preck submodel is infeasible, continue branching
Time limit exceeded (1005.37s), stopping submodel solve loop
General disjunction: Both Children are added
_____________________________________
Now starting branching with general disjunction
Current branching Node number: 98
Relpscost reduced domain, skip general disjunction branching
_____________________________________
Now starting branching with general disjunction
Current branching Node number: 98
Relpscost reduced domain, skip general disjunction branching
_____________________________________
Now starting branching with general disjunction
Current branching Node number: 98
LP objective value: 1139.21
Node lower bound: 1139.21
Node upper bound: 1653
gap to the primal bound: 1.38597
Preck submodel is infeasible, continue branching
Time limit exceeded (1047.15s), stopping submodel solve loop
General disjunction: Both Children are added
_____________________________________
Now starting branching with general disjunction
Current branching Node number: 100
LP objective value: 1161.47
Node lower bound: 1161.7
Node upper bound: 1653
gap to the primal bound: 1.38597
Preck submodel is infeasible, continue branching
Time limit exceeded (1095.41s), stopping submodel solve loop
General disjunction: Both Children are added

SCIP Status        : solving was interrupted [gap limit reached]
Solving Time (sec) : 70858.85
Solving Nodes      : 52
Primal Bound       : +1.65300000000000e+03 (151 solutions)
Dual Bound         : +7.14090000000000e+02
Gap                : 131.48 %

primal solution:
================

objective value:                                 1653
y....076                                            1 	(obj:27)
y....086                                            1 	(obj:20)
y....088                                            1 	(obj:21)
y....097                                            1 	(obj:25)
y....112                                            1 	(obj:21)
y....124                                            1 	(obj:26)
y....130                                            1 	(obj:29)
y....139                                            1 	(obj:24)
y....143                                            1 	(obj:25)
y....145                                            1 	(obj:25)
y....151                                            1 	(obj:36)
y....153                                            1 	(obj:43)
y....161                                            1 	(obj:49)
y....173                                            1 	(obj:43)
y....198                                            1 	(obj:20)
y....213                                            1 	(obj:32)
y....225                                            1 	(obj:25)
y....232                                            1 	(obj:25)
y....235                                            1 	(obj:22)
y....261                                            1 	(obj:37)
y....264                                            1 	(obj:20)
y....265                                            1 	(obj:22)
y....289                                            1 	(obj:40)
y....312                                            1 	(obj:48)
y....316                                            1 	(obj:27)
y....321                                            1 	(obj:44)
y....330                                            1 	(obj:24)
y....333                                            1 	(obj:21)
y....340                                            1 	(obj:23)
y....341                                            1 	(obj:27)
y....347                                            1 	(obj:44)
y....350                                            1 	(obj:37)
y....356                                            1 	(obj:20)
y....358                                            1 	(obj:23)
x....076                                            2 	(obj:5)
x....086                                            5 	(obj:7)
x....088                                            2 	(obj:1)
x....097                                            6 	(obj:7)
x....112                                            4 	(obj:6)
x....124                                           14 	(obj:1)
x....130                                            5 	(obj:3)
x....139                                            5 	(obj:4)
x....143                                            4 	(obj:3)
x....145                                            5 	(obj:2)
x....151                                            4 	(obj:2)
x....153                                            6 	(obj:8)
x....161                                           10 	(obj:1)
x....173                                            7 	(obj:1)
x....198                                            1 	(obj:2)
x....213                                            6 	(obj:1)
x....225                                            3 	(obj:6)
x....232                                            8 	(obj:1)
x....235                                            2 	(obj:4)
x....261                                            5 	(obj:5)
x....264                                            1 	(obj:5)
x....265                                            1 	(obj:5)
x....289                                            3 	(obj:3)
x....312                                            1 	(obj:3)
x....316                                           11 	(obj:2)
x....321                                            5 	(obj:3)
x....330                                            3 	(obj:6)
x....333                                            6 	(obj:8)
x....340                                            7 	(obj:3)
x....341                                           11 	(obj:9)
x....347                                           13 	(obj:4)
x....350                                            5 	(obj:1)
x....356                                            5 	(obj:5)
x....358                                            1 	(obj:7)

Statistics
==========

SCIP Status        : solving was interrupted [gap limit reached]
Total Time         :   70860.31
  solving          :   70858.85
  presolving       :       0.02 (included in solving)
  reading          :       1.46
  copying          :       0.00 (0 times copied the problem)
Original Problem   :
  Problem name     : r50x360
  Variables        : 720 (360 binary, 0 integer, 0 implicit integer, 360 continuous)
  Constraints      : 410 initial, 410 maximal
  Objective        : minimize, 720 non-zeros (abs.min = 1, abs.max = 49)
Presolved Problem  :
  Problem name     : t_r50x360
  Variables        : 716 (358 binary, 0 integer, 0 implicit integer, 358 continuous)
  Constraints      : 407 initial, 407 maximal
  Objective        : minimize, 716 non-zeros (abs.min = 1, abs.max = 49)
  Nonzeros         : 1432 constraint, 0 clique table
Presolvers         :   ExecTime  SetupTime  Calls  FixedVars   AggrVars   ChgTypes  ChgBounds   AddHoles    DelCons    AddCons   ChgSides   ChgCoefs
  boundshift       :       0.00       0.00      0          0          0          0          0          0          0          0          0          0
  convertinttobin  :       0.00       0.00      0          0          0          0          0          0          0          0          0          0
  domcol           :       0.00       0.00      1          0          0          0          0          0          0          0          0          0
  dualagg          :       0.00       0.00      0          0          0          0          0          0          0          0          0          0
  dualcomp         :       0.00       0.00      1          0          0          0          0          0          0          0          0          0
  dualinfer        :       0.00       0.00      0          0          0          0          0          0          0          0          0          0
  dualsparsify     :       0.00       0.00      1          0          0          0          0          0          0          0          0          0
  gateextraction   :       0.00       0.00      0          0          0          0          0          0          0          0          0          0
  implics          :       0.00       0.00      2          0          0          0          0          0          0          0          0          0
  inttobinary      :       0.00       0.00      0          0          0          0          0          0          0          0          0          0
  qpkktref         :       0.00       0.00      0          0          0          0          0          0          0          0          0          0
  redvub           :       0.00       0.00      0          0          0          0          0          0          0          0          0          0
  sparsify         :       0.00       0.00      1          0          0          0          0          0          0          0          0          0
  stuffing         :       0.00       0.00      0          0          0          0          0          0          0          0          0          0
  trivial          :       0.00       0.00      6          1          0          0          0          0          0          0          0          0
  tworowbnd        :       0.00       0.00      0          0          0          0          0          0          0          0          0          0
  dualfix          :       0.00       0.00      6          1          0          0          0          0          0          0          0          0
  genvbounds       :       0.00       0.00      0          0          0          0          0          0          0          0          0          0
  probing          :       0.00       0.00      1          0          0          0          0          0          0          0          0          0
  pseudoobj        :       0.00       0.00      3          0          0          0          0          0          0          0          0          0
  symmetry         :       0.00       0.00      1          0          0          0          0          0          0          0          0          0
  vbounds          :       0.00       0.00      0          0          0          0          0          0          0          0          0          0
  varbound         :       0.00       0.00      2          0          0          0          0          0          0          0          0          0
  linear           :       0.01       0.00      8          1          1          1          3          0          3          0          0          1
  benders          :       0.00       0.00      0          0          0          0          0          0          0          0          0          0
  components       :       0.00       0.00      1          0          0          0          0          0          0          0          0          0
  root node        :          -          -      -          0          -          -          0          -          -          -          -          -
Constraints        :     Number  MaxNumber  #Separate #Propagate    #EnfoLP    #EnfoRelax  #EnfoPS    #Check   #ResProp    Cutoffs    DomReds       Cuts    Applied      Conss   Children
  benderslp        :          0          0          0          0         68          0          0        153          0          0          0          0          0          0          0
  integral         :          0          0          0          0         68          0          0        153          0          0          7          0          0         10        102
  varbound         :        358        358          0         51          0          0          0        151          0          0          0          0          0          0          0
  linear           :         49+        68          0         51          0          0          0        151          0          0          0          0          0          0          0
  benders          :          0          0          0          0          0          0          0        152          0          0          0          0          0          0          0
  fixedvar         :          0          0          0          0          0          0          0        152          0          0          0          0          0          0          0
  countsols        :          0          0          0          0          0          0          0        152          0          0          0          0          0          0          0
  components       :          0          0          0          0          0          0          0          0          0          0          0          0          0          0          0
Constraint Timings :  TotalTime  SetupTime   Separate  Propagate     EnfoLP     EnfoPS     EnfoRelax   Check    ResProp    SB-Prop
  benderslp        :       0.00       0.00       0.00       0.00       0.00       0.00       0.00       0.00       0.00       0.00
  integral         :   70858.78       0.00       0.00       0.00   70858.78       0.00       0.00       0.00       0.00       0.00
  varbound         :       0.00       0.00       0.00       0.00       0.00       0.00       0.00       0.00       0.00       0.00
  linear           :       0.00       0.00       0.00       0.00       0.00       0.00       0.00       0.00       0.00       0.00
  benders          :       0.00       0.00       0.00       0.00       0.00       0.00       0.00       0.00       0.00       0.00
  fixedvar         :       0.00       0.00       0.00       0.00       0.00       0.00       0.00       0.00       0.00       0.00
  countsols        :       0.00       0.00       0.00       0.00       0.00       0.00       0.00       0.00       0.00       0.00
  components       :       0.00       0.00       0.00       0.00       0.00       0.00       0.00       0.00       0.00       0.00
Propagators        : #Propagate   #ResProp    Cutoffs    DomReds
  dualfix          :          1          0          0          0
  genvbounds       :          0          0          0          0
  nlobbt           :          0          0          0          0
  obbt             :          0          0          0          0
  probing          :          0          0          0          0
  pseudoobj        :          3          0          0          0
  redcost          :          2          0          0          0
  rootredcost      :          0          0          0          0
  symmetry         :          0          0          0          0
  vbounds          :          0          0          0          0
Propagator Timings :  TotalTime  SetupTime   Presolve  Propagate    ResProp    SB-Prop
  dualfix          :       0.00       0.00       0.00       0.00       0.00       0.00
  genvbounds       :       0.00       0.00       0.00       0.00       0.00       0.00
  nlobbt           :       0.00       0.00       0.00       0.00       0.00       0.00
  obbt             :       0.00       0.00       0.00       0.00       0.00       0.00
  probing          :       0.00       0.00       0.00       0.00       0.00       0.00
  pseudoobj        :       0.00       0.00       0.00       0.00       0.00       0.00
  redcost          :       0.00       0.00       0.00       0.00       0.00       0.00
  rootredcost      :       0.00       0.00       0.00       0.00       0.00       0.00
  symmetry         :       0.00       0.00       0.00       0.00       0.00       0.00
  vbounds          :       0.00       0.00       0.00       0.00       0.00       0.00
Symmetry           :
  orbitopal red.   :          0 reductions applied,          0 cutoffs
  orbital reduction:          0 reductions applied,          0 cutoffs
  lexicographic red:          0 reductions applied,          0 cutoffs
  shadow tree time :       0.00 s
Conflict Analysis  :       Time      Calls    Success    DomReds  Conflicts   Literals    Reconvs ReconvLits   Dualrays   Nonzeros   LP Iters   (pool size: [--,--])
  propagation      :       0.00          0          0          -          0        0.0          0        0.0          -          -          -
  infeasible LP    :       0.00          0          0          -          0        0.0          0        0.0          0        0.0          0
  bound exceed. LP :       0.00          0          0          -          0        0.0          0        0.0          0        0.0          0
  strong branching :       0.00          0          0          -          0        0.0          0        0.0          -          -          0
  pseudo solution  :       0.00          0          0          -          0        0.0          0        0.0          -          -          -
  applied globally :       0.00          -          -          0          0        0.0          -          -          0          -          -
  applied locally  :          -          -          -          0          0        0.0          -          -          0          -          -
Separators         :   ExecTime  SetupTime      Calls  RootCalls    Cutoffs    DomReds  FoundCuts ViaPoolAdd  DirectAdd    Applied ViaPoolApp  DirectApp      Conss
  cut pool         :       0.00          -          0          0          -          -          0          0          -          -          -          -          -    (maximal pool size:          0)
  aggregation      :       0.00       0.00          0          0          0          0          0          0          0          0          0          0          0
  > cmir           :          -          -          -          -          -          -          -          0          0          0          0          0          -
  > flowcover      :          -          -          -          -          -          -          -          0          0          0          0          0          -
  > knapsackcover  :          -          -          -          -          -          -          -          0          0          0          0          0          -
  cgmip            :       0.00       0.00          0          0          0          0          0          0          0          0          0          0          0
  clique           :       0.00       0.00          0          0          0          0          0          0          0          0          0          0          0
  closecuts        :       0.00       0.00          0          0          0          0          0          0          0          0          0          0          0
  convexproj       :       0.00       0.00          0          0          0          0          0          0          0          0          0          0          0
  disjunctive      :       0.00       0.00          0          0          0          0          0          0          0          0          0          0          0
  eccuts           :       0.00       0.00          0          0          0          0          0          0          0          0          0          0          0
  gauge            :       0.00       0.00          0          0          0          0          0          0          0          0          0          0          0
  gomory           :       0.00       0.00          0          0          0          0          0          0          0          0          0          0          0
  > gomorymi       :          -          -          -          -          -          -          -          0          0          0          0          0          -
  > strongcg       :          -          -          -          -          -          -          -          0          0          0          0          0          -
  impliedbounds    :       0.00       0.00          0          0          0          0          0          0          0          0          0          0          0
  interminor       :       0.00       0.00          0          0          0          0          0          0          0          0          0          0          0
  intobj           :       0.00       0.00          0          0          0          0          0          0          0          0          0          0          0
  lagromory        :       0.00       0.00          0          0          0          0          0          0          0          0          0          0          0
  mcf              :       0.00       0.00          0          0          0          0          0          0          0          0          0          0          0
  minor            :       0.00       0.00          0          0          0          0          0          0          0          0          0          0          0
  mixing           :       0.00       0.00          0          0          0          0          0          0          0          0          0          0          0
  oddcycle         :       0.00       0.00          0          0          0          0          0          0          0          0          0          0          0
  rapidlearning    :       0.00       0.00          0          0          0          0          0          0          0          0          0          0          0
  rlt              :       0.00       0.00          0          0          0          0          0          0          0          0          0          0          0
  zerohalf         :       0.00       0.00          0          0          0          0          0          0          0          0          0          0          0
Cutselectors       :   ExecTime  SetupTime      Calls  RootCalls   Selected     Forced   Filtered  RootSelec   RootForc   RootFilt 
  hybrid           :       0.00       0.00          0          0          0          0          0          0          0          0
  ensemble         :       0.00       0.00          0          0          0          0          0          0          0          0
  dynamic          :       0.00       0.00          0          0          0          0          0          0          0          0
Pricers            :   ExecTime  SetupTime      Calls       Vars
  problem variables:       0.00          -          0          0
Branching Rules    :   ExecTime  SetupTime   BranchLP  BranchExt   BranchPS    Cutoffs    DomReds       Cuts      Conss   Children
  allfullstrong    :       0.00       0.00          0          0          0          0          0          0          0          0
  cloud            :       0.00       0.00          0          0          0          0          0          0          0          0
  distribution     :       0.00       0.00          0          0          0          0          0          0          0          0
  fullstrong       :       0.00       0.00          0          0          0          0          0          0          0          0
  general_disjuncti:   70858.77       0.00         68          0          0          0          7          0         10         84
  GeneralDisjunction(extra): subMILPs=758 fairNodes of all MILPs=13219140 probingLPs=378
  gomory           :       0.00       0.00          0          0          0          0          0          0          0          0
  inference        :       0.00       0.00          0          0          0          0          0          0          0          0
  leastinf         :       0.00       0.00          0          0          0          0          0          0          0          0
  lookahead        :       0.00       0.00          0          0          0          0          0          0          0          0
  mostinf          :       0.00       0.00          0          0          0          0          0          0          0          0
  multaggr         :       0.00       0.00          0          0          0          0          0          0          0          0
  nodereopt        :       0.00       0.00          0          0          0          0          0          0          0          0
  pscost           :       0.00       0.00          0          0          0          0          0          0          0          0
  random           :       0.00       0.00          0          0          0          0          0          0          0          0
  relpscost        :       0.01       0.00          9          0          0          0          0          0          0         18
  vanillafullstrong:       0.00       0.00          0          0          0          0          0          0          0          0
Primal Heuristics  :   ExecTime  SetupTime      Calls      Found       Best
  LP solutions     :       0.00          -          -          0          0
  relax solutions  :       0.00          -          -          0          0
  pseudo solutions :       0.00          -          -          0          0
  strong branching :       0.02          -          -        150          0
  actconsdiving    :       0.00       0.00          0          0          0
  adaptivediving   :       0.00       0.00          0          0          0
  alns             :       0.00       0.00          0          0          0
  bound            :       0.00       0.00          0          0          0
  clique           :       0.00       0.00          0          0          0
  coefdiving       :       0.00       0.00          0          0          0
  completesol      :       0.00       0.00          0          0          0
  conflictdiving   :       0.00       0.00          0          0          0
  crossover        :       0.00       0.00          0          0          0
  dins             :       0.00       0.00          0          0          0
  distributiondivin:       0.00       0.00          0          0          0
  dps              :       0.00       0.00          0          0          0
  dualval          :       0.00       0.00          0          0          0
  farkasdiving     :       0.00       0.00          0          0          0
  feaspump         :       0.00       0.00          0          0          0
  fixandinfer      :       0.00       0.00          0          0          0
  fracdiving       :       0.00       0.00          0          0          0
  gins             :       0.00       0.00          0          0          0
  guideddiving     :       0.00       0.00          0          0          0
  indicator        :       0.00       0.00          0          0          0
  indicatordiving  :       0.00       0.00          0          0          0
  intdiving        :       0.00       0.00          0          0          0
  intshifting      :       0.00       0.00          0          0          0
  linesearchdiving :       0.00       0.00          0          0          0
  localbranching   :       0.00       0.00          0          0          0
  locks            :       0.00       0.00          0          0          0
  lpface           :       0.00       0.00          0          0          0
  mpec             :       0.00       0.00          0          0          0
  multistart       :       0.00       0.00          0          0          0
  mutation         :       0.00       0.00          0          0          0
  nlpdiving        :       0.00       0.00          0          0          0
  objpscostdiving  :       0.00       0.00          0          0          0
  octane           :       0.00       0.00          0          0          0
  ofins            :       0.00       0.00          0          0          0
  oneopt           :       0.00       0.00          0          0          0
  padm             :       0.00       0.00          0          0          0
  proximity        :       0.00       0.00          0          0          0
  pscostdiving     :       0.00       0.00          0          0          0
  randrounding     :       0.00       0.00          0          0          0
  rens             :       0.00       0.00          0          0          0
  reoptsols        :       0.00       0.00          0          0          0
  repair           :       0.00       0.00          0          0          0
  rins             :       0.00       0.00          0          0          0
  rootsoldiving    :       0.00       0.00          0          0          0
  rounding         :       0.00       0.00          0          0          0
  scheduler        :       0.00       0.00          0          0          0
  shiftandpropagate:       0.00       0.00          0          0          0
  shifting         :       0.00       0.00          0          0          0
  simplerounding   :       0.00       0.00          0          0          0
  subnlp           :       0.00       0.00          0          0          0
  trivial          :       0.00       0.00          0          0          0
  trivialnegation  :       0.00       0.00          0          0          0
  trustregion      :       0.00       0.00          0          0          0
  trysol           :       0.00       0.00          0          0          0
  twoopt           :       0.00       0.00          0          0          0
  undercover       :       0.00       0.00          0          0          0
  vbounds          :       0.00       0.00          0          0          0
  veclendiving     :       0.00       0.00          0          0          0
  zeroobj          :       0.00       0.00          0          0          0
  zirounding       :       0.00       0.00          0          0          0
  other solutions  :          -          -          -          1          -
LNS (Scheduler)    :      Calls  SetupTime  SolveTime SolveNodes       Sols       Best       Exp3    Exp3-IX  EpsGreedy        UCB TgtFixRate  Opt  Inf Node Stal  Sol  Usr Othr Actv
  rens             :          0       0.00       0.00          0          0          0    0.00000    0.12500   -1.00000    1.00000      0.900    0    0    0    0    0    0    0    1
  rins             :          0       0.00       0.00          0          0          0    0.00000    0.12500   -1.00000    1.00000      0.900    0    0    0    0    0    0    0    1
  mutation         :          0       0.00       0.00          0          0          0    0.00000    0.12500   -1.00000    1.00000      0.900    0    0    0    0    0    0    0    1
  localbranching   :          0       0.00       0.00          0          0          0    0.00000    0.12500   -1.00000    1.00000      0.900    0    0    0    0    0    0    0    1
  crossover        :          0       0.00       0.00          0          0          0    0.00000    0.12500   -1.00000    1.00000      0.900    0    0    0    0    0    0    0    1
  proximity        :          0       0.00       0.00          0          0          0    0.00000    0.12500   -1.00000    1.00000      0.900    0    0    0    0    0    0    0    1
  zeroobjective    :          0       0.00       0.00          0          0          0    0.00000    0.12500   -1.00000    1.00000      0.900    0    0    0    0    0    0    0    1
  dins             :          0       0.00       0.00          0          0          0    0.00000    0.12500   -1.00000    1.00000      0.900    0    0    0    0    0    0    0    1
  trustregion      :          0       0.00       0.00          0          0          0    0.00000    0.00000   -1.00000    1.00000      0.900    0    0    0    0    0    0    0    0
LP                 :       Time      Calls Iterations  Iter/call   Iter/sec  Time-0-It Calls-0-It    ItLimit
  primal LP        :       0.00          0          0       0.00          -       0.00          0
  dual LP          :       0.03         69        374       5.42   14925.97       0.00          0
  lex dual LP      :       0.00          0          0       0.00          -
  barrier LP       :       0.00          0          0       0.00          -       0.00          0
  resolve instable :       0.00          0          0       0.00          -
  diving/probing LP:       0.13        365       1937       5.31   14969.90
  strong branching :       0.11        342       1682       4.92   15018.13          -          -          4
    (at root node) :          -         22        131       5.95          -
  conflict analysis:       0.00          0          0       0.00          -
B&B Tree           :
  number of runs   :          1
  nodes            :         52 (51 internal, 1 leaves)
  feasible leaves  :          0
  infeas. leaves   :          0
  objective leaves :          0
  nodes (total)    :         52 (51 internal, 1 leaves)
  nodes left       :         52
  max depth        :         14
  max depth (total):         14
  backtracks       :          4 (7.7%)
  early backtracks :          0 (0.0%)
  nodes exc. ref.  :          0 (0.0%)
  delayed cutoffs  :          0
  repropagations   :          0 (0 domain reductions, 0 cutoffs)
  avg switch length:       1.98
  switching time   :       0.00
Root Node          :
  First LP value   : +5.75020000000000e+02
  First LP Iters   :         62 (17371.81 Iter/sec)
  First LP Time    :       0.00
  Final Dual Bound : +5.98150000000000e+02
  Final Root Iters :         62
  Root LP Estimate : +7.27261746215750e+02
Solution           :
  Solutions found  :        151 (1 improvements)
  First Solution   : +1.65300000000000e+03   (in run 0, after 0 nodes, 0.00 seconds, depth -1, found by <initial>)
  Gap First Sol.   :   infinite
  Gap Last Sol.    :   infinite
  Primal Bound     : +1.65300000000000e+03   (in run 0, after 0 nodes, 0.00 seconds, depth -1, found by <initial>)
  Dual Bound       : +7.14090000000000e+02
  Gap              :     131.48 %
Integrals          :      Total       Avg%
  primal-dual      : 4274101.19      60.32
  primal-ref       :          -          - (not evaluated)
  dual-ref         :          -          - (not evaluated)
