SCIP version 9.2.2 [precision: 8 byte] [memory: block] [mode: optimized] [LP solver: CPLEX 12.10.0.0] [GitHash: 416226a4f8]
Copyright (c) 2002-2025 Zuse Institute Berlin (ZIB)

reading parameter file </scratch/htc/yzhou/exp_scipmip/settings/sandbox_gendj.set>

read problem </scratch/htc/yzhou/exp_scipmip/instances/additional/rlp1.mps>
============

original problem has 461 variables (450 bin, 0 int, 0 impl, 11 cont) and 68 constraints
     68 constraints of type <linear>
Reading Time: 0.05

read solution </scratch/htc/yzhou/solutions/rlp1.sol>
============

primal solution from solution file </scratch/htc/yzhou/solutions/rlp1.sol> was accepted as candidate, will be checked when solving starts
original problem has 461 variables (450 bin, 0 int, 0 impl, 11 cont) and 68 constraints
     68 constraints of type <linear>
Reading Time: 0.07
solve problem
=============
LP Solver <CPLEX 12.10.0.0>: fastmip setting not available -- SCIP parameter has no effect
LP Solver <CPLEX 12.10.0.0>: clock type cannot be set
LP Solver <CPLEX 12.10.0.0>: row representation of the basis not available -- SCIP parameter lp/rowrepswitch has no effect
LP Solver <CPLEX 12.10.0.0>: solution polishing not available -- SCIP parameter lp/solutionpolishing has no effect
LP Solver <CPLEX 12.10.0.0>: refactorization interval not available -- SCIP parameter lp/refactorinterval has no effect
1/1 feasible solution given by solution candidate storage, new primal bound 1.500000e+01

transformed problem has 461 variables (450 bin, 0 int, 0 impl, 11 cont) and 68 constraints
     68 constraints of type <linear>

original problem has 836 active (2.66684%) nonzeros and 836 (2.66684%) check nonzeros

presolving:
(round 1, fast)       91 del vars, 7 del conss, 0 add conss, 96 chg bounds, 0 chg sides, 0 chg coeffs, 0 upgd conss, 0 impls, 135 clqs
(round 2, fast)       96 del vars, 12 del conss, 0 add conss, 96 chg bounds, 0 chg sides, 0 chg coeffs, 0 upgd conss, 0 impls, 135 clqs
(round 3, fast)       98 del vars, 14 del conss, 0 add conss, 96 chg bounds, 0 chg sides, 0 chg coeffs, 0 upgd conss, 0 impls, 135 clqs
(round 4, fast)       99 del vars, 15 del conss, 0 add conss, 96 chg bounds, 0 chg sides, 0 chg coeffs, 0 upgd conss, 0 impls, 135 clqs
(round 5, fast)       100 del vars, 15 del conss, 0 add conss, 96 chg bounds, 0 chg sides, 0 chg coeffs, 0 upgd conss, 0 impls, 135 clqs
   (0.1s) probing: 100/360 (27.8%) - 0 fixings, 0 aggregations, 54 implications, 0 bound changes
   (0.1s) probing: 200/360 (55.6%) - 0 fixings, 0 aggregations, 154 implications, 0 bound changes
   (0.1s) probing: 300/360 (83.3%) - 0 fixings, 0 aggregations, 254 implications, 0 bound changes
   (0.1s) probing cycle finished: starting next cycle
   (0.1s) symmetry computation started: requiring (bin +, int +, cont +), (fixed: bin -, int -, cont -)
   (0.1s) symmetry computation finished: 88 generators found (max: 1500, log10 of symmetry group size: 0.0) (symcode time: 0.00)
dynamic symmetry handling statistics:
   orbitopal reduction:       no components
   orbital reduction:          2 components of sizes 44, 44
   lexicographic reduction:   88 permutations with support sizes 14, 14, 14, 14, 14, 14, 14, 14, 14, 14, 14, 14, 14, 14, 14, 14, 14, 14, 14, 14, 14, 14, 14, 14, 14, 14, 14, 14, 14, 14, 14, 14, 14, 14, 14, 14, 14, 14, 14, 14, 14, 14, 14, 14, 2, 2, 2, 2, 2, 2, 2, 2, 2, 2, 2, 2, 2, 2, 2, 2, 2, 2, 2, 2, 2, 2, 2, 2, 2, 2, 2, 2, 2, 2, 2, 2, 2, 2, 2, 2, 2, 2, 2, 2, 2, 2, 2, 2
handled 2 out of 2 symmetry components
cons components found 2 undirected components at node 1, depth 0 (0)
clique table cleanup detected 0 bound changes

presolved problem has 675 active (4.10784%) nonzeros and 675 (4.10784%) check nonzeros

presolving (6 rounds: 6 fast, 1 medium, 1 exhaustive):
 145 deleted vars, 16 deleted constraints, 0 added constraints, 96 tightened bounds, 0 added holes, 0 changed sides, 0 changed coefficients
 315 implications, 135 cliques
presolved problem has 316 variables (315 bin, 0 int, 1 impl, 0 cont) and 52 constraints
     52 constraints of type <linear>
transformed objective value is always integral (scale: 1)
Presolving Time: 0.20

 time | node  | left  |LP iter|LP it/n|mem/heur|mdpt |vars |cons |rows |cuts |sepa|confs|strbr|  dualbound   | primalbound  |  gap   | compl. 
  0.2s|     1 |     0 |     1 |     - |  7171k |   0 | 316 |  52 |  52 |   0 |  0 |   0 |   0 | 1.324444e+01 | 1.500000e+01 |  13.26%| unknown
  0.2s|     1 |     0 |     6 |     - |  7171k |   0 | 316 |  52 |  52 |   0 |  0 |   0 |   0 | 1.400000e+01 | 1.500000e+01 |   7.14%| unknown
_____________________________________
Now starting branching with general disjunction
Current branching Node number: 1
LP objective value: 14
Node lower bound: 14
Node upper bound: 15
gap to the primal bound: 0.0714286
Preck submodel is infeasible, continue branching
Time limit exceeded (1177.66s), stopping submodel solve loop
General disjunction: No feasible solution found, use SCIP default branching rule
 1178s|     1 |     2 |     6 |     - |  7185k |   0 | 316 |  52 |  52 |   0 |  1 |   0 |  28 | 1.400000e+01 | 1.500000e+01 |   7.14%| unknown
_____________________________________
Now starting branching with general disjunction
Current branching Node number: 3
LP objective value: 14
Node lower bound: 14
Node upper bound: 15
gap to the primal bound: 0.0714286
Preck submodel is infeasible, continue branching
Time limit exceeded (1000.04s), stopping submodel solve loop
General disjunction: No feasible solution found, use SCIP default branching rule
_____________________________________
Now starting branching with general disjunction
Current branching Node number: 5
LP objective value: 14
Node lower bound: 14
Node upper bound: 15
gap to the primal bound: 0.0714286
Preck submodel is infeasible, continue branching
Time limit exceeded (1000.03s), stopping submodel solve loop
General disjunction: No feasible solution found, use SCIP default branching rule
_____________________________________
Now starting branching with general disjunction
Current branching Node number: 7
LP objective value: 14
Node lower bound: 14
Node upper bound: 15
gap to the primal bound: 0.0714286
Preck submodel is infeasible, continue branching
Time limit exceeded (1000.03s), stopping submodel solve loop
General disjunction: No feasible solution found, use SCIP default branching rule
_____________________________________
Now starting branching with general disjunction
Current branching Node number: 9
LP objective value: 14
Node lower bound: 14
Node upper bound: 15
gap to the primal bound: 0.0714286
Preck submodel is infeasible, continue branching
Time limit exceeded (1000.04s), stopping submodel solve loop
General disjunction: No feasible solution found, use SCIP default branching rule
_____________________________________
Now starting branching with general disjunction
Current branching Node number: 11
LP objective value: 14
Node lower bound: 14
Node upper bound: 15
gap to the primal bound: 0.0714286
Preck submodel is infeasible, continue branching
Time limit exceeded (1000.05s), stopping submodel solve loop
General disjunction: No feasible solution found, use SCIP default branching rule
_____________________________________
Now starting branching with general disjunction
Current branching Node number: 13
LP objective value: 14
Node lower bound: 14
Node upper bound: 15
gap to the primal bound: 0.0714286
Preck submodel is infeasible, continue branching
Time limit exceeded (1000.05s), stopping submodel solve loop
General disjunction: No feasible solution found, use SCIP default branching rule
_____________________________________
Now starting branching with general disjunction
Current branching Node number: 15
LP objective value: 14
Node lower bound: 14
Node upper bound: 15
gap to the primal bound: 0.0714286
Preck submodel is infeasible, continue branching
Time limit exceeded (1000.05s), stopping submodel solve loop
General disjunction: No feasible solution found, use SCIP default branching rule
_____________________________________
Now starting branching with general disjunction
Current branching Node number: 17
LP objective value: 14
Node lower bound: 14
Node upper bound: 15
gap to the primal bound: 0.0714286
Preck submodel is infeasible, continue branching
Time limit exceeded (1000.05s), stopping submodel solve loop
General disjunction: No feasible solution found, use SCIP default branching rule
_____________________________________
Now starting branching with general disjunction
Current branching Node number: 19
LP objective value: 14
Node lower bound: 14
Node upper bound: 15
gap to the primal bound: 0.0714286
Preck submodel is infeasible, continue branching
Time limit exceeded (1000.06s), stopping submodel solve loop
General disjunction: No feasible solution found, use SCIP default branching rule
_____________________________________
Now starting branching with general disjunction
Current branching Node number: 21
LP objective value: 14
Node lower bound: 14
Node upper bound: 15
gap to the primal bound: 0.0714286
Preck submodel is infeasible, continue branching
Time limit exceeded (1000.07s), stopping submodel solve loop
General disjunction: No feasible solution found, use SCIP default branching rule
_____________________________________
Now starting branching with general disjunction
Current branching Node number: 23
LP objective value: 14
Node lower bound: 14
Node upper bound: 15
gap to the primal bound: 0.0714286
Preck submodel is infeasible, continue branching
Time limit exceeded (1000.08s), stopping submodel solve loop
General disjunction: No feasible solution found, use SCIP default branching rule
_____________________________________
Now starting branching with general disjunction
Current branching Node number: 24
LP objective value: 14
Node lower bound: 14
Node upper bound: 15
gap to the primal bound: 0.0714286
Preck submodel is infeasible, continue branching
Time limit exceeded (1000.05s), stopping submodel solve loop
General disjunction: No feasible solution found, use SCIP default branching rule
_____________________________________
Now starting branching with general disjunction
Current branching Node number: 27
LP objective value: 14
Node lower bound: 14
Node upper bound: 15
gap to the primal bound: 0.0714286
Preck submodel is infeasible, continue branching
Time limit exceeded (1000.07s), stopping submodel solve loop
General disjunction: No feasible solution found, use SCIP default branching rule
_____________________________________
Now starting branching with general disjunction
Current branching Node number: 29
LP objective value: 14
Node lower bound: 14
Node upper bound: 15
gap to the primal bound: 0.0714286
Preck submodel is infeasible, continue branching
Time limit exceeded (1000.12s), stopping submodel solve loop
General disjunction: No feasible solution found, use SCIP default branching rule
_____________________________________
Now starting branching with general disjunction
Current branching Node number: 31
LP objective value: 14
Node lower bound: 14
Node upper bound: 15
gap to the primal bound: 0.0714286
Preck submodel is infeasible, continue branching
Time limit exceeded (1000.07s), stopping submodel solve loop
General disjunction: No feasible solution found, use SCIP default branching rule
_____________________________________
Now starting branching with general disjunction
Current branching Node number: 28
LP objective value: 14
Node lower bound: 14
Node upper bound: 15
gap to the primal bound: 0.0714286
Preck submodel is infeasible, continue branching
Time limit exceeded (1000.06s), stopping submodel solve loop
General disjunction: No feasible solution found, use SCIP default branching rule
_____________________________________
Now starting branching with general disjunction
Current branching Node number: 35
LP objective value: 14
Node lower bound: 14
Node upper bound: 15
gap to the primal bound: 0.0714286
Preck submodel is infeasible, continue branching
Time limit exceeded (1000.05s), stopping submodel solve loop
General disjunction: No feasible solution found, use SCIP default branching rule
_____________________________________
Now starting branching with general disjunction
Current branching Node number: 34
LP objective value: 14
Node lower bound: 14
Node upper bound: 15
gap to the primal bound: 0.0714286
Preck submodel is infeasible, continue branching
Time limit exceeded (1000.07s), stopping submodel solve loop
General disjunction: No feasible solution found, use SCIP default branching rule
_____________________________________
Now starting branching with general disjunction
Current branching Node number: 39
LP objective value: 14
Node lower bound: 14
Node upper bound: 15
gap to the primal bound: 0.0714286
Preck submodel is infeasible, continue branching
Time limit exceeded (1000.06s), stopping submodel solve loop
General disjunction: No feasible solution found, use SCIP default branching rule
_____________________________________
Now starting branching with general disjunction
Current branching Node number: 38
LP objective value: 14
Node lower bound: 14
Node upper bound: 15
gap to the primal bound: 0.0714286
Preck submodel is infeasible, continue branching
Time limit exceeded (1000.07s), stopping submodel solve loop
General disjunction: No feasible solution found, use SCIP default branching rule
_____________________________________
Now starting branching with general disjunction
Current branching Node number: 43
LP objective value: 14
Node lower bound: 14
Node upper bound: 15
gap to the primal bound: 0.0714286
Preck submodel is infeasible, continue branching
Time limit exceeded (1000.06s), stopping submodel solve loop
General disjunction: No feasible solution found, use SCIP default branching rule
_____________________________________
Now starting branching with general disjunction
Current branching Node number: 42
LP objective value: 14
Node lower bound: 14
Node upper bound: 15
gap to the primal bound: 0.0714286
Preck submodel is infeasible, continue branching
Time limit exceeded (1000.03s), stopping submodel solve loop
General disjunction: No feasible solution found, use SCIP default branching rule
_____________________________________
Now starting branching with general disjunction
Current branching Node number: 47
LP objective value: 14
Node lower bound: 14
Node upper bound: 15
gap to the primal bound: 0.0714286
Preck submodel is infeasible, continue branching
Time limit exceeded (1000.07s), stopping submodel solve loop
General disjunction: No feasible solution found, use SCIP default branching rule
_____________________________________
Now starting branching with general disjunction
Current branching Node number: 49
LP objective value: 14
Node lower bound: 14
Node upper bound: 15
gap to the primal bound: 0.0714286
Preck submodel is infeasible, continue branching
Time limit exceeded (1000.05s), stopping submodel solve loop
General disjunction: No feasible solution found, use SCIP default branching rule
_____________________________________
Now starting branching with general disjunction
Current branching Node number: 51
LP objective value: 14
Node lower bound: 14
Node upper bound: 15
gap to the primal bound: 0.0714286
Preck submodel is infeasible, continue branching
Time limit exceeded (1000.09s), stopping submodel solve loop
General disjunction: No feasible solution found, use SCIP default branching rule
_____________________________________
Now starting branching with general disjunction
Current branching Node number: 53
LP objective value: 14
Node lower bound: 14
Node upper bound: 15
gap to the primal bound: 0.0714286
Preck submodel is infeasible, continue branching
Time limit exceeded (1000.07s), stopping submodel solve loop
General disjunction: No feasible solution found, use SCIP default branching rule
_____________________________________
Now starting branching with general disjunction
Current branching Node number: 52
LP objective value: 14
Node lower bound: 14
Node upper bound: 15
gap to the primal bound: 0.0714286
Preck submodel is infeasible, continue branching
Time limit exceeded (1000.08s), stopping submodel solve loop
General disjunction: No feasible solution found, use SCIP default branching rule
_____________________________________
Now starting branching with general disjunction
Current branching Node number: 57
LP objective value: 14
Node lower bound: 14
Node upper bound: 15
gap to the primal bound: 0.0714286
Preck submodel is infeasible, continue branching
Time limit exceeded (1000.04s), stopping submodel solve loop
General disjunction: No feasible solution found, use SCIP default branching rule
_____________________________________
Now starting branching with general disjunction
Current branching Node number: 59
LP objective value: 14
Node lower bound: 14
Node upper bound: 15
gap to the primal bound: 0.0714286
Preck submodel is infeasible, continue branching
Time limit exceeded (1000.05s), stopping submodel solve loop
General disjunction: No feasible solution found, use SCIP default branching rule
_____________________________________
Now starting branching with general disjunction
Current branching Node number: 60
LP objective value: 14
Node lower bound: 14
Node upper bound: 15
gap to the primal bound: 0.0714286
Preck submodel is infeasible, continue branching
Time limit exceeded (1000.09s), stopping submodel solve loop
General disjunction: No feasible solution found, use SCIP default branching rule
_____________________________________
Now starting branching with general disjunction
Current branching Node number: 63
LP objective value: 14
Node lower bound: 14
Node upper bound: 15
gap to the primal bound: 0.0714286
Preck submodel is infeasible, continue branching
Time limit exceeded (1000.1s), stopping submodel solve loop
General disjunction: No feasible solution found, use SCIP default branching rule
_____________________________________
Now starting branching with general disjunction
Current branching Node number: 65
LP objective value: 14
Node lower bound: 14
Node upper bound: 15
gap to the primal bound: 0.0714286
Preck submodel is infeasible, continue branching
Time limit exceeded (1000.08s), stopping submodel solve loop
General disjunction: No feasible solution found, use SCIP default branching rule
_____________________________________
Now starting branching with general disjunction
Current branching Node number: 66
LP objective value: 14
Node lower bound: 14
Node upper bound: 15
gap to the primal bound: 0.0714286
Preck submodel is infeasible, continue branching
Time limit exceeded (1000.11s), stopping submodel solve loop
General disjunction: No feasible solution found, use SCIP default branching rule
_____________________________________
Now starting branching with general disjunction
Current branching Node number: 69
LP objective value: 14
Node lower bound: 14
Node upper bound: 15
gap to the primal bound: 0.0714286
Preck submodel is infeasible, continue branching
Time limit exceeded (1000.12s), stopping submodel solve loop
General disjunction: No feasible solution found, use SCIP default branching rule
_____________________________________
Now starting branching with general disjunction
Current branching Node number: 71
LP objective value: 14
Node lower bound: 14
Node upper bound: 15
gap to the primal bound: 0.0714286
Preck submodel is infeasible, continue branching
Time limit exceeded (1000.1s), stopping submodel solve loop
General disjunction: No feasible solution found, use SCIP default branching rule
_____________________________________
Now starting branching with general disjunction
Current branching Node number: 73
LP objective value: 14
Node lower bound: 14
Node upper bound: 15
gap to the primal bound: 0.0714286
Preck submodel is infeasible, continue branching
Time limit exceeded (1000.1s), stopping submodel solve loop
General disjunction: No feasible solution found, use SCIP default branching rule
_____________________________________
Now starting branching with general disjunction
Current branching Node number: 75
LP objective value: 14
Node lower bound: 14
Node upper bound: 15
gap to the primal bound: 0.0714286
Preck submodel is infeasible, continue branching
Time limit exceeded (1000.1s), stopping submodel solve loop
General disjunction: No feasible solution found, use SCIP default branching rule
_____________________________________
Now starting branching with general disjunction
Current branching Node number: 77
LP objective value: 14
Node lower bound: 14
Node upper bound: 15
gap to the primal bound: 0.0714286
Preck submodel is infeasible, continue branching
Time limit exceeded (1000.07s), stopping submodel solve loop
General disjunction: No feasible solution found, use SCIP default branching rule
_____________________________________
Now starting branching with general disjunction
Current branching Node number: 79
LP objective value: 14
Node lower bound: 14
Node upper bound: 15
gap to the primal bound: 0.0714286
Preck submodel is infeasible, continue branching
Time limit exceeded (1000.07s), stopping submodel solve loop
General disjunction: No feasible solution found, use SCIP default branching rule
_____________________________________
Now starting branching with general disjunction
Current branching Node number: 81
LP objective value: 14
Node lower bound: 14
Node upper bound: 15
gap to the primal bound: 0.0714286
Preck submodel is infeasible, continue branching
Time limit exceeded (1000.09s), stopping submodel solve loop
General disjunction: No feasible solution found, use SCIP default branching rule
_____________________________________
Now starting branching with general disjunction
Current branching Node number: 83
LP objective value: 14
Node lower bound: 14
Node upper bound: 15
gap to the primal bound: 0.0714286
Preck submodel is infeasible, continue branching
Time limit exceeded (1000.06s), stopping submodel solve loop
General disjunction: No feasible solution found, use SCIP default branching rule
_____________________________________
Now starting branching with general disjunction
Current branching Node number: 85
LP objective value: 14
Node lower bound: 14
Node upper bound: 15
gap to the primal bound: 0.0714286
Preck submodel is infeasible, continue branching
Time limit exceeded (1000.06s), stopping submodel solve loop
General disjunction: No feasible solution found, use SCIP default branching rule
_____________________________________
Now starting branching with general disjunction
Current branching Node number: 87
LP objective value: 14
Node lower bound: 14
Node upper bound: 15
gap to the primal bound: 0.0714286
Preck submodel is infeasible, continue branching
Time limit exceeded (1000.06s), stopping submodel solve loop
General disjunction: No feasible solution found, use SCIP default branching rule
_____________________________________
Now starting branching with general disjunction
Current branching Node number: 89
LP objective value: 14
Node lower bound: 14
Node upper bound: 15
gap to the primal bound: 0.0714286
Preck submodel is infeasible, continue branching
Time limit exceeded (1000.1s), stopping submodel solve loop
General disjunction: No feasible solution found, use SCIP default branching rule
_____________________________________
Now starting branching with general disjunction
Current branching Node number: 90
LP objective value: 14
Node lower bound: 14
Node upper bound: 15
gap to the primal bound: 0.0714286
Preck submodel is infeasible, continue branching
Time limit exceeded (1000.06s), stopping submodel solve loop
General disjunction: No feasible solution found, use SCIP default branching rule
_____________________________________
Now starting branching with general disjunction
Current branching Node number: 93
LP objective value: 14
Node lower bound: 14
Node upper bound: 15
gap to the primal bound: 0.0714286
Preck submodel is infeasible, continue branching
Time limit exceeded (1000.1s), stopping submodel solve loop
General disjunction: No feasible solution found, use SCIP default branching rule
_____________________________________
Now starting branching with general disjunction
Current branching Node number: 94
LP objective value: 14
Node lower bound: 14
Node upper bound: 15
gap to the primal bound: 0.0714286
Preck submodel is infeasible, continue branching
Time limit exceeded (1000.05s), stopping submodel solve loop
General disjunction: No feasible solution found, use SCIP default branching rule
_____________________________________
Now starting branching with general disjunction
Current branching Node number: 96
LP objective value: 14
Node lower bound: 14
Node upper bound: 15
gap to the primal bound: 0.0714286
Preck submodel is infeasible, continue branching
Time limit exceeded (1000.07s), stopping submodel solve loop
General disjunction: No feasible solution found, use SCIP default branching rule
_____________________________________
Now starting branching with general disjunction
Current branching Node number: 98
LP objective value: 14
Node lower bound: 14
Node upper bound: 15
gap to the primal bound: 0.0714286
Preck submodel is infeasible, continue branching
Time limit exceeded (1000.06s), stopping submodel solve loop
General disjunction: No feasible solution found, use SCIP default branching rule
_____________________________________
Now starting branching with general disjunction
Current branching Node number: 101
LP objective value: 14
Node lower bound: 14
Node upper bound: 15
gap to the primal bound: 0.0714286
Preck submodel is infeasible, continue branching
Time limit exceeded (1000.04s), stopping submodel solve loop
General disjunction: No feasible solution found, use SCIP default branching rule
_____________________________________
Now starting branching with general disjunction
Current branching Node number: 103
LP objective value: 14
Node lower bound: 14
Node upper bound: 15
gap to the primal bound: 0.0714286
Preck submodel is infeasible, continue branching
Time limit exceeded (1000.03s), stopping submodel solve loop
General disjunction: No feasible solution found, use SCIP default branching rule
_____________________________________
Now starting branching with general disjunction
Current branching Node number: 105
LP objective value: 14
Node lower bound: 14
Node upper bound: 15
gap to the primal bound: 0.0714286
Preck submodel is infeasible, continue branching
Time limit exceeded (1000.05s), stopping submodel solve loop
General disjunction: No feasible solution found, use SCIP default branching rule
_____________________________________
Now starting branching with general disjunction
Current branching Node number: 107
LP objective value: 14
Node lower bound: 14
Node upper bound: 15
gap to the primal bound: 0.0714286
Preck submodel is infeasible, continue branching
Time limit exceeded (1000.06s), stopping submodel solve loop
General disjunction: No feasible solution found, use SCIP default branching rule
_____________________________________
Now starting branching with general disjunction
Current branching Node number: 109
LP objective value: 14
Node lower bound: 14
Node upper bound: 15
gap to the primal bound: 0.0714286
Preck submodel is infeasible, continue branching
Time limit exceeded (1000.05s), stopping submodel solve loop
General disjunction: No feasible solution found, use SCIP default branching rule
_____________________________________
Now starting branching with general disjunction
Current branching Node number: 111
LP objective value: 14
Node lower bound: 14
Node upper bound: 15
gap to the primal bound: 0.0714286
Preck submodel is infeasible, continue branching
Time limit exceeded (1000.05s), stopping submodel solve loop
General disjunction: No feasible solution found, use SCIP default branching rule
_____________________________________
Now starting branching with general disjunction
Current branching Node number: 113
LP objective value: 14
Node lower bound: 14
Node upper bound: 15
gap to the primal bound: 0.0714286
Preck submodel is infeasible, continue branching
Time limit exceeded (1000.06s), stopping submodel solve loop
General disjunction: No feasible solution found, use SCIP default branching rule
_____________________________________
Now starting branching with general disjunction
Current branching Node number: 114
LP objective value: 14
Node lower bound: 14
Node upper bound: 15
gap to the primal bound: 0.0714286
Preck submodel is infeasible, continue branching
Time limit exceeded (1000.14s), stopping submodel solve loop
General disjunction: No feasible solution found, use SCIP default branching rule
_____________________________________
Now starting branching with general disjunction
Current branching Node number: 116
LP objective value: 14
Node lower bound: 14
Node upper bound: 15
gap to the primal bound: 0.0714286
Preck submodel is infeasible, continue branching
Time limit exceeded (1000.06s), stopping submodel solve loop
General disjunction: No feasible solution found, use SCIP default branching rule
_____________________________________
Now starting branching with general disjunction
Current branching Node number: 119
LP objective value: 14
Node lower bound: 14
Node upper bound: 15
gap to the primal bound: 0.0714286
Preck submodel is infeasible, continue branching
Time limit exceeded (1000.08s), stopping submodel solve loop
General disjunction: No feasible solution found, use SCIP default branching rule
_____________________________________
Now starting branching with general disjunction
Current branching Node number: 121
LP objective value: 14
Node lower bound: 14
Node upper bound: 15
gap to the primal bound: 0.0714286
Preck submodel is infeasible, continue branching
Time limit exceeded (1870.25s), stopping submodel solve loop
General disjunction: No feasible solution found, use SCIP default branching rule
_____________________________________
Now starting branching with general disjunction
Current branching Node number: 122
LP objective value: 14
Node lower bound: 14
Node upper bound: 15
gap to the primal bound: 0.0714286
Preck submodel is infeasible, continue branching
Time limit exceeded (1000.07s), stopping submodel solve loop
General disjunction: No feasible solution found, use SCIP default branching rule
_____________________________________
Now starting branching with general disjunction
Current branching Node number: 124
LP objective value: 14
Node lower bound: 14
Node upper bound: 15
gap to the primal bound: 0.0714286
Preck submodel is infeasible, continue branching
Time limit exceeded (1000.07s), stopping submodel solve loop
General disjunction: No feasible solution found, use SCIP default branching rule
_____________________________________
Now starting branching with general disjunction
Current branching Node number: 126
LP objective value: 14
Node lower bound: 14
Node upper bound: 15
gap to the primal bound: 0.0714286
Preck submodel is infeasible, continue branching
Time limit exceeded (1000.07s), stopping submodel solve loop
General disjunction: No feasible solution found, use SCIP default branching rule
_____________________________________
Now starting branching with general disjunction
Current branching Node number: 129
LP objective value: 14
Node lower bound: 14
Node upper bound: 15
gap to the primal bound: 0.0714286
Preck submodel is infeasible, continue branching
Time limit exceeded (1000.07s), stopping submodel solve loop
General disjunction: No feasible solution found, use SCIP default branching rule
_____________________________________
Now starting branching with general disjunction
Current branching Node number: 131
LP objective value: 14
Node lower bound: 14
Node upper bound: 15
gap to the primal bound: 0.0714286
Preck submodel is infeasible, continue branching
Time limit exceeded (1000.03s), stopping submodel solve loop
General disjunction: No feasible solution found, use SCIP default branching rule
_____________________________________
Now starting branching with general disjunction
Current branching Node number: 132
LP objective value: 14
Node lower bound: 14
Node upper bound: 15
gap to the primal bound: 0.0714286
Preck submodel is infeasible, continue branching
Time limit exceeded (1000.06s), stopping submodel solve loop
General disjunction: No feasible solution found, use SCIP default branching rule
_____________________________________
Now starting branching with general disjunction
Current branching Node number: 135
LP objective value: 14
Node lower bound: 14
Node upper bound: 15
gap to the primal bound: 0.0714286
Preck submodel is infeasible, continue branching
Time limit exceeded (1000.05s), stopping submodel solve loop
General disjunction: No feasible solution found, use SCIP default branching rule
_____________________________________
Now starting branching with general disjunction
Current branching Node number: 136
LP objective value: 14
Node lower bound: 14
Node upper bound: 15
gap to the primal bound: 0.0714286
Preck submodel is infeasible, continue branching
Time limit exceeded (1000.05s), stopping submodel solve loop
General disjunction: No feasible solution found, use SCIP default branching rule
_____________________________________
Now starting branching with general disjunction
Current branching Node number: 138
LP objective value: 14
Node lower bound: 14
Node upper bound: 15
gap to the primal bound: 0.0714286
Preck submodel is infeasible, continue branching
Time limit exceeded (1000.05s), stopping submodel solve loop
General disjunction: No feasible solution found, use SCIP default branching rule
_____________________________________
Now starting branching with general disjunction
Current branching Node number: 140
LP objective value: 14
Node lower bound: 14
Node upper bound: 15
gap to the primal bound: 0.0714286
Preck submodel is infeasible, continue branching
Time limit exceeded (1626.61s), stopping submodel solve loop
General disjunction: No feasible solution found, use SCIP default branching rule
_____________________________________
Now starting branching with general disjunction
Current branching Node number: 143
LP objective value: 14
Node lower bound: 14
Node upper bound: 15
gap to the primal bound: 0.0714286
Preck submodel is infeasible, continue branching
Time limit exceeded (1325.61s), stopping submodel solve loop
General disjunction: No feasible solution found, use SCIP default branching rule
_____________________________________
Now starting branching with general disjunction
Current branching Node number: 145
LP objective value: 14
Node lower bound: 14
Node upper bound: 15
gap to the primal bound: 0.0714286
Preck submodel is infeasible, continue branching
Time limit exceeded (1000.09s), stopping submodel solve loop
General disjunction: No feasible solution found, use SCIP default branching rule
_____________________________________
Now starting branching with general disjunction
Current branching Node number: 147
LP objective value: 14
Node lower bound: 14
Node upper bound: 15
gap to the primal bound: 0.0714286
Preck submodel is infeasible, continue branching
Time limit exceeded (1000.06s), stopping submodel solve loop
General disjunction: No feasible solution found, use SCIP default branching rule
_____________________________________
Now starting branching with general disjunction
Current branching Node number: 149
LP objective value: 14
Node lower bound: 14
Node upper bound: 15
gap to the primal bound: 0.0714286
Preck submodel is infeasible, continue branching
Time limit exceeded (1146.98s), stopping submodel solve loop
General disjunction: No feasible solution found, use SCIP default branching rule
_____________________________________
Now starting branching with general disjunction
Current branching Node number: 2
LP objective value: 14
Node lower bound: 14
Node upper bound: 15
gap to the primal bound: 0.0714286
Preck submodel is infeasible, continue branching
Time limit exceeded (1000.04s), stopping submodel solve loop
General disjunction: No feasible solution found, use SCIP default branching rule
_____________________________________
Now starting branching with general disjunction
Current branching Node number: 153
LP objective value: 14
Node lower bound: 14
Node upper bound: 15
gap to the primal bound: 0.0714286
Preck submodel is infeasible, continue branching
Time limit exceeded (1000.04s), stopping submodel solve loop
General disjunction: No feasible solution found, use SCIP default branching rule
_____________________________________
Now starting branching with general disjunction
Current branching Node number: 155
LP objective value: 14
Node lower bound: 14
Node upper bound: 15
gap to the primal bound: 0.0714286
Preck submodel is infeasible, continue branching
Time limit exceeded (1000.04s), stopping submodel solve loop
General disjunction: No feasible solution found, use SCIP default branching rule
_____________________________________
Now starting branching with general disjunction
Current branching Node number: 157
LP objective value: 14
Node lower bound: 14
Node upper bound: 15
gap to the primal bound: 0.0714286
Preck submodel is infeasible, continue branching
Time limit exceeded (1000.03s), stopping submodel solve loop
General disjunction: No feasible solution found, use SCIP default branching rule
_____________________________________
Now starting branching with general disjunction
Current branching Node number: 159
LP objective value: 14
Node lower bound: 14
Node upper bound: 15
gap to the primal bound: 0.0714286
Preck submodel is infeasible, continue branching
Time limit exceeded (1000.05s), stopping submodel solve loop
General disjunction: No feasible solution found, use SCIP default branching rule
_____________________________________
Now starting branching with general disjunction
Current branching Node number: 161
LP objective value: 14
Node lower bound: 14
Node upper bound: 15
gap to the primal bound: 0.0714286
Preck submodel is infeasible, continue branching
Time limit exceeded (1000.04s), stopping submodel solve loop
General disjunction: No feasible solution found, use SCIP default branching rule
_____________________________________
Now starting branching with general disjunction
Current branching Node number: 163
LP objective value: 14
Node lower bound: 14
Node upper bound: 15
gap to the primal bound: 0.0714286
Preck submodel is infeasible, continue branching
Time limit exceeded (1000.06s), stopping submodel solve loop
General disjunction: No feasible solution found, use SCIP default branching rule
_____________________________________
Now starting branching with general disjunction
Current branching Node number: 148
LP objective value: 14
Node lower bound: 14
Node upper bound: 15
gap to the primal bound: 0.0714286
Preck submodel is infeasible, continue branching
Time limit exceeded (1000.13s), stopping submodel solve loop
General disjunction: No feasible solution found, use SCIP default branching rule
 1419m|   100 |    67 |  1414 |  14.2 |  7226k |  69 | 316 |  52 |  52 |   0 |  0 |   0 |  28 | 1.400000e+01 | 1.500000e+01 |   7.14%| unknown
_____________________________________
Now starting branching with general disjunction
Current branching Node number: 164
LP objective value: 14
Node lower bound: 14
Node upper bound: 15
gap to the primal bound: 0.0714286
Preck submodel is infeasible, continue branching
Time limit exceeded (1000.06s), stopping submodel solve loop
General disjunction: No feasible solution found, use SCIP default branching rule
_____________________________________
Now starting branching with general disjunction
Current branching Node number: 169
LP objective value: 14
Node lower bound: 14
Node upper bound: 15
gap to the primal bound: 0.0714286
Preck submodel is infeasible, continue branching
Time limit exceeded (1000.06s), stopping submodel solve loop
General disjunction: No feasible solution found, use SCIP default branching rule

SCIP Status        : solving was interrupted [time limit reached]
Solving Time (sec) : 87153.94
Solving Nodes      : 102
Primal Bound       : +1.49999999999092e+01 (1 solutions)
Dual Bound         : +1.40000000000000e+01
Gap                : 7.14 %

primal solution:
================

objective value:                     14.9999999999092
Y...0401                                            1 	(obj:0)
Y...0501                                            1 	(obj:0)
Y...0601                                            1 	(obj:0)
Y...0901                                            1 	(obj:0)
Y...0202                                            1 	(obj:0)
Y...0402                                            1 	(obj:0)
Y...0502                                            1 	(obj:0)
Y...0602                                            1 	(obj:0)
Y...0902                                            1 	(obj:0)
Y...0203                                            1 	(obj:0)
Y...0403                                            1 	(obj:0)
Y...0603                                            1 	(obj:0)
Y...0204                                            1 	(obj:0)
Y...0504                                            1 	(obj:0)
Y...0604                                            1 	(obj:0)
Y...0805                                            1 	(obj:0)
Y...0706                                            1 	(obj:0)
Y...0407                            0.999999999909196 	(obj:0)
Y...0807                                            1 	(obj:0)
Y...0708                                            1 	(obj:0)
Y...0209                            0.999999999909196 	(obj:0)
Y...0709                                            1 	(obj:0)
Y...0210                            0.999999999909196 	(obj:0)
Y...0810                                            1 	(obj:0)
Y...0211                                            1 	(obj:0)
Y...0711                            0.999999999993514 	(obj:0)
Y...0812                                            1 	(obj:0)
Y...0313                                            1 	(obj:0)
Y...0413                            0.999999999909196 	(obj:0)
Y...0513                                            1 	(obj:0)
Y...0814                                            1 	(obj:0)
Y...0415                                            1 	(obj:0)
Y...0515                                            1 	(obj:0)
Y...0615                                            1 	(obj:0)
Y...0416                            0.999999999909196 	(obj:0)
Y...0716                                            1 	(obj:0)
Y...0517                                            1 	(obj:0)
Y...0617                                            1 	(obj:0)
Y...0218                                            1 	(obj:0)
Y...0418                                            1 	(obj:0)
Y...0518                                            1 	(obj:0)
Y...0618                                            1 	(obj:0)
Y...0319                                            1 	(obj:0)
Y...0519                                            1 	(obj:0)
Y...0820                                            1 	(obj:0)
Y...0421                                            1 	(obj:0)
Y...0721                            0.999999999993514 	(obj:0)
Y...0222                             1.00000000099884 	(obj:0)
Y...0522                                            1 	(obj:0)
Y...0622                                            1 	(obj:0)
Y...0423                            0.999999999909196 	(obj:0)
Y...0823                                            1 	(obj:0)
Y...0324                                            1 	(obj:0)
Y...0424                            0.999999999909196 	(obj:0)
Y...0524                                            1 	(obj:0)
Y...0825                                            1 	(obj:0)
Y...0426                            0.999999999909196 	(obj:0)
Y...0726                                            1 	(obj:0)
Y...0727                                            1 	(obj:0)
Y...0828                                            1 	(obj:0)
Y...0329                                            1 	(obj:0)
Y...0529                                            1 	(obj:0)
Y...0330                                            1 	(obj:0)
Y...0430                                            1 	(obj:0)
Y...0630                                            1 	(obj:0)
Y...0930                                            1 	(obj:0)
Y...0731                                            1 	(obj:0)
Y...0931                                            1 	(obj:0)
Y...0532                                            1 	(obj:0)
Y...0632                                            1 	(obj:0)
Y...0932                                            1 	(obj:0)
Y...0433                                            1 	(obj:0)
Y...0833                                            1 	(obj:0)
Y...0933                                            1 	(obj:0)
Y...0334                                            1 	(obj:0)
Y...0434                                            1 	(obj:0)
Y...0934                                            1 	(obj:0)
Y...0735                                            1 	(obj:0)
Y...0935                                            1 	(obj:0)
Y...0936                                            1 	(obj:0)
Y...0837                                            1 	(obj:0)
Y...0738                                            1 	(obj:0)
Y...0239                            0.999999999364373 	(obj:0)
Y...0839                                            1 	(obj:0)
Y...0240                            0.999999999909196 	(obj:0)
Y...0840                                            1 	(obj:0)
Y...0341                                            1 	(obj:0)
Y...0641                                            1 	(obj:0)
Y...0242                            0.999999999909196 	(obj:0)
Y...0842                                            1 	(obj:0)
Y...0843                                            1 	(obj:0)
Y...0943                                            1 	(obj:0)
Y...0444                                            1 	(obj:0)
Y...0744                                            1 	(obj:0)
Y...0745                             1.00000000001297 	(obj:0)
X.....02                                            9 	(obj:0)
X.....03                                           13 	(obj:0)
X.....05                                            4 	(obj:0)
X.....06                                           20 	(obj:0)
X.....07                                           18 	(obj:0)
X.....08                                           16 	(obj:0)
X.....09                                           31 	(obj:0)
X.....10                                           41 	(obj:0)
Z                                    14.9999999999092 	(obj:1)

Statistics
==========

SCIP Status        : solving was interrupted [time limit reached]
Total Time         :   87154.01
  solving          :   87153.94
  presolving       :       0.20 (included in solving)
  reading          :       0.07
  copying          :       0.00 (0 times copied the problem)
Original Problem   :
  Problem name     : rlp1
  Variables        : 461 (450 binary, 0 integer, 0 implicit integer, 11 continuous)
  Constraints      : 68 initial, 68 maximal
  Objective        : minimize, 1 non-zeros (abs.min = 1, abs.max = 1)
Presolved Problem  :
  Problem name     : t_rlp1
  Variables        : 316 (315 binary, 0 integer, 1 implicit integer, 0 continuous)
  Constraints      : 52 initial, 52 maximal
  Objective        : minimize, 1 non-zeros (abs.min = 1, abs.max = 1)
  Nonzeros         : 675 constraint, 405 clique table
Presolvers         :   ExecTime  SetupTime  Calls  FixedVars   AggrVars   ChgTypes  ChgBounds   AddHoles    DelCons    AddCons   ChgSides   ChgCoefs
  boundshift       :       0.00       0.00      0          0          0          0          0          0          0          0          0          0
  convertinttobin  :       0.00       0.00      0          0          0          0          0          0          0          0          0          0
  domcol           :       0.00       0.00      1          0          0          0          0          0          0          0          0          0
  dualagg          :       0.00       0.00      0          0          0          0          0          0          0          0          0          0
  dualcomp         :       0.00       0.00      0          0          0          0          0          0          0          0          0          0
  dualinfer        :       0.00       0.00      0          0          0          0          0          0          0          0          0          0
  dualsparsify     :       0.00       0.00      1          0          0          0          0          0          0          0          0          0
  gateextraction   :       0.00       0.00      0          0          0          0          0          0          0          0          0          0
  implics          :       0.00       0.00      1          0          0          0          0          0          0          0          0          0
  inttobinary      :       0.00       0.00      0          0          0          0          0          0          0          0          0          0
  qpkktref         :       0.00       0.00      0          0          0          0          0          0          0          0          0          0
  redvub           :       0.00       0.00      0          0          0          0          0          0          0          0          0          0
  sparsify         :       0.01       0.00      1          0          0          0          0          0          0          0          0          0
  stuffing         :       0.00       0.00      0          0          0          0          0          0          0          0          0          0
  trivial          :       0.00       0.00      6          0          0          0          0          0          0          0          0          0
  tworowbnd        :       0.00       0.00      0          0          0          0          0          0          0          0          0          0
  dualfix          :       0.00       0.00      6         10          0          0          0          0          0          0          0          0
  genvbounds       :       0.00       0.00      0          0          0          0          0          0          0          0          0          0
  probing          :       0.05       0.00      1          0          0          0          0          0          0          0          0          0
  pseudoobj        :       0.00       0.00      1          0          0          0          1          0          0          0          0          0
  symmetry         :       0.09       0.00      1          0          0          0          0          0          0          0          0          0
  vbounds          :       0.00       0.00      1          0          0          0          0          0          0          0          0          0
  linear           :       0.00       0.00      7         90          0          1         95          0         15          0          0          0
  benders          :       0.00       0.00      0          0          0          0          0          0          0          0          0          0
  components       :       0.01       0.00      1         45          0          0          0          0          1          0          0          0
  root node        :          -          -      -          1          -          -          2          -          -          -          -          -
Constraints        :     Number  MaxNumber  #Separate #Propagate    #EnfoLP    #EnfoRelax  #EnfoPS    #Check   #ResProp    Cutoffs    DomReds       Cuts    Applied      Conss   Children
  benderslp        :          0          0          0          0         85          0          0          2          0          0          0          0          0          0          0
  integral         :          0          0          0          0         85          0          0          2          0          0          0          0          0          0        170
  linear           :         52         52          0       1038          0          0          0          0          0          0          0          0          0          0          0
  benders          :          0          0          0          0          0          0          0          1          0          0          0          0          0          0          0
  fixedvar         :          0          0          0          0          0          0          0          1          0          0          0          0          0          0          0
  countsols        :          0          0          0          0          0          0          0          1          0          0          0          0          0          0          0
  components       :          0          0          0          0          0          0          0          0          0          0          0          0          0          0          0
Constraint Timings :  TotalTime  SetupTime   Separate  Propagate     EnfoLP     EnfoPS     EnfoRelax   Check    ResProp    SB-Prop
  benderslp        :       0.00       0.00       0.00       0.00       0.00       0.00       0.00       0.00       0.00       0.00
  integral         :   87153.68       0.00       0.00       0.00   87153.68       0.00       0.00       0.00       0.00       0.00
  linear           :       0.01       0.00       0.00       0.00       0.00       0.00       0.00       0.00       0.00       0.00
  benders          :       0.00       0.00       0.00       0.00       0.00       0.00       0.00       0.00       0.00       0.00
  fixedvar         :       0.00       0.00       0.00       0.00       0.00       0.00       0.00       0.00       0.00       0.00
  countsols        :       0.00       0.00       0.00       0.00       0.00       0.00       0.00       0.00       0.00       0.00
  components       :       0.00       0.00       0.00       0.00       0.00       0.00       0.00       0.00       0.00       0.00
Propagators        : #Propagate   #ResProp    Cutoffs    DomReds
  dualfix          :          3          0          0          0
  genvbounds       :          0          0          0          0
  nlobbt           :          0          0          0          0
  obbt             :          0          0          0          0
  probing          :          0          0          0          0
  pseudoobj        :          7          0          0          2
  redcost          :          2          0          0          0
  rootredcost      :          0          0          0          0
  symmetry         :          0          0          0          0
  vbounds          :          0          0          0          0
Propagator Timings :  TotalTime  SetupTime   Presolve  Propagate    ResProp    SB-Prop
  dualfix          :       0.00       0.00       0.00       0.00       0.00       0.00
  genvbounds       :       0.00       0.00       0.00       0.00       0.00       0.00
  nlobbt           :       0.00       0.00       0.00       0.00       0.00       0.00
  obbt             :       0.00       0.00       0.00       0.00       0.00       0.00
  probing          :       0.05       0.00       0.05       0.00       0.00       0.00
  pseudoobj        :       0.00       0.00       0.00       0.00       0.00       0.00
  redcost          :       0.00       0.00       0.00       0.00       0.00       0.00
  rootredcost      :       0.00       0.00       0.00       0.00       0.00       0.00
  symmetry         :       0.09       0.00       0.09       0.00       0.00       0.00
  vbounds          :       0.00       0.00       0.00       0.00       0.00       0.00
Symmetry           :
  orbitopal red.   :          0 reductions applied,          0 cutoffs
  orbital reduction:          0 reductions applied,          0 cutoffs
  lexicographic red:          0 reductions applied,          0 cutoffs
  shadow tree time :       0.00 s
Conflict Analysis  :       Time      Calls    Success    DomReds  Conflicts   Literals    Reconvs ReconvLits   Dualrays   Nonzeros   LP Iters   (pool size: [--,--])
  propagation      :       0.00          0          0          -          0        0.0          0        0.0          -          -          -
  infeasible LP    :       0.00          0          0          -          0        0.0          0        0.0          0        0.0          0
  bound exceed. LP :       0.00          0          0          -          0        0.0          0        0.0          0        0.0          0
  strong branching :       0.00          0          0          -          0        0.0          0        0.0          -          -          0
  pseudo solution  :       0.00          0          0          -          0        0.0          0        0.0          -          -          -
  applied globally :       0.00          -          -          0          0        0.0          -          -          0          -          -
  applied locally  :          -          -          -          0          0        0.0          -          -          0          -          -
Separators         :   ExecTime  SetupTime      Calls  RootCalls    Cutoffs    DomReds  FoundCuts ViaPoolAdd  DirectAdd    Applied ViaPoolApp  DirectApp      Conss
  cut pool         :       0.00          -          0          0          -          -          0          0          -          -          -          -          -    (maximal pool size:          0)
  aggregation      :       0.00       0.00          0          0          0          0          0          0          0          0          0          0          0
  > cmir           :          -          -          -          -          -          -          -          0          0          0          0          0          -
  > flowcover      :          -          -          -          -          -          -          -          0          0          0          0          0          -
  > knapsackcover  :          -          -          -          -          -          -          -          0          0          0          0          0          -
  cgmip            :       0.00       0.00          0          0          0          0          0          0          0          0          0          0          0
  clique           :       0.00       0.00          0          0          0          0          0          0          0          0          0          0          0
  closecuts        :       0.00       0.00          0          0          0          0          0          0          0          0          0          0          0
  convexproj       :       0.00       0.00          0          0          0          0          0          0          0          0          0          0          0
  disjunctive      :       0.00       0.00          0          0          0          0          0          0          0          0          0          0          0
  eccuts           :       0.00       0.00          0          0          0          0          0          0          0          0          0          0          0
  gauge            :       0.00       0.00          0          0          0          0          0          0          0          0          0          0          0
  gomory           :       0.00       0.00          0          0          0          0          0          0          0          0          0          0          0
  > gomorymi       :          -          -          -          -          -          -          -          0          0          0          0          0          -
  > strongcg       :          -          -          -          -          -          -          -          0          0          0          0          0          -
  impliedbounds    :       0.00       0.00          0          0          0          0          0          0          0          0          0          0          0
  interminor       :       0.00       0.00          0          0          0          0          0          0          0          0          0          0          0
  intobj           :       0.00       0.00          0          0          0          0          0          0          0          0          0          0          0
  lagromory        :       0.00       0.00          0          0          0          0          0          0          0          0          0          0          0
  mcf              :       0.00       0.00          0          0          0          0          0          0          0          0          0          0          0
  minor            :       0.00       0.00          0          0          0          0          0          0          0          0          0          0          0
  mixing           :       0.00       0.00          0          0          0          0          0          0          0          0          0          0          0
  oddcycle         :       0.00       0.00          0          0          0          0          0          0          0          0          0          0          0
  rapidlearning    :       0.00       0.00          0          0          0          0          0          0          0          0          0          0          0
  rlt              :       0.00       0.00          0          0          0          0          0          0          0          0          0          0          0
  zerohalf         :       0.00       0.00          0          0          0          0          0          0          0          0          0          0          0
Cutselectors       :   ExecTime  SetupTime      Calls  RootCalls   Selected     Forced   Filtered  RootSelec   RootForc   RootFilt 
  hybrid           :       0.00       0.00          0          0          0          0          0          0          0          0
  ensemble         :       0.00       0.00          0          0          0          0          0          0          0          0
  dynamic          :       0.00       0.00          0          0          0          0          0          0          0          0
Pricers            :   ExecTime  SetupTime      Calls       Vars
  problem variables:       0.00          -          0          0
Branching Rules    :   ExecTime  SetupTime   BranchLP  BranchExt   BranchPS    Cutoffs    DomReds       Cuts      Conss   Children
  allfullstrong    :       0.00       0.00          0          0          0          0          0          0          0          0
  cloud            :       0.00       0.00          0          0          0          0          0          0          0          0
  distribution     :       0.00       0.00          0          0          0          0          0          0          0          0
  fullstrong       :       0.00       0.00          0          0          0          0          0          0          0          0
  general_disjuncti:   87153.67       0.00         85          0          0          0          0          0          0          0
  GeneralDisjunction(extra): subMILPs=182 fairNodes of all MILPs=19668784 probingLPs=0
  gomory           :       0.00       0.00          0          0          0          0          0          0          0          0
  inference        :       0.00       0.00          0          0          0          0          0          0          0          0
  leastinf         :       0.00       0.00          0          0          0          0          0          0          0          0
  lookahead        :       0.00       0.00          0          0          0          0          0          0          0          0
  mostinf          :       0.00       0.00          0          0          0          0          0          0          0          0
  multaggr         :       0.00       0.00          0          0          0          0          0          0          0          0
  nodereopt        :       0.00       0.00          0          0          0          0          0          0          0          0
  pscost           :       0.00       0.00          0          0          0          0          0          0          0          0
  random           :       0.00       0.00          0          0          0          0          0          0          0          0
  relpscost        :       0.00       0.00         85          0          0          0          0          0          0        170
  vanillafullstrong:       0.00       0.00          0          0          0          0          0          0          0          0
Primal Heuristics  :   ExecTime  SetupTime      Calls      Found       Best
  LP solutions     :       0.00          -          -          0          0
  relax solutions  :       0.00          -          -          0          0
  pseudo solutions :       0.00          -          -          0          0
  strong branching :       0.00          -          -          0          0
  actconsdiving    :       0.00       0.00          0          0          0
  adaptivediving   :       0.00       0.00          0          0          0
  alns             :       0.00       0.00          0          0          0
  bound            :       0.00       0.00          0          0          0
  clique           :       0.00       0.00          0          0          0
  coefdiving       :       0.00       0.00          0          0          0
  completesol      :       0.00       0.00          0          0          0
  conflictdiving   :       0.00       0.00          0          0          0
  crossover        :       0.00       0.00          0          0          0
  dins             :       0.00       0.00          0          0          0
  distributiondivin:       0.00       0.00          0          0          0
  dps              :       0.00       0.00          0          0          0
  dualval          :       0.00       0.00          0          0          0
  farkasdiving     :       0.00       0.00          0          0          0
  feaspump         :       0.00       0.00          0          0          0
  fixandinfer      :       0.00       0.00          0          0          0
  fracdiving       :       0.00       0.00          0          0          0
  gins             :       0.00       0.00          0          0          0
  guideddiving     :       0.00       0.00          0          0          0
  indicator        :       0.00       0.00          0          0          0
  indicatordiving  :       0.00       0.00          0          0          0
  intdiving        :       0.00       0.00          0          0          0
  intshifting      :       0.00       0.00          0          0          0
  linesearchdiving :       0.00       0.00          0          0          0
  localbranching   :       0.00       0.00          0          0          0
  locks            :       0.00       0.00          0          0          0
  lpface           :       0.00       0.00          0          0          0
  mpec             :       0.00       0.00          0          0          0
  multistart       :       0.00       0.00          0          0          0
  mutation         :       0.00       0.00          0          0          0
  nlpdiving        :       0.00       0.00          0          0          0
  objpscostdiving  :       0.00       0.00          0          0          0
  octane           :       0.00       0.00          0          0          0
  ofins            :       0.00       0.00          0          0          0
  oneopt           :       0.00       0.00          0          0          0
  padm             :       0.00       0.00          0          0          0
  proximity        :       0.00       0.00          0          0          0
  pscostdiving     :       0.00       0.00          0          0          0
  randrounding     :       0.00       0.00          0          0          0
  rens             :       0.00       0.00          0          0          0
  reoptsols        :       0.00       0.00          0          0          0
  repair           :       0.00       0.00          0          0          0
  rins             :       0.00       0.00          0          0          0
  rootsoldiving    :       0.00       0.00          0          0          0
  rounding         :       0.00       0.00          0          0          0
  scheduler        :       0.00       0.00          0          0          0
  shiftandpropagate:       0.00       0.00          0          0          0
  shifting         :       0.00       0.00          0          0          0
  simplerounding   :       0.00       0.00          0          0          0
  subnlp           :       0.00       0.00          0          0          0
  trivial          :       0.00       0.00          0          0          0
  trivialnegation  :       0.00       0.00          0          0          0
  trustregion      :       0.00       0.00          0          0          0
  trysol           :       0.00       0.00          0          0          0
  twoopt           :       0.00       0.00          0          0          0
  undercover       :       0.00       0.00          0          0          0
  vbounds          :       0.00       0.00          0          0          0
  veclendiving     :       0.00       0.00          0          0          0
  zeroobj          :       0.00       0.00          0          0          0
  zirounding       :       0.00       0.00          0          0          0
  other solutions  :          -          -          -          1          -
LNS (Scheduler)    :      Calls  SetupTime  SolveTime SolveNodes       Sols       Best       Exp3    Exp3-IX  EpsGreedy        UCB TgtFixRate  Opt  Inf Node Stal  Sol  Usr Othr Actv
  rens             :          0       0.00       0.00          0          0          0    0.00000    0.12500   -1.00000    1.00000      0.900    0    0    0    0    0    0    0    1
  rins             :          0       0.00       0.00          0          0          0    0.00000    0.12500   -1.00000    1.00000      0.900    0    0    0    0    0    0    0    1
  mutation         :          0       0.00       0.00          0          0          0    0.00000    0.12500   -1.00000    1.00000      0.900    0    0    0    0    0    0    0    1
  localbranching   :          0       0.00       0.00          0          0          0    0.00000    0.12500   -1.00000    1.00000      0.900    0    0    0    0    0    0    0    1
  crossover        :          0       0.00       0.00          0          0          0    0.00000    0.12500   -1.00000    1.00000      0.900    0    0    0    0    0    0    0    1
  proximity        :          0       0.00       0.00          0          0          0    0.00000    0.12500   -1.00000    1.00000      0.900    0    0    0    0    0    0    0    1
  zeroobjective    :          0       0.00       0.00          0          0          0    0.00000    0.12500   -1.00000    1.00000      0.900    0    0    0    0    0    0    0    1
  dins             :          0       0.00       0.00          0          0          0    0.00000    0.12500   -1.00000    1.00000      0.900    0    0    0    0    0    0    0    1
  trustregion      :          0       0.00       0.00          0          0          0    0.00000    0.00000   -1.00000    1.00000      0.900    0    0    0    0    0    0    0    0
LP                 :       Time      Calls Iterations  Iter/call   Iter/sec  Time-0-It Calls-0-It    ItLimit
  primal LP        :       0.00          0          0       0.00          -       0.00          0
  dual LP          :       0.03        103       1425      13.83   44743.78       0.00          0
  lex dual LP      :       0.00          0          0       0.00          -
  barrier LP       :       0.00          0          0       0.00          -       0.00          0
  resolve instable :       0.00          0          0       0.00          -
  diving/probing LP:       0.00          0          0       0.00          -
  strong branching :       0.01         28        177       6.32          -          -          -          0
    (at root node) :          -         28        177       6.32          -
  conflict analysis:       0.00          0          0       0.00          -
B&B Tree           :
  number of runs   :          1
  nodes            :        102 (85 internal, 17 leaves)
  feasible leaves  :          0
  infeas. leaves   :         17
  objective leaves :          0
  nodes (total)    :        102 (85 internal, 17 leaves)
  nodes left       :         69
  max depth        :         69
  max depth (total):         69
  backtracks       :          4 (3.9%)
  early backtracks :          0 (0.0%)
  nodes exc. ref.  :          0 (0.0%)
  delayed cutoffs  :          0
  repropagations   :          0 (0 domain reductions, 0 cutoffs)
  avg switch length:       3.35
  switching time   :       0.00
Root Node          :
  First LP value   : +1.32444444444445e+01
  First LP Iters   :          1 (245.70 Iter/sec)
  First LP Time    :       0.00
  Final Dual Bound : +1.40000000000000e+01
  Final Root Iters :          6
  Root LP Estimate : +1.40024473214286e+01
Solution           :
  Solutions found  :          1 (1 improvements)
  First Solution   : +1.49999999999092e+01   (in run 0, after 0 nodes, 0.00 seconds, depth -1, found by <initial>)
  Gap First Sol.   :   infinite
  Gap Last Sol.    :   infinite
  Primal Bound     : +1.49999999999092e+01   (in run 0, after 0 nodes, 0.00 seconds, depth -1, found by <initial>)
  Dual Bound       : +1.40000000000000e+01
  Gap              :       7.14 %
Integrals          :      Total       Avg%
  primal-dual      :  581046.73       6.67
  primal-ref       :          -          - (not evaluated)
  dual-ref         :          -          - (not evaluated)
