SCIP version 9.2.2 [precision: 8 byte] [memory: block] [mode: optimized] [LP solver: CPLEX 12.10.0.0] [GitHash: 416226a4f8]
Copyright (c) 2002-2025 Zuse Institute Berlin (ZIB)

reading parameter file </scratch/htc/yzhou/exp_scipmip/settings/settings_gap/sandbox_gendj_gap0.0879574_rout.set>

read problem </scratch/htc/yzhou/exp_scipmip/instances/ult_experiments/rout.mps>
============

original problem has 556 variables (300 bin, 15 int, 0 impl, 241 cont) and 291 constraints
    291 constraints of type <linear>
Reading Time: 0.02

read solution </scratch/htc/yzhou/solutions/rout.sol>
============

primal solution from solution file </scratch/htc/yzhou/solutions/rout.sol> was accepted as candidate, will be checked when solving starts
original problem has 556 variables (300 bin, 15 int, 0 impl, 241 cont) and 291 constraints
    291 constraints of type <linear>
Reading Time: 0.03
solve problem
=============
LP Solver <CPLEX 12.10.0.0>: fastmip setting not available -- SCIP parameter has no effect
LP Solver <CPLEX 12.10.0.0>: clock type cannot be set
LP Solver <CPLEX 12.10.0.0>: row representation of the basis not available -- SCIP parameter lp/rowrepswitch has no effect
LP Solver <CPLEX 12.10.0.0>: solution polishing not available -- SCIP parameter lp/solutionpolishing has no effect
LP Solver <CPLEX 12.10.0.0>: refactorization interval not available -- SCIP parameter lp/refactorinterval has no effect
1/1 feasible solution given by solution candidate storage, new primal bound 1.077560e+03

transformed problem has 556 variables (300 bin, 15 int, 0 impl, 241 cont) and 291 constraints
    291 constraints of type <linear>

original problem has 2431 active (1.50251%) nonzeros and 2431 (1.50251%) check nonzeros

presolving:
(round 1, fast)       1 del vars, 1 del conss, 1 add conss, 242 chg bounds, 0 chg sides, 0 chg coeffs, 0 upgd conss, 0 impls, 14 clqs
(round 2, fast)       1 del vars, 2 del conss, 1 add conss, 242 chg bounds, 0 chg sides, 0 chg coeffs, 0 upgd conss, 0 impls, 14 clqs
(round 3, exhaustive) 1 del vars, 2 del conss, 1 add conss, 242 chg bounds, 0 chg sides, 0 chg coeffs, 254 upgd conss, 0 impls, 14 clqs
   (0.0s) sparsify finished: 10/2115 (0.5%) nonzeros canceled - in total 10 canceled nonzeros, 130 changed coefficients, 0 added nonzeros
(round 4, exhaustive) 1 del vars, 2 del conss, 1 add conss, 242 chg bounds, 0 chg sides, 130 chg coeffs, 254 upgd conss, 230 impls, 14 clqs
   (0.0s) probing: 100/300 (33.3%) - 0 fixings, 0 aggregations, 1997 implications, 0 bound changes
   (0.0s) probing: 200/300 (66.7%) - 0 fixings, 0 aggregations, 3864 implications, 0 bound changes
   (0.1s) probing: 300/300 (100.0%) - 0 fixings, 0 aggregations, 5931 implications, 0 bound changes
   (0.1s) probing cycle finished: starting next cycle
   (0.1s) symmetry computation started: requiring (bin +, int +, cont +), (fixed: bin -, int -, cont -)
   (0.1s) symmetry computation finished: 4 generators found (max: 1500, log10 of symmetry group size: 0.0) (symcode time: 0.00)
dynamic symmetry handling statistics:
   orbitopal reduction:       no components
   orbital reduction:         no components
   lexicographic reduction:   no permutations
handled 1 out of 1 symmetry components
(round 5, exhaustive) 11 del vars, 2 del conss, 2 add conss, 242 chg bounds, 0 chg sides, 130 chg coeffs, 254 upgd conss, 6180 impls, 24 clqs
(round 6, fast)       17 del vars, 8 del conss, 2 add conss, 250 chg bounds, 0 chg sides, 130 chg coeffs, 254 upgd conss, 6180 impls, 28 clqs
   (0.1s) probing: 100/300 (33.3%) - 7 fixings, 0 aggregations, 6006 implications, 2 bound changes
   (0.1s) probing: 200/300 (66.7%) - 11 fixings, 0 aggregations, 6036 implications, 2 bound changes
   (0.1s) probing: 300/300 (100.0%) - 19 fixings, 0 aggregations, 6080 implications, 2 bound changes
   (0.1s) probing cycle finished: starting next cycle
(round 7, exhaustive) 36 del vars, 8 del conss, 2 add conss, 254 chg bounds, 0 chg sides, 130 chg coeffs, 254 upgd conss, 6258 impls, 62 clqs
(round 8, fast)       36 del vars, 15 del conss, 2 add conss, 254 chg bounds, 0 chg sides, 130 chg coeffs, 254 upgd conss, 6258 impls, 64 clqs
   (0.1s) probing: 100/281 (35.6%) - 21 fixings, 0 aggregations, 6188 implications, 2 bound changes
   (0.1s) probing: 200/281 (71.2%) - 27 fixings, 0 aggregations, 6216 implications, 2 bound changes
   (0.1s) probing: 239/281 (85.1%) - 27 fixings, 0 aggregations, 6216 implications, 2 bound changes
   (0.1s) probing aborted: 50/50 successive totally useless probings
(round 9, exhaustive) 44 del vars, 15 del conss, 2 add conss, 254 chg bounds, 0 chg sides, 130 chg coeffs, 254 upgd conss, 6369 impls, 63 clqs
(round 10, fast)       44 del vars, 19 del conss, 2 add conss, 254 chg bounds, 0 chg sides, 130 chg coeffs, 254 upgd conss, 6369 impls, 63 clqs
   (0.1s) probing: 244/281 (86.8%) - 27 fixings, 0 aggregations, 6216 implications, 2 bound changes
   (0.1s) probing aborted: 50/50 successive totally useless probings
clique table cleanup detected 0 bound changes

presolved problem has 2222 active (1.58388%) nonzeros and 2222 (1.58388%) check nonzeros

presolving (11 rounds: 11 fast, 6 medium, 6 exhaustive):
 44 deleted vars, 19 deleted constraints, 2 added constraints, 254 tightened bounds, 0 added holes, 0 changed sides, 130 changed coefficients
 6369 implications, 63 cliques
presolved problem has 512 variables (277 bin, 12 int, 0 impl, 223 cont) and 274 constraints
    223 constraints of type <varbound>
     14 constraints of type <setppc>
     36 constraints of type <linear>
      1 constraints of type <orbitope>
transformed objective value is always integral (scale: 0.01)
Presolving Time: 0.07

 time | node  | left  |LP iter|LP it/n|mem/heur|mdpt |vars |cons |rows |cuts |sepa|confs|strbr|  dualbound   | primalbound  |  gap   | compl. 
  0.1s|     1 |     0 |   341 |     - |    11M |   0 | 512 | 274 | 273 |   0 |  0 |   0 |   0 | 9.818643e+02 | 1.077560e+03 |   9.75%| unknown
_____________________________________
Now starting branching with general disjunction
Current branching Node number: 1
LP objective value: -139339
Node lower bound: -139071
Node upper bound: 1077.56
gap to the primal bound: 0.0944764
Preck submodel is infeasible, continue branching
Time limit exceeded (1212.08s), stopping submodel solve loop
General disjunction: No feasible solution found, use SCIP default branching rule
 1212s|     1 |     2 |   341 |     - |    11M |   0 | 512 | 274 | 273 |   0 |  1 |   0 |  35 | 9.845438e+02 | 1.077560e+03 |   9.45%| unknown
_____________________________________
Now starting branching with general disjunction
Current branching Node number: 2
LP objective value: -138921
Node lower bound: -138140
Node upper bound: 1077.56
gap to the primal bound: 0.0944764
Preck submodel is infeasible, continue branching
Time limit exceeded (1122.38s), stopping submodel solve loop
General disjunction: No feasible solution found, use SCIP default branching rule
_____________________________________
Now starting branching with general disjunction
Current branching Node number: 5
LP objective value: -136690
Node lower bound: -136390
Node upper bound: 1077.56
gap to the primal bound: 0.0944764
Preck submodel is infeasible, continue branching
Time limit exceeded (1085.97s), stopping submodel solve loop
General disjunction: No feasible solution found, use SCIP default branching rule
_____________________________________
Now starting branching with general disjunction
Current branching Node number: 6
LP objective value: -136175
Node lower bound: -135638
Node upper bound: 1077.56
gap to the primal bound: 0.0944764
Preck submodel is infeasible, continue branching
Time limit exceeded (1070.17s), stopping submodel solve loop
General disjunction: No feasible solution found, use SCIP default branching rule
_____________________________________
Now starting branching with general disjunction
Current branching Node number: 8
Relpscost reduced domain, skip general disjunction branching
_____________________________________
Now starting branching with general disjunction
Current branching Node number: 8
Relpscost reduced domain, skip general disjunction branching
_____________________________________
Now starting branching with general disjunction
Current branching Node number: 8
Relpscost reduced domain, skip general disjunction branching
_____________________________________
Now starting branching with general disjunction
Current branching Node number: 8
Relpscost reduced domain, skip general disjunction branching
_____________________________________
Now starting branching with general disjunction
Current branching Node number: 8
Relpscost reduced domain, skip general disjunction branching
_____________________________________
Now starting branching with general disjunction
Current branching Node number: 8
Relpscost reduced domain, skip general disjunction branching
_____________________________________
Now starting branching with general disjunction
Current branching Node number: 8
Relpscost reduced domain, skip general disjunction branching
_____________________________________
Now starting branching with general disjunction
Current branching Node number: 8
Relpscost reduced domain, skip general disjunction branching
_____________________________________
Now starting branching with general disjunction
Current branching Node number: 8
Relpscost reduced domain, skip general disjunction branching
_____________________________________
Now starting branching with general disjunction
Current branching Node number: 8
Relpscost reduced domain, skip general disjunction branching
_____________________________________
Now starting branching with general disjunction
Current branching Node number: 8
Relpscost reduced domain, skip general disjunction branching
_____________________________________
Now starting branching with general disjunction
Current branching Node number: 8
Relpscost reduced domain, skip general disjunction branching
_____________________________________
Now starting branching with general disjunction
Current branching Node number: 8
Relpscost reduced domain, skip general disjunction branching
_____________________________________
Now starting branching with general disjunction
Current branching Node number: 8
Relpscost reduced domain, skip general disjunction branching
_____________________________________
Now starting branching with general disjunction
Current branching Node number: 8
Relpscost reduced domain, skip general disjunction branching
_____________________________________
Now starting branching with general disjunction
Current branching Node number: 9
LP objective value: -133683
Node lower bound: -133677
Node upper bound: 1077.56
gap to the primal bound: 0.0944764
Preck submodel is infeasible, continue branching
Time limit exceeded (1224.74s), stopping submodel solve loop
General disjunction: No feasible solution found, use SCIP default branching rule
_____________________________________
Now starting branching with general disjunction
Current branching Node number: 10
LP objective value: -133037
Node lower bound: -132379
Node upper bound: 1077.56
gap to the primal bound: 0.0944764
Preck submodel is infeasible, continue branching
Time limit exceeded (1045s), stopping submodel solve loop
General disjunction: No feasible solution found, use SCIP default branching rule
_____________________________________
Now starting branching with general disjunction
Current branching Node number: 13
Relpscost reduced domain, skip general disjunction branching
_____________________________________
Now starting branching with general disjunction
Current branching Node number: 13
LP objective value: -130556
Node lower bound: -130556
Node upper bound: 1077.56
gap to the primal bound: 0.0944764
Preck submodel is infeasible, continue branching
Time limit exceeded (1312.1s), stopping submodel solve loop
General disjunction: No feasible solution found, use SCIP default branching rule
_____________________________________
Now starting branching with general disjunction
Current branching Node number: 15
Relpscost reduced domain, skip general disjunction branching
_____________________________________
Now starting branching with general disjunction
Current branching Node number: 15
LP objective value: -130156
Node lower bound: -130156
Node upper bound: 1077.56
gap to the primal bound: 0.0944764
Preck submodel is infeasible, continue branching
Time limit exceeded (1804.63s), stopping submodel solve loop
General disjunction: No feasible solution found, use SCIP default branching rule
_____________________________________
Now starting branching with general disjunction
Current branching Node number: 3
LP objective value: -139071
Node lower bound: -138731
Node upper bound: 1077.56
gap to the primal bound: 0.0907102
Preck submodel is infeasible, continue branching
Time limit exceeded (1450.71s), stopping submodel solve loop
General disjunction: No feasible solution found, use SCIP default branching rule
_____________________________________
Now starting branching with general disjunction
Current branching Node number: 18
LP objective value: -138685
Node lower bound: -138236
Node upper bound: 1077.56
gap to the primal bound: 0.0907102
Preck submodel is infeasible, continue branching
Time limit exceeded (1332.17s), stopping submodel solve loop
General disjunction: Only Right constraint added:
_____________________________________
Now starting branching with general disjunction
Current branching Node number: 18
LP objective value: -136394
Node lower bound: -136394
Node upper bound: 1077.56
gap to the primal bound: 0.0907102
Preck submodel is infeasible, continue branching
Time limit exceeded (1505.97s), stopping submodel solve loop
General disjunction: No feasible solution found, use SCIP default branching rule
_____________________________________
Now starting branching with general disjunction
Current branching Node number: 20
LP objective value: -135881
Node lower bound: -135322
Node upper bound: 1077.56
gap to the primal bound: 0.0907102
Preck submodel is infeasible, continue branching
Time limit exceeded (1522.2s), stopping submodel solve loop
General disjunction: Only Left constraint added:
_____________________________________
Now starting branching with general disjunction
Current branching Node number: 20
LP objective value: -133612
Node lower bound: -133272
Node upper bound: 1077.56
gap to the primal bound: 0.0907102
Preck submodel is infeasible, continue branching
Time limit exceeded (1079.17s), stopping submodel solve loop
General disjunction: No feasible solution found, use SCIP default branching rule
_____________________________________
Now starting branching with general disjunction
Current branching Node number: 23
LP objective value: -133360
Node lower bound: -133272
Node upper bound: 1077.56
gap to the primal bound: 0.0907102
Preck submodel is infeasible, continue branching
Time limit exceeded (1182.08s), stopping submodel solve loop
General disjunction: No feasible solution found, use SCIP default branching rule
_____________________________________
Now starting branching with general disjunction
Current branching Node number: 24
Relpscost reduced domain, skip general disjunction branching
_____________________________________
Now starting branching with general disjunction
Current branching Node number: 24
LP objective value: -132682
Node lower bound: -132027
Node upper bound: 1077.56
gap to the primal bound: 0.0907102
Preck submodel is infeasible, continue branching
Time limit exceeded (1058.5s), stopping submodel solve loop
General disjunction: No feasible solution found, use SCIP default branching rule
_____________________________________
Now starting branching with general disjunction
Current branching Node number: 27
Relpscost reduced domain, skip general disjunction branching
_____________________________________
Now starting branching with general disjunction
Current branching Node number: 27
LP objective value: -130156
Node lower bound: -130156
Node upper bound: 1077.56
gap to the primal bound: 0.0907102
Preck submodel is infeasible, continue branching
Time limit exceeded (1487.77s), stopping submodel solve loop
General disjunction: No feasible solution found, use SCIP default branching rule
_____________________________________
Now starting branching with general disjunction
Current branching Node number: 19
LP objective value: -138726
Node lower bound: -138726
Node upper bound: 1077.56
gap to the primal bound: 0.0906628
Preck submodel is infeasible, continue branching
Time limit exceeded (1162.17s), stopping submodel solve loop
General disjunction: No feasible solution found, use SCIP default branching rule
_____________________________________
Now starting branching with general disjunction
Current branching Node number: 30
LP objective value: -138348
Node lower bound: -137884
Node upper bound: 1077.56
gap to the primal bound: 0.0906628
Preck submodel is infeasible, continue branching
Time limit exceeded (1336.01s), stopping submodel solve loop
General disjunction: No feasible solution found, use SCIP default branching rule
_____________________________________
Now starting branching with general disjunction
Current branching Node number: 32
Relpscost reduced domain, skip general disjunction branching
_____________________________________
Now starting branching with general disjunction
Current branching Node number: 32
LP objective value: -133146
Node lower bound: -133136
Node upper bound: 1077.56
gap to the primal bound: 0.0906628
Preck submodel is infeasible, continue branching
Time limit exceeded (1011.91s), stopping submodel solve loop
General disjunction: No feasible solution found, use SCIP default branching rule
_____________________________________
Now starting branching with general disjunction
Current branching Node number: 34
LP objective value: -132524
Node lower bound: -131280
Node upper bound: 1077.56
gap to the primal bound: 0.0906628
Preck submodel is infeasible, continue branching
Time limit exceeded (1665.11s), stopping submodel solve loop
General disjunction: No feasible solution found, use SCIP default branching rule
_____________________________________
Now starting branching with general disjunction
Current branching Node number: 36
Relpscost reduced domain, skip general disjunction branching
_____________________________________
Now starting branching with general disjunction
Current branching Node number: 37
LP objective value: -130100
Node lower bound: -130100
Node upper bound: 1077.56
gap to the primal bound: 0.0906628
Preck submodel is infeasible, continue branching
Time limit exceeded (1040.83s), stopping submodel solve loop
General disjunction: No feasible solution found, use SCIP default branching rule
_____________________________________
Now starting branching with general disjunction
Current branching Node number: 4
Relpscost reduced domain, skip general disjunction branching
_____________________________________
Now starting branching with general disjunction
Current branching Node number: 4
LP objective value: -133374
Node lower bound: -133279
Node upper bound: 1077.56
gap to the primal bound: 0.0906628
Preck submodel is infeasible, continue branching
Time limit exceeded (1570.61s), stopping submodel solve loop
General disjunction: No feasible solution found, use SCIP default branching rule
_____________________________________
Now starting branching with general disjunction
Current branching Node number: 40
Relpscost reduced domain, skip general disjunction branching
_____________________________________
Now starting branching with general disjunction
Current branching Node number: 40
LP objective value: -132726
Node lower bound: -131540
Node upper bound: 1077.56
gap to the primal bound: 0.0906628
Preck submodel is infeasible, continue branching
Time limit exceeded (1612.17s), stopping submodel solve loop
General disjunction: No feasible solution found, use SCIP default branching rule
_____________________________________
Now starting branching with general disjunction
Current branching Node number: 42
Relpscost reduced domain, skip general disjunction branching
_____________________________________
Now starting branching with general disjunction
Current branching Node number: 43
Relpscost reduced domain, skip general disjunction branching
_____________________________________
Now starting branching with general disjunction
Current branching Node number: 43
Relpscost reduced domain, skip general disjunction branching
_____________________________________
Now starting branching with general disjunction
Current branching Node number: 43
Relpscost reduced domain, skip general disjunction branching
_____________________________________
Now starting branching with general disjunction
Current branching Node number: 43
Relpscost reduced domain, skip general disjunction branching
_____________________________________
Now starting branching with general disjunction
Current branching Node number: 43
LP objective value: -130419
Node lower bound: -130419
Node upper bound: 1077.56
gap to the primal bound: 0.0906628
Preck submodel is infeasible, continue branching
Time limit exceeded (1266.63s), stopping submodel solve loop
General disjunction: No feasible solution found, use SCIP default branching rule
_____________________________________
Now starting branching with general disjunction
Current branching Node number: 45
LP objective value: -130124
Node lower bound: -130124
Node upper bound: 1077.56
gap to the primal bound: 0.0906628
Preck submodel is infeasible, continue branching
Time limit exceeded (1027.38s), stopping submodel solve loop
General disjunction: No feasible solution found, use SCIP default branching rule

SCIP Status        : solving was interrupted [gap limit reached]
Solving Time (sec) : 32189.95
Solving Nodes      : 37
Primal Bound       : +1.07756000000000e+03 (1 solutions)
Dual Bound         : +9.91597131730443e+02
Gap                : 8.67 %

primal solution:
================

objective value:                              1077.56
x242                                                1 	(obj:0)
x243                                                1 	(obj:0)
x245                                                1 	(obj:0)
x246                                                1 	(obj:0)
x249                                                1 	(obj:0)
x261                                                1 	(obj:0)
x289                                                1 	(obj:0)
x553                                                1 	(obj:0)
x336                                                1 	(obj:0)
x352                                                1 	(obj:0)
x358                                                1 	(obj:0)
x389                                                1 	(obj:0)
x399                                                1 	(obj:0)
x432                                                1 	(obj:0)
x440                                                1 	(obj:0)
x465                                                1 	(obj:0)
x492                                                1 	(obj:0)
x505                                                1 	(obj:0)
x517                                                1 	(obj:0)
x313                                                1 	(obj:0)
x316                                                1 	(obj:0)
x92                                                 7 	(obj:0)
x123                                 7.00000000000001 	(obj:0)
x146                                                1 	(obj:0)
x154                                                3 	(obj:0)
x211                                                4 	(obj:0)
x241                                          1077.56 	(obj:1)
x2                                                  4 	(obj:0)
x8                                   4.00000000000001 	(obj:0)
x20                                                 3 	(obj:0)
x57                                                 5 	(obj:0)
x60                                                 1 	(obj:0)

Statistics
==========

SCIP Status        : solving was interrupted [gap limit reached]
Total Time         :   32189.98
  solving          :   32189.95
  presolving       :       0.07 (included in solving)
  reading          :       0.03
  copying          :       0.00 (0 times copied the problem)
Original Problem   :
  Problem name     : rout
  Variables        : 556 (300 binary, 15 integer, 0 implicit integer, 241 continuous)
  Constraints      : 291 initial, 291 maximal
  Objective        : minimize, 1 non-zeros (abs.min = 1, abs.max = 1)
Presolved Problem  :
  Problem name     : t_rout
  Variables        : 512 (277 binary, 12 integer, 0 implicit integer, 223 continuous)
  Constraints      : 274 initial, 274 maximal
  Objective        : minimize, 289 non-zeros (abs.min = 543, abs.max = 14282)
  Nonzeros         : 2222 constraint, 355 clique table
Presolvers         :   ExecTime  SetupTime  Calls  FixedVars   AggrVars   ChgTypes  ChgBounds   AddHoles    DelCons    AddCons   ChgSides   ChgCoefs
  boundshift       :       0.00       0.00      0          0          0          0          0          0          0          0          0          0
  convertinttobin  :       0.00       0.00      0          0          0          0          0          0          0          0          0          0
  domcol           :       0.00       0.00      5          0          0          0          0          0          0          0          0          0
  dualagg          :       0.00       0.00      0          0          0          0          0          0          0          0          0          0
  dualcomp         :       0.00       0.00      5          0          0          0          0          0          0          0          0          0
  dualinfer        :       0.00       0.00      0          0          0          0          0          0          0          0          0          0
  dualsparsify     :       0.00       0.00      1          0          0          0          0          0          0          0          0          0
  gateextraction   :       0.00       0.00      0          0          0          0          0          0          0          0          0          0
  implics          :       0.00       0.00      6          0          0          0          0          0          0          0          0          0
  inttobinary      :       0.00       0.00     11          0          0          0          0          0          0          0          0          0
  qpkktref         :       0.00       0.00      0          0          0          0          0          0          0          0          0          0
  redvub           :       0.00       0.00      0          0          0          0          0          0          0          0          0          0
  sparsify         :       0.02       0.00      3          0          0          0          0          0          0          0          0        130
  stuffing         :       0.00       0.00      0          0          0          0          0          0          0          0          0          0
  trivial          :       0.00       0.00     11          0          0          0          0          0          0          0          0          0
  tworowbnd        :       0.00       0.00      0          0          0          0          0          0          0          0          0          0
  dualfix          :       0.00       0.00     11          0          0          0          0          0          0          0          0          0
  genvbounds       :       0.00       0.00      0          0          0          0          0          0          0          0          0          0
  probing          :       0.04       0.00      4         27          0          0          2          0          0          0          0          0
  pseudoobj        :       0.00       0.00      5          0          0          0          0          0          0          0          0          0
  symmetry         :       0.00       0.00      1         10          0          0          0          0          0          1          0          0
  vbounds          :       0.00       0.00      5          0          0          0          0          0          0          0          0          0
  varbound         :       0.00       0.00     13          0          0          0          8          0         17          0          0          0
  setppc           :       0.00       0.00     18          0          0          0          0          0          0          0          0          0
  linear           :       0.01       0.00     17          6          1          0        244          0          2          1          0          0
  orbitope         :       0.00       0.00      3          0          0          0          0          0          0          0          0          0
  benders          :       0.00       0.00      0          0          0          0          0          0          0          0          0          0
  components       :       0.00       0.00      1          0          0          0          0          0          0          0          0          0
  root node        :          -          -      -          0          -          -          0          -          -          -          -          -
Constraints        :     Number  MaxNumber  #Separate #Propagate    #EnfoLP    #EnfoRelax  #EnfoPS    #Check   #ResProp    Cutoffs    DomReds       Cuts    Applied      Conss   Children
  benderslp        :          0          0          0          0         53          0          0          2          0          0          0          0          0          0          0
  integral         :          0          0          0          0         53          0          0          2          0          0         38          0          0          2         46
  varbound         :        223        223          0       2420          0          0          0          0          0          0          0          0          0          0          0
  setppc           :         14         14          0       2420          0          0          0          0          0          2          0          0          0          0          0
  linear           :         36+        38          0       2418          0          0          0          0          0          0          0          0          0          0          0
  orbitope         :          1          1          0       1178          0          0          0          0          0          7          0          0          0          0          0
  benders          :          0          0          0          0          0          0          0          1          0          0          0          0          0          0          0
  fixedvar         :          0          0          0          0          0          0          0          1          0          0          0          0          0          0          0
  countsols        :          0          0          0          0          0          0          0          1          0          0          0          0          0          0          0
  components       :          0          0          0          0          0          0          0          0          0          0          0          0          0          0          0
Constraint Timings :  TotalTime  SetupTime   Separate  Propagate     EnfoLP     EnfoPS     EnfoRelax   Check    ResProp    SB-Prop
  benderslp        :       0.00       0.00       0.00       0.00       0.00       0.00       0.00       0.00       0.00       0.00
  integral         :   32189.80       0.00       0.00       0.00   32189.80       0.00       0.00       0.00       0.00       0.00
  varbound         :       0.00       0.00       0.00       0.00       0.00       0.00       0.00       0.00       0.00       0.00
  setppc           :       0.00       0.00       0.00       0.00       0.00       0.00       0.00       0.00       0.00       0.00
  linear           :       0.00       0.00       0.00       0.00       0.00       0.00       0.00       0.00       0.00       0.00
  orbitope         :       0.00       0.00       0.00       0.00       0.00       0.00       0.00       0.00       0.00       0.00
  benders          :       0.00       0.00       0.00       0.00       0.00       0.00       0.00       0.00       0.00       0.00
  fixedvar         :       0.00       0.00       0.00       0.00       0.00       0.00       0.00       0.00       0.00       0.00
  countsols        :       0.00       0.00       0.00       0.00       0.00       0.00       0.00       0.00       0.00       0.00
  components       :       0.00       0.00       0.00       0.00       0.00       0.00       0.00       0.00       0.00       0.00
Propagators        : #Propagate   #ResProp    Cutoffs    DomReds
  dualfix          :          1          0          0          0
  genvbounds       :          0          0          0          0
  nlobbt           :          0          0          0          0
  obbt             :          0          0          0          0
  probing          :          0          0          0          0
  pseudoobj        :          3          0          0          0
  redcost          :          2          0          0          0
  rootredcost      :          0          0          0          0
  symmetry         :          0          0          0          0
  vbounds          :          0          0          0          0
Propagator Timings :  TotalTime  SetupTime   Presolve  Propagate    ResProp    SB-Prop
  dualfix          :       0.00       0.00       0.00       0.00       0.00       0.00
  genvbounds       :       0.00       0.00       0.00       0.00       0.00       0.00
  nlobbt           :       0.00       0.00       0.00       0.00       0.00       0.00
  obbt             :       0.00       0.00       0.00       0.00       0.00       0.00
  probing          :       0.04       0.00       0.04       0.00       0.00       0.00
  pseudoobj        :       0.00       0.00       0.00       0.00       0.00       0.00
  redcost          :       0.00       0.00       0.00       0.00       0.00       0.00
  rootredcost      :       0.00       0.00       0.00       0.00       0.00       0.00
  symmetry         :       0.00       0.00       0.00       0.00       0.00       0.00
  vbounds          :       0.00       0.00       0.00       0.00       0.00       0.00
Symmetry           :
  orbitopal red.   :          0 reductions applied,          0 cutoffs
  orbital reduction:          0 reductions applied,          0 cutoffs
  lexicographic red:          0 reductions applied,          0 cutoffs
  shadow tree time :       0.00 s
Conflict Analysis  :       Time      Calls    Success    DomReds  Conflicts   Literals    Reconvs ReconvLits   Dualrays   Nonzeros   LP Iters   (pool size: [--,--])
  propagation      :       0.00          0          0          -          0        0.0          0        0.0          -          -          -
  infeasible LP    :       0.00          0          0          -          0        0.0          0        0.0          0        0.0          0
  bound exceed. LP :       0.00          0          0          -          0        0.0          0        0.0          0        0.0          0
  strong branching :       0.00          0          0          -          0        0.0          0        0.0          -          -          0
  pseudo solution  :       0.00          0          0          -          0        0.0          0        0.0          -          -          -
  applied globally :       0.00          -          -          0          0        0.0          -          -          0          -          -
  applied locally  :          -          -          -          0          0        0.0          -          -          0          -          -
Separators         :   ExecTime  SetupTime      Calls  RootCalls    Cutoffs    DomReds  FoundCuts ViaPoolAdd  DirectAdd    Applied ViaPoolApp  DirectApp      Conss
  cut pool         :       0.00          -          0          0          -          -          0          0          -          -          -          -          -    (maximal pool size:          0)
  aggregation      :       0.00       0.00          0          0          0          0          0          0          0          0          0          0          0
  > cmir           :          -          -          -          -          -          -          -          0          0          0          0          0          -
  > flowcover      :          -          -          -          -          -          -          -          0          0          0          0          0          -
  > knapsackcover  :          -          -          -          -          -          -          -          0          0          0          0          0          -
  cgmip            :       0.00       0.00          0          0          0          0          0          0          0          0          0          0          0
  clique           :       0.00       0.00          0          0          0          0          0          0          0          0          0          0          0
  closecuts        :       0.00       0.00          0          0          0          0          0          0          0          0          0          0          0
  convexproj       :       0.00       0.00          0          0          0          0          0          0          0          0          0          0          0
  disjunctive      :       0.00       0.00          0          0          0          0          0          0          0          0          0          0          0
  eccuts           :       0.00       0.00          0          0          0          0          0          0          0          0          0          0          0
  gauge            :       0.00       0.00          0          0          0          0          0          0          0          0          0          0          0
  gomory           :       0.00       0.00          0          0          0          0          0          0          0          0          0          0          0
  > gomorymi       :          -          -          -          -          -          -          -          0          0          0          0          0          -
  > strongcg       :          -          -          -          -          -          -          -          0          0          0          0          0          -
  impliedbounds    :       0.00       0.00          0          0          0          0          0          0          0          0          0          0          0
  interminor       :       0.00       0.00          0          0          0          0          0          0          0          0          0          0          0
  intobj           :       0.00       0.00          0          0          0          0          0          0          0          0          0          0          0
  lagromory        :       0.00       0.00          0          0          0          0          0          0          0          0          0          0          0
  mcf              :       0.00       0.00          0          0          0          0          0          0          0          0          0          0          0
  minor            :       0.00       0.00          0          0          0          0          0          0          0          0          0          0          0
  mixing           :       0.00       0.00          0          0          0          0          0          0          0          0          0          0          0
  oddcycle         :       0.00       0.00          0          0          0          0          0          0          0          0          0          0          0
  rapidlearning    :       0.00       0.00          0          0          0          0          0          0          0          0          0          0          0
  rlt              :       0.00       0.00          0          0          0          0          0          0          0          0          0          0          0
  zerohalf         :       0.00       0.00          0          0          0          0          0          0          0          0          0          0          0
Cutselectors       :   ExecTime  SetupTime      Calls  RootCalls   Selected     Forced   Filtered  RootSelec   RootForc   RootFilt 
  hybrid           :       0.00       0.00          0          0          0          0          0          0          0          0
  ensemble         :       0.00       0.00          0          0          0          0          0          0          0          0
  dynamic          :       0.00       0.00          0          0          0          0          0          0          0          0
Pricers            :   ExecTime  SetupTime      Calls       Vars
  problem variables:       0.00          -          0          0
Branching Rules    :   ExecTime  SetupTime   BranchLP  BranchExt   BranchPS    Cutoffs    DomReds       Cuts      Conss   Children
  allfullstrong    :       0.00       0.00          0          0          0          0          0          0          0          0
  cloud            :       0.00       0.00          0          0          0          0          0          0          0          0
  distribution     :       0.00       0.00          0          0          0          0          0          0          0          0
  fullstrong       :       0.00       0.00          0          0          0          0          0          0          0          0
  general_disjuncti:   32189.71       0.00         53          0          0          0         38          0          2          0
  GeneralDisjunction(extra): subMILPs=157 fairNodes of all MILPs=939369 probingLPs=4
  gomory           :       0.00       0.00          0          0          0          0          0          0          0          0
  inference        :       0.00       0.00          0          0          0          0          0          0          0          0
  leastinf         :       0.00       0.00          0          0          0          0          0          0          0          0
  lookahead        :       0.00       0.00          0          0          0          0          0          0          0          0
  mostinf          :       0.00       0.00          0          0          0          0          0          0          0          0
  multaggr         :       0.00       0.00          0          0          0          0          0          0          0          0
  nodereopt        :       0.00       0.00          0          0          0          0          0          0          0          0
  pscost           :       0.00       0.00          0          0          0          0          0          0          0          0
  random           :       0.00       0.00          0          0          0          0          0          0          0          0
  relpscost        :       0.10       0.00         23          0          0          0          0          0          0         46
  vanillafullstrong:       0.00       0.00          0          0          0          0          0          0          0          0
Primal Heuristics  :   ExecTime  SetupTime      Calls      Found       Best
  LP solutions     :       0.00          -          -          0          0
  relax solutions  :       0.00          -          -          0          0
  pseudo solutions :       0.00          -          -          0          0
  strong branching :       0.00          -          -          0          0
  actconsdiving    :       0.00       0.00          0          0          0
  adaptivediving   :       0.00       0.00          0          0          0
  alns             :       0.00       0.00          0          0          0
  bound            :       0.00       0.00          0          0          0
  clique           :       0.00       0.00          0          0          0
  coefdiving       :       0.00       0.00          0          0          0
  completesol      :       0.00       0.00          0          0          0
  conflictdiving   :       0.00       0.00          0          0          0
  crossover        :       0.00       0.00          0          0          0
  dins             :       0.00       0.00          0          0          0
  distributiondivin:       0.00       0.00          0          0          0
  dps              :       0.00       0.00          0          0          0
  dualval          :       0.00       0.00          0          0          0
  farkasdiving     :       0.00       0.00          0          0          0
  feaspump         :       0.00       0.00          0          0          0
  fixandinfer      :       0.00       0.00          0          0          0
  fracdiving       :       0.00       0.00          0          0          0
  gins             :       0.00       0.00          0          0          0
  guideddiving     :       0.00       0.00          0          0          0
  indicator        :       0.00       0.00          0          0          0
  indicatordiving  :       0.00       0.00          0          0          0
  intdiving        :       0.00       0.00          0          0          0
  intshifting      :       0.00       0.00          0          0          0
  linesearchdiving :       0.00       0.00          0          0          0
  localbranching   :       0.00       0.00          0          0          0
  locks            :       0.00       0.00          0          0          0
  lpface           :       0.00       0.00          0          0          0
  mpec             :       0.00       0.00          0          0          0
  multistart       :       0.00       0.00          0          0          0
  mutation         :       0.00       0.00          0          0          0
  nlpdiving        :       0.00       0.00          0          0          0
  objpscostdiving  :       0.00       0.00          0          0          0
  octane           :       0.00       0.00          0          0          0
  ofins            :       0.00       0.00          0          0          0
  oneopt           :       0.00       0.00          0          0          0
  padm             :       0.00       0.00          0          0          0
  proximity        :       0.00       0.00          0          0          0
  pscostdiving     :       0.00       0.00          0          0          0
  randrounding     :       0.00       0.00          0          0          0
  rens             :       0.00       0.00          0          0          0
  reoptsols        :       0.00       0.00          0          0          0
  repair           :       0.00       0.00          0          0          0
  rins             :       0.00       0.00          0          0          0
  rootsoldiving    :       0.00       0.00          0          0          0
  rounding         :       0.00       0.00          0          0          0
  scheduler        :       0.00       0.00          0          0          0
  shiftandpropagate:       0.00       0.00          0          0          0
  shifting         :       0.00       0.00          0          0          0
  simplerounding   :       0.00       0.00          0          0          0
  subnlp           :       0.00       0.00          0          0          0
  trivial          :       0.00       0.00          0          0          0
  trivialnegation  :       0.00       0.00          0          0          0
  trustregion      :       0.00       0.00          0          0          0
  trysol           :       0.00       0.00          0          0          0
  twoopt           :       0.00       0.00          0          0          0
  undercover       :       0.00       0.00          0          0          0
  vbounds          :       0.00       0.00          0          0          0
  veclendiving     :       0.00       0.00          0          0          0
  zeroobj          :       0.00       0.00          0          0          0
  zirounding       :       0.00       0.00          0          0          0
  other solutions  :          -          -          -          1          -
LNS (Scheduler)    :      Calls  SetupTime  SolveTime SolveNodes       Sols       Best       Exp3    Exp3-IX  EpsGreedy        UCB TgtFixRate  Opt  Inf Node Stal  Sol  Usr Othr Actv
  rens             :          0       0.00       0.00          0          0          0    0.00000    0.12500   -1.00000    1.00000      0.900    0    0    0    0    0    0    0    1
  rins             :          0       0.00       0.00          0          0          0    0.00000    0.12500   -1.00000    1.00000      0.900    0    0    0    0    0    0    0    1
  mutation         :          0       0.00       0.00          0          0          0    0.00000    0.12500   -1.00000    1.00000      0.900    0    0    0    0    0    0    0    1
  localbranching   :          0       0.00       0.00          0          0          0    0.00000    0.12500   -1.00000    1.00000      0.900    0    0    0    0    0    0    0    1
  crossover        :          0       0.00       0.00          0          0          0    0.00000    0.12500   -1.00000    1.00000      0.900    0    0    0    0    0    0    0    1
  proximity        :          0       0.00       0.00          0          0          0    0.00000    0.12500   -1.00000    1.00000      0.900    0    0    0    0    0    0    0    1
  zeroobjective    :          0       0.00       0.00          0          0          0    0.00000    0.12500   -1.00000    1.00000      0.900    0    0    0    0    0    0    0    1
  dins             :          0       0.00       0.00          0          0          0    0.00000    0.12500   -1.00000    1.00000      0.900    0    0    0    0    0    0    0    1
  trustregion      :          0       0.00       0.00          0          0          0    0.00000    0.00000   -1.00000    1.00000      0.900    0    0    0    0    0    0    0    0
LP                 :       Time      Calls Iterations  Iter/call   Iter/sec  Time-0-It Calls-0-It    ItLimit
  primal LP        :       0.00          0          0       0.00          -       0.00          0
  dual LP          :       0.06         67       2468      36.84   43909.90       0.00          0
  lex dual LP      :       0.00          0          0       0.00          -
  barrier LP       :       0.00          0          0       0.00          -       0.00          0
  resolve instable :       0.00          0          0       0.00          -
  diving/probing LP:       0.01          4        134      33.50   11189.98
  strong branching :       0.39        366      20629      56.36   52687.23          -          -          5
    (at root node) :          -         35       2331      66.60          -
  conflict analysis:       0.00          0          0       0.00          -
B&B Tree           :
  number of runs   :          1
  nodes            :         37 (23 internal, 14 leaves)
  feasible leaves  :          0
  infeas. leaves   :          0
  objective leaves :         13
  nodes (total)    :         37 (23 internal, 14 leaves)
  nodes left       :         11
  max depth        :          8
  max depth (total):          8
  backtracks       :          4 (10.8%)
  early backtracks :          0 (0.0%)
  nodes exc. ref.  :          0 (0.0%)
  delayed cutoffs  :          0
  repropagations   :          0 (0 domain reductions, 0 cutoffs)
  avg switch length:       2.05
  switching time   :       0.00
Root Node          :
  First LP value   : +9.81864285714286e+02
  First LP Iters   :        341 (64049.59 Iter/sec)
  First LP Time    :       0.01
  Final Dual Bound : +9.84543798203909e+02
  Final Root Iters :        341
  Root LP Estimate : +9.99414087948348e+02
Solution           :
  Solutions found  :          1 (1 improvements)
  First Solution   : +1.07756000000000e+03   (in run 0, after 0 nodes, 0.00 seconds, depth -1, found by <initial>)
  Gap First Sol.   :   infinite
  Gap Last Sol.    :   infinite
  Primal Bound     : +1.07756000000000e+03   (in run 0, after 0 nodes, 0.00 seconds, depth -1, found by <initial>)
  Dual Bound       : +9.91597131730443e+02
  Gap              :       8.67 %
Integrals          :      Total       Avg%
  primal-dual      :  270788.89       8.41
  primal-ref       :          -          - (not evaluated)
  dual-ref         :          -          - (not evaluated)
