SCIP version 9.2.2 [precision: 8 byte] [memory: block] [mode: optimized] [LP solver: CPLEX 12.10.0.0] [GitHash: 416226a4f8]
Copyright (c) 2002-2025 Zuse Institute Berlin (ZIB)

reading parameter file </scratch/htc/yzhou/exp_scipmip/settings/sandbox_gendj.set>

read problem </scratch/htc/yzhou/exp_scipmip/instances/additional/timtab1CUTS.mps>
============

original problem has 397 variables (77 bin, 94 int, 0 impl, 226 cont) and 371 constraints
    371 constraints of type <linear>
Reading Time: 0.09

read solution </scratch/htc/yzhou/solutions/timtab1CUTS.sol>
============

primal solution from solution file </scratch/htc/yzhou/solutions/timtab1CUTS.sol> was accepted as candidate, will be checked when solving starts
original problem has 397 variables (77 bin, 94 int, 0 impl, 226 cont) and 371 constraints
    371 constraints of type <linear>
Reading Time: 0.11
solve problem
=============
LP Solver <CPLEX 12.10.0.0>: fastmip setting not available -- SCIP parameter has no effect
LP Solver <CPLEX 12.10.0.0>: clock type cannot be set
LP Solver <CPLEX 12.10.0.0>: row representation of the basis not available -- SCIP parameter lp/rowrepswitch has no effect
LP Solver <CPLEX 12.10.0.0>: solution polishing not available -- SCIP parameter lp/solutionpolishing has no effect
LP Solver <CPLEX 12.10.0.0>: refactorization interval not available -- SCIP parameter lp/refactorinterval has no effect
1/1 feasible solution given by solution candidate storage, new primal bound 7.647720e+05

transformed problem has 397 variables (77 bin, 94 int, 0 impl, 226 cont) and 371 constraints
    371 constraints of type <linear>

original problem has 1742 active (1.18272%) nonzeros and 1742 (1.18272%) check nonzeros

presolving:
(round 1, fast)       21 del vars, 3 del conss, 0 add conss, 20 chg bounds, 0 chg sides, 0 chg coeffs, 0 upgd conss, 6 impls, 4 clqs
(round 2, fast)       22 del vars, 3 del conss, 0 add conss, 26 chg bounds, 3 chg sides, 3 chg coeffs, 0 upgd conss, 6 impls, 5 clqs
(round 3, fast)       23 del vars, 3 del conss, 0 add conss, 26 chg bounds, 3 chg sides, 3 chg coeffs, 0 upgd conss, 6 impls, 5 clqs
(round 4, exhaustive) 23 del vars, 13 del conss, 0 add conss, 26 chg bounds, 4 chg sides, 3 chg coeffs, 0 upgd conss, 6 impls, 5 clqs
(round 5, exhaustive) 23 del vars, 13 del conss, 0 add conss, 26 chg bounds, 4 chg sides, 3 chg coeffs, 12 upgd conss, 6 impls, 5 clqs
   (0.0s) probing cycle finished: starting next cycle
(round 6, exhaustive) 36 del vars, 13 del conss, 0 add conss, 28 chg bounds, 4 chg sides, 3 chg coeffs, 12 upgd conss, 887 impls, 22 clqs
(round 7, fast)       36 del vars, 16 del conss, 0 add conss, 28 chg bounds, 4 chg sides, 3 chg coeffs, 12 upgd conss, 887 impls, 22 clqs
   (0.0s) probing cycle finished: starting next cycle
   (0.0s) symmetry computation started: requiring (bin +, int +, cont +), (fixed: bin -, int -, cont -)
   (0.0s) symmetry computation finished: 1 generators found (max: 1500, log10 of symmetry group size: 0.0) (symcode time: 0.00)
dynamic symmetry handling statistics:
   orbitopal reduction:       no components
   orbital reduction:         no components
   lexicographic reduction:   no permutations
handled 1 out of 1 symmetry components
(round 8, exhaustive) 36 del vars, 16 del conss, 1 add conss, 28 chg bounds, 4 chg sides, 3 chg coeffs, 12 upgd conss, 891 impls, 22 clqs
clique table cleanup detected 0 bound changes

presolved problem has 1655 active (1.28068%) nonzeros and 1655 (1.28068%) check nonzeros

presolving (9 rounds: 9 fast, 5 medium, 5 exhaustive):
 36 deleted vars, 16 deleted constraints, 1 added constraints, 28 tightened bounds, 0 added holes, 4 changed sides, 3 changed coefficients
 891 implications, 22 cliques
presolved problem has 363 variables (53 bin, 92 int, 0 impl, 218 cont) and 356 constraints
      5 constraints of type <varbound>
      2 constraints of type <setppc>
    347 constraints of type <linear>
      2 constraints of type <logicor>
Presolving Time: 0.03
transformed 1/1 original solutions to the transformed problem space

 time | node  | left  |LP iter|LP it/n|mem/heur|mdpt |vars |cons |rows |cuts |sepa|confs|strbr|  dualbound   | primalbound  |  gap   | compl. 
  0.0s|     1 |     0 |   198 |     - |  6857k |   0 | 363 | 356 | 356 |   0 |  0 |   0 |   0 | 6.135901e+05 | 7.647720e+05 |  24.64%| unknown
_____________________________________
Now starting branching with general disjunction
Current branching Node number: 1
LP objective value: 613363
Node lower bound: 618780
Node upper bound: 764772
gap to the primal bound: 0.235482
Preck submodel is infeasible, continue branching
Time limit exceeded (1897.9s), stopping submodel solve loop
General disjunction: No feasible solution found, use SCIP default branching rule
 1898s|     1 |     2 |   198 |     - |  6997k |   0 | 363 | 356 | 356 |   0 |  1 |   0 | 101 | 6.190070e+05 | 7.647720e+05 |  23.55%| unknown
_____________________________________
Now starting branching with general disjunction
Current branching Node number: 3
LP objective value: 617046
Node lower bound: 620903
Node upper bound: 764772
gap to the primal bound: 0.235482
Preck submodel is infeasible, continue branching
Time limit exceeded (1961.73s), stopping submodel solve loop
General disjunction: No feasible solution found, use SCIP default branching rule
_____________________________________
Now starting branching with general disjunction
Current branching Node number: 5
LP objective value: 620903
Node lower bound: 624655
Node upper bound: 764772
gap to the primal bound: 0.235482
Preck submodel is infeasible, continue branching
Time limit exceeded (1000.04s), stopping submodel solve loop
General disjunction: No feasible solution found, use SCIP default branching rule
_____________________________________
Now starting branching with general disjunction
Current branching Node number: 7
LP objective value: 628405
Node lower bound: 632717
Node upper bound: 764772
gap to the primal bound: 0.235482
Preck submodel is infeasible, continue branching
Time limit exceeded (1000.04s), stopping submodel solve loop
General disjunction: No feasible solution found, use SCIP default branching rule
_____________________________________
Now starting branching with general disjunction
Current branching Node number: 7
LP objective value: 628714
Node lower bound: 632717
Node upper bound: 764772
gap to the primal bound: 0.235482
Preck submodel is infeasible, continue branching
Time limit exceeded (1000.04s), stopping submodel solve loop
General disjunction: No feasible solution found, use SCIP default branching rule
_____________________________________
Now starting branching with general disjunction
Current branching Node number: 9
LP objective value: 630470
Node lower bound: 634466
Node upper bound: 764772
gap to the primal bound: 0.235482
Preck submodel is infeasible, continue branching
Time limit exceeded (1000.04s), stopping submodel solve loop
General disjunction: No feasible solution found, use SCIP default branching rule
_____________________________________
Now starting branching with general disjunction
Current branching Node number: 11
LP objective value: 647370
Node lower bound: 652333
Node upper bound: 764772
gap to the primal bound: 0.235482
Preck submodel is infeasible, continue branching
Time limit exceeded (1000.04s), stopping submodel solve loop
General disjunction: No feasible solution found, use SCIP default branching rule
_____________________________________
Now starting branching with general disjunction
Current branching Node number: 13
LP objective value: 652333
Node lower bound: 653825
Node upper bound: 764772
gap to the primal bound: 0.235482
Preck submodel is infeasible, continue branching
Time limit exceeded (1000.05s), stopping submodel solve loop
General disjunction: No feasible solution found, use SCIP default branching rule
_____________________________________
Now starting branching with general disjunction
Current branching Node number: 14
LP objective value: 689751
Node lower bound: 699100
Node upper bound: 764772
gap to the primal bound: 0.235482
Preck submodel is infeasible, continue branching
Time limit exceeded (1000.05s), stopping submodel solve loop
General disjunction: No feasible solution found, use SCIP default branching rule
_____________________________________
Now starting branching with general disjunction
Current branching Node number: 17
LP objective value: 698670
Node lower bound: 707584
Node upper bound: 764772
gap to the primal bound: 0.235482
Preck submodel is infeasible, continue branching
Time limit exceeded (1000.05s), stopping submodel solve loop
General disjunction: No feasible solution found, use SCIP default branching rule
_____________________________________
Now starting branching with general disjunction
Current branching Node number: 17
LP objective value: 698689
Node lower bound: 707584
Node upper bound: 764772
gap to the primal bound: 0.235482
Preck submodel is infeasible, continue branching
Time limit exceeded (1000.05s), stopping submodel solve loop
General disjunction: No feasible solution found, use SCIP default branching rule
_____________________________________
Now starting branching with general disjunction
Current branching Node number: 19
LP objective value: 707606
Node lower bound: 711241
Node upper bound: 764772
gap to the primal bound: 0.235482
Preck submodel is infeasible, continue branching
Time limit exceeded (1000.05s), stopping submodel solve loop
General disjunction: No feasible solution found, use SCIP default branching rule
_____________________________________
Now starting branching with general disjunction
Current branching Node number: 20
LP objective value: 711241
Node lower bound: 714122
Node upper bound: 764772
gap to the primal bound: 0.235482
Preck submodel is infeasible, continue branching
Time limit exceeded (1000.05s), stopping submodel solve loop
General disjunction: No feasible solution found, use SCIP default branching rule
_____________________________________
Now starting branching with general disjunction
Current branching Node number: 23
Relpscost reduced domain, skip general disjunction branching
_____________________________________
Now starting branching with general disjunction
Current branching Node number: 23
Relpscost reduced domain, skip general disjunction branching
_____________________________________
Now starting branching with general disjunction
Current branching Node number: 23
Relpscost reduced domain, skip general disjunction branching
_____________________________________
Now starting branching with general disjunction
Current branching Node number: 23
Relpscost reduced domain, skip general disjunction branching
_____________________________________
Now starting branching with general disjunction
Current branching Node number: 23
LP objective value: 737983
Node lower bound: 741177
Node upper bound: 764772
gap to the primal bound: 0.235482
Preck submodel is infeasible, continue branching
Time limit exceeded (1000.05s), stopping submodel solve loop
General disjunction: No feasible solution found, use SCIP default branching rule
_____________________________________
Now starting branching with general disjunction
Current branching Node number: 24
LP objective value: 739501
Node lower bound: 743414
Node upper bound: 764772
gap to the primal bound: 0.235482
Preck submodel is infeasible, continue branching
Time limit exceeded (1000.05s), stopping submodel solve loop
General disjunction: No feasible solution found, use SCIP default branching rule
_____________________________________
Now starting branching with general disjunction
Current branching Node number: 24
LP objective value: 739571
Node lower bound: 743414
Node upper bound: 764772
gap to the primal bound: 0.235482
Preck submodel is infeasible, continue branching
Time limit exceeded (1000.05s), stopping submodel solve loop
General disjunction: No feasible solution found, use SCIP default branching rule
_____________________________________
Now starting branching with general disjunction
Current branching Node number: 27
LP objective value: 748461
Node lower bound: 748464
Node upper bound: 764772
gap to the primal bound: 0.235482
Preck submodel is infeasible, continue branching
Time limit exceeded (1000.05s), stopping submodel solve loop
General disjunction: No feasible solution found, use SCIP default branching rule
_____________________________________
Now starting branching with general disjunction
Current branching Node number: 2
LP objective value: 627325
Node lower bound: 628650
Node upper bound: 764772
gap to the primal bound: 0.231258
Preck submodel is infeasible, continue branching
Time limit exceeded (1910.64s), stopping submodel solve loop
General disjunction: No feasible solution found, use SCIP default branching rule
_____________________________________
Now starting branching with general disjunction
Current branching Node number: 31
LP objective value: 631082
Node lower bound: 635250
Node upper bound: 764772
gap to the primal bound: 0.231258
Preck submodel is infeasible, continue branching
Time limit exceeded (1962.39s), stopping submodel solve loop
General disjunction: No feasible solution found, use SCIP default branching rule
_____________________________________
Now starting branching with general disjunction
Current branching Node number: 33
LP objective value: 648879
Node lower bound: 653284
Node upper bound: 764772
gap to the primal bound: 0.231258
Preck submodel is infeasible, continue branching
Time limit exceeded (1000.04s), stopping submodel solve loop
General disjunction: No feasible solution found, use SCIP default branching rule
_____________________________________
Now starting branching with general disjunction
Current branching Node number: 35
Relpscost reduced domain, skip general disjunction branching
_____________________________________
Now starting branching with general disjunction
Current branching Node number: 35
LP objective value: 652980
Node lower bound: 657349
Node upper bound: 764772
gap to the primal bound: 0.231258
Preck submodel is infeasible, continue branching
Time limit exceeded (1000.04s), stopping submodel solve loop
General disjunction: No feasible solution found, use SCIP default branching rule
_____________________________________
Now starting branching with general disjunction
Current branching Node number: 37
Relpscost reduced domain, skip general disjunction branching
_____________________________________
Now starting branching with general disjunction
Current branching Node number: 37
Relpscost reduced domain, skip general disjunction branching
_____________________________________
Now starting branching with general disjunction
Current branching Node number: 37
LP objective value: 675096
Node lower bound: 675096
Node upper bound: 764772
gap to the primal bound: 0.231258
Preck submodel is infeasible, continue branching
Time limit exceeded (1000.04s), stopping submodel solve loop
General disjunction: No feasible solution found, use SCIP default branching rule
_____________________________________
Now starting branching with general disjunction
Current branching Node number: 39
Relpscost reduced domain, skip general disjunction branching
_____________________________________
Now starting branching with general disjunction
Current branching Node number: 39
LP objective value: 689271
Node lower bound: 691875
Node upper bound: 764772
gap to the primal bound: 0.231258
Preck submodel is infeasible, continue branching
Time limit exceeded (1000.04s), stopping submodel solve loop
General disjunction: No feasible solution found, use SCIP default branching rule
_____________________________________
Now starting branching with general disjunction
Current branching Node number: 41
Relpscost reduced domain, skip general disjunction branching
_____________________________________
Now starting branching with general disjunction
Current branching Node number: 41
LP objective value: 724908
Node lower bound: 724908
Node upper bound: 764772
gap to the primal bound: 0.231258
Preck submodel is infeasible, continue branching
Time limit exceeded (1000.04s), stopping submodel solve loop
General disjunction: No feasible solution found, use SCIP default branching rule
_____________________________________
Now starting branching with general disjunction
Current branching Node number: 43
LP objective value: 737590
Node lower bound: 741213
Node upper bound: 764772
gap to the primal bound: 0.231258
Preck submodel is infeasible, continue branching
Time limit exceeded (1000.04s), stopping submodel solve loop
General disjunction: No feasible solution found, use SCIP default branching rule
_____________________________________
Now starting branching with general disjunction
Current branching Node number: 44
Relpscost reduced domain, skip general disjunction branching
_____________________________________
Now starting branching with general disjunction
Current branching Node number: 44
Relpscost reduced domain, skip general disjunction branching
_____________________________________
Now starting branching with general disjunction
Current branching Node number: 45
LP objective value: 741213
Node lower bound: 741213
Node upper bound: 764772
gap to the primal bound: 0.231258
Preck submodel is infeasible, continue branching
Time limit exceeded (1000.04s), stopping submodel solve loop
General disjunction: No feasible solution found, use SCIP default branching rule
_____________________________________
Now starting branching with general disjunction
Current branching Node number: 46
LP objective value: 743136
Node lower bound: 748896
Node upper bound: 764772
gap to the primal bound: 0.231258
Preck submodel is infeasible, continue branching
Time limit exceeded (1000.05s), stopping submodel solve loop
General disjunction: No feasible solution found, use SCIP default branching rule
_____________________________________
Now starting branching with general disjunction
Current branching Node number: 49
Relpscost reduced domain, skip general disjunction branching
_____________________________________
Now starting branching with general disjunction
Current branching Node number: 48
LP objective value: 750602
Node lower bound: 758707
Node upper bound: 764772
gap to the primal bound: 0.231258
Preck submodel is infeasible, continue branching
Time limit exceeded (1000.06s), stopping submodel solve loop
General disjunction: No feasible solution found, use SCIP default branching rule
_____________________________________
Now starting branching with general disjunction
Current branching Node number: 48
Relpscost reduced domain, skip general disjunction branching
_____________________________________
Now starting branching with general disjunction
Current branching Node number: 48
LP objective value: 750604
Node lower bound: 758707
Node upper bound: 764772
gap to the primal bound: 0.231258
Preck submodel is infeasible, continue branching
Time limit exceeded (1000.05s), stopping submodel solve loop
General disjunction: No feasible solution found, use SCIP default branching rule
_____________________________________
Now starting branching with general disjunction
Current branching Node number: 50
Relpscost reduced domain, skip general disjunction branching
_____________________________________
Now starting branching with general disjunction
Current branching Node number: 6
LP objective value: 624655
Node lower bound: 629039
Node upper bound: 764772
gap to the primal bound: 0.231258
Preck submodel is infeasible, continue branching
Time limit exceeded (1000.05s), stopping submodel solve loop
General disjunction: No feasible solution found, use SCIP default branching rule
_____________________________________
Now starting branching with general disjunction
Current branching Node number: 53
LP objective value: 625598
Node lower bound: 630212
Node upper bound: 764772
gap to the primal bound: 0.231258
Preck submodel is infeasible, continue branching
Time limit exceeded (1000.06s), stopping submodel solve loop
General disjunction: No feasible solution found, use SCIP default branching rule
_____________________________________
Now starting branching with general disjunction
Current branching Node number: 55
LP objective value: 630212
Node lower bound: 633342
Node upper bound: 764772
gap to the primal bound: 0.231258
Preck submodel is infeasible, continue branching
Time limit exceeded (1000.05s), stopping submodel solve loop
General disjunction: No feasible solution found, use SCIP default branching rule
_____________________________________
Now starting branching with general disjunction
Current branching Node number: 57
LP objective value: 633342
Node lower bound: 635339
Node upper bound: 764772
gap to the primal bound: 0.231258
Preck submodel is infeasible, continue branching
Time limit exceeded (1000.04s), stopping submodel solve loop
General disjunction: No feasible solution found, use SCIP default branching rule
_____________________________________
Now starting branching with general disjunction
Current branching Node number: 59
LP objective value: 647691
Node lower bound: 652455
Node upper bound: 764772
gap to the primal bound: 0.231258
Preck submodel is infeasible, continue branching
Time limit exceeded (1000.06s), stopping submodel solve loop
General disjunction: No feasible solution found, use SCIP default branching rule
_____________________________________
Now starting branching with general disjunction
Current branching Node number: 61
LP objective value: 664018
Node lower bound: 672429
Node upper bound: 764772
gap to the primal bound: 0.231258
Preck submodel is infeasible, continue branching
Time limit exceeded (1000.05s), stopping submodel solve loop
General disjunction: No feasible solution found, use SCIP default branching rule
_____________________________________
Now starting branching with general disjunction
Current branching Node number: 61
Relpscost reduced domain, skip general disjunction branching
_____________________________________
Now starting branching with general disjunction
Current branching Node number: 61
LP objective value: 672398
Node lower bound: 674924
Node upper bound: 764772
gap to the primal bound: 0.231258
Preck submodel is infeasible, continue branching
Time limit exceeded (1000.04s), stopping submodel solve loop
General disjunction: No feasible solution found, use SCIP default branching rule
_____________________________________
Now starting branching with general disjunction
Current branching Node number: 63
LP objective value: 676455
Node lower bound: 676455
Node upper bound: 764772
gap to the primal bound: 0.231258
Preck submodel is infeasible, continue branching
Time limit exceeded (1000.04s), stopping submodel solve loop
General disjunction: No feasible solution found, use SCIP default branching rule
_____________________________________
Now starting branching with general disjunction
Current branching Node number: 65
Relpscost reduced domain, skip general disjunction branching
_____________________________________
Now starting branching with general disjunction
Current branching Node number: 65
LP objective value: 690562
Node lower bound: 690562
Node upper bound: 764772
gap to the primal bound: 0.231258
Preck submodel is infeasible, continue branching
Time limit exceeded (1000.04s), stopping submodel solve loop
General disjunction: No feasible solution found, use SCIP default branching rule
_____________________________________
Now starting branching with general disjunction
Current branching Node number: 67
LP objective value: 690979
Node lower bound: 695612
Node upper bound: 764772
gap to the primal bound: 0.231258
Preck submodel is infeasible, continue branching
Time limit exceeded (1000.05s), stopping submodel solve loop
General disjunction: No feasible solution found, use SCIP default branching rule
_____________________________________
Now starting branching with general disjunction
Current branching Node number: 68
LP objective value: 693258
Node lower bound: 696159
Node upper bound: 764772
gap to the primal bound: 0.231258
Preck submodel is infeasible, continue branching
Time limit exceeded (1000.04s), stopping submodel solve loop
General disjunction: No feasible solution found, use SCIP default branching rule
_____________________________________
Now starting branching with general disjunction
Current branching Node number: 71
LP objective value: 704465
Node lower bound: 705757
Node upper bound: 764772
gap to the primal bound: 0.231258
Preck submodel is infeasible, continue branching
Time limit exceeded (1000.04s), stopping submodel solve loop
General disjunction: No feasible solution found, use SCIP default branching rule
_____________________________________
Now starting branching with general disjunction
Current branching Node number: 73
Relpscost reduced domain, skip general disjunction branching
_____________________________________
Now starting branching with general disjunction
Current branching Node number: 73
LP objective value: 709946
Node lower bound: 715946
Node upper bound: 764772
gap to the primal bound: 0.231258
Preck submodel is infeasible, continue branching
Time limit exceeded (1000.04s), stopping submodel solve loop
General disjunction: No feasible solution found, use SCIP default branching rule
_____________________________________
Now starting branching with general disjunction
Current branching Node number: 4
LP objective value: 624141
Node lower bound: 624141
Node upper bound: 764772
gap to the primal bound: 0.224874
Preck submodel is infeasible, continue branching
Time limit exceeded (1777.02s), stopping submodel solve loop
General disjunction: No feasible solution found, use SCIP default branching rule
_____________________________________
Now starting branching with general disjunction
Current branching Node number: 77
LP objective value: 625694
Node lower bound: 625694
Node upper bound: 764772
gap to the primal bound: 0.224874
Preck submodel is infeasible, continue branching
Time limit exceeded (1794.27s), stopping submodel solve loop
General disjunction: No feasible solution found, use SCIP default branching rule
_____________________________________
Now starting branching with general disjunction
Current branching Node number: 79
LP objective value: 628398
Node lower bound: 629097
Node upper bound: 764772
gap to the primal bound: 0.224874
Preck submodel is infeasible, continue branching
Time limit exceeded (1846.28s), stopping submodel solve loop
General disjunction: No feasible solution found, use SCIP default branching rule
_____________________________________
Now starting branching with general disjunction
Current branching Node number: 81
LP objective value: 629417
Node lower bound: 630033
Node upper bound: 764772
gap to the primal bound: 0.224874
Preck submodel is infeasible, continue branching
Time limit exceeded (1000.03s), stopping submodel solve loop
General disjunction: No feasible solution found, use SCIP default branching rule
_____________________________________
Now starting branching with general disjunction
Current branching Node number: 82
LP objective value: 632703
Node lower bound: 632703
Node upper bound: 764772
gap to the primal bound: 0.224874
Preck submodel is infeasible, continue branching
Time limit exceeded (1784.2s), stopping submodel solve loop
General disjunction: No feasible solution found, use SCIP default branching rule
_____________________________________
Now starting branching with general disjunction
Current branching Node number: 85
LP objective value: 649704
Node lower bound: 655489
Node upper bound: 764772
gap to the primal bound: 0.224874
Preck submodel is infeasible, continue branching
Time limit exceeded (1000.04s), stopping submodel solve loop
General disjunction: No feasible solution found, use SCIP default branching rule
_____________________________________
Now starting branching with general disjunction
Current branching Node number: 87
LP objective value: 667066
Node lower bound: 674495
Node upper bound: 764772
gap to the primal bound: 0.224874
Preck submodel is infeasible, continue branching
Time limit exceeded (1000.04s), stopping submodel solve loop
General disjunction: No feasible solution found, use SCIP default branching rule
_____________________________________
Now starting branching with general disjunction
Current branching Node number: 87
Relpscost reduced domain, skip general disjunction branching
_____________________________________
Now starting branching with general disjunction
Current branching Node number: 87
LP objective value: 667066
Node lower bound: 674495
Node upper bound: 764772
gap to the primal bound: 0.224874
Preck submodel is infeasible, continue branching
Time limit exceeded (1000.04s), stopping submodel solve loop
General disjunction: No feasible solution found, use SCIP default branching rule
_____________________________________
Now starting branching with general disjunction
Current branching Node number: 89
LP objective value: 671962
Node lower bound: 679938
Node upper bound: 764772
gap to the primal bound: 0.224874
Preck submodel is infeasible, continue branching
Time limit exceeded (1000.04s), stopping submodel solve loop
General disjunction: No feasible solution found, use SCIP default branching rule
_____________________________________
Now starting branching with general disjunction
Current branching Node number: 90
LP objective value: 684201
Node lower bound: 684201
Node upper bound: 764772
gap to the primal bound: 0.224874
Preck submodel is infeasible, continue branching
Time limit exceeded (1000.04s), stopping submodel solve loop
General disjunction: No feasible solution found, use SCIP default branching rule
_____________________________________
Now starting branching with general disjunction
Current branching Node number: 92
LP objective value: 703437
Node lower bound: 706817
Node upper bound: 764772
gap to the primal bound: 0.224874
Preck submodel is infeasible, continue branching
Time limit exceeded (1000.04s), stopping submodel solve loop
General disjunction: No feasible solution found, use SCIP default branching rule
_____________________________________
Now starting branching with general disjunction
Current branching Node number: 95
Relpscost reduced domain, skip general disjunction branching
_____________________________________
Now starting branching with general disjunction
Current branching Node number: 95
LP objective value: 711793
Node lower bound: 712774
Node upper bound: 764772
gap to the primal bound: 0.224874
Preck submodel is infeasible, continue branching
Time limit exceeded (1000.04s), stopping submodel solve loop
General disjunction: No feasible solution found, use SCIP default branching rule
_____________________________________
Now starting branching with general disjunction
Current branching Node number: 97
LP objective value: 714593
Node lower bound: 714593
Node upper bound: 764772
gap to the primal bound: 0.224874
Preck submodel is infeasible, continue branching
Time limit exceeded (1000.04s), stopping submodel solve loop
General disjunction: No feasible solution found, use SCIP default branching rule
_____________________________________
Now starting branching with general disjunction
Current branching Node number: 10
LP objective value: 634466
Node lower bound: 637818
Node upper bound: 764772
gap to the primal bound: 0.224874
Preck submodel is infeasible, continue branching
Time limit exceeded (1000.04s), stopping submodel solve loop
General disjunction: No feasible solution found, use SCIP default branching rule
_____________________________________
Now starting branching with general disjunction
Current branching Node number: 101
LP objective value: 636620
Node lower bound: 639250
Node upper bound: 764772
gap to the primal bound: 0.224874
Preck submodel is infeasible, continue branching
Time limit exceeded (1000.04s), stopping submodel solve loop
General disjunction: No feasible solution found, use SCIP default branching rule
_____________________________________
Now starting branching with general disjunction
Current branching Node number: 103
LP objective value: 637151
Node lower bound: 639250
Node upper bound: 764772
gap to the primal bound: 0.224874
Preck submodel is infeasible, continue branching
Time limit exceeded (1000.04s), stopping submodel solve loop
General disjunction: No feasible solution found, use SCIP default branching rule
_____________________________________
Now starting branching with general disjunction
Current branching Node number: 105
LP objective value: 642851
Node lower bound: 642851
Node upper bound: 764772
gap to the primal bound: 0.224874
Preck submodel is infeasible, continue branching
Time limit exceeded (1000.04s), stopping submodel solve loop
General disjunction: No feasible solution found, use SCIP default branching rule
_____________________________________
Now starting branching with general disjunction
Current branching Node number: 107
LP objective value: 646136
Node lower bound: 646136
Node upper bound: 764772
gap to the primal bound: 0.224874
Preck submodel is infeasible, continue branching
Time limit exceeded (1000.06s), stopping submodel solve loop
General disjunction: No feasible solution found, use SCIP default branching rule
_____________________________________
Now starting branching with general disjunction
Current branching Node number: 109
LP objective value: 647621
Node lower bound: 647621
Node upper bound: 764772
gap to the primal bound: 0.224874
Preck submodel is infeasible, continue branching
Time limit exceeded (1000.04s), stopping submodel solve loop
General disjunction: No feasible solution found, use SCIP default branching rule
_____________________________________
Now starting branching with general disjunction
Current branching Node number: 111
Relpscost reduced domain, skip general disjunction branching
_____________________________________
Now starting branching with general disjunction
Current branching Node number: 111
LP objective value: 679644
Node lower bound: 679644
Node upper bound: 764772
gap to the primal bound: 0.224874
Preck submodel is infeasible, continue branching
Time limit exceeded (1000.04s), stopping submodel solve loop
General disjunction: No feasible solution found, use SCIP default branching rule
_____________________________________
Now starting branching with general disjunction
Current branching Node number: 113
LP objective value: 684572
Node lower bound: 685120
Node upper bound: 764772
gap to the primal bound: 0.224874
Preck submodel is infeasible, continue branching
Time limit exceeded (1000.04s), stopping submodel solve loop
General disjunction: No feasible solution found, use SCIP default branching rule
_____________________________________
Now starting branching with general disjunction
Current branching Node number: 115
Relpscost reduced domain, skip general disjunction branching
_____________________________________
Now starting branching with general disjunction
Current branching Node number: 115
Relpscost reduced domain, skip general disjunction branching
_____________________________________
Now starting branching with general disjunction
Current branching Node number: 115
Relpscost reduced domain, skip general disjunction branching
_____________________________________
Now starting branching with general disjunction
Current branching Node number: 115
LP objective value: 703274
Node lower bound: 705618
Node upper bound: 764772
gap to the primal bound: 0.224874
Preck submodel is infeasible, continue branching
Time limit exceeded (1000.04s), stopping submodel solve loop
General disjunction: No feasible solution found, use SCIP default branching rule
_____________________________________
Now starting branching with general disjunction
Current branching Node number: 115
LP objective value: 703274
Node lower bound: 705618
Node upper bound: 764772
gap to the primal bound: 0.224874
Preck submodel is infeasible, continue branching
Time limit exceeded (1000.04s), stopping submodel solve loop
General disjunction: No feasible solution found, use SCIP default branching rule
_____________________________________
Now starting branching with general disjunction
Current branching Node number: 116
LP objective value: 705618
Node lower bound: 705618
Node upper bound: 764772
gap to the primal bound: 0.224874
Preck submodel is infeasible, continue branching
Time limit exceeded (1000.04s), stopping submodel solve loop
General disjunction: No feasible solution found, use SCIP default branching rule
_____________________________________
Now starting branching with general disjunction
Current branching Node number: 119
LP objective value: 737620
Node lower bound: 737620
Node upper bound: 764772
gap to the primal bound: 0.224874
Preck submodel is infeasible, continue branching
Time limit exceeded (1000.04s), stopping submodel solve loop
General disjunction: No feasible solution found, use SCIP default branching rule
_____________________________________
Now starting branching with general disjunction
Current branching Node number: 121
Relpscost reduced domain, skip general disjunction branching
_____________________________________
Now starting branching with general disjunction
Current branching Node number: 121
Relpscost reduced domain, skip general disjunction branching
_____________________________________
Now starting branching with general disjunction
Current branching Node number: 121
Relpscost reduced domain, skip general disjunction branching
_____________________________________
Now starting branching with general disjunction
Current branching Node number: 121
LP objective value: 743301
Node lower bound: 745293
Node upper bound: 764772
gap to the primal bound: 0.224874
Preck submodel is infeasible, continue branching
Time limit exceeded (1000.04s), stopping submodel solve loop
General disjunction: No feasible solution found, use SCIP default branching rule
_____________________________________
Now starting branching with general disjunction
Current branching Node number: 15
LP objective value: 652544
Node lower bound: 653825
Node upper bound: 764772
gap to the primal bound: 0.224874
Preck submodel is infeasible, continue branching
Time limit exceeded (1000.04s), stopping submodel solve loop
General disjunction: No feasible solution found, use SCIP default branching rule
_____________________________________
Now starting branching with general disjunction
Current branching Node number: 125
LP objective value: 657835
Node lower bound: 658063
Node upper bound: 764772
gap to the primal bound: 0.224874
Preck submodel is infeasible, continue branching
Time limit exceeded (1000.04s), stopping submodel solve loop
General disjunction: No feasible solution found, use SCIP default branching rule
_____________________________________
Now starting branching with general disjunction
Current branching Node number: 125
LP objective value: 657835
Node lower bound: 658063
Node upper bound: 764772
gap to the primal bound: 0.224874
Preck submodel is infeasible, continue branching
Time limit exceeded (1000.04s), stopping submodel solve loop
General disjunction: No feasible solution found, use SCIP default branching rule
_____________________________________
Now starting branching with general disjunction
Current branching Node number: 127
LP objective value: 665732
Node lower bound: 665732
Node upper bound: 764772
gap to the primal bound: 0.224874
Preck submodel is infeasible, continue branching
Time limit exceeded (1000.04s), stopping submodel solve loop
General disjunction: No feasible solution found, use SCIP default branching rule
_____________________________________
Now starting branching with general disjunction
Current branching Node number: 129
Relpscost reduced domain, skip general disjunction branching
_____________________________________
Now starting branching with general disjunction
Current branching Node number: 129
LP objective value: 722520
Node lower bound: 722520
Node upper bound: 764772
gap to the primal bound: 0.224874
Preck submodel is infeasible, continue branching
Time limit exceeded (1000.04s), stopping submodel solve loop
General disjunction: No feasible solution found, use SCIP default branching rule
_____________________________________
Now starting branching with general disjunction
Current branching Node number: 131
Relpscost reduced domain, skip general disjunction branching
_____________________________________
Now starting branching with general disjunction
Current branching Node number: 131
LP objective value: 730855
Node lower bound: 730855
Node upper bound: 764772
gap to the primal bound: 0.224874
Preck submodel is infeasible, continue branching
Time limit exceeded (1000.04s), stopping submodel solve loop
General disjunction: No feasible solution found, use SCIP default branching rule
_____________________________________
Now starting branching with general disjunction
Current branching Node number: 133
LP objective value: 745458
Node lower bound: 745458
Node upper bound: 764772
gap to the primal bound: 0.224874
Preck submodel is infeasible, continue branching
Time limit exceeded (1000.04s), stopping submodel solve loop
General disjunction: No feasible solution found, use SCIP default branching rule
_____________________________________
Now starting branching with general disjunction
Current branching Node number: 135
LP objective value: 746015
Node lower bound: 746015
Node upper bound: 764772
gap to the primal bound: 0.224874
Preck submodel is infeasible, continue branching
Time limit exceeded (1000.04s), stopping submodel solve loop
General disjunction: No feasible solution found, use SCIP default branching rule
_____________________________________
Now starting branching with general disjunction
Current branching Node number: 137
LP objective value: 746778
Node lower bound: 746778
Node upper bound: 764772
gap to the primal bound: 0.224874
Preck submodel is infeasible, continue branching
Time limit exceeded (1000.04s), stopping submodel solve loop
General disjunction: No feasible solution found, use SCIP default branching rule
_____________________________________
Now starting branching with general disjunction
Current branching Node number: 139
Relpscost reduced domain, skip general disjunction branching
_____________________________________
Now starting branching with general disjunction
Current branching Node number: 139
LP objective value: 752454
Node lower bound: 752454
Node upper bound: 764772
gap to the primal bound: 0.224874
Preck submodel is infeasible, continue branching
Time limit exceeded (1000.04s), stopping submodel solve loop
General disjunction: No feasible solution found, use SCIP default branching rule
_____________________________________
Now starting branching with general disjunction
Current branching Node number: 141
Relpscost reduced domain, skip general disjunction branching
_____________________________________
Now starting branching with general disjunction
Current branching Node number: 141
LP objective value: 758802
Node lower bound: 758802
Node upper bound: 764772
gap to the primal bound: 0.224874
Preck submodel is infeasible, continue branching
Time limit exceeded (1000.04s), stopping submodel solve loop
General disjunction: No feasible solution found, use SCIP default branching rule
_____________________________________
Now starting branching with general disjunction
Current branching Node number: 56
LP objective value: 642733
Node lower bound: 642733
Node upper bound: 764772
gap to the primal bound: 0.224874
Preck submodel is infeasible, continue branching
Time limit exceeded (1911.44s), stopping submodel solve loop
General disjunction: No feasible solution found, use SCIP default branching rule

SCIP Status        : solving was interrupted [time limit reached]
Solving Time (sec) : 87868.77
Solving Nodes      : 78
Primal Bound       : +7.64771999999755e+05 (1 solutions)
Dual Bound         : +6.24367718942603e+05
Gap                : 22.49 %

primal solution:
================

objective value:                     764771.999999755
x304                                                1 	(obj:0)
x230                                                1 	(obj:0)
x231                                                1 	(obj:0)
x237                                                1 	(obj:0)
x244                                                1 	(obj:0)
x308                                                1 	(obj:0)
x385                                                1 	(obj:0)
x262                                                1 	(obj:0)
x263                                                1 	(obj:0)
x265                                                1 	(obj:0)
x266                                                1 	(obj:0)
x268                                                1 	(obj:0)
x269                                                1 	(obj:0)
x271                                                1 	(obj:0)
x272                                                1 	(obj:0)
x352                                                1 	(obj:0)
x374                                                1 	(obj:0)
x285                                                1 	(obj:0)
x343                                                1 	(obj:0)
x319                                                1 	(obj:0)
x320                                                1 	(obj:0)
x365                                                1 	(obj:0)
x361                                                1 	(obj:0)
x335                                                1 	(obj:0)
x359                                                1 	(obj:0)
x357                                                1 	(obj:0)
x396                                                2 	(obj:0)
x395                                                1 	(obj:0)
x393                                                1 	(obj:0)
x392                                                2 	(obj:0)
x390                                                1 	(obj:0)
x386                                                1 	(obj:0)
x383                                                1 	(obj:0)
x380                                                1 	(obj:0)
x377                                                1 	(obj:0)
x376                                                2 	(obj:0)
x375                                                1 	(obj:0)
x373                                                1 	(obj:0)
x372                                                1 	(obj:0)
x371                                                1 	(obj:0)
x369                                                1 	(obj:0)
x366                                                1 	(obj:0)
x364                                                1 	(obj:0)
x360                                                1 	(obj:0)
x358                                                1 	(obj:0)
x356                                                1 	(obj:0)
x355                                                1 	(obj:0)
x353                                                2 	(obj:0)
x351                                                3 	(obj:0)
x350                                                1 	(obj:0)
x349                                                1 	(obj:0)
x348                                                1 	(obj:0)
x347                                                1 	(obj:0)
x345                                                1 	(obj:0)
x344                                                1 	(obj:0)
x342                                                1 	(obj:0)
x341                                                1 	(obj:0)
x339                                                1 	(obj:0)
x338                                                1 	(obj:0)
x337                                                2 	(obj:0)
x336                                                1 	(obj:0)
x332                                                2 	(obj:0)
x330                                                1 	(obj:0)
x329                                                1 	(obj:0)
x328                                                1 	(obj:0)
x326                                                2 	(obj:0)
x325                                                2 	(obj:0)
x324                                                2 	(obj:0)
x323                                                1 	(obj:0)
x318                                                1 	(obj:0)
x317                                                1 	(obj:0)
x315                                                1 	(obj:0)
x313                                                1 	(obj:0)
x310                                                1 	(obj:0)
x309                                                2 	(obj:0)
x306                                                1 	(obj:0)
x305                                                2 	(obj:0)
x301                                                1 	(obj:0)
x300                                                1 	(obj:0)
x298                                                1 	(obj:0)
x297                                                2 	(obj:0)
x296                                                1 	(obj:0)
x295                                                2 	(obj:0)
x294                                                2 	(obj:0)
x293                                                2 	(obj:0)
x292                                                2 	(obj:0)
x291                                0.999999999999999 	(obj:0)
x290                                                1 	(obj:0)
x289                                                3 	(obj:0)
x288                                                3 	(obj:0)
x287                                                2 	(obj:0)
x284                                                1 	(obj:0)
x283                                                1 	(obj:0)
x282                                                1 	(obj:0)
x281                                                1 	(obj:0)
x280                                                1 	(obj:0)
x279                                                1 	(obj:0)
x276                                                2 	(obj:0)
x275                                                1 	(obj:0)
x273                                                2 	(obj:0)
x259                                                1 	(obj:0)
x257                                                1 	(obj:0)
x256                                                1 	(obj:0)
x252                                                2 	(obj:0)
x251                                                2 	(obj:0)
x235                                                1 	(obj:0)
x233                                                1 	(obj:0)
x232                                                1 	(obj:0)
x227                                                2 	(obj:0)
x173                                               35 	(obj:476)
x174                                               14 	(obj:1000)
x175                                               25 	(obj:0)
x176                                               29 	(obj:500)
x177                                               26 	(obj:500)
x178                                               55 	(obj:0)
x180                                               24 	(obj:261)
x181                                               35 	(obj:0)
x182                                                2 	(obj:0)
x183                                               32 	(obj:0)
x185                                               32 	(obj:0)
x186                                                2 	(obj:0)
x189                                               29 	(obj:0)
x190                                                3 	(obj:500)
x193                                                2 	(obj:540)
x195                                               23 	(obj:0)
x197                                               42 	(obj:328)
x198                                                9 	(obj:520)
x199                                                9 	(obj:0)
x200                                               29 	(obj:0)
x201                                 31.9999999999973 	(obj:0)
x202                                               28 	(obj:0)
x203                                 9.00000000000007 	(obj:600)
x204                                 3.99999999999729 	(obj:0)
x206                                               12 	(obj:333.33333333)
x208                                               30 	(obj:0)
x210                                 23.9999999999973 	(obj:0)
x211                                               53 	(obj:0)
x214                                  1.9999999999973 	(obj:1001)
x215                                 27.9999999999973 	(obj:0)
x217                                 3.00000000000001 	(obj:500)
x218                                               10 	(obj:0)
x219                                               30 	(obj:0)
x222                                                8 	(obj:719)
x223                                                1 	(obj:0)
x224                                               46 	(obj:0)
x225                                               51 	(obj:0)
x2                                                 54 	(obj:0)
x3                                                 53 	(obj:0)
x4                                                 20 	(obj:1000)
x6                                                 50 	(obj:0)
x7                                                  9 	(obj:1000)
x9                                                 43 	(obj:0)
x10                                                 5 	(obj:0)
x11                                                14 	(obj:0)
x14                                                14 	(obj:245)
x15                                                30 	(obj:437)
x16                                                18 	(obj:500)
x17                                                21 	(obj:500)
x19                                                15 	(obj:0)
x20                                                45 	(obj:0)
x21                                                22 	(obj:0)
x22                                   1.9999999999973 	(obj:2002)
x23                                  30.9999999999973 	(obj:0)
x25                                  29.9999999999973 	(obj:291)
x26                                 0.999999999997293 	(obj:0)
x28                                  30.9999999999973 	(obj:481)
x29                                   1.9999999999973 	(obj:341)
x30                                 0.999999999997293 	(obj:650)
x31                                  31.9999999999973 	(obj:520)
x32                                  39.0000000000027 	(obj:1000)
x33                                                51 	(obj:0)
x34                                  32.0000000000027 	(obj:0)
x35                                  29.0000000000027 	(obj:0)
x36                                   2.0000000000027 	(obj:0)
x37                                                24 	(obj:0)
x38                                                21 	(obj:0)
x39                                  19.9999999999051 	(obj:250)
x40                                   2.0000000000027 	(obj:1001)
x41                                  32.0000000000027 	(obj:227)
x42                                  31.0000000000027 	(obj:338)
x43                                   2.0000000000027 	(obj:0)
x44                                   1.0000000000027 	(obj:954)
x45                                                40 	(obj:0)
x46                                  9.99999999999999 	(obj:0)
x48                                                31 	(obj:0)
x49                                                 1 	(obj:0)
x50                                                30 	(obj:333.33333333)
x52                                                 3 	(obj:666.66666667)
x53                                                33 	(obj:666.66666667)
x54                                                45 	(obj:333.33333333)
x55                                                15 	(obj:333.33333333)
x56                                                26 	(obj:0)
x57                                  4.00000000000001 	(obj:1001)
x58                                                56 	(obj:0)
x59                                                 6 	(obj:1001)
x61                                                30 	(obj:0)
x62                                  4.00000000000001 	(obj:823)
x63                                                34 	(obj:440)
x64                                                18 	(obj:1000)
x65                                                48 	(obj:1000)
x66                                                31 	(obj:371)
x67                                  5.00000000000001 	(obj:1001)
x69                                                25 	(obj:0)
x70                                                53 	(obj:0)
x72                                                 9 	(obj:231)
x73                                  35.9999999999973 	(obj:0)
x74                                                32 	(obj:0)
x75                                                13 	(obj:470)
x76                                                10 	(obj:520)
x77                                                37 	(obj:235)
x78                                                 5 	(obj:295)
x81                                   4.0000000000027 	(obj:500)
x82                                                22 	(obj:0)
x83                                                51 	(obj:0)
x84                                                35 	(obj:0)
x85                                                38 	(obj:474)
x86                                                 6 	(obj:909)
x87                                  29.0000000000027 	(obj:283)
x90                                                20 	(obj:0)
x91                                                 3 	(obj:1100)
x92                                                33 	(obj:490)
x93                                                36 	(obj:464)
x94                                  15.0000000000027 	(obj:1000)
x95                                                40 	(obj:0)
x96                                                44 	(obj:0)
x97                                                37 	(obj:0)
x98                                   3.9999999999973 	(obj:0)
x99                                                52 	(obj:0)
x100                                               22 	(obj:0)
x102                                               19 	(obj:0)
x103                                 22.9999999999973 	(obj:1000)
x104                                                7 	(obj:287)
x105                                 9.99999999999999 	(obj:0)
x106                                               41 	(obj:0)
x109                                 1.00000000000001 	(obj:0)
x111                                               31 	(obj:1100)
x112                                 6.00000000000002 	(obj:500)
x113                                 10.0000000000027 	(obj:500)
x114                                               23 	(obj:0)
x115                                 1.99999999999998 	(obj:1001)
x116                                 16.9999999999973 	(obj:0)
x117                                               26 	(obj:0)
x119                                                3 	(obj:312)
x120                                               53 	(obj:0)
x121                                               20 	(obj:0)
x122                                               55 	(obj:0)
x124                                               15 	(obj:500)
x125                                               22 	(obj:0)
x126                                               36 	(obj:500)
x127                                               17 	(obj:500)
x128                                               24 	(obj:0)
x131                                               50 	(obj:500)
x133                                  9.0000000000027 	(obj:0)
x135                                               30 	(obj:0)
x136                                               29 	(obj:366)
x138                                 9.99999999999999 	(obj:1000)
x139                                  6.0000000000027 	(obj:0)
x143                                               22 	(obj:0)
x147                                               49 	(obj:232)
x148                                               22 	(obj:0)
x149                                 52.9999999999973 	(obj:0)
x150                                 48.9999999999973 	(obj:0)
x151                                               41 	(obj:0)
x152                                                8 	(obj:293)
x153                                               11 	(obj:703)
x154                                0.999999999999996 	(obj:1001)
x155                                               16 	(obj:499)
x156                                               50 	(obj:0)
x158                                               26 	(obj:580)
x159                                               33 	(obj:247)
x160                                               50 	(obj:0)
x161                                               58 	(obj:0)
x162                                                3 	(obj:600)
x164                                               36 	(obj:0)
x165                                                3 	(obj:1001)
x166                                               17 	(obj:0)
x167                                                2 	(obj:1001)
x168                                               49 	(obj:0)
x169                                               57 	(obj:0)
x170                                 1.99999999999996 	(obj:1001)
x171                                               27 	(obj:0)

Statistics
==========

SCIP Status        : solving was interrupted [time limit reached]
Total Time         :   87868.88
  solving          :   87868.77
  presolving       :       0.03 (included in solving)
  reading          :       0.11
  copying          :       0.00 (0 times copied the problem)
Original Problem   :
  Problem name     : timtab1CUTS
  Variables        : 397 (77 binary, 94 integer, 0 implicit integer, 226 continuous)
  Constraints      : 371 initial, 371 maximal
  Objective        : minimize, 128 non-zeros (abs.min = 227, abs.max = 2002)
Presolved Problem  :
  Problem name     : t_timtab1CUTS
  Variables        : 363 (53 binary, 92 integer, 0 implicit integer, 218 continuous)
  Constraints      : 356 initial, 356 maximal
  Objective        : minimize, 127 non-zeros (abs.min = 231, abs.max = 2002)
  Nonzeros         : 1655 constraint, 44 clique table
Presolvers         :   ExecTime  SetupTime  Calls  FixedVars   AggrVars   ChgTypes  ChgBounds   AddHoles    DelCons    AddCons   ChgSides   ChgCoefs
  boundshift       :       0.00       0.00      0          0          0          0          0          0          0          0          0          0
  convertinttobin  :       0.00       0.00      0          0          0          0          0          0          0          0          0          0
  domcol           :       0.00       0.00      3          0          0          0          0          0          0          0          0          0
  dualagg          :       0.00       0.00      0          0          0          0          0          0          0          0          0          0
  dualcomp         :       0.00       0.00      3          0          0          0          0          0          0          0          0          0
  dualinfer        :       0.00       0.00      0          0          0          0          0          0          0          0          0          0
  dualsparsify     :       0.00       0.00      1          0          0          0          0          0          0          0          0          0
  gateextraction   :       0.00       0.00      3          0          0          0          0          0          0          0          0          0
  implics          :       0.00       0.00      5          0          0          0          0          0          0          0          0          0
  inttobinary      :       0.00       0.00      9          0          2          2          0          0          0          0          0          0
  qpkktref         :       0.00       0.00      0          0          0          0          0          0          0          0          0          0
  redvub           :       0.00       0.00      0          0          0          0          0          0          0          0          0          0
  sparsify         :       0.00       0.00      1          0          0          0          0          0          0          0          0          0
  stuffing         :       0.00       0.00      0          0          0          0          0          0          0          0          0          0
  trivial          :       0.00       0.00      9         13          0          0          0          0          0          0          0          0
  tworowbnd        :       0.00       0.00      0          0          0          0          0          0          0          0          0          0
  dualfix          :       0.00       0.00      9          0          0          0          0          0          0          0          0          0
  genvbounds       :       0.00       0.00      0          0          0          0          0          0          0          0          0          0
  probing          :       0.01       0.00      2          0         13          0          2          0          0          0          0          0
  pseudoobj        :       0.00       0.00      2          0          0          0          0          0          0          0          0          0
  symmetry         :       0.00       0.00      1          0          0          0          0          0          0          1          0          0
  vbounds          :       0.00       0.00      2          0          0          0          0          0          0          0          0          0
  varbound         :       0.00       0.00      7          0          0          0          0          0          0          0          0          0
  setppc           :       0.00       0.00     10          0          0          0          0          0          3          0          0          0
  linear           :       0.01       0.00     14          0          8          0         26          0         13          0          4          3
  logicor          :       0.00       0.00     10          0          0          0          0          0          0          0          0          0
  benders          :       0.00       0.00      0          0          0          0          0          0          0          0          0          0
  components       :       0.00       0.00      1          0          0          0          0          0          0          0          0          0
  root node        :          -          -      -          0          -          -          0          -          -          -          -          -
Constraints        :     Number  MaxNumber  #Separate #Propagate    #EnfoLP    #EnfoRelax  #EnfoPS    #Check   #ResProp    Cutoffs    DomReds       Cuts    Applied      Conss   Children
  benderslp        :          0          0          0          0        110          0          0          3          0          0          0          0          0          0          0
  integral         :          0          0          0          0        110          0          0          3          0          0         67          0          0          0        144
  varbound         :          5          5          0        421          0          0          0          1          0          0          0          0          0          0          0
  setppc           :          2          2          0        421          0          0          0          1          0          0          0          0          0          0          0
  linear           :        347        347          0        421          0          0          0          1          0          0          0          0          0          0          0
  logicor          :          2          2          0         13          0          0          0          1          0          0          0          0          0          0          0
  benders          :          0          0          0          0          0          0          0          2          0          0          0          0          0          0          0
  fixedvar         :          0          0          0          0          0          0          0          2          0          0          0          0          0          0          0
  countsols        :          0          0          0          0          0          0          0          2          0          0          0          0          0          0          0
  components       :          0          0          0          0          0          0          0          0          0          0          0          0          0          0          0
Constraint Timings :  TotalTime  SetupTime   Separate  Propagate     EnfoLP     EnfoPS     EnfoRelax   Check    ResProp    SB-Prop
  benderslp        :       0.00       0.00       0.00       0.00       0.00       0.00       0.00       0.00       0.00       0.00
  integral         :   87868.60       0.00       0.00       0.00   87868.60       0.00       0.00       0.00       0.00       0.00
  varbound         :       0.00       0.00       0.00       0.00       0.00       0.00       0.00       0.00       0.00       0.00
  setppc           :       0.00       0.00       0.00       0.00       0.00       0.00       0.00       0.00       0.00       0.00
  linear           :       0.00       0.00       0.00       0.00       0.00       0.00       0.00       0.00       0.00       0.00
  logicor          :       0.00       0.00       0.00       0.00       0.00       0.00       0.00       0.00       0.00       0.00
  benders          :       0.00       0.00       0.00       0.00       0.00       0.00       0.00       0.00       0.00       0.00
  fixedvar         :       0.00       0.00       0.00       0.00       0.00       0.00       0.00       0.00       0.00       0.00
  countsols        :       0.00       0.00       0.00       0.00       0.00       0.00       0.00       0.00       0.00       0.00
  components       :       0.00       0.00       0.00       0.00       0.00       0.00       0.00       0.00       0.00       0.00
Propagators        : #Propagate   #ResProp    Cutoffs    DomReds
  dualfix          :          1          0          0          0
  genvbounds       :          0          0          0          0
  nlobbt           :          0          0          0          0
  obbt             :          0          0          0          0
  probing          :          0          0          0          0
  pseudoobj        :          3          0          0          0
  redcost          :          2          0          0          0
  rootredcost      :          0          0          0          0
  symmetry         :          0          0          0          0
  vbounds          :          0          0          0          0
Propagator Timings :  TotalTime  SetupTime   Presolve  Propagate    ResProp    SB-Prop
  dualfix          :       0.00       0.00       0.00       0.00       0.00       0.00
  genvbounds       :       0.00       0.00       0.00       0.00       0.00       0.00
  nlobbt           :       0.00       0.00       0.00       0.00       0.00       0.00
  obbt             :       0.00       0.00       0.00       0.00       0.00       0.00
  probing          :       0.01       0.00       0.01       0.00       0.00       0.00
  pseudoobj        :       0.00       0.00       0.00       0.00       0.00       0.00
  redcost          :       0.00       0.00       0.00       0.00       0.00       0.00
  rootredcost      :       0.00       0.00       0.00       0.00       0.00       0.00
  symmetry         :       0.00       0.00       0.00       0.00       0.00       0.00
  vbounds          :       0.00       0.00       0.00       0.00       0.00       0.00
Symmetry           :
  orbitopal red.   :          0 reductions applied,          0 cutoffs
  orbital reduction:          0 reductions applied,          0 cutoffs
  lexicographic red:          0 reductions applied,          0 cutoffs
  shadow tree time :       0.00 s
Conflict Analysis  :       Time      Calls    Success    DomReds  Conflicts   Literals    Reconvs ReconvLits   Dualrays   Nonzeros   LP Iters   (pool size: [--,--])
  propagation      :       0.00          0          0          -          0        0.0          0        0.0          -          -          -
  infeasible LP    :       0.00          0          0          -          0        0.0          0        0.0          0        0.0          0
  bound exceed. LP :       0.00          0          0          -          0        0.0          0        0.0          0        0.0          0
  strong branching :       0.00          0          0          -          0        0.0          0        0.0          -          -          0
  pseudo solution  :       0.00          0          0          -          0        0.0          0        0.0          -          -          -
  applied globally :       0.00          -          -          0          0        0.0          -          -          0          -          -
  applied locally  :          -          -          -          0          0        0.0          -          -          0          -          -
Separators         :   ExecTime  SetupTime      Calls  RootCalls    Cutoffs    DomReds  FoundCuts ViaPoolAdd  DirectAdd    Applied ViaPoolApp  DirectApp      Conss
  cut pool         :       0.00          -          0          0          -          -          0          0          -          -          -          -          -    (maximal pool size:          0)
  aggregation      :       0.00       0.00          0          0          0          0          0          0          0          0          0          0          0
  > cmir           :          -          -          -          -          -          -          -          0          0          0          0          0          -
  > flowcover      :          -          -          -          -          -          -          -          0          0          0          0          0          -
  > knapsackcover  :          -          -          -          -          -          -          -          0          0          0          0          0          -
  cgmip            :       0.00       0.00          0          0          0          0          0          0          0          0          0          0          0
  clique           :       0.00       0.00          0          0          0          0          0          0          0          0          0          0          0
  closecuts        :       0.00       0.00          0          0          0          0          0          0          0          0          0          0          0
  convexproj       :       0.00       0.00          0          0          0          0          0          0          0          0          0          0          0
  disjunctive      :       0.00       0.00          0          0          0          0          0          0          0          0          0          0          0
  eccuts           :       0.00       0.00          0          0          0          0          0          0          0          0          0          0          0
  gauge            :       0.00       0.00          0          0          0          0          0          0          0          0          0          0          0
  gomory           :       0.00       0.00          0          0          0          0          0          0          0          0          0          0          0
  > gomorymi       :          -          -          -          -          -          -          -          0          0          0          0          0          -
  > strongcg       :          -          -          -          -          -          -          -          0          0          0          0          0          -
  impliedbounds    :       0.00       0.00          0          0          0          0          0          0          0          0          0          0          0
  interminor       :       0.00       0.00          0          0          0          0          0          0          0          0          0          0          0
  intobj           :       0.00       0.00          0          0          0          0          0          0          0          0          0          0          0
  lagromory        :       0.00       0.00          0          0          0          0          0          0          0          0          0          0          0
  mcf              :       0.00       0.00          0          0          0          0          0          0          0          0          0          0          0
  minor            :       0.00       0.00          0          0          0          0          0          0          0          0          0          0          0
  mixing           :       0.00       0.00          0          0          0          0          0          0          0          0          0          0          0
  oddcycle         :       0.00       0.00          0          0          0          0          0          0          0          0          0          0          0
  rapidlearning    :       0.00       0.00          0          0          0          0          0          0          0          0          0          0          0
  rlt              :       0.00       0.00          0          0          0          0          0          0          0          0          0          0          0
  zerohalf         :       0.00       0.00          0          0          0          0          0          0          0          0          0          0          0
Cutselectors       :   ExecTime  SetupTime      Calls  RootCalls   Selected     Forced   Filtered  RootSelec   RootForc   RootFilt 
  hybrid           :       0.00       0.00          0          0          0          0          0          0          0          0
  ensemble         :       0.00       0.00          0          0          0          0          0          0          0          0
  dynamic          :       0.00       0.00          0          0          0          0          0          0          0          0
Pricers            :   ExecTime  SetupTime      Calls       Vars
  problem variables:       0.00          -          0          0
Branching Rules    :   ExecTime  SetupTime   BranchLP  BranchExt   BranchPS    Cutoffs    DomReds       Cuts      Conss   Children
  allfullstrong    :       0.00       0.00          0          0          0          0          0          0          0          0
  cloud            :       0.00       0.00          0          0          0          0          0          0          0          0
  distribution     :       0.00       0.00          0          0          0          0          0          0          0          0
  fullstrong       :       0.00       0.00          0          0          0          0          0          0          0          0
  general_disjuncti:   87868.40       0.00        110          0          0          0         56          0          0          0
  GeneralDisjunction(extra): subMILPs=169 fairNodes of all MILPs=9088129 probingLPs=0
  gomory           :       0.00       0.00          0          0          0          0          0          0          0          0
  inference        :       0.00       0.00          0          0          0          0          0          0          0          0
  leastinf         :       0.00       0.00          0          0          0          0          0          0          0          0
  lookahead        :       0.00       0.00          0          0          0          0          0          0          0          0
  mostinf          :       0.00       0.00          0          0          0          0          0          0          0          0
  multaggr         :       0.00       0.00          0          0          0          0          0          0          0          0
  nodereopt        :       0.00       0.00          0          0          0          0          0          0          0          0
  pscost           :       0.00       0.00          0          0          0          0          0          0          0          0
  random           :       0.00       0.00          0          0          0          0          0          0          0          0
  relpscost        :       0.20       0.00         80          0          0          0         11          0          0        144
  vanillafullstrong:       0.00       0.00          0          0          0          0          0          0          0          0
Primal Heuristics  :   ExecTime  SetupTime      Calls      Found       Best
  LP solutions     :       0.00          -          -          0          0
  relax solutions  :       0.00          -          -          0          0
  pseudo solutions :       0.00          -          -          0          0
  strong branching :       0.00          -          -          0          0
  actconsdiving    :       0.00       0.00          0          0          0
  adaptivediving   :       0.00       0.00          0          0          0
  alns             :       0.00       0.00          0          0          0
  bound            :       0.00       0.00          0          0          0
  clique           :       0.00       0.00          0          0          0
  coefdiving       :       0.00       0.00          0          0          0
  completesol      :       0.00       0.00          0          0          0
  conflictdiving   :       0.00       0.00          0          0          0
  crossover        :       0.00       0.00          0          0          0
  dins             :       0.00       0.00          0          0          0
  distributiondivin:       0.00       0.00          0          0          0
  dps              :       0.00       0.00          0          0          0
  dualval          :       0.00       0.00          0          0          0
  farkasdiving     :       0.00       0.00          0          0          0
  feaspump         :       0.00       0.00          0          0          0
  fixandinfer      :       0.00       0.00          0          0          0
  fracdiving       :       0.00       0.00          0          0          0
  gins             :       0.00       0.00          0          0          0
  guideddiving     :       0.00       0.00          0          0          0
  indicator        :       0.00       0.00          0          0          0
  indicatordiving  :       0.00       0.00          0          0          0
  intdiving        :       0.00       0.00          0          0          0
  intshifting      :       0.00       0.00          0          0          0
  linesearchdiving :       0.00       0.00          0          0          0
  localbranching   :       0.00       0.00          0          0          0
  locks            :       0.00       0.00          0          0          0
  lpface           :       0.00       0.00          0          0          0
  mpec             :       0.00       0.00          0          0          0
  multistart       :       0.00       0.00          0          0          0
  mutation         :       0.00       0.00          0          0          0
  nlpdiving        :       0.00       0.00          0          0          0
  objpscostdiving  :       0.00       0.00          0          0          0
  octane           :       0.00       0.00          0          0          0
  ofins            :       0.00       0.00          0          0          0
  oneopt           :       0.00       0.00          0          0          0
  padm             :       0.00       0.00          0          0          0
  proximity        :       0.00       0.00          0          0          0
  pscostdiving     :       0.00       0.00          0          0          0
  randrounding     :       0.00       0.00          0          0          0
  rens             :       0.00       0.00          0          0          0
  reoptsols        :       0.00       0.00          0          0          0
  repair           :       0.00       0.00          0          0          0
  rins             :       0.00       0.00          0          0          0
  rootsoldiving    :       0.00       0.00          0          0          0
  rounding         :       0.00       0.00          0          0          0
  scheduler        :       0.00       0.00          0          0          0
  shiftandpropagate:       0.00       0.00          0          0          0
  shifting         :       0.00       0.00          0          0          0
  simplerounding   :       0.00       0.00          0          0          0
  subnlp           :       0.00       0.00          0          0          0
  trivial          :       0.00       0.00          0          0          0
  trivialnegation  :       0.00       0.00          0          0          0
  trustregion      :       0.00       0.00          0          0          0
  trysol           :       0.00       0.00          0          0          0
  twoopt           :       0.00       0.00          0          0          0
  undercover       :       0.00       0.00          0          0          0
  vbounds          :       0.00       0.00          0          0          0
  veclendiving     :       0.00       0.00          0          0          0
  zeroobj          :       0.00       0.00          0          0          0
  zirounding       :       0.00       0.00          0          0          0
  other solutions  :          -          -          -          1          -
LNS (Scheduler)    :      Calls  SetupTime  SolveTime SolveNodes       Sols       Best       Exp3    Exp3-IX  EpsGreedy        UCB TgtFixRate  Opt  Inf Node Stal  Sol  Usr Othr Actv
  rens             :          0       0.00       0.00          0          0          0    0.00000    0.12500   -1.00000    1.00000      0.900    0    0    0    0    0    0    0    1
  rins             :          0       0.00       0.00          0          0          0    0.00000    0.12500   -1.00000    1.00000      0.900    0    0    0    0    0    0    0    1
  mutation         :          0       0.00       0.00          0          0          0    0.00000    0.12500   -1.00000    1.00000      0.900    0    0    0    0    0    0    0    1
  localbranching   :          0       0.00       0.00          0          0          0    0.00000    0.12500   -1.00000    1.00000      0.900    0    0    0    0    0    0    0    1
  crossover        :          0       0.00       0.00          0          0          0    0.00000    0.12500   -1.00000    1.00000      0.900    0    0    0    0    0    0    0    1
  proximity        :          0       0.00       0.00          0          0          0    0.00000    0.12500   -1.00000    1.00000      0.900    0    0    0    0    0    0    0    1
  zeroobjective    :          0       0.00       0.00          0          0          0    0.00000    0.12500   -1.00000    1.00000      0.900    0    0    0    0    0    0    0    1
  dins             :          0       0.00       0.00          0          0          0    0.00000    0.12500   -1.00000    1.00000      0.900    0    0    0    0    0    0    0    1
  trustregion      :          0       0.00       0.00          0          0          0    0.00000    0.00000   -1.00000    1.00000      0.900    0    0    0    0    0    0    0    0
LP                 :       Time      Calls Iterations  Iter/call   Iter/sec  Time-0-It Calls-0-It    ItLimit
  primal LP        :       0.00          0          0       0.00          -       0.00          0
  dual LP          :       0.07        116       1756      15.14   25265.82       0.00          0
  lex dual LP      :       0.00          0          0       0.00          -
  barrier LP       :       0.00          0          0       0.00          -       0.00          0
  resolve instable :       0.00          0          0       0.00          -
  diving/probing LP:       0.02          0          0       0.00       0.00
  strong branching :       0.53        669      15394      23.01   29200.87          -          -         16
    (at root node) :          -        101       2708      26.81          -
  conflict analysis:       0.00          0          0       0.00          -
B&B Tree           :
  number of runs   :          1
  nodes            :         78 (72 internal, 6 leaves)
  feasible leaves  :          0
  infeas. leaves   :          0
  objective leaves :          6
  nodes (total)    :         78 (72 internal, 6 leaves)
  nodes left       :         67
  max depth        :         17
  max depth (total):         17
  backtracks       :          6 (7.7%)
  early backtracks :          0 (0.0%)
  nodes exc. ref.  :          0 (0.0%)
  delayed cutoffs  :          0
  repropagations   :          0 (0 domain reductions, 0 cutoffs)
  avg switch length:       2.17
  switching time   :       0.00
Root Node          :
  First LP value   : +6.13590095426039e+05
  First LP Iters   :        198 (29543.42 Iter/sec)
  First LP Time    :       0.01
  Final Dual Bound : +6.19006997799639e+05
  Final Root Iters :        198
  Root LP Estimate : +7.33988941190876e+05
Solution           :
  Solutions found  :          1 (1 improvements)
  First Solution   : +7.64771999999755e+05   (in run 0, after 0 nodes, 0.00 seconds, depth -1, found by <initial>)
  Gap First Sol.   :   infinite
  Gap Last Sol.    :   infinite
  Primal Bound     : +7.64771999999755e+05   (in run 0, after 0 nodes, 0.00 seconds, depth -1, found by <initial>)
  Dual Bound       : +6.24367718942603e+05
  Gap              :      22.49 %
Integrals          :      Total       Avg%
  primal-dual      : 1637788.42      18.64
  primal-ref       :          -          - (not evaluated)
  dual-ref         :          -          - (not evaluated)
