SCIP version 9.2.2 [precision: 8 byte] [memory: block] [mode: optimized] [LP solver: CPLEX 12.10.0.0] [GitHash: 416226a4f8]
Copyright (c) 2002-2025 Zuse Institute Berlin (ZIB)

reading parameter file </scratch/htc/yzhou/exp_scipmip/settings/sandbox_gendj.set>

read problem </scratch/htc/yzhou/exp_scipmip/instances/additional/tr12-30.mps>
============

original problem has 1080 variables (360 bin, 0 int, 0 impl, 720 cont) and 750 constraints
    750 constraints of type <linear>
Reading Time: 0.07

read solution </scratch/htc/yzhou/solutions/tr12-30.sol>
============

primal solution from solution file </scratch/htc/yzhou/solutions/tr12-30.sol> was accepted as candidate, will be checked when solving starts
original problem has 1080 variables (360 bin, 0 int, 0 impl, 720 cont) and 750 constraints
    750 constraints of type <linear>
Reading Time: 0.13
solve problem
=============
LP Solver <CPLEX 12.10.0.0>: fastmip setting not available -- SCIP parameter has no effect
LP Solver <CPLEX 12.10.0.0>: clock type cannot be set
LP Solver <CPLEX 12.10.0.0>: row representation of the basis not available -- SCIP parameter lp/rowrepswitch has no effect
LP Solver <CPLEX 12.10.0.0>: solution polishing not available -- SCIP parameter lp/solutionpolishing has no effect
LP Solver <CPLEX 12.10.0.0>: refactorization interval not available -- SCIP parameter lp/refactorinterval has no effect
1/1 feasible solution given by solution candidate storage, new primal bound 1.305960e+05

transformed problem has 1080 variables (360 bin, 0 int, 0 impl, 720 cont) and 750 constraints
    750 constraints of type <linear>

original problem has 2508 active (0.30963%) nonzeros and 2508 (0.30963%) check nonzeros

presolving:
(round 1, fast)       32 del vars, 20 del conss, 0 add conss, 1108 chg bounds, 0 chg sides, 0 chg coeffs, 0 upgd conss, 0 impls, 0 clqs
(round 2, fast)       40 del vars, 28 del conss, 0 add conss, 1445 chg bounds, 12 chg sides, 4 chg coeffs, 0 upgd conss, 0 impls, 0 clqs
(round 3, fast)       40 del vars, 28 del conss, 0 add conss, 1454 chg bounds, 12 chg sides, 4 chg coeffs, 0 upgd conss, 0 impls, 0 clqs
(round 4, fast)       40 del vars, 28 del conss, 0 add conss, 1463 chg bounds, 12 chg sides, 4 chg coeffs, 0 upgd conss, 0 impls, 0 clqs
(round 5, exhaustive) 40 del vars, 28 del conss, 0 add conss, 1471 chg bounds, 12 chg sides, 4 chg coeffs, 352 upgd conss, 0 impls, 0 clqs
   (0.0s) probing: 100/352 (28.4%) - 0 fixings, 0 aggregations, 1063 implications, 0 bound changes
   (0.0s) probing: 200/352 (56.8%) - 0 fixings, 0 aggregations, 2113 implications, 0 bound changes
   (0.1s) probing: 300/352 (85.2%) - 0 fixings, 0 aggregations, 2933 implications, 0 bound changes
   (0.1s) probing cycle finished: starting next cycle
   (0.1s) symmetry computation started: requiring (bin +, int +, cont +), (fixed: bin -, int -, cont -)
   (0.1s) no symmetry present (symcode time: 0.00)
clique table cleanup detected 0 bound changes

presolved problem has 2432 active (0.323887%) nonzeros and 2432 (0.323887%) check nonzeros

presolving (6 rounds: 6 fast, 2 medium, 2 exhaustive):
 40 deleted vars, 28 deleted constraints, 0 added constraints, 1479 tightened bounds, 0 added holes, 12 changed sides, 4 changed coefficients
 3753 implications, 4 cliques
presolved problem has 1040 variables (352 bin, 0 int, 0 impl, 688 cont) and 722 constraints
    352 constraints of type <varbound>
    370 constraints of type <linear>
Presolving Time: 0.05
transformed 1/1 original solutions to the transformed problem space

 time | node  | left  |LP iter|LP it/n|mem/heur|mdpt |vars |cons |rows |cuts |sepa|confs|strbr|  dualbound   | primalbound  |  gap   | compl. 
  0.1s|     1 |     0 |   340 |     - |    10M |   0 |1040 | 722 | 722 |   0 |  0 |   0 |   0 | 1.812417e+04 | 1.305960e+05 | 620.56%| unknown
_____________________________________
Now starting branching with general disjunction
Current branching Node number: 1
LP objective value: 18971.2
Node lower bound: 19346.2
Node upper bound: 130596
gap to the primal bound: 6.05956
Preck submodel is infeasible, continue branching
Time limit exceeded (1272s), stopping submodel solve loop
General disjunction: No feasible solution found, use SCIP default branching rule
 1272s|     1 |     2 |   340 |     - |    10M |   0 |1040 | 722 | 722 |   0 |  1 |   0 |  48 | 1.849917e+04 | 1.305960e+05 | 605.96%| unknown
_____________________________________
Now starting branching with general disjunction
Current branching Node number: 2
LP objective value: 19346.2
Node lower bound: 19994.2
Node upper bound: 130596
gap to the primal bound: 6.05956
Preck submodel is infeasible, continue branching
Time limit exceeded (1103.44s), stopping submodel solve loop
General disjunction: No feasible solution found, use SCIP default branching rule
_____________________________________
Now starting branching with general disjunction
Current branching Node number: 3
LP objective value: 19885.4
Node lower bound: 20257.4
Node upper bound: 130596
gap to the primal bound: 5.82064
Preck submodel is infeasible, continue branching
Time limit exceeded (1393.45s), stopping submodel solve loop
General disjunction: No feasible solution found, use SCIP default branching rule
_____________________________________
Now starting branching with general disjunction
Current branching Node number: 4
LP objective value: 19994.2
Node lower bound: 20790.9
Node upper bound: 130596
gap to the primal bound: 5.82064
Preck submodel is infeasible, continue branching
Time limit exceeded (1476.07s), stopping submodel solve loop
General disjunction: No feasible solution found, use SCIP default branching rule
_____________________________________
Now starting branching with general disjunction
Current branching Node number: 9
LP objective value: 20790.9
Node lower bound: 21162.9
Node upper bound: 130596
gap to the primal bound: 5.82064
Preck submodel is infeasible, continue branching
Time limit exceeded (1058.89s), stopping submodel solve loop
General disjunction: No feasible solution found, use SCIP default branching rule
_____________________________________
Now starting branching with general disjunction
Current branching Node number: 10
LP objective value: 21162.9
Node lower bound: 22014.8
Node upper bound: 130596
gap to the primal bound: 5.82064
Preck submodel is infeasible, continue branching
Time limit exceeded (1513.04s), stopping submodel solve loop
General disjunction: No feasible solution found, use SCIP default branching rule
_____________________________________
Now starting branching with general disjunction
Current branching Node number: 13
LP objective value: 22014.8
Node lower bound: 22643.3
Node upper bound: 130596
gap to the primal bound: 5.82064
Preck submodel is infeasible, continue branching
Time limit exceeded (1331.53s), stopping submodel solve loop
General disjunction: No feasible solution found, use SCIP default branching rule
_____________________________________
Now starting branching with general disjunction
Current branching Node number: 8
LP objective value: 20977.4
Node lower bound: 21914.3
Node upper bound: 130596
gap to the primal bound: 5.82064
Preck submodel is infeasible, continue branching
Time limit exceeded (1104.9s), stopping submodel solve loop
General disjunction: No feasible solution found, use SCIP default branching rule
_____________________________________
Now starting branching with general disjunction
Current branching Node number: 16
LP objective value: 22174
Node lower bound: 22544.3
Node upper bound: 130596
gap to the primal bound: 5.82064
Preck submodel is infeasible, continue branching
Time limit exceeded (1349.33s), stopping submodel solve loop
General disjunction: No feasible solution found, use SCIP default branching rule
_____________________________________
Now starting branching with general disjunction
Current branching Node number: 18
LP objective value: 22368
Node lower bound: 22739.1
Node upper bound: 130596
gap to the primal bound: 5.82064
Preck submodel is infeasible, continue branching
Time limit exceeded (1710.89s), stopping submodel solve loop
General disjunction: No feasible solution found, use SCIP default branching rule
_____________________________________
Now starting branching with general disjunction
Current branching Node number: 20
LP objective value: 22546
Node lower bound: 22909
Node upper bound: 130596
gap to the primal bound: 5.82064
Preck submodel is infeasible, continue branching
Time limit exceeded (1431.37s), stopping submodel solve loop
General disjunction: No feasible solution found, use SCIP default branching rule
_____________________________________
Now starting branching with general disjunction
Current branching Node number: 22
LP objective value: 22801
Node lower bound: 23152
Node upper bound: 130596
gap to the primal bound: 5.82064
Preck submodel is infeasible, continue branching
Time limit exceeded (1475.4s), stopping submodel solve loop
General disjunction: No feasible solution found, use SCIP default branching rule
_____________________________________
Now starting branching with general disjunction
Current branching Node number: 24
LP objective value: 22969
Node lower bound: 23317
Node upper bound: 130596
gap to the primal bound: 5.82064
Preck submodel is infeasible, continue branching
Time limit exceeded (1762.26s), stopping submodel solve loop
General disjunction: No feasible solution found, use SCIP default branching rule
_____________________________________
Now starting branching with general disjunction
Current branching Node number: 26
LP objective value: 23363.1
Node lower bound: 23689.1
Node upper bound: 130596
gap to the primal bound: 5.82064
Preck submodel is infeasible, continue branching
Time limit exceeded (1412.58s), stopping submodel solve loop
General disjunction: No feasible solution found, use SCIP default branching rule
_____________________________________
Now starting branching with general disjunction
Current branching Node number: 28
LP objective value: 23615.1
Node lower bound: 23689.1
Node upper bound: 130596
gap to the primal bound: 5.82064
Preck submodel is infeasible, continue branching
Time limit exceeded (1831.56s), stopping submodel solve loop
General disjunction: No feasible solution found, use SCIP default branching rule
_____________________________________
Now starting branching with general disjunction
Current branching Node number: 30
LP objective value: 25069.9
Node lower bound: 25258.4
Node upper bound: 130596
gap to the primal bound: 5.82064
Preck submodel is infeasible, continue branching
Time limit exceeded (1333.73s), stopping submodel solve loop
General disjunction: No feasible solution found, use SCIP default branching rule
_____________________________________
Now starting branching with general disjunction
Current branching Node number: 32
LP objective value: 27106.9
Node lower bound: 27246.7
Node upper bound: 130596
gap to the primal bound: 5.82064
Preck submodel is infeasible, continue branching
Time limit exceeded (1489.73s), stopping submodel solve loop
General disjunction: No feasible solution found, use SCIP default branching rule
_____________________________________
Now starting branching with general disjunction
Current branching Node number: 34
LP objective value: 27190.9
Node lower bound: 27274.9
Node upper bound: 130596
gap to the primal bound: 5.82064
Preck submodel is infeasible, continue branching
Time limit exceeded (1583.16s), stopping submodel solve loop
General disjunction: No feasible solution found, use SCIP default branching rule
_____________________________________
Now starting branching with general disjunction
Current branching Node number: 36
LP objective value: 27354.9
Node lower bound: 27354.9
Node upper bound: 130596
gap to the primal bound: 5.82064
Preck submodel is infeasible, continue branching
Time limit exceeded (1209.89s), stopping submodel solve loop
General disjunction: No feasible solution found, use SCIP default branching rule
_____________________________________
Now starting branching with general disjunction
Current branching Node number: 38
LP objective value: 29793.3
Node lower bound: 30023.3
Node upper bound: 130596
gap to the primal bound: 5.82064
Preck submodel is infeasible, continue branching
Time limit exceeded (1679.7s), stopping submodel solve loop
General disjunction: No feasible solution found, use SCIP default branching rule
_____________________________________
Now starting branching with general disjunction
Current branching Node number: 40
LP objective value: 29989.3
Node lower bound: 30166.6
Node upper bound: 130596
gap to the primal bound: 5.82064
Preck submodel is infeasible, continue branching
Time limit exceeded (1232.42s), stopping submodel solve loop
General disjunction: No feasible solution found, use SCIP default branching rule
_____________________________________
Now starting branching with general disjunction
Current branching Node number: 42
LP objective value: 30381.3
Node lower bound: 30381.3
Node upper bound: 130596
gap to the primal bound: 5.82064
Preck submodel is infeasible, continue branching
Time limit exceeded (1478.34s), stopping submodel solve loop
General disjunction: No feasible solution found, use SCIP default branching rule
_____________________________________
Now starting branching with general disjunction
Current branching Node number: 44
LP objective value: 32969.6
Node lower bound: 33395.4
Node upper bound: 130596
gap to the primal bound: 5.82064
Preck submodel is infeasible, continue branching
Time limit exceeded (1506.22s), stopping submodel solve loop
General disjunction: No feasible solution found, use SCIP default branching rule
_____________________________________
Now starting branching with general disjunction
Current branching Node number: 46
LP objective value: 36736.2
Node lower bound: 37064.2
Node upper bound: 130596
gap to the primal bound: 5.82064
Preck submodel is infeasible, continue branching
Time limit exceeded (1428.19s), stopping submodel solve loop
General disjunction: No feasible solution found, use SCIP default branching rule
_____________________________________
Now starting branching with general disjunction
Current branching Node number: 48
LP objective value: 39972.1
Node lower bound: 40164.1
Node upper bound: 130596
gap to the primal bound: 5.82064
Preck submodel is infeasible, continue branching
Time limit exceeded (1150.04s), stopping submodel solve loop
General disjunction: No feasible solution found, use SCIP default branching rule
_____________________________________
Now starting branching with general disjunction
Current branching Node number: 50
LP objective value: 40144.1
Node lower bound: 40284.1
Node upper bound: 130596
gap to the primal bound: 5.82064
Preck submodel is infeasible, continue branching
Time limit exceeded (1809.47s), stopping submodel solve loop
General disjunction: No feasible solution found, use SCIP default branching rule
_____________________________________
Now starting branching with general disjunction
Current branching Node number: 52
LP objective value: 40302.1
Node lower bound: 40460.1
Node upper bound: 130596
gap to the primal bound: 5.82064
Preck submodel is infeasible, continue branching
Time limit exceeded (1568.75s), stopping submodel solve loop
General disjunction: No feasible solution found, use SCIP default branching rule
_____________________________________
Now starting branching with general disjunction
Current branching Node number: 29
LP objective value: 23740.5
Node lower bound: 23740.5
Node upper bound: 130596
gap to the primal bound: 5.82064
Preck submodel is infeasible, continue branching
Time limit exceeded (1394.55s), stopping submodel solve loop
General disjunction: No feasible solution found, use SCIP default branching rule
_____________________________________
Now starting branching with general disjunction
Current branching Node number: 56
LP objective value: 25195.3
Node lower bound: 25195.3
Node upper bound: 130596
gap to the primal bound: 5.82064
Preck submodel is infeasible, continue branching
Time limit exceeded (1212.25s), stopping submodel solve loop
General disjunction: No feasible solution found, use SCIP default branching rule
_____________________________________
Now starting branching with general disjunction
Current branching Node number: 58
LP objective value: 27232.3
Node lower bound: 27232.3
Node upper bound: 130596
gap to the primal bound: 5.82064
Preck submodel is infeasible, continue branching
Time limit exceeded (1054.49s), stopping submodel solve loop
General disjunction: No feasible solution found, use SCIP default branching rule
_____________________________________
Now starting branching with general disjunction
Current branching Node number: 60
LP objective value: 29670.7
Node lower bound: 29670.7
Node upper bound: 130596
gap to the primal bound: 5.82064
Preck submodel is infeasible, continue branching
Time limit exceeded (1260.21s), stopping submodel solve loop
General disjunction: No feasible solution found, use SCIP default branching rule
_____________________________________
Now starting branching with general disjunction
Current branching Node number: 62
LP objective value: 32259.1
Node lower bound: 32684.8
Node upper bound: 130596
gap to the primal bound: 5.82064
Preck submodel is infeasible, continue branching
Time limit exceeded (1411.08s), stopping submodel solve loop
General disjunction: No feasible solution found, use SCIP default branching rule
_____________________________________
Now starting branching with general disjunction
Current branching Node number: 64
LP objective value: 36108.2
Node lower bound: 36345.2
Node upper bound: 130596
gap to the primal bound: 5.82064
Preck submodel is infeasible, continue branching
Time limit exceeded (1315.37s), stopping submodel solve loop
General disjunction: No feasible solution found, use SCIP default branching rule
_____________________________________
Now starting branching with general disjunction
Current branching Node number: 66
LP objective value: 39289.4
Node lower bound: 39289.4
Node upper bound: 130596
gap to the primal bound: 5.82064
Preck submodel is infeasible, continue branching
Time limit exceeded (1097.4s), stopping submodel solve loop
General disjunction: No feasible solution found, use SCIP default branching rule
_____________________________________
Now starting branching with general disjunction
Current branching Node number: 68
LP objective value: 43501.8
Node lower bound: 43634.1
Node upper bound: 130596
gap to the primal bound: 5.82064
Preck submodel is infeasible, continue branching
Time limit exceeded (1125.17s), stopping submodel solve loop
General disjunction: No feasible solution found, use SCIP default branching rule
_____________________________________
Now starting branching with general disjunction
Current branching Node number: 70
LP objective value: 43729.8
Node lower bound: 44033.8
Node upper bound: 130596
gap to the primal bound: 5.82064
Preck submodel is infeasible, continue branching
Time limit exceeded (1196.72s), stopping submodel solve loop
General disjunction: No feasible solution found, use SCIP default branching rule
_____________________________________
Now starting branching with general disjunction
Current branching Node number: 72
LP objective value: 43806.8
Node lower bound: 44033.8
Node upper bound: 130596
gap to the primal bound: 5.82064
Preck submodel is infeasible, continue branching
Time limit exceeded (1791.54s), stopping submodel solve loop
General disjunction: No feasible solution found, use SCIP default branching rule
_____________________________________
Now starting branching with general disjunction
Current branching Node number: 74
LP objective value: 44114.8
Node lower bound: 44282.8
Node upper bound: 130596
gap to the primal bound: 5.82064
Preck submodel is infeasible, continue branching
Time limit exceeded (1193.6s), stopping submodel solve loop
General disjunction: No feasible solution found, use SCIP default branching rule
_____________________________________
Now starting branching with general disjunction
Current branching Node number: 76
LP objective value: 44268.8
Node lower bound: 44282.8
Node upper bound: 130596
gap to the primal bound: 5.82064
Preck submodel is infeasible, continue branching
Time limit exceeded (1167.05s), stopping submodel solve loop
General disjunction: No feasible solution found, use SCIP default branching rule
_____________________________________
Now starting branching with general disjunction
Current branching Node number: 78
LP objective value: 48508.7
Node lower bound: 48566.2
Node upper bound: 130596
gap to the primal bound: 5.82064
Preck submodel is infeasible, continue branching
Time limit exceeded (1977.04s), stopping submodel solve loop
General disjunction: No feasible solution found, use SCIP default branching rule
_____________________________________
Now starting branching with general disjunction
Current branching Node number: 80
LP objective value: 48714.6
Node lower bound: 48991.3
Node upper bound: 130596
gap to the primal bound: 5.82064
Preck submodel is infeasible, continue branching
Time limit exceeded (1961.2s), stopping submodel solve loop
General disjunction: No feasible solution found, use SCIP default branching rule
_____________________________________
Now starting branching with general disjunction
Current branching Node number: 57
LP objective value: 24490.7
Node lower bound: 24849.2
Node upper bound: 130596
gap to the primal bound: 5.82064
Preck submodel is infeasible, continue branching
Time limit exceeded (1485.56s), stopping submodel solve loop
General disjunction: No feasible solution found, use SCIP default branching rule
_____________________________________
Now starting branching with general disjunction
Current branching Node number: 84
LP objective value: 24844.7
Node lower bound: 24849.2
Node upper bound: 130596
gap to the primal bound: 5.82064
Preck submodel is infeasible, continue branching
Time limit exceeded (1268.18s), stopping submodel solve loop
General disjunction: No feasible solution found, use SCIP default branching rule
_____________________________________
Now starting branching with general disjunction
Current branching Node number: 86
LP objective value: 29033.8
Node lower bound: 29391.8
Node upper bound: 130596
gap to the primal bound: 5.82064
Preck submodel is infeasible, continue branching
Time limit exceeded (1749.95s), stopping submodel solve loop
General disjunction: No feasible solution found, use SCIP default branching rule
_____________________________________
Now starting branching with general disjunction
Current branching Node number: 88
LP objective value: 29494.4
Node lower bound: 29837
Node upper bound: 130596
gap to the primal bound: 5.82064
Preck submodel is infeasible, continue branching
Time limit exceeded (1135.9s), stopping submodel solve loop
General disjunction: No feasible solution found, use SCIP default branching rule
_____________________________________
Now starting branching with general disjunction
Current branching Node number: 90
LP objective value: 29837
Node lower bound: 29837
Node upper bound: 130596
gap to the primal bound: 5.82064
Preck submodel is infeasible, continue branching
Time limit exceeded (1611.8s), stopping submodel solve loop
General disjunction: No feasible solution found, use SCIP default branching rule
_____________________________________
Now starting branching with general disjunction
Current branching Node number: 92
LP objective value: 30488
Node lower bound: 30488
Node upper bound: 130596
gap to the primal bound: 5.82064
Preck submodel is infeasible, continue branching
Time limit exceeded (1886.39s), stopping submodel solve loop
General disjunction: No feasible solution found, use SCIP default branching rule
_____________________________________
Now starting branching with general disjunction
Current branching Node number: 94
LP objective value: 31494
Node lower bound: 31494
Node upper bound: 130596
gap to the primal bound: 5.82064
Preck submodel is infeasible, continue branching
Time limit exceeded (1650.36s), stopping submodel solve loop
General disjunction: No feasible solution found, use SCIP default branching rule
_____________________________________
Now starting branching with general disjunction
Current branching Node number: 96
LP objective value: 32729.3
Node lower bound: 32729.3
Node upper bound: 130596
gap to the primal bound: 5.82064
Preck submodel is infeasible, continue branching
Time limit exceeded (1558.89s), stopping submodel solve loop
General disjunction: No feasible solution found, use SCIP default branching rule
_____________________________________
Now starting branching with general disjunction
Current branching Node number: 98
LP objective value: 34459
Node lower bound: 34459
Node upper bound: 130596
gap to the primal bound: 5.82064
Preck submodel is infeasible, continue branching
Time limit exceeded (1953.31s), stopping submodel solve loop
General disjunction: No feasible solution found, use SCIP default branching rule
_____________________________________
Now starting branching with general disjunction
Current branching Node number: 100
LP objective value: 36530.4
Node lower bound: 36530.4
Node upper bound: 130596
gap to the primal bound: 5.82064
Preck submodel is infeasible, continue branching
Time limit exceeded (1502.73s), stopping submodel solve loop
General disjunction: No feasible solution found, use SCIP default branching rule
_____________________________________
Now starting branching with general disjunction
Current branching Node number: 102
LP objective value: 38924
Node lower bound: 38924
Node upper bound: 130596
gap to the primal bound: 5.82064
Preck submodel is infeasible, continue branching
Time limit exceeded (1480.28s), stopping submodel solve loop
General disjunction: No feasible solution found, use SCIP default branching rule
_____________________________________
Now starting branching with general disjunction
Current branching Node number: 104
LP objective value: 41577.1
Node lower bound: 41673.8
Node upper bound: 130596
gap to the primal bound: 5.82064
Preck submodel is infeasible, continue branching
Time limit exceeded (1397.73s), stopping submodel solve loop
General disjunction: No feasible solution found, use SCIP default branching rule
_____________________________________
Now starting branching with general disjunction
Current branching Node number: 106
LP objective value: 45182
Node lower bound: 45535.2
Node upper bound: 130596
gap to the primal bound: 5.82064
Preck submodel is infeasible, continue branching
Time limit exceeded (1027.22s), stopping submodel solve loop
General disjunction: No feasible solution found, use SCIP default branching rule
_____________________________________
Now starting branching with general disjunction
Current branching Node number: 108
LP objective value: 48238.3
Node lower bound: 48401.8
Node upper bound: 130596
gap to the primal bound: 5.82064
Preck submodel is infeasible, continue branching
Time limit exceeded (1284.98s), stopping submodel solve loop
General disjunction: No feasible solution found, use SCIP default branching rule
_____________________________________
Now starting branching with general disjunction
Current branching Node number: 87
LP objective value: 25678.8
Node lower bound: 26036.8
Node upper bound: 130596
gap to the primal bound: 5.82064
Preck submodel is infeasible, continue branching
Time limit exceeded (1677.02s), stopping submodel solve loop
General disjunction: No feasible solution found, use SCIP default branching rule
_____________________________________
Now starting branching with general disjunction
Current branching Node number: 112
LP objective value: 26139.3
Node lower bound: 26139.3
Node upper bound: 130596
gap to the primal bound: 5.82064
Preck submodel is infeasible, continue branching
Time limit exceeded (1147.51s), stopping submodel solve loop
General disjunction: No feasible solution found, use SCIP default branching rule
_____________________________________
Now starting branching with general disjunction
Current branching Node number: 114
LP objective value: 26497.3
Node lower bound: 26497.3
Node upper bound: 130596
gap to the primal bound: 5.82064
Preck submodel is infeasible, continue branching
Time limit exceeded (1771.38s), stopping submodel solve loop
General disjunction: No feasible solution found, use SCIP default branching rule
_____________________________________
Now starting branching with general disjunction
Current branching Node number: 116
LP objective value: 27350.7
Node lower bound: 27494.7
Node upper bound: 130596
gap to the primal bound: 5.82064
Preck submodel is infeasible, continue branching
Time limit exceeded (1019.67s), stopping submodel solve loop
General disjunction: No feasible solution found, use SCIP default branching rule
_____________________________________
Now starting branching with general disjunction
Current branching Node number: 118
LP objective value: 27964.3
Node lower bound: 27964.3
Node upper bound: 130596
gap to the primal bound: 5.82064
Preck submodel is infeasible, continue branching
Time limit exceeded (1813.41s), stopping submodel solve loop
General disjunction: No feasible solution found, use SCIP default branching rule
_____________________________________
Now starting branching with general disjunction
Current branching Node number: 5
LP objective value: 20198
Node lower bound: 20702
Node upper bound: 130596
gap to the primal bound: 5.72813
Preck submodel is infeasible, continue branching
Time limit exceeded (1244.53s), stopping submodel solve loop
General disjunction: No feasible solution found, use SCIP default branching rule

SCIP Status        : solving was interrupted [time limit reached]
Solving Time (sec) : 87522.04
Solving Nodes      : 61
Primal Bound       : +1.30596000000000e+05 (1 solutions)
Dual Bound         : +1.94104406362985e+04
Gap                : 572.81 %

primal solution:
================

objective value:                               130596
y..01101                                            1 	(obj:600)
y..02101                                            1 	(obj:800)
y..04101                                            1 	(obj:200)
y..06101                                            1 	(obj:1000)
y..07101                                            1 	(obj:800)
y..08101                                            1 	(obj:400)
y..09101                                            1 	(obj:200)
y..11101                                            1 	(obj:200)
y..03102                                            1 	(obj:600)
y..04102                                            1 	(obj:200)
y..05102                                            1 	(obj:1000)
y..08102                                            1 	(obj:400)
y..10102                                            1 	(obj:1000)
y..11102                                            1 	(obj:200)
y..12102                                            1 	(obj:400)
y..01103                                            1 	(obj:600)
y..02103                                            1 	(obj:800)
y..07103                                            1 	(obj:800)
y..08103                                            1 	(obj:400)
y..09103                                            1 	(obj:200)
y..04104                                            1 	(obj:200)
y..09104                                            1 	(obj:200)
y..10104                                            1 	(obj:1000)
y..11104                                            1 	(obj:200)
y..01105                                            1 	(obj:600)
y..03105                                            1 	(obj:600)
y..04105                                            1 	(obj:200)
y..06105                                            1 	(obj:1000)
y..08105                                            1 	(obj:400)
y..12105                                            1 	(obj:400)
y..02106                                            1 	(obj:800)
y..04106                                            1 	(obj:200)
y..05106                                            1 	(obj:1000)
y..09106                                            1 	(obj:200)
y..11106                                            1 	(obj:200)
y..01107                                            1 	(obj:600)
y..04107                                            1 	(obj:200)
y..06107                                            1 	(obj:1000)
y..07107                                            1 	(obj:800)
y..08107                                            1 	(obj:400)
y..12107                                            1 	(obj:400)
y..02108                                            1 	(obj:800)
y..04108                                            1 	(obj:200)
y..09108                                            1 	(obj:200)
y..10108                                            1 	(obj:1000)
y..11108                                            1 	(obj:200)
y..12108                                            1 	(obj:400)
y..03109                                            1 	(obj:600)
y..04109                                            1 	(obj:200)
y..06109                                            1 	(obj:1000)
y..08109                                            1 	(obj:400)
y..09109                                            1 	(obj:200)
y..01110                                            1 	(obj:600)
y..04110                                            1 	(obj:200)
y..05110                                            1 	(obj:1000)
y..08110                                            1 	(obj:400)
y..11110                                            1 	(obj:200)
y..12110                                            1 	(obj:400)
y..02111                                            1 	(obj:800)
y..04111                                            1 	(obj:200)
y..07111                                            1 	(obj:800)
y..09111                                            1 	(obj:200)
y..10111                                            1 	(obj:1000)
y..04112                                            1 	(obj:200)
y..06112                                            1 	(obj:1000)
y..08112                                            1 	(obj:400)
y..09112                                            1 	(obj:200)
y..11112                                            1 	(obj:200)
y..12112                                            1 	(obj:400)
y..01113                                            1 	(obj:600)
y..03113                                            1 	(obj:600)
y..04113                                            1 	(obj:200)
y..05113                                            1 	(obj:1000)
y..08113                                            1 	(obj:400)
y..02114                                            1 	(obj:800)
y..04114                                            1 	(obj:200)
y..06114                                            1 	(obj:1000)
y..09114                                            1 	(obj:200)
y..11114                                            1 	(obj:200)
y..12114                                            1 	(obj:400)
y..04115                                            1 	(obj:200)
y..07115                                            1 	(obj:800)
y..08115                                            1 	(obj:400)
y..10115                                            1 	(obj:1000)
y..12115                                            1 	(obj:400)
y..01116                                            1 	(obj:600)
y..03116                                            1 	(obj:600)
y..04116                                            1 	(obj:200)
y..09116                                            1 	(obj:200)
y..11116                                            1 	(obj:200)
y..04117                                            1 	(obj:200)
y..05117                                            1 	(obj:1000)
y..06117                                            1 	(obj:1000)
y..08117                                            1 	(obj:400)
y..09117                                            1 	(obj:200)
y..12117                                            1 	(obj:400)
y..01118                                            1 	(obj:600)
y..02118                                            1 	(obj:800)
y..04118                                            1 	(obj:200)
y..08118                                            1 	(obj:400)
y..11118                                            1 	(obj:200)
y..04119                                            1 	(obj:200)
y..07119                                            1 	(obj:800)
y..08119                                            1 	(obj:400)
y..09119                                            1 	(obj:200)
y..10119                                            1 	(obj:1000)
y..12119                                            1 	(obj:400)
y..03120                                            1 	(obj:600)
y..04120                                            1 	(obj:200)
y..05120                                            1 	(obj:1000)
y..06120                                            1 	(obj:1000)
y..09120                                            1 	(obj:200)
y..11120                                            1 	(obj:200)
y..01121                                            1 	(obj:600)
y..02121                                            1 	(obj:800)
y..04121                                            1 	(obj:200)
y..08121                                            1 	(obj:400)
y..09121                                            1 	(obj:200)
y..12121                                            1 	(obj:400)
y..04122                                            1 	(obj:200)
y..06122                                            1 	(obj:1000)
y..08122                                            1 	(obj:400)
y..10122                                            1 	(obj:1000)
y..11122                                            1 	(obj:200)
y..12122                                            1 	(obj:400)
y..01123                                            1 	(obj:600)
y..04123                                            1 	(obj:200)
y..05123                                            1 	(obj:1000)
y..07123                                            1 	(obj:800)
y..08123                                            1 	(obj:400)
y..09123                                            1 	(obj:200)
y..02124                                            1 	(obj:800)
y..03124                                            1 	(obj:600)
y..04124                                            1 	(obj:200)
y..09124                                            1 	(obj:200)
y..11124                                            1 	(obj:200)
y..12124                                            1 	(obj:400)
y..01125                                            1 	(obj:600)
y..04125                                            1 	(obj:200)
y..06125                                            1 	(obj:1000)
y..08125                                            1 	(obj:400)
y..09125                                            1 	(obj:200)
y..10125                                            1 	(obj:1000)
y..04126                                            1 	(obj:200)
y..05126                                            1 	(obj:1000)
y..07126                                            1 	(obj:800)
y..09126                                            1 	(obj:200)
y..11126                                            1 	(obj:200)
y..12126                                            1 	(obj:400)
y..03127                                            1 	(obj:600)
y..04127                                            1 	(obj:200)
y..06127                                            1 	(obj:1000)
y..08127                                            1 	(obj:400)
y..11127                                            1 	(obj:200)
y..12127                                            1 	(obj:400)
y..01128                                            1 	(obj:600)
y..02128                                            1 	(obj:800)
y..04128                                            1 	(obj:200)
y..09128                                            1 	(obj:200)
y..10128                                            1 	(obj:1000)
y..04129                                            1 	(obj:200)
y..05129                                            1 	(obj:1000)
y..06129                                            1 	(obj:1000)
y..08129                                            1 	(obj:400)
y..11129                                            1 	(obj:200)
y..12129                                            1 	(obj:400)
y..04130                                            1 	(obj:200)
y..09130                                            1 	(obj:200)
s...0201                                          110 	(obj:2)
s...0601                             198.999999999999 	(obj:3)
s...0701                                          104 	(obj:1)
s...1101                             10.9999999999982 	(obj:1)
s...0302                                          198 	(obj:1)
s...0502                             288.999999999999 	(obj:2)
s...0602                             84.9999999999995 	(obj:3)
s...1102                             81.9999999999995 	(obj:1)
s...1202                             77.9999999999995 	(obj:3)
s...0103                                          123 	(obj:2)
s...0203                                          179 	(obj:2)
s...0303                                           79 	(obj:1)
s...0503                             183.999999999998 	(obj:2)
s...0703                             215.000000000001 	(obj:1)
s...0204                             89.9999999999998 	(obj:2)
s...0504                                          108 	(obj:2)
s...0704                                          215 	(obj:1)
s...0904                             78.9999999999991 	(obj:2)
s...1004                                          246 	(obj:2)
s...1104                             86.9999999999991 	(obj:1)
s...0105                             108.999999999999 	(obj:2)
s...0305                                          267 	(obj:1)
s...0605                                          102 	(obj:3)
s...0705                                          107 	(obj:1)
s...0805                             74.9999999999991 	(obj:4)
s...1005                                          155 	(obj:2)
s...1205                             77.9999999999991 	(obj:3)
s...0206                                          106 	(obj:2)
s...0306                                          187 	(obj:1)
s...0506                                          286 	(obj:2)
s...0906                             79.9999999999982 	(obj:2)
s...1006                                           76 	(obj:2)
s...1106                             89.9999999999982 	(obj:1)
s...0107                                          196 	(obj:2)
s...0307                                           86 	(obj:1)
s...0507                                          170 	(obj:2)
s...0607                             103.000000000002 	(obj:3)
s...0707                                          286 	(obj:1)
s...0807                                           82 	(obj:4)
s...0108                                           80 	(obj:2)
s...0208                                          188 	(obj:2)
s...0508                                           84 	(obj:2)
s...0708                                          193 	(obj:1)
s...1008                                          170 	(obj:2)
s...1108                             86.9999999999997 	(obj:1)
s...1208                                          107 	(obj:3)
s...0209                             96.0000000000029 	(obj:2)
s...0309                             273.999999999996 	(obj:1)
s...0609                             166.999999999999 	(obj:3)
s...0709                                           96 	(obj:1)
s...0909                                           93 	(obj:2)
s...1009                                           79 	(obj:2)
s...0110                                          202 	(obj:2)
s...0310                             185.999999999996 	(obj:1)
s...0510                                          196 	(obj:2)
s...0610                             76.0000000000011 	(obj:3)
s...0810                                           98 	(obj:4)
s...1110                                           90 	(obj:1)
s...1210                                          103 	(obj:3)
s...0111                                          104 	(obj:2)
s...0211                             176.999999999988 	(obj:2)
s...0311                             101.999999999996 	(obj:1)
s...0511                             88.9999999999999 	(obj:2)
s...0711                                          281 	(obj:1)
s...1011                             292.000000000001 	(obj:2)
s...0212                              80.000000000004 	(obj:2)
s...0612                             117.999999999998 	(obj:3)
s...0712                             189.999999999999 	(obj:1)
s...0912                                           89 	(obj:2)
s...1012                             208.000000000001 	(obj:2)
s...1112                                           99 	(obj:1)
s...1212                                           87 	(obj:3)
s...0113                                          171 	(obj:2)
s...0313                             205.999999999974 	(obj:1)
s...0513                                          300 	(obj:2)
s...0713                             83.9999999999991 	(obj:1)
s...0813                                           84 	(obj:4)
s...1013                             91.0000000000008 	(obj:2)
s...0114                             88.0000000000001 	(obj:2)
s...0214                             264.000000000011 	(obj:2)
s...0314                             100.999999999974 	(obj:1)
s...0514                                          197 	(obj:2)
s...0614                                          195 	(obj:3)
s...0914                                           82 	(obj:2)
s...1114                             90.9999999999998 	(obj:1)
s...0215                             165.000000000001 	(obj:2)
s...0515                                           82 	(obj:2)
s...0615                                          111 	(obj:3)
s...0715                                          343 	(obj:1)
s...0815                                           90 	(obj:4)
s...1015                             294.999999999998 	(obj:2)
s...1215                                           86 	(obj:3)
s...0116                             76.0000000000001 	(obj:2)
s...0216                             78.9999999999996 	(obj:2)
s...0316                                          265 	(obj:1)
s...0716                                          220 	(obj:1)
s...1016                                          172 	(obj:2)
s...1116                                           96 	(obj:1)
s...0317                                          174 	(obj:1)
s...0517                                          163 	(obj:2)
s...0617                                          175 	(obj:3)
s...0717                                           96 	(obj:1)
s...0917                                           83 	(obj:2)
s...1017                                           77 	(obj:2)
s...1217                                           96 	(obj:3)
s...0118                                          178 	(obj:2)
s...0218                             216.999999999999 	(obj:2)
s...0318                             82.9999999999987 	(obj:1)
s...0518                             76.9999999999997 	(obj:2)
s...0618                             96.9999999999997 	(obj:3)
s...1118                             86.9999999999964 	(obj:1)
s...0119                             88.0000000000016 	(obj:2)
s...0219                             92.9999999999995 	(obj:2)
s...0719                                          314 	(obj:1)
s...0819                                           81 	(obj:4)
s...0919                             1.00000000000887 	(obj:2)
s...1019                                          186 	(obj:2)
s...1219                                           95 	(obj:3)
s...0320                                          254 	(obj:1)
s...0520                                          220 	(obj:2)
s...0620                             119.000000000003 	(obj:3)
s...0720                                          212 	(obj:1)
s...1020                             82.9999999999998 	(obj:2)
s...1120                                          102 	(obj:1)
s...0121                                           90 	(obj:2)
s...0221                                          237 	(obj:2)
s...0321                                          165 	(obj:1)
s...0521                                          121 	(obj:2)
s...0721                                           94 	(obj:1)
s...0921                                           99 	(obj:2)
s...0222                                          114 	(obj:2)
s...0322                             87.9999999999996 	(obj:1)
s...0622                                          181 	(obj:3)
s...1022                                          242 	(obj:2)
s...1122                                           87 	(obj:1)
s...1222                                           99 	(obj:3)
s...0123                             109.999999999997 	(obj:2)
s...0523                                          199 	(obj:2)
s...0623                             90.9999999999951 	(obj:3)
s...0723                                          209 	(obj:1)
s...0823                                          104 	(obj:4)
s...1023                                          117 	(obj:2)
s...0224                                          259 	(obj:2)
s...0324                                          208 	(obj:1)
s...0524                                          121 	(obj:2)
s...0724                                          114 	(obj:1)
s...1124                                          116 	(obj:1)
s...1224                                           84 	(obj:3)
s...0125                                          218 	(obj:2)
s...0225                                          161 	(obj:2)
s...0325                                           84 	(obj:1)
s...0625                                           92 	(obj:3)
s...0825                                           78 	(obj:4)
s...1025                                          222 	(obj:2)
s...0126                                          104 	(obj:2)
s...0226                                           85 	(obj:2)
s...0526                                          182 	(obj:2)
s...0726                                          408 	(obj:1)
s...0926                                           75 	(obj:2)
s...1026                             110.000000000002 	(obj:2)
s...1126                             23.9999999999994 	(obj:1)
s...0327                                          299 	(obj:1)
s...0527                             90.9999999999999 	(obj:2)
s...0627                                          118 	(obj:3)
s...0727                                          286 	(obj:1)
s...0827                                           78 	(obj:4)
s...1127                                           99 	(obj:1)
s...1227                                           79 	(obj:3)
s...0128                                          177 	(obj:2)
s...0228                                          246 	(obj:2)
s...0328                                          187 	(obj:1)
s...0728                                          195 	(obj:1)
s...0928                                           90 	(obj:2)
s...1028                                          179 	(obj:2)
s...0129                                           87 	(obj:2)
s...0229                                          122 	(obj:2)
s...0329                                          103 	(obj:1)
s...0529                                          125 	(obj:2)
s...0629                                           91 	(obj:3)
s...0729                                           78 	(obj:1)
s...0829                                           94 	(obj:4)
s...1029                                           97 	(obj:2)
s...1129                                           87 	(obj:1)
s...1229                                           97 	(obj:3)
x..01101                                           89 	(obj:0)
x..01103                                          215 	(obj:0)
x..01105                             207.999999999999 	(obj:0)
x..01107                             305.000000000001 	(obj:0)
x..01110                                          312 	(obj:0)
x..01113                                          280 	(obj:0)
x..01116                                          185 	(obj:0)
x..01118                                          268 	(obj:0)
x..01121                             204.999999999998 	(obj:0)
x..01123                             225.999999999997 	(obj:0)
x..01125                             341.999999999994 	(obj:0)
x..01128                                          300 	(obj:0)
x..02101                                          202 	(obj:0)
x..02103                                          295 	(obj:0)
x..02106                                          191 	(obj:0)
x..02108                             292.999999999999 	(obj:0)
x..02111                             278.999999999983 	(obj:0)
x..02114                             381.000000000007 	(obj:0)
x..02118                             300.999999999999 	(obj:0)
x..02121                             325.000000000001 	(obj:0)
x..02124                                          376 	(obj:0)
x..02128                                          357 	(obj:0)
x..03102                                          311 	(obj:0)
x..03105                                          359 	(obj:0)
x..03109                             350.999999999984 	(obj:0)
x..03113                             306.999999999974 	(obj:0)
x..03116                             353.000000000026 	(obj:0)
x..03120                             364.000000000001 	(obj:0)
x..03124                                          325 	(obj:0)
x..03127                                          420 	(obj:0)
x..04101                                           91 	(obj:0)
x..04102                                           86 	(obj:0)
x..04104                                          122 	(obj:0)
x..04105                                           98 	(obj:0)
x..04106                                          113 	(obj:0)
x..04107                                          104 	(obj:0)
x..04108                                          118 	(obj:0)
x..04109                                           89 	(obj:0)
x..04110                                          108 	(obj:0)
x..04111                                           85 	(obj:0)
x..04112                                           84 	(obj:0)
x..04113                                           87 	(obj:0)
x..04114                                          124 	(obj:0)
x..04115                                          112 	(obj:0)
x..04116                                          104 	(obj:0)
x..04117                                           81 	(obj:0)
x..04118                                           93 	(obj:0)
x..04119                                           80 	(obj:0)
x..04120                                           77 	(obj:0)
x..04121                                           92 	(obj:0)
x..04122                                          102 	(obj:0)
x..04123                                          107 	(obj:0)
x..04124                                           97 	(obj:0)
x..04125                                          105 	(obj:0)
x..04126                                          119 	(obj:0)
x..04127                                          114 	(obj:0)
x..04128                                           75 	(obj:0)
x..04129                                           92 	(obj:0)
x..04130                                          117 	(obj:0)
x..05102                             386.999999999999 	(obj:0)
x..05106                                          397 	(obj:0)
x..05110                                          307 	(obj:0)
x..05113                                          417 	(obj:0)
x..05117                                          279 	(obj:0)
x..05120                                          339 	(obj:0)
x..05123                                          300 	(obj:0)
x..05126                                          293 	(obj:0)
x..05129                                          216 	(obj:0)
x..06101                             302.999999999999 	(obj:0)
x..06105                                          216 	(obj:0)
x..06107                             219.000000000002 	(obj:0)
x..06109                             276.999999999997 	(obj:0)
x..06112                             240.999999999997 	(obj:0)
x..06114                                          297 	(obj:0)
x..06117                                          294 	(obj:0)
x..06120                             239.000000000004 	(obj:0)
x..06122                                          286 	(obj:0)
x..06125                             217.000000000005 	(obj:0)
x..06127                                          242 	(obj:0)
x..06129                                          214 	(obj:0)
x..07101                                          212 	(obj:0)
x..07103                                          336 	(obj:0)
x..07107                                          387 	(obj:0)
x..07111                                          378 	(obj:0)
x..07115                             461.000000000001 	(obj:0)
x..07119                                          403 	(obj:0)
x..07123                                          287 	(obj:0)
x..07126                                          509 	(obj:0)
x..08101                                          112 	(obj:0)
x..08102                                           96 	(obj:0)
x..08103                                          109 	(obj:0)
x..08105                             150.999999999999 	(obj:0)
x..08107                                          188 	(obj:0)
x..08109                                           98 	(obj:0)
x..08110                                          207 	(obj:0)
x..08112                                           89 	(obj:0)
x..08113                                          208 	(obj:0)
x..08115                                          198 	(obj:0)
x..08117                                          119 	(obj:0)
x..08118                                          125 	(obj:0)
x..08119                                          191 	(obj:0)
x..08121                                           89 	(obj:0)
x..08122                                          115 	(obj:0)
x..08123                                          215 	(obj:0)
x..08125                             184.999999999999 	(obj:0)
x..08127                             198.999999999999 	(obj:0)
x..08129                                          184 	(obj:0)
x..09101                                          101 	(obj:0)
x..09103                                          114 	(obj:0)
x..09104                             170.999999999999 	(obj:0)
x..09106                             172.999999999998 	(obj:0)
x..09108                                          103 	(obj:0)
x..09109                                          205 	(obj:0)
x..09111                                          115 	(obj:0)
x..09112                                          203 	(obj:0)
x..09114                                          182 	(obj:0)
x..09116                                           90 	(obj:0)
x..09117                                          186 	(obj:0)
x..09119                             110.000000000009 	(obj:0)
x..09120                             111.999999999991 	(obj:0)
x..09121                                          221 	(obj:0)
x..09123                                          112 	(obj:0)
x..09124                                          118 	(obj:0)
x..09125                                          117 	(obj:0)
x..09126                                          185 	(obj:0)
x..09128                                          195 	(obj:0)
x..09130                                          116 	(obj:0)
x..10102                                          104 	(obj:0)
x..10104                                          365 	(obj:0)
x..10108                                          249 	(obj:0)
x..10111                             396.000000000001 	(obj:0)
x..10115                             416.999999999996 	(obj:0)
x..10119                                          298 	(obj:0)
x..10122                                          346 	(obj:0)
x..10125                                          317 	(obj:0)
x..10128                             302.999999999998 	(obj:0)
x..11101                             111.999999999998 	(obj:0)
x..11102                             171.000000000001 	(obj:0)
x..11104                             172.999999999999 	(obj:0)
x..11106                             179.999999999998 	(obj:0)
x..11108                                          183 	(obj:0)
x..11110                                          176 	(obj:0)
x..11112                                          220 	(obj:0)
x..11114                                          189 	(obj:0)
x..11116                                          178 	(obj:0)
x..11118                             201.999999999996 	(obj:0)
x..11120                             197.000000000004 	(obj:0)
x..11122                                          171 	(obj:0)
x..11124                                          207 	(obj:0)
x..11126                             103.999999999999 	(obj:0)
x..11127                             160.000000000001 	(obj:0)
x..11129                                          170 	(obj:0)
x..12102                             192.999999999999 	(obj:0)
x..12105                             185.999999999999 	(obj:0)
x..12107                                          105 	(obj:0)
x..12108                                          223 	(obj:0)
x..12110                                          207 	(obj:0)
x..12112                                          212 	(obj:0)
x..12114                                          120 	(obj:0)
x..12115                                          182 	(obj:0)
x..12117                                          213 	(obj:0)
x..12119                                          216 	(obj:0)
x..12121                                          119 	(obj:0)
x..12122                                          219 	(obj:0)
x..12124                                          184 	(obj:0)
x..12126                                          121 	(obj:0)
x..12127                                          193 	(obj:0)
x..12129                                          202 	(obj:0)

Statistics
==========

SCIP Status        : solving was interrupted [time limit reached]
Total Time         :   87522.17
  solving          :   87522.04
  presolving       :       0.05 (included in solving)
  reading          :       0.13
  copying          :       0.00 (0 times copied the problem)
Original Problem   :
  Problem name     : tr12-30
  Variables        : 1080 (360 binary, 0 integer, 0 implicit integer, 720 continuous)
  Constraints      : 750 initial, 750 maximal
  Objective        : minimize, 720 non-zeros (abs.min = 1, abs.max = 1000)
Presolved Problem  :
  Problem name     : t_tr12-30
  Variables        : 1040 (352 binary, 0 integer, 0 implicit integer, 688 continuous)
  Constraints      : 722 initial, 722 maximal
  Objective        : minimize, 712 non-zeros (abs.min = 1, abs.max = 1000)
  Nonzeros         : 2432 constraint, 8 clique table
Presolvers         :   ExecTime  SetupTime  Calls  FixedVars   AggrVars   ChgTypes  ChgBounds   AddHoles    DelCons    AddCons   ChgSides   ChgCoefs
  boundshift       :       0.00       0.00      0          0          0          0          0          0          0          0          0          0
  convertinttobin  :       0.00       0.00      0          0          0          0          0          0          0          0          0          0
  domcol           :       0.00       0.00      1          0          0          0          0          0          0          0          0          0
  dualagg          :       0.00       0.00      0          0          0          0          0          0          0          0          0          0
  dualcomp         :       0.00       0.00      1          0          0          0          0          0          0          0          0          0
  dualinfer        :       0.00       0.00      0          0          0          0          0          0          0          0          0          0
  dualsparsify     :       0.00       0.00      1          0          0          0          0          0          0          0          0          0
  gateextraction   :       0.00       0.00      0          0          0          0          0          0          0          0          0          0
  implics          :       0.00       0.00      2          0          0          0          0          0          0          0          0          0
  inttobinary      :       0.00       0.00      0          0          0          0          0          0          0          0          0          0
  qpkktref         :       0.00       0.00      0          0          0          0          0          0          0          0          0          0
  redvub           :       0.00       0.00      0          0          0          0          0          0          0          0          0          0
  sparsify         :       0.00       0.00      1          0          0          0          0          0          0          0          0          0
  stuffing         :       0.00       0.00      0          0          0          0          0          0          0          0          0          0
  trivial          :       0.00       0.00      6          0          0          0          0          0          0          0          0          0
  tworowbnd        :       0.00       0.00      0          0          0          0          0          0          0          0          0          0
  dualfix          :       0.00       0.00      6          0          0          0          0          0          0          0          0          0
  genvbounds       :       0.00       0.00      0          0          0          0          0          0          0          0          0          0
  probing          :       0.02       0.00      1          0          0          0          0          0          0          0          0          0
  pseudoobj        :       0.00       0.00      3          0          0          0        372          0          0          0          0          0
  symmetry         :       0.00       0.00      1          0          0          0          0          0          0          0          0          0
  vbounds          :       0.00       0.00      0          0          0          0          0          0          0          0          0          0
  varbound         :       0.00       0.00      2          0          0          0          0          0          0          0          0          0
  linear           :       0.02       0.00      8          8         32          0       1107          0         28          0         12          4
  benders          :       0.00       0.00      0          0          0          0          0          0          0          0          0          0
  components       :       0.00       0.00      1          0          0          0          0          0          0          0          0          0
  root node        :          -          -      -          0          -          -         22          -          -          -          -          -
Constraints        :     Number  MaxNumber  #Separate #Propagate    #EnfoLP    #EnfoRelax  #EnfoPS    #Check   #ResProp    Cutoffs    DomReds       Cuts    Applied      Conss   Children
  benderslp        :          0          0          0          0         61          0          0          3          0          0          0          0          0          0          0
  integral         :          0          0          0          0         61          0          0          3          0          0          0          0          0          0        122
  varbound         :        352        352          0       3888          0          0          0          1          0          0          0          0          0          0          0
  linear           :        370        370          0       3888          0          0          0          1          0          0         22          0          0          0          0
  benders          :          0          0          0          0          0          0          0          2          0          0          0          0          0          0          0
  fixedvar         :          0          0          0          0          0          0          0          2          0          0          0          0          0          0          0
  countsols        :          0          0          0          0          0          0          0          2          0          0          0          0          0          0          0
  components       :          0          0          0          0          0          0          0          0          0          0          0          0          0          0          0
Constraint Timings :  TotalTime  SetupTime   Separate  Propagate     EnfoLP     EnfoPS     EnfoRelax   Check    ResProp    SB-Prop
  benderslp        :       0.00       0.00       0.00       0.00       0.00       0.00       0.00       0.00       0.00       0.00
  integral         :   87521.90       0.00       0.00       0.00   87521.90       0.00       0.00       0.00       0.00       0.00
  varbound         :       0.00       0.00       0.00       0.00       0.00       0.00       0.00       0.00       0.00       0.00
  linear           :       0.00       0.00       0.00       0.00       0.00       0.00       0.00       0.00       0.00       0.00
  benders          :       0.00       0.00       0.00       0.00       0.00       0.00       0.00       0.00       0.00       0.00
  fixedvar         :       0.00       0.00       0.00       0.00       0.00       0.00       0.00       0.00       0.00       0.00
  countsols        :       0.00       0.00       0.00       0.00       0.00       0.00       0.00       0.00       0.00       0.00
  components       :       0.00       0.00       0.00       0.00       0.00       0.00       0.00       0.00       0.00       0.00
Propagators        : #Propagate   #ResProp    Cutoffs    DomReds
  dualfix          :          9          0          0          0
  genvbounds       :          0          0          0          0
  nlobbt           :          0          0          0          0
  obbt             :          0          0          0          0
  probing          :          0          0          0          0
  pseudoobj        :         11          0          0          0
  redcost          :          2          0          0          0
  rootredcost      :          0          0          0          0
  symmetry         :          0          0          0          0
  vbounds          :          0          0          0          0
Propagator Timings :  TotalTime  SetupTime   Presolve  Propagate    ResProp    SB-Prop
  dualfix          :       0.00       0.00       0.00       0.00       0.00       0.00
  genvbounds       :       0.00       0.00       0.00       0.00       0.00       0.00
  nlobbt           :       0.00       0.00       0.00       0.00       0.00       0.00
  obbt             :       0.00       0.00       0.00       0.00       0.00       0.00
  probing          :       0.02       0.00       0.02       0.00       0.00       0.00
  pseudoobj        :       0.00       0.00       0.00       0.00       0.00       0.00
  redcost          :       0.00       0.00       0.00       0.00       0.00       0.00
  rootredcost      :       0.00       0.00       0.00       0.00       0.00       0.00
  symmetry         :       0.00       0.00       0.00       0.00       0.00       0.00
  vbounds          :       0.00       0.00       0.00       0.00       0.00       0.00
Symmetry           :
  orbitopal red.   :          0 reductions applied,          0 cutoffs
  orbital reduction:          0 reductions applied,          0 cutoffs
  lexicographic red:          0 reductions applied,          0 cutoffs
  shadow tree time :       0.00 s
Conflict Analysis  :       Time      Calls    Success    DomReds  Conflicts   Literals    Reconvs ReconvLits   Dualrays   Nonzeros   LP Iters   (pool size: [--,--])
  propagation      :       0.00          0          0          -          0        0.0          0        0.0          -          -          -
  infeasible LP    :       0.00          0          0          -          0        0.0          0        0.0          0        0.0          0
  bound exceed. LP :       0.00          0          0          -          0        0.0          0        0.0          0        0.0          0
  strong branching :       0.00          0          0          -          0        0.0          0        0.0          -          -          0
  pseudo solution  :       0.00          0          0          -          0        0.0          0        0.0          -          -          -
  applied globally :       0.00          -          -          0          0        0.0          -          -          0          -          -
  applied locally  :          -          -          -          0          0        0.0          -          -          0          -          -
Separators         :   ExecTime  SetupTime      Calls  RootCalls    Cutoffs    DomReds  FoundCuts ViaPoolAdd  DirectAdd    Applied ViaPoolApp  DirectApp      Conss
  cut pool         :       0.00          -          0          0          -          -          0          0          -          -          -          -          -    (maximal pool size:          0)
  aggregation      :       0.00       0.00          0          0          0          0          0          0          0          0          0          0          0
  > cmir           :          -          -          -          -          -          -          -          0          0          0          0          0          -
  > flowcover      :          -          -          -          -          -          -          -          0          0          0          0          0          -
  > knapsackcover  :          -          -          -          -          -          -          -          0          0          0          0          0          -
  cgmip            :       0.00       0.00          0          0          0          0          0          0          0          0          0          0          0
  clique           :       0.00       0.00          0          0          0          0          0          0          0          0          0          0          0
  closecuts        :       0.00       0.00          0          0          0          0          0          0          0          0          0          0          0
  convexproj       :       0.00       0.00          0          0          0          0          0          0          0          0          0          0          0
  disjunctive      :       0.00       0.00          0          0          0          0          0          0          0          0          0          0          0
  eccuts           :       0.00       0.00          0          0          0          0          0          0          0          0          0          0          0
  gauge            :       0.00       0.00          0          0          0          0          0          0          0          0          0          0          0
  gomory           :       0.00       0.00          0          0          0          0          0          0          0          0          0          0          0
  > gomorymi       :          -          -          -          -          -          -          -          0          0          0          0          0          -
  > strongcg       :          -          -          -          -          -          -          -          0          0          0          0          0          -
  impliedbounds    :       0.00       0.00          0          0          0          0          0          0          0          0          0          0          0
  interminor       :       0.00       0.00          0          0          0          0          0          0          0          0          0          0          0
  intobj           :       0.00       0.00          0          0          0          0          0          0          0          0          0          0          0
  lagromory        :       0.00       0.00          0          0          0          0          0          0          0          0          0          0          0
  mcf              :       0.00       0.00          0          0          0          0          0          0          0          0          0          0          0
  minor            :       0.00       0.00          0          0          0          0          0          0          0          0          0          0          0
  mixing           :       0.00       0.00          0          0          0          0          0          0          0          0          0          0          0
  oddcycle         :       0.00       0.00          0          0          0          0          0          0          0          0          0          0          0
  rapidlearning    :       0.00       0.00          0          0          0          0          0          0          0          0          0          0          0
  rlt              :       0.00       0.00          0          0          0          0          0          0          0          0          0          0          0
  zerohalf         :       0.00       0.00          0          0          0          0          0          0          0          0          0          0          0
Cutselectors       :   ExecTime  SetupTime      Calls  RootCalls   Selected     Forced   Filtered  RootSelec   RootForc   RootFilt 
  hybrid           :       0.00       0.00          0          0          0          0          0          0          0          0
  ensemble         :       0.00       0.00          0          0          0          0          0          0          0          0
  dynamic          :       0.00       0.00          0          0          0          0          0          0          0          0
Pricers            :   ExecTime  SetupTime      Calls       Vars
  problem variables:       0.00          -          0          0
Branching Rules    :   ExecTime  SetupTime   BranchLP  BranchExt   BranchPS    Cutoffs    DomReds       Cuts      Conss   Children
  allfullstrong    :       0.00       0.00          0          0          0          0          0          0          0          0
  cloud            :       0.00       0.00          0          0          0          0          0          0          0          0
  distribution     :       0.00       0.00          0          0          0          0          0          0          0          0
  fullstrong       :       0.00       0.00          0          0          0          0          0          0          0          0
  general_disjuncti:   87521.69       0.00         61          0          0          0          0          0          0          0
  GeneralDisjunction(extra): subMILPs=216 fairNodes of all MILPs=5341878 probingLPs=0
  gomory           :       0.00       0.00          0          0          0          0          0          0          0          0
  inference        :       0.00       0.00          0          0          0          0          0          0          0          0
  leastinf         :       0.00       0.00          0          0          0          0          0          0          0          0
  lookahead        :       0.00       0.00          0          0          0          0          0          0          0          0
  mostinf          :       0.00       0.00          0          0          0          0          0          0          0          0
  multaggr         :       0.00       0.00          0          0          0          0          0          0          0          0
  nodereopt        :       0.00       0.00          0          0          0          0          0          0          0          0
  pscost           :       0.00       0.00          0          0          0          0          0          0          0          0
  random           :       0.00       0.00          0          0          0          0          0          0          0          0
  relpscost        :       0.21       0.00         61          0          0          0          0          0          0        122
  vanillafullstrong:       0.00       0.00          0          0          0          0          0          0          0          0
Primal Heuristics  :   ExecTime  SetupTime      Calls      Found       Best
  LP solutions     :       0.00          -          -          0          0
  relax solutions  :       0.00          -          -          0          0
  pseudo solutions :       0.00          -          -          0          0
  strong branching :       0.00          -          -          0          0
  actconsdiving    :       0.00       0.00          0          0          0
  adaptivediving   :       0.00       0.00          0          0          0
  alns             :       0.00       0.00          0          0          0
  bound            :       0.00       0.00          0          0          0
  clique           :       0.00       0.00          0          0          0
  coefdiving       :       0.00       0.00          0          0          0
  completesol      :       0.00       0.00          0          0          0
  conflictdiving   :       0.00       0.00          0          0          0
  crossover        :       0.00       0.00          0          0          0
  dins             :       0.00       0.00          0          0          0
  distributiondivin:       0.00       0.00          0          0          0
  dps              :       0.00       0.00          0          0          0
  dualval          :       0.00       0.00          0          0          0
  farkasdiving     :       0.00       0.00          0          0          0
  feaspump         :       0.00       0.00          0          0          0
  fixandinfer      :       0.00       0.00          0          0          0
  fracdiving       :       0.00       0.00          0          0          0
  gins             :       0.00       0.00          0          0          0
  guideddiving     :       0.00       0.00          0          0          0
  indicator        :       0.00       0.00          0          0          0
  indicatordiving  :       0.00       0.00          0          0          0
  intdiving        :       0.00       0.00          0          0          0
  intshifting      :       0.00       0.00          0          0          0
  linesearchdiving :       0.00       0.00          0          0          0
  localbranching   :       0.00       0.00          0          0          0
  locks            :       0.00       0.00          0          0          0
  lpface           :       0.00       0.00          0          0          0
  mpec             :       0.00       0.00          0          0          0
  multistart       :       0.00       0.00          0          0          0
  mutation         :       0.00       0.00          0          0          0
  nlpdiving        :       0.00       0.00          0          0          0
  objpscostdiving  :       0.00       0.00          0          0          0
  octane           :       0.00       0.00          0          0          0
  ofins            :       0.00       0.00          0          0          0
  oneopt           :       0.00       0.00          0          0          0
  padm             :       0.00       0.00          0          0          0
  proximity        :       0.00       0.00          0          0          0
  pscostdiving     :       0.00       0.00          0          0          0
  randrounding     :       0.00       0.00          0          0          0
  rens             :       0.00       0.00          0          0          0
  reoptsols        :       0.00       0.00          0          0          0
  repair           :       0.00       0.00          0          0          0
  rins             :       0.00       0.00          0          0          0
  rootsoldiving    :       0.00       0.00          0          0          0
  rounding         :       0.00       0.00          0          0          0
  scheduler        :       0.00       0.00          0          0          0
  shiftandpropagate:       0.00       0.00          0          0          0
  shifting         :       0.00       0.00          0          0          0
  simplerounding   :       0.00       0.00          0          0          0
  subnlp           :       0.00       0.00          0          0          0
  trivial          :       0.00       0.00          0          0          0
  trivialnegation  :       0.00       0.00          0          0          0
  trustregion      :       0.00       0.00          0          0          0
  trysol           :       0.00       0.00          0          0          0
  twoopt           :       0.00       0.00          0          0          0
  undercover       :       0.00       0.00          0          0          0
  vbounds          :       0.00       0.00          0          0          0
  veclendiving     :       0.00       0.00          0          0          0
  zeroobj          :       0.00       0.00          0          0          0
  zirounding       :       0.00       0.00          0          0          0
  other solutions  :          -          -          -          1          -
LNS (Scheduler)    :      Calls  SetupTime  SolveTime SolveNodes       Sols       Best       Exp3    Exp3-IX  EpsGreedy        UCB TgtFixRate  Opt  Inf Node Stal  Sol  Usr Othr Actv
  rens             :          0       0.00       0.00          0          0          0    0.00000    0.12500   -1.00000    1.00000      0.900    0    0    0    0    0    0    0    1
  rins             :          0       0.00       0.00          0          0          0    0.00000    0.12500   -1.00000    1.00000      0.900    0    0    0    0    0    0    0    1
  mutation         :          0       0.00       0.00          0          0          0    0.00000    0.12500   -1.00000    1.00000      0.900    0    0    0    0    0    0    0    1
  localbranching   :          0       0.00       0.00          0          0          0    0.00000    0.12500   -1.00000    1.00000      0.900    0    0    0    0    0    0    0    1
  crossover        :          0       0.00       0.00          0          0          0    0.00000    0.12500   -1.00000    1.00000      0.900    0    0    0    0    0    0    0    1
  proximity        :          0       0.00       0.00          0          0          0    0.00000    0.12500   -1.00000    1.00000      0.900    0    0    0    0    0    0    0    1
  zeroobjective    :          0       0.00       0.00          0          0          0    0.00000    0.12500   -1.00000    1.00000      0.900    0    0    0    0    0    0    0    1
  dins             :          0       0.00       0.00          0          0          0    0.00000    0.12500   -1.00000    1.00000      0.900    0    0    0    0    0    0    0    1
  trustregion      :          0       0.00       0.00          0          0          0    0.00000    0.00000   -1.00000    1.00000      0.900    0    0    0    0    0    0    0    0
LP                 :       Time      Calls Iterations  Iter/call   Iter/sec  Time-0-It Calls-0-It    ItLimit
  primal LP        :       0.00          0          0       0.00          -       0.00          0
  dual LP          :       0.02         61        647      10.61   29397.06       0.00          0
  lex dual LP      :       0.00          0          0       0.00          -
  barrier LP       :       0.00          0          0       0.00          -       0.00          0
  resolve instable :       0.00          0          0       0.00          -
  diving/probing LP:       0.01          0          0       0.00       0.00
  strong branching :       0.27        565       1279       2.26    4688.81          -          -          3
    (at root node) :          -         48         96       2.00          -
  conflict analysis:       0.00          0          0       0.00          -
B&B Tree           :
  number of runs   :          1
  nodes            :         61 (61 internal, 0 leaves)
  feasible leaves  :          0
  infeas. leaves   :          0
  objective leaves :          0
  nodes (total)    :         61 (61 internal, 0 leaves)
  nodes left       :         62
  max depth        :         24
  max depth (total):         24
  backtracks       :          6 (9.8%)
  early backtracks :          0 (0.0%)
  nodes exc. ref.  :          0 (0.0%)
  delayed cutoffs  :          0
  repropagations   :          0 (0 domain reductions, 0 cutoffs)
  avg switch length:       1.98
  switching time   :       0.00
Root Node          :
  First LP value   : +1.81241745183287e+04
  First LP Iters   :        340 (114017.44 Iter/sec)
  First LP Time    :       0.00
  Final Dual Bound : +1.84991745183287e+04
  Final Root Iters :        340
  Root LP Estimate : +7.02612922202304e+04
Solution           :
  Solutions found  :          1 (1 improvements)
  First Solution   : +1.30596000000000e+05   (in run 0, after 0 nodes, 0.00 seconds, depth -1, found by <initial>)
  Gap First Sol.   :   infinite
  Gap Last Sol.    :   infinite
  Primal Bound     : +1.30596000000000e+05   (in run 0, after 0 nodes, 0.00 seconds, depth -1, found by <initial>)
  Dual Bound       : +1.94104406362985e+04
  Gap              :     572.81 %
Integrals          :      Total       Avg%
  primal-dual      : 7469938.91      85.35
  primal-ref       :          -          - (not evaluated)
  dual-ref         :          -          - (not evaluated)
