SCIP version 9.2.2 [precision: 8 byte] [memory: block] [mode: optimized] [LP solver: CPLEX 12.10.0.0] [GitHash: 416226a4f8]
Copyright (c) 2002-2025 Zuse Institute Berlin (ZIB)

reading parameter file </scratch/htc/yzhou/exp_scipmip/settings/sandbox_fullstrong.set>

read problem </scratch/htc/yzhou/exp_scipmip/instances/ult_experiments/22433.mps>
============

original problem has 429 variables (231 bin, 0 int, 0 impl, 198 cont) and 198 constraints
    198 constraints of type <linear>
Reading Time: 0.04

read solution </scratch/htc/yzhou/solutions/22433.sol>
============

primal solution from solution file </scratch/htc/yzhou/solutions/22433.sol> was accepted as candidate, will be checked when solving starts
original problem has 429 variables (231 bin, 0 int, 0 impl, 198 cont) and 198 constraints
    198 constraints of type <linear>
Reading Time: 0.05
solve problem
=============
LP Solver <CPLEX 12.10.0.0>: fastmip setting not available -- SCIP parameter has no effect
LP Solver <CPLEX 12.10.0.0>: clock type cannot be set
LP Solver <CPLEX 12.10.0.0>: row representation of the basis not available -- SCIP parameter lp/rowrepswitch has no effect
LP Solver <CPLEX 12.10.0.0>: solution polishing not available -- SCIP parameter lp/solutionpolishing has no effect
LP Solver <CPLEX 12.10.0.0>: refactorization interval not available -- SCIP parameter lp/refactorinterval has no effect
1/1 feasible solution given by solution candidate storage, new primal bound 2.147700e+04

transformed problem has 429 variables (231 bin, 0 int, 0 impl, 198 cont) and 198 constraints
    198 constraints of type <linear>

original problem has 3408 active (4.01215%) nonzeros and 3408 (4.01215%) check nonzeros

presolving:
(round 1, fast)       197 del vars, 0 del conss, 1 add conss, 0 chg bounds, 0 chg sides, 0 chg coeffs, 0 upgd conss, 0 impls, 0 clqs
(round 2, fast)       197 del vars, 0 del conss, 1 add conss, 0 chg bounds, 198 chg sides, 0 chg coeffs, 0 upgd conss, 0 impls, 0 clqs
(round 3, fast)       197 del vars, 0 del conss, 1 add conss, 0 chg bounds, 198 chg sides, 0 chg coeffs, 0 upgd conss, 0 impls, 0 clqs
(round 4, exhaustive) 197 del vars, 1 del conss, 1 add conss, 0 chg bounds, 199 chg sides, 0 chg coeffs, 0 upgd conss, 0 impls, 0 clqs
(round 5, exhaustive) 197 del vars, 1 del conss, 1 add conss, 0 chg bounds, 199 chg sides, 0 chg coeffs, 197 upgd conss, 0 impls, 0 clqs
   (0.0s) probing: 100/231 (43.3%) - 0 fixings, 0 aggregations, 99 implications, 0 bound changes
   (0.0s) probing: 200/231 (86.6%) - 0 fixings, 0 aggregations, 199 implications, 0 bound changes
   (0.0s) probing cycle finished: starting next cycle
   (0.0s) symmetry computation started: requiring (bin +, int +, cont +), (fixed: bin -, int -, cont -)
   (0.0s) no symmetry present (symcode time: 0.00)
clique table cleanup detected 0 bound changes

presolved problem has 3211 active (6.99016%) nonzeros and 3211 (6.99016%) check nonzeros

presolving (6 rounds: 6 fast, 3 medium, 3 exhaustive):
 197 deleted vars, 1 deleted constraints, 1 added constraints, 0 tightened bounds, 0 added holes, 199 changed sides, 0 changed coefficients
 231 implications, 0 cliques
presolved problem has 232 variables (231 bin, 0 int, 1 impl, 0 cont) and 198 constraints
     67 constraints of type <knapsack>
      1 constraints of type <linear>
    130 constraints of type <logicor>
transformed objective value is always integral (scale: 1)
Presolving Time: 0.03
transformed 1/1 original solutions to the transformed problem space

 time | node  | left  |LP iter|LP it/n|mem/heur|mdpt |vars |cons |rows |cuts |sepa|confs|strbr|  dualbound   | primalbound  |  gap   | compl. 
  0.0s|     1 |     0 |   259 |     - |  5767k |   0 | 232 | 198 | 198 |   0 |  0 |   0 |   0 | 2.124053e+04 | 2.147700e+04 |   1.11%| unknown
  0.0s|     1 |     0 |   260 |     - |  5767k |   0 | 232 | 198 | 198 |   0 |  0 |   0 |   0 | 2.124100e+04 | 2.147700e+04 |   1.11%| unknown
  0.0s|     1 |     0 |   260 |     - |  5767k |   0 | 232 | 198 | 198 |   0 |  0 |   0 |   0 | 2.124100e+04 | 2.147700e+04 |   1.11%| unknown
  0.0s|     1 |     0 |   260 |     - |  5770k |   0 | 232 | 199 | 199 |   0 |  1 |   0 |   0 | 2.124100e+04 | 2.147700e+04 |   1.11%| unknown
  0.1s|     1 |     0 |   316 |     - |  5778k |   0 | 232 | 198 | 200 |   0 |  2 |   0 |   2 | 2.127818e+04 | 2.147700e+04 |   0.93%| unknown
  0.1s|     1 |     0 |   317 |     - |  5778k |   0 | 232 | 198 | 198 |   0 |  2 |   0 |   2 | 2.127900e+04 | 2.147700e+04 |   0.93%| unknown
  0.1s|     1 |     0 |   317 |     - |  5778k |   0 | 232 | 198 | 196 |   0 |  2 |   0 |   2 | 2.127900e+04 | 2.147700e+04 |   0.93%| unknown
  0.1s|     1 |     0 |   317 |     - |  5780k |   0 | 232 | 197 | 197 |   0 |  3 |   0 |   2 | 2.127900e+04 | 2.147700e+04 |   0.93%| unknown
  0.1s|     1 |     0 |   339 |     - |  5848k |   0 | 232 | 195 | 197 |   0 |  4 |   0 |   4 | 2.134000e+04 | 2.147700e+04 |   0.64%| unknown
  0.1s|     1 |     0 |   346 |     - |  5856k |   0 | 232 | 196 | 198 |   0 |  5 |   0 |   5 | 2.134000e+04 | 2.147700e+04 |   0.64%| unknown
  0.1s|     1 |     0 |   375 |     - |  5861k |   0 | 232 | 196 | 200 |   0 |  6 |   0 |  10 | 2.134200e+04 | 2.147700e+04 |   0.63%| unknown
  0.1s|     1 |     0 |   384 |     - |  5863k |   0 | 232 | 193 | 201 |   0 |  7 |   0 |  13 | 2.138000e+04 | 2.147700e+04 |   0.45%| unknown
  0.1s|     1 |     0 |   386 |     - |  5866k |   0 | 232 | 191 | 201 |   0 |  8 |   0 |  14 | 2.138000e+04 | 2.147700e+04 |   0.45%| unknown
  0.1s|     1 |     0 |   495 |     - |  5880k |   0 | 232 | 190 | 202 |   0 |  9 |   0 |  15 | 2.138449e+04 | 2.147700e+04 |   0.43%| unknown
  0.1s|     1 |     0 |   498 |     - |  5880k |   0 | 232 | 190 | 189 |   0 |  9 |   0 |  15 | 2.138500e+04 | 2.147700e+04 |   0.43%| unknown
 time | node  | left  |LP iter|LP it/n|mem/heur|mdpt |vars |cons |rows |cuts |sepa|confs|strbr|  dualbound   | primalbound  |  gap   | compl. 
  0.1s|     1 |     0 |   498 |     - |  5880k |   0 | 232 | 190 | 188 |   0 |  9 |   0 |  15 | 2.138500e+04 | 2.147700e+04 |   0.43%| unknown
  0.1s|     1 |     0 |   498 |     - |  5883k |   0 | 232 | 179 | 188 |   0 | 10 |   0 |  15 | 2.138500e+04 | 2.147700e+04 |   0.43%| unknown
  0.1s|     1 |     0 |   563 |     - |  5885k |   0 | 232 | 178 | 188 |   0 | 11 |   0 |  16 | 2.139450e+04 | 2.147700e+04 |   0.39%| unknown
  0.1s|     1 |     0 |   603 |     - |  5885k |   0 | 232 | 178 | 177 |   0 | 11 |   0 |  16 | 2.139500e+04 | 2.147700e+04 |   0.38%| unknown
  0.1s|     1 |     0 |   603 |     - |  5885k |   0 | 232 | 178 | 175 |   0 | 11 |   0 |  16 | 2.139500e+04 | 2.147700e+04 |   0.38%| unknown
  0.1s|     1 |     0 |   603 |     - |  5903k |   0 | 232 | 164 | 179 |   0 | 12 |   0 |  16 | 2.139500e+04 | 2.147700e+04 |   0.38%| unknown
  0.1s|     1 |     0 |   736 |     - |  5906k |   0 | 232 | 165 | 180 |   0 | 13 |   0 |  17 | 2.140511e+04 | 2.147700e+04 |   0.34%| unknown
  0.1s|     1 |     0 |   737 |     - |  5906k |   0 | 232 | 165 | 166 |   0 | 13 |   0 |  17 | 2.140600e+04 | 2.147700e+04 |   0.33%| unknown
  0.1s|     1 |     0 |   737 |     - |  5906k |   0 | 232 | 165 | 159 |   0 | 13 |   0 |  17 | 2.140600e+04 | 2.147700e+04 |   0.33%| unknown
  0.1s|     1 |     0 |   737 |     - |  5906k |   0 | 232 | 151 | 159 |   0 | 14 |   0 |  17 | 2.140600e+04 | 2.147700e+04 |   0.33%| unknown
  0.1s|     1 |     0 |   773 |     - |  5907k |   0 | 232 | 150 | 159 |   0 | 15 |   0 |  18 | 2.141134e+04 | 2.147700e+04 |   0.31%| unknown
  0.1s|     1 |     0 |   775 |     - |  5907k |   0 | 232 | 150 | 151 |   0 | 15 |   0 |  18 | 2.141200e+04 | 2.147700e+04 |   0.30%| unknown
  0.1s|     1 |     0 |   775 |     - |  5907k |   0 | 232 | 150 | 150 |   0 | 15 |   0 |  18 | 2.141200e+04 | 2.147700e+04 |   0.30%| unknown
  0.1s|     1 |     0 |   833 |     - |  5909k |   0 | 232 | 138 | 150 |   0 | 16 |   0 |  19 | 2.144259e+04 | 2.147700e+04 |   0.16%| unknown
  0.1s|     1 |     0 |   834 |     - |  5909k |   0 | 232 | 138 | 138 |   0 | 16 |   0 |  19 | 2.144300e+04 | 2.147700e+04 |   0.16%| unknown
 time | node  | left  |LP iter|LP it/n|mem/heur|mdpt |vars |cons |rows |cuts |sepa|confs|strbr|  dualbound   | primalbound  |  gap   | compl. 
  0.1s|     1 |     0 |   834 |     - |  5909k |   0 | 232 | 138 | 133 |   0 | 16 |   0 |  19 | 2.144300e+04 | 2.147700e+04 |   0.16%| unknown
  0.1s|     1 |     0 |   834 |     - |  5909k |   0 | 232 | 122 | 133 |   0 | 17 |   0 |  19 | 2.144300e+04 | 2.147700e+04 |   0.16%| unknown
  0.1s|     1 |     0 |   855 |     - |  5911k |   0 | 232 | 116 | 133 |   0 | 18 |   0 |  20 | 2.144867e+04 | 2.147700e+04 |   0.13%| unknown
  0.1s|     1 |     0 |   868 |     - |  5911k |   0 | 232 | 116 | 124 |   0 | 18 |   0 |  20 | 2.144900e+04 | 2.147700e+04 |   0.13%| unknown
  0.1s|     1 |     0 |   869 |     - |  5913k |   0 | 232 | 116 | 124 |   0 | 19 |   0 |  21 | 2.144900e+04 | 2.147700e+04 |   0.13%| unknown
  0.1s|     1 |     0 |   912 |     - |  5913k |   0 | 232 | 115 | 124 |   0 | 20 |   0 |  23 | 2.147700e+04 | 2.147700e+04 |   0.00%| unknown
  0.1s|     1 |     0 |   912 |     - |  5913k |   0 | 232 | 115 | 124 |   0 | 20 |   0 |  23 | 2.147700e+04 | 2.147700e+04 |   0.00%| unknown

SCIP Status        : problem is solved [optimal solution found]
Solving Time (sec) : 0.13
Solving Nodes      : 1
Primal Bound       : +2.14770000000000e+04 (1 solutions)
Dual Bound         : +2.14770000000000e+04
Gap                : 0.00 %

primal solution:
================

objective value:                                21477
X00003                                              1 	(obj:0)
X00006                                              1 	(obj:0)
X00007                                              1 	(obj:0)
X00009                                              1 	(obj:0)
X00012                                              1 	(obj:0)
X00014                                              1 	(obj:0)
X00015                                              1 	(obj:0)
X00022                                              1 	(obj:0)
X00024                                              1 	(obj:0)
X00028                                              1 	(obj:0)
X00036                                              1 	(obj:0)
X00038                                              1 	(obj:0)
X00039                                              1 	(obj:0)
X00040                                              1 	(obj:0)
X00043                                              1 	(obj:0)
X00047                                              1 	(obj:0)
X00050                                              1 	(obj:0)
X00055                                              1 	(obj:0)
X00057                                              1 	(obj:0)
X00059                                              1 	(obj:0)
X00063                                              1 	(obj:0)
X00064                                              1 	(obj:0)
X00066                                              1 	(obj:0)
X00069                                              1 	(obj:0)
X00071                                              1 	(obj:0)
X00082                                              1 	(obj:0)
X00090                                              1 	(obj:0)
X00093                                              1 	(obj:0)
X00094                                              1 	(obj:0)
X00100                                              1 	(obj:0)
X00101                                              1 	(obj:0)
X00103                                              1 	(obj:0)
X00105                                              1 	(obj:0)
X00107                                              1 	(obj:0)
X00111                                              1 	(obj:0)
X00112                                              1 	(obj:0)
X00114                                              1 	(obj:0)
X00117                                              1 	(obj:0)
X00119                                              1 	(obj:0)
X00128                                              1 	(obj:0)
X00131                                              1 	(obj:0)
X00133                                              1 	(obj:0)
X00148                                              1 	(obj:0)
X00150                                              1 	(obj:0)
X00151                                              1 	(obj:0)
X00152                                              1 	(obj:0)
X00156                                              1 	(obj:0)
X00158                                              1 	(obj:0)
X00166                                              1 	(obj:0)
X00168                                              1 	(obj:0)
X00170                                              1 	(obj:0)
X00172                                              1 	(obj:0)
X00176                                              1 	(obj:0)
X00178                                              1 	(obj:0)
X00180                                              1 	(obj:0)
X00182                                              1 	(obj:0)
X00186                                              1 	(obj:0)
X00188                                              1 	(obj:0)
X00197                                              1 	(obj:0)
X00199                                              1 	(obj:0)
X00203                                              1 	(obj:0)
X00212                                              1 	(obj:0)
X00216                                              1 	(obj:0)
X00218                                              1 	(obj:0)
X00219                                              1 	(obj:0)
X00220                                              1 	(obj:0)
X00225                                              1 	(obj:0)
X00226                                              1 	(obj:0)
X00227                                              1 	(obj:0)
X00229                                              1 	(obj:0)
X00232                                              1 	(obj:0)
X00233                                              1 	(obj:0)
X00234                                              1 	(obj:0)
X00240                                              1 	(obj:0)
X00243                                              1 	(obj:0)
X00247                                              1 	(obj:0)
X00248                                              1 	(obj:0)
X00252                                              1 	(obj:0)
X00281                                              1 	(obj:0)
X00299                                              1 	(obj:0)
X00302                                              1 	(obj:0)
X00303                                              1 	(obj:0)
X00318                                              1 	(obj:0)
X00320                                              1 	(obj:0)
X00324                                              1 	(obj:0)
X00331                                              1 	(obj:0)
X00341                                              1 	(obj:0)
X00343                                              1 	(obj:0)
X00358                                              1 	(obj:0)
X00364                                              1 	(obj:0)
X00365                                              2 	(obj:0)
X00366                                              1 	(obj:0)
X00367                                              1 	(obj:0)
X00369                                              1 	(obj:0)
X00377                                              1 	(obj:0)
X00388                                              1 	(obj:0)
X00391                                              1 	(obj:0)
X00392                                              1 	(obj:0)
X00403                                              1 	(obj:0)
X00405                                              2 	(obj:0)
X00415                                              2 	(obj:0)
X00418                                              1 	(obj:0)
X00000                                          21477 	(obj:1)

Statistics
==========

SCIP Status        : problem is solved [optimal solution found]
Total Time         :       0.19
  solving          :       0.13
  presolving       :       0.03 (included in solving)
  reading          :       0.05
  copying          :       0.00 (0 times copied the problem)
Original Problem   :
  Problem name     : 22433
  Variables        : 429 (231 binary, 0 integer, 0 implicit integer, 198 continuous)
  Constraints      : 198 initial, 198 maximal
  Objective        : minimize, 1 non-zeros (abs.min = 1, abs.max = 1)
Presolved Problem  :
  Problem name     : t_22433
  Variables        : 232 (231 binary, 0 integer, 1 implicit integer, 0 continuous)
  Constraints      : 198 initial, 200 maximal
  Objective        : minimize, 1 non-zeros (abs.min = 1, abs.max = 1)
  Nonzeros         : 3211 constraint, 0 clique table
Presolvers         :   ExecTime  SetupTime  Calls  FixedVars   AggrVars   ChgTypes  ChgBounds   AddHoles    DelCons    AddCons   ChgSides   ChgCoefs
  boundshift       :       0.00       0.00      0          0          0          0          0          0          0          0          0          0
  convertinttobin  :       0.00       0.00      0          0          0          0          0          0          0          0          0          0
  domcol           :       0.00       0.00      1          0          0          0          0          0          0          0          0          0
  dualagg          :       0.00       0.00      0          0          0          0          0          0          0          0          0          0
  dualcomp         :       0.00       0.00      0          0          0          0          0          0          0          0          0          0
  dualinfer        :       0.00       0.00      0          0          0          0          0          0          0          0          0          0
  dualsparsify     :       0.00       0.00      1          0          0          0          0          0          0          0          0          0
  gateextraction   :       0.00       0.00      0          0          0          0          0          0          0          0          0          0
  implics          :       0.00       0.00      3          0          0          0          0          0          0          0          0          0
  inttobinary      :       0.00       0.00      0          0          0          0          0          0          0          0          0          0
  qpkktref         :       0.00       0.00      0          0          0          0          0          0          0          0          0          0
  redvub           :       0.00       0.00      0          0          0          0          0          0          0          0          0          0
  sparsify         :       0.00       0.00      1          0          0          0          0          0          0          0          0          0
  stuffing         :       0.00       0.00      0          0          0          0          0          0          0          0          0          0
  trivial          :       0.00       0.00      6          0          0          0          0          0          0          0          0          0
  tworowbnd        :       0.00       0.00      0          0          0          0          0          0          0          0          0          0
  dualfix          :       0.00       0.00      6          0          0          0          0          0          0          0          0          0
  genvbounds       :       0.00       0.00      0          0          0          0          0          0          0          0          0          0
  probing          :       0.01       0.00      1          0          0          0          0          0          0          0          0          0
  pseudoobj        :       0.00       0.00      1          0          0          0          0          0          0          0          0          0
  symmetry         :       0.00       0.00      1          0          0          0          0          0          0          0          0          0
  vbounds          :       0.00       0.00      0          0          0          0          0          0          0          0          0          0
  knapsack         :       0.00       0.00      3          0          0          0          0          0          0          0          0          0
  linear           :       0.01       0.00      9          0        197          1          0          0          1          1        199          0
  logicor          :       0.00       0.00      3          0          0          0          0          0          0          0          0          0
  benders          :       0.00       0.00      0          0          0          0          0          0          0          0          0          0
  components       :       0.00       0.00      1          0          0          0          0          0          0          0          0          0
  root node        :          -          -      -        175          -          -        189          -          -          -          -          -
Constraints        :     Number  MaxNumber  #Separate #Propagate    #EnfoLP    #EnfoRelax  #EnfoPS    #Check   #ResProp    Cutoffs    DomReds       Cuts    Applied      Conss   Children
  benderslp        :          0          0          0          0         14          0          0          3          0          0          0          0          0          0          0
  integral         :          0          0          0          0         14          0          0          3          0          0         14          0          0          0          0
  knapsack         :         67         67          0        733          0          0          0          1          0          0          2          0          0          0          0
  linear           :          1+         6          0        733          0          0          0          1          0          0          0          0          0          0          0
  logicor          :        130        130          0        242          0          0          0          1          0          0         31          0          0          0          0
  benders          :          0          0          0          0          0          0          0          2          0          0          0          0          0          0          0
  fixedvar         :          0          0          0          0          0          0          0          2          0          0          0          0          0          0          0
  countsols        :          0          0          0          0          0          0          0          2          0          0          0          0          0          0          0
  components       :          0          0          0          0          0          0          0          0          0          0          0          0          0          0          0
Constraint Timings :  TotalTime  SetupTime   Separate  Propagate     EnfoLP     EnfoPS     EnfoRelax   Check    ResProp    SB-Prop
  benderslp        :       0.00       0.00       0.00       0.00       0.00       0.00       0.00       0.00       0.00       0.00
  integral         :       0.06       0.00       0.00       0.00       0.06       0.00       0.00       0.00       0.00       0.00
  knapsack         :       0.00       0.00       0.00       0.00       0.00       0.00       0.00       0.00       0.00       0.00
  linear           :       0.00       0.00       0.00       0.00       0.00       0.00       0.00       0.00       0.00       0.00
  logicor          :       0.00       0.00       0.00       0.00       0.00       0.00       0.00       0.00       0.00       0.00
  benders          :       0.00       0.00       0.00       0.00       0.00       0.00       0.00       0.00       0.00       0.00
  fixedvar         :       0.00       0.00       0.00       0.00       0.00       0.00       0.00       0.00       0.00       0.00
  countsols        :       0.00       0.00       0.00       0.00       0.00       0.00       0.00       0.00       0.00       0.00
  components       :       0.00       0.00       0.00       0.00       0.00       0.00       0.00       0.00       0.00       0.00
Propagators        : #Propagate   #ResProp    Cutoffs    DomReds
  dualfix          :         40          0          0          0
  genvbounds       :          0          0          0          0
  nlobbt           :          0          0          0          0
  obbt             :          0          0          0          0
  probing          :          0          0          0          0
  pseudoobj        :        105          0          0         14
  redcost          :         41          0          0        128
  rootredcost      :          0          0          0          0
  symmetry         :          0          0          0          0
  vbounds          :         29          0          0          0
Propagator Timings :  TotalTime  SetupTime   Presolve  Propagate    ResProp    SB-Prop
  dualfix          :       0.00       0.00       0.00       0.00       0.00       0.00
  genvbounds       :       0.00       0.00       0.00       0.00       0.00       0.00
  nlobbt           :       0.00       0.00       0.00       0.00       0.00       0.00
  obbt             :       0.00       0.00       0.00       0.00       0.00       0.00
  probing          :       0.01       0.00       0.01       0.00       0.00       0.00
  pseudoobj        :       0.00       0.00       0.00       0.00       0.00       0.00
  redcost          :       0.00       0.00       0.00       0.00       0.00       0.00
  rootredcost      :       0.00       0.00       0.00       0.00       0.00       0.00
  symmetry         :       0.00       0.00       0.00       0.00       0.00       0.00
  vbounds          :       0.00       0.00       0.00       0.00       0.00       0.00
Symmetry           :
  orbitopal red.   :          0 reductions applied,          0 cutoffs
  orbital reduction:          0 reductions applied,          0 cutoffs
  lexicographic red:          0 reductions applied,          0 cutoffs
  shadow tree time :       0.00 s
Conflict Analysis  :       Time      Calls    Success    DomReds  Conflicts   Literals    Reconvs ReconvLits   Dualrays   Nonzeros   LP Iters   (pool size: [--,--])
  propagation      :       0.00          0          0          -          0        0.0          0        0.0          -          -          -
  infeasible LP    :       0.00          0          0          -          0        0.0          0        0.0          0        0.0          0
  bound exceed. LP :       0.00          0          0          -          0        0.0          0        0.0          0        0.0          0
  strong branching :       0.00          0          0          -          0        0.0          0        0.0          -          -          0
  pseudo solution  :       0.00          0          0          -          0        0.0          0        0.0          -          -          -
  applied globally :       0.00          -          -          0          0        0.0          -          -          0          -          -
  applied locally  :          -          -          -          0          0        0.0          -          -          0          -          -
Separators         :   ExecTime  SetupTime      Calls  RootCalls    Cutoffs    DomReds  FoundCuts ViaPoolAdd  DirectAdd    Applied ViaPoolApp  DirectApp      Conss
  cut pool         :       0.00          -          0          0          -          -          0          0          -          -          -          -          -    (maximal pool size:          0)
  aggregation      :       0.00       0.00          0          0          0          0          0          0          0          0          0          0          0
  > cmir           :          -          -          -          -          -          -          -          0          0          0          0          0          -
  > flowcover      :          -          -          -          -          -          -          -          0          0          0          0          0          -
  > knapsackcover  :          -          -          -          -          -          -          -          0          0          0          0          0          -
  cgmip            :       0.00       0.00          0          0          0          0          0          0          0          0          0          0          0
  clique           :       0.00       0.00          0          0          0          0          0          0          0          0          0          0          0
  closecuts        :       0.00       0.00          0          0          0          0          0          0          0          0          0          0          0
  convexproj       :       0.00       0.00          0          0          0          0          0          0          0          0          0          0          0
  disjunctive      :       0.00       0.00          0          0          0          0          0          0          0          0          0          0          0
  eccuts           :       0.00       0.00          0          0          0          0          0          0          0          0          0          0          0
  gauge            :       0.00       0.00          0          0          0          0          0          0          0          0          0          0          0
  gomory           :       0.00       0.00          0          0          0          0          0          0          0          0          0          0          0
  > gomorymi       :          -          -          -          -          -          -          -          0          0          0          0          0          -
  > strongcg       :          -          -          -          -          -          -          -          0          0          0          0          0          -
  impliedbounds    :       0.00       0.00          0          0          0          0          0          0          0          0          0          0          0
  interminor       :       0.00       0.00          0          0          0          0          0          0          0          0          0          0          0
  intobj           :       0.00       0.00          0          0          0          0          0          0          0          0          0          0          0
  lagromory        :       0.00       0.00          0          0          0          0          0          0          0          0          0          0          0
  mcf              :       0.00       0.00          0          0          0          0          0          0          0          0          0          0          0
  minor            :       0.00       0.00          0          0          0          0          0          0          0          0          0          0          0
  mixing           :       0.00       0.00          0          0          0          0          0          0          0          0          0          0          0
  oddcycle         :       0.00       0.00          0          0          0          0          0          0          0          0          0          0          0
  rapidlearning    :       0.00       0.00          0          0          0          0          0          0          0          0          0          0          0
  rlt              :       0.00       0.00          0          0          0          0          0          0          0          0          0          0          0
  zerohalf         :       0.00       0.00          0          0          0          0          0          0          0          0          0          0          0
Cutselectors       :   ExecTime  SetupTime      Calls  RootCalls   Selected     Forced   Filtered  RootSelec   RootForc   RootFilt 
  hybrid           :       0.00       0.00          0          0          0          0          0          0          0          0
  ensemble         :       0.00       0.00          0          0          0          0          0          0          0          0
  dynamic          :       0.00       0.00          0          0          0          0          0          0          0          0
Pricers            :   ExecTime  SetupTime      Calls       Vars
  problem variables:       0.00          -          0          0
Branching Rules    :   ExecTime  SetupTime   BranchLP  BranchExt   BranchPS    Cutoffs    DomReds       Cuts      Conss   Children
  allfullstrong    :       0.00       0.00          0          0          0          0          0          0          0          0
  cloud            :       0.00       0.00          0          0          0          0          0          0          0          0
  distribution     :       0.00       0.00          0          0          0          0          0          0          0          0
  fullstrong       :       0.06       0.00         14          0          0          0         14          0          0          0
  general_disjuncti:       0.00       0.00          0          0          0          0          0          0          0          0
  GeneralDisjunction(extra): subMILPs=0 fairNodes of all MILPs=0 probingLPs=0
  gomory           :       0.00       0.00          0          0          0          0          0          0          0          0
  inference        :       0.00       0.00          0          0          0          0          0          0          0          0
  leastinf         :       0.00       0.00          0          0          0          0          0          0          0          0
  lookahead        :       0.00       0.00          0          0          0          0          0          0          0          0
  mostinf          :       0.00       0.00          0          0          0          0          0          0          0          0
  multaggr         :       0.00       0.00          0          0          0          0          0          0          0          0
  nodereopt        :       0.00       0.00          0          0          0          0          0          0          0          0
  pscost           :       0.00       0.00          0          0          0          0          0          0          0          0
  random           :       0.00       0.00          0          0          0          0          0          0          0          0
  relpscost        :       0.00       0.00          0          0          0          0          0          0          0          0
  vanillafullstrong:       0.00       0.00          0          0          0          0          0          0          0          0
Primal Heuristics  :   ExecTime  SetupTime      Calls      Found       Best
  LP solutions     :       0.00          -          -          0          0
  relax solutions  :       0.00          -          -          0          0
  pseudo solutions :       0.00          -          -          0          0
  strong branching :       0.00          -          -          0          0
  actconsdiving    :       0.00       0.00          0          0          0
  adaptivediving   :       0.00       0.00          0          0          0
  alns             :       0.00       0.00          0          0          0
  bound            :       0.00       0.00          0          0          0
  clique           :       0.00       0.00          0          0          0
  coefdiving       :       0.00       0.00          0          0          0
  completesol      :       0.00       0.00          0          0          0
  conflictdiving   :       0.00       0.00          0          0          0
  crossover        :       0.00       0.00          0          0          0
  dins             :       0.00       0.00          0          0          0
  distributiondivin:       0.00       0.00          0          0          0
  dps              :       0.00       0.00          0          0          0
  dualval          :       0.00       0.00          0          0          0
  farkasdiving     :       0.00       0.00          0          0          0
  feaspump         :       0.00       0.00          0          0          0
  fixandinfer      :       0.00       0.00          0          0          0
  fracdiving       :       0.00       0.00          0          0          0
  gins             :       0.00       0.00          0          0          0
  guideddiving     :       0.00       0.00          0          0          0
  indicator        :       0.00       0.00          0          0          0
  indicatordiving  :       0.00       0.00          0          0          0
  intdiving        :       0.00       0.00          0          0          0
  intshifting      :       0.00       0.00          0          0          0
  linesearchdiving :       0.00       0.00          0          0          0
  localbranching   :       0.00       0.00          0          0          0
  locks            :       0.00       0.00          0          0          0
  lpface           :       0.00       0.00          0          0          0
  mpec             :       0.00       0.00          0          0          0
  multistart       :       0.00       0.00          0          0          0
  mutation         :       0.00       0.00          0          0          0
  nlpdiving        :       0.00       0.00          0          0          0
  objpscostdiving  :       0.00       0.00          0          0          0
  octane           :       0.00       0.00          0          0          0
  ofins            :       0.00       0.00          0          0          0
  oneopt           :       0.00       0.00          0          0          0
  padm             :       0.00       0.00          0          0          0
  proximity        :       0.00       0.00          0          0          0
  pscostdiving     :       0.00       0.00          0          0          0
  randrounding     :       0.00       0.00          0          0          0
  rens             :       0.00       0.00          0          0          0
  reoptsols        :       0.00       0.00          0          0          0
  repair           :       0.00       0.00          0          0          0
  rins             :       0.00       0.00          0          0          0
  rootsoldiving    :       0.00       0.00          0          0          0
  rounding         :       0.00       0.00          0          0          0
  scheduler        :       0.00       0.00          0          0          0
  shiftandpropagate:       0.00       0.00          0          0          0
  shifting         :       0.00       0.00          0          0          0
  simplerounding   :       0.00       0.00          0          0          0
  subnlp           :       0.00       0.00          0          0          0
  trivial          :       0.00       0.00          0          0          0
  trivialnegation  :       0.00       0.00          0          0          0
  trustregion      :       0.00       0.00          0          0          0
  trysol           :       0.00       0.00          0          0          0
  twoopt           :       0.00       0.00          0          0          0
  undercover       :       0.00       0.00          0          0          0
  vbounds          :       0.00       0.00          0          0          0
  veclendiving     :       0.00       0.00          0          0          0
  zeroobj          :       0.00       0.00          0          0          0
  zirounding       :       0.00       0.00          0          0          0
  other solutions  :          -          -          -          1          -
LNS (Scheduler)    :      Calls  SetupTime  SolveTime SolveNodes       Sols       Best       Exp3    Exp3-IX  EpsGreedy        UCB TgtFixRate  Opt  Inf Node Stal  Sol  Usr Othr Actv
  rens             :          0       0.00       0.00          0          0          0    0.00000    0.12500   -1.00000    1.00000      0.900    0    0    0    0    0    0    0    1
  rins             :          0       0.00       0.00          0          0          0    0.00000    0.12500   -1.00000    1.00000      0.900    0    0    0    0    0    0    0    1
  mutation         :          0       0.00       0.00          0          0          0    0.00000    0.12500   -1.00000    1.00000      0.900    0    0    0    0    0    0    0    1
  localbranching   :          0       0.00       0.00          0          0          0    0.00000    0.12500   -1.00000    1.00000      0.900    0    0    0    0    0    0    0    1
  crossover        :          0       0.00       0.00          0          0          0    0.00000    0.12500   -1.00000    1.00000      0.900    0    0    0    0    0    0    0    1
  proximity        :          0       0.00       0.00          0          0          0    0.00000    0.12500   -1.00000    1.00000      0.900    0    0    0    0    0    0    0    1
  zeroobjective    :          0       0.00       0.00          0          0          0    0.00000    0.12500   -1.00000    1.00000      0.900    0    0    0    0    0    0    0    1
  dins             :          0       0.00       0.00          0          0          0    0.00000    0.12500   -1.00000    1.00000      0.900    0    0    0    0    0    0    0    1
  trustregion      :          0       0.00       0.00          0          0          0    0.00000    0.00000   -1.00000    1.00000      0.900    0    0    0    0    0    0    0    0
LP                 :       Time      Calls Iterations  Iter/call   Iter/sec  Time-0-It Calls-0-It    ItLimit
  primal LP        :       0.00          0          0       0.00          -       0.00          0
  dual LP          :       0.02         36        912      39.65   42033.46       0.00         13
  lex dual LP      :       0.00          0          0       0.00          -
  barrier LP       :       0.00          0          0       0.00          -       0.00          0
  resolve instable :       0.00          0          0       0.00          -
  diving/probing LP:       0.00          0          0       0.00          -
  strong branching :       0.06         23       3253     141.43   54663.08          -          -          0
    (at root node) :          -         23       3253     141.43          -
  conflict analysis:       0.00          0          0       0.00          -
B&B Tree           :
  number of runs   :          1
  nodes            :          1 (0 internal, 1 leaves)
  feasible leaves  :          0
  infeas. leaves   :          0
  objective leaves :          1
  nodes (total)    :          1 (0 internal, 1 leaves)
  nodes left       :          0
  max depth        :          0
  max depth (total):          0
  backtracks       :          0 (0.0%)
  early backtracks :          0 (0.0%)
  nodes exc. ref.  :          0 (0.0%)
  delayed cutoffs  :          0
  repropagations   :          0 (0 domain reductions, 0 cutoffs)
  avg switch length:       2.00
  switching time   :       0.00
Root Node          :
  First LP value   : +2.12405261707989e+04
  First LP Iters   :        259 (45059.15 Iter/sec)
  First LP Time    :       0.01
  Final Dual Bound :          -
  Final Root Iters :        912
  Root LP Estimate :                     -
Solution           :
  Solutions found  :          1 (1 improvements)
  First Solution   : +2.14770000000000e+04   (in run 0, after 0 nodes, 0.00 seconds, depth -1, found by <initial>)
  Gap First Sol.   :   infinite
  Gap Last Sol.    :   infinite
  Primal Bound     : +2.14770000000000e+04   (in run 0, after 0 nodes, 0.00 seconds, depth -1, found by <initial>)
  Dual Bound       : +2.14770000000000e+04
  Gap              :       0.00 %
Integrals          :      Total       Avg%
  primal-dual      :       4.60      34.97
  primal-ref       :          -          - (not evaluated)
  dual-ref         :          -          - (not evaluated)
