SCIP version 9.2.2 [precision: 8 byte] [memory: block] [mode: optimized] [LP solver: CPLEX 12.10.0.0] [GitHash: 416226a4f8]
Copyright (c) 2002-2025 Zuse Institute Berlin (ZIB)

reading parameter file </scratch/htc/yzhou/exp_scipmip/settings/settings_gap/sandbox_fullstrong_gap0.2995_network08.set>

read problem </scratch/htc/yzhou/qoblib/qoblib-quantum-optimization-benchmarking-library/08-network/models/integer_lp/additional/network08.lp>
============

original problem has 449 variables (0 bin, 449 int, 0 impl, 0 cont) and 520 constraints
    520 constraints of type <linear>
Reading Time: 0.02

read solution </scratch/htc/yzhou/qoblib/qoblib-quantum-optimization-benchmarking-library/08-network/solutions/network08.opt.sol>
============

unknown variable <#> in line 1 of solution file </scratch/htc/yzhou/qoblib/qoblib-quantum-optimization-benchmarking-library/08-network/solutions/network08.opt.sol>
  (further unknown variables are ignored)
primal solution from solution file </scratch/htc/yzhou/qoblib/qoblib-quantum-optimization-benchmarking-library/08-network/solutions/network08.opt.sol> was accepted as candidate, will be checked when solving starts
original problem has 449 variables (0 bin, 449 int, 0 impl, 0 cont) and 520 constraints
    520 constraints of type <linear>
Reading Time: 0.13
solve problem
=============
LP Solver <CPLEX 12.10.0.0>: fastmip setting not available -- SCIP parameter has no effect
LP Solver <CPLEX 12.10.0.0>: clock type cannot be set
LP Solver <CPLEX 12.10.0.0>: row representation of the basis not available -- SCIP parameter lp/rowrepswitch has no effect
LP Solver <CPLEX 12.10.0.0>: solution polishing not available -- SCIP parameter lp/solutionpolishing has no effect
LP Solver <CPLEX 12.10.0.0>: refactorization interval not available -- SCIP parameter lp/refactorinterval has no effect
1/1 feasible solution given by solution candidate storage, new primal bound 1.702310e+05

transformed problem has 449 variables (56 bin, 393 int, 0 impl, 0 cont) and 520 constraints
    520 constraints of type <linear>

original problem has 2072 active (0.887442%) nonzeros and 2072 (0.887442%) check nonzeros

presolving:
(round 1, fast)       0 del vars, 0 del conss, 0 add conss, 393 chg bounds, 0 chg sides, 0 chg coeffs, 0 upgd conss, 0 impls, 0 clqs
(round 2, fast)       0 del vars, 0 del conss, 0 add conss, 393 chg bounds, 0 chg sides, 392 chg coeffs, 0 upgd conss, 0 impls, 0 clqs
(round 3, exhaustive) 0 del vars, 0 del conss, 0 add conss, 393 chg bounds, 0 chg sides, 392 chg coeffs, 392 upgd conss, 0 impls, 0 clqs
   (0.0s) probing: 51/56 (91.1%) - 0 fixings, 0 aggregations, 0 implications, 0 bound changes
   (0.0s) probing aborted: 50/50 successive totally useless probings
   (0.0s) symmetry computation started: requiring (bin +, int +, cont +), (fixed: bin -, int -, cont -)
   (0.0s) no symmetry present (symcode time: 0.00)
clique table cleanup detected 0 bound changes

presolved problem has 2072 active (0.887442%) nonzeros and 2072 (0.887442%) check nonzeros

presolving (4 rounds: 4 fast, 2 medium, 2 exhaustive):
 0 deleted vars, 0 deleted constraints, 0 added constraints, 393 tightened bounds, 0 added holes, 0 changed sides, 392 changed coefficients
 392 implications, 0 cliques
presolved problem has 449 variables (56 bin, 393 int, 0 impl, 0 cont) and 520 constraints
    392 constraints of type <varbound>
    128 constraints of type <linear>
transformed objective value is always integral (scale: 1)
Presolving Time: 0.02

 time | node  | left  |LP iter|LP it/n|mem/heur|mdpt |vars |cons |rows |cuts |sepa|confs|strbr|  dualbound   | primalbound  |  gap   | compl. 
  0.0s|     1 |     0 |    88 |     - |  5212k |   0 | 449 | 520 | 520 |   0 |  0 |   0 |   0 | 4.371429e+04 | 1.702310e+05 | 289.42%| unknown
  0.0s|     1 |     0 |    89 |     - |  5212k |   0 | 449 | 520 | 520 |   0 |  0 |   0 |   0 | 4.371500e+04 | 1.702310e+05 | 289.41%| unknown
  0.1s|     1 |     2 |    89 |     - |  5218k |   0 | 449 | 520 | 520 |   0 |  1 |   0 |  44 | 5.100000e+04 | 1.702310e+05 | 233.79%| unknown
  2.1s|   100 |    95 |  2265 |  22.0 |  5281k |  17 | 449 | 520 | 520 |   0 |  1 |   0 |3222 | 1.029233e+05 | 1.702310e+05 |  65.40%|  60.11%
  3.9s|   200 |   153 |  6806 |  33.8 |  5453k |  26 | 449 | 520 | 520 |   0 |  1 |   0 |5580 | 1.032567e+05 | 1.702310e+05 |  64.86%|  60.22%

SCIP Status        : solving was interrupted [gap limit reached]
Solving Time (sec) : 4.84
Solving Nodes      : 251
Primal Bound       : +1.70231000000000e+05 (1 solutions)
Dual Bound         : +1.53000000000000e+05
Gap                : 11.26 %

primal solution:
================

objective value:                               170231
z                                              170231 	(obj:1)
x#1#3                                               1 	(obj:0)
x#1#8                                               1 	(obj:0)
x#2#4                                               1 	(obj:0)
x#2#5                                               1 	(obj:0)
x#3#2                                               1 	(obj:0)
x#3#7                                               1 	(obj:0)
x#4#6                                               1 	(obj:0)
x#4#8                                               1 	(obj:0)
x#5#6                                               1 	(obj:0)
x#5#7                                               1 	(obj:0)
x#6#2                                               1 	(obj:0)
x#6#1                                               1 	(obj:0)
x#7#4                                               1 	(obj:0)
x#7#1                                               1 	(obj:0)
x#8#3                                               1 	(obj:0)
x#8#5                                               1 	(obj:0)
f#1#1#3                                        151615 	(obj:0)
f#1#1#8                                         82385 	(obj:0)
f#1#2#4                                         23000 	(obj:0)
f#1#2#5                                           615 	(obj:0)
f#1#3#2                                         47615 	(obj:0)
f#1#3#7                                         61000 	(obj:0)
f#1#5#6                                         41000 	(obj:0)
f#1#8#5                                         61385 	(obj:0)
f#2#2#4                                         36308 	(obj:0)
f#2#2#5                                         64692 	(obj:0)
f#2#4#6                                         13308 	(obj:0)
f#2#4#8                                         23000 	(obj:0)
f#2#5#6                                          4692 	(obj:0)
f#2#5#7                                         39000 	(obj:0)
f#3#2#4                                         42000 	(obj:0)
f#3#2#5                                         52615 	(obj:0)
f#3#3#2                                         94615 	(obj:0)
f#3#3#7                                         49385 	(obj:0)
f#3#4#8                                         22000 	(obj:0)
f#3#5#6                                          8615 	(obj:0)
f#3#6#1                                          8615 	(obj:0)
f#3#7#1                                          7385 	(obj:0)
f#4#1#3                                         18615 	(obj:0)
f#4#2#5                                         13308 	(obj:0)
f#4#3#7                                         43000 	(obj:0)
f#4#4#6                                        150923 	(obj:0)
f#4#4#8                                        111077 	(obj:0)
f#4#6#2                                         33308 	(obj:0)
f#4#6#1                                         60615 	(obj:0)
f#4#8#3                                         42385 	(obj:0)
f#4#8#5                                         26692 	(obj:0)
f#5#2#4                                         12923 	(obj:0)
f#5#5#6                                         95923 	(obj:0)
f#5#5#7                                         87077 	(obj:0)
f#5#6#2                                         12923 	(obj:0)
f#5#7#4                                         27077 	(obj:0)
f#6#1#8                                         41000 	(obj:0)
f#6#2#4                                         37000 	(obj:0)
f#6#2#5                                         39000 	(obj:0)
f#6#5#7                                         21000 	(obj:0)
f#6#6#2                                         94000 	(obj:0)
f#6#6#1                                        101000 	(obj:0)
f#7#1#8                                         46846 	(obj:0)
f#7#4#8                                         14154 	(obj:0)
f#7#7#4                                         14154 	(obj:0)
f#7#7#1                                         68846 	(obj:0)
f#8#2#4                                         19000 	(obj:0)
f#8#3#2                                         19000 	(obj:0)
f#8#3#7                                         16846 	(obj:0)
f#8#5#6                                         20000 	(obj:0)
f#8#5#7                                         23154 	(obj:0)
f#8#8#3                                         55846 	(obj:0)
f#8#8#5                                         60154 	(obj:0)

Statistics
==========

SCIP Status        : solving was interrupted [gap limit reached]
Total Time         :       4.97
  solving          :       4.84
  presolving       :       0.02 (included in solving)
  reading          :       0.13
  copying          :       0.00 (0 times copied the problem)
Original Problem   :
  Problem name     : /scratch/htc/yzhou/qoblib/qoblib-quantum-optimization-benchmarking-library/08-network/models/integer_lp/additional/network08.lp
  Variables        : 449 (0 binary, 449 integer, 0 implicit integer, 0 continuous)
  Constraints      : 520 initial, 520 maximal
  Objective        : minimize, 1 non-zeros (abs.min = 1, abs.max = 1)
Presolved Problem  :
  Problem name     : t_/scratch/htc/yzhou/qoblib/qoblib-quantum-optimization-benchmarking-library/08-network/models/integer_lp/additional/network08.lp
  Variables        : 449 (56 binary, 393 integer, 0 implicit integer, 0 continuous)
  Constraints      : 520 initial, 520 maximal
  Objective        : minimize, 1 non-zeros (abs.min = 1, abs.max = 1)
  Nonzeros         : 2072 constraint, 0 clique table
Presolvers         :   ExecTime  SetupTime  Calls  FixedVars   AggrVars   ChgTypes  ChgBounds   AddHoles    DelCons    AddCons   ChgSides   ChgCoefs
  boundshift       :       0.00       0.00      0          0          0          0          0          0          0          0          0          0
  convertinttobin  :       0.00       0.00      0          0          0          0          0          0          0          0          0          0
  domcol           :       0.00       0.00      1          0          0          0          0          0          0          0          0          0
  dualagg          :       0.00       0.00      0          0          0          0          0          0          0          0          0          0
  dualcomp         :       0.00       0.00      0          0          0          0          0          0          0          0          0          0
  dualinfer        :       0.00       0.00      0          0          0          0          0          0          0          0          0          0
  dualsparsify     :       0.00       0.00      1          0          0          0          0          0          0          0          0          0
  gateextraction   :       0.00       0.00      0          0          0          0          0          0          0          0          0          0
  implics          :       0.00       0.00      2          0          0          0          0          0          0          0          0          0
  inttobinary      :       0.00       0.00      4          0          0          0          0          0          0          0          0          0
  qpkktref         :       0.00       0.00      0          0          0          0          0          0          0          0          0          0
  redvub           :       0.00       0.00      0          0          0          0          0          0          0          0          0          0
  sparsify         :       0.00       0.00      1          0          0          0          0          0          0          0          0          0
  stuffing         :       0.00       0.00      0          0          0          0          0          0          0          0          0          0
  trivial          :       0.00       0.00      4          0          0          0          0          0          0          0          0          0
  tworowbnd        :       0.00       0.00      0          0          0          0          0          0          0          0          0          0
  dualfix          :       0.00       0.00      4          0          0          0          0          0          0          0          0          0
  genvbounds       :       0.00       0.00      0          0          0          0          0          0          0          0          0          0
  probing          :       0.00       0.00      1          0          0          0          0          0          0          0          0          0
  pseudoobj        :       0.00       0.00      1          0          0          0          1          0          0          0          0          0
  symmetry         :       0.00       0.00      1          0          0          0          0          0          0          0          0          0
  vbounds          :       0.00       0.00      0          0          0          0          0          0          0          0          0          0
  varbound         :       0.00       0.00      2          0          0          0          0          0          0          0          0          0
  linear           :       0.01       0.00      6          0          0          0        392          0          0          0          0        392
  benders          :       0.00       0.00      0          0          0          0          0          0          0          0          0          0
  components       :       0.00       0.00      1          0          0          0          0          0          0          0          0          0
  root node        :          -          -      -          1          -          -          2          -          -          -          -          -
Constraints        :     Number  MaxNumber  #Separate #Propagate    #EnfoLP    #EnfoRelax  #EnfoPS    #Check   #ResProp    Cutoffs    DomReds       Cuts    Applied      Conss   Children
  benderslp        :          0          0          0          0        453          0          0          2          0          0          0          0          0          0          0
  integral         :          0          0          0          0        453          0          0          2          0          0        237          0          0          0        432
  varbound         :        392        392          0        102          0          0          0          0          0          0          0          0          0          0          0
  linear           :        128        128          0        102          0          0          0          0          0          0          0          0          0          0          0
  benders          :          0          0          0          0          0          0          0          1          0          0          0          0          0          0          0
  fixedvar         :          0          0          0          0          0          0          0          1          0          0          0          0          0          0          0
  countsols        :          0          0          0          0          0          0          0          1          0          0          0          0          0          0          0
  components       :          0          0          0          0          0          0          0          0          0          0          0          0          0          0          0
Constraint Timings :  TotalTime  SetupTime   Separate  Propagate     EnfoLP     EnfoPS     EnfoRelax   Check    ResProp    SB-Prop
  benderslp        :       0.00       0.00       0.00       0.00       0.00       0.00       0.00       0.00       0.00       0.00
  integral         :       4.59       0.00       0.00       0.00       4.59       0.00       0.00       0.00       0.00       0.00
  varbound         :       0.00       0.00       0.00       0.00       0.00       0.00       0.00       0.00       0.00       0.00
  linear           :       0.00       0.00       0.00       0.00       0.00       0.00       0.00       0.00       0.00       0.00
  benders          :       0.00       0.00       0.00       0.00       0.00       0.00       0.00       0.00       0.00       0.00
  fixedvar         :       0.00       0.00       0.00       0.00       0.00       0.00       0.00       0.00       0.00       0.00
  countsols        :       0.00       0.00       0.00       0.00       0.00       0.00       0.00       0.00       0.00       0.00
  components       :       0.00       0.00       0.00       0.00       0.00       0.00       0.00       0.00       0.00       0.00
Propagators        : #Propagate   #ResProp    Cutoffs    DomReds
  dualfix          :          2          0          0          0
  genvbounds       :          0          0          0          0
  nlobbt           :          0          0          0          0
  obbt             :          0          0          0          0
  probing          :          0          0          0          0
  pseudoobj        :          6          0          0          1
  redcost          :          2          0          0          0
  rootredcost      :          0          0          0          0
  symmetry         :          0          0          0          0
  vbounds          :          0          0          0          0
Propagator Timings :  TotalTime  SetupTime   Presolve  Propagate    ResProp    SB-Prop
  dualfix          :       0.00       0.00       0.00       0.00       0.00       0.00
  genvbounds       :       0.00       0.00       0.00       0.00       0.00       0.00
  nlobbt           :       0.00       0.00       0.00       0.00       0.00       0.00
  obbt             :       0.00       0.00       0.00       0.00       0.00       0.00
  probing          :       0.00       0.00       0.00       0.00       0.00       0.00
  pseudoobj        :       0.00       0.00       0.00       0.00       0.00       0.00
  redcost          :       0.00       0.00       0.00       0.00       0.00       0.00
  rootredcost      :       0.00       0.00       0.00       0.00       0.00       0.00
  symmetry         :       0.00       0.00       0.00       0.00       0.00       0.00
  vbounds          :       0.00       0.00       0.00       0.00       0.00       0.00
Symmetry           :
  orbitopal red.   :          0 reductions applied,          0 cutoffs
  orbital reduction:          0 reductions applied,          0 cutoffs
  lexicographic red:          0 reductions applied,          0 cutoffs
  shadow tree time :       0.00 s
Conflict Analysis  :       Time      Calls    Success    DomReds  Conflicts   Literals    Reconvs ReconvLits   Dualrays   Nonzeros   LP Iters   (pool size: [--,--])
  propagation      :       0.00          0          0          -          0        0.0          0        0.0          -          -          -
  infeasible LP    :       0.00          0          0          -          0        0.0          0        0.0          0        0.0          0
  bound exceed. LP :       0.00          0          0          -          0        0.0          0        0.0          0        0.0          0
  strong branching :       0.00          0          0          -          0        0.0          0        0.0          -          -          0
  pseudo solution  :       0.00          0          0          -          0        0.0          0        0.0          -          -          -
  applied globally :       0.00          -          -          0          0        0.0          -          -          0          -          -
  applied locally  :          -          -          -          0          0        0.0          -          -          0          -          -
Separators         :   ExecTime  SetupTime      Calls  RootCalls    Cutoffs    DomReds  FoundCuts ViaPoolAdd  DirectAdd    Applied ViaPoolApp  DirectApp      Conss
  cut pool         :       0.00          -          0          0          -          -          0          0          -          -          -          -          -    (maximal pool size:          0)
  aggregation      :       0.00       0.00          0          0          0          0          0          0          0          0          0          0          0
  > cmir           :          -          -          -          -          -          -          -          0          0          0          0          0          -
  > flowcover      :          -          -          -          -          -          -          -          0          0          0          0          0          -
  > knapsackcover  :          -          -          -          -          -          -          -          0          0          0          0          0          -
  cgmip            :       0.00       0.00          0          0          0          0          0          0          0          0          0          0          0
  clique           :       0.00       0.00          0          0          0          0          0          0          0          0          0          0          0
  closecuts        :       0.00       0.00          0          0          0          0          0          0          0          0          0          0          0
  convexproj       :       0.00       0.00          0          0          0          0          0          0          0          0          0          0          0
  disjunctive      :       0.00       0.00          0          0          0          0          0          0          0          0          0          0          0
  eccuts           :       0.00       0.00          0          0          0          0          0          0          0          0          0          0          0
  gauge            :       0.00       0.00          0          0          0          0          0          0          0          0          0          0          0
  gomory           :       0.00       0.00          0          0          0          0          0          0          0          0          0          0          0
  > gomorymi       :          -          -          -          -          -          -          -          0          0          0          0          0          -
  > strongcg       :          -          -          -          -          -          -          -          0          0          0          0          0          -
  impliedbounds    :       0.00       0.00          0          0          0          0          0          0          0          0          0          0          0
  interminor       :       0.00       0.00          0          0          0          0          0          0          0          0          0          0          0
  intobj           :       0.00       0.00          0          0          0          0          0          0          0          0          0          0          0
  lagromory        :       0.00       0.00          0          0          0          0          0          0          0          0          0          0          0
  mcf              :       0.00       0.00          0          0          0          0          0          0          0          0          0          0          0
  minor            :       0.00       0.00          0          0          0          0          0          0          0          0          0          0          0
  mixing           :       0.00       0.00          0          0          0          0          0          0          0          0          0          0          0
  oddcycle         :       0.00       0.00          0          0          0          0          0          0          0          0          0          0          0
  rapidlearning    :       0.00       0.00          0          0          0          0          0          0          0          0          0          0          0
  rlt              :       0.00       0.00          0          0          0          0          0          0          0          0          0          0          0
  zerohalf         :       0.00       0.00          0          0          0          0          0          0          0          0          0          0          0
Cutselectors       :   ExecTime  SetupTime      Calls  RootCalls   Selected     Forced   Filtered  RootSelec   RootForc   RootFilt 
  hybrid           :       0.00       0.00          0          0          0          0          0          0          0          0
  ensemble         :       0.00       0.00          0          0          0          0          0          0          0          0
  dynamic          :       0.00       0.00          0          0          0          0          0          0          0          0
Pricers            :   ExecTime  SetupTime      Calls       Vars
  problem variables:       0.00          -          0          0
Branching Rules    :   ExecTime  SetupTime   BranchLP  BranchExt   BranchPS    Cutoffs    DomReds       Cuts      Conss   Children
  allfullstrong    :       0.00       0.00          0          0          0          0          0          0          0          0
  cloud            :       0.00       0.00          0          0          0          0          0          0          0          0
  distribution     :       0.00       0.00          0          0          0          0          0          0          0          0
  fullstrong       :       4.59       0.00        453          0          0          0        237          0          0        432
  general_disjuncti:       0.00       0.00          0          0          0          0          0          0          0          0
  GeneralDisjunction(extra): subMILPs=0 fairNodes of all MILPs=0 probingLPs=0
  gomory           :       0.00       0.00          0          0          0          0          0          0          0          0
  inference        :       0.00       0.00          0          0          0          0          0          0          0          0
  leastinf         :       0.00       0.00          0          0          0          0          0          0          0          0
  lookahead        :       0.00       0.00          0          0          0          0          0          0          0          0
  mostinf          :       0.00       0.00          0          0          0          0          0          0          0          0
  multaggr         :       0.00       0.00          0          0          0          0          0          0          0          0
  nodereopt        :       0.00       0.00          0          0          0          0          0          0          0          0
  pscost           :       0.00       0.00          0          0          0          0          0          0          0          0
  random           :       0.00       0.00          0          0          0          0          0          0          0          0
  relpscost        :       0.00       0.00          0          0          0          0          0          0          0          0
  vanillafullstrong:       0.00       0.00          0          0          0          0          0          0          0          0
Primal Heuristics  :   ExecTime  SetupTime      Calls      Found       Best
  LP solutions     :       0.00          -          -          0          0
  relax solutions  :       0.00          -          -          0          0
  pseudo solutions :       0.00          -          -          0          0
  strong branching :       0.01          -          -          0          0
  actconsdiving    :       0.00       0.00          0          0          0
  adaptivediving   :       0.00       0.00          0          0          0
  alns             :       0.00       0.00          0          0          0
  bound            :       0.00       0.00          0          0          0
  clique           :       0.00       0.00          0          0          0
  coefdiving       :       0.00       0.00          0          0          0
  completesol      :       0.00       0.00          0          0          0
  conflictdiving   :       0.00       0.00          0          0          0
  crossover        :       0.00       0.00          0          0          0
  dins             :       0.00       0.00          0          0          0
  distributiondivin:       0.00       0.00          0          0          0
  dps              :       0.00       0.00          0          0          0
  dualval          :       0.00       0.00          0          0          0
  farkasdiving     :       0.00       0.00          0          0          0
  feaspump         :       0.00       0.00          0          0          0
  fixandinfer      :       0.00       0.00          0          0          0
  fracdiving       :       0.00       0.00          0          0          0
  gins             :       0.00       0.00          0          0          0
  guideddiving     :       0.00       0.00          0          0          0
  indicator        :       0.00       0.00          0          0          0
  indicatordiving  :       0.00       0.00          0          0          0
  intdiving        :       0.00       0.00          0          0          0
  intshifting      :       0.00       0.00          0          0          0
  linesearchdiving :       0.00       0.00          0          0          0
  localbranching   :       0.00       0.00          0          0          0
  locks            :       0.00       0.00          0          0          0
  lpface           :       0.00       0.00          0          0          0
  mpec             :       0.00       0.00          0          0          0
  multistart       :       0.00       0.00          0          0          0
  mutation         :       0.00       0.00          0          0          0
  nlpdiving        :       0.00       0.00          0          0          0
  objpscostdiving  :       0.00       0.00          0          0          0
  octane           :       0.00       0.00          0          0          0
  ofins            :       0.00       0.00          0          0          0
  oneopt           :       0.00       0.00          0          0          0
  padm             :       0.00       0.00          0          0          0
  proximity        :       0.00       0.00          0          0          0
  pscostdiving     :       0.00       0.00          0          0          0
  randrounding     :       0.00       0.00          0          0          0
  rens             :       0.00       0.00          0          0          0
  reoptsols        :       0.00       0.00          0          0          0
  repair           :       0.00       0.00          0          0          0
  rins             :       0.00       0.00          0          0          0
  rootsoldiving    :       0.00       0.00          0          0          0
  rounding         :       0.00       0.00          0          0          0
  scheduler        :       0.00       0.00          0          0          0
  shiftandpropagate:       0.00       0.00          0          0          0
  shifting         :       0.00       0.00          0          0          0
  simplerounding   :       0.00       0.00          0          0          0
  subnlp           :       0.00       0.00          0          0          0
  trivial          :       0.00       0.00          0          0          0
  trivialnegation  :       0.00       0.00          0          0          0
  trustregion      :       0.00       0.00          0          0          0
  trysol           :       0.00       0.00          0          0          0
  twoopt           :       0.00       0.00          0          0          0
  undercover       :       0.00       0.00          0          0          0
  vbounds          :       0.00       0.00          0          0          0
  veclendiving     :       0.00       0.00          0          0          0
  zeroobj          :       0.00       0.00          0          0          0
  zirounding       :       0.00       0.00          0          0          0
  other solutions  :          -          -          -          1          -
LNS (Scheduler)    :      Calls  SetupTime  SolveTime SolveNodes       Sols       Best       Exp3    Exp3-IX  EpsGreedy        UCB TgtFixRate  Opt  Inf Node Stal  Sol  Usr Othr Actv
  rens             :          0       0.00       0.00          0          0          0    0.00000    0.12500   -1.00000    1.00000      0.900    0    0    0    0    0    0    0    1
  rins             :          0       0.00       0.00          0          0          0    0.00000    0.12500   -1.00000    1.00000      0.900    0    0    0    0    0    0    0    1
  mutation         :          0       0.00       0.00          0          0          0    0.00000    0.12500   -1.00000    1.00000      0.900    0    0    0    0    0    0    0    1
  localbranching   :          0       0.00       0.00          0          0          0    0.00000    0.12500   -1.00000    1.00000      0.900    0    0    0    0    0    0    0    1
  crossover        :          0       0.00       0.00          0          0          0    0.00000    0.12500   -1.00000    1.00000      0.900    0    0    0    0    0    0    0    1
  proximity        :          0       0.00       0.00          0          0          0    0.00000    0.12500   -1.00000    1.00000      0.900    0    0    0    0    0    0    0    1
  zeroobjective    :          0       0.00       0.00          0          0          0    0.00000    0.12500   -1.00000    1.00000      0.900    0    0    0    0    0    0    0    1
  dins             :          0       0.00       0.00          0          0          0    0.00000    0.12500   -1.00000    1.00000      0.900    0    0    0    0    0    0    0    1
  trustregion      :          0       0.00       0.00          0          0          0    0.00000    0.00000   -1.00000    1.00000      0.900    0    0    0    0    0    0    0    0
LP                 :       Time      Calls Iterations  Iter/call   Iter/sec  Time-0-It Calls-0-It    ItLimit
  primal LP        :       0.00          0          0       0.00          -       0.00          0
  dual LP          :       0.17        488       9490      19.45   55302.06       0.00          0
  lex dual LP      :       0.00          0          0       0.00          -
  barrier LP       :       0.00          0          0       0.00          -       0.00          0
  resolve instable :       0.00          0          0       0.00          -
  diving/probing LP:       0.06          0          0       0.00       0.00
  strong branching :       4.06       6679     205213      30.73   50533.77          -          -          0
    (at root node) :          -         44       1314      29.86          -
  conflict analysis:       0.00          0          0       0.00          -
B&B Tree           :
  number of runs   :          1
  nodes            :        251 (216 internal, 35 leaves)
  feasible leaves  :          0
  infeas. leaves   :          1
  objective leaves :         33
  nodes (total)    :        251 (216 internal, 35 leaves)
  nodes left       :        183
  max depth        :         27
  max depth (total):         27
  backtracks       :         24 (9.6%)
  early backtracks :          0 (0.0%)
  nodes exc. ref.  :          0 (0.0%)
  delayed cutoffs  :          0
  repropagations   :          0 (0 domain reductions, 0 cutoffs)
  avg switch length:       2.90
  switching time   :       0.00
Root Node          :
  First LP value   : +4.37142857142857e+04
  First LP Iters   :         88 (15661.15 Iter/sec)
  First LP Time    :       0.01
  Final Dual Bound : +5.10000000000000e+04
  Final Root Iters :         89
  Root LP Estimate : +1.42098123281113e+05
Solution           :
  Solutions found  :          1 (1 improvements)
  First Solution   : +1.70231000000000e+05   (in run 0, after 0 nodes, 0.00 seconds, depth -1, found by <initial>)
  Gap First Sol.   :   infinite
  Gap Last Sol.    :   infinite
  Primal Bound     : +1.70231000000000e+05   (in run 0, after 0 nodes, 0.00 seconds, depth -1, found by <initial>)
  Dual Bound       : +1.53000000000000e+05
  Gap              :      11.26 %
Integrals          :      Total       Avg%
  primal-dual      :     215.74      44.58
  primal-ref       :          -          - (not evaluated)
  dual-ref         :          -          - (not evaluated)
