SCIP version 9.2.2 [precision: 8 byte] [memory: block] [mode: optimized] [LP solver: CPLEX 12.10.0.0] [GitHash: 416226a4f8]
Copyright (c) 2002-2025 Zuse Institute Berlin (ZIB)

reading parameter file </scratch/htc/yzhou/exp_scipmip/settings/settings_gap/sandbox_fullstrong_gap1.38_r50x360.set>

read problem </scratch/htc/yzhou/exp_scipmip/instances/tests/r50x360.mps>
============

original problem has 720 variables (360 bin, 0 int, 0 impl, 360 cont) and 410 constraints
    410 constraints of type <linear>
Reading Time: 0.01

read solution </scratch/htc/yzhou/solutions/r50x360.sol>
============

primal solution from solution file </scratch/htc/yzhou/solutions/r50x360.sol> was accepted as candidate, will be checked when solving starts
original problem has 720 variables (360 bin, 0 int, 0 impl, 360 cont) and 410 constraints
    410 constraints of type <linear>
Reading Time: 1.32
solve problem
=============
LP Solver <CPLEX 12.10.0.0>: fastmip setting not available -- SCIP parameter has no effect
LP Solver <CPLEX 12.10.0.0>: clock type cannot be set
LP Solver <CPLEX 12.10.0.0>: row representation of the basis not available -- SCIP parameter lp/rowrepswitch has no effect
LP Solver <CPLEX 12.10.0.0>: solution polishing not available -- SCIP parameter lp/solutionpolishing has no effect
LP Solver <CPLEX 12.10.0.0>: refactorization interval not available -- SCIP parameter lp/refactorinterval has no effect
1/1 feasible solution given by solution candidate storage, new primal bound 1.653000e+03

transformed problem has 720 variables (360 bin, 0 int, 0 impl, 360 cont) and 410 constraints
    410 constraints of type <linear>

original problem has 1440 active (0.487805%) nonzeros and 1440 (0.487805%) check nonzeros

presolving:
(round 1, fast)       2 del vars, 2 del conss, 0 add conss, 2 chg bounds, 0 chg sides, 1 chg coeffs, 0 upgd conss, 0 impls, 0 clqs
(round 2, fast)       2 del vars, 2 del conss, 0 add conss, 3 chg bounds, 0 chg sides, 1 chg coeffs, 0 upgd conss, 0 impls, 0 clqs
(round 3, fast)       3 del vars, 3 del conss, 0 add conss, 3 chg bounds, 0 chg sides, 1 chg coeffs, 0 upgd conss, 0 impls, 0 clqs
(round 4, fast)       4 del vars, 3 del conss, 0 add conss, 3 chg bounds, 0 chg sides, 1 chg coeffs, 0 upgd conss, 0 impls, 0 clqs
(round 5, exhaustive) 4 del vars, 3 del conss, 0 add conss, 3 chg bounds, 0 chg sides, 1 chg coeffs, 358 upgd conss, 0 impls, 0 clqs
   (0.0s) probing: 51/358 (14.2%) - 0 fixings, 0 aggregations, 0 implications, 0 bound changes
   (0.0s) probing aborted: 50/50 successive totally useless probings
   (0.0s) symmetry computation started: requiring (bin +, int +, cont +), (fixed: bin -, int -, cont -)
   (0.0s) no symmetry present (symcode time: 0.00)
clique table cleanup detected 0 bound changes

presolved problem has 1432 active (0.4914%) nonzeros and 1432 (0.4914%) check nonzeros

presolving (6 rounds: 6 fast, 2 medium, 2 exhaustive):
 4 deleted vars, 3 deleted constraints, 0 added constraints, 3 tightened bounds, 0 added holes, 0 changed sides, 1 changed coefficients
 358 implications, 0 cliques
presolved problem has 716 variables (358 bin, 0 int, 0 impl, 358 cont) and 407 constraints
    358 constraints of type <varbound>
     49 constraints of type <linear>
Presolving Time: 0.02
transformed 1/1 original solutions to the transformed problem space

 time | node  | left  |LP iter|LP it/n|mem/heur|mdpt |vars |cons |rows |cuts |sepa|confs|strbr|  dualbound   | primalbound  |  gap   | compl. 
  0.0s|     1 |     0 |    62 |     - |  6539k |   0 | 716 | 407 | 407 |   0 |  0 |   0 |   0 | 5.750200e+02 | 1.653000e+03 | 187.47%| unknown
  0.1s|     1 |     2 |    62 |     - |  7268k |   0 | 716 | 407 | 407 |   0 |  1 |   0 |  43 | 5.981500e+02 | 1.653000e+03 | 176.35%| unknown
  1.3s|   100 |   101 |   248 |   1.9 |  8030k |  15 | 716 | 407 | 407 |   0 |  1 |   0 |3770 | 6.700400e+02 | 1.653000e+03 | 146.70%| unknown

SCIP Status        : solving was interrupted [gap limit reached]
Solving Time (sec) : 2.35
Solving Nodes      : 185
Primal Bound       : +1.65300000000000e+03 (288 solutions)
Dual Bound         : +6.99790000000000e+02
Gap                : 136.21 %

primal solution:
================

objective value:                                 1653
y....076                                            1 	(obj:27)
y....086                                            1 	(obj:20)
y....088                                            1 	(obj:21)
y....097                                            1 	(obj:25)
y....112                                            1 	(obj:21)
y....124                                            1 	(obj:26)
y....130                                            1 	(obj:29)
y....139                                            1 	(obj:24)
y....143                                            1 	(obj:25)
y....145                                            1 	(obj:25)
y....151                                            1 	(obj:36)
y....153                                            1 	(obj:43)
y....161                                            1 	(obj:49)
y....173                                            1 	(obj:43)
y....198                                            1 	(obj:20)
y....213                                            1 	(obj:32)
y....225                                            1 	(obj:25)
y....232                                            1 	(obj:25)
y....235                                            1 	(obj:22)
y....261                                            1 	(obj:37)
y....264                                            1 	(obj:20)
y....265                                            1 	(obj:22)
y....289                                            1 	(obj:40)
y....312                                            1 	(obj:48)
y....316                                            1 	(obj:27)
y....321                                            1 	(obj:44)
y....330                                            1 	(obj:24)
y....333                                            1 	(obj:21)
y....340                                            1 	(obj:23)
y....341                                            1 	(obj:27)
y....347                                            1 	(obj:44)
y....350                                            1 	(obj:37)
y....356                                            1 	(obj:20)
y....358                                            1 	(obj:23)
x....076                                            2 	(obj:5)
x....086                                            5 	(obj:7)
x....088                                            2 	(obj:1)
x....097                                            6 	(obj:7)
x....112                                            4 	(obj:6)
x....124                                           14 	(obj:1)
x....130                                            5 	(obj:3)
x....139                                            5 	(obj:4)
x....143                                            4 	(obj:3)
x....145                                            5 	(obj:2)
x....151                                            4 	(obj:2)
x....153                                            6 	(obj:8)
x....161                                           10 	(obj:1)
x....173                                            7 	(obj:1)
x....198                                            1 	(obj:2)
x....213                                            6 	(obj:1)
x....225                                            3 	(obj:6)
x....232                                            8 	(obj:1)
x....235                                            2 	(obj:4)
x....261                                            5 	(obj:5)
x....264                                            1 	(obj:5)
x....265                                            1 	(obj:5)
x....289                                            3 	(obj:3)
x....312                                            1 	(obj:3)
x....316                                           11 	(obj:2)
x....321                                            5 	(obj:3)
x....330                                            3 	(obj:6)
x....333                                            6 	(obj:8)
x....340                                            7 	(obj:3)
x....341                                           11 	(obj:9)
x....347                                           13 	(obj:4)
x....350                                            5 	(obj:1)
x....356                                            5 	(obj:5)
x....358                                            1 	(obj:7)

Statistics
==========

SCIP Status        : solving was interrupted [gap limit reached]
Total Time         :       3.66
  solving          :       2.35
  presolving       :       0.02 (included in solving)
  reading          :       1.32
  copying          :       0.00 (0 times copied the problem)
Original Problem   :
  Problem name     : r50x360
  Variables        : 720 (360 binary, 0 integer, 0 implicit integer, 360 continuous)
  Constraints      : 410 initial, 410 maximal
  Objective        : minimize, 720 non-zeros (abs.min = 1, abs.max = 49)
Presolved Problem  :
  Problem name     : t_r50x360
  Variables        : 716 (358 binary, 0 integer, 0 implicit integer, 358 continuous)
  Constraints      : 407 initial, 407 maximal
  Objective        : minimize, 716 non-zeros (abs.min = 1, abs.max = 49)
  Nonzeros         : 1432 constraint, 0 clique table
Presolvers         :   ExecTime  SetupTime  Calls  FixedVars   AggrVars   ChgTypes  ChgBounds   AddHoles    DelCons    AddCons   ChgSides   ChgCoefs
  boundshift       :       0.00       0.00      0          0          0          0          0          0          0          0          0          0
  convertinttobin  :       0.00       0.00      0          0          0          0          0          0          0          0          0          0
  domcol           :       0.00       0.00      1          0          0          0          0          0          0          0          0          0
  dualagg          :       0.00       0.00      0          0          0          0          0          0          0          0          0          0
  dualcomp         :       0.00       0.00      1          0          0          0          0          0          0          0          0          0
  dualinfer        :       0.00       0.00      0          0          0          0          0          0          0          0          0          0
  dualsparsify     :       0.00       0.00      1          0          0          0          0          0          0          0          0          0
  gateextraction   :       0.00       0.00      0          0          0          0          0          0          0          0          0          0
  implics          :       0.00       0.00      2          0          0          0          0          0          0          0          0          0
  inttobinary      :       0.00       0.00      0          0          0          0          0          0          0          0          0          0
  qpkktref         :       0.00       0.00      0          0          0          0          0          0          0          0          0          0
  redvub           :       0.00       0.00      0          0          0          0          0          0          0          0          0          0
  sparsify         :       0.00       0.00      1          0          0          0          0          0          0          0          0          0
  stuffing         :       0.00       0.00      0          0          0          0          0          0          0          0          0          0
  trivial          :       0.00       0.00      6          1          0          0          0          0          0          0          0          0
  tworowbnd        :       0.00       0.00      0          0          0          0          0          0          0          0          0          0
  dualfix          :       0.00       0.00      6          1          0          0          0          0          0          0          0          0
  genvbounds       :       0.00       0.00      0          0          0          0          0          0          0          0          0          0
  probing          :       0.00       0.00      1          0          0          0          0          0          0          0          0          0
  pseudoobj        :       0.00       0.00      3          0          0          0          0          0          0          0          0          0
  symmetry         :       0.00       0.00      1          0          0          0          0          0          0          0          0          0
  vbounds          :       0.00       0.00      0          0          0          0          0          0          0          0          0          0
  varbound         :       0.00       0.00      2          0          0          0          0          0          0          0          0          0
  linear           :       0.01       0.00      8          1          1          1          3          0          3          0          0          1
  benders          :       0.00       0.00      0          0          0          0          0          0          0          0          0          0
  components       :       0.00       0.00      1          0          0          0          0          0          0          0          0          0
  root node        :          -          -      -          0          -          -          0          -          -          -          -          -
Constraints        :     Number  MaxNumber  #Separate #Propagate    #EnfoLP    #EnfoRelax  #EnfoPS    #Check   #ResProp    Cutoffs    DomReds       Cuts    Applied      Conss   Children
  benderslp        :          0          0          0          0        187          0          0        290          0          0          0          0          0          0          0
  integral         :          0          0          0          0        187          0          0        290          0          0          2          0          0          0        370
  varbound         :        358        358          0         51          0          0          0        288          0          0          0          0          0          0          0
  linear           :         49         49          0         51          0          0          0        288          0          0          0          0          0          0          0
  benders          :          0          0          0          0          0          0          0        289          0          0          0          0          0          0          0
  fixedvar         :          0          0          0          0          0          0          0        289          0          0          0          0          0          0          0
  countsols        :          0          0          0          0          0          0          0        289          0          0          0          0          0          0          0
  components       :          0          0          0          0          0          0          0          0          0          0          0          0          0          0          0
Constraint Timings :  TotalTime  SetupTime   Separate  Propagate     EnfoLP     EnfoPS     EnfoRelax   Check    ResProp    SB-Prop
  benderslp        :       0.00       0.00       0.00       0.00       0.00       0.00       0.00       0.00       0.00       0.00
  integral         :       2.28       0.00       0.00       0.00       2.28       0.00       0.00       0.00       0.00       0.00
  varbound         :       0.00       0.00       0.00       0.00       0.00       0.00       0.00       0.00       0.00       0.00
  linear           :       0.00       0.00       0.00       0.00       0.00       0.00       0.00       0.00       0.00       0.00
  benders          :       0.00       0.00       0.00       0.00       0.00       0.00       0.00       0.00       0.00       0.00
  fixedvar         :       0.00       0.00       0.00       0.00       0.00       0.00       0.00       0.00       0.00       0.00
  countsols        :       0.00       0.00       0.00       0.00       0.00       0.00       0.00       0.00       0.00       0.00
  components       :       0.00       0.00       0.00       0.00       0.00       0.00       0.00       0.00       0.00       0.00
Propagators        : #Propagate   #ResProp    Cutoffs    DomReds
  dualfix          :          1          0          0          0
  genvbounds       :          0          0          0          0
  nlobbt           :          0          0          0          0
  obbt             :          0          0          0          0
  probing          :          0          0          0          0
  pseudoobj        :          3          0          0          0
  redcost          :          2          0          0          0
  rootredcost      :          0          0          0          0
  symmetry         :          0          0          0          0
  vbounds          :          0          0          0          0
Propagator Timings :  TotalTime  SetupTime   Presolve  Propagate    ResProp    SB-Prop
  dualfix          :       0.00       0.00       0.00       0.00       0.00       0.00
  genvbounds       :       0.00       0.00       0.00       0.00       0.00       0.00
  nlobbt           :       0.00       0.00       0.00       0.00       0.00       0.00
  obbt             :       0.00       0.00       0.00       0.00       0.00       0.00
  probing          :       0.00       0.00       0.00       0.00       0.00       0.00
  pseudoobj        :       0.00       0.00       0.00       0.00       0.00       0.00
  redcost          :       0.00       0.00       0.00       0.00       0.00       0.00
  rootredcost      :       0.00       0.00       0.00       0.00       0.00       0.00
  symmetry         :       0.00       0.00       0.00       0.00       0.00       0.00
  vbounds          :       0.00       0.00       0.00       0.00       0.00       0.00
Symmetry           :
  orbitopal red.   :          0 reductions applied,          0 cutoffs
  orbital reduction:          0 reductions applied,          0 cutoffs
  lexicographic red:          0 reductions applied,          0 cutoffs
  shadow tree time :       0.00 s
Conflict Analysis  :       Time      Calls    Success    DomReds  Conflicts   Literals    Reconvs ReconvLits   Dualrays   Nonzeros   LP Iters   (pool size: [--,--])
  propagation      :       0.00          0          0          -          0        0.0          0        0.0          -          -          -
  infeasible LP    :       0.00          0          0          -          0        0.0          0        0.0          0        0.0          0
  bound exceed. LP :       0.00          0          0          -          0        0.0          0        0.0          0        0.0          0
  strong branching :       0.00          0          0          -          0        0.0          0        0.0          -          -          0
  pseudo solution  :       0.00          0          0          -          0        0.0          0        0.0          -          -          -
  applied globally :       0.00          -          -          0          0        0.0          -          -          0          -          -
  applied locally  :          -          -          -          0          0        0.0          -          -          0          -          -
Separators         :   ExecTime  SetupTime      Calls  RootCalls    Cutoffs    DomReds  FoundCuts ViaPoolAdd  DirectAdd    Applied ViaPoolApp  DirectApp      Conss
  cut pool         :       0.00          -          0          0          -          -          0          0          -          -          -          -          -    (maximal pool size:          0)
  aggregation      :       0.00       0.00          0          0          0          0          0          0          0          0          0          0          0
  > cmir           :          -          -          -          -          -          -          -          0          0          0          0          0          -
  > flowcover      :          -          -          -          -          -          -          -          0          0          0          0          0          -
  > knapsackcover  :          -          -          -          -          -          -          -          0          0          0          0          0          -
  cgmip            :       0.00       0.00          0          0          0          0          0          0          0          0          0          0          0
  clique           :       0.00       0.00          0          0          0          0          0          0          0          0          0          0          0
  closecuts        :       0.00       0.00          0          0          0          0          0          0          0          0          0          0          0
  convexproj       :       0.00       0.00          0          0          0          0          0          0          0          0          0          0          0
  disjunctive      :       0.00       0.00          0          0          0          0          0          0          0          0          0          0          0
  eccuts           :       0.00       0.00          0          0          0          0          0          0          0          0          0          0          0
  gauge            :       0.00       0.00          0          0          0          0          0          0          0          0          0          0          0
  gomory           :       0.00       0.00          0          0          0          0          0          0          0          0          0          0          0
  > gomorymi       :          -          -          -          -          -          -          -          0          0          0          0          0          -
  > strongcg       :          -          -          -          -          -          -          -          0          0          0          0          0          -
  impliedbounds    :       0.00       0.00          0          0          0          0          0          0          0          0          0          0          0
  interminor       :       0.00       0.00          0          0          0          0          0          0          0          0          0          0          0
  intobj           :       0.00       0.00          0          0          0          0          0          0          0          0          0          0          0
  lagromory        :       0.00       0.00          0          0          0          0          0          0          0          0          0          0          0
  mcf              :       0.00       0.00          0          0          0          0          0          0          0          0          0          0          0
  minor            :       0.00       0.00          0          0          0          0          0          0          0          0          0          0          0
  mixing           :       0.00       0.00          0          0          0          0          0          0          0          0          0          0          0
  oddcycle         :       0.00       0.00          0          0          0          0          0          0          0          0          0          0          0
  rapidlearning    :       0.00       0.00          0          0          0          0          0          0          0          0          0          0          0
  rlt              :       0.00       0.00          0          0          0          0          0          0          0          0          0          0          0
  zerohalf         :       0.00       0.00          0          0          0          0          0          0          0          0          0          0          0
Cutselectors       :   ExecTime  SetupTime      Calls  RootCalls   Selected     Forced   Filtered  RootSelec   RootForc   RootFilt 
  hybrid           :       0.00       0.00          0          0          0          0          0          0          0          0
  ensemble         :       0.00       0.00          0          0          0          0          0          0          0          0
  dynamic          :       0.00       0.00          0          0          0          0          0          0          0          0
Pricers            :   ExecTime  SetupTime      Calls       Vars
  problem variables:       0.00          -          0          0
Branching Rules    :   ExecTime  SetupTime   BranchLP  BranchExt   BranchPS    Cutoffs    DomReds       Cuts      Conss   Children
  allfullstrong    :       0.00       0.00          0          0          0          0          0          0          0          0
  cloud            :       0.00       0.00          0          0          0          0          0          0          0          0
  distribution     :       0.00       0.00          0          0          0          0          0          0          0          0
  fullstrong       :       2.28       0.00        187          0          0          0          2          0          0        370
  general_disjuncti:       0.00       0.00          0          0          0          0          0          0          0          0
  GeneralDisjunction(extra): subMILPs=0 fairNodes of all MILPs=0 probingLPs=0
  gomory           :       0.00       0.00          0          0          0          0          0          0          0          0
  inference        :       0.00       0.00          0          0          0          0          0          0          0          0
  leastinf         :       0.00       0.00          0          0          0          0          0          0          0          0
  lookahead        :       0.00       0.00          0          0          0          0          0          0          0          0
  mostinf          :       0.00       0.00          0          0          0          0          0          0          0          0
  multaggr         :       0.00       0.00          0          0          0          0          0          0          0          0
  nodereopt        :       0.00       0.00          0          0          0          0          0          0          0          0
  pscost           :       0.00       0.00          0          0          0          0          0          0          0          0
  random           :       0.00       0.00          0          0          0          0          0          0          0          0
  relpscost        :       0.00       0.00          0          0          0          0          0          0          0          0
  vanillafullstrong:       0.00       0.00          0          0          0          0          0          0          0          0
Primal Heuristics  :   ExecTime  SetupTime      Calls      Found       Best
  LP solutions     :       0.00          -          -          0          0
  relax solutions  :       0.00          -          -          0          0
  pseudo solutions :       0.00          -          -          0          0
  strong branching :       0.16          -          -        287          0
  actconsdiving    :       0.00       0.00          0          0          0
  adaptivediving   :       0.00       0.00          0          0          0
  alns             :       0.00       0.00          0          0          0
  bound            :       0.00       0.00          0          0          0
  clique           :       0.00       0.00          0          0          0
  coefdiving       :       0.00       0.00          0          0          0
  completesol      :       0.00       0.00          0          0          0
  conflictdiving   :       0.00       0.00          0          0          0
  crossover        :       0.00       0.00          0          0          0
  dins             :       0.00       0.00          0          0          0
  distributiondivin:       0.00       0.00          0          0          0
  dps              :       0.00       0.00          0          0          0
  dualval          :       0.00       0.00          0          0          0
  farkasdiving     :       0.00       0.00          0          0          0
  feaspump         :       0.00       0.00          0          0          0
  fixandinfer      :       0.00       0.00          0          0          0
  fracdiving       :       0.00       0.00          0          0          0
  gins             :       0.00       0.00          0          0          0
  guideddiving     :       0.00       0.00          0          0          0
  indicator        :       0.00       0.00          0          0          0
  indicatordiving  :       0.00       0.00          0          0          0
  intdiving        :       0.00       0.00          0          0          0
  intshifting      :       0.00       0.00          0          0          0
  linesearchdiving :       0.00       0.00          0          0          0
  localbranching   :       0.00       0.00          0          0          0
  locks            :       0.00       0.00          0          0          0
  lpface           :       0.00       0.00          0          0          0
  mpec             :       0.00       0.00          0          0          0
  multistart       :       0.00       0.00          0          0          0
  mutation         :       0.00       0.00          0          0          0
  nlpdiving        :       0.00       0.00          0          0          0
  objpscostdiving  :       0.00       0.00          0          0          0
  octane           :       0.00       0.00          0          0          0
  ofins            :       0.00       0.00          0          0          0
  oneopt           :       0.00       0.00          0          0          0
  padm             :       0.00       0.00          0          0          0
  proximity        :       0.00       0.00          0          0          0
  pscostdiving     :       0.00       0.00          0          0          0
  randrounding     :       0.00       0.00          0          0          0
  rens             :       0.00       0.00          0          0          0
  reoptsols        :       0.00       0.00          0          0          0
  repair           :       0.00       0.00          0          0          0
  rins             :       0.00       0.00          0          0          0
  rootsoldiving    :       0.00       0.00          0          0          0
  rounding         :       0.00       0.00          0          0          0
  scheduler        :       0.00       0.00          0          0          0
  shiftandpropagate:       0.00       0.00          0          0          0
  shifting         :       0.00       0.00          0          0          0
  simplerounding   :       0.00       0.00          0          0          0
  subnlp           :       0.00       0.00          0          0          0
  trivial          :       0.00       0.00          0          0          0
  trivialnegation  :       0.00       0.00          0          0          0
  trustregion      :       0.00       0.00          0          0          0
  trysol           :       0.00       0.00          0          0          0
  twoopt           :       0.00       0.00          0          0          0
  undercover       :       0.00       0.00          0          0          0
  vbounds          :       0.00       0.00          0          0          0
  veclendiving     :       0.00       0.00          0          0          0
  zeroobj          :       0.00       0.00          0          0          0
  zirounding       :       0.00       0.00          0          0          0
  other solutions  :          -          -          -          1          -
LNS (Scheduler)    :      Calls  SetupTime  SolveTime SolveNodes       Sols       Best       Exp3    Exp3-IX  EpsGreedy        UCB TgtFixRate  Opt  Inf Node Stal  Sol  Usr Othr Actv
  rens             :          0       0.00       0.00          0          0          0    0.00000    0.12500   -1.00000    1.00000      0.900    0    0    0    0    0    0    0    1
  rins             :          0       0.00       0.00          0          0          0    0.00000    0.12500   -1.00000    1.00000      0.900    0    0    0    0    0    0    0    1
  mutation         :          0       0.00       0.00          0          0          0    0.00000    0.12500   -1.00000    1.00000      0.900    0    0    0    0    0    0    0    1
  localbranching   :          0       0.00       0.00          0          0          0    0.00000    0.12500   -1.00000    1.00000      0.900    0    0    0    0    0    0    0    1
  crossover        :          0       0.00       0.00          0          0          0    0.00000    0.12500   -1.00000    1.00000      0.900    0    0    0    0    0    0    0    1
  proximity        :          0       0.00       0.00          0          0          0    0.00000    0.12500   -1.00000    1.00000      0.900    0    0    0    0    0    0    0    1
  zeroobjective    :          0       0.00       0.00          0          0          0    0.00000    0.12500   -1.00000    1.00000      0.900    0    0    0    0    0    0    0    1
  dins             :          0       0.00       0.00          0          0          0    0.00000    0.12500   -1.00000    1.00000      0.900    0    0    0    0    0    0    0    1
  trustregion      :          0       0.00       0.00          0          0          0    0.00000    0.00000   -1.00000    1.00000      0.900    0    0    0    0    0    0    0    0
LP                 :       Time      Calls Iterations  Iter/call   Iter/sec  Time-0-It Calls-0-It    ItLimit
  primal LP        :       0.00          0          0       0.00          -       0.00          0
  dual LP          :       0.02        187        428       2.29   19772.71       0.00          0
  lex dual LP      :       0.00          0          0       0.00          -
  barrier LP       :       0.00          0          0       0.00          -       0.00          0
  resolve instable :       0.00          0          0       0.00          -
  diving/probing LP:       0.02          0          0       0.00       0.00
  strong branching :       1.63       6950      28035       4.03   17236.62          -          -          0
    (at root node) :          -         43        202       4.70          -
  conflict analysis:       0.00          0          0       0.00          -
B&B Tree           :
  number of runs   :          1
  nodes            :        185 (185 internal, 0 leaves)
  feasible leaves  :          0
  infeas. leaves   :          0
  objective leaves :          0
  nodes (total)    :        185 (185 internal, 0 leaves)
  nodes left       :        186
  max depth        :         16
  max depth (total):         16
  backtracks       :         15 (8.1%)
  early backtracks :          0 (0.0%)
  nodes exc. ref.  :          0 (0.0%)
  delayed cutoffs  :          0
  repropagations   :          0 (0 domain reductions, 0 cutoffs)
  avg switch length:       2.14
  switching time   :       0.00
Root Node          :
  First LP value   : +5.75020000000000e+02
  First LP Iters   :         62 (17146.02 Iter/sec)
  First LP Time    :       0.00
  Final Dual Bound : +5.98150000000000e+02
  Final Root Iters :         62
  Root LP Estimate : +7.32694398061118e+02
Solution           :
  Solutions found  :        288 (1 improvements)
  First Solution   : +1.65300000000000e+03   (in run 0, after 0 nodes, 0.00 seconds, depth -1, found by <initial>)
  Gap First Sol.   :   infinite
  Gap Last Sol.    :   infinite
  Primal Bound     : +1.65300000000000e+03   (in run 0, after 0 nodes, 0.00 seconds, depth -1, found by <initial>)
  Dual Bound       : +6.99790000000000e+02
  Gap              :     136.21 %
Integrals          :      Total       Avg%
  primal-dual      :     141.66      60.36
  primal-ref       :          -          - (not evaluated)
  dual-ref         :          -          - (not evaluated)
