SCIP version 9.2.2 [precision: 8 byte] [memory: block] [mode: optimized] [LP solver: CPLEX 12.10.0.0] [GitHash: 416226a4f8]
Copyright (c) 2002-2025 Zuse Institute Berlin (ZIB)

reading parameter file </scratch/htc/yzhou/exp_scipmip/settings/allon_gendj.set>

read problem </scratch/htc/yzhou/exp_scipmip/instances/additional/acc-tight5.mps>
============

original problem has 1339 variables (1339 bin, 0 int, 0 impl, 0 cont) and 3052 constraints
   3052 constraints of type <linear>
Reading Time: 0.01
solve problem
=============
LP Solver <CPLEX 12.10.0.0>: fastmip setting not available -- SCIP parameter has no effect
LP Solver <CPLEX 12.10.0.0>: clock type cannot be set
LP Solver <CPLEX 12.10.0.0>: row representation of the basis not available -- SCIP parameter lp/rowrepswitch has no effect
LP Solver <CPLEX 12.10.0.0>: solution polishing not available -- SCIP parameter lp/solutionpolishing has no effect
LP Solver <CPLEX 12.10.0.0>: refactorization interval not available -- SCIP parameter lp/refactorinterval has no effect
transformed problem has 1339 variables (1339 bin, 0 int, 0 impl, 0 cont) and 3052 constraints
   3052 constraints of type <linear>

original problem has 16134 active (0.3948%) nonzeros and 16134 (0.3948%) check nonzeros

presolving:
clique table cleanup detected 24 bound changes
(round 1, fast)       31 del vars, 9 del conss, 0 add conss, 4 chg bounds, 0 chg sides, 0 chg coeffs, 0 upgd conss, 0 impls, 2139 clqs
(round 2, fast)       55 del vars, 49 del conss, 0 add conss, 4 chg bounds, 0 chg sides, 0 chg coeffs, 0 upgd conss, 0 impls, 2142 clqs
(round 3, medium)     66 del vars, 49 del conss, 0 add conss, 4 chg bounds, 0 chg sides, 0 chg coeffs, 0 upgd conss, 0 impls, 1987 clqs
(round 4, fast)       143 del vars, 204 del conss, 0 add conss, 4 chg bounds, 0 chg sides, 0 chg coeffs, 0 upgd conss, 0 impls, 1990 clqs
(round 5, exhaustive) 143 del vars, 251 del conss, 0 add conss, 4 chg bounds, 18 chg sides, 0 chg coeffs, 0 upgd conss, 0 impls, 1990 clqs
(round 6, exhaustive) 143 del vars, 251 del conss, 0 add conss, 4 chg bounds, 18 chg sides, 0 chg coeffs, 2746 upgd conss, 0 impls, 1990 clqs
(round 7, medium)     143 del vars, 323 del conss, 71 add conss, 4 chg bounds, 89 chg sides, 502 chg coeffs, 2746 upgd conss, 0 impls, 2026 clqs
(round 8, exhaustive) 143 del vars, 326 del conss, 71 add conss, 4 chg bounds, 99 chg sides, 503 chg coeffs, 2746 upgd conss, 0 impls, 2026 clqs
(round 9, exhaustive) 143 del vars, 326 del conss, 71 add conss, 4 chg bounds, 99 chg sides, 503 chg coeffs, 2754 upgd conss, 0 impls, 2026 clqs
(round 10, exhaustive) 143 del vars, 338 del conss, 71 add conss, 4 chg bounds, 99 chg sides, 503 chg coeffs, 2754 upgd conss, 0 impls, 2026 clqs
   (0.1s) sparsify finished: 52/14313 (0.4%) nonzeros canceled - in total 52 canceled nonzeros, 52 changed coefficients, 0 added nonzeros
(round 11, exhaustive) 143 del vars, 338 del conss, 71 add conss, 4 chg bounds, 99 chg sides, 555 chg coeffs, 2754 upgd conss, 0 impls, 2026 clqs
(round 12, exhaustive) 143 del vars, 343 del conss, 71 add conss, 4 chg bounds, 99 chg sides, 555 chg coeffs, 2754 upgd conss, 0 impls, 2034 clqs
(round 13, exhaustive) 143 del vars, 348 del conss, 71 add conss, 4 chg bounds, 99 chg sides, 555 chg coeffs, 2754 upgd conss, 0 impls, 2034 clqs
(round 14, exhaustive) 143 del vars, 353 del conss, 71 add conss, 4 chg bounds, 99 chg sides, 555 chg coeffs, 2754 upgd conss, 0 impls, 2034 clqs
(round 15, exhaustive) 143 del vars, 358 del conss, 71 add conss, 4 chg bounds, 99 chg sides, 555 chg coeffs, 2754 upgd conss, 0 impls, 2034 clqs
(round 16, exhaustive) 143 del vars, 380 del conss, 71 add conss, 4 chg bounds, 99 chg sides, 555 chg coeffs, 2754 upgd conss, 0 impls, 2034 clqs
(round 17, exhaustive) 143 del vars, 380 del conss, 71 add conss, 4 chg bounds, 99 chg sides, 555 chg coeffs, 2762 upgd conss, 0 impls, 2034 clqs
(round 18, exhaustive) 171 del vars, 381 del conss, 71 add conss, 4 chg bounds, 99 chg sides, 555 chg coeffs, 2762 upgd conss, 0 impls, 2225 clqs
(round 19, fast)       171 del vars, 419 del conss, 71 add conss, 4 chg bounds, 99 chg sides, 555 chg coeffs, 2762 upgd conss, 0 impls, 2225 clqs
(round 20, exhaustive) 207 del vars, 419 del conss, 71 add conss, 4 chg bounds, 99 chg sides, 556 chg coeffs, 2762 upgd conss, 0 impls, 2165 clqs
(round 21, fast)       208 del vars, 488 del conss, 74 add conss, 4 chg bounds, 99 chg sides, 562 chg coeffs, 2762 upgd conss, 0 impls, 2170 clqs
(round 22, medium)     208 del vars, 496 del conss, 85 add conss, 4 chg bounds, 111 chg sides, 627 chg coeffs, 2762 upgd conss, 0 impls, 2178 clqs
(round 23, exhaustive) 208 del vars, 498 del conss, 86 add conss, 4 chg bounds, 111 chg sides, 627 chg coeffs, 2762 upgd conss, 0 impls, 2178 clqs
clique table cleanup detected 14 bound changes
(round 24, fast)       223 del vars, 499 del conss, 86 add conss, 4 chg bounds, 111 chg sides, 627 chg coeffs, 2762 upgd conss, 0 impls, 2152 clqs
(round 25, fast)       237 del vars, 523 del conss, 86 add conss, 4 chg bounds, 111 chg sides, 627 chg coeffs, 2762 upgd conss, 0 impls, 2152 clqs
(round 26, exhaustive) 237 del vars, 530 del conss, 86 add conss, 4 chg bounds, 111 chg sides, 627 chg coeffs, 2762 upgd conss, 0 impls, 2152 clqs
(round 27, exhaustive) 237 del vars, 539 del conss, 86 add conss, 4 chg bounds, 111 chg sides, 627 chg coeffs, 2762 upgd conss, 0 impls, 2152 clqs
   (0.2s) probing: 100/1220 (8.2%) - 65 fixings, 14 aggregations, 3003 implications, 0 bound changes
   (0.2s) probing: 200/1220 (16.4%) - 66 fixings, 21 aggregations, 7308 implications, 0 bound changes
(round 28, exhaustive) 262 del vars, 539 del conss, 86 add conss, 4 chg bounds, 111 chg sides, 627 chg coeffs, 2762 upgd conss, 0 impls, 9626 clqs
(round 29, fast)       262 del vars, 563 del conss, 86 add conss, 4 chg bounds, 111 chg sides, 627 chg coeffs, 2762 upgd conss, 0 impls, 9626 clqs
(round 30, exhaustive) 262 del vars, 569 del conss, 86 add conss, 4 chg bounds, 111 chg sides, 639 chg coeffs, 2762 upgd conss, 0 impls, 9626 clqs
(round 31, exhaustive) 263 del vars, 569 del conss, 86 add conss, 4 chg bounds, 111 chg sides, 641 chg coeffs, 2762 upgd conss, 0 impls, 9613 clqs
(round 32, fast)       264 del vars, 571 del conss, 86 add conss, 4 chg bounds, 111 chg sides, 641 chg coeffs, 2762 upgd conss, 0 impls, 9613 clqs
   (0.2s) probing: 300/1220 (24.6%) - 66 fixings, 39 aggregations, 10564 implications, 0 bound changes
(round 33, exhaustive) 289 del vars, 571 del conss, 86 add conss, 4 chg bounds, 111 chg sides, 642 chg coeffs, 2762 upgd conss, 0 impls, 14343 clqs
(round 34, fast)       289 del vars, 607 del conss, 90 add conss, 4 chg bounds, 112 chg sides, 642 chg coeffs, 2762 upgd conss, 0 impls, 14346 clqs
(round 35, medium)     289 del vars, 609 del conss, 92 add conss, 4 chg bounds, 114 chg sides, 662 chg coeffs, 2762 upgd conss, 0 impls, 14347 clqs
(round 36, exhaustive) 289 del vars, 622 del conss, 92 add conss, 4 chg bounds, 114 chg sides, 675 chg coeffs, 2762 upgd conss, 0 impls, 14347 clqs
(round 37, medium)     289 del vars, 626 del conss, 95 add conss, 4 chg bounds, 117 chg sides, 684 chg coeffs, 2762 upgd conss, 0 impls, 14348 clqs
   (0.3s) probing: 400/1220 (32.8%) - 72 fixings, 45 aggregations, 14957 implications, 0 bound changes
   (0.3s) probing: 500/1220 (41.0%) - 72 fixings, 56 aggregations, 19409 implications, 0 bound changes
(round 38, exhaustive) 314 del vars, 627 del conss, 95 add conss, 4 chg bounds, 117 chg sides, 691 chg coeffs, 2763 upgd conss, 0 impls, 14652 clqs
(round 39, fast)       314 del vars, 662 del conss, 95 add conss, 4 chg bounds, 117 chg sides, 691 chg coeffs, 2763 upgd conss, 0 impls, 14652 clqs
(round 40, medium)     314 del vars, 663 del conss, 98 add conss, 4 chg bounds, 120 chg sides, 699 chg coeffs, 2763 upgd conss, 0 impls, 14653 clqs
   (0.3s) probing: 600/1220 (49.2%) - 72 fixings, 67 aggregations, 22452 implications, 0 bound changes
   (0.4s) probing: 700/1220 (57.4%) - 74 fixings, 73 aggregations, 25568 implications, 0 bound changes
   (0.4s) probing: 800/1220 (65.6%) - 76 fixings, 73 aggregations, 29582 implications, 0 bound changes
(round 41, exhaustive) 339 del vars, 664 del conss, 98 add conss, 4 chg bounds, 120 chg sides, 707 chg coeffs, 2763 upgd conss, 0 impls, 14655 clqs
(round 42, fast)       339 del vars, 696 del conss, 98 add conss, 4 chg bounds, 120 chg sides, 715 chg coeffs, 2763 upgd conss, 0 impls, 14656 clqs
(round 43, medium)     339 del vars, 697 del conss, 100 add conss, 4 chg bounds, 122 chg sides, 722 chg coeffs, 2763 upgd conss, 0 impls, 14657 clqs
(round 44, exhaustive) 339 del vars, 701 del conss, 100 add conss, 4 chg bounds, 122 chg sides, 729 chg coeffs, 2763 upgd conss, 0 impls, 14657 clqs
(round 45, medium)     339 del vars, 701 del conss, 101 add conss, 4 chg bounds, 123 chg sides, 733 chg coeffs, 2763 upgd conss, 0 impls, 14658 clqs
(round 46, fast)       339 del vars, 702 del conss, 102 add conss, 4 chg bounds, 123 chg sides, 733 chg coeffs, 2763 upgd conss, 0 impls, 14659 clqs
(round 47, exhaustive) 339 del vars, 706 del conss, 102 add conss, 4 chg bounds, 123 chg sides, 739 chg coeffs, 2764 upgd conss, 0 impls, 14659 clqs
(round 48, exhaustive) 339 del vars, 709 del conss, 102 add conss, 4 chg bounds, 123 chg sides, 743 chg coeffs, 2764 upgd conss, 0 impls, 14660 clqs
   (0.5s) probing: 900/1220 (73.8%) - 91 fixings, 73 aggregations, 33072 implications, 0 bound changes
   (0.5s) probing: 1000/1220 (82.0%) - 91 fixings, 73 aggregations, 37281 implications, 0 bound changes
   (0.5s) probing: 1100/1220 (90.2%) - 93 fixings, 73 aggregations, 41011 implications, 0 bound changes
   (0.5s) probing: 1200/1220 (98.4%) - 93 fixings, 73 aggregations, 41011 implications, 0 bound changes
   (0.5s) probing cycle finished: starting next cycle
   (0.5s) probing: 100/1037 (9.6%) - 93 fixings, 80 aggregations, 41356 implications, 0 bound changes
   (0.5s) probing: 200/1037 (19.3%) - 93 fixings, 80 aggregations, 41609 implications, 0 bound changes
   (0.6s) probing: 300/1037 (28.9%) - 93 fixings, 80 aggregations, 42456 implications, 0 bound changes
   (0.6s) probing: 400/1037 (38.6%) - 93 fixings, 89 aggregations, 46449 implications, 0 bound changes
   (0.6s) probing: 500/1037 (48.2%) - 93 fixings, 89 aggregations, 49001 implications, 0 bound changes
   (0.6s) probing: 600/1037 (57.9%) - 93 fixings, 92 aggregations, 51583 implications, 0 bound changes
   (0.7s) probing: 700/1037 (67.5%) - 93 fixings, 92 aggregations, 55481 implications, 0 bound changes
   (0.7s) probing: 800/1037 (77.1%) - 93 fixings, 92 aggregations, 59423 implications, 0 bound changes
(round 49, exhaustive) 360 del vars, 709 del conss, 102 add conss, 4 chg bounds, 123 chg sides, 747 chg coeffs, 2764 upgd conss, 0 impls, 14761 clqs
(round 50, fast)       360 del vars, 725 del conss, 102 add conss, 4 chg bounds, 123 chg sides, 747 chg coeffs, 2764 upgd conss, 0 impls, 14761 clqs
(round 51, exhaustive) 360 del vars, 783 del conss, 102 add conss, 4 chg bounds, 123 chg sides, 748 chg coeffs, 2764 upgd conss, 0 impls, 14761 clqs
   (0.7s) probing: 900/1037 (86.8%) - 93 fixings, 92 aggregations, 63708 implications, 0 bound changes
   (0.8s) probing: 1000/1037 (96.4%) - 95 fixings, 92 aggregations, 66975 implications, 0 bound changes
   (0.8s) probing cycle finished: starting next cycle
   (0.8s) probing: 100/1016 (9.8%) - 95 fixings, 92 aggregations, 67965 implications, 0 bound changes
   (0.8s) probing: 200/1016 (19.7%) - 95 fixings, 92 aggregations, 68182 implications, 0 bound changes
   (0.8s) probing: 300/1016 (29.5%) - 95 fixings, 92 aggregations, 69082 implications, 0 bound changes
   (0.9s) probing: 400/1016 (39.4%) - 95 fixings, 92 aggregations, 73132 implications, 0 bound changes
   (0.9s) probing: 500/1016 (49.2%) - 95 fixings, 92 aggregations, 75588 implications, 0 bound changes
   (0.9s) probing: 600/1016 (59.1%) - 95 fixings, 92 aggregations, 79139 implications, 0 bound changes
   (0.9s) probing: 700/1016 (68.9%) - 95 fixings, 92 aggregations, 82940 implications, 0 bound changes
   (1.0s) probing: 800/1016 (78.7%) - 95 fixings, 92 aggregations, 87068 implications, 0 bound changes
(round 52, exhaustive) 362 del vars, 783 del conss, 102 add conss, 4 chg bounds, 123 chg sides, 748 chg coeffs, 2764 upgd conss, 0 impls, 14806 clqs
(round 53, fast)       362 del vars, 787 del conss, 102 add conss, 4 chg bounds, 123 chg sides, 748 chg coeffs, 2764 upgd conss, 0 impls, 14806 clqs
(round 54, exhaustive) 362 del vars, 790 del conss, 102 add conss, 4 chg bounds, 123 chg sides, 750 chg coeffs, 2764 upgd conss, 0 impls, 14806 clqs
   (1.0s) sparsify finished: 13/12251 (0.1%) nonzeros canceled - in total 65 canceled nonzeros, 65 changed coefficients, 0 added nonzeros
   (1.0s) probing: 900/1016 (88.6%) - 95 fixings, 92 aggregations, 90641 implications, 0 bound changes
   (1.0s) probing: 1000/1016 (98.4%) - 95 fixings, 92 aggregations, 93542 implications, 0 bound changes
   (1.0s) probing cycle finished: starting next cycle
   (1.0s) probing: 35/1016 (3.4%) - 95 fixings, 92 aggregations, 93909 implications, 0 bound changes
   (1.0s) probing aborted: 1000/1000 successive useless probings
   (1.1s) symmetry computation started: requiring (bin +, int +, cont +), (fixed: bin -, int -, cont -)
   (1.1s) no symmetry present (symcode time: 0.00)
clique table cleanup detected 0 bound changes

presolved problem has 12238 active (0.509529%) nonzeros and 12238 (0.509529%) check nonzeros

presolving (55 rounds: 55 fast, 40 medium, 32 exhaustive):
 362 deleted vars, 790 deleted constraints, 102 added constraints, 4 tightened bounds, 0 added holes, 123 changed sides, 763 changed coefficients
 0 implications, 14818 cliques
presolved problem has 1016 variables (1016 bin, 0 int, 0 impl, 0 cont) and 2364 constraints
    379 constraints of type <knapsack>
   1644 constraints of type <setppc>
     38 constraints of type <linear>
    303 constraints of type <logicor>
transformed objective value is always integral (scale: 1)
Presolving Time: 1.05

 time | node  | left  |LP iter|LP it/n|mem/heur|mdpt |vars |cons |rows |cuts |sepa|confs|strbr|  dualbound   | primalbound  |  gap   | compl. 
  1.2s|     1 |     0 |  2282 |     - |    29M |   0 |1016 |2381 |2336 |   0 |  0 |  26 |   0 | 0.000000e+00 |      --      |    Inf | unknown
  2.5s|     1 |     0 |  9431 |     - |    47M |   0 |1016 |2580 |2349 |  13 |  1 |  27 |   0 | 0.000000e+00 |      --      |    Inf | unknown
  2.7s|     1 |     0 | 10801 |     - |    64M |   0 |1016 |2577 |2360 |  24 |  2 |  27 |   0 | 0.000000e+00 |      --      |    Inf | unknown
  2.9s|     1 |     0 | 11430 |     - |    77M |   0 |1016 |2579 |2367 |  31 |  3 |  29 |   0 | 0.000000e+00 |      --      |    Inf | unknown
  3.1s|     1 |     0 | 12070 |     - |    94M |   0 |1016 |2581 |2373 |  37 |  4 |  31 |   0 | 0.000000e+00 |      --      |    Inf | unknown
  3.3s|     1 |     0 | 12560 |     - |   107M |   0 |1016 |2587 |2380 |  44 |  5 |  41 |   0 | 0.000000e+00 |      --      |    Inf | unknown
  3.5s|     1 |     0 | 13296 |     - |   120M |   0 |1016 |2587 |2385 |  49 |  6 |  42 |   0 | 0.000000e+00 |      --      |    Inf | unknown
  3.7s|     1 |     0 | 13729 |     - |   133M |   0 |1016 |2591 |2392 |  56 |  7 |  47 |   0 | 0.000000e+00 |      --      |    Inf | unknown
  3.9s|     1 |     0 | 14085 |     - |   147M |   0 |1016 |2590 |2398 |  62 |  8 |  48 |   0 | 0.000000e+00 |      --      |    Inf | unknown
  4.1s|     1 |     0 | 14353 |     - |   158M |   0 |1016 |2600 |2402 |  66 |  9 |  58 |   0 | 0.000000e+00 |      --      |    Inf | unknown
  4.2s|     1 |     0 | 14713 |     - |   171M |   0 |1016 |2600 |2409 |  73 | 10 |  60 |   0 | 0.000000e+00 |      --      |    Inf | unknown
  4.3s|     1 |     0 | 15054 |     - |   171M |   0 |1016 |2610 |2416 |  80 | 11 |  70 |   0 | 0.000000e+00 |      --      |    Inf | unknown
Truncate separation round because of stalling (10 stall rounds).
_____________________________________
Now starting branching with general disjunction
Current branching Node number: 1
LP objective value: 0
Node lower bound: 0
Node upper bound: 1e+20
gap to the primal bound: 1e+20
Preck submodel is infeasible, continue branching
Time limit exceeded (1000.11s), stopping submodel solve loop
General disjunction: No feasible solution found, use SCIP default branching rule
 1006s|     1 |     2 | 15857 |     - |   172M |   0 |1016 |2623 |2416 |  80 | 11 |  83 |  23 | 0.000000e+00 |      --      |    Inf | unknown
_____________________________________
Now starting branching with general disjunction
Current branching Node number: 3
LP objective value: 0
Node lower bound: 0
Node upper bound: 1e+20
gap to the primal bound: 1e+20
Preck submodel is infeasible, continue branching
Time limit exceeded (1000.09s), stopping submodel solve loop
General disjunction: No feasible solution found, use SCIP default branching rule
_____________________________________
Now starting branching with general disjunction
Current branching Node number: 5
LP objective value: 0
Node lower bound: 0
Node upper bound: 1e+20
gap to the primal bound: 1e+20
Preck submodel is infeasible, continue branching
Time limit exceeded (1000.1s), stopping submodel solve loop
General disjunction: No feasible solution found, use SCIP default branching rule
_____________________________________
Now starting branching with general disjunction
Current branching Node number: 7
LP objective value: 0
Node lower bound: 0
Node upper bound: 1e+20
gap to the primal bound: 1e+20
Preck submodel is infeasible, continue branching
Time limit exceeded (1000.1s), stopping submodel solve loop
General disjunction: No feasible solution found, use SCIP default branching rule
_____________________________________
Now starting branching with general disjunction
Current branching Node number: 9
LP objective value: 0
Node lower bound: 0
Node upper bound: 1e+20
gap to the primal bound: 1e+20
Preck submodel is infeasible, continue branching
Time limit exceeded (1000.1s), stopping submodel solve loop
General disjunction: No feasible solution found, use SCIP default branching rule
_____________________________________
Now starting branching with general disjunction
Current branching Node number: 10
LP objective value: 0
Node lower bound: 0
Node upper bound: 1e+20
gap to the primal bound: 1e+20
Preck submodel is infeasible, continue branching
Time limit exceeded (1000.09s), stopping submodel solve loop
General disjunction: No feasible solution found, use SCIP default branching rule
_____________________________________
Now starting branching with general disjunction
Current branching Node number: 13
LP objective value: 0
Node lower bound: 0
Node upper bound: 1e+20
gap to the primal bound: 1e+20
Preck submodel is infeasible, continue branching
Time limit exceeded (1000.09s), stopping submodel solve loop
General disjunction: No feasible solution found, use SCIP default branching rule
_____________________________________
Now starting branching with general disjunction
Current branching Node number: 14
LP objective value: 0
Node lower bound: 0
Node upper bound: 1e+20
gap to the primal bound: 1e+20
Preck submodel is infeasible, continue branching
Time limit exceeded (1000.1s), stopping submodel solve loop
General disjunction: No feasible solution found, use SCIP default branching rule
_____________________________________
Now starting branching with general disjunction
Current branching Node number: 16
LP objective value: 0
Node lower bound: 0
Node upper bound: 1e+20
gap to the primal bound: 1e+20
Preck submodel is infeasible, continue branching
Time limit exceeded (1000.1s), stopping submodel solve loop
General disjunction: No feasible solution found, use SCIP default branching rule
_____________________________________
Now starting branching with general disjunction
Current branching Node number: 19
LP objective value: 0
Node lower bound: 0
Node upper bound: 1e+20
gap to the primal bound: 1e+20
Preck submodel is infeasible, continue branching
Time limit exceeded (1000.1s), stopping submodel solve loop
General disjunction: No feasible solution found, use SCIP default branching rule
_____________________________________
Now starting branching with general disjunction
Current branching Node number: 21
LP objective value: 0
Node lower bound: 0
Node upper bound: 1e+20
gap to the primal bound: 1e+20
Preck submodel is infeasible, continue branching
Time limit exceeded (1000.09s), stopping submodel solve loop
General disjunction: No feasible solution found, use SCIP default branching rule
_____________________________________
Now starting branching with general disjunction
Current branching Node number: 23
LP objective value: 0
Node lower bound: 0
Node upper bound: 1e+20
gap to the primal bound: 1e+20
Preck submodel is infeasible, continue branching
Time limit exceeded (1000.09s), stopping submodel solve loop
General disjunction: No feasible solution found, use SCIP default branching rule
_____________________________________
Now starting branching with general disjunction
Current branching Node number: 24
LP objective value: 0
Node lower bound: 0
Node upper bound: 1e+20
gap to the primal bound: 1e+20
Preck submodel is infeasible, continue branching
General disjunction: No feasible solution found, use SCIP default branching rule
_____________________________________
Now starting branching with general disjunction
Current branching Node number: 12
LP objective value: 0
Node lower bound: 0
Node upper bound: 1e+20
gap to the primal bound: 1e+20
Preck submodel is infeasible, continue branching
Time limit exceeded (1000.09s), stopping submodel solve loop
General disjunction: No feasible solution found, use SCIP default branching rule
_____________________________________
Now starting branching with general disjunction
Current branching Node number: 28
LP objective value: 0
Node lower bound: 0
Node upper bound: 1e+20
gap to the primal bound: 1e+20
Preck submodel is infeasible, continue branching
Time limit exceeded (1000.09s), stopping submodel solve loop
General disjunction: No feasible solution found, use SCIP default branching rule
_____________________________________
Now starting branching with general disjunction
Current branching Node number: 31
LP objective value: 0
Node lower bound: 0
Node upper bound: 1e+20
gap to the primal bound: 1e+20
Preck submodel is infeasible, continue branching
Time limit exceeded (1000.08s), stopping submodel solve loop
General disjunction: No feasible solution found, use SCIP default branching rule
_____________________________________
Now starting branching with general disjunction
Current branching Node number: 33
LP objective value: 0
Node lower bound: 0
Node upper bound: 1e+20
gap to the primal bound: 1e+20
Preck submodel is infeasible, continue branching
Time limit exceeded (1000.08s), stopping submodel solve loop
General disjunction: No feasible solution found, use SCIP default branching rule
_____________________________________
Now starting branching with general disjunction
Current branching Node number: 35
LP objective value: 0
Node lower bound: 0
Node upper bound: 1e+20
gap to the primal bound: 1e+20
Preck submodel is infeasible, continue branching
Time limit exceeded (1000.08s), stopping submodel solve loop
General disjunction: No feasible solution found, use SCIP default branching rule
_____________________________________
Now starting branching with general disjunction
Current branching Node number: 37
LP objective value: 0
Node lower bound: 0
Node upper bound: 1e+20
gap to the primal bound: 1e+20
Preck submodel is infeasible, continue branching
Time limit exceeded (1000.08s), stopping submodel solve loop
General disjunction: No feasible solution found, use SCIP default branching rule
_____________________________________
Now starting branching with general disjunction
Current branching Node number: 39
LP objective value: 0
Node lower bound: 0
Node upper bound: 1e+20
gap to the primal bound: 1e+20
Preck submodel is infeasible, continue branching
Time limit exceeded (1000.09s), stopping submodel solve loop
General disjunction: No feasible solution found, use SCIP default branching rule
_____________________________________
Now starting branching with general disjunction
Current branching Node number: 41
LP objective value: 0
Node lower bound: 0
Node upper bound: 1e+20
gap to the primal bound: 1e+20
Preck submodel is infeasible, continue branching
Time limit exceeded (1000.09s), stopping submodel solve loop
General disjunction: No feasible solution found, use SCIP default branching rule
_____________________________________
Now starting branching with general disjunction
Current branching Node number: 20
LP objective value: 0
Node lower bound: 0
Node upper bound: 1e+20
gap to the primal bound: 1e+20
Preck submodel is infeasible, continue branching
Time limit exceeded (1000.09s), stopping submodel solve loop
General disjunction: No feasible solution found, use SCIP default branching rule
_____________________________________
Now starting branching with general disjunction
Current branching Node number: 45
LP objective value: 0
Node lower bound: 0
Node upper bound: 1e+20
gap to the primal bound: 1e+20
Preck submodel is infeasible, continue branching
Time limit exceeded (1000.09s), stopping submodel solve loop
General disjunction: No feasible solution found, use SCIP default branching rule
_____________________________________
Now starting branching with general disjunction
Current branching Node number: 47
LP objective value: 0
Node lower bound: 0
Node upper bound: 1e+20
gap to the primal bound: 1e+20
Preck submodel is infeasible, continue branching
Time limit exceeded (1000.09s), stopping submodel solve loop
General disjunction: No feasible solution found, use SCIP default branching rule
_____________________________________
Now starting branching with general disjunction
Current branching Node number: 48
LP objective value: 0
Node lower bound: 0
Node upper bound: 1e+20
gap to the primal bound: 1e+20
Preck submodel is infeasible, continue branching
Time limit exceeded (1125.62s), stopping submodel solve loop
General disjunction: Infeasible disjunction
_____________________________________
Now starting branching with general disjunction
Current branching Node number: 49
LP objective value: 0
Node lower bound: 0
Node upper bound: 1e+20
gap to the primal bound: 1e+20
Preck submodel is infeasible, continue branching
General disjunction: No feasible solution found, use SCIP default branching rule
_____________________________________
Now starting branching with general disjunction
Current branching Node number: 32
LP objective value: 0
Node lower bound: 0
Node upper bound: 1e+20
gap to the primal bound: 1e+20
Preck submodel is infeasible, continue branching
Time limit exceeded (1000.08s), stopping submodel solve loop
General disjunction: No feasible solution found, use SCIP default branching rule
_____________________________________
Now starting branching with general disjunction
Current branching Node number: 53
LP objective value: 0
Node lower bound: 0
Node upper bound: 1e+20
gap to the primal bound: 1e+20
Preck submodel is infeasible, continue branching
Time limit exceeded (1000.09s), stopping submodel solve loop
General disjunction: No feasible solution found, use SCIP default branching rule
_____________________________________
Now starting branching with general disjunction
Current branching Node number: 55
LP objective value: 0
Node lower bound: 0
Node upper bound: 1e+20
gap to the primal bound: 1e+20
Preck submodel is infeasible, continue branching
Time limit exceeded (1000.08s), stopping submodel solve loop
General disjunction: No feasible solution found, use SCIP default branching rule
_____________________________________
Now starting branching with general disjunction
Current branching Node number: 56
LP objective value: 0
Node lower bound: 0
Node upper bound: 1e+20
gap to the primal bound: 1e+20
Preck submodel is infeasible, continue branching
Time limit exceeded (1198.35s), stopping submodel solve loop
General disjunction: No feasible solution found, use SCIP default branching rule
_____________________________________
Now starting branching with general disjunction
Current branching Node number: 59
LP objective value: 0
Node lower bound: 0
Node upper bound: 1e+20
gap to the primal bound: 1e+20
Preck submodel is infeasible, continue branching
Time limit exceeded (1086.56s), stopping submodel solve loop
General disjunction: No feasible solution found, use SCIP default branching rule
_____________________________________
Now starting branching with general disjunction
Current branching Node number: 61
LP objective value: 0
Node lower bound: 0
Node upper bound: 1e+20
gap to the primal bound: 1e+20
Preck submodel is infeasible, continue branching
Time limit exceeded (1275.8s), stopping submodel solve loop
General disjunction: No feasible solution found, use SCIP default branching rule
_____________________________________
Now starting branching with general disjunction
Current branching Node number: 62
LP objective value: 0
Node lower bound: 0
Node upper bound: 1e+20
gap to the primal bound: 1e+20
Preck submodel is infeasible, continue branching
General disjunction: No feasible solution found, use SCIP default branching rule
_____________________________________
Now starting branching with general disjunction
Current branching Node number: 30
LP objective value: 0
Node lower bound: 0
Node upper bound: 1e+20
gap to the primal bound: 1e+20
Preck submodel is infeasible, continue branching
Time limit exceeded (1000.09s), stopping submodel solve loop
General disjunction: No feasible solution found, use SCIP default branching rule
_____________________________________
Now starting branching with general disjunction
Current branching Node number: 67
LP objective value: 0
Node lower bound: 0
Node upper bound: 1e+20
gap to the primal bound: 1e+20
Preck submodel is infeasible, continue branching
Time limit exceeded (1000.14s), stopping submodel solve loop
General disjunction: No feasible solution found, use SCIP default branching rule
_____________________________________
Now starting branching with general disjunction
Current branching Node number: 69
LP objective value: 0
Node lower bound: 0
Node upper bound: 1e+20
gap to the primal bound: 1e+20
Preck submodel is infeasible, continue branching
Time limit exceeded (1000.11s), stopping submodel solve loop
General disjunction: No feasible solution found, use SCIP default branching rule
_____________________________________
Now starting branching with general disjunction
Current branching Node number: 71
LP objective value: 0
Node lower bound: 0
Node upper bound: 1e+20
gap to the primal bound: 1e+20
Preck submodel is infeasible, continue branching
Time limit exceeded (1000.15s), stopping submodel solve loop
General disjunction: No feasible solution found, use SCIP default branching rule
_____________________________________
Now starting branching with general disjunction
Current branching Node number: 73
LP objective value: 0
Node lower bound: 0
Node upper bound: 1e+20
gap to the primal bound: 1e+20
Preck submodel is infeasible, continue branching
Time limit exceeded (1000.14s), stopping submodel solve loop
General disjunction: No feasible solution found, use SCIP default branching rule
_____________________________________
Now starting branching with general disjunction
Current branching Node number: 74
LP objective value: 0
Node lower bound: 0
Node upper bound: 1e+20
gap to the primal bound: 1e+20
Preck submodel is infeasible, continue branching
Time limit exceeded (1000.11s), stopping submodel solve loop
General disjunction: No feasible solution found, use SCIP default branching rule
_____________________________________
Now starting branching with general disjunction
Current branching Node number: 77
LP objective value: 0
Node lower bound: 0
Node upper bound: 1e+20
gap to the primal bound: 1e+20
Preck submodel is infeasible, continue branching
Time limit exceeded (1000.11s), stopping submodel solve loop
General disjunction: No feasible solution found, use SCIP default branching rule
_____________________________________
Now starting branching with general disjunction
Current branching Node number: 78
LP objective value: 0
Node lower bound: 0
Node upper bound: 1e+20
gap to the primal bound: 1e+20
Preck submodel is infeasible, continue branching
Time limit exceeded (1539.37s), stopping submodel solve loop
General disjunction: No feasible solution found, use SCIP default branching rule
_____________________________________
Now starting branching with general disjunction
Current branching Node number: 81
LP objective value: 0
Node lower bound: 0
Node upper bound: 1e+20
gap to the primal bound: 1e+20
Preck submodel is infeasible, continue branching
Time limit exceeded (1054.94s), stopping submodel solve loop
General disjunction: No feasible solution found, use SCIP default branching rule
_____________________________________
Now starting branching with general disjunction
Current branching Node number: 68
LP objective value: 0
Node lower bound: 0
Node upper bound: 1e+20
gap to the primal bound: 1e+20
Preck submodel is infeasible, continue branching
Time limit exceeded (1000.12s), stopping submodel solve loop
General disjunction: No feasible solution found, use SCIP default branching rule
_____________________________________
Now starting branching with general disjunction
Current branching Node number: 85
LP objective value: 0
Node lower bound: 0
Node upper bound: 1e+20
gap to the primal bound: 1e+20
Preck submodel is infeasible, continue branching
Time limit exceeded (1000.13s), stopping submodel solve loop
General disjunction: No feasible solution found, use SCIP default branching rule
_____________________________________
Now starting branching with general disjunction
Current branching Node number: 87
LP objective value: 0
Node lower bound: 0
Node upper bound: 1e+20
gap to the primal bound: 1e+20
Preck submodel is infeasible, continue branching
Time limit exceeded (1094.69s), stopping submodel solve loop
General disjunction: Infeasible disjunction
_____________________________________
Now starting branching with general disjunction
Current branching Node number: 22
LP objective value: 0
Node lower bound: 0
Node upper bound: 1e+20
gap to the primal bound: 1e+20
Preck submodel is infeasible, continue branching
Time limit exceeded (1000.09s), stopping submodel solve loop
General disjunction: No feasible solution found, use SCIP default branching rule
_____________________________________
Now starting branching with general disjunction
Current branching Node number: 88
LP objective value: 0
Node lower bound: 0
Node upper bound: 1e+20
gap to the primal bound: 1e+20
Preck submodel is infeasible, continue branching
General disjunction: Infeasible disjunction
_____________________________________
Now starting branching with general disjunction
Current branching Node number: 29
LP objective value: 0
Node lower bound: 0
Node upper bound: 1e+20
gap to the primal bound: 1e+20
Preck submodel is infeasible, continue branching
Time limit exceeded (1000.09s), stopping submodel solve loop
General disjunction: No feasible solution found, use SCIP default branching rule
_____________________________________
Now starting branching with general disjunction
Current branching Node number: 90
LP objective value: 0
Node lower bound: 0
Node upper bound: 1e+20
gap to the primal bound: 1e+20
Preck submodel is infeasible, continue branching
Time limit exceeded (1000.09s), stopping submodel solve loop
General disjunction: No feasible solution found, use SCIP default branching rule
_____________________________________
Now starting branching with general disjunction
Current branching Node number: 92
LP objective value: 0
Node lower bound: 0
Node upper bound: 1e+20
gap to the primal bound: 1e+20
Preck submodel is infeasible, continue branching
Time limit exceeded (1000.09s), stopping submodel solve loop
General disjunction: No feasible solution found, use SCIP default branching rule
_____________________________________
Now starting branching with general disjunction
Current branching Node number: 94
LP objective value: 0
Node lower bound: 0
Node upper bound: 1e+20
gap to the primal bound: 1e+20
Preck submodel is infeasible, continue branching
Time limit exceeded (1000.11s), stopping submodel solve loop
General disjunction: No feasible solution found, use SCIP default branching rule
_____________________________________
Now starting branching with general disjunction
Current branching Node number: 96
LP objective value: 0
Node lower bound: 0
Node upper bound: 1e+20
gap to the primal bound: 1e+20
Preck submodel is infeasible, continue branching
Time limit exceeded (1044.31s), stopping submodel solve loop
General disjunction: No feasible solution found, use SCIP default branching rule
_____________________________________
Now starting branching with general disjunction
Current branching Node number: 98
LP objective value: 0
Node lower bound: 0
Node upper bound: 1e+20
gap to the primal bound: 1e+20
Preck submodel is infeasible, continue branching
General disjunction: Infeasible disjunction
_____________________________________
Now starting branching with general disjunction
Current branching Node number: 70
LP objective value: 0
Node lower bound: 0
Node upper bound: 1e+20
gap to the primal bound: 1e+20
Preck submodel is infeasible, continue branching
Time limit exceeded (1000.09s), stopping submodel solve loop
General disjunction: No feasible solution found, use SCIP default branching rule
_____________________________________
Now starting branching with general disjunction
Current branching Node number: 101
LP objective value: 0
Node lower bound: 0
Node upper bound: 1e+20
gap to the primal bound: 1e+20
Preck submodel is infeasible, continue branching
Time limit exceeded (1000.12s), stopping submodel solve loop
General disjunction: No feasible solution found, use SCIP default branching rule
_____________________________________
Now starting branching with general disjunction
Current branching Node number: 102
LP objective value: 0
Node lower bound: 0
Node upper bound: 1e+20
gap to the primal bound: 1e+20
Preck submodel is infeasible, continue branching
Time limit exceeded (1000.15s), stopping submodel solve loop
General disjunction: No feasible solution found, use SCIP default branching rule
_____________________________________
Now starting branching with general disjunction
Current branching Node number: 104
LP objective value: 0
Node lower bound: 0
Node upper bound: 1e+20
gap to the primal bound: 1e+20
Preck submodel is infeasible, continue branching
Time limit exceeded (1048.53s), stopping submodel solve loop
General disjunction: No feasible solution found, use SCIP default branching rule
_____________________________________
Now starting branching with general disjunction
Current branching Node number: 107
LP objective value: 0
Node lower bound: 0
Node upper bound: 1e+20
gap to the primal bound: 1e+20
Preck submodel is infeasible, continue branching
Time limit exceeded (1249.36s), stopping submodel solve loop
General disjunction: No feasible solution found, use SCIP default branching rule
_____________________________________
Now starting branching with general disjunction
Current branching Node number: 109
LP objective value: 0
Node lower bound: 0
Node upper bound: 1e+20
gap to the primal bound: 1e+20
Preck submodel is infeasible, continue branching
General disjunction: No feasible solution found, use SCIP default branching rule
_____________________________________
Now starting branching with general disjunction
Current branching Node number: 106
LP objective value: 0
Node lower bound: 0
Node upper bound: 1e+20
gap to the primal bound: 1e+20
Preck submodel is infeasible, continue branching
Time limit exceeded (1041.21s), stopping submodel solve loop
General disjunction: No feasible solution found, use SCIP default branching rule
_____________________________________
Now starting branching with general disjunction
Current branching Node number: 43
LP objective value: 0
Node lower bound: 0
Node upper bound: 1e+20
gap to the primal bound: 1e+20
Preck submodel is infeasible, continue branching
General disjunction: No feasible solution found, use SCIP default branching rule
_____________________________________
Now starting branching with general disjunction
Current branching Node number: 114
LP objective value: 0
Node lower bound: 0
Node upper bound: 1e+20
gap to the primal bound: 1e+20
Preck submodel is infeasible, continue branching
Time limit exceeded (1006.73s), stopping submodel solve loop
General disjunction: No feasible solution found, use SCIP default branching rule
_____________________________________
Now starting branching with general disjunction
Current branching Node number: 116
LP objective value: 0
Node lower bound: 0
Node upper bound: 1e+20
gap to the primal bound: 1e+20
Preck submodel is infeasible, continue branching
General disjunction: Infeasible disjunction
_____________________________________
Now starting branching with general disjunction
Current branching Node number: 42
LP objective value: 0
Node lower bound: 0
Node upper bound: 1e+20
gap to the primal bound: 1e+20
Preck submodel is infeasible, continue branching
Time limit exceeded (1069.96s), stopping submodel solve loop
General disjunction: No feasible solution found, use SCIP default branching rule
_____________________________________
Now starting branching with general disjunction
Current branching Node number: 118
LP objective value: 0
Node lower bound: 0
Node upper bound: 1e+20
gap to the primal bound: 1e+20
Preck submodel is infeasible, continue branching
Time limit exceeded (1094.91s), stopping submodel solve loop
General disjunction: No feasible solution found, use SCIP default branching rule
_____________________________________
Now starting branching with general disjunction
Current branching Node number: 121
LP objective value: 0
Node lower bound: 0
Node upper bound: 1e+20
gap to the primal bound: 1e+20
Preck submodel is infeasible, continue branching
General disjunction: No feasible solution found, use SCIP default branching rule
 1049m|   100 |    21 |119501 |1055.0 |   202M |  17 |1016 |2834 |2385 | 196 |  0 | 295 |  23 | 0.000000e+00 |      --      |    Inf |   5.06%
_____________________________________
Now starting branching with general disjunction
Current branching Node number: 2
LP objective value: 0
Node lower bound: 0
Node upper bound: 1e+20
gap to the primal bound: 1e+20
Preck submodel is infeasible, continue branching
Time limit exceeded (1000.13s), stopping submodel solve loop
General disjunction: No feasible solution found, use SCIP default branching rule
_____________________________________
Now starting branching with general disjunction
Current branching Node number: 125
LP objective value: 0
Node lower bound: 0
Node upper bound: 1e+20
gap to the primal bound: 1e+20
Preck submodel is infeasible, continue branching
Time limit exceeded (1000.11s), stopping submodel solve loop
General disjunction: No feasible solution found, use SCIP default branching rule
_____________________________________
Now starting branching with general disjunction
Current branching Node number: 127
LP objective value: 0
Node lower bound: 0
Node upper bound: 1e+20
gap to the primal bound: 1e+20
Preck submodel is infeasible, continue branching
Time limit exceeded (1000.08s), stopping submodel solve loop
General disjunction: No feasible solution found, use SCIP default branching rule
_____________________________________
Now starting branching with general disjunction
Current branching Node number: 129
LP objective value: 0
Node lower bound: 0
Node upper bound: 1e+20
gap to the primal bound: 1e+20
Preck submodel is infeasible, continue branching
Time limit exceeded (1000.09s), stopping submodel solve loop
General disjunction: No feasible solution found, use SCIP default branching rule
_____________________________________
Now starting branching with general disjunction
Current branching Node number: 131
LP objective value: 0
Node lower bound: 0
Node upper bound: 1e+20
gap to the primal bound: 1e+20
Preck submodel is infeasible, continue branching
Time limit exceeded (1000.1s), stopping submodel solve loop
General disjunction: No feasible solution found, use SCIP default branching rule
_____________________________________
Now starting branching with general disjunction
Current branching Node number: 133
LP objective value: 0
Node lower bound: 0
Node upper bound: 1e+20
gap to the primal bound: 1e+20
Preck submodel is infeasible, continue branching
Time limit exceeded (1000.1s), stopping submodel solve loop
General disjunction: No feasible solution found, use SCIP default branching rule
_____________________________________
Now starting branching with general disjunction
Current branching Node number: 135
LP objective value: 0
Node lower bound: 0
Node upper bound: 1e+20
gap to the primal bound: 1e+20
Preck submodel is infeasible, continue branching
Time limit exceeded (1000.1s), stopping submodel solve loop
General disjunction: No feasible solution found, use SCIP default branching rule
_____________________________________
Now starting branching with general disjunction
Current branching Node number: 137
LP objective value: 0
Node lower bound: 0
Node upper bound: 1e+20
gap to the primal bound: 1e+20
Preck submodel is infeasible, continue branching
Time limit exceeded (1000.08s), stopping submodel solve loop
General disjunction: No feasible solution found, use SCIP default branching rule
_____________________________________
Now starting branching with general disjunction
Current branching Node number: 138
LP objective value: 0
Node lower bound: 0
Node upper bound: 1e+20
gap to the primal bound: 1e+20
Preck submodel is infeasible, continue branching
Time limit exceeded (1000.08s), stopping submodel solve loop
General disjunction: No feasible solution found, use SCIP default branching rule
_____________________________________
Now starting branching with general disjunction
Current branching Node number: 141
LP objective value: 0
Node lower bound: 0
Node upper bound: 1e+20
gap to the primal bound: 1e+20
Preck submodel is infeasible, continue branching
Time limit exceeded (1000.09s), stopping submodel solve loop
General disjunction: No feasible solution found, use SCIP default branching rule
_____________________________________
Now starting branching with general disjunction
Current branching Node number: 143
LP objective value: 0
Node lower bound: 0
Node upper bound: 1e+20
gap to the primal bound: 1e+20
Preck submodel is infeasible, continue branching
Time limit exceeded (1000.09s), stopping submodel solve loop
General disjunction: No feasible solution found, use SCIP default branching rule
_____________________________________
Now starting branching with general disjunction
Current branching Node number: 144
LP objective value: 0
Node lower bound: 0
Node upper bound: 1e+20
gap to the primal bound: 1e+20
Preck submodel is infeasible, continue branching
General disjunction: Infeasible disjunction
_____________________________________
Now starting branching with general disjunction
Current branching Node number: 38
LP objective value: 0
Node lower bound: 0
Node upper bound: 1e+20
gap to the primal bound: 1e+20
Preck submodel is infeasible, continue branching
Time limit exceeded (1000.1s), stopping submodel solve loop
General disjunction: No feasible solution found, use SCIP default branching rule
_____________________________________
Now starting branching with general disjunction
Current branching Node number: 147
LP objective value: 0
Node lower bound: 0
Node upper bound: 1e+20
gap to the primal bound: 1e+20
Preck submodel is infeasible, continue branching
Time limit exceeded (1375.92s), stopping submodel solve loop
General disjunction: No feasible solution found, use SCIP default branching rule
_____________________________________
Now starting branching with general disjunction
Current branching Node number: 148
LP objective value: 0
Node lower bound: 0
Node upper bound: 1e+20
gap to the primal bound: 1e+20
Preck submodel is infeasible, continue branching
General disjunction: Infeasible disjunction
_____________________________________
Now starting branching with general disjunction
Current branching Node number: 100
LP objective value: 0
Node lower bound: 0
Node upper bound: 1e+20
gap to the primal bound: 1e+20
Preck submodel is infeasible, continue branching
Time limit exceeded (1107.52s), stopping submodel solve loop
General disjunction: No feasible solution found, use SCIP default branching rule
_____________________________________
Now starting branching with general disjunction
Current branching Node number: 150
LP objective value: 0
Node lower bound: 0
Node upper bound: 1e+20
gap to the primal bound: 1e+20
Preck submodel is infeasible, continue branching
Time limit exceeded (1264.3s), stopping submodel solve loop
General disjunction: No feasible solution found, use SCIP default branching rule
_____________________________________
Now starting branching with general disjunction
Current branching Node number: 153
LP objective value: 0
Node lower bound: 0
Node upper bound: 1e+20
gap to the primal bound: 1e+20
Preck submodel is infeasible, continue branching
Time limit exceeded (1366.36s), stopping submodel solve loop
General disjunction: No feasible solution found, use SCIP default branching rule
_____________________________________
Now starting branching with general disjunction
Current branching Node number: 40
LP objective value: 0
Node lower bound: 0
Node upper bound: 1e+20
gap to the primal bound: 1e+20
Preck submodel is infeasible, continue branching
General disjunction: Infeasible disjunction
_____________________________________
Now starting branching with general disjunction
Current branching Node number: 142
LP objective value: 0
Node lower bound: 0
Node upper bound: 1e+20
gap to the primal bound: 1e+20
Preck submodel is infeasible, continue branching
Time limit exceeded (1000.09s), stopping submodel solve loop
General disjunction: No feasible solution found, use SCIP default branching rule
_____________________________________
Now starting branching with general disjunction
Current branching Node number: 156
LP objective value: 0
Node lower bound: 0
Node upper bound: 1e+20
gap to the primal bound: 1e+20
Preck submodel is infeasible, continue branching
Time limit exceeded (1019.03s), stopping submodel solve loop
General disjunction: Infeasible disjunction
_____________________________________
Now starting branching with general disjunction
Current branching Node number: 66
LP objective value: 0
Node lower bound: 0
Node upper bound: 1e+20
gap to the primal bound: 1e+20
Preck submodel is infeasible, continue branching
Time limit exceeded (1000.09s), stopping submodel solve loop
General disjunction: No feasible solution found, use SCIP default branching rule
_____________________________________
Now starting branching with general disjunction
Current branching Node number: 159
LP objective value: 0
Node lower bound: 0
Node upper bound: 1e+20
gap to the primal bound: 1e+20
Preck submodel is infeasible, continue branching
Time limit exceeded (1000.11s), stopping submodel solve loop
General disjunction: No feasible solution found, use SCIP default branching rule
_____________________________________
Now starting branching with general disjunction
Current branching Node number: 160
LP objective value: 0
Node lower bound: 0
Node upper bound: 1e+20
gap to the primal bound: 1e+20
Preck submodel is infeasible, continue branching
Time limit exceeded (1000.1s), stopping submodel solve loop
General disjunction: No feasible solution found, use SCIP default branching rule
_____________________________________
Now starting branching with general disjunction
Current branching Node number: 163
LP objective value: 0
Node lower bound: 0
Node upper bound: 1e+20
gap to the primal bound: 1e+20
Preck submodel is infeasible, continue branching
General disjunction: Infeasible disjunction
_____________________________________
Now starting branching with general disjunction
Current branching Node number: 162
LP objective value: 0
Node lower bound: 0
Node upper bound: 1e+20
gap to the primal bound: 1e+20
Preck submodel is infeasible, continue branching
Time limit exceeded (1000.1s), stopping submodel solve loop
General disjunction: No feasible solution found, use SCIP default branching rule

SCIP Status        : solving was interrupted [time limit reached]
Solving Time (sec) : 87385.61
Solving Nodes      : 134
Primal Bound       : +1.00000000000000e+20 (0 solutions)
Dual Bound         : +0.00000000000000e+00
Gap                : infinite

primal solution:
================

no solution available

Statistics
==========

SCIP Status        : solving was interrupted [time limit reached]
Total Time         :   87385.62
  solving          :   87385.61
  presolving       :       1.05 (included in solving)
  reading          :       0.01
  copying          :       0.02 (5 #copies) (minimal 0.00, maximal 0.01, average 0.00)
Original Problem   :
  Problem name     : acc-tight5
  Variables        : 1339 (1339 binary, 0 integer, 0 implicit integer, 0 continuous)
  Constraints      : 3052 initial, 3052 maximal
  Objective        : minimize, 1 non-zeros (abs.min = 1, abs.max = 1)
Presolved Problem  :
  Problem name     : t_acc-tight5
  Variables        : 1016 (1016 binary, 0 integer, 0 implicit integer, 0 continuous)
  Constraints      : 2364 initial, 2936 maximal
  Objective        : minimize, 1 non-zeros (abs.min = 1, abs.max = 1)
  Nonzeros         : 12238 constraint, 32128 clique table
Presolvers         :   ExecTime  SetupTime  Calls  FixedVars   AggrVars   ChgTypes  ChgBounds   AddHoles    DelCons    AddCons   ChgSides   ChgCoefs
  boundshift       :       0.00       0.00      0          0          0          0          0          0          0          0          0          0
  convertinttobin  :       0.00       0.00      0          0          0          0          0          0          0          0          0          0
  domcol           :       0.01       0.00     10          0          0          0          0          0          0          0          0          0
  dualagg          :       0.00       0.00      0          0          0          0          0          0          0          0          0          0
  dualcomp         :       0.00       0.00      0          0          0          0          0          0          0          0          0          0
  dualinfer        :       0.00       0.00      0          0          0          0          0          0          0          0          0          0
  dualsparsify     :       0.01       0.00      1          0          0          0          0          0          0          0          0          0
  gateextraction   :       0.02       0.00     30          0          0          0          0          0          2          1          0          0
  implics          :       0.00       0.00     40          0          0          0          0          0          0          0          0          0
  inttobinary      :       0.00       0.00      0          0          0          0          0          0          0          0          0          0
  qpkktref         :       0.00       0.00      0          0          0          0          0          0          0          0          0          0
  redvub           :       0.00       0.00      0          0          0          0          0          0          0          0          0          0
  sparsify         :       0.03       0.00      4          0          0          0          0          0          0          0          0         65
  stuffing         :       0.00       0.00      0          0          0          0          0          0          0          0          0          0
  trivial          :       0.00       0.00     55        116          0          0          0          0          0          0          0          0
  tworowbnd        :       0.00       0.00      0          0          0          0          0          0          0          0          0          0
  dualfix          :       0.00       0.00     55          0          0          0          0          0          0          0          0          0
  genvbounds       :       0.00       0.00      0          0          0          0          0          0          0          0          0          0
  probing          :       0.78       0.00      9         95         92          0          0          0          0          0          0          0
  pseudoobj        :       0.00       0.00      0          0          0          0          0          0          0          0          0          0
  symmetry         :       0.00       0.00      1          0          0          0          0          0          0          0          0          0
  vbounds          :       0.00       0.00      4          4          7          0          0          0          0          0          0          0
  knapsack         :       0.06       0.00    115          0          0          0          0          0         57        101         94        683
  setppc           :       0.07       0.00    115          0          2          0          0          0        441          0          0          0
  linear           :       0.04       0.00     74          4          3          0          4          0        252          0         29          0
  logicor          :       0.01       0.00    100          1          0          0          0          0         38          0          0         15
  benders          :       0.00       0.00      0          0          0          0          0          0          0          0          0          0
  components       :       0.00       0.00      1          0          0          0          0          0          0          0          0          0
  root node        :          -          -      -          9          -          -          9          -          -          -          -          -
Constraints        :     Number  MaxNumber  #Separate #Propagate    #EnfoLP    #EnfoRelax  #EnfoPS    #Check   #ResProp    Cutoffs    DomReds       Cuts    Applied      Conss   Children
  benderslp        :          0          0          0          0         92          0          0          7          0          0          0          0          0          0          0
  integral         :          0          0          0          0         92          0          0          7          0         10          0          0          0        124        164
  knapsack         :        379+       395         11      13472          0          0          0          3        142          3        157          0          0          0          0
  setppc           :       1644       1644         11      13469          0          0          0          0       7781         45       2989          1          1          0          0
  linear           :         38+       252         12      13424          0          0          0          3        194          5        127          2          2          0          0
  logicor          :        303+       659         11       7473          0          0          0          0        193         12         87          1          1          0          0
  benders          :          0          0          0          0          0          0          0          0          0          0          0          0          0          0          0
  fixedvar         :          0          0          0          0          0          0          0          0          0          0          0          0          0          0          0
  countsols        :          0          0          0          0          0          0          0          0          0          0          0          0          0          0          0
  components       :          0          0          0          0          0          0          0          0          0          0          0          0          0          0          0
Constraint Timings :  TotalTime  SetupTime   Separate  Propagate     EnfoLP     EnfoPS     EnfoRelax   Check    ResProp    SB-Prop
  benderslp        :       0.00       0.00       0.00       0.00       0.00       0.00       0.00       0.00       0.00       0.00
  integral         :   87372.04       0.00       0.00       0.00   87372.04       0.00       0.00       0.00       0.00       0.00
  knapsack         :       0.11       0.00       0.01       0.10       0.00       0.00       0.00       0.00       0.00       0.00
  setppc           :       0.21       0.00       0.00       0.20       0.00       0.00       0.00       0.00       0.00       0.00
  linear           :       0.02       0.00       0.00       0.01       0.00       0.00       0.00       0.00       0.00       0.00
  logicor          :       0.01       0.00       0.00       0.01       0.00       0.00       0.00       0.00       0.00       0.00
  benders          :       0.00       0.00       0.00       0.00       0.00       0.00       0.00       0.00       0.00       0.00
  fixedvar         :       0.00       0.00       0.00       0.00       0.00       0.00       0.00       0.00       0.00       0.00
  countsols        :       0.00       0.00       0.00       0.00       0.00       0.00       0.00       0.00       0.00       0.00
  components       :       0.00       0.00       0.00       0.00       0.00       0.00       0.00       0.00       0.00       0.00
Propagators        : #Propagate   #ResProp    Cutoffs    DomReds
  dualfix          :          3          0          0          0
  genvbounds       :          0          0          0          0
  nlobbt           :          0          0          0          0
  obbt             :          0          0          0          0
  probing          :          0          0          0          0
  pseudoobj        :        594          0          0          0
  redcost          :        215          0          0          0
  rootredcost      :          1          0          0          0
  symmetry         :          0          0          0          0
  vbounds          :       1178          0          0          0
Propagator Timings :  TotalTime  SetupTime   Presolve  Propagate    ResProp    SB-Prop
  dualfix          :       0.00       0.00       0.00       0.00       0.00       0.00
  genvbounds       :       0.00       0.00       0.00       0.00       0.00       0.00
  nlobbt           :       0.00       0.00       0.00       0.00       0.00       0.00
  obbt             :       0.00       0.00       0.00       0.00       0.00       0.00
  probing          :       0.78       0.00       0.78       0.00       0.00       0.00
  pseudoobj        :       0.00       0.00       0.00       0.00       0.00       0.00
  redcost          :       0.00       0.00       0.00       0.00       0.00       0.00
  rootredcost      :       0.00       0.00       0.00       0.00       0.00       0.00
  symmetry         :       0.00       0.00       0.00       0.00       0.00       0.00
  vbounds          :       0.01       0.00       0.00       0.00       0.00       0.00
Symmetry           :
  orbitopal red.   :          0 reductions applied,          0 cutoffs
  orbital reduction:          0 reductions applied,          0 cutoffs
  lexicographic red:          0 reductions applied,          0 cutoffs
  shadow tree time :       0.00 s
Conflict Analysis  :       Time      Calls    Success    DomReds  Conflicts   Literals    Reconvs ReconvLits   Dualrays   Nonzeros   LP Iters   (pool size: [10000,10000])
  propagation      :       0.00         52         28          -        110       19.7          3        5.0          -          -          -
  infeasible LP    :       0.04        105         43          -        409       80.5          6        3.7         22       81.4          0
  bound exceed. LP :       0.05         46         13          -        137       85.6          0        0.0          0        0.0        140
  strong branching :       0.00          0          0          -          0        0.0          0        0.0          -          -          0
  pseudo solution  :       0.00          0          0          -          0        0.0          0        0.0          -          -          -
  applied globally :       0.01          -          -          0        375       29.5          -          -         21          -          -
  applied locally  :          -          -          -          0          0        0.0          -          -          1          -          -
Separators         :   ExecTime  SetupTime      Calls  RootCalls    Cutoffs    DomReds  FoundCuts ViaPoolAdd  DirectAdd    Applied ViaPoolApp  DirectApp      Conss
  cut pool         :       0.08          -         53         21          -          -       2772       3157          -          -          -          -          -    (maximal pool size:       2772)
  aggregation      :       0.24       0.00         29         11          0          0          0          0          0          0          0          0          0
  > cmir           :          -          -          -          -          -          -          -          0          0          0          0          0          -
  > flowcover      :          -          -          -          -          -          -          -          0          0          0          0          0          -
  > knapsackcover  :          -          -          -          -          -          -          -          0          0          0          0          0          -
  cgmip            :       0.00       0.00          0          0          0          0          0          0          0          0          0          0          0
  clique           :       0.05       0.00         11         11          0          0         90        186          0        102        102          0          0
  closecuts        :       0.00       0.00          0          0          0          0          0          0          0          0          0          0          0
  convexproj       :       0.00       0.00          0          0          0          0          0          0          0          0          0          0          0
  disjunctive      :       0.00       0.00          0          0          0          0          0          0          0          0          0          0          0
  eccuts           :       0.00       0.00          0          0          0          0          0          0          0          0          0          0          0
  gauge            :       0.00       0.00          0          0          0          0          0          0          0          0          0          0          0
  gomory           :       1.36       0.00         28         10          0          0       2900       2924        250         65         49         16          0
  > gomorymi       :          -          -          -          -          -          -          -       1392        125         18         11          7          -
  > strongcg       :          -          -          -          -          -          -          -       1532        125         47         38          9          -
  impliedbounds    :       0.01       0.00         29         11          0          0         12         17          0         15         15          0          0
  interminor       :       0.00       0.00          0          0          0          0          0          0          0          0          0          0          0
  intobj           :       0.00       0.00          0          0          0          0          0          0          0          0          0          0          0
  lagromory        :       0.00       0.00          0          0          0          0          0          0          0          0          0          0          0
  mcf              :       0.00       0.00          1          1          0          0          0          0          0          0          0          0          0
  minor            :       0.00       0.00          0          0          0          0          0          0          0          0          0          0          0
  mixing           :       0.00       0.00          0          0          0          0          0          0          0          0          0          0          0
  oddcycle         :       0.00       0.00          0          0          0          0          0          0          0          0          0          0          0
  rapidlearning    :       0.61       0.00          3          1          0          6          0          0          0          0          0          0        220
  rlt              :       0.00       0.00         10         10          0          0          0          0          0          0          0          0          0
  zerohalf         :       0.26       0.00         29         11          0          0         47         30         27         43         19         24          0
Cutselectors       :   ExecTime  SetupTime      Calls  RootCalls   Selected     Forced   Filtered  RootSelec   RootForc   RootFilt 
  hybrid           :       0.04       0.00         29         11        229          0       3209         80          0       2219
  ensemble         :       0.00       0.00          0          0          0          0          0          0          0          0
  dynamic          :       0.00       0.00          0          0          0          0          0          0          0          0
Pricers            :   ExecTime  SetupTime      Calls       Vars
  problem variables:       0.00          -          0          0
Branching Rules    :   ExecTime  SetupTime   BranchLP  BranchExt   BranchPS    Cutoffs    DomReds       Cuts      Conss   Children
  allfullstrong    :       0.00       0.00          0          0          0          0          0          0          0          0
  cloud            :       0.00       0.00          0          0          0          0          0          0          0          0
  distribution     :       0.00       0.00          0          0          0          0          0          0          0          0
  fullstrong       :       0.00       0.00          0          0          0          0          0          0          0          0
  general_disjuncti:   87371.17       0.00         92          0          0         10          0          0        124          0
  GeneralDisjunction(extra): subMILPs=480 fairNodes of all MILPs=370988 probingLPs=110
  gomory           :       0.00       0.00          0          0          0          0          0          0          0          0
  inference        :       0.00       0.00          0          0          0          0          0          0          0          0
  leastinf         :       0.00       0.00          0          0          0          0          0          0          0          0
  lookahead        :       0.00       0.00          0          0          0          0          0          0          0          0
  mostinf          :       0.00       0.00          0          0          0          0          0          0          0          0
  multaggr         :       0.00       0.00          0          0          0          0          0          0          0          0
  nodereopt        :       0.00       0.00          0          0          0          0          0          0          0          0
  pscost           :       0.00       0.00          0          0          0          0          0          0          0          0
  random           :       0.00       0.00          0          0          0          0          0          0          0          0
  relpscost        :       0.87       0.00         82          0          0          0          0          0          0        164
  vanillafullstrong:       0.00       0.00          0          0          0          0          0          0          0          0
Primal Heuristics  :   ExecTime  SetupTime      Calls      Found       Best
  LP solutions     :       0.00          -          -          0          0
  relax solutions  :       0.00          -          -          0          0
  pseudo solutions :       0.00          -          -          0          0
  strong branching :       0.00          -          -          0          0
  actconsdiving    :       0.00       0.00          0          0          0
  adaptivediving   :       0.00       0.00          0          0          0
  alns             :       0.01       0.00          1          0          0
  bound            :       0.00       0.00          0          0          0
  clique           :       0.01       0.00          1          0          0
  coefdiving       :       0.00       0.00          0          0          0
  completesol      :       0.00       0.00          0          0          0
  conflictdiving   :       0.08       0.00          1          0          0
  crossover        :       0.00       0.00          0          0          0
  dins             :       0.00       0.00          0          0          0
  distributiondivin:       0.00       0.00          0          0          0
  dps              :       0.00       0.00          0          0          0
  dualval          :       0.00       0.00          0          0          0
  farkasdiving     :       0.00       0.00          0          0          0
  feaspump         :       0.72       0.00          1          0          0
  fixandinfer      :       0.00       0.00          0          0          0
  fracdiving       :       0.00       0.00          0          0          0
  gins             :       0.00       0.00          0          0          0
  guideddiving     :       0.00       0.00          0          0          0
  indicator        :       0.00       0.00          0          0          0
  indicatordiving  :       0.00       0.00          0          0          0
  intdiving        :       0.00       0.00          0          0          0
  intshifting      :       0.00       0.00          0          0          0
  linesearchdiving :       0.00       0.00          0          0          0
  localbranching   :       0.00       0.00          0          0          0
  locks            :       0.00       0.00          1          0          0
  lpface           :       0.00       0.00          0          0          0
  mpec             :       0.00       0.00          0          0          0
  multistart       :       0.00       0.00          0          0          0
  mutation         :       0.00       0.00          0          0          0
  nlpdiving        :       0.00       0.00          0          0          0
  objpscostdiving  :       0.00       0.00          0          0          0
  octane           :       0.00       0.00          0          0          0
  ofins            :       0.00       0.00          0          0          0
  oneopt           :       0.00       0.00          0          0          0
  padm             :       0.00       0.00          0          0          0
  proximity        :       0.00       0.00          0          0          0
  pscostdiving     :       0.11       0.00          1          0          0
  randrounding     :       0.03       0.00         12          0          0
  rens             :       0.12       0.00          1          0          0
  reoptsols        :       0.00       0.00          0          0          0
  repair           :       0.00       0.00          0          0          0
  rins             :       0.00       0.00          0          0          0
  rootsoldiving    :       0.00       0.00          0          0          0
  rounding         :       0.03       0.00        113          0          0
  scheduler        :       0.00       0.00          0          0          0
  shiftandpropagate:       0.00       0.00          1          0          0
  shifting         :       0.02       0.00         39          0          0
  simplerounding   :       0.00       0.00          0          0          0
  subnlp           :       0.00       0.00          0          0          0
  trivial          :       0.00       0.00          2          0          0
  trivialnegation  :       0.00       0.00          0          0          0
  trustregion      :       0.00       0.00          0          0          0
  trysol           :       0.00       0.00          0          0          0
  twoopt           :       0.00       0.00          0          0          0
  undercover       :       0.00       0.00          0          0          0
  vbounds          :       0.00       0.00          1          0          0
  veclendiving     :       0.00       0.00          0          0          0
  zeroobj          :       0.00       0.00          0          0          0
  zirounding       :       0.01       0.00         81          0          0
  other solutions  :          -          -          -          0          -
LNS (Scheduler)    :      Calls  SetupTime  SolveTime SolveNodes       Sols       Best       Exp3    Exp3-IX  EpsGreedy        UCB TgtFixRate  Opt  Inf Node Stal  Sol  Usr Othr Actv
  rens             :          0       0.00       0.00          0          0          0    0.00000    0.12500   -1.00000    1.00000      0.900    0    0    0    0    0    0    0    1
  rins             :          0       0.00       0.00          0          0          0    0.00000    0.12500   -1.00000    1.00000      0.900    0    0    0    0    0    0    0    1
  mutation         :          0       0.00       0.00          0          0          0    0.00000    0.12500   -1.00000    1.00000      0.900    0    0    0    0    0    0    0    1
  localbranching   :          0       0.00       0.00          0          0          0    0.00000    0.12500   -1.00000    1.00000      0.900    0    0    0    0    0    0    0    1
  crossover        :          0       0.00       0.00          0          0          0    0.00000    0.12500   -1.00000    1.00000      0.900    0    0    0    0    0    0    0    1
  proximity        :          0       0.00       0.00          0          0          0    0.00000    0.12500   -1.00000    1.00000      0.900    0    0    0    0    0    0    0    1
  zeroobjective    :          0       0.00       0.00          0          0          0    0.00000    0.12500   -1.00000    1.00000      0.900    0    0    0    0    0    0    0    1
  dins             :          0       0.00       0.00          0          0          0    0.00000    0.12500   -1.00000    1.00000      0.900    0    0    0    0    0    0    0    1
  trustregion      :          0       0.00       0.00          0          0          0    0.00000    0.00000   -1.00000    1.00000      0.900    0    0    0    0    0    0    0    0
LP                 :       Time      Calls Iterations  Iter/call   Iter/sec  Time-0-It Calls-0-It    ItLimit
  primal LP        :       0.16         10          0       0.00       0.00       0.16         10
  dual LP          :       8.41        165      98689     605.45   11731.36       0.00          2
  lex dual LP      :       0.00          0          0       0.00          -
  barrier LP       :       0.00          0          0       0.00          -       0.00          0
  resolve instable :       0.00          0          0       0.00          -
  diving/probing LP:      10.00        120     126841    1057.01   12680.87
  strong branching :       1.78         23      19618     852.96   11004.54          -          -         32
    (at root node) :          -         23      19618     852.96          -
  conflict analysis:       0.03         14        140      10.00    5447.68
B&B Tree           :
  number of runs   :          1
  nodes            :        134 (82 internal, 52 leaves)
  feasible leaves  :          0
  infeas. leaves   :         48
  objective leaves :          4
  nodes (total)    :        134 (82 internal, 52 leaves)
  nodes left       :         28
  max depth        :         17
  max depth (total):         17
  backtracks       :         25 (18.7%)
  early backtracks :          0 (0.0%)
  nodes exc. ref.  :          0 (0.0%)
  delayed cutoffs  :          3
  repropagations   :         51 (764 domain reductions, 3 cutoffs)
  avg switch length:       2.96
  switching time   :       0.17
Root Node          :
  First LP value   : +0.00000000000000e+00
  First LP Iters   :       2282 (14819.24 Iter/sec)
  First LP Time    :       0.15
  Final Dual Bound : +0.00000000000000e+00
  Final Root Iters :      15054
  Root LP Estimate : +9.83231517414512e-03
Solution           :
  Solutions found  :          0 (0 improvements)
  Primal Bound     :          -
  Dual Bound       : +0.00000000000000e+00
  Gap              :   infinite
Integrals          :      Total       Avg%
  primal-dual      : 8738561.46     100.00
  primal-ref       :          -          - (not evaluated)
  dual-ref         :          -          - (not evaluated)
