SCIP version 9.2.2 [precision: 8 byte] [memory: block] [mode: optimized] [LP solver: CPLEX 12.10.0.0] [GitHash: 416226a4f8]
Copyright (c) 2002-2025 Zuse Institute Berlin (ZIB)

reading parameter file </scratch/htc/yzhou/exp_scipmip/settings/allon_gendj.set>

read problem </scratch/htc/yzhou/exp_scipmip/instances/additional/app3.mps>
============

original problem has 3080 variables (100 bin, 0 int, 0 impl, 2980 cont) and 766 constraints
    766 constraints of type <linear>
Reading Time: 0.01
solve problem
=============
LP Solver <CPLEX 12.10.0.0>: fastmip setting not available -- SCIP parameter has no effect
LP Solver <CPLEX 12.10.0.0>: clock type cannot be set
LP Solver <CPLEX 12.10.0.0>: row representation of the basis not available -- SCIP parameter lp/rowrepswitch has no effect
LP Solver <CPLEX 12.10.0.0>: solution polishing not available -- SCIP parameter lp/solutionpolishing has no effect
LP Solver <CPLEX 12.10.0.0>: refactorization interval not available -- SCIP parameter lp/refactorinterval has no effect
transformed problem has 3080 variables (100 bin, 0 int, 0 impl, 2980 cont) and 766 constraints
    766 constraints of type <linear>

original problem has 14707 active (0.623368%) nonzeros and 14707 (0.623368%) check nonzeros

presolving:
(round 1, fast)       1318 del vars, 380 del conss, 0 add conss, 3178 chg bounds, 0 chg sides, 0 chg coeffs, 0 upgd conss, 0 impls, 5 clqs
(round 2, fast)       1358 del vars, 382 del conss, 0 add conss, 3218 chg bounds, 9 chg sides, 0 chg coeffs, 0 upgd conss, 0 impls, 4 clqs
(round 3, fast)       1624 del vars, 391 del conss, 0 add conss, 3218 chg bounds, 9 chg sides, 0 chg coeffs, 0 upgd conss, 0 impls, 4 clqs
(round 4, fast)       1684 del vars, 391 del conss, 0 add conss, 3218 chg bounds, 104 chg sides, 0 chg coeffs, 0 upgd conss, 0 impls, 4 clqs
(round 5, fast)       1684 del vars, 391 del conss, 0 add conss, 3218 chg bounds, 164 chg sides, 0 chg coeffs, 0 upgd conss, 0 impls, 4 clqs
(round 6, exhaustive) 1684 del vars, 392 del conss, 0 add conss, 3218 chg bounds, 165 chg sides, 0 chg coeffs, 0 upgd conss, 0 impls, 4 clqs
(round 7, exhaustive) 1684 del vars, 392 del conss, 0 add conss, 3218 chg bounds, 165 chg sides, 0 chg coeffs, 4 upgd conss, 0 impls, 4 clqs
(round 8, exhaustive) 1684 del vars, 392 del conss, 0 add conss, 3218 chg bounds, 165 chg sides, 0 chg coeffs, 84 upgd conss, 0 impls, 4 clqs
   (0.1s) probing cycle finished: starting next cycle
   (0.1s) symmetry computation started: requiring (bin +, int +, cont +), (fixed: bin -, int -, cont -)
   (0.1s) no symmetry present (symcode time: 0.00)
clique table cleanup detected 0 bound changes

presolved problem has 4593 active (0.87971%) nonzeros and 4593 (0.87971%) check nonzeros

presolving (9 rounds: 9 fast, 4 medium, 4 exhaustive):
 1684 deleted vars, 392 deleted constraints, 0 added constraints, 3218 tightened bounds, 0 added holes, 165 changed sides, 0 changed coefficients
 14238 implications, 764 cliques
presolved problem has 1396 variables (80 bin, 0 int, 0 impl, 1316 cont) and 374 constraints
     80 constraints of type <varbound>
      4 constraints of type <setppc>
    290 constraints of type <linear>
Presolving Time: 0.05

 time | node  | left  |LP iter|LP it/n|mem/heur|mdpt |vars |cons |rows |cuts |sepa|confs|strbr|  dualbound   | primalbound  |  gap   | compl. 
p 0.1s|     1 |     0 |   125 |     - |  clique|   0 |1396 | 374 | 374 |   0 |  0 |   0 |   0 |-3.182938e+10 | 8.805961e+09 |    Inf | unknown
  0.1s|     1 |     0 |   861 |     - |    21M |   0 |1396 | 374 | 374 |   0 |  0 |   0 |   0 | 5.627412e+06 | 8.805961e+09 |  Large | unknown
  0.1s|     1 |     0 |   915 |     - |    21M |   0 |1396 | 374 | 390 |  16 |  1 |   0 |   0 | 5.642498e+06 | 8.805961e+09 |  Large | unknown
  0.1s|     1 |     0 |   944 |     - |    22M |   0 |1396 | 374 | 402 |  28 |  2 |   0 |   0 | 5.653674e+06 | 8.805961e+09 |  Large | unknown
  0.1s|     1 |     0 |  1001 |     - |    22M |   0 |1396 | 374 | 416 |  42 |  3 |   0 |   0 | 5.661571e+06 | 8.805961e+09 |  Large | unknown
  0.1s|     1 |     0 |  1038 |     - |    22M |   0 |1396 | 374 | 430 |  56 |  4 |   0 |   0 | 5.663439e+06 | 8.805961e+09 |  Large | unknown
  0.1s|     1 |     0 |  1063 |     - |    22M |   0 |1396 | 374 | 444 |  70 |  5 |   0 |   0 | 5.665212e+06 | 8.805961e+09 |  Large | unknown
  0.1s|     1 |     0 |  1116 |     - |    24M |   0 |1396 | 374 | 458 |  84 |  6 |   0 |   0 | 5.670118e+06 | 8.805961e+09 |  Large | unknown
  0.1s|     1 |     0 |  1167 |     - |    24M |   0 |1396 | 374 | 473 |  99 |  7 |   0 |   0 | 5.674048e+06 | 8.805961e+09 |  Large | unknown
  0.2s|     1 |     0 |  1210 |     - |    25M |   0 |1396 | 374 | 486 | 112 |  8 |   0 |   0 | 5.675269e+06 | 8.805961e+09 |  Large | unknown
  0.2s|     1 |     0 |  1275 |     - |    26M |   0 |1396 | 374 | 507 | 133 |  9 |   0 |   0 | 5.677776e+06 | 8.805961e+09 |  Large | unknown
  0.2s|     1 |     0 |  1347 |     - |    27M |   0 |1396 | 374 | 521 | 147 | 10 |   0 |   0 | 5.683306e+06 | 8.805961e+09 |  Large | unknown
  0.2s|     1 |     0 |  1389 |     - |    28M |   0 |1396 | 374 | 535 | 161 | 11 |   0 |   0 | 5.684973e+06 | 8.805961e+09 |  Large | unknown
Truncate separation round because of stalling (10 stall rounds).
o 0.3s|     1 |     0 |  2755 |     - |feaspump|   0 |1396 | 374 | 535 | 161 | 11 |   0 |   0 | 5.684973e+06 | 6.200904e+06 |   9.08%| unknown
L 0.5s|     1 |     0 |  2755 |     - |    rens|   0 |1396 | 374 | 535 | 161 | 11 |   0 |   0 | 5.684973e+06 | 5.751714e+06 |   1.17%| unknown
 time | node  | left  |LP iter|LP it/n|mem/heur|mdpt |vars |cons |rows |cuts |sepa|confs|strbr|  dualbound   | primalbound  |  gap   | compl. 
  0.6s|     1 |     0 |  2755 |     - |    28M |   0 |1396 | 374 | 535 | 161 | 11 |   0 |   0 | 5.684973e+06 | 5.751714e+06 |   1.17%| unknown
  0.6s|     1 |     0 |  2824 |     - |    29M |   0 |1396 | 374 | 549 | 179 | 12 |   0 |   0 | 5.688745e+06 | 5.751714e+06 |   1.11%| unknown
  0.6s|     1 |     0 |  2851 |     - |    29M |   0 |1396 | 374 | 558 | 188 | 13 |   0 |   0 | 5.689175e+06 | 5.751714e+06 |   1.10%| unknown
_____________________________________
Now starting branching with general disjunction
Current branching Node number: 1
Relpscost reduced domain, skip general disjunction branching
  0.7s|     1 |     0 |  2935 |     - |    29M |   0 |1396 | 375 | 558 | 188 | 13 | 133 |  13 | 5.705521e+06 | 5.751714e+06 |   0.81%| unknown
(run 1, node 1) restarting after 13 global fixings of integer variables

(restart) converted 184 cuts from the global cut pool into linear constraints

presolving:
(round 1, fast)       130 del vars, 42 del conss, 0 add conss, 72 chg bounds, 0 chg sides, 11 chg coeffs, 0 upgd conss, 14238 impls, 572 clqs
(round 2, exhaustive) 130 del vars, 44 del conss, 1 add conss, 72 chg bounds, 0 chg sides, 11 chg coeffs, 0 upgd conss, 14238 impls, 572 clqs
(round 3, exhaustive) 130 del vars, 46 del conss, 1 add conss, 72 chg bounds, 1 chg sides, 11 chg coeffs, 0 upgd conss, 14238 impls, 572 clqs
(round 4, exhaustive) 130 del vars, 46 del conss, 1 add conss, 72 chg bounds, 1 chg sides, 11 chg coeffs, 57 upgd conss, 14238 impls, 572 clqs
clique table cleanup detected 0 bound changes

presolved problem has 7787 active (1.19667%) nonzeros and 4320 (0.663876%) check nonzeros

presolving (5 rounds: 5 fast, 4 medium, 4 exhaustive):
 130 deleted vars, 46 deleted constraints, 1 added constraints, 72 tightened bounds, 0 added holes, 1 changed sides, 11 changed coefficients
 14238 implications, 572 cliques
presolved problem has 1266 variables (67 bin, 0 int, 0 impl, 1199 cont) and 514 constraints
    124 constraints of type <varbound>
      4 constraints of type <setppc>
    386 constraints of type <linear>
Presolving Time: 0.06
transformed 1/3 original solutions to the transformed problem space

 time | node  | left  |LP iter|LP it/n|mem/heur|mdpt |vars |cons |rows |cuts |sepa|confs|strbr|  dualbound   | primalbound  |  gap   | compl. 
  0.7s|     1 |     0 |  4074 |     - |    30M |   0 |1266 | 514 | 514 |   0 |  0 | 133 |  13 | 5.705521e+06 | 5.751714e+06 |   0.81%| unknown
  0.7s|     1 |     0 |  4074 |     - |    30M |   0 |1266 | 514 | 514 |   0 |  0 | 133 |  13 | 5.705521e+06 | 5.751714e+06 |   0.81%| unknown
  0.8s|     1 |     0 |  4104 |     - |    30M |   0 |1266 | 514 | 528 |  14 |  1 | 133 |  13 | 5.705791e+06 | 5.751714e+06 |   0.80%| unknown
  0.8s|     1 |     0 |  4157 |     - |    30M |   0 |1266 | 514 | 544 |  30 |  2 | 133 |  13 | 5.707509e+06 | 5.751714e+06 |   0.77%| unknown
  0.8s|     1 |     0 |  4214 |     - |    30M |   0 |1266 | 514 | 559 |  45 |  3 | 133 |  13 | 5.708775e+06 | 5.751714e+06 |   0.75%| unknown
  0.8s|     1 |     0 |  4272 |     - |    31M |   0 |1266 | 514 | 570 |  56 |  4 | 133 |  13 | 5.709839e+06 | 5.751714e+06 |   0.73%| unknown
  0.9s|     1 |     0 |  4327 |     - |    31M |   0 |1266 | 514 | 586 |  72 |  5 | 133 |  13 | 5.710699e+06 | 5.751714e+06 |   0.72%| unknown
  0.9s|     1 |     0 |  4388 |     - |    31M |   0 |1266 | 514 | 595 |  81 |  6 | 133 |  13 | 5.711482e+06 | 5.751714e+06 |   0.70%| unknown
  1.0s|     1 |     0 |  4495 |     - |    32M |   0 |1266 | 514 | 609 |  95 |  7 | 133 |  13 | 5.712464e+06 | 5.751714e+06 |   0.69%| unknown
  1.0s|     1 |     0 |  4626 |     - |    33M |   0 |1266 | 514 | 617 | 103 |  8 | 133 |  13 | 5.715378e+06 | 5.751714e+06 |   0.64%| unknown
  1.1s|     1 |     0 |  4676 |     - |    34M |   0 |1266 | 514 | 629 | 115 |  9 | 133 |  13 | 5.715892e+06 | 5.751714e+06 |   0.63%| unknown
  1.1s|     1 |     0 |  4721 |     - |    36M |   0 |1266 | 514 | 646 | 132 | 10 | 133 |  13 | 5.716091e+06 | 5.751714e+06 |   0.62%| unknown
  1.2s|     1 |     0 |  4758 |     - |    37M |   0 |1266 | 514 | 656 | 142 | 11 | 133 |  13 | 5.716387e+06 | 5.751714e+06 |   0.62%| unknown
Truncate separation round because of stalling (10 stall rounds).
  1.2s|     1 |     0 |  4758 |     - |    37M |   0 |1266 | 506 | 656 | 142 | 11 | 133 |  13 | 5.716387e+06 | 5.751714e+06 |   0.62%| unknown
  1.2s|     1 |     0 |  4817 |     - |    38M |   0 |1266 | 506 | 665 | 151 | 12 | 133 |  13 | 5.716912e+06 | 5.751714e+06 |   0.61%| unknown
 time | node  | left  |LP iter|LP it/n|mem/heur|mdpt |vars |cons |rows |cuts |sepa|confs|strbr|  dualbound   | primalbound  |  gap   | compl. 
  1.3s|     1 |     0 |  4842 |     - |    39M |   0 |1266 | 506 | 674 | 160 | 13 | 133 |  13 | 5.716974e+06 | 5.751714e+06 |   0.61%| unknown
  1.3s|     1 |     0 |  4891 |     - |    41M |   0 |1266 | 506 | 682 | 168 | 14 | 133 |  13 | 5.717359e+06 | 5.751714e+06 |   0.60%| unknown
  1.4s|     1 |     0 |  4981 |     - |    42M |   0 |1266 | 506 | 600 | 176 | 15 | 133 |  13 | 5.717754e+06 | 5.751714e+06 |   0.59%| unknown
  1.5s|     1 |     0 |  5035 |     - |    42M |   0 |1266 | 506 | 610 | 186 | 16 | 133 |  13 | 5.717953e+06 | 5.751714e+06 |   0.59%| unknown
  1.5s|     1 |     0 |  5081 |     - |    43M |   0 |1266 | 506 | 615 | 191 | 17 | 133 |  13 | 5.718055e+06 | 5.751714e+06 |   0.59%| unknown
  1.6s|     1 |     0 |  5145 |     - |    43M |   0 |1266 | 506 | 624 | 200 | 18 | 133 |  13 | 5.718153e+06 | 5.751714e+06 |   0.59%| unknown
  1.6s|     1 |     0 |  5187 |     - |    44M |   0 |1266 | 506 | 633 | 209 | 19 | 133 |  13 | 5.718425e+06 | 5.751714e+06 |   0.58%| unknown
  1.7s|     1 |     0 |  5221 |     - |    45M |   0 |1266 | 506 | 641 | 217 | 20 | 133 |  13 | 5.718475e+06 | 5.751714e+06 |   0.58%| unknown
  1.7s|     1 |     0 |  5283 |     - |    47M |   0 |1266 | 506 | 595 | 225 | 21 | 133 |  13 | 5.718515e+06 | 5.751714e+06 |   0.58%| unknown
  1.8s|     1 |     0 |  5330 |     - |    47M |   0 |1266 | 506 | 602 | 232 | 22 | 133 |  13 | 5.718575e+06 | 5.751714e+06 |   0.58%| unknown
Truncate separation round because of stalling (10 stall rounds).
_____________________________________
Now starting branching with general disjunction
Current branching Node number: 1
Relpscost reduced domain, skip general disjunction branching
  2.2s|     1 |     0 |  5704 |     - |    47M |   0 |1266 | 489 | 602 | 232 | 22 | 338 |  20 | 5.726040e+06 | 5.751714e+06 |   0.45%| unknown
  2.2s|     1 |     0 |  5704 |     - |    47M |   0 |1266 | 489 | 595 | 232 | 22 | 338 |  20 | 5.726040e+06 | 5.751714e+06 |   0.45%| unknown
  2.2s|     1 |     0 |  5797 |     - |    49M |   0 |1266 | 489 | 607 | 244 | 23 | 338 |  20 | 5.727215e+06 | 5.751714e+06 |   0.43%| unknown
  2.2s|     1 |     0 |  5830 |     - |    49M |   0 |1266 | 489 | 600 | 254 | 24 | 338 |  20 | 5.727346e+06 | 5.751714e+06 |   0.43%| unknown
  2.2s|     1 |     0 |  5830 |     - |    49M |   0 |1266 | 482 | 600 | 254 | 24 | 338 |  20 | 5.727346e+06 | 5.751714e+06 |   0.43%| unknown
 time | node  | left  |LP iter|LP it/n|mem/heur|mdpt |vars |cons |rows |cuts |sepa|confs|strbr|  dualbound   | primalbound  |  gap   | compl. 
  2.3s|     1 |     0 |  5878 |     - |    49M |   0 |1266 | 482 | 611 | 265 | 25 | 338 |  20 | 5.727612e+06 | 5.751714e+06 |   0.42%| unknown
  2.3s|     1 |     0 |  5907 |     - |    49M |   0 |1266 | 482 | 619 | 273 | 26 | 338 |  20 | 5.727765e+06 | 5.751714e+06 |   0.42%| unknown
_____________________________________
Now starting branching with general disjunction
Current branching Node number: 1
Relpscost reduced domain, skip general disjunction branching
  2.3s|     1 |     0 |  6189 |     - |    49M |   0 |1266 | 480 | 619 | 273 | 26 | 423 |  25 | 5.739755e+06 | 5.751714e+06 |   0.21%| unknown
  2.3s|     1 |     0 |  6189 |     - |    49M |   0 |1266 | 480 | 612 | 273 | 26 | 423 |  25 | 5.739755e+06 | 5.751714e+06 |   0.21%| unknown
  2.4s|     1 |     0 |  6241 |     - |    50M |   0 |1266 | 480 | 618 | 289 | 27 | 423 |  25 | 5.739936e+06 | 5.751714e+06 |   0.21%| unknown
  2.4s|     1 |     0 |  6302 |     - |    50M |   0 |1266 | 480 | 596 | 299 | 28 | 423 |  25 | 5.740594e+06 | 5.751714e+06 |   0.19%| unknown
  2.4s|     1 |     0 |  6302 |     - |    50M |   0 |1266 | 456 | 596 | 299 | 28 | 423 |  25 | 5.740594e+06 | 5.751714e+06 |   0.19%| unknown
  2.4s|     1 |     0 |  6358 |     - |    51M |   0 |1266 | 456 | 606 | 309 | 29 | 423 |  25 | 5.740727e+06 | 5.751714e+06 |   0.19%| unknown
  2.5s|     1 |     0 |  6399 |     - |    51M |   0 |1266 | 456 | 613 | 316 | 30 | 423 |  25 | 5.740783e+06 | 5.751714e+06 |   0.19%| unknown
_____________________________________
Now starting branching with general disjunction
Current branching Node number: 1
Relpscost reduced domain, skip general disjunction branching
  2.5s|     1 |     0 |  6552 |     - |    51M |   0 |1266 | 381 | 613 | 316 | 30 | 874 |  30 | 5.750316e+06 | 5.751714e+06 |   0.02%| unknown
  2.5s|     1 |     0 |  6575 |     - |    51M |   0 |1266 | 381 | 572 | 319 | 31 | 874 |  30 | 5.750593e+06 | 5.751714e+06 |   0.02%| unknown
  2.5s|     1 |     0 |  6582 |     - |    51M |   0 |1266 | 381 | 576 | 323 | 32 | 874 |  30 | 5.750596e+06 | 5.751714e+06 |   0.02%| unknown
  2.5s|     1 |     0 |  6582 |     - |    51M |   0 |1266 | 369 | 576 | 323 | 32 | 874 |  30 | 5.750596e+06 | 5.751714e+06 |   0.02%| unknown
  2.5s|     1 |     0 |  6610 |     - |    51M |   0 |1266 | 369 | 537 | 327 | 33 | 874 |  30 | 5.750752e+06 | 5.751714e+06 |   0.02%| unknown
  2.5s|     1 |     0 |  6610 |     - |    51M |   0 |1266 | 369 | 527 | 327 | 33 | 874 |  30 | 5.750752e+06 | 5.751714e+06 |   0.02%| unknown
 time | node  | left  |LP iter|LP it/n|mem/heur|mdpt |vars |cons |rows |cuts |sepa|confs|strbr|  dualbound   | primalbound  |  gap   | compl. 
  2.5s|     1 |     0 |  6627 |     - |    51M |   0 |1266 | 369 | 529 | 329 | 34 | 874 |  30 | 5.750764e+06 | 5.751714e+06 |   0.02%| unknown
  2.5s|     1 |     0 |  6627 |     - |    51M |   0 |1266 | 366 | 529 | 329 | 34 | 874 |  30 | 5.750764e+06 | 5.751714e+06 |   0.02%| unknown
  2.6s|     1 |     0 |  6643 |     - |    51M |   0 |1266 | 366 | 532 | 332 | 35 | 874 |  30 | 5.750769e+06 | 5.751714e+06 |   0.02%| unknown
  2.6s|     1 |     0 |  6665 |     - |    51M |   0 |1266 | 366 | 534 | 334 | 36 | 874 |  30 | 5.751335e+06 | 5.751714e+06 |   0.01%| unknown
  2.6s|     1 |     0 |  6665 |     - |    51M |   0 |1266 | 366 | 533 | 334 | 36 | 874 |  30 | 5.751335e+06 | 5.751714e+06 |   0.01%| unknown
  2.6s|     1 |     0 |  6665 |     - |    51M |   0 |1266 | 362 | 533 | 334 | 36 | 874 |  30 | 5.751335e+06 | 5.751714e+06 |   0.01%| unknown
  2.6s|     1 |     0 |  6668 |     - |    51M |   0 |1266 | 362 | 535 | 336 | 37 | 874 |  30 | 5.751335e+06 | 5.751714e+06 |   0.01%| unknown
  2.6s|     1 |     0 |  6669 |     - |    51M |   0 |1266 | 362 | 536 | 337 | 38 | 874 |  30 | 5.751342e+06 | 5.751714e+06 |   0.01%| unknown
_____________________________________
Now starting branching with general disjunction
Current branching Node number: 1
Relpscost reduced domain, skip general disjunction branching
  2.6s|     1 |     0 |  6695 |     - |    51M |   0 |1266 | 328 | 484 | 337 | 38 |1165 |  32 | 5.751597e+06 | 5.751714e+06 |   0.00%| unknown
  2.6s|     1 |     0 |  6696 |     - |    51M |   0 |1266 | 328 | 485 | 338 | 39 |1165 |  32 | 5.751597e+06 | 5.751714e+06 |   0.00%| unknown
  2.6s|     1 |     0 |  6697 |     - |    51M |   0 |1266 | 328 | 486 | 339 | 40 |1165 |  32 | 5.751597e+06 | 5.751714e+06 |   0.00%| unknown
_____________________________________
Now starting branching with general disjunction
Current branching Node number: 1
Relpscost reduced domain, skip general disjunction branching
  2.6s|     1 |     0 |  6703 |     - |    51M |   0 |1266 | 283 | 486 | 339 | 40 |1397 |  33 | 5.751650e+06 | 5.751714e+06 |   0.00%| unknown
  2.6s|     1 |     0 |  6705 |     - |    51M |   0 |1266 | 283 | 489 | 342 | 41 |1397 |  33 | 5.751714e+06 | 5.751714e+06 |   0.00%| unknown
* 2.6s|     1 |     0 |  6705 |     - |    LP  |   0 |1266 | 283 | 489 | 342 | 42 |1397 |  33 | 5.751714e+06 | 5.751714e+06 |   0.00%| unknown

SCIP Status        : problem is solved [optimal solution found]
Solving Time (sec) : 2.61
Solving Nodes      : 1 (total of 2 nodes in 2 runs)
Primal Bound       : +5.75171432889938e+06 (6 solutions)
Dual Bound         : +5.75171432889938e+06
Gap                : 0.00 %

primal solution:
================

objective value:                     5751714.32889938
x11                                                 1 	(obj:0)
x35                                                 1 	(obj:0)
x52                                                 1 	(obj:0)
x72                                                 1 	(obj:0)
x262                                             1.62 	(obj:22.6188)
x277                                              0.1 	(obj:14.4509)
x287                                             0.16 	(obj:14.4509)
x291                                 26.4365798565735 	(obj:60.9451)
x293                                 51.8834201434264 	(obj:155.8184)
x297                                              3.8 	(obj:1.2566)
x308                               0.0399999999998149 	(obj:155.8184)
x310                               0.0399999999999964 	(obj:6.283)
x543                                0.235320136941247 	(obj:105.5544)
x563                                              1.8 	(obj:142.6241)
x578                                              3.6 	(obj:101.7846)
x782                                            10.48 	(obj:22.6188)
x785                                 88.6263778182754 	(obj:5.6547)
x786                                 66.0136221817246 	(obj:1.2566)
x791                                            65.86 	(obj:8.1679)
x812                                              2.3 	(obj:14.4509)
x817                                 4.03530992309068 	(obj:1.2566)
x818                                 11.7846900769093 	(obj:142.6241)
x827                                             6.18 	(obj:14.4509)
x831                                            12.38 	(obj:8.1679)
x836                                            55.08 	(obj:5.6547)
x845                                             0.68 	(obj:119.377)
x852                                             10.3 	(obj:22.6188)
x855                                            32.12 	(obj:5.0264)
x863                                             1.52 	(obj:155.8184)
x866                                             1.46 	(obj:60.9451)
x873                                            73.44 	(obj:27.6452)
x1096                                           317.7 	(obj:5.6547)
x1310                                           86.18 	(obj:21.9905)
x1320                                             0.1 	(obj:19.79145)
x1365                                             7.7 	(obj:417.8195)
x1393                                           267.2 	(obj:96.7582)
x1397                                            0.66 	(obj:50.57815)
x1403                                           31.86 	(obj:160.53065)
x1405                                           85.96 	(obj:4.3981)
x1410                                5.45999999999992 	(obj:391.4309)
x1417                                            13.3 	(obj:37.38385)
x1420                                           98.78 	(obj:19.79145)
x1426                                          136.82 	(obj:4.3981)
x1430                                           52.78 	(obj:19.79145)
x1437                                            4.74 	(obj:378.2366)
x1440                                          113.84 	(obj:17.5924)
x1447                                            9.88 	(obj:50.57815)
x1452                                            6.16 	(obj:50.57815)
x1457                                            1.94 	(obj:50.57815)
x1460                                           94.46 	(obj:28.58765)
x1468                                           34.88 	(obj:4.3981)
x1473                                            35.2 	(obj:4.3981)
x1477                                           20.16 	(obj:61.5734)
x1482                                            10.3 	(obj:4.3981)
x1487                                           11.38 	(obj:4.3981)
x1492                                           54.66 	(obj:81.36485)
x1497                                            6.04 	(obj:70.3696)
x1502                                            4.42 	(obj:70.3696)
x1507                                6.01999999999993 	(obj:70.3696)
x1511                                           155.6 	(obj:21.9905)
x1515                                          109.94 	(obj:37.38385)
x1516                                28.4399999999998 	(obj:21.9905)
x1523                                          116.44 	(obj:140.7392)
x1525                                           14.76 	(obj:70.3696)
x1532                                              14 	(obj:85.76295)
x1535                                          123.24 	(obj:35.1848)
x1540                                6.71999999999987 	(obj:46.18005)
x1548                                           153.5 	(obj:107.75345)
x1552                                           22.08 	(obj:85.76295)
x1571                                           12.48 	(obj:8.1679)
x1580                                            0.04 	(obj:5.6547)
x1603                                             0.3 	(obj:142.6241)
x1618                                            0.04 	(obj:101.7846)
x1626                                            1.14 	(obj:116.2355)
x1653                                              11 	(obj:27.6452)
x1656                                            0.14 	(obj:60.9451)
x1663                                            1.66 	(obj:45.8659)
x1666                                           13.78 	(obj:5.6547)
x1673                                            0.86 	(obj:137.5977)
x1678                                            4.06 	(obj:151.4203)
x1681                                           10.22 	(obj:1.2566)
x1686                                           15.06 	(obj:1.2566)
x1691                                            6.06 	(obj:1.2566)
x1696                                            0.58 	(obj:135.0845)
x1701                                           11.34 	(obj:5.0264)
x1706                                            0.58 	(obj:60.9451)
x1711                                            0.46 	(obj:60.9451)
x1716                                            0.16 	(obj:60.9451)
x1721                                           11.64 	(obj:12.566)
x1728                                             3.6 	(obj:1.2566)
x1733                                            4.26 	(obj:1.2566)
x1736                                            2.44 	(obj:53.4055)
x1743                                             1.4 	(obj:142.6241)
x1748                                            1.62 	(obj:142.6241)
x1753                                            4.86 	(obj:135.0845)
x1756                                            0.66 	(obj:50.8923)
x1761                                             0.7 	(obj:50.8923)
x1766                                            0.52 	(obj:50.8923)
x1771                                            12.4 	(obj:6.283)
x1776                                           11.78 	(obj:6.283)
x1783                                            6.02 	(obj:40.2112)
x1786                                            1.18 	(obj:18.2207)
x1791                                            1.22 	(obj:64.0866)
x1796                                           15.24 	(obj:10.6811)
x1801                                            0.04 	(obj:12.566)
x1808                                           37.84 	(obj:30.7867)
x1813                                               6 	(obj:129.4298)
x1830                                          448.46 	(obj:31.415)
x1840                                            0.42 	(obj:28.2735)
x1886                                           26.98 	(obj:581.1775)
x1913                                          377.74 	(obj:138.226)
x1917                                            3.52 	(obj:72.2545)
x1923                                           74.04 	(obj:229.3295)
x1925                                          463.34 	(obj:6.283)
x1930                                           17.54 	(obj:559.187)
x1937                                           52.76 	(obj:53.4055)
x1941                                          416.58 	(obj:6.283)
x1946                                          557.42 	(obj:6.283)
x1950                                90.4199999999995 	(obj:28.2735)
x1951                                          122.54 	(obj:6.283)
x1956                                           11.32 	(obj:675.4225)
x1960                                          521.14 	(obj:25.132)
x1967                                           20.62 	(obj:72.2545)
x1972                                           21.96 	(obj:72.2545)
x1977                                           11.68 	(obj:72.2545)
x1980                                          384.42 	(obj:40.8395)
x1988                                           86.72 	(obj:6.283)
x1993                                           92.38 	(obj:6.283)
x1997                                           302.9 	(obj:87.962)
x2002                                           57.12 	(obj:6.283)
x2007                                           64.98 	(obj:6.283)
x2012                                          112.58 	(obj:116.2355)
x2017                                37.8400000000005 	(obj:100.528)
x2022                                           19.66 	(obj:100.528)
x2027                                23.1599999999998 	(obj:100.528)
x2031                                          488.74 	(obj:31.415)
x2036                                459.139999999999 	(obj:31.415)
x2043                                           257.1 	(obj:201.056)
x2045                                            55.3 	(obj:100.528)
x2052                                           43.08 	(obj:122.5185)
x2055                                          504.94 	(obj:50.264)
x2060                                           12.88 	(obj:65.9715)
x2068                                          870.24 	(obj:153.9335)
x2072                                           75.62 	(obj:122.5185)
x2077                                            1.32 	(obj:72.2545)
x2091                                            0.62 	(obj:102.97850533)
x2115                               0.260000000000757 	(obj:120.76571325)
x2132                                            0.24 	(obj:140.80211597)
x2191                              0.0399999999999964 	(obj:102.97850533)
x2215                                39.1165798565737 	(obj:120.76571325)
x2232                                26.6600000000002 	(obj:140.80211597)
x2252                                51.9234201434264 	(obj:118.34053634)
x2315                                3.64467986305875 	(obj:120.76571325)
x2352                                7.71532013694124 	(obj:118.34053634)
x2391                                121.426377818275 	(obj:102.97850533)
x2415                                274.333622181725 	(obj:120.76571325)
x2432                                47.1953099230907 	(obj:140.80211597)
x2452                                124.244690076909 	(obj:118.34053634)
x2515                                          490.58 	(obj:120.76571325)
x2532                                36.5199999999998 	(obj:140.80211597)
x2552                                           40.72 	(obj:118.34053634)
x2591                                             800 	(obj:360.42476865)
x2615                                          320.86 	(obj:422.67999638)
x2632                                          186.08 	(obj:492.80740588)
x2652                                          639.34 	(obj:414.1918772)
x2691                                            0.04 	(obj:102.97850533)
x2715                                          129.82 	(obj:120.76571325)
x2752                                           83.54 	(obj:118.34053634)
x2791                                            2500 	(obj:514.89252664)
x2815                                         2082.72 	(obj:603.82856625)
x2832                                          851.48 	(obj:704.01057983)
x2852                                         1759.78 	(obj:591.70268172)
x2983                                            0.24 	(obj:22.6188)
x2987                                            0.26 	(obj:1.2566)
x2991                                            0.62 	(obj:6.283)
x281                                            12.68 	(obj:0)
x541                                 3.64467986305875 	(obj:0)
x801                                            73.54 	(obj:0)
x1061                                          172.88 	(obj:0)
x302                                            20.98 	(obj:0)
x822                                             13.9 	(obj:0)
x1082                                36.5199999999998 	(obj:0)
x1342                                            0.34 	(obj:0)
x1862                                            2.68 	(obj:0)
x1355                                            0.08 	(obj:0)
x1875                                            1.14 	(obj:0)
x583                                             2.08 	(obj:0)
x843                                             37.5 	(obj:0)
x1103                                           40.72 	(obj:0)
x1363                                            0.26 	(obj:0)
x1623                                            0.02 	(obj:0)
x1883                                            1.56 	(obj:0)
x2891                                            1224 	(obj:0)
x2915                                            1600 	(obj:0)
x2932                                             559 	(obj:0)
x2952                                1141.44955615282 	(obj:0)

Statistics
==========

SCIP Status        : problem is solved [optimal solution found]
Total Time         :       2.63
  solving          :       2.61
  presolving       :       0.06 (included in solving)
  reading          :       0.01
  copying          :       0.01 (3 #copies) (minimal 0.00, maximal 0.00, average 0.00)
Original Problem   :
  Problem name     : app3
  Variables        : 3080 (100 binary, 0 integer, 0 implicit integer, 2980 continuous)
  Constraints      : 766 initial, 766 maximal
  Objective        : minimize, 2688 non-zeros (abs.min = 1.2566, abs.max = 1e+06)
Presolved Problem  :
  Problem name     : t_app3
  Variables        : 1266 (67 binary, 0 integer, 0 implicit integer, 1199 continuous)
  Constraints      : 514 initial, 514 maximal
  Objective        : minimize, 1132 non-zeros (abs.min = 91.806, abs.max = 1e+06)
  Nonzeros         : 7787 constraint, 2 clique table
Presolvers         :   ExecTime  SetupTime  Calls  FixedVars   AggrVars   ChgTypes  ChgBounds   AddHoles    DelCons    AddCons   ChgSides   ChgCoefs
  boundshift       :       0.00       0.00      0          0          0          0          0          0          0          0          0          0
  convertinttobin  :       0.00       0.00      0          0          0          0          0          0          0          0          0          0
  domcol           :       0.00       0.00      2          0          0          0          0          0          0          0          0          0
  dualagg          :       0.00       0.00      0          0          0          0          0          0          0          0          0          0
  dualcomp         :       0.00       0.00      2          0          0          0          0          0          0          0          0          0
  dualinfer        :       0.00       0.00      0          0          0          0          0          0          0          0          0          0
  dualsparsify     :       0.00       0.00      1          0          0          0          0          0          0          0          0          0
  gateextraction   :       0.00       0.00      1          0          0          0          0          0          2          1          0          0
  implics          :       0.00       0.00      8          0          0          0          0          0          0          0          0          0
  inttobinary      :       0.00       0.00      0          0          0          0          0          0          0          0          0          0
  qpkktref         :       0.00       0.00      0          0          0          0          0          0          0          0          0          0
  redvub           :       0.00       0.00      0          0          0          0          0          0          0          0          0          0
  sparsify         :       0.01       0.00      1          0          0          0          0          0          0          0          0          0
  stuffing         :       0.00       0.00      0          0          0          0          0          0          0          0          0          0
  trivial          :       0.00       0.00     14         94          0          0          0          0          0          0          0          0
  tworowbnd        :       0.00       0.00      0          0          0          0          0          0          0          0          0          0
  dualfix          :       0.00       0.00     14        191          0          0          0          0          0          0          0          0
  genvbounds       :       0.00       0.00      0          0          0          0          0          0          0          0          0          0
  probing          :       0.02       0.00      1          0          0          0          0          0          0          0          0          0
  pseudoobj        :       0.00       0.00      2          0          0          0          0          0          0          0          0          0
  symmetry         :       0.00       0.00      1          0          0          0          0          0          0          0          0          0
  vbounds          :       0.00       0.00      2          0          0          0          0          0          0          0          0          0
  varbound         :       0.00       0.00     11          0          0          0          4          0         13          0          0          9
  setppc           :       0.00       0.00     18          0          0          0          0          0          0          0          0          0
  linear           :       0.02       0.00     21       1365        164          0       3286          0        423          0        166          0
  logicor          :       0.00       0.00      3          0          0          0          0          0          0          0          0          2
  bounddisjunction :       0.00       0.00      0          0          0          0          0          0          0          0          0          0
  benders          :       0.00       0.00      0          0          0          0          0          0          0          0          0          0
  components       :       0.00       0.00      2          0          0          0          0          0          0          0          0          0
  root node        :          -          -      -         78          -          -       2185          -          -          -          -          -
Constraints        :     Number  MaxNumber  #Separate #Propagate    #EnfoLP    #EnfoRelax  #EnfoPS    #Check   #ResProp    Cutoffs    DomReds       Cuts    Applied      Conss   Children
  benderslp        :          0          0          0          0          7          0          0         81          0          0          0          0          0          0          0
  integral         :          0          0          0          0          7          0          0         81          0          0        227          0          0          3          0
  varbound         :        124        124         44       1399          1          0          0         75         65          0         69          2          0          0          0
  setppc           :          4          4         44       1398          1          0          0         10         70          0         14          0          0          0          0
  linear           :        386        386         44       1400          1          0          0         10         44          1        305         27          1          0          0
  logicor          :          0+         2         10         74          0          0          0          0          0          1          0          0          0          0          0
  bounddisjunction :          0+         1          0          1          0          0          0          0          0          0          0          0          0          0          0
  benders          :          0          0          0          0          1          0          0          6          0          0          0          0          0          0          0
  fixedvar         :          0          0          0          0          1          0          0          6          0          0          0          0          0          0          0
  countsols        :          0          0          0          0          1          0          0          6          0          0          0          0          0          0          0
  components       :          0          0          0          0          0          0          0          0          0          0          0          0          0          0          0
Constraint Timings :  TotalTime  SetupTime   Separate  Propagate     EnfoLP     EnfoPS     EnfoRelax   Check    ResProp    SB-Prop
  benderslp        :       0.00       0.00       0.00       0.00       0.00       0.00       0.00       0.00       0.00       0.00
  integral         :       0.31       0.00       0.00       0.00       0.31       0.00       0.00       0.00       0.00       0.00
  varbound         :       0.01       0.00       0.00       0.01       0.00       0.00       0.00       0.00       0.00       0.00
  setppc           :       0.00       0.00       0.00       0.00       0.00       0.00       0.00       0.00       0.00       0.00
  linear           :       0.05       0.00       0.02       0.03       0.00       0.00       0.00       0.00       0.00       0.00
  logicor          :       0.00       0.00       0.00       0.00       0.00       0.00       0.00       0.00       0.00       0.00
  bounddisjunction :       0.00       0.00       0.00       0.00       0.00       0.00       0.00       0.00       0.00       0.00
  benders          :       0.00       0.00       0.00       0.00       0.00       0.00       0.00       0.00       0.00       0.00
  fixedvar         :       0.00       0.00       0.00       0.00       0.00       0.00       0.00       0.00       0.00       0.00
  countsols        :       0.00       0.00       0.00       0.00       0.00       0.00       0.00       0.00       0.00       0.00
  components       :       0.00       0.00       0.00       0.00       0.00       0.00       0.00       0.00       0.00       0.00
Propagators        : #Propagate   #ResProp    Cutoffs    DomReds
  dualfix          :         32          0          0          0
  genvbounds       :          0          0          0          0
  nlobbt           :          0          0          0          0
  obbt             :          0          0          0          0
  probing          :          0          0          0          0
  pseudoobj        :        124          0          0          0
  redcost          :         87          0          0          9
  rootredcost      :          0          0          0          0
  symmetry         :          0          0          0          0
  vbounds          :        986          0          0          0
Propagator Timings :  TotalTime  SetupTime   Presolve  Propagate    ResProp    SB-Prop
  dualfix          :       0.00       0.00       0.00       0.00       0.00       0.00
  genvbounds       :       0.00       0.00       0.00       0.00       0.00       0.00
  nlobbt           :       0.00       0.00       0.00       0.00       0.00       0.00
  obbt             :       0.00       0.00       0.00       0.00       0.00       0.00
  probing          :       0.02       0.00       0.02       0.00       0.00       0.00
  pseudoobj        :       0.01       0.00       0.00       0.01       0.00       0.00
  redcost          :       0.00       0.00       0.00       0.00       0.00       0.00
  rootredcost      :       0.00       0.00       0.00       0.00       0.00       0.00
  symmetry         :       0.00       0.00       0.00       0.00       0.00       0.00
  vbounds          :       0.00       0.00       0.00       0.00       0.00       0.00
Symmetry           :
  orbitopal red.   :          0 reductions applied,          0 cutoffs
  orbital reduction:          0 reductions applied,          0 cutoffs
  lexicographic red:          0 reductions applied,          0 cutoffs
  shadow tree time :       0.00 s
Conflict Analysis  :       Time      Calls    Success    DomReds  Conflicts   Literals    Reconvs ReconvLits   Dualrays   Nonzeros   LP Iters   (pool size: [10000,10000])
  propagation      :       0.00          1          0          -          0        0.0          0        0.0          -          -          -
  infeasible LP    :       0.00          0          0          -          0        0.0          0        0.0          0        0.0          0
  bound exceed. LP :       0.03         23       1394          -         36        3.4          1        2.0       1374        1.0        270
  strong branching :       0.00          0          0          -          0        0.0          0        0.0          -          -          0
  pseudo solution  :       0.00          0          0          -          0        0.0          0        0.0          -          -          -
  applied globally :       0.00          -          -       1374         23        2.2          -          -       1374          -          -
  applied locally  :          -          -          -          0          0        0.0          -          -          0          -          -
Separators         :   ExecTime  SetupTime      Calls  RootCalls    Cutoffs    DomReds  FoundCuts ViaPoolAdd  DirectAdd    Applied ViaPoolApp  DirectApp      Conss
  cut pool         :       0.06          -         96         96          -          -       8693      59016          -          -          -          -          -    (maximal pool size:       7118)
  aggregation      :       1.16       0.00         44         44          0          0       8460      58434          0        407        407          0          0
  > cmir           :          -          -          -          -          -          -          -      50689          0        253        253          0          -
  > flowcover      :          -          -          -          -          -          -          -       7745          0        154        154          0          -
  > knapsackcover  :          -          -          -          -          -          -          -          0          0          0          0          0          -
  cgmip            :       0.00       0.00          0          0          0          0          0          0          0          0          0          0          0
  clique           :       0.00       0.00         44         44          0          0          0          0          0          0          0          0          0
  closecuts        :       0.00       0.00          0          0          0          0          0          0          0          0          0          0          0
  convexproj       :       0.00       0.00          0          0          0          0          0          0          0          0          0          0          0
  disjunctive      :       0.00       0.00          0          0          0          0          0          0          0          0          0          0          0
  eccuts           :       0.00       0.00          0          0          0          0          0          0          0          0          0          0          0
  gauge            :       0.00       0.00          0          0          0          0          0          0          0          0          0          0          0
  gomory           :       0.03       0.00         20         20          0          0         38        137          0         12         12          0          0
  > gomorymi       :          -          -          -          -          -          -          -        137          0         12         12          0          -
  > strongcg       :          -          -          -          -          -          -          -          0          0          0          0          0          -
  impliedbounds    :       0.00       0.00         44         44          0          0        186        445          0        110        110          0          0
  interminor       :       0.00       0.00          0          0          0          0          0          0          0          0          0          0          0
  intobj           :       0.00       0.00          0          0          0          0          0          0          0          0          0          0          0
  lagromory        :       0.00       0.00          0          0          0          0          0          0          0          0          0          0          0
  mcf              :       0.00       0.00          2          2          0          0          0          0          0          0          0          0          0
  minor            :       0.00       0.00          0          0          0          0          0          0          0          0          0          0          0
  mixing           :       0.00       0.00         44         44          0          0          0          0          0          0          0          0          0
  oddcycle         :       0.00       0.00          0          0          0          0          0          0          0          0          0          0          0
  rapidlearning    :       0.00       0.00          0          0          0          0          0          0          0          0          0          0          0
  rlt              :       0.00       0.00         20         20          0          0          0          0          0          0          0          0          0
  zerohalf         :       0.01       0.00         32         32          0          0          0          0          0          0          0          0          0
Cutselectors       :   ExecTime  SetupTime      Calls  RootCalls   Selected     Forced   Filtered  RootSelec   RootForc   RootFilt 
  hybrid           :       0.04       0.00         54         54        530          0      58515        530          0      58515
  ensemble         :       0.00       0.00          0          0          0          0          0          0          0          0
  dynamic          :       0.00       0.00          0          0          0          0          0          0          0          0
Pricers            :   ExecTime  SetupTime      Calls       Vars
  problem variables:       0.00          -          0          0
Branching Rules    :   ExecTime  SetupTime   BranchLP  BranchExt   BranchPS    Cutoffs    DomReds       Cuts      Conss   Children
  allfullstrong    :       0.00       0.00          0          0          0          0          0          0          0          0
  cloud            :       0.00       0.00          0          0          0          0          0          0          0          0
  distribution     :       0.00       0.00          0          0          0          0          0          0          0          0
  fullstrong       :       0.00       0.00          0          0          0          0          0          0          0          0
  general_disjuncti:       0.31       0.00          6          0          0          0        227          0          3          0
  GeneralDisjunction(extra): subMILPs=0 fairNodes of all MILPs=0 probingLPs=0
  gomory           :       0.00       0.00          0          0          0          0          0          0          0          0
  inference        :       0.00       0.00          0          0          0          0          0          0          0          0
  leastinf         :       0.00       0.00          0          0          0          0          0          0          0          0
  lookahead        :       0.00       0.00          0          0          0          0          0          0          0          0
  mostinf          :       0.00       0.00          0          0          0          0          0          0          0          0
  multaggr         :       0.00       0.00          0          0          0          0          0          0          0          0
  nodereopt        :       0.00       0.00          0          0          0          0          0          0          0          0
  pscost           :       0.00       0.00          0          0          0          0          0          0          0          0
  random           :       0.00       0.00          0          0          0          0          0          0          0          0
  relpscost        :       0.00       0.00          0          0          0          0          0          0          0          0
  vanillafullstrong:       0.00       0.00          0          0          0          0          0          0          0          0
Primal Heuristics  :   ExecTime  SetupTime      Calls      Found       Best
  LP solutions     :       0.00          -          -          1          1
  relax solutions  :       0.00          -          -          0          0
  pseudo solutions :       0.00          -          -          0          0
  strong branching :       0.00          -          -          0          0
  actconsdiving    :       0.00       0.00          0          0          0
  adaptivediving   :       0.00       0.00          0          0          0
  alns             :       0.02       0.00          1          0          0
  bound            :       0.00       0.00          0          0          0
  clique           :       0.01       0.00          1          1          1
  coefdiving       :       0.00       0.00          0          0          0
  completesol      :       0.00       0.00          0          0          0
  conflictdiving   :       0.01       0.00          1          0          0
  crossover        :       0.00       0.00          0          0          0
  dins             :       0.00       0.00          0          0          0
  distributiondivin:       0.00       0.00          0          0          0
  dps              :       0.00       0.00          0          0          0
  dualval          :       0.00       0.00          0          0          0
  farkasdiving     :       0.00       0.00          0          0          0
  feaspump         :       0.02       0.00          1          1          1
  fixandinfer      :       0.00       0.00          0          0          0
  fracdiving       :       0.00       0.00          0          0          0
  gins             :       0.00       0.00          0          0          0
  guideddiving     :       0.00       0.00          0          0          0
  indicator        :       0.00       0.00          0          0          0
  indicatordiving  :       0.00       0.00          0          0          0
  intdiving        :       0.00       0.00          0          0          0
  intshifting      :       0.02       0.00          1          0          0
  linesearchdiving :       0.00       0.00          0          0          0
  localbranching   :       0.00       0.00          0          0          0
  locks            :       0.00       0.00          1          0          0
  lpface           :       0.00       0.00          0          0          0
  mpec             :       0.00       0.00          0          0          0
  multistart       :       0.00       0.00          0          0          0
  mutation         :       0.00       0.00          0          0          0
  nlpdiving        :       0.00       0.00          0          0          0
  objpscostdiving  :       0.00       0.00          0          0          0
  octane           :       0.00       0.00          0          0          0
  ofins            :       0.00       0.00          0          0          0
  oneopt           :       0.00       0.00          2          0          0
  padm             :       0.00       0.00          0          0          0
  proximity        :       0.00       0.00          0          0          0
  pscostdiving     :       0.00       0.00          0          0          0
  randrounding     :       0.04       0.00         61          0          0
  rens             :       0.52       0.00          2          2          1
  reoptsols        :       0.00       0.00          0          0          0
  repair           :       0.00       0.00          0          0          0
  rins             :       0.00       0.00          0          0          0
  rootsoldiving    :       0.00       0.00          0          0          0
  rounding         :       0.00       0.00         61          0          0
  scheduler        :       0.00       0.00          0          0          0
  shiftandpropagate:       0.00       0.00          0          0          0
  shifting         :       0.02       0.00         61          0          0
  simplerounding   :       0.00       0.00          0          0          0
  subnlp           :       0.00       0.00          0          0          0
  trivial          :       0.00       0.00          4          0          0
  trivialnegation  :       0.00       0.00          0          0          0
  trustregion      :       0.00       0.00          0          0          0
  trysol           :       0.00       0.00          0          0          0
  twoopt           :       0.00       0.00          0          0          0
  undercover       :       0.00       0.00          0          0          0
  vbounds          :       0.00       0.00          0          0          0
  veclendiving     :       0.00       0.00          0          0          0
  zeroobj          :       0.00       0.00          0          0          0
  zirounding       :       0.00       0.00          2          0          0
  other solutions  :          -          -          -          1          -
LNS (Scheduler)    :      Calls  SetupTime  SolveTime SolveNodes       Sols       Best       Exp3    Exp3-IX  EpsGreedy        UCB TgtFixRate  Opt  Inf Node Stal  Sol  Usr Othr Actv
  rens             :          0       0.00       0.00          0          0          0    0.00000    0.12500   -1.00000    1.00000      0.900    0    0    0    0    0    0    0    1
  rins             :          0       0.00       0.00          0          0          0    0.00000    0.12500   -1.00000    1.00000      0.900    0    0    0    0    0    0    0    1
  mutation         :          0       0.00       0.00          0          0          0    0.00000    0.12500   -1.00000    1.00000      0.900    0    0    0    0    0    0    0    1
  localbranching   :          0       0.00       0.00          0          0          0    0.00000    0.12500   -1.00000    1.00000      0.900    0    0    0    0    0    0    0    1
  crossover        :          0       0.00       0.00          0          0          0    0.00000    0.12500   -1.00000    1.00000      0.900    0    0    0    0    0    0    0    1
  proximity        :          0       0.00       0.00          0          0          0    0.00000    0.12500   -1.00000    1.00000      0.900    0    0    0    0    0    0    0    1
  zeroobjective    :          0       0.00       0.00          0          0          0    0.00000    0.12500   -1.00000    1.00000      0.900    0    0    0    0    0    0    0    1
  dins             :          0       0.00       0.00          0          0          0    0.00000    0.12500   -1.00000    1.00000      0.900    0    0    0    0    0    0    0    1
  trustregion      :          0       0.00       0.00          0          0          0    0.00000    0.00000   -1.00000    1.00000      0.900    0    0    0    0    0    0    0    0
LP                 :       Time      Calls Iterations  Iter/call   Iter/sec  Time-0-It Calls-0-It    ItLimit
  primal LP        :       0.04          7          0       0.00       0.00       0.04          7
  dual LP          :       0.18         76       4280      73.79   23285.93       0.01         18
  lex dual LP      :       0.00          0          0       0.00          -
  barrier LP       :       0.00          0          0       0.00          -       0.00          0
  resolve instable :       0.00          0          0       0.00          -
  diving/probing LP:       0.08         12       2425     202.08   30340.19
  strong branching :       0.23         33       5099     154.52   22347.86          -          -          0
    (at root node) :          -         33       5099     154.52          -
  conflict analysis:       0.02         27        270      10.00   13376.27
B&B Tree           :
  number of runs   :          2
  nodes            :          1 (0 internal, 1 leaves)
  feasible leaves  :          1
  infeas. leaves   :          0
  objective leaves :          0
  nodes (total)    :          2 (0 internal, 2 leaves)
  nodes left       :          0
  max depth        :          0
  max depth (total):          0
  backtracks       :          0 (0.0%)
  early backtracks :          0 (0.0%)
  nodes exc. ref.  :          0 (0.0%)
  delayed cutoffs  :          0
  repropagations   :          0 (0 domain reductions, 0 cutoffs)
  avg switch length:       2.00
  switching time   :       0.00
Root Node          :
  First LP value   : +5.62741228794098e+06
  First LP Iters   :        611 (80617.50 Iter/sec)
  First LP Time    :       0.01
  Final Dual Bound : +5.75171432889938e+06
  Final Root Iters :       4280
  Root LP Estimate : +5.75171432889938e+06
Solution           :
  Solutions found  :          6 (4 improvements)
  First Solution   : +8.80596115568575e+09   (in run 1, after 1 nodes, 0.06 seconds, depth 6, found by <clique>)
  Gap First Sol.   :   infinite
  Gap Last Sol.    :       0.00 %
  Primal Bound     : +5.75171432889938e+06   (in run 2, after 1 nodes, 2.61 seconds, depth 0, found by <relaxation>)
  Dual Bound       : +5.75171432889938e+06
  Gap              :       0.00 %
Integrals          :      Total       Avg%
  primal-dual      :      30.98      11.86
  primal-ref       :          -          - (not evaluated)
  dual-ref         :          -          - (not evaluated)
