SCIP version 9.2.2 [precision: 8 byte] [memory: block] [mode: optimized] [LP solver: CPLEX 12.10.0.0] [GitHash: 416226a4f8]
Copyright (c) 2002-2025 Zuse Institute Berlin (ZIB)

reading parameter file </scratch/htc/yzhou/exp_scipmip/settings/allon_gendj.set>

read problem </scratch/htc/yzhou/exp_scipmip/instances/additional/beasleyC2.mps>
============

original problem has 2500 variables (1250 bin, 0 int, 0 impl, 1250 cont) and 1750 constraints
   1750 constraints of type <linear>
Reading Time: 0.01
solve problem
=============
LP Solver <CPLEX 12.10.0.0>: fastmip setting not available -- SCIP parameter has no effect
LP Solver <CPLEX 12.10.0.0>: clock type cannot be set
LP Solver <CPLEX 12.10.0.0>: row representation of the basis not available -- SCIP parameter lp/rowrepswitch has no effect
LP Solver <CPLEX 12.10.0.0>: solution polishing not available -- SCIP parameter lp/solutionpolishing has no effect
LP Solver <CPLEX 12.10.0.0>: refactorization interval not available -- SCIP parameter lp/refactorinterval has no effect
transformed problem has 2500 variables (1250 bin, 0 int, 0 impl, 1250 cont) and 1750 constraints
   1750 constraints of type <linear>

original problem has 5000 active (0.114286%) nonzeros and 5000 (0.114286%) check nonzeros

presolving:
(round 1, fast)       164 del vars, 164 del conss, 0 add conss, 1090 chg bounds, 0 chg sides, 0 chg coeffs, 0 upgd conss, 0 impls, 0 clqs
(round 2, fast)       270 del vars, 350 del conss, 0 add conss, 1090 chg bounds, 0 chg sides, 0 chg coeffs, 0 upgd conss, 0 impls, 0 clqs
(round 3, fast)       533 del vars, 552 del conss, 0 add conss, 1090 chg bounds, 0 chg sides, 0 chg coeffs, 0 upgd conss, 0 impls, 0 clqs
(round 4, fast)       742 del vars, 570 del conss, 0 add conss, 1090 chg bounds, 0 chg sides, 0 chg coeffs, 0 upgd conss, 0 impls, 0 clqs
(round 5, fast)       760 del vars, 570 del conss, 0 add conss, 1090 chg bounds, 0 chg sides, 0 chg coeffs, 0 upgd conss, 0 impls, 0 clqs
(round 6, exhaustive) 760 del vars, 570 del conss, 0 add conss, 1090 chg bounds, 0 chg sides, 0 chg coeffs, 870 upgd conss, 0 impls, 0 clqs
   (0.0s) probing: 51/870 (5.9%) - 0 fixings, 0 aggregations, 0 implications, 0 bound changes
   (0.0s) probing aborted: 50/50 successive totally useless probings
   (0.0s) symmetry computation started: requiring (bin +, int +, cont +), (fixed: bin -, int -, cont -)
   (0.0s) no symmetry present (symcode time: 0.00)
clique table cleanup detected 0 bound changes

presolved problem has 3480 active (0.169492%) nonzeros and 3480 (0.169492%) check nonzeros

presolving (7 rounds: 7 fast, 2 medium, 2 exhaustive):
 760 deleted vars, 570 deleted constraints, 0 added constraints, 1090 tightened bounds, 0 added holes, 0 changed sides, 0 changed coefficients
 870 implications, 0 cliques
presolved problem has 1740 variables (870 bin, 0 int, 0 impl, 870 cont) and 1180 constraints
    870 constraints of type <varbound>
    310 constraints of type <linear>
transformed objective value is always integral (scale: 1)
Presolving Time: 0.02

 time | node  | left  |LP iter|LP it/n|mem/heur|mdpt |vars |cons |rows |cuts |sepa|confs|strbr|  dualbound   | primalbound  |  gap   | compl. 
p 0.0s|     1 |     0 |    65 |     - |   locks|   0 |1740 |1180 |1180 |   0 |  0 |   0 |   0 | 7.000000e+00 | 4.909000e+03 |  Large | unknown
i 0.0s|     1 |     0 |    65 |     - |  oneopt|   0 |1740 |1180 |1180 |   0 |  0 |   0 |   0 | 7.000000e+00 | 1.822000e+03 |  Large | unknown
  0.0s|     1 |     0 |   142 |     - |    17M |   0 |1740 |1180 |1180 |   0 |  0 |   0 |   0 | 4.733333e+01 | 1.822000e+03 |3749.30%| unknown
r 0.0s|     1 |     0 |   142 |     - |simplero|   0 |1740 |1180 |1180 |   0 |  0 |   0 |   0 | 4.733333e+01 | 2.320000e+02 | 390.14%| unknown
  0.0s|     1 |     0 |   170 |     - |    17M |   0 |1740 |1180 |1196 |  16 |  1 |   0 |   0 | 7.696296e+01 | 2.320000e+02 | 201.44%| unknown
  0.1s|     1 |     0 |   202 |     - |    18M |   0 |1740 |1180 |1209 |  29 |  2 |   0 |   0 | 8.613199e+01 | 2.320000e+02 | 169.35%| unknown
  0.1s|     1 |     0 |   243 |     - |    18M |   0 |1740 |1180 |1229 |  49 |  3 |   0 |   0 | 9.276623e+01 | 2.320000e+02 | 150.09%| unknown
  0.1s|     1 |     0 |   286 |     - |    19M |   0 |1740 |1180 |1245 |  65 |  4 |   0 |   0 | 9.800461e+01 | 2.320000e+02 | 136.72%| unknown
  0.1s|     1 |     0 |   352 |     - |    22M |   0 |1740 |1180 |1262 |  82 |  5 |   0 |   0 | 1.032295e+02 | 2.320000e+02 | 124.74%| unknown
  0.1s|     1 |     0 |   428 |     - |    25M |   0 |1740 |1180 |1278 |  98 |  6 |   0 |   0 | 1.070414e+02 | 2.320000e+02 | 116.74%| unknown
  0.1s|     1 |     0 |   484 |     - |    26M |   0 |1740 |1180 |1294 | 114 |  7 |   0 |   0 | 1.085324e+02 | 2.320000e+02 | 113.76%| unknown
  0.2s|     1 |     0 |   553 |     - |    28M |   0 |1740 |1180 |1304 | 124 |  8 |   0 |   0 | 1.110419e+02 | 2.320000e+02 | 108.93%| unknown
  0.2s|     1 |     0 |   614 |     - |    34M |   0 |1740 |1180 |1323 | 143 |  9 |   0 |   0 | 1.129736e+02 | 2.320000e+02 | 105.36%| unknown
  0.3s|     1 |     0 |   699 |     - |    39M |   0 |1740 |1180 |1337 | 157 | 10 |   0 |   0 | 1.144325e+02 | 2.320000e+02 | 102.74%| unknown
  0.3s|     1 |     0 |   778 |     - |    39M |   0 |1740 |1180 |1354 | 174 | 11 |   0 |   0 | 1.169394e+02 | 2.320000e+02 |  98.39%| unknown
 time | node  | left  |LP iter|LP it/n|mem/heur|mdpt |vars |cons |rows |cuts |sepa|confs|strbr|  dualbound   | primalbound  |  gap   | compl. 
  0.3s|     1 |     0 |   833 |     - |    39M |   0 |1740 |1180 |1369 | 189 | 12 |   0 |   0 | 1.174068e+02 | 2.320000e+02 |  97.60%| unknown
  0.3s|     1 |     0 |   889 |     - |    40M |   0 |1740 |1180 |1384 | 204 | 13 |   0 |   0 | 1.183142e+02 | 2.320000e+02 |  96.09%| unknown
  0.4s|     1 |     0 |   954 |     - |    40M |   0 |1740 |1181 |1402 | 222 | 14 |   1 |   0 | 1.192031e+02 | 2.320000e+02 |  94.63%| unknown
  0.4s|     1 |     0 |  1019 |     - |    40M |   0 |1740 |1181 |1419 | 239 | 15 |   1 |   0 | 1.200771e+02 | 2.320000e+02 |  93.21%| unknown
  0.5s|     1 |     0 |  1089 |     - |    43M |   0 |1740 |1181 |1405 | 254 | 16 |   1 |   0 | 1.206192e+02 | 2.320000e+02 |  92.34%| unknown
  0.5s|     1 |     0 |  1169 |     - |    43M |   0 |1740 |1181 |1422 | 271 | 17 |   1 |   0 | 1.212880e+02 | 2.320000e+02 |  91.28%| unknown
  0.5s|     1 |     0 |  1224 |     - |    43M |   0 |1740 |1181 |1436 | 285 | 18 |   1 |   0 | 1.214842e+02 | 2.320000e+02 |  90.97%| unknown
  0.6s|     1 |     0 |  1312 |     - |    45M |   0 |1740 |1181 |1453 | 302 | 19 |   1 |   0 | 1.222641e+02 | 2.320000e+02 |  89.75%| unknown
  0.6s|     1 |     0 |  1403 |     - |    45M |   0 |1740 |1181 |1475 | 324 | 20 |   1 |   0 | 1.227390e+02 | 2.320000e+02 |  89.02%| unknown
  0.7s|     1 |     0 |  1499 |     - |    46M |   0 |1740 |1181 |1489 | 338 | 21 |   1 |   0 | 1.244452e+02 | 2.320000e+02 |  86.43%| unknown
  0.7s|     1 |     0 |  1576 |     - |    46M |   0 |1740 |1181 |1455 | 358 | 22 |   1 |   0 | 1.248297e+02 | 2.320000e+02 |  85.85%| unknown
  0.8s|     1 |     0 |  1640 |     - |    46M |   0 |1740 |1181 |1468 | 371 | 23 |   1 |   0 | 1.251261e+02 | 2.320000e+02 |  85.41%| unknown
  0.8s|     1 |     0 |  1705 |     - |    46M |   0 |1740 |1181 |1482 | 385 | 24 |   1 |   0 | 1.253845e+02 | 2.320000e+02 |  85.03%| unknown
  0.8s|     1 |     0 |  1810 |     - |    46M |   0 |1740 |1181 |1499 | 402 | 25 |   1 |   0 | 1.258005e+02 | 2.320000e+02 |  84.42%| unknown
  0.9s|     1 |     0 |  1886 |     - |    46M |   0 |1740 |1181 |1513 | 416 | 26 |   1 |   0 | 1.273794e+02 | 2.320000e+02 |  82.13%| unknown
 time | node  | left  |LP iter|LP it/n|mem/heur|mdpt |vars |cons |rows |cuts |sepa|confs|strbr|  dualbound   | primalbound  |  gap   | compl. 
  0.9s|     1 |     0 |  1946 |     - |    47M |   0 |1740 |1181 |1526 | 429 | 27 |   1 |   0 | 1.277270e+02 | 2.320000e+02 |  81.64%| unknown
  1.0s|     1 |     0 |  2051 |     - |    47M |   0 |1740 |1181 |1480 | 444 | 28 |   1 |   0 | 1.281517e+02 | 2.320000e+02 |  81.04%| unknown
  1.0s|     1 |     0 |  2122 |     - |    48M |   0 |1740 |1181 |1494 | 458 | 29 |   1 |   0 | 1.285782e+02 | 2.320000e+02 |  80.43%| unknown
  1.0s|     1 |     0 |  2190 |     - |    49M |   0 |1740 |1181 |1509 | 473 | 30 |   1 |   0 | 1.290543e+02 | 2.320000e+02 |  79.77%| unknown
  1.1s|     1 |     0 |  2268 |     - |    49M |   0 |1740 |1181 |1521 | 485 | 31 |   1 |   0 | 1.294015e+02 | 2.320000e+02 |  79.29%| unknown
  1.1s|     1 |     0 |  2316 |     - |    49M |   0 |1740 |1181 |1536 | 500 | 32 |   1 |   0 | 1.296393e+02 | 2.320000e+02 |  78.96%| unknown
  1.2s|     1 |     0 |  2397 |     - |    49M |   0 |1740 |1181 |1552 | 516 | 33 |   1 |   0 | 1.298815e+02 | 2.320000e+02 |  78.62%| unknown
  1.2s|     1 |     0 |  2465 |     - |    49M |   0 |1740 |1181 |1500 | 530 | 34 |   1 |   0 | 1.300124e+02 | 2.320000e+02 |  78.44%| unknown
  1.3s|     1 |     0 |  2499 |     - |    49M |   0 |1740 |1181 |1514 | 544 | 35 |   1 |   0 | 1.301003e+02 | 2.320000e+02 |  78.32%| unknown
  1.3s|     1 |     0 |  2576 |     - |    49M |   0 |1740 |1181 |1528 | 558 | 36 |   1 |   0 | 1.304202e+02 | 2.320000e+02 |  77.89%| unknown
  1.3s|     1 |     0 |  2641 |     - |    49M |   0 |1740 |1181 |1544 | 574 | 37 |   1 |   0 | 1.306283e+02 | 2.320000e+02 |  77.60%| unknown
  1.4s|     1 |     0 |  2732 |     - |    49M |   0 |1740 |1181 |1562 | 592 | 38 |   1 |   0 | 1.309542e+02 | 2.320000e+02 |  77.16%| unknown
  1.4s|     1 |     0 |  2816 |     - |    49M |   0 |1740 |1181 |1577 | 607 | 39 |   1 |   0 | 1.311913e+02 | 2.320000e+02 |  76.84%| unknown
  1.5s|     1 |     0 |  2919 |     - |    49M |   0 |1740 |1181 |1509 | 621 | 40 |   1 |   0 | 1.313727e+02 | 2.320000e+02 |  76.60%| unknown
  1.5s|     1 |     0 |  3004 |     - |    49M |   0 |1740 |1181 |1524 | 636 | 41 |   1 |   0 | 1.317956e+02 | 2.320000e+02 |  76.03%| unknown
 time | node  | left  |LP iter|LP it/n|mem/heur|mdpt |vars |cons |rows |cuts |sepa|confs|strbr|  dualbound   | primalbound  |  gap   | compl. 
  1.6s|     1 |     0 |  3087 |     - |    50M |   0 |1740 |1181 |1542 | 654 | 42 |   1 |   0 | 1.318979e+02 | 2.320000e+02 |  75.89%| unknown
  1.6s|     1 |     0 |  3168 |     - |    50M |   0 |1740 |1181 |1559 | 671 | 43 |   1 |   0 | 1.321392e+02 | 2.320000e+02 |  75.57%| unknown
  1.7s|     1 |     0 |  3235 |     - |    50M |   0 |1740 |1181 |1573 | 685 | 44 |   1 |   0 | 1.324464e+02 | 2.320000e+02 |  75.17%| unknown
  1.7s|     1 |     0 |  3335 |     - |    50M |   0 |1740 |1181 |1585 | 697 | 45 |   1 |   0 | 1.327262e+02 | 2.320000e+02 |  74.80%| unknown
  1.8s|     1 |     0 |  3415 |     - |    50M |   0 |1740 |1181 |1519 | 710 | 46 |   1 |   0 | 1.328318e+02 | 2.320000e+02 |  74.66%| unknown
  1.8s|     1 |     0 |  3495 |     - |    50M |   0 |1740 |1181 |1530 | 721 | 47 |   1 |   0 | 1.333295e+02 | 2.320000e+02 |  74.00%| unknown
  1.9s|     1 |     0 |  3563 |     - |    50M |   0 |1740 |1181 |1542 | 733 | 48 |   1 |   0 | 1.334719e+02 | 2.320000e+02 |  73.82%| unknown
  1.9s|     1 |     0 |  3626 |     - |    50M |   0 |1740 |1181 |1556 | 747 | 49 |   1 |   0 | 1.336086e+02 | 2.320000e+02 |  73.64%| unknown
  2.0s|     1 |     0 |  3704 |     - |    50M |   0 |1740 |1181 |1569 | 760 | 50 |   1 |   0 | 1.337352e+02 | 2.320000e+02 |  73.48%| unknown
  2.0s|     1 |     0 |  3754 |     - |    51M |   0 |1740 |1181 |1580 | 771 | 51 |   1 |   0 | 1.337587e+02 | 2.320000e+02 |  73.45%| unknown
  2.1s|     1 |     0 |  3824 |     - |    51M |   0 |1740 |1181 |1509 | 784 | 52 |   1 |   0 | 1.338315e+02 | 2.320000e+02 |  73.35%| unknown
  2.1s|     1 |     0 |  3867 |     - |    51M |   0 |1740 |1181 |1519 | 794 | 53 |   1 |   0 | 1.339202e+02 | 2.320000e+02 |  73.24%| unknown
  2.2s|     1 |     0 |  3918 |     - |    52M |   0 |1740 |1182 |1532 | 807 | 54 |   2 |   0 | 1.340157e+02 | 2.320000e+02 |  73.11%| unknown
  2.2s|     1 |     0 |  3975 |     - |    52M |   0 |1740 |1182 |1544 | 819 | 55 |   2 |   0 | 1.341981e+02 | 2.320000e+02 |  72.88%| unknown
  2.3s|     1 |     0 |  4033 |     - |    52M |   0 |1740 |1182 |1556 | 831 | 56 |   2 |   0 | 1.345696e+02 | 2.320000e+02 |  72.40%| unknown
 time | node  | left  |LP iter|LP it/n|mem/heur|mdpt |vars |cons |rows |cuts |sepa|confs|strbr|  dualbound   | primalbound  |  gap   | compl. 
  2.3s|     1 |     0 |  4082 |     - |    52M |   0 |1740 |1182 |1563 | 838 | 57 |   2 |   0 | 1.346142e+02 | 2.320000e+02 |  72.34%| unknown
  2.4s|     1 |     0 |  4130 |     - |    52M |   0 |1740 |1182 |1505 | 849 | 58 |   2 |   0 | 1.347498e+02 | 2.320000e+02 |  72.17%| unknown
  2.4s|     1 |     0 |  4204 |     - |    52M |   0 |1740 |1182 |1516 | 860 | 59 |   2 |   0 | 1.348577e+02 | 2.320000e+02 |  72.03%| unknown
  2.5s|     1 |     0 |  4264 |     - |    52M |   0 |1740 |1182 |1525 | 869 | 60 |   2 |   0 | 1.351044e+02 | 2.320000e+02 |  71.72%| unknown
  2.5s|     1 |     0 |  4336 |     - |    54M |   0 |1740 |1182 |1536 | 880 | 61 |   2 |   0 | 1.352395e+02 | 2.320000e+02 |  71.55%| unknown
  2.6s|     1 |     0 |  4441 |     - |    54M |   0 |1740 |1182 |1548 | 892 | 62 |   2 |   0 | 1.353175e+02 | 2.320000e+02 |  71.45%| unknown
  2.6s|     1 |     0 |  4491 |     - |    54M |   0 |1740 |1182 |1557 | 901 | 63 |   2 |   0 | 1.353566e+02 | 2.320000e+02 |  71.40%| unknown
  2.7s|     1 |     0 |  4536 |     - |    54M |   0 |1740 |1182 |1504 | 910 | 64 |   2 |   0 | 1.354177e+02 | 2.320000e+02 |  71.32%| unknown
  2.7s|     1 |     0 |  4600 |     - |    54M |   0 |1740 |1182 |1515 | 921 | 65 |   2 |   0 | 1.354469e+02 | 2.320000e+02 |  71.28%| unknown
  2.7s|     1 |     0 |  4646 |     - |    54M |   0 |1740 |1182 |1524 | 930 | 66 |   2 |   0 | 1.354655e+02 | 2.320000e+02 |  71.26%| unknown
  2.8s|     1 |     0 |  4703 |     - |    55M |   0 |1740 |1182 |1535 | 941 | 67 |   2 |   0 | 1.355364e+02 | 2.320000e+02 |  71.17%| unknown
  2.8s|     1 |     0 |  4742 |     - |    55M |   0 |1740 |1182 |1543 | 949 | 68 |   2 |   0 | 1.355451e+02 | 2.320000e+02 |  71.16%| unknown
  2.9s|     1 |     0 |  4785 |     - |    55M |   0 |1740 |1184 |1554 | 960 | 69 |   4 |   0 | 1.355641e+02 | 2.320000e+02 |  71.14%| unknown
  2.9s|     1 |     0 |  4817 |     - |    55M |   0 |1740 |1184 |1505 | 968 | 70 |   4 |   0 | 1.356162e+02 | 2.320000e+02 |  71.07%| unknown
  3.0s|     1 |     0 |  4869 |     - |    55M |   0 |1740 |1184 |1512 | 975 | 71 |   4 |   0 | 1.356472e+02 | 2.320000e+02 |  71.03%| unknown
 time | node  | left  |LP iter|LP it/n|mem/heur|mdpt |vars |cons |rows |cuts |sepa|confs|strbr|  dualbound   | primalbound  |  gap   | compl. 
  3.0s|     1 |     0 |  4890 |     - |    56M |   0 |1740 |1184 |1520 | 983 | 72 |   4 |   0 | 1.356620e+02 | 2.320000e+02 |  71.01%| unknown
  3.0s|     1 |     0 |  4959 |     - |    56M |   0 |1740 |1184 |1530 | 993 | 73 |   4 |   0 | 1.357346e+02 | 2.320000e+02 |  70.92%| unknown
  3.1s|     1 |     0 |  5028 |     - |    56M |   0 |1740 |1184 |1539 |1002 | 74 |   4 |   0 | 1.358537e+02 | 2.320000e+02 |  70.77%| unknown
  3.1s|     1 |     0 |  5103 |     - |    56M |   0 |1740 |1184 |1550 |1013 | 75 |   4 |   0 | 1.359282e+02 | 2.320000e+02 |  70.68%| unknown
  3.2s|     1 |     0 |  5181 |     - |    57M |   0 |1740 |1184 |1495 |1023 | 76 |   4 |   0 | 1.359621e+02 | 2.320000e+02 |  70.64%| unknown
  3.3s|     1 |     0 |  5224 |     - |    57M |   0 |1740 |1184 |1503 |1031 | 77 |   4 |   0 | 1.359721e+02 | 2.320000e+02 |  70.62%| unknown
  3.3s|     1 |     0 |  5263 |     - |    57M |   0 |1740 |1184 |1512 |1040 | 78 |   4 |   0 | 1.359785e+02 | 2.320000e+02 |  70.62%| unknown
  3.4s|     1 |     0 |  5317 |     - |    57M |   0 |1740 |1184 |1524 |1052 | 79 |   4 |   0 | 1.360031e+02 | 2.320000e+02 |  70.58%| unknown
  3.4s|     1 |     0 |  5361 |     - |    57M |   0 |1740 |1184 |1533 |1061 | 80 |   4 |   0 | 1.360253e+02 | 2.320000e+02 |  70.56%| unknown
  3.5s|     1 |     0 |  5392 |     - |    57M |   0 |1740 |1184 |1542 |1070 | 81 |   4 |   0 | 1.360338e+02 | 2.320000e+02 |  70.55%| unknown
  3.5s|     1 |     0 |  5404 |     - |    57M |   0 |1740 |1184 |1501 |1078 | 82 |   4 |   0 | 1.360342e+02 | 2.320000e+02 |  70.55%| unknown
  3.6s|     1 |     0 |  5444 |     - |    57M |   0 |1740 |1184 |1505 |1082 | 83 |   4 |   0 | 1.360480e+02 | 2.320000e+02 |  70.53%| unknown
  3.6s|     1 |     0 |  5500 |     - |    57M |   0 |1740 |1184 |1512 |1089 | 84 |   4 |   0 | 1.360612e+02 | 2.320000e+02 |  70.51%| unknown
  3.7s|     1 |     0 |  5568 |     - |    57M |   0 |1740 |1184 |1522 |1099 | 85 |   4 |   0 | 1.360959e+02 | 2.320000e+02 |  70.47%| unknown
  3.7s|     1 |     0 |  5622 |     - |    57M |   0 |1740 |1184 |1530 |1107 | 86 |   4 |   0 | 1.361117e+02 | 2.320000e+02 |  70.45%| unknown
 time | node  | left  |LP iter|LP it/n|mem/heur|mdpt |vars |cons |rows |cuts |sepa|confs|strbr|  dualbound   | primalbound  |  gap   | compl. 
  3.8s|     1 |     0 |  5663 |     - |    57M |   0 |1740 |1184 |1541 |1118 | 87 |   4 |   0 | 1.361169e+02 | 2.320000e+02 |  70.44%| unknown
  3.9s|     1 |     0 |  5711 |     - |    57M |   0 |1740 |1184 |1485 |1124 | 88 |   4 |   0 | 1.361288e+02 | 2.320000e+02 |  70.43%| unknown
  3.9s|     1 |     0 |  5760 |     - |    57M |   0 |1740 |1184 |1495 |1134 | 89 |   4 |   0 | 1.361889e+02 | 2.320000e+02 |  70.35%| unknown
  4.0s|     1 |     0 |  5809 |     - |    57M |   0 |1740 |1184 |1504 |1143 | 90 |   4 |   0 | 1.362397e+02 | 2.320000e+02 |  70.29%| unknown
  4.0s|     1 |     0 |  5847 |     - |    57M |   0 |1740 |1184 |1517 |1156 | 91 |   4 |   0 | 1.362511e+02 | 2.320000e+02 |  70.27%| unknown
  4.1s|     1 |     0 |  5917 |     - |    57M |   0 |1740 |1184 |1529 |1168 | 92 |   4 |   0 | 1.362668e+02 | 2.320000e+02 |  70.25%| unknown
  4.2s|     1 |     0 |  5954 |     - |    57M |   0 |1740 |1184 |1536 |1175 | 93 |   4 |   0 | 1.363689e+02 | 2.320000e+02 |  70.13%| unknown
  4.2s|     1 |     0 |  6018 |     - |    57M |   0 |1740 |1184 |1515 |1186 | 94 |   4 |   0 | 1.363977e+02 | 2.320000e+02 |  70.09%| unknown
  4.3s|     1 |     0 |  6039 |     - |    57M |   0 |1740 |1184 |1524 |1195 | 95 |   4 |   0 | 1.364019e+02 | 2.320000e+02 |  70.09%| unknown
  4.3s|     1 |     0 |  6073 |     - |    57M |   0 |1740 |1184 |1535 |1206 | 96 |   4 |   0 | 1.364055e+02 | 2.320000e+02 |  70.08%| unknown
  4.4s|     1 |     0 |  6170 |     - |    57M |   0 |1740 |1184 |1544 |1215 | 97 |   4 |   0 | 1.364506e+02 | 2.320000e+02 |  70.02%| unknown
  4.4s|     1 |     0 |  6223 |     - |    57M |   0 |1740 |1184 |1552 |1223 | 98 |   4 |   0 | 1.364651e+02 | 2.320000e+02 |  70.01%| unknown
  4.5s|     1 |     0 |  6270 |     - |    57M |   0 |1740 |1184 |1562 |1233 | 99 |   4 |   0 | 1.364804e+02 | 2.320000e+02 |  69.99%| unknown
  4.6s|     1 |     0 |  6400 |     - |    57M |   0 |1740 |1184 |1524 |1243 |100 |   4 |   0 | 1.366298e+02 | 2.320000e+02 |  69.80%| unknown
  4.6s|     1 |     0 |  6476 |     - |    57M |   0 |1740 |1184 |1542 |1261 |101 |   4 |   0 | 1.366641e+02 | 2.320000e+02 |  69.76%| unknown
 time | node  | left  |LP iter|LP it/n|mem/heur|mdpt |vars |cons |rows |cuts |sepa|confs|strbr|  dualbound   | primalbound  |  gap   | compl. 
  4.7s|     1 |     0 |  6549 |     - |    57M |   0 |1740 |1186 |1557 |1276 |102 |   6 |   0 | 1.366886e+02 | 2.320000e+02 |  69.73%| unknown
  4.8s|     1 |     0 |  6621 |     - |    57M |   0 |1740 |1186 |1568 |1287 |103 |   6 |   0 | 1.367324e+02 | 2.320000e+02 |  69.67%| unknown
  4.8s|     1 |     0 |  6692 |     - |    57M |   0 |1740 |1186 |1580 |1299 |104 |   6 |   0 | 1.369691e+02 | 2.320000e+02 |  69.38%| unknown
  4.9s|     1 |     0 |  6779 |     - |    57M |   0 |1740 |1186 |1596 |1315 |105 |   6 |   0 | 1.370372e+02 | 2.320000e+02 |  69.30%| unknown
  5.0s|     1 |     0 |  6838 |     - |    57M |   0 |1740 |1186 |1563 |1327 |106 |   6 |   0 | 1.371260e+02 | 2.320000e+02 |  69.19%| unknown
  5.0s|     1 |     0 |  6940 |     - |    57M |   0 |1740 |1186 |1574 |1338 |107 |   6 |   0 | 1.372881e+02 | 2.320000e+02 |  68.99%| unknown
  5.1s|     1 |     0 |  6963 |     - |    57M |   0 |1740 |1186 |1586 |1350 |108 |   6 |   0 | 1.372927e+02 | 2.320000e+02 |  68.98%| unknown
  5.1s|     1 |     0 |  6995 |     - |    57M |   0 |1740 |1186 |1593 |1357 |109 |   6 |   0 | 1.372966e+02 | 2.320000e+02 |  68.98%| unknown
  5.2s|     1 |     0 |  7013 |     - |    57M |   0 |1740 |1186 |1603 |1367 |110 |   6 |   0 | 1.372976e+02 | 2.320000e+02 |  68.98%| unknown
  5.2s|     1 |     0 |  7078 |     - |    57M |   0 |1740 |1186 |1610 |1374 |111 |   6 |   0 | 1.373230e+02 | 2.320000e+02 |  68.94%| unknown
  5.3s|     1 |     0 |  7170 |     - |    57M |   0 |1740 |1186 |1564 |1380 |112 |   6 |   0 | 1.374182e+02 | 2.320000e+02 |  68.83%| unknown
  5.3s|     1 |     0 |  7195 |     - |    57M |   0 |1740 |1186 |1575 |1391 |113 |   6 |   0 | 1.374250e+02 | 2.320000e+02 |  68.82%| unknown
  5.4s|     1 |     0 |  7254 |     - |    57M |   0 |1740 |1186 |1585 |1401 |114 |   6 |   0 | 1.374354e+02 | 2.320000e+02 |  68.81%| unknown
  5.4s|     1 |     0 |  7296 |     - |    57M |   0 |1740 |1186 |1593 |1409 |115 |   6 |   0 | 1.374495e+02 | 2.320000e+02 |  68.79%| unknown
  5.5s|     1 |     0 |  7359 |     - |    57M |   0 |1740 |1186 |1605 |1421 |116 |   6 |   0 | 1.374701e+02 | 2.320000e+02 |  68.76%| unknown
 time | node  | left  |LP iter|LP it/n|mem/heur|mdpt |vars |cons |rows |cuts |sepa|confs|strbr|  dualbound   | primalbound  |  gap   | compl. 
  5.5s|     1 |     0 |  7421 |     - |    57M |   0 |1740 |1186 |1615 |1431 |117 |   6 |   0 | 1.375180e+02 | 2.320000e+02 |  68.71%| unknown
  5.6s|     1 |     0 |  7442 |     - |    57M |   0 |1740 |1186 |1554 |1441 |118 |   6 |   0 | 1.375220e+02 | 2.320000e+02 |  68.70%| unknown
  5.6s|     1 |     0 |  7459 |     - |    57M |   0 |1740 |1186 |1560 |1447 |119 |   6 |   0 | 1.375284e+02 | 2.320000e+02 |  68.69%| unknown
  5.6s|     1 |     0 |  7530 |     - |    57M |   0 |1740 |1186 |1568 |1455 |120 |   6 |   0 | 1.375918e+02 | 2.320000e+02 |  68.61%| unknown
  5.7s|     1 |     0 |  7569 |     - |    57M |   0 |1740 |1186 |1575 |1462 |121 |   6 |   0 | 1.376160e+02 | 2.320000e+02 |  68.59%| unknown
  5.7s|     1 |     0 |  7599 |     - |    57M |   0 |1740 |1187 |1582 |1469 |122 |   7 |   0 | 1.376296e+02 | 2.320000e+02 |  68.57%| unknown
  5.7s|     1 |     0 |  7626 |     - |    57M |   0 |1740 |1187 |1587 |1474 |123 |   7 |   0 | 1.376341e+02 | 2.320000e+02 |  68.56%| unknown
  5.8s|     1 |     0 |  7665 |     - |    57M |   0 |1740 |1187 |1548 |1482 |124 |   7 |   0 | 1.376398e+02 | 2.320000e+02 |  68.56%| unknown
  5.8s|     1 |     0 |  7697 |     - |    57M |   0 |1740 |1187 |1554 |1488 |125 |   7 |   0 | 1.376492e+02 | 2.320000e+02 |  68.54%| unknown
  5.8s|     1 |     0 |  7710 |     - |    57M |   0 |1740 |1187 |1562 |1496 |126 |   7 |   0 | 1.376495e+02 | 2.320000e+02 |  68.54%| unknown
  5.9s|     1 |     0 |  7740 |     - |    57M |   0 |1740 |1187 |1570 |1504 |127 |   7 |   0 | 1.376613e+02 | 2.320000e+02 |  68.53%| unknown
  6.0s|     1 |     0 |  7771 |     - |    57M |   0 |1740 |1187 |1575 |1509 |128 |   7 |   0 | 1.376763e+02 | 2.320000e+02 |  68.51%| unknown
  6.0s|     1 |     0 |  7867 |     - |    57M |   0 |1740 |1187 |1581 |1515 |129 |   7 |   0 | 1.378006e+02 | 2.320000e+02 |  68.36%| unknown
  6.1s|     1 |     0 |  7915 |     - |    58M |   0 |1740 |1187 |1544 |1527 |130 |   7 |   0 | 1.378195e+02 | 2.320000e+02 |  68.34%| unknown
  6.1s|     1 |     0 |  7944 |     - |    58M |   0 |1740 |1187 |1553 |1536 |131 |   7 |   0 | 1.378298e+02 | 2.320000e+02 |  68.32%| unknown
 time | node  | left  |LP iter|LP it/n|mem/heur|mdpt |vars |cons |rows |cuts |sepa|confs|strbr|  dualbound   | primalbound  |  gap   | compl. 
  6.2s|     1 |     0 |  7994 |     - |    58M |   0 |1740 |1187 |1563 |1546 |132 |   7 |   0 | 1.378572e+02 | 2.320000e+02 |  68.29%| unknown
  6.2s|     1 |     0 |  8018 |     - |    58M |   0 |1740 |1187 |1570 |1553 |133 |   7 |   0 | 1.378723e+02 | 2.320000e+02 |  68.27%| unknown
  6.2s|     1 |     0 |  8049 |     - |    58M |   0 |1740 |1187 |1575 |1558 |134 |   7 |   0 | 1.378991e+02 | 2.320000e+02 |  68.24%| unknown
  6.2s|     1 |     0 |  8072 |     - |    58M |   0 |1740 |1187 |1578 |1561 |135 |   7 |   0 | 1.379008e+02 | 2.320000e+02 |  68.24%| unknown
  6.3s|     1 |     0 |  8098 |     - |    58M |   0 |1740 |1187 |1559 |1568 |136 |   7 |   0 | 1.379029e+02 | 2.320000e+02 |  68.23%| unknown
  6.3s|     1 |     0 |  8104 |     - |    58M |   0 |1740 |1187 |1563 |1572 |137 |   7 |   0 | 1.379031e+02 | 2.320000e+02 |  68.23%| unknown
  6.3s|     1 |     0 |  8117 |     - |    58M |   0 |1740 |1189 |1566 |1575 |138 |   9 |   0 | 1.379044e+02 | 2.320000e+02 |  68.23%| unknown
  6.3s|     1 |     0 |  8147 |     - |    58M |   0 |1740 |1189 |1571 |1580 |139 |   9 |   0 | 1.379089e+02 | 2.320000e+02 |  68.23%| unknown
  6.3s|     1 |     0 |  8159 |     - |    58M |   0 |1740 |1189 |1574 |1583 |140 |   9 |   0 | 1.379091e+02 | 2.320000e+02 |  68.23%| unknown
  6.4s|     1 |     0 |  8180 |     - |    58M |   0 |1740 |1189 |1577 |1586 |141 |   9 |   0 | 1.379110e+02 | 2.320000e+02 |  68.22%| unknown
  6.4s|     1 |     0 |  8195 |     - |    58M |   0 |1740 |1189 |1530 |1587 |142 |   9 |   0 | 1.379117e+02 | 2.320000e+02 |  68.22%| unknown
  6.4s|     1 |     0 |  8197 |     - |    58M |   0 |1740 |1189 |1531 |1588 |143 |   9 |   0 | 1.379117e+02 | 2.320000e+02 |  68.22%| unknown
  6.4s|     1 |     0 |  8216 |     - |    58M |   0 |1740 |1189 |1533 |1590 |144 |   9 |   0 | 1.379123e+02 | 2.320000e+02 |  68.22%| unknown
Truncate separation round because of stalling (10 stall rounds).
L 6.7s|     1 |     0 | 10525 |     - |    rens|   0 |1740 |1217 |1533 |1590 |144 |  37 |   0 | 1.379123e+02 | 1.440000e+02 |   4.41%| unknown
  6.7s|     1 |     0 | 10525 |     - |    58M |   0 |1740 |1217 |1533 |1590 |144 |  37 |   0 | 1.379123e+02 | 1.440000e+02 |   4.41%| unknown
 time | node  | left  |LP iter|LP it/n|mem/heur|mdpt |vars |cons |rows |cuts |sepa|confs|strbr|  dualbound   | primalbound  |  gap   | compl. 
  6.8s|     1 |     0 | 10716 |     - |    58M |   0 |1740 |1217 |1537 |1594 |145 |  37 |   0 | 1.383947e+02 | 1.440000e+02 |   4.05%| unknown
  6.8s|     1 |     0 | 10716 |     - |    58M |   0 |1740 |1217 |1537 |1594 |145 |  37 |   0 | 1.383947e+02 | 1.440000e+02 |   4.05%| unknown
  6.8s|     1 |     0 | 10767 |     - |    58M |   0 |1740 |1217 |1550 |1607 |146 |  37 |   0 | 1.384124e+02 | 1.440000e+02 |   4.04%| unknown
  6.8s|     1 |     0 | 10767 |     - |    58M |   0 |1740 |1216 |1550 |1607 |146 |  37 |   0 | 1.384124e+02 | 1.440000e+02 |   4.04%| unknown
  6.8s|     1 |     0 | 10872 |     - |    58M |   0 |1740 |1216 |1528 |1621 |147 |  37 |   0 | 1.385680e+02 | 1.440000e+02 |   3.92%| unknown
  6.8s|     1 |     0 | 10946 |     - |    58M |   0 |1740 |1216 |1543 |1636 |148 |  37 |   0 | 1.386264e+02 | 1.440000e+02 |   3.88%| unknown
_____________________________________
Now starting branching with general disjunction
Current branching Node number: 1
LP objective value: 131.626
Node lower bound: 132.318
Node upper bound: 144
gap to the primal bound: 0.0336036
Preck submodel is infeasible, continue branching
Time limit exceeded (1000.14s), stopping submodel solve loop
General disjunction: No feasible solution found, use SCIP default branching rule
 1008s|     1 |     2 | 10946 |     - |    58M |   0 |1740 |1216 |1543 |1636 |148 |  37 |  56 | 1.393184e+02 | 1.440000e+02 |   3.36%| unknown
_____________________________________
Now starting branching with general disjunction
Current branching Node number: 2
Relpscost reduced domain, skip general disjunction branching
_____________________________________
Now starting branching with general disjunction
Current branching Node number: 2
LP objective value: 132.164
Node lower bound: 132.631
Node upper bound: 144
gap to the primal bound: 0.0336036
Preck submodel is infeasible, continue branching
Time limit exceeded (1000.13s), stopping submodel solve loop
General disjunction: No feasible solution found, use SCIP default branching rule
_____________________________________
Now starting branching with general disjunction
Current branching Node number: 2
Relpscost reduced domain, skip general disjunction branching
_____________________________________
Now starting branching with general disjunction
Current branching Node number: 2
Relpscost reduced domain, skip general disjunction branching
_____________________________________
Now starting branching with general disjunction
Current branching Node number: 2
Relpscost reduced domain, skip general disjunction branching
_____________________________________
Now starting branching with general disjunction
Current branching Node number: 2
Relpscost reduced domain, skip general disjunction branching
_____________________________________
Now starting branching with general disjunction
Current branching Node number: 2
Relpscost reduced domain, skip general disjunction branching
_____________________________________
Now starting branching with general disjunction
Current branching Node number: 2
LP objective value: 132.248
Node lower bound: 132.631
Node upper bound: 144
gap to the primal bound: 0.0336036
Preck submodel is infeasible, continue branching
Time limit exceeded (1724.84s), stopping submodel solve loop
General disjunction: No feasible solution found, use SCIP default branching rule
_____________________________________
Now starting branching with general disjunction
Current branching Node number: 4
Relpscost reduced domain, skip general disjunction branching
_____________________________________
Now starting branching with general disjunction
Current branching Node number: 4
Relpscost reduced domain, skip general disjunction branching
_____________________________________
Now starting branching with general disjunction
Current branching Node number: 4
Relpscost reduced domain, skip general disjunction branching
_____________________________________
Now starting branching with general disjunction
Current branching Node number: 4
Relpscost reduced domain, skip general disjunction branching
_____________________________________
Now starting branching with general disjunction
Current branching Node number: 4
Relpscost reduced domain, skip general disjunction branching
_____________________________________
Now starting branching with general disjunction
Current branching Node number: 4
Relpscost reduced domain, skip general disjunction branching
_____________________________________
Now starting branching with general disjunction
Current branching Node number: 4
Relpscost reduced domain, skip general disjunction branching
_____________________________________
Now starting branching with general disjunction
Current branching Node number: 4
Relpscost reduced domain, skip general disjunction branching
_____________________________________
Now starting branching with general disjunction
Current branching Node number: 4
Relpscost reduced domain, skip general disjunction branching
_____________________________________
Now starting branching with general disjunction
Current branching Node number: 5
Relpscost reduced domain, skip general disjunction branching
_____________________________________
Now starting branching with general disjunction
Current branching Node number: 5
Relpscost reduced domain, skip general disjunction branching
_____________________________________
Now starting branching with general disjunction
Current branching Node number: 5
Relpscost reduced domain, skip general disjunction branching
_____________________________________
Now starting branching with general disjunction
Current branching Node number: 5
Relpscost reduced domain, skip general disjunction branching
_____________________________________
Now starting branching with general disjunction
Current branching Node number: 5
Relpscost reduced domain, skip general disjunction branching
_____________________________________
Now starting branching with general disjunction
Current branching Node number: 5
Relpscost reduced domain, skip general disjunction branching
_____________________________________
Now starting branching with general disjunction
Current branching Node number: 5
Relpscost reduced domain, skip general disjunction branching
_____________________________________
Now starting branching with general disjunction
Current branching Node number: 5
Relpscost reduced domain, skip general disjunction branching
_____________________________________
Now starting branching with general disjunction
Current branching Node number: 5
Relpscost reduced domain, skip general disjunction branching
_____________________________________
Now starting branching with general disjunction
Current branching Node number: 5
Relpscost reduced domain, skip general disjunction branching
_____________________________________
Now starting branching with general disjunction
Current branching Node number: 5
Relpscost reduced domain, skip general disjunction branching
_____________________________________
Now starting branching with general disjunction
Current branching Node number: 5
Relpscost reduced domain, skip general disjunction branching
_____________________________________
Now starting branching with general disjunction
Current branching Node number: 5
Relpscost reduced domain, skip general disjunction branching
_____________________________________
Now starting branching with general disjunction
Current branching Node number: 5
Relpscost reduced domain, skip general disjunction branching
_____________________________________
Now starting branching with general disjunction
Current branching Node number: 5
Relpscost reduced domain, skip general disjunction branching
_____________________________________
Now starting branching with general disjunction
Current branching Node number: 5
Relpscost reduced domain, skip general disjunction branching
_____________________________________
Now starting branching with general disjunction
Current branching Node number: 5
Relpscost reduced domain, skip general disjunction branching
_____________________________________
Now starting branching with general disjunction
Current branching Node number: 5
Relpscost reduced domain, skip general disjunction branching
_____________________________________
Now starting branching with general disjunction
Current branching Node number: 5
Relpscost reduced domain, skip general disjunction branching
_____________________________________
Now starting branching with general disjunction
Current branching Node number: 5
Relpscost reduced domain, skip general disjunction branching
_____________________________________
Now starting branching with general disjunction
Current branching Node number: 5
Relpscost reduced domain, skip general disjunction branching
_____________________________________
Now starting branching with general disjunction
Current branching Node number: 3
Relpscost reduced domain, skip general disjunction branching
_____________________________________
Now starting branching with general disjunction
Current branching Node number: 3
Relpscost reduced domain, skip general disjunction branching
_____________________________________
Now starting branching with general disjunction
Current branching Node number: 3
Relpscost reduced domain, skip general disjunction branching
_____________________________________
Now starting branching with general disjunction
Current branching Node number: 3
Relpscost reduced domain, skip general disjunction branching
_____________________________________
Now starting branching with general disjunction
Current branching Node number: 3
Relpscost reduced domain, skip general disjunction branching
_____________________________________
Now starting branching with general disjunction
Current branching Node number: 3
Relpscost reduced domain, skip general disjunction branching
_____________________________________
Now starting branching with general disjunction
Current branching Node number: 3
Relpscost reduced domain, skip general disjunction branching
_____________________________________
Now starting branching with general disjunction
Current branching Node number: 3
Relpscost reduced domain, skip general disjunction branching
_____________________________________
Now starting branching with general disjunction
Current branching Node number: 3
LP not solved optimally (status: 4), skipping general disjunction branching

SCIP Status        : problem is solved [optimal solution found]
Solving Time (sec) : 3734.22
Solving Nodes      : 5
Primal Bound       : +1.44000000000000e+02 (353 solutions)
Dual Bound         : +1.44000000000000e+02
Gap                : 0.00 %

primal solution:
================

objective value:                                  144
y...0035                                            1 	(obj:9)
y...0041                            0.999999999999999 	(obj:2)
y...0045                                            1 	(obj:6)
y...0055                                            1 	(obj:8)
y...0100                                            1 	(obj:7)
y...0141                                            1 	(obj:2)
y...0195                                            1 	(obj:2)
y...0198                                            1 	(obj:10)
y...0219                                            1 	(obj:6)
y...0264                                            1 	(obj:3)
y...0473                                            1 	(obj:6)
y...0496                                            1 	(obj:2)
y...0590                                            1 	(obj:4)
y...0616                                            1 	(obj:8)
y...0644                                            1 	(obj:7)
y...0652                                            1 	(obj:10)
y...0695                                            1 	(obj:7)
y...0778                                            1 	(obj:5)
y...0790                                            1 	(obj:2)
y...0879                                            1 	(obj:9)
y...0930                                            1 	(obj:4)
y...0993                                            1 	(obj:1)
y...1022                                            1 	(obj:2)
y...1046                             1.00000000000001 	(obj:3)
y...1080                                            1 	(obj:5)
y...1132                                            1 	(obj:1)
y...1174                                            1 	(obj:5)
y...1218                                            1 	(obj:8)
x...0035                                            2 	(obj:0)
x...0041                                            4 	(obj:0)
x...0045                                            4 	(obj:0)
x...0055                             1.00000000000001 	(obj:0)
x...0100                                            2 	(obj:0)
x...0141                                            5 	(obj:0)
x...0195                                            1 	(obj:0)
x...0198                                            5 	(obj:0)
x...0219                                            1 	(obj:0)
x...0264                                            5 	(obj:0)
x...0473                                            1 	(obj:0)
x...0496                                            1 	(obj:0)
x...0590                             6.99999999999999 	(obj:0)
x...0616                             6.99999999999999 	(obj:0)
x...0644                                            1 	(obj:0)
x...0652                                            1 	(obj:0)
x...0695                                            1 	(obj:0)
x...0778                                            9 	(obj:0)
x...0790                             6.99999999999999 	(obj:0)
x...0879                                            9 	(obj:0)
x...0930                                            9 	(obj:0)
x...0993                                            9 	(obj:0)
x...1022                                            1 	(obj:0)
x...1046                             1.00000000000001 	(obj:0)
x...1080                                            9 	(obj:0)
x...1132                                            5 	(obj:0)
x...1174                                            9 	(obj:0)
x...1218                                            6 	(obj:0)

Statistics
==========

SCIP Status        : problem is solved [optimal solution found]
Total Time         :    3734.23
  solving          :    3734.22
  presolving       :       0.02 (included in solving)
  reading          :       0.01
  copying          :       0.01 (2 #copies) (minimal 0.00, maximal 0.00, average 0.00)
Original Problem   :
  Problem name     : beasleyC2
  Variables        : 2500 (1250 binary, 0 integer, 0 implicit integer, 1250 continuous)
  Constraints      : 1750 initial, 1750 maximal
  Objective        : minimize, 1250 non-zeros (abs.min = 1, abs.max = 10)
Presolved Problem  :
  Problem name     : t_beasleyC2
  Variables        : 1740 (870 binary, 0 integer, 0 implicit integer, 870 continuous)
  Constraints      : 1180 initial, 1218 maximal
  Objective        : minimize, 870 non-zeros (abs.min = 1, abs.max = 10)
  Nonzeros         : 3480 constraint, 4 clique table
Presolvers         :   ExecTime  SetupTime  Calls  FixedVars   AggrVars   ChgTypes  ChgBounds   AddHoles    DelCons    AddCons   ChgSides   ChgCoefs
  boundshift       :       0.00       0.00      0          0          0          0          0          0          0          0          0          0
  convertinttobin  :       0.00       0.00      0          0          0          0          0          0          0          0          0          0
  domcol           :       0.00       0.00      1          0          0          0          0          0          0          0          0          0
  dualagg          :       0.00       0.00      0          0          0          0          0          0          0          0          0          0
  dualcomp         :       0.00       0.00      1          0          0          0          0          0          0          0          0          0
  dualinfer        :       0.00       0.00      0          0          0          0          0          0          0          0          0          0
  dualsparsify     :       0.00       0.00      1          0          0          0          0          0          0          0          0          0
  gateextraction   :       0.00       0.00      0          0          0          0          0          0          0          0          0          0
  implics          :       0.00       0.00      2          0          0          0          0          0          0          0          0          0
  inttobinary      :       0.00       0.00      0          0          0          0          0          0          0          0          0          0
  qpkktref         :       0.00       0.00      0          0          0          0          0          0          0          0          0          0
  redvub           :       0.00       0.00      0          0          0          0          0          0          0          0          0          0
  sparsify         :       0.00       0.00      1          0          0          0          0          0          0          0          0          0
  stuffing         :       0.00       0.00      0          0          0          0          0          0          0          0          0          0
  trivial          :       0.00       0.00      7          0          0          0          0          0          0          0          0          0
  tworowbnd        :       0.00       0.00      0          0          0          0          0          0          0          0          0          0
  dualfix          :       0.00       0.00      7        569          0          0          0          0          0          0          0          0
  genvbounds       :       0.00       0.00      0          0          0          0          0          0          0          0          0          0
  probing          :       0.00       0.00      1          0          0          0          0          0          0          0          0          0
  pseudoobj        :       0.00       0.00      0          0          0          0          0          0          0          0          0          0
  symmetry         :       0.00       0.00      1          0          0          0          0          0          0          0          0          0
  vbounds          :       0.00       0.00      0          0          0          0          0          0          0          0          0          0
  varbound         :       0.00       0.00      2          0          0          0          0          0          0          0          0          0
  setppc           :       0.00       0.00      0          0          0          0          0          0          0          0          0          0
  linear           :       0.01       0.00      9          1        190          0       1090          0        570          0          0          0
  logicor          :       0.00       0.00      0          0          0          0          0          0          0          0          0          0
  bounddisjunction :       0.00       0.00      0          0          0          0          0          0          0          0          0          0
  benders          :       0.00       0.00      0          0          0          0          0          0          0          0          0          0
  components       :       0.00       0.00      1          0          0          0          0          0          0          0          0          0
  root node        :          -          -      -         63          -          -       4546          -          -          -          -          -
Constraints        :     Number  MaxNumber  #Separate #Propagate    #EnfoLP    #EnfoRelax  #EnfoPS    #Check   #ResProp    Cutoffs    DomReds       Cuts    Applied      Conss   Children
  benderslp        :          0          0          0          0         48          0          0        404          0          0          0          0          0          0          0
  integral         :          0          0          0          0         48          0          0        404          0          0        516          0          0         64          6
  varbound         :        870        870        146      15688          0          0          0        399        533          2        114          0          0          0          0
  setppc           :          0+         3        133       7373          0          0          0          0          0          0          0          0          0          0          0
  linear           :        310+       321        146      15686          0          0          0        359         49        107        753         12          0          0          0
  logicor          :          0+        26         93        252          0          0          0          0         13          4          2         10          3          0          0
  bounddisjunction :          0+        10          0        247          0          0          0          0          0          1          0          0          0          0          0
  benders          :          0          0          0          0          0          0          0        354          0          0          0          0          0          0          0
  fixedvar         :          0          0          0          0          0          0          0        354          0          0          0          0          0          0          0
  countsols        :          0          0          0          0          0          0          0        354          0          0          0          0          0          0          0
  components       :          0          0          0          0          0          0          0          0          0          0          0          0          0          0          0
Constraint Timings :  TotalTime  SetupTime   Separate  Propagate     EnfoLP     EnfoPS     EnfoRelax   Check    ResProp    SB-Prop
  benderslp        :       0.00       0.00       0.00       0.00       0.00       0.00       0.00       0.00       0.00       0.00
  integral         :    3727.26       0.00       0.00       0.00    3727.26       0.00       0.00       0.00       0.00       0.00
  varbound         :       0.04       0.00       0.01       0.02       0.00       0.00       0.00       0.00       0.00       0.00
  setppc           :       0.00       0.00       0.00       0.00       0.00       0.00       0.00       0.00       0.00       0.00
  linear           :       0.23       0.00       0.21       0.01       0.00       0.00       0.00       0.00       0.00       0.00
  logicor          :       0.00       0.00       0.00       0.00       0.00       0.00       0.00       0.00       0.00       0.00
  bounddisjunction :       0.00       0.00       0.00       0.00       0.00       0.00       0.00       0.00       0.00       0.00
  benders          :       0.00       0.00       0.00       0.00       0.00       0.00       0.00       0.00       0.00       0.00
  fixedvar         :       0.02       0.00       0.00       0.00       0.00       0.00       0.00       0.02       0.00       0.00
  countsols        :       0.00       0.00       0.00       0.00       0.00       0.00       0.00       0.00       0.00       0.00
  components       :       0.00       0.00       0.00       0.00       0.00       0.00       0.00       0.00       0.00       0.00
Propagators        : #Propagate   #ResProp    Cutoffs    DomReds
  dualfix          :          5          0          0          0
  genvbounds       :          0          0          0          0
  nlobbt           :          0          0          0          0
  obbt             :          0          0          0          0
  probing          :          0          0          0          0
  pseudoobj        :        330          0          0          0
  redcost          :        299          0          0        112
  rootredcost      :          1          0          0        313
  symmetry         :          0          0          0          0
  vbounds          :      12044          0          0          0
Propagator Timings :  TotalTime  SetupTime   Presolve  Propagate    ResProp    SB-Prop
  dualfix          :       0.00       0.00       0.00       0.00       0.00       0.00
  genvbounds       :       0.00       0.00       0.00       0.00       0.00       0.00
  nlobbt           :       0.00       0.00       0.00       0.00       0.00       0.00
  obbt             :       0.00       0.00       0.00       0.00       0.00       0.00
  probing          :       0.00       0.00       0.00       0.00       0.00       0.00
  pseudoobj        :       0.00       0.00       0.00       0.00       0.00       0.00
  redcost          :       0.01       0.00       0.00       0.01       0.00       0.00
  rootredcost      :       0.00       0.00       0.00       0.00       0.00       0.00
  symmetry         :       0.00       0.00       0.00       0.00       0.00       0.00
  vbounds          :       0.00       0.00       0.00       0.00       0.00       0.00
Symmetry           :
  orbitopal red.   :          0 reductions applied,          0 cutoffs
  orbital reduction:          0 reductions applied,          0 cutoffs
  lexicographic red:          0 reductions applied,          0 cutoffs
  shadow tree time :       0.00 s
Conflict Analysis  :       Time      Calls    Success    DomReds  Conflicts   Literals    Reconvs ReconvLits   Dualrays   Nonzeros   LP Iters   (pool size: [10000,10000])
  propagation      :       0.00         12          8          -         11        6.0          7        3.1          -          -          -
  infeasible LP    :       0.00         11         11          -         11       20.9          0        0.0         11       20.9          0
  bound exceed. LP :       0.08         81       3187          -         94        9.8          1        3.0       3107        1.2        583
  strong branching :       0.00          0          0          -          0        0.0          0        0.0          -          -          0
  pseudo solution  :       0.00          0          0          -          0        0.0          0        0.0          -          -          -
  applied globally :       0.00          -          -       3106         49       16.2          -          -       3118          -          -
  applied locally  :          -          -          -          0         62        6.2          -          -          0          -          -
Separators         :   ExecTime  SetupTime      Calls  RootCalls    Cutoffs    DomReds  FoundCuts ViaPoolAdd  DirectAdd    Applied ViaPoolApp  DirectApp      Conss
  cut pool         :       0.13          -        291        291          -          -       7641      28483          -          -          -          -          -    (maximal pool size:       6003)
  aggregation      :       4.82       0.00        146        146          0          0       6919      27193          0       1545       1545          0          0
  > cmir           :          -          -          -          -          -          -          -      23467          0        803        803          0          -
  > flowcover      :          -          -          -          -          -          -          -       2427          0        404        404          0          -
  > knapsackcover  :          -          -          -          -          -          -          -       1299          0        338        338          0          -
  cgmip            :       0.00       0.00          0          0          0          0          0          0          0          0          0          0          0
  clique           :       0.00       0.00          1          1          0          0          0          0          0          0          0          0          0
  closecuts        :       0.00       0.00          0          0          0          0          0          0          0          0          0          0          0
  convexproj       :       0.00       0.00          0          0          0          0          0          0          0          0          0          0          0
  disjunctive      :       0.00       0.00          0          0          0          0          0          0          0          0          0          0          0
  eccuts           :       0.00       0.00          0          0          0          0          0          0          0          0          0          0          0
  gauge            :       0.00       0.00          0          0          0          0          0          0          0          0          0          0          0
  gomory           :       0.09       0.00         10         10          0          0        697       1185          0         78         78          0          0
  > gomorymi       :          -          -          -          -          -          -          -       1162          0         73         73          0          -
  > strongcg       :          -          -          -          -          -          -          -         23          0          5          5          0          -
  impliedbounds    :       0.00       0.00        146        146          0          0          0          0          0          0          0          0          0
  interminor       :       0.00       0.00          0          0          0          0          0          0          0          0          0          0          0
  intobj           :       0.00       0.00          0          0          0          0          0          0          0          0          0          0          0
  lagromory        :       0.00       0.00          0          0          0          0          0          0          0          0          0          0          0
  mcf              :       0.01       0.00         14         14          0          0         35         79         18         10         10          0          0
  minor            :       0.00       0.00          0          0          0          0          0          0          0          0          0          0          0
  mixing           :       0.00       0.00        146        146          0          0          0          0          0          0          0          0          0
  oddcycle         :       0.00       0.00          0          0          0          0          0          0          0          0          0          0          0
  rapidlearning    :       0.00       0.00          0          0          0          0          0          0          0          0          0          0          0
  rlt              :       0.00       0.00         10         10          0          0          0          0          0          0          0          0          0
  zerohalf         :       0.01       0.00         20         20          0          0          8         26          0          0          0          0          0
Cutselectors       :   ExecTime  SetupTime      Calls  RootCalls   Selected     Forced   Filtered  RootSelec   RootForc   RootFilt 
  hybrid           :       0.03       0.00        148        148       1636          0      26887       1636          0      26887
  ensemble         :       0.00       0.00          0          0          0          0          0          0          0          0
  dynamic          :       0.00       0.00          0          0          0          0          0          0          0          0
Pricers            :   ExecTime  SetupTime      Calls       Vars
  problem variables:       0.00          -          0          0
Branching Rules    :   ExecTime  SetupTime   BranchLP  BranchExt   BranchPS    Cutoffs    DomReds       Cuts      Conss   Children
  allfullstrong    :       0.00       0.00          0          0          0          0          0          0          0          0
  cloud            :       0.00       0.00          0          0          0          0          0          0          0          0
  distribution     :       0.00       0.00          0          0          0          0          0          0          0          0
  fullstrong       :       0.00       0.00          0          0          0          0          0          0          0          0
  general_disjuncti:    3726.56       0.00         47          0          0          0        514          0         63          0
  GeneralDisjunction(extra): subMILPs=7 fairNodes of all MILPs=74906 probingLPs=0
  gomory           :       0.00       0.00          0          0          0          0          0          0          0          0
  inference        :       0.00       0.00          0          0          0          0          0          0          0          0
  leastinf         :       0.00       0.00          0          0          0          0          0          0          0          0
  lookahead        :       0.00       0.00          0          0          0          0          0          0          0          0
  mostinf          :       0.00       0.00          0          0          0          0          0          0          0          0
  multaggr         :       0.00       0.00          0          0          0          0          0          0          0          0
  nodereopt        :       0.00       0.00          0          0          0          0          0          0          0          0
  pscost           :       0.00       0.00          0          0          0          0          0          0          0          0
  random           :       0.00       0.00          0          0          0          0          0          0          0          0
  relpscost        :       0.70       0.00          3          0          0          0          2          0          1          4
  vanillafullstrong:       0.00       0.00          0          0          0          0          0          0          0          0
Primal Heuristics  :   ExecTime  SetupTime      Calls      Found       Best
  LP solutions     :       0.00          -          -          0          0
  relax solutions  :       0.00          -          -          0          0
  pseudo solutions :       0.00          -          -          0          0
  strong branching :       0.05          -          -        133          0
  actconsdiving    :       0.00       0.00          0          0          0
  adaptivediving   :       0.00       0.00          0          0          0
  alns             :       0.01       0.00          1          0          0
  bound            :       0.00       0.00          0          0          0
  clique           :       0.00       0.00          0          0          0
  coefdiving       :       0.00       0.00          0          0          0
  completesol      :       0.00       0.00          0          0          0
  conflictdiving   :       0.02       0.00          1          0          0
  crossover        :       0.00       0.00          0          0          0
  dins             :       0.00       0.00          0          0          0
  distributiondivin:       0.00       0.00          0          0          0
  dps              :       0.00       0.00          0          0          0
  dualval          :       0.00       0.00          0          0          0
  farkasdiving     :       0.21       0.00          1         92          0
  feaspump         :       0.00       0.00          0          0          0
  fixandinfer      :       0.00       0.00          0          0          0
  fracdiving       :       0.00       0.00          0          0          0
  gins             :       0.00       0.00          0          0          0
  guideddiving     :       0.00       0.00          0          0          0
  indicator        :       0.00       0.00          0          0          0
  indicatordiving  :       0.00       0.00          0          0          0
  intdiving        :       0.00       0.00          0          0          0
  intshifting      :       0.00       0.00          1          0          0
  linesearchdiving :       0.00       0.00          0          0          0
  localbranching   :       0.00       0.00          0          0          0
  locks            :       0.01       0.00          1          1          1
  lpface           :       0.00       0.00          0          0          0
  mpec             :       0.00       0.00          0          0          0
  multistart       :       0.00       0.00          0          0          0
  mutation         :       0.00       0.00          0          0          0
  nlpdiving        :       0.00       0.00          0          0          0
  objpscostdiving  :       0.00       0.00          0          0          0
  octane           :       0.00       0.00          0          0          0
  ofins            :       0.00       0.00          0          0          0
  oneopt           :       0.00       0.00          3          1          1
  padm             :       0.00       0.00          0          0          0
  proximity        :       0.00       0.00          0          0          0
  pscostdiving     :       0.00       0.00          0          0          0
  randrounding     :       0.08       0.00        150          0          0
  rens             :       0.06       0.00          1          1          1
  reoptsols        :       0.00       0.00          0          0          0
  repair           :       0.00       0.00          0          0          0
  rins             :       0.00       0.00          0          0          0
  rootsoldiving    :       0.00       0.00          0          0          0
  rounding         :       0.02       0.00        129          0          0
  scheduler        :       0.00       0.00          0          0          0
  shiftandpropagate:       0.00       0.00          0          0          0
  shifting         :       0.05       0.00        100          0          0
  simplerounding   :       0.03       0.00        197        124          1
  subnlp           :       0.00       0.00          0          0          0
  trivial          :       0.00       0.00          2          0          0
  trivialnegation  :       0.00       0.00          0          0          0
  trustregion      :       0.00       0.00          0          0          0
  trysol           :       0.00       0.00          0          0          0
  twoopt           :       0.00       0.00          0          0          0
  undercover       :       0.00       0.00          0          0          0
  vbounds          :       0.00       0.00          0          0          0
  veclendiving     :       0.00       0.00          0          0          0
  zeroobj          :       0.00       0.00          0          0          0
  zirounding       :       0.00       0.00          2          1          0
  other solutions  :          -          -          -          0          -
LNS (Scheduler)    :      Calls  SetupTime  SolveTime SolveNodes       Sols       Best       Exp3    Exp3-IX  EpsGreedy        UCB TgtFixRate  Opt  Inf Node Stal  Sol  Usr Othr Actv
  rens             :          0       0.00       0.00          0          0          0    0.00000    0.12500   -1.00000    1.00000      0.900    0    0    0    0    0    0    0    1
  rins             :          0       0.00       0.00          0          0          0    0.00000    0.12500   -1.00000    1.00000      0.900    0    0    0    0    0    0    0    1
  mutation         :          0       0.00       0.00          0          0          0    0.00000    0.12500   -1.00000    1.00000      0.900    0    0    0    0    0    0    0    1
  localbranching   :          0       0.00       0.00          0          0          0    0.00000    0.12500   -1.00000    1.00000      0.900    0    0    0    0    0    0    0    1
  crossover        :          0       0.00       0.00          0          0          0    0.00000    0.12500   -1.00000    1.00000      0.900    0    0    0    0    0    0    0    1
  proximity        :          0       0.00       0.00          0          0          0    0.00000    0.12500   -1.00000    1.00000      0.900    0    0    0    0    0    0    0    1
  zeroobjective    :          0       0.00       0.00          0          0          0    0.00000    0.12500   -1.00000    1.00000      0.900    0    0    0    0    0    0    0    1
  dins             :          0       0.00       0.00          0          0          0    0.00000    0.12500   -1.00000    1.00000      0.900    0    0    0    0    0    0    0    1
  trustregion      :          0       0.00       0.00          0          0          0    0.00000    0.00000   -1.00000    1.00000      0.900    0    0    0    0    0    0    0    0
LP                 :       Time      Calls Iterations  Iter/call   Iter/sec  Time-0-It Calls-0-It    ItLimit
  primal LP        :       0.24         24          0       0.00       0.00       0.24         24
  dual LP          :       0.78        248       9663      51.40   12434.33       0.01         60
  lex dual LP      :       0.00          0          0       0.00          -
  barrier LP       :       0.00          0          0       0.00          -       0.00          0
  resolve instable :       0.00          0          0       0.00          -
  diving/probing LP:       0.23        113       2795      24.73   12045.03
  strong branching :       1.84        277      28558     103.10   15499.25          -          -          0
    (at root node) :          -         56      14368     256.57          -
  conflict analysis:       0.05         60        583       9.72   12537.36
B&B Tree           :
  number of runs   :          1
  nodes            :          5 (3 internal, 2 leaves)
  feasible leaves  :          0
  infeas. leaves   :          2
  objective leaves :          0
  nodes (total)    :          5 (3 internal, 2 leaves)
  nodes left       :          0
  max depth        :          2
  max depth (total):          2
  backtracks       :          1 (20.0%)
  early backtracks :          0 (0.0%)
  nodes exc. ref.  :          0 (0.0%)
  delayed cutoffs  :          0
  repropagations   :          2 (4 domain reductions, 0 cutoffs)
  avg switch length:       2.40
  switching time   :       0.01
Root Node          :
  First LP value   : +4.73333333333333e+01
  First LP Iters   :         77 (34070.80 Iter/sec)
  First LP Time    :       0.00
  Final Dual Bound :          -
  Final Root Iters :       8572
  Root LP Estimate : +1.50149166265625e+02
Solution           :
  Solutions found  :        353 (4 improvements)
  First Solution   : +4.90900000000000e+03   (in run 1, after 1 nodes, 0.04 seconds, depth 2, found by <locks>)
  Gap First Sol.   :   70028.57 %
  Gap Last Sol.    :       4.41 %
  Primal Bound     : +1.44000000000000e+02   (in run 1, after 1 nodes, 6.73 seconds, depth 0, found by <rens>)
  Dual Bound       : +1.44000000000000e+02
  Gap              :       0.00 %
Integrals          :      Total       Avg%
  primal-dual      :   12407.64       3.32
  primal-ref       :          -          - (not evaluated)
  dual-ref         :          -          - (not evaluated)
