SCIP version 9.2.2 [precision: 8 byte] [memory: block] [mode: optimized] [LP solver: CPLEX 12.10.0.0] [GitHash: 416226a4f8]
Copyright (c) 2002-2025 Zuse Institute Berlin (ZIB)

reading parameter file </scratch/htc/yzhou/exp_scipmip/settings/allon_gendj.set>

read problem </scratch/htc/yzhou/exp_scipmip/instances/additional/beavma.mps>
============

original problem has 390 variables (195 bin, 0 int, 0 impl, 195 cont) and 372 constraints
    372 constraints of type <linear>
Reading Time: 0.01
solve problem
=============
LP Solver <CPLEX 12.10.0.0>: fastmip setting not available -- SCIP parameter has no effect
LP Solver <CPLEX 12.10.0.0>: clock type cannot be set
LP Solver <CPLEX 12.10.0.0>: row representation of the basis not available -- SCIP parameter lp/rowrepswitch has no effect
LP Solver <CPLEX 12.10.0.0>: solution polishing not available -- SCIP parameter lp/solutionpolishing has no effect
LP Solver <CPLEX 12.10.0.0>: refactorization interval not available -- SCIP parameter lp/refactorinterval has no effect
transformed problem has 390 variables (195 bin, 0 int, 0 impl, 195 cont) and 372 constraints
    372 constraints of type <linear>

original problem has 975 active (0.672043%) nonzeros and 975 (0.672043%) check nonzeros

presolving:
(round 1, fast)       13 del vars, 24 del conss, 0 add conss, 5 chg bounds, 0 chg sides, 3 chg coeffs, 0 upgd conss, 9 impls, 68 clqs
(round 2, fast)       24 del vars, 35 del conss, 0 add conss, 5 chg bounds, 0 chg sides, 3 chg coeffs, 0 upgd conss, 9 impls, 68 clqs
(round 3, fast)       25 del vars, 35 del conss, 0 add conss, 5 chg bounds, 0 chg sides, 3 chg coeffs, 0 upgd conss, 9 impls, 68 clqs
(round 4, exhaustive) 25 del vars, 35 del conss, 0 add conss, 5 chg bounds, 0 chg sides, 3 chg coeffs, 88 upgd conss, 9 impls, 68 clqs
(round 5, exhaustive) 25 del vars, 35 del conss, 0 add conss, 5 chg bounds, 0 chg sides, 3 chg coeffs, 251 upgd conss, 28 impls, 68 clqs
(round 6, exhaustive) 50 del vars, 35 del conss, 0 add conss, 14 chg bounds, 0 chg sides, 3 chg coeffs, 251 upgd conss, 335 impls, 50 clqs
(round 7, fast)       51 del vars, 61 del conss, 0 add conss, 14 chg bounds, 2 chg sides, 12 chg coeffs, 251 upgd conss, 335 impls, 50 clqs
   (0.0s) probing: 100/174 (57.5%) - 0 fixings, 39 aggregations, 345 implications, 21 bound changes
   (0.0s) probing cycle finished: starting next cycle
(round 8, exhaustive) 73 del vars, 61 del conss, 0 add conss, 33 chg bounds, 2 chg sides, 12 chg coeffs, 251 upgd conss, 776 impls, 123 clqs
(round 9, fast)       75 del vars, 85 del conss, 0 add conss, 33 chg bounds, 9 chg sides, 27 chg coeffs, 251 upgd conss, 776 impls, 123 clqs
(round 10, fast)       75 del vars, 86 del conss, 1 add conss, 33 chg bounds, 9 chg sides, 27 chg coeffs, 251 upgd conss, 776 impls, 123 clqs
(round 11, exhaustive) 75 del vars, 86 del conss, 1 add conss, 33 chg bounds, 9 chg sides, 27 chg coeffs, 252 upgd conss, 776 impls, 123 clqs
   (0.0s) probing: 100/130 (76.9%) - 0 fixings, 47 aggregations, 640 implications, 29 bound changes
   (0.0s) probing cycle finished: starting next cycle
   (0.0s) dualsparsify: 2 nonzeros canceled
(round 12, exhaustive) 75 del vars, 86 del conss, 1 add conss, 35 chg bounds, 9 chg sides, 33 chg coeffs, 252 upgd conss, 814 impls, 123 clqs
(round 13, fast)       75 del vars, 88 del conss, 3 add conss, 38 chg bounds, 10 chg sides, 35 chg coeffs, 252 upgd conss, 816 impls, 123 clqs
(round 14, fast)       77 del vars, 91 del conss, 3 add conss, 39 chg bounds, 11 chg sides, 35 chg coeffs, 252 upgd conss, 816 impls, 122 clqs
(round 15, fast)       79 del vars, 91 del conss, 3 add conss, 39 chg bounds, 11 chg sides, 35 chg coeffs, 252 upgd conss, 816 impls, 118 clqs
(round 16, exhaustive) 79 del vars, 91 del conss, 3 add conss, 39 chg bounds, 11 chg sides, 35 chg coeffs, 254 upgd conss, 816 impls, 118 clqs
   (0.0s) probing: 100/130 (76.9%) - 0 fixings, 48 aggregations, 666 implications, 30 bound changes
   (0.0s) probing cycle finished: starting next cycle
(round 17, exhaustive) 84 del vars, 91 del conss, 3 add conss, 45 chg bounds, 11 chg sides, 35 chg coeffs, 254 upgd conss, 824 impls, 117 clqs
(round 18, fast)       86 del vars, 98 del conss, 3 add conss, 45 chg bounds, 12 chg sides, 37 chg coeffs, 254 upgd conss, 826 impls, 117 clqs
   (0.0s) probing: 100/127 (78.7%) - 4 fixings, 48 aggregations, 682 implications, 36 bound changes
   (0.0s) probing cycle finished: starting next cycle
   (0.0s) probing: 51/124 (41.1%) - 6 fixings, 48 aggregations, 699 implications, 36 bound changes
   (0.0s) probing aborted: 50/50 successive totally useless probings
(round 19, exhaustive) 88 del vars, 98 del conss, 3 add conss, 45 chg bounds, 12 chg sides, 37 chg coeffs, 254 upgd conss, 841 impls, 114 clqs
(round 20, fast)       89 del vars, 100 del conss, 3 add conss, 45 chg bounds, 12 chg sides, 37 chg coeffs, 254 upgd conss, 841 impls, 114 clqs
   (0.0s) probing: 56/124 (45.2%) - 6 fixings, 48 aggregations, 699 implications, 36 bound changes
   (0.0s) probing aborted: 50/50 successive totally useless probings
   (0.0s) symmetry computation started: requiring (bin +, int +, cont +), (fixed: bin -, int -, cont -)
   (0.0s) no symmetry present (symcode time: 0.00)
clique table cleanup detected 0 bound changes

presolved problem has 777 active (0.938689%) nonzeros and 777 (0.938689%) check nonzeros

presolving (21 rounds: 21 fast, 10 medium, 10 exhaustive):
 89 deleted vars, 100 deleted constraints, 3 added constraints, 45 tightened bounds, 0 added holes, 12 changed sides, 37 changed coefficients
 841 implications, 114 cliques
presolved problem has 301 variables (124 bin, 0 int, 0 impl, 177 cont) and 275 constraints
    172 constraints of type <varbound>
     23 constraints of type <setppc>
     80 constraints of type <linear>
Presolving Time: 0.03

 time | node  | left  |LP iter|LP it/n|mem/heur|mdpt |vars |cons |rows |cuts |sepa|confs|strbr|  dualbound   | primalbound  |  gap   | compl. 
  0.0s|     1 |     0 |   186 |     - |  4100k |   0 | 301 | 283 | 275 |   0 |  0 |   7 |   0 | 3.011914e+05 |      --      |    Inf | unknown
o 0.0s|     1 |     0 |   245 |     - |feaspump|   0 | 301 | 283 | 275 |   0 |  0 |   7 |   0 | 3.011914e+05 | 4.324282e+05 |  43.57%| unknown
  0.1s|     1 |     0 |   289 |     - |  4581k |   0 | 301 | 283 | 317 |  42 |  1 |   7 |   0 | 3.366623e+05 | 4.324282e+05 |  28.45%| unknown
  0.1s|     1 |     0 |   321 |     - |  4876k |   0 | 301 | 284 | 361 |  86 |  2 |   8 |   0 | 3.471964e+05 | 4.324282e+05 |  24.55%| unknown
  0.1s|     1 |     0 |   356 |     - |  4933k |   0 | 301 | 284 | 394 | 119 |  3 |   8 |   0 | 3.585147e+05 | 4.324282e+05 |  20.62%| unknown
  0.1s|     1 |     0 |   389 |     - |  5245k |   0 | 301 | 284 | 416 | 141 |  4 |   8 |   0 | 3.649662e+05 | 4.324282e+05 |  18.48%| unknown
  0.1s|     1 |     0 |   425 |     - |  5337k |   0 | 301 | 284 | 446 | 171 |  5 |   8 |   0 | 3.697046e+05 | 4.324282e+05 |  16.97%| unknown
  0.1s|     1 |     0 |   452 |     - |  5412k |   0 | 301 | 284 | 467 | 192 |  6 |   8 |   0 | 3.734487e+05 | 4.324282e+05 |  15.79%| unknown
  0.1s|     1 |     0 |   481 |     - |  5491k |   0 | 301 | 284 | 485 | 210 |  7 |   8 |   0 | 3.769446e+05 | 4.324282e+05 |  14.72%| unknown
  0.1s|     1 |     0 |   501 |     - |  5574k |   0 | 301 | 284 | 502 | 227 |  8 |   8 |   0 | 3.783304e+05 | 4.324282e+05 |  14.30%| unknown
  0.1s|     1 |     0 |   523 |     - |  5676k |   0 | 301 | 284 | 517 | 242 |  9 |   8 |   0 | 3.804973e+05 | 4.324282e+05 |  13.65%| unknown
  0.1s|     1 |     0 |   560 |     - |  5949k |   0 | 301 | 284 | 531 | 256 | 10 |   8 |   0 | 3.808906e+05 | 4.324282e+05 |  13.53%| unknown
  0.1s|     1 |     0 |   596 |     - |  6024k |   0 | 301 | 284 | 546 | 271 | 11 |   8 |   0 | 3.814682e+05 | 4.324282e+05 |  13.36%| unknown
  0.2s|     1 |     0 |   612 |     - |  6173k |   0 | 301 | 284 | 560 | 285 | 12 |   8 |   0 | 3.819535e+05 | 4.324282e+05 |  13.21%| unknown
  0.2s|     1 |     0 |   620 |     - |  6245k |   0 | 301 | 284 | 565 | 290 | 13 |   8 |   0 | 3.820591e+05 | 4.324282e+05 |  13.18%| unknown
 time | node  | left  |LP iter|LP it/n|mem/heur|mdpt |vars |cons |rows |cuts |sepa|confs|strbr|  dualbound   | primalbound  |  gap   | compl. 
  0.2s|     1 |     0 |   626 |     - |  6869k |   0 | 301 | 284 | 575 | 300 | 14 |   8 |   0 | 3.821341e+05 | 4.324282e+05 |  13.16%| unknown
  0.2s|     1 |     0 |   641 |     - |  6935k |   0 | 301 | 284 | 580 | 305 | 15 |   8 |   0 | 3.822401e+05 | 4.324282e+05 |  13.13%| unknown
  0.2s|     1 |     0 |   653 |     - |  6999k |   0 | 301 | 284 | 515 | 309 | 16 |   8 |   0 | 3.823665e+05 | 4.324282e+05 |  13.09%| unknown
  0.2s|     1 |     0 |   674 |     - |  7056k |   0 | 301 | 284 | 520 | 314 | 17 |   8 |   0 | 3.824149e+05 | 4.324282e+05 |  13.08%| unknown
  0.3s|     1 |     0 |   691 |     - |  7113k |   0 | 301 | 284 | 528 | 322 | 18 |   8 |   0 | 3.824549e+05 | 4.324282e+05 |  13.07%| unknown
  0.3s|     1 |     0 |   701 |     - |  7171k |   0 | 301 | 284 | 532 | 326 | 19 |   8 |   0 | 3.824709e+05 | 4.324282e+05 |  13.06%| unknown
  0.3s|     1 |     0 |   720 |     - |  7242k |   0 | 301 | 284 | 540 | 334 | 20 |   8 |   0 | 3.825259e+05 | 4.324282e+05 |  13.05%| unknown
  0.3s|     1 |     0 |   734 |     - |  7278k |   0 | 301 | 284 | 552 | 346 | 21 |   8 |   0 | 3.825535e+05 | 4.324282e+05 |  13.04%| unknown
  0.4s|     1 |     0 |   744 |     - |  7382k |   0 | 301 | 284 | 479 | 350 | 22 |   8 |   0 | 3.825753e+05 | 4.324282e+05 |  13.03%| unknown
  0.4s|     1 |     0 |   758 |     - |  7388k |   0 | 301 | 284 | 484 | 355 | 23 |   8 |   0 | 3.825812e+05 | 4.324282e+05 |  13.03%| unknown
  0.4s|     1 |     0 |   771 |     - |  7401k |   0 | 301 | 284 | 488 | 359 | 24 |   8 |   0 | 3.825948e+05 | 4.324282e+05 |  13.03%| unknown
  0.4s|     1 |     0 |   784 |     - |  7408k |   0 | 301 | 284 | 491 | 362 | 25 |   8 |   0 | 3.826185e+05 | 4.324282e+05 |  13.02%| unknown
  0.4s|     1 |     0 |   798 |     - |  7414k |   0 | 301 | 284 | 498 | 369 | 26 |   8 |   0 | 3.826314e+05 | 4.324282e+05 |  13.01%| unknown
  0.4s|     1 |     0 |   810 |     - |  7447k |   0 | 301 | 284 | 504 | 375 | 27 |   8 |   0 | 3.826345e+05 | 4.324282e+05 |  13.01%| unknown
  0.5s|     1 |     0 |   828 |     - |  7454k |   0 | 301 | 284 | 478 | 382 | 28 |   8 |   0 | 3.826424e+05 | 4.324282e+05 |  13.01%| unknown
 time | node  | left  |LP iter|LP it/n|mem/heur|mdpt |vars |cons |rows |cuts |sepa|confs|strbr|  dualbound   | primalbound  |  gap   | compl. 
  0.5s|     1 |     0 |   852 |     - |  7475k |   0 | 301 | 284 | 481 | 385 | 29 |   8 |   0 | 3.826509e+05 | 4.324282e+05 |  13.01%| unknown
  0.5s|     1 |     0 |   864 |     - |  7481k |   0 | 301 | 284 | 485 | 389 | 30 |   8 |   0 | 3.826581e+05 | 4.324282e+05 |  13.01%| unknown
  0.5s|     1 |     0 |   870 |     - |  7743k |   0 | 301 | 284 | 490 | 394 | 31 |   8 |   0 | 3.826614e+05 | 4.324282e+05 |  13.01%| unknown
  0.5s|     1 |     0 |   871 |     - |  7749k |   0 | 301 | 284 | 491 | 395 | 32 |   8 |   0 | 3.826618e+05 | 4.324282e+05 |  13.01%| unknown
  0.5s|     1 |     0 |   881 |     - |  7749k |   0 | 301 | 284 | 493 | 397 | 33 |   8 |   0 | 3.826636e+05 | 4.324282e+05 |  13.00%| unknown
  0.6s|     1 |     0 |   882 |     - |  7756k |   0 | 301 | 284 | 464 | 399 | 34 |   8 |   0 | 3.826636e+05 | 4.324282e+05 |  13.00%| unknown
  0.6s|     1 |     0 |   888 |     - |  7796k |   0 | 301 | 284 | 466 | 401 | 35 |   8 |   0 | 3.826707e+05 | 4.324282e+05 |  13.00%| unknown
Truncate separation round because of stalling (10 stall rounds).
d 0.6s|     1 |     0 |   977 |     - |farkasdi|   0 | 301 | 286 | 466 |   0 | 35 |  10 |   0 | 3.826707e+05 | 3.864376e+05 |   0.98%| unknown
L 0.6s|     1 |     0 |  1001 |     - |    rens|   0 | 301 | 291 | 466 | 401 | 35 |  17 |   0 | 3.826707e+05 | 3.832850e+05 |   0.16%| unknown
  0.6s|     1 |     0 |  1001 |     - |  7913k |   0 | 301 | 291 | 466 | 401 | 35 |  17 |   0 | 3.826707e+05 | 3.832850e+05 |   0.16%| unknown
  0.6s|     1 |     0 |  1005 |     - |  7919k |   0 | 301 | 291 | 457 | 401 | 35 |  17 |   0 | 3.826708e+05 | 3.832850e+05 |   0.16%| unknown
  0.6s|     1 |     0 |  1015 |     - |  7919k |   0 | 301 | 290 | 449 | 407 | 36 |  17 |   0 | 3.826713e+05 | 3.832850e+05 |   0.16%| unknown
  0.6s|     1 |     0 |  1022 |     - |  7924k |   0 | 301 | 290 | 450 | 408 | 37 |  17 |   0 | 3.826713e+05 | 3.832850e+05 |   0.16%| unknown
  0.7s|     1 |     0 |  1022 |     - |  7928k |   0 | 301 | 262 | 450 | 408 | 37 |  17 |   0 | 3.826713e+05 | 3.832850e+05 |   0.16%| unknown
  0.7s|     1 |     0 |  1025 |     - |  7937k |   0 | 301 | 262 | 453 | 411 | 38 |  17 |   0 | 3.826714e+05 | 3.832850e+05 |   0.16%| unknown
 time | node  | left  |LP iter|LP it/n|mem/heur|mdpt |vars |cons |rows |cuts |sepa|confs|strbr|  dualbound   | primalbound  |  gap   | compl. 
  0.7s|     1 |     0 |  1030 |     - |  7943k |   0 | 301 | 262 | 420 | 412 | 39 |  17 |   0 | 3.826720e+05 | 3.832850e+05 |   0.16%| unknown
(run 1, node 1) restarting after 19 global fixings of integer variables

(restart) converted 164 cuts from the global cut pool into linear constraints

presolving:
(round 1, fast)       41 del vars, 23 del conss, 0 add conss, 4 chg bounds, 1 chg sides, 10 chg coeffs, 0 upgd conss, 844 impls, 92 clqs
(round 2, fast)       49 del vars, 38 del conss, 0 add conss, 15 chg bounds, 3 chg sides, 14 chg coeffs, 0 upgd conss, 850 impls, 92 clqs
(round 3, fast)       49 del vars, 38 del conss, 0 add conss, 17 chg bounds, 3 chg sides, 17 chg coeffs, 0 upgd conss, 850 impls, 92 clqs
(round 4, fast)       49 del vars, 38 del conss, 0 add conss, 17 chg bounds, 3 chg sides, 18 chg coeffs, 0 upgd conss, 850 impls, 92 clqs
(round 5, exhaustive) 49 del vars, 38 del conss, 0 add conss, 17 chg bounds, 3 chg sides, 18 chg coeffs, 61 upgd conss, 850 impls, 92 clqs
(round 6, exhaustive) 49 del vars, 64 del conss, 13 add conss, 17 chg bounds, 3 chg sides, 18 chg coeffs, 61 upgd conss, 850 impls, 92 clqs
(round 7, exhaustive) 56 del vars, 64 del conss, 13 add conss, 17 chg bounds, 3 chg sides, 20 chg coeffs, 61 upgd conss, 850 impls, 92 clqs
(round 8, fast)       56 del vars, 64 del conss, 13 add conss, 20 chg bounds, 3 chg sides, 27 chg coeffs, 61 upgd conss, 850 impls, 93 clqs
(round 9, fast)       56 del vars, 64 del conss, 13 add conss, 20 chg bounds, 3 chg sides, 30 chg coeffs, 61 upgd conss, 850 impls, 93 clqs
(round 10, medium)     58 del vars, 66 del conss, 13 add conss, 20 chg bounds, 5 chg sides, 30 chg coeffs, 61 upgd conss, 850 impls, 93 clqs
(round 11, fast)       58 del vars, 68 del conss, 13 add conss, 20 chg bounds, 5 chg sides, 30 chg coeffs, 61 upgd conss, 850 impls, 93 clqs
(round 12, exhaustive) 58 del vars, 68 del conss, 13 add conss, 20 chg bounds, 5 chg sides, 30 chg coeffs, 62 upgd conss, 850 impls, 93 clqs
(round 13, exhaustive) 58 del vars, 70 del conss, 14 add conss, 20 chg bounds, 5 chg sides, 30 chg coeffs, 62 upgd conss, 850 impls, 93 clqs
clique table cleanup detected 0 bound changes

presolved problem has 1600 active (1.72973%) nonzeros and 640 (0.691892%) check nonzeros

presolving (14 rounds: 14 fast, 7 medium, 6 exhaustive):
 58 deleted vars, 70 deleted constraints, 14 added constraints, 20 tightened bounds, 0 added holes, 5 changed sides, 30 changed coefficients
 850 implications, 93 cliques
presolved problem has 250 variables (101 bin, 0 int, 0 impl, 149 cont) and 370 constraints
    161 constraints of type <varbound>
      1 constraints of type <knapsack>
     28 constraints of type <setppc>
    155 constraints of type <linear>
     16 constraints of type <logicor>
      9 constraints of type <bounddisjunction>
Presolving Time: 0.04
transformed 2/3 original solutions to the transformed problem space

 time | node  | left  |LP iter|LP it/n|mem/heur|mdpt |vars |cons |rows |cuts |sepa|confs|strbr|  dualbound   | primalbound  |  gap   | compl. 
  0.7s|     1 |     0 |  1267 |     - |  8084k |   0 | 250 | 370 | 359 |   0 |  0 |  17 |   0 | 3.826720e+05 | 3.832850e+05 |   0.16%| unknown
  0.7s|     1 |     0 |  1296 |     - |  8152k |   0 | 250 | 370 | 368 |   9 |  1 |  17 |   0 | 3.826720e+05 | 3.832850e+05 |   0.16%| unknown
  0.7s|     1 |     0 |  1296 |     - |  8157k |   0 | 250 | 370 | 364 |   9 |  1 |  17 |   0 | 3.826720e+05 | 3.832850e+05 |   0.16%| unknown
  0.7s|     1 |     0 |  1309 |     - |  8192k |   0 | 250 | 370 | 363 |  19 |  2 |  17 |   0 | 3.831882e+05 | 3.832850e+05 |   0.03%| unknown
  0.7s|     1 |     0 |  1309 |     - |  8195k |   0 | 250 | 370 | 349 |  19 |  2 |  17 |   0 | 3.831882e+05 | 3.832850e+05 |   0.03%| unknown
  0.7s|     1 |     0 |  1317 |     - |  8228k |   0 | 250 | 369 | 333 |  22 |  3 |  17 |   0 | 3.831934e+05 | 3.832850e+05 |   0.02%| unknown
  0.7s|     1 |     0 |  1317 |     - |  8233k |   0 | 250 | 369 | 330 |  22 |  3 |  17 |   0 | 3.831934e+05 | 3.832850e+05 |   0.02%| unknown
  0.7s|     1 |     0 |  1319 |     - |  8264k |   0 | 250 | 368 | 323 |  24 |  4 |  17 |   0 | 3.832130e+05 | 3.832850e+05 |   0.02%| unknown
  0.7s|     1 |     0 |  1324 |     - |  8300k |   0 | 250 | 368 | 326 |  28 |  5 |  17 |   0 | 3.832184e+05 | 3.832850e+05 |   0.02%| unknown
  0.7s|     1 |     0 |  1332 |     - |  8335k |   0 | 250 | 368 | 329 |  31 |  6 |  17 |   0 | 3.832298e+05 | 3.832850e+05 |   0.01%| unknown
  0.7s|     1 |     0 |  1338 |     - |  8370k |   0 | 250 | 368 | 331 |  33 |  7 |  17 |   0 | 3.832458e+05 | 3.832850e+05 |   0.01%| unknown
  0.7s|     1 |     0 |  1338 |     - |  8373k |   0 | 250 | 368 | 324 |  33 |  7 |  17 |   0 | 3.832458e+05 | 3.832850e+05 |   0.01%| unknown
  0.8s|     1 |     0 |  1340 |     - |  8404k |   0 | 250 | 365 | 321 |  35 |  8 |  17 |   0 | 3.832495e+05 | 3.832850e+05 |   0.01%| unknown
  0.8s|     1 |     0 |  1341 |     - |  8439k |   0 | 250 | 365 | 322 |  36 |  9 |  17 |   0 | 3.832595e+05 | 3.832850e+05 |   0.01%| unknown
  0.8s|     1 |     0 |  1342 |     - |  8473k |   0 | 250 | 365 | 323 |  37 | 10 |  17 |   0 | 3.832633e+05 | 3.832850e+05 |   0.01%| unknown
 time | node  | left  |LP iter|LP it/n|mem/heur|mdpt |vars |cons |rows |cuts |sepa|confs|strbr|  dualbound   | primalbound  |  gap   | compl. 
  0.8s|     1 |     0 |  1343 |     - |  8473k |   0 | 250 | 365 | 281 |  38 | 11 |  17 |   0 | 3.832635e+05 | 3.832850e+05 |   0.01%| unknown
  0.8s|     1 |     0 |  1344 |     - |  8504k |   0 | 250 | 365 | 282 |  39 | 12 |  17 |   0 | 3.832638e+05 | 3.832850e+05 |   0.01%| unknown
  0.8s|     1 |     0 |  1345 |     - |  8533k |   0 | 250 | 365 | 283 |  40 | 13 |  17 |   0 | 3.832641e+05 | 3.832850e+05 |   0.01%| unknown
  0.8s|     1 |     0 |  1347 |     - |  8563k |   0 | 250 | 365 | 284 |  41 | 14 |  17 |   0 | 3.832663e+05 | 3.832850e+05 |   0.00%| unknown
Truncate separation round because of stalling (10 stall rounds).
  0.8s|     1 |     0 |  1347 |     - |  8565k |   0 | 250 | 255 | 284 |  41 | 14 |  17 |   0 | 3.832663e+05 | 3.832850e+05 |   0.00%| unknown
  0.8s|     1 |     0 |  1348 |     - |  8593k |   0 | 250 | 255 | 285 |  42 | 15 |  17 |   0 | 3.832769e+05 | 3.832850e+05 |   0.00%| unknown
  0.8s|     1 |     0 |  1350 |     - |  8624k |   0 | 250 | 255 | 286 |  43 | 16 |  17 |   0 | 3.832769e+05 | 3.832850e+05 |   0.00%| unknown
  0.8s|     1 |     0 |  1351 |     - |  8654k |   0 | 250 | 255 | 260 |  45 | 17 |  17 |   0 | 3.832769e+05 | 3.832850e+05 |   0.00%| unknown
  0.8s|     1 |     0 |  1352 |     - |  8680k |   0 | 250 | 255 | 261 |  46 | 18 |  17 |   0 | 3.832769e+05 | 3.832850e+05 |   0.00%| unknown
  0.8s|     1 |     0 |  1353 |     - |  8709k |   0 | 250 | 255 | 262 |  47 | 19 |  17 |   0 | 3.832777e+05 | 3.832850e+05 |   0.00%| unknown
  0.8s|     1 |     0 |  1356 |     - |  8737k |   0 | 250 | 255 | 263 |  48 | 20 |  17 |   0 | 3.832848e+05 | 3.832850e+05 |   0.00%| unknown
  0.8s|     1 |     0 |  1357 |     - |  8740k |   0 | 250 | 255 | 264 |  49 | 21 |  17 |   0 | 3.832849e+05 | 3.832850e+05 |   0.00%| unknown
  0.9s|     1 |     0 |  1358 |     - |  8740k |   0 | 250 | 255 | 265 |  50 | 22 |  17 |   0 | 3.832849e+05 | 3.832850e+05 |   0.00%| unknown
  0.9s|     1 |     0 |  1359 |     - |  8744k |   0 | 250 | 255 | 260 |  51 | 23 |  17 |   0 | 3.832849e+05 | 3.832850e+05 |   0.00%| unknown
  0.9s|     1 |     0 |  1366 |     - |  8747k |   0 | 250 | 256 | 260 |  51 | 24 |  19 |   0 | 3.832850e+05 | 3.832850e+05 |   0.00%| unknown

SCIP Status        : problem is solved [optimal solution found]
Solving Time (sec) : 0.86
Solving Nodes      : 1 (total of 2 nodes in 2 runs)
Primal Bound       : +3.83285000000000e+05 (3 solutions)
Dual Bound         : +3.83285000000000e+05
Gap                : 0.00 %

primal solution:
================

objective value:                               383285
y....001                                            1 	(obj:0)
y....002                                            1 	(obj:0)
y....006                                            1 	(obj:0)
y....007                                            1 	(obj:0)
y....008                                            1 	(obj:0)
y....010                                            1 	(obj:0)
y....011                                            1 	(obj:0)
y....012                                            1 	(obj:0)
y....013                                            1 	(obj:0)
y....014                                            1 	(obj:0)
y....017                                            1 	(obj:0)
y....019                                            1 	(obj:0)
y....020                                            1 	(obj:0)
y....022                                            1 	(obj:6050)
y....027                                            1 	(obj:3500)
y....029                                            1 	(obj:4000)
y....031                                            1 	(obj:2400)
y....033                                            1 	(obj:2100)
y....034                                            1 	(obj:6500)
y....036                                            1 	(obj:11910)
y....037                                            1 	(obj:4100)
y....041                                            1 	(obj:2000)
y....043                                            1 	(obj:6840)
y....044                            0.999999999999999 	(obj:8600)
y....046                                            1 	(obj:2280)
y....048                            0.999999999999999 	(obj:1000)
y....051                            0.999999999999999 	(obj:3250)
y....054                                            1 	(obj:4500)
y....058                                            1 	(obj:2400)
y....060                                            1 	(obj:3720)
y....064                                            1 	(obj:8200)
y....066                                            1 	(obj:3650)
y....068                                            1 	(obj:2350)
y....070                                            1 	(obj:6900)
y....073                                            1 	(obj:7420)
y....076                                            1 	(obj:6425)
y....077                                            1 	(obj:5760)
y....079                                            1 	(obj:3840)
y....081                                            1 	(obj:0)
y....083                                            1 	(obj:0)
y....085                                            1 	(obj:0)
y....089                                            1 	(obj:3120)
y....092                                            1 	(obj:5720)
y....093                                            1 	(obj:1890)
y....095                                            1 	(obj:2720)
y....097                                            1 	(obj:1100)
y....099                                            1 	(obj:3000)
y....101                                            1 	(obj:8495)
y....104                                            1 	(obj:4350)
y....106                                            1 	(obj:2605)
y....109                                            1 	(obj:2400)
y....111                                            1 	(obj:2880)
y....113                                            1 	(obj:1740)
y....115                                            1 	(obj:1200)
y....116                                            1 	(obj:0)
y....118                                            1 	(obj:0)
y....121                                            1 	(obj:1200)
y....124                                            1 	(obj:0)
y....128                                            1 	(obj:0)
y....132                                            1 	(obj:0)
y....136                                            1 	(obj:0)
y....140                                            1 	(obj:7150)
y....142                                            1 	(obj:8000)
y....145                                            1 	(obj:7715)
y....147                                            1 	(obj:4130)
y....149                                            1 	(obj:2135)
y....150                                            1 	(obj:1485)
y....151                                            1 	(obj:10200)
y....152                                            1 	(obj:0)
y....153                                            1 	(obj:0)
y....156                                            1 	(obj:7925)
y....158                                            1 	(obj:9400)
y....161                                            1 	(obj:2040)
y....163                                            1 	(obj:9555)
y....165                                            1 	(obj:3290)
y....167                                            1 	(obj:1230)
y....169                                            1 	(obj:2900)
y....171                                            1 	(obj:5600)
y....173                                            1 	(obj:0)
y....175                                            1 	(obj:0)
y....179                                            1 	(obj:3170)
y....180                                            1 	(obj:1500)
y....182                                            1 	(obj:6500)
y....183                                            1 	(obj:2605)
y....187                                            1 	(obj:6700)
y....188                                            1 	(obj:0)
y....189                                            1 	(obj:0)
y....190                                            1 	(obj:0)
x....001                                         1421 	(obj:2.5)
x....002                                         1083 	(obj:0.9)
x....006                                         5020 	(obj:1.2)
x....007                                         5244 	(obj:1.2)
x....008                                         8590 	(obj:0.8)
x....010                                         2758 	(obj:1.8)
x....011                                         2895 	(obj:1.2)
x....012                                         4388 	(obj:0.1)
x....013                                          106 	(obj:3.3)
x....014                                          106 	(obj:1.6)
x....017                                         3346 	(obj:1.7)
x....019                                          338 	(obj:2.3)
x....020                                          172 	(obj:1.1)
x....022                                           88 	(obj:1)
x....027                                           56 	(obj:0.8)
x....029                             169.000000000001 	(obj:0.9)
x....031                             239.000000000001 	(obj:1.4)
x....033                             495.000000000001 	(obj:0.7)
x....034                                         2631 	(obj:0.9)
x....036                                         2758 	(obj:1.1)
x....037                                          100 	(obj:1.4)
x....041                                         1013 	(obj:0.7)
x....043                                         1083 	(obj:0.7)
x....044                             787.999999999999 	(obj:2.1)
x....046                                          467 	(obj:0.7)
x....048                                          204 	(obj:0.4)
x....051                                          131 	(obj:1.1)
x....054                             3.00000000000068 	(obj:1.4)
x....058                                           51 	(obj:0.9)
x....060                                          137 	(obj:4.2)
x....064                                           65 	(obj:2.3)
x....066                                          203 	(obj:1.3)
x....068                                          431 	(obj:0.8)
x....070                                         1111 	(obj:2)
x....073                                         1338 	(obj:2.2)
x....076                                         1457 	(obj:1.6)
x....077                                         1727 	(obj:1.3)
x....079                                         1790 	(obj:1.1)
x....081                                         4142 	(obj:0.7)
x....083                                         4974 	(obj:0.9)
x....085                                         5020 	(obj:0.5)
x....089                                          884 	(obj:0.9)
x....092                                         1364 	(obj:0.9)
x....093                                         1503 	(obj:1.1)
x....095                                         1588 	(obj:0.7)
x....097                                         1682 	(obj:0.4)
x....099                                         2234 	(obj:0.8)
x....101                                         2323 	(obj:1.4)
x....104                                          394 	(obj:1.5)
x....106                                          175 	(obj:1.3)
x....109                                          374 	(obj:0.8)
x....111                                          639 	(obj:0.8)
x....113                                          690 	(obj:1)
x....115                                         1064 	(obj:1)
x....116                                         1323 	(obj:2.4)
x....118                                         3058 	(obj:1.4)
x....121                                         3263 	(obj:0.8)
x....124                                         1532 	(obj:2.3)
x....128                                         1226 	(obj:3.2)
x....132                                          746 	(obj:0.9)
x....136                                          315 	(obj:1.8)
x....140                                          200 	(obj:1.1)
x....142                                          224 	(obj:1.8)
x....145                                          100 	(obj:1.8)
x....147                                          224 	(obj:0.9)
x....149                                          314 	(obj:0.8)
x....150                                          314 	(obj:0.5)
x....151                                          354 	(obj:1)
x....152                                          426 	(obj:2.5)
x....153                                         1493 	(obj:1.6)
x....156                                           40 	(obj:2.2)
x....158                                          106 	(obj:1.1)
x....161                                          100 	(obj:1.6)
x....163                                          425 	(obj:2.3)
x....165                                          581 	(obj:0.9)
x....167                                          750 	(obj:0.7)
x....169                                          799 	(obj:1)
x....171                                          837 	(obj:1.2)
x....173                                          837 	(obj:1)
x....175                                         1067 	(obj:1.3)
x....179                                          145 	(obj:0.9)
x....180                                          180 	(obj:1.1)
x....182                                          230 	(obj:1.1)
x....183                                          149 	(obj:0.7)
x....187                                           72 	(obj:0.7)
x....188                                         1421 	(obj:0)
x....189                                         4494 	(obj:0)
x....190                                         8590 	(obj:0)

Statistics
==========

SCIP Status        : problem is solved [optimal solution found]
Total Time         :       0.86
  solving          :       0.86
  presolving       :       0.04 (included in solving)
  reading          :       0.01
  copying          :       0.00 (2 #copies) (minimal 0.00, maximal 0.00, average 0.00)
Original Problem   :
  Problem name     : beavma
  Variables        : 390 (195 binary, 0 integer, 0 implicit integer, 195 continuous)
  Constraints      : 372 initial, 372 maximal
  Objective        : minimize, 344 non-zeros (abs.min = 0.1, abs.max = 19450)
Presolved Problem  :
  Problem name     : t_beavma
  Variables        : 250 (101 binary, 0 integer, 0 implicit integer, 149 continuous)
  Constraints      : 370 initial, 370 maximal
  Objective        : minimize, 228 non-zeros (abs.min = 0.1, abs.max = 19450)
  Nonzeros         : 1600 constraint, 48 clique table
Presolvers         :   ExecTime  SetupTime  Calls  FixedVars   AggrVars   ChgTypes  ChgBounds   AddHoles    DelCons    AddCons   ChgSides   ChgCoefs
  boundshift       :       0.00       0.00      0          0          0          0          0          0          0          0          0          0
  convertinttobin  :       0.00       0.00      0          0          0          0          0          0          0          0          0          0
  domcol           :       0.00       0.00      7          0          0          0          0          0          0          0          0          0
  dualagg          :       0.00       0.00      0          0          0          0          0          0          0          0          0          0
  dualcomp         :       0.00       0.00      7          0          0          0          0          0          0          0          0          0
  dualinfer        :       0.00       0.00      0          0          0          0          0          0          0          0          0          0
  dualsparsify     :       0.00       0.00      2          0          0          0          0          0          0          0          0          6
  gateextraction   :       0.00       0.00      6          0          0          0          0          0         28         14          0          0
  implics          :       0.00       0.00     17          0          2          0          0          0          0          0          0          0
  inttobinary      :       0.00       0.00      0          0          0          0          0          0          0          0          0          0
  qpkktref         :       0.00       0.00      0          0          0          0          0          0          0          0          0          0
  redvub           :       0.00       0.00      0          0          0          0          0          0          0          0          0          0
  sparsify         :       0.00       0.00      2          0          0          0          0          0          0          0          0          0
  stuffing         :       0.00       0.00      0          0          0          0          0          0          0          0          0          0
  trivial          :       0.00       0.00     35         34          0          0          0          0          0          0          0          0
  tworowbnd        :       0.00       0.00      0          0          0          0          0          0          0          0          0          0
  dualfix          :       0.00       0.00     35         15          0          0          0          0          0          0          0          0
  genvbounds       :       0.00       0.00      0          0          0          0          0          0          0          0          0          0
  probing          :       0.02       0.00      6          6         48          0         36          0          0          0          0          0
  pseudoobj        :       0.00       0.00      5          0          0          0          0          0          0          0          0          0
  symmetry         :       0.00       0.00      1          0          0          0          0          0          0          0          0          0
  vbounds          :       0.00       0.00      3          0          0          0          0          0          0          0          0          0
  varbound         :       0.00       0.00     47          0          0          0          5          0         26          3         16         50
  knapsack         :       0.00       0.00     18          0          0          0          0          0          0          0          0          0
  setppc           :       0.00       0.00     60          0          0          0          0          0         45          0          0          0
  linear           :       0.01       0.00     49          9         26          0         24          0         69          0          1          7
  logicor          :       0.00       0.00     23          7          0          0          0          0          1          0          0          4
  bounddisjunction :       0.00       0.00     14          0          0          0          0          0          1          0          0          0
  benders          :       0.00       0.00      0          0          0          0          0          0          0          0          0          0
  components       :       0.00       0.00      2          0          0          0          0          0          0          0          0          0
  root node        :          -          -      -         70          -          -        207          -          -          -          -          -
Constraints        :     Number  MaxNumber  #Separate #Propagate    #EnfoLP    #EnfoRelax  #EnfoPS    #Check   #ResProp    Cutoffs    DomReds       Cuts    Applied      Conss   Children
  benderslp        :          0          0          0          0          0          0          0         64          0          0          0          0          0          0          0
  integral         :          0          0          0          0          0          0          0         64          0          0          0          0          0          0          0
  varbound         :        161        161         61       3913          0          0          0         57         44          5         56          0          0          0          0
  knapsack         :          1          1         14         83          0          0          0          0          0          0          0          0          0          0          0
  setppc           :         28         28         61       3808          0          0          0         11         16          1          1          0          0          0          0
  linear           :        155        155         61       3907          0          0          0         10         26         56         81        100          5          0          0
  logicor          :         16         16         61        120          0          0          0          0          0          0          2          0          0          0          0
  bounddisjunction :          9          9          0        213          0          0          0          0          0          0          0          0          0          0          0
  benders          :          0          0          0          0          0          0          0          6          0          0          0          0          0          0          0
  fixedvar         :          0          0          0          0          0          0          0          6          0          0          0          0          0          0          0
  countsols        :          0          0          0          0          0          0          0          6          0          0          0          0          0          0          0
  components       :          0          0          0          0          0          0          0          0          0          0          0          0          0          0          0
Constraint Timings :  TotalTime  SetupTime   Separate  Propagate     EnfoLP     EnfoPS     EnfoRelax   Check    ResProp    SB-Prop
  benderslp        :       0.00       0.00       0.00       0.00       0.00       0.00       0.00       0.00       0.00       0.00
  integral         :       0.00       0.00       0.00       0.00       0.00       0.00       0.00       0.00       0.00       0.00
  varbound         :       0.01       0.00       0.00       0.01       0.00       0.00       0.00       0.00       0.00       0.00
  knapsack         :       0.00       0.00       0.00       0.00       0.00       0.00       0.00       0.00       0.00       0.00
  setppc           :       0.00       0.00       0.00       0.00       0.00       0.00       0.00       0.00       0.00       0.00
  linear           :       0.02       0.00       0.01       0.01       0.00       0.00       0.00       0.00       0.00       0.00
  logicor          :       0.00       0.00       0.00       0.00       0.00       0.00       0.00       0.00       0.00       0.00
  bounddisjunction :       0.00       0.00       0.00       0.00       0.00       0.00       0.00       0.00       0.00       0.00
  benders          :       0.00       0.00       0.00       0.00       0.00       0.00       0.00       0.00       0.00       0.00
  fixedvar         :       0.00       0.00       0.00       0.00       0.00       0.00       0.00       0.00       0.00       0.00
  countsols        :       0.00       0.00       0.00       0.00       0.00       0.00       0.00       0.00       0.00       0.00
  components       :       0.00       0.00       0.00       0.00       0.00       0.00       0.00       0.00       0.00       0.00
Propagators        : #Propagate   #ResProp    Cutoffs    DomReds
  dualfix          :         14          0          0          1
  genvbounds       :          0          0          0          0
  nlobbt           :          0          0          0          0
  obbt             :          0          0          0          0
  probing          :          0          0          0          0
  pseudoobj        :         96          0          0          0
  redcost          :         77          0          0         55
  rootredcost      :          0          0          0          0
  symmetry         :          0          0          0          0
  vbounds          :       1898          0          0          0
Propagator Timings :  TotalTime  SetupTime   Presolve  Propagate    ResProp    SB-Prop
  dualfix          :       0.00       0.00       0.00       0.00       0.00       0.00
  genvbounds       :       0.00       0.00       0.00       0.00       0.00       0.00
  nlobbt           :       0.00       0.00       0.00       0.00       0.00       0.00
  obbt             :       0.00       0.00       0.00       0.00       0.00       0.00
  probing          :       0.02       0.00       0.02       0.00       0.00       0.00
  pseudoobj        :       0.00       0.00       0.00       0.00       0.00       0.00
  redcost          :       0.00       0.00       0.00       0.00       0.00       0.00
  rootredcost      :       0.00       0.00       0.00       0.00       0.00       0.00
  symmetry         :       0.00       0.00       0.00       0.00       0.00       0.00
  vbounds          :       0.00       0.00       0.00       0.00       0.00       0.00
Symmetry           :
  orbitopal red.   :          0 reductions applied,          0 cutoffs
  orbital reduction:          0 reductions applied,          0 cutoffs
  lexicographic red:          0 reductions applied,          0 cutoffs
  shadow tree time :       0.00 s
Conflict Analysis  :       Time      Calls    Success    DomReds  Conflicts   Literals    Reconvs ReconvLits   Dualrays   Nonzeros   LP Iters   (pool size: [10000,10000])
  propagation      :       0.00          6          6          -          8        3.0          2        4.5          -          -          -
  infeasible LP    :       0.00          1          0          -          0        0.0          0        0.0          1        6.0          0
  bound exceed. LP :       0.00          5          5          -          6        4.2          4        2.0          2        6.0          6
  strong branching :       0.00          0          0          -          0        0.0          0        0.0          -          -          0
  pseudo solution  :       0.00          0          0          -          0        0.0          0        0.0          -          -          -
  applied globally :       0.00          -          -          1         16        2.8          -          -          3          -          -
  applied locally  :          -          -          -          0          0        0.0          -          -          0          -          -
Separators         :   ExecTime  SetupTime      Calls  RootCalls    Cutoffs    DomReds  FoundCuts ViaPoolAdd  DirectAdd    Applied ViaPoolApp  DirectApp      Conss
  cut pool         :       0.00          -        119        119          -          -       1699       3156          -          -          -          -          -    (maximal pool size:       1539)
  aggregation      :       0.61       0.00         61         61          0          0       1332       2515          0        338        338          0          0
  > cmir           :          -          -          -          -          -          -          -       2027          0        224        224          0          -
  > flowcover      :          -          -          -          -          -          -          -        346          0         64         64          0          -
  > knapsackcover  :          -          -          -          -          -          -          -        142          0         50         50          0          -
  cgmip            :       0.00       0.00          0          0          0          0          0          0          0          0          0          0          0
  clique           :       0.00       0.00         61         61          0          0          0          0          0          0          0          0          0
  closecuts        :       0.00       0.00          0          0          0          0          0          0          0          0          0          0          0
  convexproj       :       0.00       0.00          0          0          0          0          0          0          0          0          0          0          0
  disjunctive      :       0.00       0.00          0          0          0          0          0          0          0          0          0          0          0
  eccuts           :       0.00       0.00          0          0          0          0          0          0          0          0          0          0          0
  gauge            :       0.00       0.00          0          0          0          0          0          0          0          0          0          0          0
  gomory           :       0.01       0.00         20         20          0          0        223        427          0         39         39          0          0
  > gomorymi       :          -          -          -          -          -          -          -        370          0         30         30          0          -
  > strongcg       :          -          -          -          -          -          -          -         57          0          9          9          0          -
  impliedbounds    :       0.00       0.00         61         61          0          9         93        111          0         73         73          0          0
  interminor       :       0.00       0.00          0          0          0          0          0          0          0          0          0          0          0
  intobj           :       0.00       0.00          0          0          0          0          0          0          0          0          0          0          0
  lagromory        :       0.00       0.00          0          0          0          0          0          0          0          0          0          0          0
  mcf              :       0.01       0.00          9          9          0          0          8         12          0          0          0          0          0
  minor            :       0.00       0.00          0          0          0          0          0          0          0          0          0          0          0
  mixing           :       0.00       0.00         61         61          0          0         29         66          0          5          5          0          0
  oddcycle         :       0.00       0.00          0          0          0          0          0          0          0          0          0          0          0
  rapidlearning    :       0.00       0.00          0          0          0          0          0          0          0          0          0          0          0
  rlt              :       0.00       0.00         20         20          0          0          0          0          0          0          0          0          0
  zerohalf         :       0.01       0.00         40         40          0          0         14         25          0          3          3          0          0
Cutselectors       :   ExecTime  SetupTime      Calls  RootCalls   Selected     Forced   Filtered  RootSelec   RootForc   RootFilt 
  hybrid           :       0.00       0.00         62         62        463          0       2793        463          0       2793
  ensemble         :       0.00       0.00          0          0          0          0          0          0          0          0
  dynamic          :       0.00       0.00          0          0          0          0          0          0          0          0
Pricers            :   ExecTime  SetupTime      Calls       Vars
  problem variables:       0.00          -          0          0
Branching Rules    :   ExecTime  SetupTime   BranchLP  BranchExt   BranchPS    Cutoffs    DomReds       Cuts      Conss   Children
  allfullstrong    :       0.00       0.00          0          0          0          0          0          0          0          0
  cloud            :       0.00       0.00          0          0          0          0          0          0          0          0
  distribution     :       0.00       0.00          0          0          0          0          0          0          0          0
  fullstrong       :       0.00       0.00          0          0          0          0          0          0          0          0
  general_disjuncti:       0.00       0.00          0          0          0          0          0          0          0          0
  GeneralDisjunction(extra): subMILPs=0 fairNodes of all MILPs=0 probingLPs=0
  gomory           :       0.00       0.00          0          0          0          0          0          0          0          0
  inference        :       0.00       0.00          0          0          0          0          0          0          0          0
  leastinf         :       0.00       0.00          0          0          0          0          0          0          0          0
  lookahead        :       0.00       0.00          0          0          0          0          0          0          0          0
  mostinf          :       0.00       0.00          0          0          0          0          0          0          0          0
  multaggr         :       0.00       0.00          0          0          0          0          0          0          0          0
  nodereopt        :       0.00       0.00          0          0          0          0          0          0          0          0
  pscost           :       0.00       0.00          0          0          0          0          0          0          0          0
  random           :       0.00       0.00          0          0          0          0          0          0          0          0
  relpscost        :       0.00       0.00          0          0          0          0          0          0          0          0
  vanillafullstrong:       0.00       0.00          0          0          0          0          0          0          0          0
Primal Heuristics  :   ExecTime  SetupTime      Calls      Found       Best
  LP solutions     :       0.00          -          -          0          0
  relax solutions  :       0.00          -          -          0          0
  pseudo solutions :       0.00          -          -          0          0
  strong branching :       0.00          -          -          0          0
  actconsdiving    :       0.00       0.00          0          0          0
  adaptivediving   :       0.00       0.00          0          0          0
  alns             :       0.00       0.00          1          0          0
  bound            :       0.00       0.00          0          0          0
  clique           :       0.00       0.00          1          0          0
  coefdiving       :       0.00       0.00          0          0          0
  completesol      :       0.00       0.00          0          0          0
  conflictdiving   :       0.00       0.00          1          0          0
  crossover        :       0.00       0.00          0          0          0
  dins             :       0.00       0.00          0          0          0
  distributiondivin:       0.00       0.00          0          0          0
  dps              :       0.00       0.00          0          0          0
  dualval          :       0.00       0.00          0          0          0
  farkasdiving     :       0.01       0.00          2          1          1
  feaspump         :       0.00       0.00          1          1          1
  fixandinfer      :       0.00       0.00          0          0          0
  fracdiving       :       0.00       0.00          0          0          0
  gins             :       0.00       0.00          0          0          0
  guideddiving     :       0.00       0.00          0          0          0
  indicator        :       0.00       0.00          0          0          0
  indicatordiving  :       0.00       0.00          0          0          0
  intdiving        :       0.00       0.00          0          0          0
  intshifting      :       0.00       0.00          1          0          0
  linesearchdiving :       0.00       0.00          0          0          0
  localbranching   :       0.00       0.00          0          0          0
  locks            :       0.00       0.00          1          0          0
  lpface           :       0.00       0.00          0          0          0
  mpec             :       0.00       0.00          0          0          0
  multistart       :       0.00       0.00          0          0          0
  mutation         :       0.00       0.00          0          0          0
  nlpdiving        :       0.00       0.00          0          0          0
  objpscostdiving  :       0.00       0.00          0          0          0
  octane           :       0.00       0.00          0          0          0
  ofins            :       0.00       0.00          0          0          0
  oneopt           :       0.00       0.00          2          0          0
  padm             :       0.00       0.00          0          0          0
  proximity        :       0.00       0.00          0          0          0
  pscostdiving     :       0.00       0.00          0          0          0
  randrounding     :       0.02       0.00         65          0          0
  rens             :       0.04       0.00          1          1          1
  reoptsols        :       0.00       0.00          0          0          0
  repair           :       0.00       0.00          0          0          0
  rins             :       0.00       0.00          0          0          0
  rootsoldiving    :       0.00       0.00          0          0          0
  rounding         :       0.00       0.00         65          0          0
  scheduler        :       0.00       0.00          0          0          0
  shiftandpropagate:       0.00       0.00          1          0          0
  shifting         :       0.01       0.00         65          0          0
  simplerounding   :       0.00       0.00          0          0          0
  subnlp           :       0.00       0.00          0          0          0
  trivial          :       0.00       0.00          4          0          0
  trivialnegation  :       0.00       0.00          0          0          0
  trustregion      :       0.00       0.00          0          0          0
  trysol           :       0.00       0.00          0          0          0
  twoopt           :       0.00       0.00          0          0          0
  undercover       :       0.00       0.00          0          0          0
  vbounds          :       0.00       0.00          2          0          0
  veclendiving     :       0.00       0.00          0          0          0
  zeroobj          :       0.00       0.00          0          0          0
  zirounding       :       0.00       0.00          2          0          0
  other solutions  :          -          -          -          0          -
LNS (Scheduler)    :      Calls  SetupTime  SolveTime SolveNodes       Sols       Best       Exp3    Exp3-IX  EpsGreedy        UCB TgtFixRate  Opt  Inf Node Stal  Sol  Usr Othr Actv
  rens             :          0       0.00       0.00          0          0          0    0.00000    0.12500   -1.00000    1.00000      0.900    0    0    0    0    0    0    0    1
  rins             :          0       0.00       0.00          0          0          0    0.00000    0.12500   -1.00000    1.00000      0.900    0    0    0    0    0    0    0    1
  mutation         :          0       0.00       0.00          0          0          0    0.00000    0.12500   -1.00000    1.00000      0.900    0    0    0    0    0    0    0    1
  localbranching   :          0       0.00       0.00          0          0          0    0.00000    0.12500   -1.00000    1.00000      0.900    0    0    0    0    0    0    0    1
  crossover        :          0       0.00       0.00          0          0          0    0.00000    0.12500   -1.00000    1.00000      0.900    0    0    0    0    0    0    0    1
  proximity        :          0       0.00       0.00          0          0          0    0.00000    0.12500   -1.00000    1.00000      0.900    0    0    0    0    0    0    0    1
  zeroobjective    :          0       0.00       0.00          0          0          0    0.00000    0.12500   -1.00000    1.00000      0.900    0    0    0    0    0    0    0    1
  dins             :          0       0.00       0.00          0          0          0    0.00000    0.12500   -1.00000    1.00000      0.900    0    0    0    0    0    0    0    1
  trustregion      :          0       0.00       0.00          0          0          0    0.00000    0.00000   -1.00000    1.00000      0.900    0    0    0    0    0    0    0    0
LP                 :       Time      Calls Iterations  Iter/call   Iter/sec  Time-0-It Calls-0-It    ItLimit
  primal LP        :       0.01          8          0       0.00          -       0.01          8
  dual LP          :       0.05         82       1118      17.20   23072.48       0.00         17
  lex dual LP      :       0.00          0          0       0.00          -
  barrier LP       :       0.00          0          0       0.00          -       0.00          0
  resolve instable :       0.00          0          0       0.00          -
  diving/probing LP:       0.01         28        248       8.86   17895.80
  strong branching :       0.00          0          0       0.00          -          -          -          0
    (at root node) :          -          0          0       0.00          -
  conflict analysis:       0.00          1          6       6.00          -
B&B Tree           :
  number of runs   :          2
  nodes            :          1 (0 internal, 1 leaves)
  feasible leaves  :          0
  infeas. leaves   :          0
  objective leaves :          0
  nodes (total)    :          2 (0 internal, 2 leaves)
  nodes left       :          0
  max depth        :          0
  max depth (total):          0
  backtracks       :          0 (0.0%)
  early backtracks :          0 (0.0%)
  nodes exc. ref.  :          0 (0.0%)
  delayed cutoffs  :          0
  repropagations   :          0 (0 domain reductions, 0 cutoffs)
  avg switch length:       2.00
  switching time   :       0.00
Root Node          :
  First LP value   : +3.01191353129220e+05
  First LP Iters   :        117 (70952.09 Iter/sec)
  First LP Time    :       0.00
  Final Dual Bound :          -
  Final Root Iters :       1177
  Root LP Estimate :                     -
Solution           :
  Solutions found  :          3 (3 improvements)
  First Solution   : +4.32428200000000e+05   (in run 1, after 1 nodes, 0.05 seconds, depth 0, found by <feaspump>)
  Gap First Sol.   :      43.57 %
  Gap Last Sol.    :       0.16 %
  Primal Bound     : +3.83285000000000e+05   (in run 1, after 1 nodes, 0.62 seconds, depth 0, found by <rens>)
  Dual Bound       : +3.83285000000000e+05
  Gap              :       0.00 %
Integrals          :      Total       Avg%
  primal-dual      :      11.27      13.12
  primal-ref       :          -          - (not evaluated)
  dual-ref         :          -          - (not evaluated)
