SCIP version 9.2.2 [precision: 8 byte] [memory: block] [mode: optimized] [LP solver: CPLEX 12.10.0.0] [GitHash: 416226a4f8]
Copyright (c) 2002-2025 Zuse Institute Berlin (ZIB)

reading parameter file </scratch/htc/yzhou/exp_scipmip/settings/allon_gendj.set>

read problem </scratch/htc/yzhou/exp_scipmip/instances/additionals/fast0507.mps>
============

original problem has 63009 variables (63009 bin, 0 int, 0 impl, 0 cont) and 507 constraints
    507 constraints of type <linear>
Reading Time: 0.22
solve problem
=============
LP Solver <CPLEX 12.10.0.0>: fastmip setting not available -- SCIP parameter has no effect
LP Solver <CPLEX 12.10.0.0>: clock type cannot be set
LP Solver <CPLEX 12.10.0.0>: row representation of the basis not available -- SCIP parameter lp/rowrepswitch has no effect
LP Solver <CPLEX 12.10.0.0>: solution polishing not available -- SCIP parameter lp/solutionpolishing has no effect
LP Solver <CPLEX 12.10.0.0>: refactorization interval not available -- SCIP parameter lp/refactorinterval has no effect
transformed problem has 63009 variables (63009 bin, 0 int, 0 impl, 0 cont) and 507 constraints
    507 constraints of type <linear>

original problem has 409349 active (1.2814%) nonzeros and 409349 (1.2814%) check nonzeros

feasible solution found by trivial heuristic after 0.2 seconds, objective value 1.224250e+05
presolving:
(round 1, fast)       7 del vars, 16 del conss, 0 add conss, 7 chg bounds, 0 chg sides, 0 chg coeffs, 0 upgd conss, 0 impls, 1 clqs
(round 2, fast)       9 del vars, 19 del conss, 0 add conss, 7 chg bounds, 0 chg sides, 0 chg coeffs, 0 upgd conss, 0 impls, 0 clqs
(round 3, fast)       10 del vars, 20 del conss, 0 add conss, 7 chg bounds, 0 chg sides, 0 chg coeffs, 0 upgd conss, 0 impls, 0 clqs
(round 4, exhaustive) 10 del vars, 35 del conss, 0 add conss, 7 chg bounds, 10 chg sides, 0 chg coeffs, 0 upgd conss, 0 impls, 0 clqs
(round 5, exhaustive) 12 del vars, 35 del conss, 0 add conss, 7 chg bounds, 10 chg sides, 0 chg coeffs, 472 upgd conss, 0 impls, 0 clqs
(round 6, exhaustive) 23 del vars, 37 del conss, 0 add conss, 7 chg bounds, 10 chg sides, 11 chg coeffs, 472 upgd conss, 0 impls, 1 clqs
(round 7, fast)       27 del vars, 38 del conss, 0 add conss, 7 chg bounds, 10 chg sides, 11 chg coeffs, 472 upgd conss, 0 impls, 0 clqs
(round 8, fast)       28 del vars, 40 del conss, 0 add conss, 7 chg bounds, 10 chg sides, 13 chg coeffs, 472 upgd conss, 0 impls, 1 clqs
(round 9, exhaustive) 29 del vars, 41 del conss, 0 add conss, 7 chg bounds, 10 chg sides, 13 chg coeffs, 472 upgd conss, 0 impls, 1 clqs
(round 10, exhaustive) 36763 del vars, 41 del conss, 0 add conss, 7 chg bounds, 10 chg sides, 13 chg coeffs, 472 upgd conss, 0 impls, 1 clqs
(round 11, fast)       36763 del vars, 41 del conss, 0 add conss, 7 chg bounds, 10 chg sides, 235090 chg coeffs, 472 upgd conss, 0 impls, 4 clqs
(round 12, exhaustive) 36763 del vars, 65 del conss, 0 add conss, 7 chg bounds, 10 chg sides, 235090 chg coeffs, 472 upgd conss, 0 impls, 4 clqs
(round 13, exhaustive) 42137 del vars, 65 del conss, 0 add conss, 7 chg bounds, 10 chg sides, 235102 chg coeffs, 472 upgd conss, 0 impls, 4 clqs
(round 14, fast)       42137 del vars, 65 del conss, 0 add conss, 7 chg bounds, 10 chg sides, 264840 chg coeffs, 472 upgd conss, 0 impls, 5 clqs
(round 15, exhaustive) 42138 del vars, 67 del conss, 0 add conss, 7 chg bounds, 10 chg sides, 264841 chg coeffs, 472 upgd conss, 0 impls, 5 clqs
(round 16, exhaustive) 42333 del vars, 67 del conss, 0 add conss, 7 chg bounds, 10 chg sides, 264841 chg coeffs, 472 upgd conss, 0 impls, 5 clqs
(round 17, fast)       42333 del vars, 67 del conss, 0 add conss, 7 chg bounds, 10 chg sides, 265778 chg coeffs, 472 upgd conss, 0 impls, 5 clqs
   (1.3s) probing: 51/20676 (0.2%) - 0 fixings, 0 aggregations, 0 implications, 0 bound changes
   (1.3s) probing aborted: 50/50 successive totally useless probings
   (1.3s) symmetry computation started: requiring (bin +, int +, cont +), (fixed: bin -, int -, cont -)
   (1.3s) no symmetry present (symcode time: 0.00)
clique table cleanup detected 0 bound changes

presolved problem has 122860 active (1.35049%) nonzeros and 122860 (1.35049%) check nonzeros

presolving (18 rounds: 18 fast, 10 medium, 10 exhaustive):
 42333 deleted vars, 67 deleted constraints, 0 added constraints, 7 tightened bounds, 0 added holes, 10 changed sides, 265778 changed coefficients
 0 implications, 5 cliques
presolved problem has 20676 variables (20676 bin, 0 int, 0 impl, 0 cont) and 440 constraints
    440 constraints of type <logicor>
transformed objective value is always integral (scale: 1)
Presolving Time: 1.21

 time | node  | left  |LP iter|LP it/n|mem/heur|mdpt |vars |cons |rows |cuts |sepa|confs|strbr|  dualbound   | primalbound  |  gap   | compl. 
t 1.4s|     1 |     0 |     0 |     - | trivial|   0 |  20k| 440 |   0 |   0 |  0 |   0 |   0 | 1.600000e+01 | 4.014600e+04 |  Large | unknown
Heuristic locks solving LP from scratch with 99.5 % unfixed columns (20568 of 20676) ...
p 1.4s|     1 |     0 |     0 |     - |   locks|   0 |  20k| 440 | 440 |   0 |  0 |   0 |   0 | 1.600000e+01 | 2.270000e+02 |1318.75%| unknown
i 1.4s|     1 |     0 |     0 |     - |  oneopt|   0 |  20k| 440 | 440 |   0 |  0 |   0 |   0 | 1.600000e+01 | 2.230000e+02 |1293.75%| unknown
  2.0s|     1 |     0 |  4147 |     - |   327M |   0 |  20k| 440 | 440 |   0 |  0 |   0 |   0 | 1.721456e+02 | 2.230000e+02 |  29.54%| unknown
  2.1s|     1 |     0 |  4330 |     - |   334M |   0 |  20k| 440 | 442 |   2 |  1 |   0 |   0 | 1.722213e+02 | 2.230000e+02 |  29.48%| unknown
  2.2s|     1 |     0 |  4343 |     - |   334M |   0 |  20k| 440 | 443 |   3 |  2 |   0 |   0 | 1.722213e+02 | 2.230000e+02 |  29.48%| unknown
  2.2s|     1 |     0 |  4344 |     - |   335M |   0 |  20k| 440 | 444 |   4 |  3 |   0 |   0 | 1.722213e+02 | 2.230000e+02 |  29.48%| unknown
L 7.3s|     1 |     0 | 14365 |     - |    rens|   0 |  20k| 440 | 444 |   4 |  4 |   0 |   0 | 1.722213e+02 | 1.780000e+02 |   3.36%| unknown
  8.1s|     1 |     0 | 14365 |     - |   411M |   0 |  20k| 440 | 444 |   4 |  4 |   0 |   0 | 1.722213e+02 | 1.780000e+02 |   3.36%| unknown
_____________________________________
Now starting branching with general disjunction
Current branching Node number: 1
LP objective value: 156.221
Node lower bound: 156.299
Node upper bound: 178
gap to the primal bound: 0.0330908
Preck submodel is infeasible, continue branching
Time limit exceeded (1001.43s), stopping submodel solve loop
General disjunction: No feasible solution found, use SCIP default branching rule
 1014s|     1 |     2 | 14365 |     - |   412M |   0 |  20k| 440 | 444 |   4 |  5 |   0 |  66 | 1.723248e+02 | 1.780000e+02 |   3.29%| unknown
_____________________________________
Now starting branching with general disjunction
Current branching Node number: 3
LP objective value: 156.325
Node lower bound: 156.433
Node upper bound: 178
gap to the primal bound: 0.0326941
Preck submodel is infeasible, continue branching
Time limit exceeded (1001.24s), stopping submodel solve loop
General disjunction: No feasible solution found, use SCIP default branching rule
_____________________________________
Now starting branching with general disjunction
Current branching Node number: 5
LP objective value: 156.43
Node lower bound: 156.483
Node upper bound: 178
gap to the primal bound: 0.0326941
Preck submodel is infeasible, continue branching
Time limit exceeded (1001.34s), stopping submodel solve loop
General disjunction: No feasible solution found, use SCIP default branching rule
_____________________________________
Now starting branching with general disjunction
Current branching Node number: 7
LP objective value: 156.808
Node lower bound: 156.875
Node upper bound: 178
gap to the primal bound: 0.0326941
Preck submodel is infeasible, continue branching
Time limit exceeded (1001.4s), stopping submodel solve loop
General disjunction: No feasible solution found, use SCIP default branching rule
_____________________________________
Now starting branching with general disjunction
Current branching Node number: 9
LP objective value: 157.143
Node lower bound: 157.237
Node upper bound: 178
gap to the primal bound: 0.0326941
Preck submodel is infeasible, continue branching
Time limit exceeded (1001.24s), stopping submodel solve loop
General disjunction: No feasible solution found, use SCIP default branching rule
_____________________________________
Now starting branching with general disjunction
Current branching Node number: 11
LP objective value: 157.463
Node lower bound: 157.463
Node upper bound: 178
gap to the primal bound: 0.0326941
Preck submodel is infeasible, continue branching
Time limit exceeded (1001.26s), stopping submodel solve loop
General disjunction: No feasible solution found, use SCIP default branching rule
_____________________________________
Now starting branching with general disjunction
Current branching Node number: 13
LP objective value: 157.776
Node lower bound: 157.827
Node upper bound: 178
gap to the primal bound: 0.0326941
Preck submodel is infeasible, continue branching
Time limit exceeded (1001.23s), stopping submodel solve loop
General disjunction: No feasible solution found, use SCIP default branching rule
_____________________________________
Now starting branching with general disjunction
Current branching Node number: 15
LP objective value: 158.116
Node lower bound: 158.162
Node upper bound: 178
gap to the primal bound: 0.0326941
Preck submodel is infeasible, continue branching
Time limit exceeded (1001.23s), stopping submodel solve loop
General disjunction: No feasible solution found, use SCIP default branching rule
_____________________________________
Now starting branching with general disjunction
Current branching Node number: 17
LP objective value: 158.531
Node lower bound: 158.6
Node upper bound: 178
gap to the primal bound: 0.0326941
Preck submodel is infeasible, continue branching
Time limit exceeded (1001.31s), stopping submodel solve loop
General disjunction: No feasible solution found, use SCIP default branching rule
_____________________________________
Now starting branching with general disjunction
Current branching Node number: 18
LP objective value: 158.581
Node lower bound: 158.642
Node upper bound: 178
gap to the primal bound: 0.0326941
Preck submodel is infeasible, continue branching
Time limit exceeded (1001.24s), stopping submodel solve loop
General disjunction: No feasible solution found, use SCIP default branching rule
_____________________________________
Now starting branching with general disjunction
Current branching Node number: 21
LP objective value: 158.647
Node lower bound: 158.679
Node upper bound: 178
gap to the primal bound: 0.0326941
Preck submodel is infeasible, continue branching
Time limit exceeded (1001.33s), stopping submodel solve loop
General disjunction: No feasible solution found, use SCIP default branching rule
_____________________________________
Now starting branching with general disjunction
Current branching Node number: 23
LP objective value: 159.31
Node lower bound: 159.372
Node upper bound: 178
gap to the primal bound: 0.0326941
Preck submodel is infeasible, continue branching
Time limit exceeded (1001.39s), stopping submodel solve loop
General disjunction: No feasible solution found, use SCIP default branching rule
_____________________________________
Now starting branching with general disjunction
Current branching Node number: 25
LP objective value: 159.589
Node lower bound: 159.634
Node upper bound: 178
gap to the primal bound: 0.0326941
Preck submodel is infeasible, continue branching
Time limit exceeded (1001.55s), stopping submodel solve loop
General disjunction: No feasible solution found, use SCIP default branching rule
_____________________________________
Now starting branching with general disjunction
Current branching Node number: 27
LP objective value: 159.936
Node lower bound: 159.936
Node upper bound: 178
gap to the primal bound: 0.0326941
Preck submodel is infeasible, continue branching
Time limit exceeded (1001.25s), stopping submodel solve loop
General disjunction: No feasible solution found, use SCIP default branching rule
_____________________________________
Now starting branching with general disjunction
Current branching Node number: 29
LP objective value: 159.967
Node lower bound: 159.967
Node upper bound: 178
gap to the primal bound: 0.0326941
Preck submodel is infeasible, continue branching
Time limit exceeded (1001.21s), stopping submodel solve loop
General disjunction: No feasible solution found, use SCIP default branching rule
_____________________________________
Now starting branching with general disjunction
Current branching Node number: 6
LP objective value: 156.483
Node lower bound: 156.525
Node upper bound: 178
gap to the primal bound: 0.0326941
Preck submodel is infeasible, continue branching
Time limit exceeded (1001.34s), stopping submodel solve loop
General disjunction: No feasible solution found, use SCIP default branching rule
_____________________________________
Now starting branching with general disjunction
Current branching Node number: 33
LP objective value: 156.941
Node lower bound: 156.941
Node upper bound: 178
gap to the primal bound: 0.0326941
Preck submodel is infeasible, continue branching
Time limit exceeded (1001.25s), stopping submodel solve loop
General disjunction: No feasible solution found, use SCIP default branching rule
_____________________________________
Now starting branching with general disjunction
Current branching Node number: 35
LP objective value: 157.076
Node lower bound: 157.076
Node upper bound: 178
gap to the primal bound: 0.0326941
Preck submodel is infeasible, continue branching
Time limit exceeded (1001.25s), stopping submodel solve loop
General disjunction: No feasible solution found, use SCIP default branching rule
_____________________________________
Now starting branching with general disjunction
Current branching Node number: 37
LP objective value: 157.163
Node lower bound: 157.163
Node upper bound: 178
gap to the primal bound: 0.0326941
Preck submodel is infeasible, continue branching
Time limit exceeded (1001.27s), stopping submodel solve loop
General disjunction: No feasible solution found, use SCIP default branching rule
_____________________________________
Now starting branching with general disjunction
Current branching Node number: 39
LP objective value: 157.534
Node lower bound: 157.554
Node upper bound: 178
gap to the primal bound: 0.0326941
Preck submodel is infeasible, continue branching
Time limit exceeded (1001.22s), stopping submodel solve loop
General disjunction: No feasible solution found, use SCIP default branching rule
_____________________________________
Now starting branching with general disjunction
Current branching Node number: 41
LP objective value: 157.585
Node lower bound: 157.585
Node upper bound: 178
gap to the primal bound: 0.0326941
Preck submodel is infeasible, continue branching
Time limit exceeded (1001.21s), stopping submodel solve loop
General disjunction: No feasible solution found, use SCIP default branching rule
_____________________________________
Now starting branching with general disjunction
Current branching Node number: 43
LP objective value: 157.713
Node lower bound: 157.713
Node upper bound: 178
gap to the primal bound: 0.0326941
Preck submodel is infeasible, continue branching
Time limit exceeded (1001.24s), stopping submodel solve loop
General disjunction: No feasible solution found, use SCIP default branching rule
_____________________________________
Now starting branching with general disjunction
Current branching Node number: 45
LP objective value: 158.076
Node lower bound: 158.076
Node upper bound: 178
gap to the primal bound: 0.0326941
Preck submodel is infeasible, continue branching
Time limit exceeded (1001.22s), stopping submodel solve loop
General disjunction: No feasible solution found, use SCIP default branching rule
_____________________________________
Now starting branching with general disjunction
Current branching Node number: 47
LP objective value: 158.167
Node lower bound: 158.167
Node upper bound: 178
gap to the primal bound: 0.0326941
Preck submodel is infeasible, continue branching
Time limit exceeded (1001.28s), stopping submodel solve loop
General disjunction: No feasible solution found, use SCIP default branching rule
_____________________________________
Now starting branching with general disjunction
Current branching Node number: 49
LP objective value: 158.169
Node lower bound: 158.169
Node upper bound: 178
gap to the primal bound: 0.0326941
Preck submodel is infeasible, continue branching
Time limit exceeded (1001.5s), stopping submodel solve loop
General disjunction: No feasible solution found, use SCIP default branching rule
_____________________________________
Now starting branching with general disjunction
Current branching Node number: 51
LP objective value: 158.332
Node lower bound: 158.332
Node upper bound: 178
gap to the primal bound: 0.0326941
Preck submodel is infeasible, continue branching
Time limit exceeded (1001.23s), stopping submodel solve loop
General disjunction: No feasible solution found, use SCIP default branching rule
_____________________________________
Now starting branching with general disjunction
Current branching Node number: 53
LP objective value: 158.596
Node lower bound: 158.596
Node upper bound: 178
gap to the primal bound: 0.0326941
Preck submodel is infeasible, continue branching
Time limit exceeded (1001.23s), stopping submodel solve loop
General disjunction: No feasible solution found, use SCIP default branching rule
_____________________________________
Now starting branching with general disjunction
Current branching Node number: 32
LP objective value: 156.516
Node lower bound: 156.525
Node upper bound: 178
gap to the primal bound: 0.0326941
Preck submodel is infeasible, continue branching
Time limit exceeded (1001.3s), stopping submodel solve loop
General disjunction: No feasible solution found, use SCIP default branching rule
_____________________________________
Now starting branching with general disjunction
Current branching Node number: 57
LP objective value: 156.6
Node lower bound: 156.6
Node upper bound: 178
gap to the primal bound: 0.0326941
Preck submodel is infeasible, continue branching
Time limit exceeded (1001.22s), stopping submodel solve loop
General disjunction: No feasible solution found, use SCIP default branching rule
_____________________________________
Now starting branching with general disjunction
Current branching Node number: 59
LP objective value: 156.625
Node lower bound: 156.625
Node upper bound: 178
gap to the primal bound: 0.0326941
Preck submodel is infeasible, continue branching
Time limit exceeded (1001.21s), stopping submodel solve loop
General disjunction: No feasible solution found, use SCIP default branching rule
_____________________________________
Now starting branching with general disjunction
Current branching Node number: 61
LP objective value: 156.786
Node lower bound: 156.786
Node upper bound: 178
gap to the primal bound: 0.0326941
Preck submodel is infeasible, continue branching
Time limit exceeded (1001.22s), stopping submodel solve loop
General disjunction: No feasible solution found, use SCIP default branching rule
_____________________________________
Now starting branching with general disjunction
Current branching Node number: 63
LP objective value: 156.975
Node lower bound: 156.975
Node upper bound: 178
gap to the primal bound: 0.0326941
Preck submodel is infeasible, continue branching
Time limit exceeded (1001.21s), stopping submodel solve loop
General disjunction: No feasible solution found, use SCIP default branching rule
_____________________________________
Now starting branching with general disjunction
Current branching Node number: 65
LP objective value: 157.181
Node lower bound: 157.181
Node upper bound: 178
gap to the primal bound: 0.0326941
Preck submodel is infeasible, continue branching
Time limit exceeded (1001.23s), stopping submodel solve loop
General disjunction: No feasible solution found, use SCIP default branching rule
_____________________________________
Now starting branching with general disjunction
Current branching Node number: 67
LP objective value: 157.417
Node lower bound: 157.417
Node upper bound: 178
gap to the primal bound: 0.0326941
Preck submodel is infeasible, continue branching
Time limit exceeded (1001.23s), stopping submodel solve loop
General disjunction: No feasible solution found, use SCIP default branching rule
_____________________________________
Now starting branching with general disjunction
Current branching Node number: 69
LP objective value: 157.566
Node lower bound: 157.566
Node upper bound: 178
gap to the primal bound: 0.0326941
Preck submodel is infeasible, continue branching
Time limit exceeded (1001.23s), stopping submodel solve loop
General disjunction: No feasible solution found, use SCIP default branching rule
_____________________________________
Now starting branching with general disjunction
Current branching Node number: 71
LP objective value: 157.669
Node lower bound: 157.669
Node upper bound: 178
gap to the primal bound: 0.0326941
Preck submodel is infeasible, continue branching
Time limit exceeded (1001.25s), stopping submodel solve loop
General disjunction: No feasible solution found, use SCIP default branching rule
_____________________________________
Now starting branching with general disjunction
Current branching Node number: 73
LP objective value: 157.702
Node lower bound: 157.702
Node upper bound: 178
gap to the primal bound: 0.0326941
Preck submodel is infeasible, continue branching
Time limit exceeded (1001.21s), stopping submodel solve loop
General disjunction: No feasible solution found, use SCIP default branching rule
_____________________________________
Now starting branching with general disjunction
Current branching Node number: 75
LP objective value: 157.834
Node lower bound: 157.834
Node upper bound: 178
gap to the primal bound: 0.0326941
Preck submodel is infeasible, continue branching
Time limit exceeded (1001.26s), stopping submodel solve loop
General disjunction: No feasible solution found, use SCIP default branching rule
_____________________________________
Now starting branching with general disjunction
Current branching Node number: 77
LP objective value: 158.001
Node lower bound: 158.001
Node upper bound: 178
gap to the primal bound: 0.0326941
Preck submodel is infeasible, continue branching
Time limit exceeded (1001.25s), stopping submodel solve loop
General disjunction: No feasible solution found, use SCIP default branching rule
_____________________________________
Now starting branching with general disjunction
Current branching Node number: 79
LP objective value: 158.082
Node lower bound: 158.208
Node upper bound: 178
gap to the primal bound: 0.0326941
Preck submodel is infeasible, continue branching
Time limit exceeded (1001.27s), stopping submodel solve loop
General disjunction: No feasible solution found, use SCIP default branching rule
_____________________________________
Now starting branching with general disjunction
Current branching Node number: 81
LP objective value: 158.278
Node lower bound: 158.278
Node upper bound: 178
gap to the primal bound: 0.0326941
Preck submodel is infeasible, continue branching
Time limit exceeded (1001.37s), stopping submodel solve loop
General disjunction: No feasible solution found, use SCIP default branching rule
_____________________________________
Now starting branching with general disjunction
Current branching Node number: 83
LP objective value: 158.324
Node lower bound: 158.324
Node upper bound: 178
gap to the primal bound: 0.0326941
Preck submodel is infeasible, continue branching
Time limit exceeded (1001.58s), stopping submodel solve loop
General disjunction: No feasible solution found, use SCIP default branching rule
_____________________________________
Now starting branching with general disjunction
Current branching Node number: 85
LP objective value: 158.4
Node lower bound: 158.4
Node upper bound: 178
gap to the primal bound: 0.0326941
Preck submodel is infeasible, continue branching
Time limit exceeded (1001.27s), stopping submodel solve loop
General disjunction: No feasible solution found, use SCIP default branching rule
_____________________________________
Now starting branching with general disjunction
Current branching Node number: 60
LP objective value: 156.664
Node lower bound: 156.664
Node upper bound: 178
gap to the primal bound: 0.0326941
Preck submodel is infeasible, continue branching
Time limit exceeded (1001.24s), stopping submodel solve loop
General disjunction: No feasible solution found, use SCIP default branching rule
_____________________________________
Now starting branching with general disjunction
Current branching Node number: 89
LP objective value: 156.695
Node lower bound: 156.695
Node upper bound: 178
gap to the primal bound: 0.0326941
Preck submodel is infeasible, continue branching
Time limit exceeded (1001.25s), stopping submodel solve loop
General disjunction: No feasible solution found, use SCIP default branching rule
_____________________________________
Now starting branching with general disjunction
Current branching Node number: 91
LP objective value: 156.874
Node lower bound: 156.874
Node upper bound: 178
gap to the primal bound: 0.0326941
Preck submodel is infeasible, continue branching
Time limit exceeded (1001.26s), stopping submodel solve loop
General disjunction: No feasible solution found, use SCIP default branching rule
_____________________________________
Now starting branching with general disjunction
Current branching Node number: 93
LP objective value: 156.973
Node lower bound: 156.973
Node upper bound: 178
gap to the primal bound: 0.0326941
Preck submodel is infeasible, continue branching
Time limit exceeded (1001.41s), stopping submodel solve loop
General disjunction: No feasible solution found, use SCIP default branching rule
_____________________________________
Now starting branching with general disjunction
Current branching Node number: 95
LP objective value: 156.981
Node lower bound: 156.981
Node upper bound: 178
gap to the primal bound: 0.0326941
Preck submodel is infeasible, continue branching
Time limit exceeded (1001.42s), stopping submodel solve loop
General disjunction: No feasible solution found, use SCIP default branching rule
_____________________________________
Now starting branching with general disjunction
Current branching Node number: 97
LP objective value: 157.196
Node lower bound: 157.196
Node upper bound: 178
gap to the primal bound: 0.0326941
Preck submodel is infeasible, continue branching
Time limit exceeded (1001.25s), stopping submodel solve loop
General disjunction: No feasible solution found, use SCIP default branching rule
_____________________________________
Now starting branching with general disjunction
Current branching Node number: 99
LP objective value: 157.204
Node lower bound: 157.204
Node upper bound: 178
gap to the primal bound: 0.0326941
Preck submodel is infeasible, continue branching
Time limit exceeded (1001.31s), stopping submodel solve loop
General disjunction: No feasible solution found, use SCIP default branching rule
_____________________________________
Now starting branching with general disjunction
Current branching Node number: 101
LP objective value: 157.712
Node lower bound: 157.712
Node upper bound: 178
gap to the primal bound: 0.0326941
Preck submodel is infeasible, continue branching
Time limit exceeded (1001.37s), stopping submodel solve loop
General disjunction: No feasible solution found, use SCIP default branching rule
_____________________________________
Now starting branching with general disjunction
Current branching Node number: 103
LP objective value: 157.814
Node lower bound: 157.814
Node upper bound: 178
gap to the primal bound: 0.0326941
Preck submodel is infeasible, continue branching
Time limit exceeded (1001.57s), stopping submodel solve loop
General disjunction: No feasible solution found, use SCIP default branching rule
_____________________________________
Now starting branching with general disjunction
Current branching Node number: 105
LP objective value: 157.917
Node lower bound: 157.917
Node upper bound: 178
gap to the primal bound: 0.0326941
Preck submodel is infeasible, continue branching
Time limit exceeded (1001.25s), stopping submodel solve loop
General disjunction: No feasible solution found, use SCIP default branching rule
_____________________________________
Now starting branching with general disjunction
Current branching Node number: 107
LP objective value: 157.972
Node lower bound: 157.972
Node upper bound: 178
gap to the primal bound: 0.0326941
Preck submodel is infeasible, continue branching
Time limit exceeded (1001.26s), stopping submodel solve loop
General disjunction: No feasible solution found, use SCIP default branching rule
_____________________________________
Now starting branching with general disjunction
Current branching Node number: 109
LP objective value: 158.177
Node lower bound: 158.177
Node upper bound: 178
gap to the primal bound: 0.0326941
Preck submodel is infeasible, continue branching
Time limit exceeded (1001.33s), stopping submodel solve loop
General disjunction: No feasible solution found, use SCIP default branching rule
_____________________________________
Now starting branching with general disjunction
Current branching Node number: 111
LP objective value: 158.781
Node lower bound: 158.781
Node upper bound: 178
gap to the primal bound: 0.0326941
Preck submodel is infeasible, continue branching
Time limit exceeded (1001.27s), stopping submodel solve loop
General disjunction: No feasible solution found, use SCIP default branching rule
_____________________________________
Now starting branching with general disjunction
Current branching Node number: 113
LP objective value: 158.894
Node lower bound: 158.894
Node upper bound: 178
gap to the primal bound: 0.0326941
Preck submodel is infeasible, continue branching
Time limit exceeded (1001.26s), stopping submodel solve loop
General disjunction: No feasible solution found, use SCIP default branching rule
_____________________________________
Now starting branching with general disjunction
Current branching Node number: 115
LP objective value: 159.016
Node lower bound: 159.016
Node upper bound: 178
gap to the primal bound: 0.0326941
Preck submodel is infeasible, continue branching
Time limit exceeded (1001.26s), stopping submodel solve loop
General disjunction: No feasible solution found, use SCIP default branching rule
_____________________________________
Now starting branching with general disjunction
Current branching Node number: 117
LP objective value: 159.119
Node lower bound: 159.119
Node upper bound: 178
gap to the primal bound: 0.0326941
Preck submodel is infeasible, continue branching
Time limit exceeded (1001.25s), stopping submodel solve loop
General disjunction: No feasible solution found, use SCIP default branching rule
_____________________________________
Now starting branching with general disjunction
Current branching Node number: 119
LP objective value: 159.516
Node lower bound: 159.516
Node upper bound: 178
gap to the primal bound: 0.0326941
Preck submodel is infeasible, continue branching
Time limit exceeded (1001.26s), stopping submodel solve loop
General disjunction: No feasible solution found, use SCIP default branching rule
_____________________________________
Now starting branching with general disjunction
Current branching Node number: 2
LP objective value: 156.365
Node lower bound: 156.365
Node upper bound: 178
gap to the primal bound: 0.0326941
Preck submodel is infeasible, continue branching
Time limit exceeded (1001.25s), stopping submodel solve loop
General disjunction: No feasible solution found, use SCIP default branching rule
_____________________________________
Now starting branching with general disjunction
Current branching Node number: 123
LP objective value: 156.457
Node lower bound: 156.457
Node upper bound: 178
gap to the primal bound: 0.0326941
Preck submodel is infeasible, continue branching
Time limit exceeded (1001.36s), stopping submodel solve loop
General disjunction: No feasible solution found, use SCIP default branching rule
_____________________________________
Now starting branching with general disjunction
Current branching Node number: 125
LP objective value: 156.497
Node lower bound: 156.497
Node upper bound: 178
gap to the primal bound: 0.0326941
Preck submodel is infeasible, continue branching
Time limit exceeded (1001.54s), stopping submodel solve loop
General disjunction: No feasible solution found, use SCIP default branching rule
_____________________________________
Now starting branching with general disjunction
Current branching Node number: 127
LP objective value: 156.61
Node lower bound: 156.61
Node upper bound: 178
gap to the primal bound: 0.0326941
Preck submodel is infeasible, continue branching
Time limit exceeded (1001.25s), stopping submodel solve loop
General disjunction: No feasible solution found, use SCIP default branching rule
_____________________________________
Now starting branching with general disjunction
Current branching Node number: 129
LP objective value: 156.914
Node lower bound: 156.914
Node upper bound: 178
gap to the primal bound: 0.0326941
Preck submodel is infeasible, continue branching
Time limit exceeded (1001.31s), stopping submodel solve loop
General disjunction: No feasible solution found, use SCIP default branching rule
_____________________________________
Now starting branching with general disjunction
Current branching Node number: 131
LP objective value: 157.062
Node lower bound: 157.062
Node upper bound: 178
gap to the primal bound: 0.0326941
Preck submodel is infeasible, continue branching
Time limit exceeded (1001.24s), stopping submodel solve loop
General disjunction: No feasible solution found, use SCIP default branching rule
_____________________________________
Now starting branching with general disjunction
Current branching Node number: 133
LP objective value: 157.145
Node lower bound: 157.145
Node upper bound: 178
gap to the primal bound: 0.0326941
Preck submodel is infeasible, continue branching
Time limit exceeded (1001.31s), stopping submodel solve loop
General disjunction: No feasible solution found, use SCIP default branching rule
_____________________________________
Now starting branching with general disjunction
Current branching Node number: 135
LP objective value: 157.148
Node lower bound: 157.148
Node upper bound: 178
gap to the primal bound: 0.0326941
Preck submodel is infeasible, continue branching
Time limit exceeded (1001.3s), stopping submodel solve loop
General disjunction: No feasible solution found, use SCIP default branching rule
_____________________________________
Now starting branching with general disjunction
Current branching Node number: 137
LP objective value: 157.227
Node lower bound: 157.227
Node upper bound: 178
gap to the primal bound: 0.0326941
Preck submodel is infeasible, continue branching
Time limit exceeded (1001.41s), stopping submodel solve loop
General disjunction: No feasible solution found, use SCIP default branching rule
_____________________________________
Now starting branching with general disjunction
Current branching Node number: 139
LP objective value: 157.269
Node lower bound: 157.269
Node upper bound: 178
gap to the primal bound: 0.0326941
Preck submodel is infeasible, continue branching
Time limit exceeded (1001.3s), stopping submodel solve loop
General disjunction: No feasible solution found, use SCIP default branching rule
_____________________________________
Now starting branching with general disjunction
Current branching Node number: 141
LP objective value: 157.616
Node lower bound: 157.616
Node upper bound: 178
gap to the primal bound: 0.0326941
Preck submodel is infeasible, continue branching
Time limit exceeded (1001.27s), stopping submodel solve loop
General disjunction: No feasible solution found, use SCIP default branching rule
_____________________________________
Now starting branching with general disjunction
Current branching Node number: 143
LP objective value: 158.058
Node lower bound: 158.058
Node upper bound: 178
gap to the primal bound: 0.0326941
Preck submodel is infeasible, continue branching
Time limit exceeded (1001.28s), stopping submodel solve loop
General disjunction: No feasible solution found, use SCIP default branching rule
_____________________________________
Now starting branching with general disjunction
Current branching Node number: 144
LP objective value: 158.092
Node lower bound: 158.092
Node upper bound: 178
gap to the primal bound: 0.0326941
Preck submodel is infeasible, continue branching
Time limit exceeded (1001.3s), stopping submodel solve loop
General disjunction: No feasible solution found, use SCIP default branching rule
_____________________________________
Now starting branching with general disjunction
Current branching Node number: 96
LP objective value: 157.035
Node lower bound: 157.035
Node upper bound: 178
gap to the primal bound: 0.0326941
Preck submodel is infeasible, continue branching
Time limit exceeded (1001.41s), stopping submodel solve loop
General disjunction: No feasible solution found, use SCIP default branching rule
_____________________________________
Now starting branching with general disjunction
Current branching Node number: 149
LP objective value: 157.248
Node lower bound: 157.248
Node upper bound: 178
gap to the primal bound: 0.0326941
Preck submodel is infeasible, continue branching
Time limit exceeded (1001.25s), stopping submodel solve loop
General disjunction: No feasible solution found, use SCIP default branching rule
_____________________________________
Now starting branching with general disjunction
Current branching Node number: 151
LP objective value: 157.25
Node lower bound: 157.25
Node upper bound: 178
gap to the primal bound: 0.0326941
Preck submodel is infeasible, continue branching
Time limit exceeded (1001.26s), stopping submodel solve loop
General disjunction: No feasible solution found, use SCIP default branching rule
_____________________________________
Now starting branching with general disjunction
Current branching Node number: 153
LP objective value: 157.29
Node lower bound: 157.29
Node upper bound: 178
gap to the primal bound: 0.0326941
Preck submodel is infeasible, continue branching
Time limit exceeded (1001.29s), stopping submodel solve loop
General disjunction: No feasible solution found, use SCIP default branching rule
_____________________________________
Now starting branching with general disjunction
Current branching Node number: 155
LP objective value: 157.422
Node lower bound: 157.422
Node upper bound: 178
gap to the primal bound: 0.0326941
Preck submodel is infeasible, continue branching
Time limit exceeded (1001.4s), stopping submodel solve loop
General disjunction: No feasible solution found, use SCIP default branching rule
_____________________________________
Now starting branching with general disjunction
Current branching Node number: 157
LP objective value: 157.683
Node lower bound: 157.736
Node upper bound: 178
gap to the primal bound: 0.0326941
Preck submodel is infeasible, continue branching
Time limit exceeded (1001.6s), stopping submodel solve loop
General disjunction: No feasible solution found, use SCIP default branching rule
_____________________________________
Now starting branching with general disjunction
Current branching Node number: 159
LP objective value: 157.911
Node lower bound: 157.911
Node upper bound: 178
gap to the primal bound: 0.0326941
Preck submodel is infeasible, continue branching
Time limit exceeded (1001.26s), stopping submodel solve loop
General disjunction: No feasible solution found, use SCIP default branching rule
_____________________________________
Now starting branching with general disjunction
Current branching Node number: 161
LP objective value: 157.911
Node lower bound: 157.911
Node upper bound: 178
gap to the primal bound: 0.0326941
Preck submodel is infeasible, continue branching
Time limit exceeded (1001.25s), stopping submodel solve loop
General disjunction: No feasible solution found, use SCIP default branching rule
_____________________________________
Now starting branching with general disjunction
Current branching Node number: 163
LP objective value: 157.912
Node lower bound: 157.912
Node upper bound: 178
gap to the primal bound: 0.0326941
Preck submodel is infeasible, continue branching
Time limit exceeded (1001.25s), stopping submodel solve loop
General disjunction: No feasible solution found, use SCIP default branching rule
L1369m|    82 |    74 | 33307 | 357.6 |    alns|  23 |  20k| 444 | 446 |  15 |  1 |   4 | 530 | 1.723647e+02 | 1.760000e+02 |   2.11%| unknown
_____________________________________
Now starting branching with general disjunction
Current branching Node number: 165
LP objective value: 158.261
Node lower bound: 158.261
Node upper bound: 176
gap to the primal bound: 0.0210908
Preck submodel is infeasible, continue branching
Time limit exceeded (1001.22s), stopping submodel solve loop
General disjunction: No feasible solution found, use SCIP default branching rule
_____________________________________
Now starting branching with general disjunction
Current branching Node number: 167
LP objective value: 158.837
Node lower bound: 158.837
Node upper bound: 176
gap to the primal bound: 0.0210908
Preck submodel is infeasible, continue branching
Time limit exceeded (1001.2s), stopping submodel solve loop
General disjunction: No feasible solution found, use SCIP default branching rule
_____________________________________
Now starting branching with general disjunction
Current branching Node number: 168
LP objective value: 158.871
Node lower bound: 158.871
Node upper bound: 176
gap to the primal bound: 0.0210908
Preck submodel is infeasible, continue branching
Time limit exceeded (1001.18s), stopping submodel solve loop
General disjunction: No feasible solution found, use SCIP default branching rule
_____________________________________
Now starting branching with general disjunction
Current branching Node number: 171
LP objective value: 158.9
Node lower bound: 158.9
Node upper bound: 176
gap to the primal bound: 0.0210908
Preck submodel is infeasible, continue branching
Time limit exceeded (1001.2s), stopping submodel solve loop
General disjunction: No feasible solution found, use SCIP default branching rule
_____________________________________
Now starting branching with general disjunction
Current branching Node number: 90
LP objective value: 156.758
Node lower bound: 156.758
Node upper bound: 176
gap to the primal bound: 0.0210908
Preck submodel is infeasible, continue branching
Time limit exceeded (1001.29s), stopping submodel solve loop
General disjunction: No feasible solution found, use SCIP default branching rule

SCIP Status        : solving was interrupted [time limit reached]
Solving Time (sec) : 87161.39
Solving Nodes      : 88
Primal Bound       : +1.76000000000000e+02 (849 solutions)
Dual Bound         : +1.72364693733869e+02
Gap                : 2.11 %

primal solution:
================

objective value:                                  176
x246                                                1 	(obj:2)
x247                                                1 	(obj:1)
x310                                                1 	(obj:1)
x352                                                1 	(obj:2)
x584                                                1 	(obj:2)
x618                                                1 	(obj:2)
x1393                                               1 	(obj:1)
x2010                                               1 	(obj:1)
x2064                                               1 	(obj:1)
x2459                                               1 	(obj:1)
x2770                                               1 	(obj:1)
x2880                                               1 	(obj:2)
x2960                                               1 	(obj:2)
x3022                                               1 	(obj:2)
x3116                                               1 	(obj:2)
x3173                                               1 	(obj:1)
x3175                                               1 	(obj:2)
x3259                                               1 	(obj:2)
x3343                                               1 	(obj:2)
x3457                                               1 	(obj:2)
x3954                                               1 	(obj:2)
x5235                                               1 	(obj:2)
x5759                                               1 	(obj:2)
x5891                                               1 	(obj:1)
x6230                                               1 	(obj:1)
x6596                                               1 	(obj:1)
x6860                                               1 	(obj:1)
x6909                                               1 	(obj:2)
x7179                                               1 	(obj:1)
x7280                                               1 	(obj:1)
x7855                                               1 	(obj:2)
x7857                                               1 	(obj:2)
x9262                                               1 	(obj:1)
x9298                                               1 	(obj:2)
x9948                                               1 	(obj:1)
x10350                                              1 	(obj:1)
x10733                                              1 	(obj:1)
x10984                                              1 	(obj:1)
x11223                                              1 	(obj:1)
x11397                                              1 	(obj:1)
x11959                                              1 	(obj:1)
x12130                                              1 	(obj:1)
x12322                                              1 	(obj:1)
x12392                                              1 	(obj:1)
x12496                                              1 	(obj:2)
x12646                                              1 	(obj:1)
x13104                                              1 	(obj:2)
x13298                                              1 	(obj:2)
x14452                                              1 	(obj:2)
x14717                                              1 	(obj:2)
x15199                                              1 	(obj:1)
x15763                                              1 	(obj:2)
x17877                                              1 	(obj:2)
x18518                                              1 	(obj:2)
x18538                                              1 	(obj:2)
x19940                                              1 	(obj:2)
x20647                                              1 	(obj:1)
x20668                                              1 	(obj:2)
x20669                                              1 	(obj:2)
x23778                                              1 	(obj:1)
x23799                                              1 	(obj:1)
x25974                                              1 	(obj:2)
x27080                                              1 	(obj:2)
x27848                                              1 	(obj:2)
x30827                                              1 	(obj:1)
x33190                                              1 	(obj:1)
x36507                                              1 	(obj:1)
x37436                                              1 	(obj:1)
x38071                                              1 	(obj:2)
x38260                                              1 	(obj:2)
x38382                                              1 	(obj:1)
x39025                                              1 	(obj:2)
x39077                                              1 	(obj:2)
x39709                                              1 	(obj:1)
x40633                                              1 	(obj:1)
x40832                                              1 	(obj:1)
x41128                                              1 	(obj:1)
x41196                                              1 	(obj:1)
x41744                                              1 	(obj:1)
x42441                                              1 	(obj:1)
x42658                                              1 	(obj:1)
x43868                                              1 	(obj:1)
x44685                                              1 	(obj:1)
x44804                                              1 	(obj:2)
x45006                                              1 	(obj:2)
x45302                                              1 	(obj:2)
x45480                                              1 	(obj:1)
x45717                                              1 	(obj:2)
x46062                                              1 	(obj:2)
x47885                                              1 	(obj:1)
x48258                                              1 	(obj:1)
x48928                                              1 	(obj:2)
x51806                                              1 	(obj:1)
x51822                                              1 	(obj:2)
x52535                                              1 	(obj:2)
x53276                                              1 	(obj:1)
x53563                                              1 	(obj:2)
x54873                                              1 	(obj:1)
x55661                                              1 	(obj:2)
x55672                                              1 	(obj:2)
x55675                                              1 	(obj:1)
x55760                                              1 	(obj:2)
x55819                                              1 	(obj:2)
x56144                                              1 	(obj:2)
x56642                                              1 	(obj:1)
x56704                                              1 	(obj:2)
x57102                                              1 	(obj:1)
x57168                                              1 	(obj:2)
x57368                                              1 	(obj:2)
x57539                                              1 	(obj:2)
x57590                                              1 	(obj:2)
x57783                                              1 	(obj:2)
x57906                                              1 	(obj:1)
x61650                                              1 	(obj:2)
x62313                                              1 	(obj:2)
x62371                                              1 	(obj:1)

Statistics
==========

SCIP Status        : solving was interrupted [time limit reached]
Total Time         :   87161.62
  solving          :   87161.39
  presolving       :       1.21 (included in solving)
  reading          :       0.22
  copying          :       0.09 (4 #copies) (minimal 0.02, maximal 0.03, average 0.02)
Original Problem   :
  Problem name     : fast0507
  Variables        : 63009 (63009 binary, 0 integer, 0 implicit integer, 0 continuous)
  Constraints      : 507 initial, 507 maximal
  Objective        : minimize, 63009 non-zeros (abs.min = 1, abs.max = 2)
Presolved Problem  :
  Problem name     : t_fast0507
  Variables        : 20676 (20676 binary, 0 integer, 0 implicit integer, 0 continuous)
  Constraints      : 440 initial, 445 maximal
  Objective        : minimize, 20676 non-zeros (abs.min = 1, abs.max = 2)
  Nonzeros         : 122860 constraint, 10 clique table
Presolvers         :   ExecTime  SetupTime  Calls  FixedVars   AggrVars   ChgTypes  ChgBounds   AddHoles    DelCons    AddCons   ChgSides   ChgCoefs
  boundshift       :       0.00       0.00      0          0          0          0          0          0          0          0          0          0
  convertinttobin  :       0.00       0.00      0          0          0          0          0          0          0          0          0          0
  domcol           :       0.37       0.00      4      42291          0          0          0          0          0          0          0          0
  dualagg          :       0.00       0.00      0          0          0          0          0          0          0          0          0          0
  dualcomp         :       0.00       0.00      0          0          0          0          0          0          0          0          0          0
  dualinfer        :       0.00       0.00      0          0          0          0          0          0          0          0          0          0
  dualsparsify     :       0.02       0.00      1          0          0          0          0          0          0          0          0          0
  gateextraction   :       0.00       0.00      0          0          0          0          0          0          0          0          0          0
  implics          :       0.00       0.00     10          0          0          0          0          0          0          0          0          0
  inttobinary      :       0.00       0.00      0          0          0          0          0          0          0          0          0          0
  qpkktref         :       0.00       0.00      0          0          0          0          0          0          0          0          0          0
  redvub           :       0.00       0.00      0          0          0          0          0          0          0          0          0          0
  sparsify         :       0.01       0.00      1          0          0          0          0          0          0          0          0          0
  stuffing         :       0.00       0.00      0          0          0          0          0          0          0          0          0          0
  trivial          :       0.02       0.00     18          0          0          0          0          0          0          0          0          0
  tworowbnd        :       0.00       0.00      0          0          0          0          0          0          0          0          0          0
  dualfix          :       0.02       0.00     18          7          0          0          0          0          0          0          0          0
  genvbounds       :       0.00       0.00      0          0          0          0          0          0          0          0          0          0
  probing          :       0.01       0.00      1          0          0          0          0          0          0          0          0          0
  pseudoobj        :       0.01       0.00      4          0          0          0          0          0          0          0          0          0
  symmetry         :       0.01       0.00      1          0          0          0          0          0          0          0          0          0
  vbounds          :       0.00       0.00      2          0          0          0          0          0          0          0          0          0
  linear           :       0.29       0.05      7          7          1          0          7          0         35          0         10          0
  logicor          :       0.34       0.01     29         26          1          0          0          0         32          0          0     265778
  benders          :       0.00       0.00      0          0          0          0          0          0          0          0          0          0
  components       :       0.01       0.00      1          0          0          0          0          0          0          0          0          0
  root node        :          -          -      -          0          -          -          0          -          -          -          -          -
Constraints        :     Number  MaxNumber  #Separate #Propagate    #EnfoLP    #EnfoRelax  #EnfoPS    #Check   #ResProp    Cutoffs    DomReds       Cuts    Applied      Conss   Children
  benderslp        :          0          0          0          0         87          0          0        860          0          0          0          0          0          0          0
  integral         :          0          0          0          0         87          0          0        860          0          0          0          0          0          0        174
  logicor          :        440+       445          5        264          0          0          0        856          3          1          7          0          0          0          0
  benders          :          0          0          0          0          0          0          0        850          0          0          0          0          0          0          0
  fixedvar         :          0          0          0          0          0          0          0        850          0          0          0          0          0          0          0
  countsols        :          0          0          0          0          0          0          0        850          0          0          0          0          0          0          0
  components       :          0          0          0          0          0          0          0          0          0          0          0          0          0          0          0
Constraint Timings :  TotalTime  SetupTime   Separate  Propagate     EnfoLP     EnfoPS     EnfoRelax   Check    ResProp    SB-Prop
  benderslp        :       0.00       0.00       0.00       0.00       0.00       0.00       0.00       0.00       0.00       0.00
  integral         :   87145.30       0.00       0.00       0.00   87144.65       0.00       0.00       0.65       0.00       0.00
  logicor          :       0.03       0.01       0.01       0.01       0.00       0.00       0.00       0.01       0.00       0.00
  benders          :       0.00       0.00       0.00       0.00       0.00       0.00       0.00       0.00       0.00       0.00
  fixedvar         :       2.14       0.00       0.00       0.00       0.00       0.00       0.00       2.14       0.00       0.00
  countsols        :       0.00       0.00       0.00       0.00       0.00       0.00       0.00       0.00       0.00       0.00
  components       :       0.00       0.00       0.00       0.00       0.00       0.00       0.00       0.00       0.00       0.00
Propagators        : #Propagate   #ResProp    Cutoffs    DomReds
  dualfix          :          3          0          0          0
  genvbounds       :          0          0          0          0
  nlobbt           :          0          0          0          0
  obbt             :          0          0          0          0
  probing          :          0          0          0          0
  pseudoobj        :        197          0          0          0
  redcost          :        200          0          0      25944
  rootredcost      :          2          0          0          0
  symmetry         :          0          0          0          0
  vbounds          :         19          0          0          0
Propagator Timings :  TotalTime  SetupTime   Presolve  Propagate    ResProp    SB-Prop
  dualfix          :       0.02       0.00       0.02       0.00       0.00       0.00
  genvbounds       :       0.00       0.00       0.00       0.00       0.00       0.00
  nlobbt           :       0.00       0.00       0.00       0.00       0.00       0.00
  obbt             :       0.00       0.00       0.00       0.00       0.00       0.00
  probing          :       0.01       0.00       0.01       0.00       0.00       0.00
  pseudoobj        :       0.02       0.00       0.01       0.01       0.00       0.00
  redcost          :       0.14       0.00       0.00       0.14       0.00       0.00
  rootredcost      :       0.01       0.00       0.00       0.01       0.00       0.00
  symmetry         :       0.02       0.00       0.01       0.00       0.00       0.00
  vbounds          :       0.01       0.00       0.00       0.00       0.00       0.00
Symmetry           :
  orbitopal red.   :          0 reductions applied,          0 cutoffs
  orbital reduction:          0 reductions applied,          0 cutoffs
  lexicographic red:          0 reductions applied,          0 cutoffs
  shadow tree time :       0.00 s
Conflict Analysis  :       Time      Calls    Success    DomReds  Conflicts   Literals    Reconvs ReconvLits   Dualrays   Nonzeros   LP Iters   (pool size: [10000,10000])
  propagation      :       0.00          1          1          -          1       53.0          0        0.0          -          -          -
  infeasible LP    :       0.00          0          0          -          0        0.0          0        0.0          0        0.0          0
  bound exceed. LP :       0.04          4          4          -          4       47.2          0        0.0          0        0.0         50
  strong branching :       0.00          0          0          -          0        0.0          0        0.0          -          -          0
  pseudo solution  :       0.00          0          0          -          0        0.0          0        0.0          -          -          -
  applied globally :       0.00          -          -          0          5       48.4          -          -          0          -          -
  applied locally  :          -          -          -          0          0        0.0          -          -          0          -          -
Separators         :   ExecTime  SetupTime      Calls  RootCalls    Cutoffs    DomReds  FoundCuts ViaPoolAdd  DirectAdd    Applied ViaPoolApp  DirectApp      Conss
  cut pool         :       0.00          -         27          7          -          -         12         15          -          -          -          -          -    (maximal pool size:         12)
  aggregation      :       0.17       0.00         16          5          0          0          0          0          0          0          0          0          0
  > cmir           :          -          -          -          -          -          -          -          0          0          0          0          0          -
  > flowcover      :          -          -          -          -          -          -          -          0          0          0          0          0          -
  > knapsackcover  :          -          -          -          -          -          -          -          0          0          0          0          0          -
  cgmip            :       0.00       0.00          0          0          0          0          0          0          0          0          0          0          0
  clique           :       0.00       0.00          5          5          0          0          0          0          0          0          0          0          0
  closecuts        :       0.00       0.00          0          0          0          0          0          0          0          0          0          0          0
  convexproj       :       0.00       0.00          0          0          0          0          0          0          0          0          0          0          0
  disjunctive      :       0.00       0.00          0          0          0          0          0          0          0          0          0          0          0
  eccuts           :       0.00       0.00          0          0          0          0          0          0          0          0          0          0          0
  gauge            :       0.00       0.00          0          0          0          0          0          0          0          0          0          0          0
  gomory           :       0.13       0.00         16          5          0          0          0          0          0          0          0          0          0
  > gomorymi       :          -          -          -          -          -          -          -          0          0          0          0          0          -
  > strongcg       :          -          -          -          -          -          -          -          0          0          0          0          0          -
  impliedbounds    :       0.00       0.00         16          5          0          0          0          0          0          0          0          0          0
  interminor       :       0.00       0.00          0          0          0          0          0          0          0          0          0          0          0
  intobj           :       0.00       0.00          0          0          0          0          0          0          0          0          0          0          0
  lagromory        :       0.00       0.00          0          0          0          0          0          0          0          0          0          0          0
  mcf              :       0.00       0.00          1          1          0          0          0          0          0          0          0          0          0
  minor            :       0.00       0.00          0          0          0          0          0          0          0          0          0          0          0
  mixing           :       0.00       0.00          0          0          0          0          0          0          0          0          0          0          0
  oddcycle         :       0.00       0.00          0          0          0          0          0          0          0          0          0          0          0
  rapidlearning    :       0.00       0.00          0          0          0          0          0          0          0          0          0          0          0
  rlt              :       0.00       0.00          5          5          0          0          0          0          0          0          0          0          0
  zerohalf         :       0.24       0.00         16          5          0          0         12         15          0         15         15          0          0
Cutselectors       :   ExecTime  SetupTime      Calls  RootCalls   Selected     Forced   Filtered  RootSelec   RootForc   RootFilt 
  hybrid           :       0.00       0.00         10          3         15          0          0          4          0          0
  ensemble         :       0.00       0.00          0          0          0          0          0          0          0          0
  dynamic          :       0.00       0.00          0          0          0          0          0          0          0          0
Pricers            :   ExecTime  SetupTime      Calls       Vars
  problem variables:       0.00          -          0          0
Branching Rules    :   ExecTime  SetupTime   BranchLP  BranchExt   BranchPS    Cutoffs    DomReds       Cuts      Conss   Children
  allfullstrong    :       0.00       0.00          0          0          0          0          0          0          0          0
  cloud            :       0.00       0.00          0          0          0          0          0          0          0          0
  distribution     :       0.00       0.00          0          0          0          0          0          0          0          0
  fullstrong       :       0.00       0.00          0          0          0          0          0          0          0          0
  general_disjuncti:   87129.32       0.00         87          0          0          0          0          0          0          0
  GeneralDisjunction(extra): subMILPs=174 fairNodes of all MILPs=14511 probingLPs=0
  gomory           :       0.00       0.00          0          0          0          0          0          0          0          0
  inference        :       0.00       0.00          0          0          0          0          0          0          0          0
  leastinf         :       0.00       0.00          0          0          0          0          0          0          0          0
  lookahead        :       0.00       0.00          0          0          0          0          0          0          0          0
  mostinf          :       0.00       0.00          0          0          0          0          0          0          0          0
  multaggr         :       0.00       0.00          0          0          0          0          0          0          0          0
  nodereopt        :       0.00       0.00          0          0          0          0          0          0          0          0
  pscost           :       0.00       0.00          0          0          0          0          0          0          0          0
  random           :       0.00       0.00          0          0          0          0          0          0          0          0
  relpscost        :      15.32       0.00         87          0          0          0          0          0          0        174
  vanillafullstrong:       0.00       0.00          0          0          0          0          0          0          0          0
Primal Heuristics  :   ExecTime  SetupTime      Calls      Found       Best
  LP solutions     :       0.00          -          -          0          0
  relax solutions  :       0.00          -          -          0          0
  pseudo solutions :       0.00          -          -          0          0
  strong branching :       4.29          -          -        539          0
  actconsdiving    :       0.00       0.00          0          0          0
  adaptivediving   :       0.36       0.00          1          9          0
  alns             :       3.83       0.00          3          1          1
  bound            :       0.00       0.00          0          0          0
  clique           :       0.03       0.00          1          0          0
  coefdiving       :       0.00       0.00          0          0          0
  completesol      :       0.00       0.00          0          0          0
  conflictdiving   :       0.07       0.00          1          0          0
  crossover        :       0.00       0.00          0          0          0
  dins             :       0.00       0.00          0          0          0
  distributiondivin:       0.18       0.00          1          0          0
  dps              :       0.00       0.00          0          0          0
  dualval          :       0.00       0.00          0          0          0
  farkasdiving     :       3.94       0.00          1        190          0
  feaspump         :       0.00       0.00          0          0          0
  fixandinfer      :       0.00       0.00          0          0          0
  fracdiving       :       0.14       0.00          1          0          0
  gins             :       0.00       0.00          0          0          0
  guideddiving     :       0.00       0.00          0          0          0
  indicator        :       0.00       0.00          0          0          0
  indicatordiving  :       0.00       0.00          0          0          0
  intdiving        :       0.00       0.00          0          0          0
  intshifting      :       0.00       0.00          0          0          0
  linesearchdiving :       0.00       0.00          0          0          0
  localbranching   :       0.00       0.00          0          0          0
  locks            :       0.02       0.00          1          1          1
  lpface           :       0.00       0.00          0          0          0
  mpec             :       0.00       0.00          0          0          0
  multistart       :       0.00       0.00          0          0          0
  mutation         :       0.00       0.00          0          0          0
  nlpdiving        :       0.00       0.00          0          0          0
  objpscostdiving  :       0.00       0.00          0          0          0
  octane           :       0.00       0.00          0          0          0
  ofins            :       0.00       0.00          0          0          0
  oneopt           :       0.02       0.00          3          1          1
  padm             :       0.00       0.00          0          0          0
  proximity        :       0.00       0.00          0          0          0
  pscostdiving     :       0.23       0.00          1          0          0
  randrounding     :       0.01       0.00          7          0          0
  rens             :       1.06       0.00          1          1          1
  reoptsols        :       0.00       0.00          0          0          0
  repair           :       0.00       0.00          0          0          0
  rins             :       0.00       0.00          0          0          0
  rootsoldiving    :       0.00       0.00          0          0          0
  rounding         :       0.03       0.00         98          0          0
  scheduler        :       0.00       0.00          0          0          0
  shiftandpropagate:       0.00       0.00          0          0          0
  shifting         :       0.01       0.00         19          0          0
  simplerounding   :       0.10       0.00         98         19          0
  subnlp           :       0.00       0.00          0          0          0
  trivial          :       0.04       0.00          2          2          2
  trivialnegation  :       0.00       0.00          0          0          0
  trustregion      :       0.00       0.00          0          0          0
  trysol           :       0.00       0.00          0          0          0
  twoopt           :       0.00       0.00          0          0          0
  undercover       :       0.00       0.00          0          0          0
  vbounds          :       0.00       0.00          0          0          0
  veclendiving     :       0.07       0.00          1          0          0
  zeroobj          :       0.00       0.00          0          0          0
  zirounding       :       0.50       0.00         86         86          0
  other solutions  :          -          -          -          0          -
LNS (Scheduler)    :      Calls  SetupTime  SolveTime SolveNodes       Sols       Best       Exp3    Exp3-IX  EpsGreedy        UCB TgtFixRate  Opt  Inf Node Stal  Sol  Usr Othr Actv
  rens             :          0       0.00       0.00          0          0          0    0.00000    0.12500   -1.00000    1.00000      0.900    0    0    0    0    0    0    0    1
  rins             :          0       0.00       0.00          0          0          0    0.00000    0.12500   -1.00000    1.00000      0.900    0    0    0    0    0    0    0    1
  mutation         :          0       0.00       0.00          0          0          0    0.00000    0.12500   -1.00000    1.00000      0.900    0    0    0    0    0    0    0    1
  localbranching   :          0       0.00       0.00          0          0          0    0.00000    0.12500   -1.00000    1.00000      0.900    0    0    0    0    0    0    0    1
  crossover        :          0       0.00       0.00          0          0          0    0.00000    0.12500   -1.00000    1.00000      0.900    0    0    0    0    0    0    0    1
  proximity        :          0       0.00       0.00          0          0          0    0.00000    0.12500   -1.00000    1.00000      0.900    0    0    0    0    0    0    0    1
  zeroobjective    :          0       0.00       0.00          0          0          0    0.00000    0.12500   -1.00000    1.00000      0.900    0    0    0    0    0    0    0    1
  dins             :          0       0.00       0.00          0          0          0    0.00000    0.12500   -1.00000    1.00000      0.900    0    0    0    0    0    0    0    1
  trustregion      :          0       0.00       0.00          0          0          0    0.00000    0.00000   -1.00000    1.00000      0.900    0    0    0    0    0    0    0    0
LP                 :       Time      Calls Iterations  Iter/call   Iter/sec  Time-0-It Calls-0-It    ItLimit
  primal LP        :       0.11          2          0       0.00       0.00       0.11          2
  dual LP          :       3.76        112      20146     205.57    5358.05       0.02         14
  lex dual LP      :       0.00          0          0       0.00          -
  barrier LP       :       0.00          0          0       0.00          -       0.00          0
  resolve instable :       0.00          0          0       0.00          -
  diving/probing LP:       3.23        274      14091      51.43    4364.06
  strong branching :      25.57        530     126644     238.95    4953.55          -          -          3
    (at root node) :          -         66      14938     226.33          -
  conflict analysis:       0.02          5         50      10.00    3196.11
B&B Tree           :
  number of runs   :          1
  nodes            :         88 (87 internal, 1 leaves)
  feasible leaves  :          0
  infeas. leaves   :          0
  objective leaves :          1
  nodes (total)    :         88 (87 internal, 1 leaves)
  nodes left       :         78
  max depth        :         24
  max depth (total):         24
  backtracks       :          6 (6.8%)
  early backtracks :          0 (0.0%)
  nodes exc. ref.  :          0 (0.0%)
  delayed cutoffs  :          0
  repropagations   :          0 (0 domain reductions, 0 cutoffs)
  avg switch length:       2.14
  switching time   :       0.13
Root Node          :
  First LP value   : +1.72145566676549e+02
  First LP Iters   :       4147 (6671.03 Iter/sec)
  First LP Time    :       0.62
  Final Dual Bound : +1.72324802875362e+02
  Final Root Iters :       4344
  Root LP Estimate : +1.74914132218005e+02
Solution           :
  Solutions found  :        849 (6 improvements)
  First Solution   : +1.22425000000000e+05   (in run 1, after 0 nodes, 0.12 seconds, depth 0, found by <trivial>)
  Gap First Sol.   :   infinite
  Gap Last Sol.    :       2.11 %
  Primal Bound     : +1.76000000000000e+02   (in run 1, after 82 nodes, 82154.92 seconds, depth 20, found by <alns>)
  Dual Bound       : +1.72364693733869e+02
  Gap              :       2.11 %
Integrals          :      Total       Avg%
  primal-dual      :  270768.31       3.11
  primal-ref       :          -          - (not evaluated)
  dual-ref         :          -          - (not evaluated)
