SCIP version 9.2.2 [precision: 8 byte] [memory: block] [mode: optimized] [LP solver: CPLEX 12.10.0.0] [GitHash: 416226a4f8]
Copyright (c) 2002-2025 Zuse Institute Berlin (ZIB)

reading parameter file </scratch/htc/yzhou/exp_scipmip/settings/allon_gendj.set>

read problem </scratch/htc/yzhou/exp_scipmip/instances/add_tests/mas74.mps>
============

original problem has 151 variables (150 bin, 0 int, 0 impl, 1 cont) and 13 constraints
     13 constraints of type <linear>
Reading Time: 0.01
solve problem
=============
LP Solver <CPLEX 12.10.0.0>: fastmip setting not available -- SCIP parameter has no effect
LP Solver <CPLEX 12.10.0.0>: clock type cannot be set
LP Solver <CPLEX 12.10.0.0>: row representation of the basis not available -- SCIP parameter lp/rowrepswitch has no effect
LP Solver <CPLEX 12.10.0.0>: solution polishing not available -- SCIP parameter lp/solutionpolishing has no effect
LP Solver <CPLEX 12.10.0.0>: refactorization interval not available -- SCIP parameter lp/refactorinterval has no effect
transformed problem has 151 variables (150 bin, 0 int, 0 impl, 1 cont) and 13 constraints
     13 constraints of type <linear>

original problem has 1706 active (86.9078%) nonzeros and 1706 (86.9078%) check nonzeros

presolving:
(round 1, fast)       1 del vars, 0 del conss, 0 add conss, 1 chg bounds, 0 chg sides, 0 chg coeffs, 0 upgd conss, 0 impls, 0 clqs
(round 2, exhaustive) 1 del vars, 0 del conss, 0 add conss, 1 chg bounds, 0 chg sides, 0 chg coeffs, 1 upgd conss, 0 impls, 0 clqs
   (0.0s) probing: 51/149 (34.2%) - 0 fixings, 0 aggregations, 0 implications, 0 bound changes
   (0.0s) probing aborted: 50/50 successive totally useless probings
   (0.0s) symmetry computation started: requiring (bin +, int +, cont +), (fixed: bin -, int -, cont -)
   (0.0s) symmetry computation finished: 2 generators found (max: 1500, log10 of symmetry group size: 0.0) (symcode time: 0.00)
dynamic symmetry handling statistics:
   orbitopal reduction:       no components
   orbital reduction:         no components
   lexicographic reduction:   no permutations
handled 2 out of 2 symmetry components
(round 3, exhaustive) 1 del vars, 0 del conss, 2 add conss, 1 chg bounds, 0 chg sides, 0 chg coeffs, 1 upgd conss, 0 impls, 2 clqs
(round 4, exhaustive) 1 del vars, 0 del conss, 2 add conss, 1 chg bounds, 0 chg sides, 0 chg coeffs, 3 upgd conss, 0 impls, 2 clqs
clique table cleanup detected 0 bound changes

presolved problem has 1709 active (75.9556%) nonzeros and 1709 (75.9556%) check nonzeros

presolving (5 rounds: 5 fast, 4 medium, 4 exhaustive):
 1 deleted vars, 0 deleted constraints, 2 added constraints, 1 tightened bounds, 0 added holes, 0 changed sides, 0 changed coefficients
 0 implications, 2 cliques
presolved problem has 150 variables (149 bin, 0 int, 0 impl, 1 cont) and 15 constraints
      1 constraints of type <knapsack>
      2 constraints of type <setppc>
     12 constraints of type <linear>
Presolving Time: 0.01

 time | node  | left  |LP iter|LP it/n|mem/heur|mdpt |vars |cons |rows |cuts |sepa|confs|strbr|  dualbound   | primalbound  |  gap   | compl. 
p 0.0s|     1 |     0 |     0 |     - |   locks|   0 | 150 |  15 |  15 |   0 |  0 |   0 |   0 | 0.000000e+00 | 8.934840e+04 |    Inf | unknown
  0.0s|     1 |     0 |    31 |     - |  3863k |   0 | 150 |  15 |  15 |   0 |  0 |   0 |   0 | 1.048280e+04 | 8.934840e+04 | 752.33%| unknown
r 0.0s|     1 |     0 |    31 |     - |shifting|   0 | 150 |  15 |  15 |   0 |  0 |   0 |   0 | 1.048280e+04 | 1.375589e+04 |  31.22%| unknown
  0.0s|     1 |     0 |    31 |     - |  3869k |   0 | 150 |  15 |  15 |   0 |  0 |   0 |   0 | 1.048280e+04 | 1.375589e+04 |  31.22%| unknown
  0.0s|     1 |     0 |    31 |     - |  3869k |   0 | 150 |  15 |  15 |   0 |  0 |   0 |   0 | 1.048280e+04 | 1.375589e+04 |  31.22%| unknown
  0.0s|     1 |     0 |    31 |     - |  3869k |   0 | 150 |  15 |  15 |   0 |  0 |   0 |   0 | 1.048280e+04 | 1.375589e+04 |  31.22%| unknown
  0.1s|     1 |     0 |    33 |     - |  4817k |   0 | 150 |  15 |  16 |   1 |  1 |   0 |   0 | 1.048979e+04 | 1.375589e+04 |  31.14%| unknown
  0.1s|     1 |     0 |    42 |     - |  5334k |   0 | 150 |  15 |  17 |   2 |  2 |   0 |   0 | 1.049973e+04 | 1.375589e+04 |  31.01%| unknown
  0.1s|     1 |     0 |    43 |     - |  6616k |   0 | 150 |  15 |  18 |   3 |  3 |   0 |   0 | 1.050083e+04 | 1.375589e+04 |  31.00%| unknown
  0.1s|     1 |     0 |    47 |     - |  7234k |   0 | 150 |  15 |  19 |   4 |  4 |   0 |   0 | 1.050701e+04 | 1.375589e+04 |  30.92%| unknown
  0.1s|     1 |     0 |    66 |     - |  8007k |   0 | 150 |  15 |  20 |   5 |  5 |   0 |   0 | 1.053886e+04 | 1.375589e+04 |  30.53%| unknown
  0.1s|     1 |     0 |    68 |     - |  8632k |   0 | 150 |  15 |  21 |   6 |  6 |   0 |   0 | 1.054086e+04 | 1.375589e+04 |  30.50%| unknown
  0.1s|     1 |     0 |    77 |     - |  8635k |   0 | 150 |  15 |  22 |   7 |  7 |   0 |   0 | 1.055344e+04 | 1.375589e+04 |  30.35%| unknown
  0.2s|     1 |     0 |    85 |     - |  9463k |   0 | 150 |  15 |  23 |   8 |  8 |   0 |   0 | 1.055937e+04 | 1.375589e+04 |  30.27%| unknown
  0.2s|     1 |     0 |    91 |     - |  9463k |   0 | 150 |  15 |  24 |   9 |  9 |   0 |   0 | 1.055969e+04 | 1.375589e+04 |  30.27%| unknown
 time | node  | left  |LP iter|LP it/n|mem/heur|mdpt |vars |cons |rows |cuts |sepa|confs|strbr|  dualbound   | primalbound  |  gap   | compl. 
  0.2s|     1 |     0 |    93 |     - |    10M |   0 | 150 |  15 |  25 |  10 | 10 |   0 |   0 | 1.055983e+04 | 1.375589e+04 |  30.27%| unknown
  0.2s|     1 |     0 |    96 |     - |    10M |   0 | 150 |  15 |  26 |  11 | 11 |   0 |   0 | 1.056006e+04 | 1.375589e+04 |  30.26%| unknown
  0.2s|     1 |     0 |   103 |     - |    10M |   0 | 150 |  15 |  27 |  12 | 12 |   0 |   0 | 1.056283e+04 | 1.375589e+04 |  30.23%| unknown
  0.2s|     1 |     0 |   108 |     - |    10M |   0 | 150 |  15 |  28 |  13 | 13 |   0 |   0 | 1.056362e+04 | 1.375589e+04 |  30.22%| unknown
  0.2s|     1 |     0 |   109 |     - |    10M |   0 | 150 |  15 |  29 |  14 | 14 |   0 |   0 | 1.056363e+04 | 1.375589e+04 |  30.22%| unknown
  0.2s|     1 |     0 |   113 |     - |    10M |   0 | 150 |  15 |  30 |  15 | 15 |   0 |   0 | 1.056431e+04 | 1.375589e+04 |  30.21%| unknown
  0.3s|     1 |     0 |   114 |     - |    11M |   0 | 150 |  15 |  31 |  16 | 16 |   0 |   0 | 1.056458e+04 | 1.375589e+04 |  30.21%| unknown
  0.3s|     1 |     0 |   118 |     - |    11M |   0 | 150 |  15 |  31 |  17 | 17 |   0 |   0 | 1.056537e+04 | 1.375589e+04 |  30.20%| unknown
  0.3s|     1 |     0 |   122 |     - |    11M |   0 | 150 |  15 |  32 |  18 | 18 |   0 |   0 | 1.056584e+04 | 1.375589e+04 |  30.19%| unknown
  0.3s|     1 |     0 |   123 |     - |    11M |   0 | 150 |  15 |  33 |  19 | 19 |   0 |   0 | 1.056586e+04 | 1.375589e+04 |  30.19%| unknown
  0.3s|     1 |     0 |   126 |     - |    11M |   0 | 150 |  15 |  34 |  20 | 20 |   0 |   0 | 1.056628e+04 | 1.375589e+04 |  30.19%| unknown
  0.3s|     1 |     0 |   127 |     - |    11M |   0 | 150 |  15 |  35 |  21 | 21 |   0 |   0 | 1.056630e+04 | 1.375589e+04 |  30.19%| unknown
  0.4s|     1 |     0 |   130 |     - |    11M |   0 | 150 |  15 |  36 |  22 | 22 |   0 |   0 | 1.056640e+04 | 1.375589e+04 |  30.19%| unknown
Truncate separation round because of stalling (10 stall rounds).
L 0.6s|     1 |     0 |   234 |     - |    rens|   0 | 150 |  15 |  36 |  22 | 22 |   0 |   0 | 1.056640e+04 | 1.317739e+04 |  24.71%| unknown
  0.6s|     1 |     0 |   234 |     - |    11M |   0 | 150 |  15 |  36 |  22 | 22 |   0 |   0 | 1.056640e+04 | 1.317739e+04 |  24.71%| unknown
 time | node  | left  |LP iter|LP it/n|mem/heur|mdpt |vars |cons |rows |cuts |sepa|confs|strbr|  dualbound   | primalbound  |  gap   | compl. 
  0.6s|     1 |     0 |   234 |     - |    11M |   0 | 150 |  15 |  35 |  22 | 22 |   0 |   0 | 1.056640e+04 | 1.317739e+04 |  24.71%| unknown
  0.6s|     1 |     0 |   241 |     - |    11M |   0 | 150 |  14 |  36 |  23 | 23 |   0 |   0 | 1.056689e+04 | 1.317739e+04 |  24.70%| unknown
  0.6s|     1 |     0 |   255 |     - |    11M |   0 | 150 |  14 |  34 |  24 | 24 |   0 |   0 | 1.057074e+04 | 1.317739e+04 |  24.66%| unknown
(run 1, node 1) restarting after 20 global fixings of integer variables

(restart) converted 20 cuts from the global cut pool into linear constraints

presolving:
(round 1, fast)       20 del vars, 0 del conss, 0 add conss, 0 chg bounds, 0 chg sides, 0 chg coeffs, 0 upgd conss, 0 impls, 1 clqs
clique table cleanup detected 0 bound changes

presolved problem has 3750 active (84.8416%) nonzeros and 1449 (32.7828%) check nonzeros

presolving (2 rounds: 2 fast, 1 medium, 1 exhaustive):
 20 deleted vars, 0 deleted constraints, 0 added constraints, 0 tightened bounds, 0 added holes, 0 changed sides, 0 changed coefficients
 0 implications, 1 cliques
presolved problem has 130 variables (129 bin, 0 int, 0 impl, 1 cont) and 34 constraints
      1 constraints of type <knapsack>
      1 constraints of type <setppc>
     32 constraints of type <linear>
Presolving Time: 0.01
transformed 1/3 original solutions to the transformed problem space

 time | node  | left  |LP iter|LP it/n|mem/heur|mdpt |vars |cons |rows |cuts |sepa|confs|strbr|  dualbound   | primalbound  |  gap   | compl. 
  0.6s|     1 |     0 |   328 |     - |    12M |   0 | 130 |  34 |  34 |   0 |  0 |   0 |   0 | 1.057074e+04 | 1.317739e+04 |  24.66%| unknown
  0.7s|     1 |     0 |   331 |     - |    12M |   0 | 130 |  34 |  35 |   1 |  1 |   0 |   0 | 1.057104e+04 | 1.317739e+04 |  24.66%| unknown
  0.7s|     1 |     0 |   342 |     - |    12M |   0 | 130 |  34 |  36 |   2 |  2 |   0 |   0 | 1.057372e+04 | 1.317739e+04 |  24.62%| unknown
  0.7s|     1 |     0 |   346 |     - |    12M |   0 | 130 |  34 |  37 |   3 |  3 |   0 |   0 | 1.057423e+04 | 1.317739e+04 |  24.62%| unknown
  0.7s|     1 |     0 |   348 |     - |    12M |   0 | 130 |  34 |  38 |   4 |  4 |   0 |   0 | 1.057442e+04 | 1.317739e+04 |  24.62%| unknown
  0.7s|     1 |     0 |   355 |     - |    12M |   0 | 130 |  34 |  39 |   5 |  5 |   0 |   0 | 1.057622e+04 | 1.317739e+04 |  24.59%| unknown
  0.7s|     1 |     0 |   356 |     - |    12M |   0 | 130 |  34 |  40 |   6 |  6 |   0 |   0 | 1.057624e+04 | 1.317739e+04 |  24.59%| unknown
  0.8s|     1 |     0 |   357 |     - |    12M |   0 | 130 |  34 |  41 |   7 |  7 |   0 |   0 | 1.057626e+04 | 1.317739e+04 |  24.59%| unknown
  0.8s|     1 |     0 |   368 |     - |    12M |   0 | 130 |  34 |  42 |   8 |  8 |   0 |   0 | 1.057818e+04 | 1.317739e+04 |  24.57%| unknown
  0.8s|     1 |     0 |   376 |     - |    13M |   0 | 130 |  34 |  43 |   9 |  9 |   0 |   0 | 1.058010e+04 | 1.317739e+04 |  24.55%| unknown
  0.8s|     1 |     0 |   378 |     - |    13M |   0 | 130 |  34 |  44 |  10 | 10 |   0 |   0 | 1.058018e+04 | 1.317739e+04 |  24.55%| unknown
  0.8s|     1 |     0 |   381 |     - |    13M |   0 | 130 |  34 |  33 |  11 | 11 |   0 |   0 | 1.058023e+04 | 1.317739e+04 |  24.55%| unknown
  0.8s|     1 |     0 |   384 |     - |    13M |   0 | 130 |  34 |  34 |  12 | 12 |   0 |   0 | 1.058077e+04 | 1.317739e+04 |  24.54%| unknown
  0.9s|     1 |     0 |   385 |     - |    13M |   0 | 130 |  34 |  35 |  13 | 13 |   0 |   0 | 1.058078e+04 | 1.317739e+04 |  24.54%| unknown
  0.9s|     1 |     0 |   387 |     - |    13M |   0 | 130 |  34 |  36 |  14 | 14 |   0 |   0 | 1.058081e+04 | 1.317739e+04 |  24.54%| unknown
 time | node  | left  |LP iter|LP it/n|mem/heur|mdpt |vars |cons |rows |cuts |sepa|confs|strbr|  dualbound   | primalbound  |  gap   | compl. 
  0.9s|     1 |     0 |   399 |     - |    13M |   0 | 130 |  34 |  37 |  15 | 15 |   0 |   0 | 1.058160e+04 | 1.317739e+04 |  24.53%| unknown
  0.9s|     1 |     0 |   401 |     - |    13M |   0 | 130 |  34 |  38 |  16 | 16 |   0 |   0 | 1.058161e+04 | 1.317739e+04 |  24.53%| unknown
  0.9s|     1 |     0 |   409 |     - |    13M |   0 | 130 |  34 |  37 |  17 | 17 |   0 |   0 | 1.058198e+04 | 1.317739e+04 |  24.53%| unknown
  0.9s|     1 |     0 |   411 |     - |    13M |   0 | 130 |  34 |  38 |  18 | 18 |   0 |   0 | 1.058200e+04 | 1.317739e+04 |  24.53%| unknown
  1.0s|     1 |     0 |   412 |     - |    13M |   0 | 130 |  34 |  39 |  19 | 19 |   0 |   0 | 1.058201e+04 | 1.317739e+04 |  24.53%| unknown
Truncate separation round because of stalling (10 stall rounds).
L 1.1s|     1 |     0 |   412 |     - |    rens|   0 | 130 |  34 |  39 |  19 | 19 |   0 |   0 | 1.058201e+04 | 1.264037e+04 |  19.45%| unknown
  1.1s|     1 |     0 |   412 |     - |    13M |   0 | 130 |  34 |  39 |  19 | 19 |   0 |   0 | 1.058201e+04 | 1.264037e+04 |  19.45%| unknown
  1.1s|     1 |     0 |   412 |     - |    13M |   0 | 130 |  34 |  39 |  19 | 19 |   0 |   0 | 1.058201e+04 | 1.264037e+04 |  19.45%| unknown
  1.1s|     1 |     0 |   420 |     - |    13M |   0 | 130 |  34 |  40 |  20 | 20 |   0 |   0 | 1.058229e+04 | 1.264037e+04 |  19.45%| unknown
  1.1s|     1 |     0 |   423 |     - |    13M |   0 | 130 |  34 |  41 |  21 | 21 |   0 |   0 | 1.058236e+04 | 1.264037e+04 |  19.45%| unknown
_____________________________________
Now starting branching with general disjunction
Current branching Node number: 1
LP objective value: 10582.4
Node lower bound: 10589.7
Node upper bound: 12640.4
gap to the primal bound: 0.193647
Preck submodel is infeasible, continue branching
General disjunction: No feasible solution found, use SCIP default branching rule
  513s|     1 |     2 |   423 |     - |    13M |   0 | 130 |  34 |  41 |  21 | 21 |   0 |  21 | 1.058971e+04 | 1.264037e+04 |  19.36%| unknown
(run 2, node 1) restarting after 11 global fixings of integer variables

(restart) converted 19 cuts from the global cut pool into linear constraints

presolving:
(round 1, fast)       11 del vars, 0 del conss, 0 add conss, 0 chg bounds, 0 chg sides, 0 chg coeffs, 0 upgd conss, 0 impls, 1 clqs
clique table cleanup detected 0 bound changes

presolved problem has 5394 active (85.524%) nonzeros and 1307 (20.723%) check nonzeros

presolving (2 rounds: 2 fast, 1 medium, 1 exhaustive):
 11 deleted vars, 0 deleted constraints, 0 added constraints, 0 tightened bounds, 0 added holes, 0 changed sides, 0 changed coefficients
 0 implications, 1 cliques
presolved problem has 119 variables (118 bin, 0 int, 0 impl, 1 cont) and 53 constraints
      1 constraints of type <knapsack>
      1 constraints of type <setppc>
     51 constraints of type <linear>
Presolving Time: 0.02
transformed 1/4 original solutions to the transformed problem space

 time | node  | left  |LP iter|LP it/n|mem/heur|mdpt |vars |cons |rows |cuts |sepa|confs|strbr|  dualbound   | primalbound  |  gap   | compl. 
  513s|     1 |     0 |   497 |     - |    13M |   0 | 119 |  53 |  53 |   0 |  0 |   0 |  21 | 1.058971e+04 | 1.264037e+04 |  19.36%| unknown
  513s|     1 |     0 |   499 |     - |    13M |   0 | 119 |  53 |  54 |   1 |  1 |   0 |  21 | 1.058971e+04 | 1.264037e+04 |  19.36%| unknown
  513s|     1 |     0 |   510 |     - |    13M |   0 | 119 |  53 |  55 |   2 |  2 |   0 |  21 | 1.058971e+04 | 1.264037e+04 |  19.36%| unknown
  513s|     1 |     0 |   519 |     - |    13M |   0 | 119 |  53 |  56 |   3 |  3 |   0 |  21 | 1.058971e+04 | 1.264037e+04 |  19.36%| unknown
  513s|     1 |     0 |   520 |     - |    13M |   0 | 119 |  53 |  57 |   4 |  4 |   0 |  21 | 1.058971e+04 | 1.264037e+04 |  19.36%| unknown
  513s|     1 |     0 |   538 |     - |    13M |   0 | 119 |  53 |  58 |   5 |  5 |   0 |  21 | 1.058971e+04 | 1.264037e+04 |  19.36%| unknown
  513s|     1 |     0 |   549 |     - |    13M |   0 | 119 |  53 |  59 |   6 |  6 |   0 |  21 | 1.058971e+04 | 1.264037e+04 |  19.36%| unknown
  513s|     1 |     0 |   551 |     - |    13M |   0 | 119 |  53 |  60 |   7 |  7 |   0 |  21 | 1.058971e+04 | 1.264037e+04 |  19.36%| unknown
  513s|     1 |     0 |   553 |     - |    13M |   0 | 119 |  53 |  61 |   8 |  8 |   0 |  21 | 1.058971e+04 | 1.264037e+04 |  19.36%| unknown
  513s|     1 |     0 |   560 |     - |    13M |   0 | 119 |  53 |  62 |   9 |  9 |   0 |  21 | 1.058971e+04 | 1.264037e+04 |  19.36%| unknown
  513s|     1 |     0 |   566 |     - |    13M |   0 | 119 |  53 |  63 |  10 | 10 |   0 |  21 | 1.058971e+04 | 1.264037e+04 |  19.36%| unknown
  513s|     1 |     0 |   567 |     - |    13M |   0 | 119 |  53 |  64 |  11 | 11 |   0 |  21 | 1.058971e+04 | 1.264037e+04 |  19.36%| unknown
  513s|     1 |     0 |   571 |     - |    13M |   0 | 119 |  53 |  65 |  12 | 12 |   0 |  21 | 1.058971e+04 | 1.264037e+04 |  19.36%| unknown
  513s|     1 |     0 |   572 |     - |    13M |   0 | 119 |  53 |  43 |  13 | 13 |   0 |  21 | 1.058971e+04 | 1.264037e+04 |  19.36%| unknown
  513s|     1 |     0 |   575 |     - |    13M |   0 | 119 |  53 |  44 |  14 | 14 |   0 |  21 | 1.058971e+04 | 1.264037e+04 |  19.36%| unknown
 time | node  | left  |LP iter|LP it/n|mem/heur|mdpt |vars |cons |rows |cuts |sepa|confs|strbr|  dualbound   | primalbound  |  gap   | compl. 
  513s|     1 |     0 |   580 |     - |    13M |   0 | 119 |  53 |  45 |  15 | 15 |   0 |  21 | 1.058971e+04 | 1.264037e+04 |  19.36%| unknown
Truncate separation round because of stalling (10 stall rounds).
_____________________________________
Now starting branching with general disjunction
Current branching Node number: 1
LP objective value: 10587.9
Node lower bound: 10590
Node upper bound: 12640.4
gap to the primal bound: 0.193613
Preck submodel is infeasible, continue branching
General disjunction: No feasible solution found, use SCIP default branching rule
  720s|     1 |     2 |   580 |     - |    13M |   0 | 119 |  53 |  45 |  15 | 15 |   0 |  42 | 1.059001e+04 | 1.264037e+04 |  19.36%| unknown
_____________________________________
Now starting branching with general disjunction
Current branching Node number: 3
LP objective value: 10588.1
Node lower bound: 10590
Node upper bound: 12640.4
gap to the primal bound: 0.193613
Preck submodel is infeasible, continue branching
General disjunction: Both Children are added
_____________________________________
Now starting branching with general disjunction
Current branching Node number: 4
LP objective value: 10591.5
Node lower bound: 10592.9
Node upper bound: 12640.4
gap to the primal bound: 0.193613
Preck submodel is infeasible, continue branching
General disjunction: Both Children are added
_____________________________________
Now starting branching with general disjunction
Current branching Node number: 6
LP objective value: 10595.6
Node lower bound: 10596
Node upper bound: 12640.4
gap to the primal bound: 0.193613
Preck submodel is infeasible, continue branching
General disjunction: Both Children are added
_____________________________________
Now starting branching with general disjunction
Current branching Node number: 8
LP objective value: 10613.1
Node lower bound: 10617.3
Node upper bound: 12640.4
gap to the primal bound: 0.193613
Preck submodel is infeasible, continue branching
General disjunction: Both Children are added
_____________________________________
Now starting branching with general disjunction
Current branching Node number: 10
LP objective value: 10686.8
Node lower bound: 10719.5
Node upper bound: 12640.4
gap to the primal bound: 0.193613
Preck submodel is infeasible, continue branching
General disjunction: Both Children are added
_____________________________________
Now starting branching with general disjunction
Current branching Node number: 12
LP objective value: 10791.3
Node lower bound: 10815.7
Node upper bound: 12640.4
gap to the primal bound: 0.193613
Preck submodel is infeasible, continue branching
General disjunction: Both Children are added
_____________________________________
Now starting branching with general disjunction
Current branching Node number: 14
LP objective value: 10861.3
Node lower bound: 10882.6
Node upper bound: 12640.4
gap to the primal bound: 0.193613
Preck submodel is infeasible, continue branching
General disjunction: Both Children are added
_____________________________________
Now starting branching with general disjunction
Current branching Node number: 16
LP objective value: 10907
Node lower bound: 10948.4
Node upper bound: 12640.4
gap to the primal bound: 0.193613
Preck submodel is infeasible, continue branching
Time limit exceeded (1107.59s), stopping submodel solve loop
General disjunction: No feasible solution found, use SCIP default branching rule
_____________________________________
Now starting branching with general disjunction
Current branching Node number: 19
LP objective value: 10989
Node lower bound: 10990.4
Node upper bound: 12640.4
gap to the primal bound: 0.193613
Preck submodel is infeasible, continue branching
General disjunction: Both Children are added
_____________________________________
Now starting branching with general disjunction
Current branching Node number: 20
LP objective value: 11159.9
Node lower bound: 11176.9
Node upper bound: 12640.4
gap to the primal bound: 0.193613
Preck submodel is infeasible, continue branching
Time limit exceeded (1024.35s), stopping submodel solve loop
General disjunction: Both Children are added
_____________________________________
Now starting branching with general disjunction
Current branching Node number: 22
LP objective value: 11194.4
Node lower bound: 11199
Node upper bound: 12640.4
gap to the primal bound: 0.193613
Preck submodel is infeasible, continue branching
General disjunction: Both Children are added
_____________________________________
Now starting branching with general disjunction
Current branching Node number: 24
LP objective value: 11240.6
Node lower bound: 11288.2
Node upper bound: 12640.4
gap to the primal bound: 0.193613
Preck submodel is infeasible, continue branching
Time limit exceeded (1109.73s), stopping submodel solve loop
General disjunction: Both Children are added
_____________________________________
Now starting branching with general disjunction
Current branching Node number: 26
LP objective value: 11386.2
Node lower bound: 11416.2
Node upper bound: 12640.4
gap to the primal bound: 0.193613
Preck submodel is infeasible, continue branching
General disjunction: Both Children are added
_____________________________________
Now starting branching with general disjunction
Current branching Node number: 28
LP objective value: 11477.5
Node lower bound: 11490.9
Node upper bound: 12640.4
gap to the primal bound: 0.193613
Preck submodel is infeasible, continue branching
Time limit exceeded (1018.03s), stopping submodel solve loop
General disjunction: Both Children are added
_____________________________________
Now starting branching with general disjunction
Current branching Node number: 9
LP objective value: 10614.6
Node lower bound: 10632.9
Node upper bound: 12640.4
gap to the primal bound: 0.193613
Preck submodel is infeasible, continue branching
General disjunction: Both Children are added
_____________________________________
Now starting branching with general disjunction
Current branching Node number: 32
LP objective value: 10727.6
Node lower bound: 10737.8
Node upper bound: 12640.4
gap to the primal bound: 0.193613
Preck submodel is infeasible, continue branching
General disjunction: Both Children are added
_____________________________________
Now starting branching with general disjunction
Current branching Node number: 34
LP objective value: 10805.3
Node lower bound: 10856.5
Node upper bound: 12640.4
gap to the primal bound: 0.193613
Preck submodel is infeasible, continue branching
Time limit exceeded (1255.76s), stopping submodel solve loop
General disjunction: No feasible solution found, use SCIP default branching rule
_____________________________________
Now starting branching with general disjunction
Current branching Node number: 37
LP objective value: 10856.5
Node lower bound: 10869.7
Node upper bound: 12640.4
gap to the primal bound: 0.193613
Preck submodel is infeasible, continue branching
General disjunction: Both Children are added
_____________________________________
Now starting branching with general disjunction
Current branching Node number: 38
LP objective value: 10943.7
Node lower bound: 10969.3
Node upper bound: 12640.4
gap to the primal bound: 0.193613
Preck submodel is infeasible, continue branching
Time limit exceeded (1001.75s), stopping submodel solve loop
General disjunction: Both Children are added
_____________________________________
Now starting branching with general disjunction
Current branching Node number: 40
LP objective value: 11032.1
Node lower bound: 11033.1
Node upper bound: 12640.4
gap to the primal bound: 0.193613
Preck submodel is infeasible, continue branching
General disjunction: Both Children are added
_____________________________________
Now starting branching with general disjunction
Current branching Node number: 42
LP objective value: 11137.2
Node lower bound: 11139.6
Node upper bound: 12640.4
gap to the primal bound: 0.193613
Preck submodel is infeasible, continue branching
Time limit exceeded (1067.09s), stopping submodel solve loop
General disjunction: Both Children are added
_____________________________________
Now starting branching with general disjunction
Current branching Node number: 44
LP objective value: 11208.1
Node lower bound: 11257.9
Node upper bound: 12640.4
gap to the primal bound: 0.193613
Preck submodel is infeasible, continue branching
Time limit exceeded (1062.36s), stopping submodel solve loop
General disjunction: No feasible solution found, use SCIP default branching rule
_____________________________________
Now starting branching with general disjunction
Current branching Node number: 47
Relpscost reduced domain, skip general disjunction branching
_____________________________________
Now starting branching with general disjunction
Current branching Node number: 47
LP objective value: 11419.5
Node lower bound: 11518
Node upper bound: 12640.4
gap to the primal bound: 0.193613
Preck submodel is infeasible, continue branching
Time limit exceeded (1095.65s), stopping submodel solve loop
General disjunction: No feasible solution found, use SCIP default branching rule
_____________________________________
Now starting branching with general disjunction
Current branching Node number: 49
LP objective value: 11532.1
Node lower bound: 11547.8
Node upper bound: 12640.4
gap to the primal bound: 0.193613
Preck submodel is infeasible, continue branching
Time limit exceeded (1035.37s), stopping submodel solve loop
General disjunction: No feasible solution found, use SCIP default branching rule
_____________________________________
Now starting branching with general disjunction
Current branching Node number: 50
LP objective value: 11729.4
Node lower bound: 11729.4
Node upper bound: 12640.4
gap to the primal bound: 0.193613
Preck submodel is infeasible, continue branching
Time limit exceeded (1002.39s), stopping submodel solve loop
General disjunction: Both Children are added
_____________________________________
Now starting branching with general disjunction
Current branching Node number: 52
LP objective value: 11914.6
Node lower bound: 11934.8
Node upper bound: 12640.4
gap to the primal bound: 0.193613
Preck submodel is infeasible, continue branching
Time limit exceeded (1126.63s), stopping submodel solve loop
General disjunction: Both Children are added
_____________________________________
Now starting branching with general disjunction
Current branching Node number: 5
LP objective value: 10594.8
Node lower bound: 10609.5
Node upper bound: 12640.4
gap to the primal bound: 0.193613
Preck submodel is infeasible, continue branching
General disjunction: Both Children are added
_____________________________________
Now starting branching with general disjunction
Current branching Node number: 56
LP objective value: 10632.8
Node lower bound: 10644.2
Node upper bound: 12640.4
gap to the primal bound: 0.193613
Preck submodel is infeasible, continue branching
General disjunction: Both Children are added
_____________________________________
Now starting branching with general disjunction
Current branching Node number: 58
LP objective value: 10657
Node lower bound: 10670.5
Node upper bound: 12640.4
gap to the primal bound: 0.193613
Preck submodel is infeasible, continue branching
General disjunction: Both Children are added
_____________________________________
Now starting branching with general disjunction
Current branching Node number: 60
LP objective value: 10681
Node lower bound: 10713.2
Node upper bound: 12640.4
gap to the primal bound: 0.193613
Preck submodel is infeasible, continue branching
General disjunction: Both Children are added
_____________________________________
Now starting branching with general disjunction
Current branching Node number: 62
LP objective value: 10744.7
Node lower bound: 10751.5
Node upper bound: 12640.4
gap to the primal bound: 0.193613
Preck submodel is infeasible, continue branching
General disjunction: Both Children are added
_____________________________________
Now starting branching with general disjunction
Current branching Node number: 64
LP objective value: 10773.9
Node lower bound: 10785.7
Node upper bound: 12640.4
gap to the primal bound: 0.193613
Preck submodel is infeasible, continue branching
Time limit exceeded (1003.65s), stopping submodel solve loop
General disjunction: Both Children are added
_____________________________________
Now starting branching with general disjunction
Current branching Node number: 66
LP objective value: 10805.6
Node lower bound: 10820.5
Node upper bound: 12640.4
gap to the primal bound: 0.193613
Preck submodel is infeasible, continue branching
General disjunction: Both Children are added
_____________________________________
Now starting branching with general disjunction
Current branching Node number: 68
LP objective value: 10842.6
Node lower bound: 10842.6
Node upper bound: 12640.4
gap to the primal bound: 0.193613
Preck submodel is infeasible, continue branching
General disjunction: Both Children are added
_____________________________________
Now starting branching with general disjunction
Current branching Node number: 70
LP objective value: 10940.2
Node lower bound: 10964.4
Node upper bound: 12640.4
gap to the primal bound: 0.193613
Preck submodel is infeasible, continue branching
General disjunction: Both Children are added
_____________________________________
Now starting branching with general disjunction
Current branching Node number: 72
LP objective value: 11022.2
Node lower bound: 11022.2
Node upper bound: 12640.4
gap to the primal bound: 0.193613
Preck submodel is infeasible, continue branching
General disjunction: Both Children are added
_____________________________________
Now starting branching with general disjunction
Current branching Node number: 74
LP objective value: 11065.3
Node lower bound: 11067
Node upper bound: 12640.4
gap to the primal bound: 0.193613
Preck submodel is infeasible, continue branching
General disjunction: Both Children are added
_____________________________________
Now starting branching with general disjunction
Current branching Node number: 76
LP objective value: 11132.4
Node lower bound: 11167.5
Node upper bound: 12640.4
gap to the primal bound: 0.193613
Preck submodel is infeasible, continue branching
General disjunction: Both Children are added
_____________________________________
Now starting branching with general disjunction
Current branching Node number: 7
LP objective value: 10599.4
Node lower bound: 10599.4
Node upper bound: 12640.4
gap to the primal bound: 0.193613
Preck submodel is infeasible, continue branching
General disjunction: Both Children are added
_____________________________________
Now starting branching with general disjunction
Current branching Node number: 80
LP objective value: 10625.2
Node lower bound: 10640.9
Node upper bound: 12640.4
gap to the primal bound: 0.193613
Preck submodel is infeasible, continue branching
General disjunction: Both Children are added
_____________________________________
Now starting branching with general disjunction
Current branching Node number: 82
LP objective value: 10676.1
Node lower bound: 10676.1
Node upper bound: 12640.4
gap to the primal bound: 0.193613
Preck submodel is infeasible, continue branching
General disjunction: Both Children are added
_____________________________________
Now starting branching with general disjunction
Current branching Node number: 84
LP objective value: 10714.4
Node lower bound: 10714.4
Node upper bound: 12640.4
gap to the primal bound: 0.193613
Preck submodel is infeasible, continue branching
General disjunction: Both Children are added
_____________________________________
Now starting branching with general disjunction
Current branching Node number: 86
LP objective value: 10834.5
Node lower bound: 10834.5
Node upper bound: 12640.4
gap to the primal bound: 0.193613
Preck submodel is infeasible, continue branching
General disjunction: Both Children are added
_____________________________________
Now starting branching with general disjunction
Current branching Node number: 88
LP objective value: 10905.3
Node lower bound: 10914.2
Node upper bound: 12640.4
gap to the primal bound: 0.193613
Preck submodel is infeasible, continue branching
General disjunction: Both Children are added
_____________________________________
Now starting branching with general disjunction
Current branching Node number: 90
LP objective value: 10974.3
Node lower bound: 10984.6
Node upper bound: 12640.4
gap to the primal bound: 0.193613
Preck submodel is infeasible, continue branching
General disjunction: Both Children are added
_____________________________________
Now starting branching with general disjunction
Current branching Node number: 92
LP objective value: 11015.8
Node lower bound: 11016.2
Node upper bound: 12640.4
gap to the primal bound: 0.193613
Preck submodel is infeasible, continue branching
General disjunction: Both Children are added
_____________________________________
Now starting branching with general disjunction
Current branching Node number: 94
LP objective value: 11108.8
Node lower bound: 11135.9
Node upper bound: 12640.4
gap to the primal bound: 0.193613
Preck submodel is infeasible, continue branching
General disjunction: Both Children are added
_____________________________________
Now starting branching with general disjunction
Current branching Node number: 96
LP objective value: 11171.4
Node lower bound: 11178.8
Node upper bound: 12640.4
gap to the primal bound: 0.193613
Preck submodel is infeasible, continue branching
Time limit exceeded (1012.48s), stopping submodel solve loop
General disjunction: Both Children are added
_____________________________________
Now starting branching with general disjunction
Current branching Node number: 98
LP objective value: 11277.4
Node lower bound: 11322.2
Node upper bound: 12640.4
gap to the primal bound: 0.193613
Preck submodel is infeasible, continue branching
Time limit exceeded (1150.27s), stopping submodel solve loop
General disjunction: No feasible solution found, use SCIP default branching rule
_____________________________________
Now starting branching with general disjunction
Current branching Node number: 101
LP objective value: 11507.4
Node lower bound: 11512.7
Node upper bound: 12640.4
gap to the primal bound: 0.193613
Preck submodel is infeasible, continue branching
General disjunction: Both Children are added
_____________________________________
Now starting branching with general disjunction
Current branching Node number: 81
LP objective value: 10617.6
Node lower bound: 10626.5
Node upper bound: 12640.4
gap to the primal bound: 0.193613
Preck submodel is infeasible, continue branching
General disjunction: Both Children are added
_____________________________________
Now starting branching with general disjunction
Current branching Node number: 104
LP objective value: 10651.1
Node lower bound: 10656.8
Node upper bound: 12640.4
gap to the primal bound: 0.193613
Preck submodel is infeasible, continue branching
General disjunction: Both Children are added
_____________________________________
Now starting branching with general disjunction
Current branching Node number: 106
LP objective value: 10669.3
Node lower bound: 10676
Node upper bound: 12640.4
gap to the primal bound: 0.193613
Preck submodel is infeasible, continue branching
General disjunction: Both Children are added
_____________________________________
Now starting branching with general disjunction
Current branching Node number: 108
LP objective value: 10690.3
Node lower bound: 10690.3
Node upper bound: 12640.4
gap to the primal bound: 0.193613
Preck submodel is infeasible, continue branching
General disjunction: Both Children are added
_____________________________________
Now starting branching with general disjunction
Current branching Node number: 110
LP objective value: 10712.5
Node lower bound: 10712.5
Node upper bound: 12640.4
gap to the primal bound: 0.193613
Preck submodel is infeasible, continue branching
Time limit exceeded (1163.66s), stopping submodel solve loop
General disjunction: Both Children are added
_____________________________________
Now starting branching with general disjunction
Current branching Node number: 112
LP objective value: 10781.4
Node lower bound: 10789.1
Node upper bound: 12640.4
gap to the primal bound: 0.193613
Preck submodel is infeasible, continue branching
Time limit exceeded (1033.7s), stopping submodel solve loop
General disjunction: No feasible solution found, use SCIP default branching rule
_____________________________________
Now starting branching with general disjunction
Current branching Node number: 115
LP objective value: 11101.5
Node lower bound: 11104.8
Node upper bound: 12640.4
gap to the primal bound: 0.193613
Preck submodel is infeasible, continue branching
General disjunction: Both Children are added
_____________________________________
Now starting branching with general disjunction
Current branching Node number: 116
LP objective value: 11130.5
Node lower bound: 11130.5
Node upper bound: 12640.4
gap to the primal bound: 0.193613
Preck submodel is infeasible, continue branching
Time limit exceeded (1084.68s), stopping submodel solve loop
General disjunction: No feasible solution found, use SCIP default branching rule
_____________________________________
Now starting branching with general disjunction
Current branching Node number: 118
LP objective value: 11133.3
Node lower bound: 11139.9
Node upper bound: 12640.4
gap to the primal bound: 0.193613
Preck submodel is infeasible, continue branching
Time limit exceeded (1028.02s), stopping submodel solve loop
General disjunction: No feasible solution found, use SCIP default branching rule
_____________________________________
Now starting branching with general disjunction
Current branching Node number: 121
LP objective value: 11278.3
Node lower bound: 11284.5
Node upper bound: 12640.4
gap to the primal bound: 0.193613
Preck submodel is infeasible, continue branching
Time limit exceeded (1097.48s), stopping submodel solve loop
General disjunction: Both Children are added
_____________________________________
Now starting branching with general disjunction
Current branching Node number: 122
LP objective value: 11406.3
Node lower bound: 11454
Node upper bound: 12640.4
gap to the primal bound: 0.193613
Preck submodel is infeasible, continue branching
Time limit exceeded (1151.37s), stopping submodel solve loop
General disjunction: Both Children are added
_____________________________________
Now starting branching with general disjunction
Current branching Node number: 124
LP objective value: 11553.9
Node lower bound: 11563.5
Node upper bound: 12640.4
gap to the primal bound: 0.193613
Preck submodel is infeasible, continue branching
Time limit exceeded (1015.17s), stopping submodel solve loop
General disjunction: Both Children are added
_____________________________________
Now starting branching with general disjunction
Current branching Node number: 11
LP objective value: 10639
Node lower bound: 10639
Node upper bound: 12640.4
gap to the primal bound: 0.193613
Preck submodel is infeasible, continue branching
General disjunction: Both Children are added
_____________________________________
Now starting branching with general disjunction
Current branching Node number: 128
LP objective value: 10665.4
Node lower bound: 10665.4
Node upper bound: 12640.4
gap to the primal bound: 0.193613
Preck submodel is infeasible, continue branching
General disjunction: Both Children are added
_____________________________________
Now starting branching with general disjunction
Current branching Node number: 130
LP objective value: 10712.6
Node lower bound: 10712.6
Node upper bound: 12640.4
gap to the primal bound: 0.193613
Preck submodel is infeasible, continue branching
General disjunction: Both Children are added
_____________________________________
Now starting branching with general disjunction
Current branching Node number: 132
LP objective value: 10759.1
Node lower bound: 10791.3
Node upper bound: 12640.4
gap to the primal bound: 0.193613
Preck submodel is infeasible, continue branching
General disjunction: Both Children are added
_____________________________________
Now starting branching with general disjunction
Current branching Node number: 134
LP objective value: 10806.7
Node lower bound: 10806.7
Node upper bound: 12640.4
gap to the primal bound: 0.193613
Preck submodel is infeasible, continue branching
Time limit exceeded (1040.48s), stopping submodel solve loop
General disjunction: Both Children are added
_____________________________________
Now starting branching with general disjunction
Current branching Node number: 136
LP objective value: 10874.1
Node lower bound: 10883.9
Node upper bound: 12640.4
gap to the primal bound: 0.193613
Preck submodel is infeasible, continue branching
General disjunction: Both Children are added
_____________________________________
Now starting branching with general disjunction
Current branching Node number: 138
LP objective value: 10932.2
Node lower bound: 10937.6
Node upper bound: 12640.4
gap to the primal bound: 0.193613
Preck submodel is infeasible, continue branching
General disjunction: Both Children are added
_____________________________________
Now starting branching with general disjunction
Current branching Node number: 140
LP objective value: 10999.6
Node lower bound: 11028.3
Node upper bound: 12640.4
gap to the primal bound: 0.193613
Preck submodel is infeasible, continue branching
General disjunction: Both Children are added
_____________________________________
Now starting branching with general disjunction
Current branching Node number: 142
LP objective value: 11099.4
Node lower bound: 11114.6
Node upper bound: 12640.4
gap to the primal bound: 0.193613
Preck submodel is infeasible, continue branching
Time limit exceeded (1001.92s), stopping submodel solve loop
General disjunction: Both Children are added
_____________________________________
Now starting branching with general disjunction
Current branching Node number: 144
LP objective value: 11186.5
Node lower bound: 11196.8
Node upper bound: 12640.4
gap to the primal bound: 0.193613
Preck submodel is infeasible, continue branching
Time limit exceeded (1010.61s), stopping submodel solve loop
General disjunction: Both Children are added
_____________________________________
Now starting branching with general disjunction
Current branching Node number: 146
LP objective value: 11345.7
Node lower bound: 11354.5
Node upper bound: 12640.4
gap to the primal bound: 0.193613
Preck submodel is infeasible, continue branching
Time limit exceeded (1053.71s), stopping submodel solve loop
General disjunction: No feasible solution found, use SCIP default branching rule
_____________________________________
Now starting branching with general disjunction
Current branching Node number: 146
LP objective value: 11366.5
Node lower bound: 11441.4
Node upper bound: 12640.4
gap to the primal bound: 0.193613
Preck submodel is infeasible, continue branching
Time limit exceeded (1862.16s), stopping submodel solve loop
General disjunction: Both Children are added
_____________________________________
Now starting branching with general disjunction
Current branching Node number: 148
LP objective value: 11574.7
Node lower bound: 11640.1
Node upper bound: 12640.4
gap to the primal bound: 0.193613
Preck submodel is infeasible, continue branching
Time limit exceeded (1091.72s), stopping submodel solve loop
General disjunction: No feasible solution found, use SCIP default branching rule
_____________________________________
Now starting branching with general disjunction
Current branching Node number: 105
LP objective value: 10684.4
Node lower bound: 10684.4
Node upper bound: 12640.4
gap to the primal bound: 0.193613
Preck submodel is infeasible, continue branching
General disjunction: Both Children are added
_____________________________________
Now starting branching with general disjunction
Current branching Node number: 152
LP objective value: 10714.1
Node lower bound: 10727
Node upper bound: 12640.4
gap to the primal bound: 0.193613
Preck submodel is infeasible, continue branching
General disjunction: Both Children are added
_____________________________________
Now starting branching with general disjunction
Current branching Node number: 154
LP objective value: 10744.4
Node lower bound: 10763.4
Node upper bound: 12640.4
gap to the primal bound: 0.193613
Preck submodel is infeasible, continue branching
Time limit exceeded (1006.76s), stopping submodel solve loop
General disjunction: Both Children are added
_____________________________________
Now starting branching with general disjunction
Current branching Node number: 156
LP objective value: 10846.4
Node lower bound: 10889.7
Node upper bound: 12640.4
gap to the primal bound: 0.193613
Preck submodel is infeasible, continue branching
Time limit exceeded (1086.1s), stopping submodel solve loop
General disjunction: Both Children are added
_____________________________________
Now starting branching with general disjunction
Current branching Node number: 158
LP objective value: 10956
Node lower bound: 10964.5
Node upper bound: 12640.4
gap to the primal bound: 0.193613
Preck submodel is infeasible, continue branching
Time limit exceeded (1073.1s), stopping submodel solve loop
General disjunction: Both Children are added
_____________________________________
Now starting branching with general disjunction
Current branching Node number: 160
LP objective value: 11244.4
Node lower bound: 11304.7
Node upper bound: 12640.4
gap to the primal bound: 0.193613
Preck submodel is infeasible, continue branching
Time limit exceeded (1003.08s), stopping submodel solve loop
General disjunction: Both Children are added
_____________________________________
Now starting branching with general disjunction
Current branching Node number: 162
LP objective value: 11397.7
Node lower bound: 11416.6
Node upper bound: 12640.4
gap to the primal bound: 0.193613
Preck submodel is infeasible, continue branching
Time limit exceeded (1062.79s), stopping submodel solve loop
General disjunction: No feasible solution found, use SCIP default branching rule
_____________________________________
Now starting branching with general disjunction
Current branching Node number: 165
Relpscost reduced domain, skip general disjunction branching
_____________________________________
Now starting branching with general disjunction
Current branching Node number: 165
Relpscost reduced domain, skip general disjunction branching
_____________________________________
Now starting branching with general disjunction
Current branching Node number: 165
LP objective value: 11717.6
Node lower bound: 11800.2
Node upper bound: 12640.4
gap to the primal bound: 0.193613
Preck submodel is infeasible, continue branching
General disjunction: Both Children are added
_____________________________________
Now starting branching with general disjunction
Current branching Node number: 166
Relpscost reduced domain, skip general disjunction branching
_____________________________________
Now starting branching with general disjunction
Current branching Node number: 166
Relpscost reduced domain, skip general disjunction branching
_____________________________________
Now starting branching with general disjunction
Current branching Node number: 166
LP objective value: 12198
Node lower bound: 12198
Node upper bound: 12640.4
gap to the primal bound: 0.193613
Preck submodel is infeasible, continue branching
General disjunction: Both Children are added
_____________________________________
Now starting branching with general disjunction
Current branching Node number: 168
Relpscost reduced domain, skip general disjunction branching
_____________________________________
Now starting branching with general disjunction
Current branching Node number: 169
LP objective value: 12628.2
Node lower bound: 12628.2
Node upper bound: 12640.4
gap to the primal bound: 0.193613
Preck submodel is infeasible, continue branching
General disjunction: No feasible solution found, use SCIP default branching rule
_____________________________________
Now starting branching with general disjunction
Current branching Node number: 83
LP objective value: 10672.6
Node lower bound: 10710.8
Node upper bound: 12640.4
gap to the primal bound: 0.193613
Preck submodel is infeasible, continue branching
Time limit exceeded (1102.13s), stopping submodel solve loop
General disjunction: Both Children are added
_____________________________________
Now starting branching with general disjunction
Current branching Node number: 172
LP objective value: 10740.8
Node lower bound: 10740.8
Node upper bound: 12640.4
gap to the primal bound: 0.193613
Preck submodel is infeasible, continue branching
Time limit exceeded (1000.35s), stopping submodel solve loop
General disjunction: Both Children are added
_____________________________________
Now starting branching with general disjunction
Current branching Node number: 174
LP objective value: 10797.5
Node lower bound: 10812.7
Node upper bound: 12640.4
gap to the primal bound: 0.193613
Preck submodel is infeasible, continue branching
Time limit exceeded (1015.58s), stopping submodel solve loop
General disjunction: No feasible solution found, use SCIP default branching rule
_____________________________________
Now starting branching with general disjunction
Current branching Node number: 177
LP objective value: 10831.7
Node lower bound: 10833.2
Node upper bound: 12640.4
gap to the primal bound: 0.193613
Preck submodel is infeasible, continue branching
Time limit exceeded (1033.59s), stopping submodel solve loop
General disjunction: No feasible solution found, use SCIP default branching rule
_____________________________________
Now starting branching with general disjunction
Current branching Node number: 178
LP objective value: 10949.9
Node lower bound: 10973.1
Node upper bound: 12640.4
gap to the primal bound: 0.193613
Preck submodel is infeasible, continue branching
Time limit exceeded (1016.59s), stopping submodel solve loop
General disjunction: Both Children are added
_____________________________________
Now starting branching with general disjunction
Current branching Node number: 180
LP objective value: 11163.7
Node lower bound: 11200.3
Node upper bound: 12640.4
gap to the primal bound: 0.193613
Preck submodel is infeasible, continue branching
Time limit exceeded (1025.83s), stopping submodel solve loop
General disjunction: No feasible solution found, use SCIP default branching rule
_____________________________________
Now starting branching with general disjunction
Current branching Node number: 183
LP objective value: 11292.1
Node lower bound: 11297.3
Node upper bound: 12640.4
gap to the primal bound: 0.193613
Preck submodel is infeasible, continue branching
Time limit exceeded (1036.74s), stopping submodel solve loop
General disjunction: Both Children are added
_____________________________________
Now starting branching with general disjunction
Current branching Node number: 184
LP objective value: 11471.5
Node lower bound: 11511.9
Node upper bound: 12640.4
gap to the primal bound: 0.193613
Preck submodel is infeasible, continue branching
Time limit exceeded (1003.02s), stopping submodel solve loop
General disjunction: Both Children are added
_____________________________________
Now starting branching with general disjunction
Current branching Node number: 186
LP objective value: 11620.5
Node lower bound: 11620.5
Node upper bound: 12640.4
gap to the primal bound: 0.193613
Preck submodel is infeasible, continue branching
General disjunction: Both Children are added
_____________________________________
Now starting branching with general disjunction
Current branching Node number: 188
LP objective value: 11811.2
Node lower bound: 11826.3
Node upper bound: 12640.4
gap to the primal bound: 0.193613
Preck submodel is infeasible, continue branching
Time limit exceeded (1008.46s), stopping submodel solve loop
General disjunction: Both Children are added
_____________________________________
Now starting branching with general disjunction
Current branching Node number: 190
LP objective value: 11960.3
Node lower bound: 11984
Node upper bound: 12640.4
gap to the primal bound: 0.193613
Preck submodel is infeasible, continue branching
Time limit exceeded (1001.79s), stopping submodel solve loop
General disjunction: No feasible solution found, use SCIP default branching rule
_____________________________________
Now starting branching with general disjunction
Current branching Node number: 190
LP objective value: 11962.3
Node lower bound: 11984
Node upper bound: 12640.4
gap to the primal bound: 0.193613
Preck submodel is infeasible, continue branching
Time limit exceeded (1006.81s), stopping submodel solve loop
General disjunction: No feasible solution found, use SCIP default branching rule
_____________________________________
Now starting branching with general disjunction
Current branching Node number: 193
LP objective value: 12355
Node lower bound: 12510.8
Node upper bound: 12640.4
gap to the primal bound: 0.193613
Preck submodel is infeasible, continue branching
General disjunction: Infeasible disjunction
 1367m|   100 |    93 | 14529 | 139.1 |    34M |  16 | 119 |  53 |  44 |  71 |  1 |   2 | 305 | 1.059001e+04 | 1.264037e+04 |  19.36%| unknown
_____________________________________
Now starting branching with general disjunction
Current branching Node number: 2
LP objective value: 10649.7
Node lower bound: 10654.3
Node upper bound: 12640.4
gap to the primal bound: 0.191417
Preck submodel is infeasible, continue branching
General disjunction: Both Children are added
_____________________________________
Now starting branching with general disjunction
Current branching Node number: 194
LP objective value: 10690
Node lower bound: 10693.3
Node upper bound: 12640.4
gap to the primal bound: 0.191417
Preck submodel is infeasible, continue branching
General disjunction: Both Children are added
_____________________________________
Now starting branching with general disjunction
Current branching Node number: 196
LP objective value: 10708.2
Node lower bound: 10708.2
Node upper bound: 12640.4
gap to the primal bound: 0.191417
Preck submodel is infeasible, continue branching
General disjunction: Both Children are added
_____________________________________
Now starting branching with general disjunction
Current branching Node number: 198
LP objective value: 10729.7
Node lower bound: 10736.2
Node upper bound: 12640.4
gap to the primal bound: 0.191417
Preck submodel is infeasible, continue branching
General disjunction: Both Children are added
_____________________________________
Now starting branching with general disjunction
Current branching Node number: 200
LP objective value: 10754.3
Node lower bound: 10761.2
Node upper bound: 12640.4
gap to the primal bound: 0.191417
Preck submodel is infeasible, continue branching
General disjunction: Both Children are added
_____________________________________
Now starting branching with general disjunction
Current branching Node number: 202
LP objective value: 10780.3
Node lower bound: 10780.3
Node upper bound: 12640.4
gap to the primal bound: 0.191417
Preck submodel is infeasible, continue branching
General disjunction: Both Children are added
_____________________________________
Now starting branching with general disjunction
Current branching Node number: 204
LP objective value: 10798.9
Node lower bound: 10798.9
Node upper bound: 12640.4
gap to the primal bound: 0.191417
Preck submodel is infeasible, continue branching
General disjunction: Both Children are added
_____________________________________
Now starting branching with general disjunction
Current branching Node number: 206
LP objective value: 10850.2
Node lower bound: 10850.2
Node upper bound: 12640.4
gap to the primal bound: 0.191417
Preck submodel is infeasible, continue branching
General disjunction: Both Children are added
_____________________________________
Now starting branching with general disjunction
Current branching Node number: 208
LP objective value: 10935
Node lower bound: 10935
Node upper bound: 12640.4
gap to the primal bound: 0.191417
Preck submodel is infeasible, continue branching
General disjunction: Both Children are added

SCIP Status        : solving was interrupted [time limit reached]
Solving Time (sec) : 86521.86
Solving Nodes      : 109 (total of 111 nodes in 3 runs)
Primal Bound       : +1.26403712582000e+04 (4 solutions)
Dual Bound         : +1.06095238453149e+04
Gap                : 19.14 %

primal solution:
================

objective value:                        12640.3712582
x15                                                 1 	(obj:1e-05)
x17                                                 1 	(obj:1e-05)
x19                                                 1 	(obj:1e-05)
x28                                                 1 	(obj:1e-05)
x38                                                 1 	(obj:1e-05)
x43                                                 1 	(obj:1e-05)
x55                                                 1 	(obj:1e-05)
x59                                                 1 	(obj:1e-05)
x64                                                 1 	(obj:1e-05)
x67                                                 1 	(obj:1e-05)
x83                                                 1 	(obj:1e-05)
x88                                                 1 	(obj:1e-05)
x89                                                 1 	(obj:1e-05)
x94                                                 1 	(obj:1e-05)
x102                                                1 	(obj:1e-05)
x129                                                1 	(obj:1e-05)
x133                                                1 	(obj:1e-05)
x134                                                1 	(obj:1e-05)
x147                                                1 	(obj:1e-05)
x150                                                1 	(obj:1e-05)
x151                                    12640.3710582 	(obj:1)

Statistics
==========

SCIP Status        : solving was interrupted [time limit reached]
Total Time         :   86521.87
  solving          :   86521.86
  presolving       :       0.02 (included in solving)
  reading          :       0.01
  copying          :       0.01 (4 #copies) (minimal 0.00, maximal 0.00, average 0.00)
Original Problem   :
  Problem name     : mas74
  Variables        : 151 (150 binary, 0 integer, 0 implicit integer, 1 continuous)
  Constraints      : 13 initial, 13 maximal
  Objective        : minimize, 151 non-zeros (abs.min = 1e-05, abs.max = 1)
Presolved Problem  :
  Problem name     : t_mas74
  Variables        : 119 (118 binary, 0 integer, 0 implicit integer, 1 continuous)
  Constraints      : 53 initial, 53 maximal
  Objective        : minimize, 119 non-zeros (abs.min = 1e-05, abs.max = 1)
  Nonzeros         : 5394 constraint, 2 clique table
Presolvers         :   ExecTime  SetupTime  Calls  FixedVars   AggrVars   ChgTypes  ChgBounds   AddHoles    DelCons    AddCons   ChgSides   ChgCoefs
  boundshift       :       0.00       0.00      0          0          0          0          0          0          0          0          0          0
  convertinttobin  :       0.00       0.00      0          0          0          0          0          0          0          0          0          0
  domcol           :       0.01       0.00      4          0          0          0          0          0          0          0          0          0
  dualagg          :       0.00       0.00      0          0          0          0          0          0          0          0          0          0
  dualcomp         :       0.00       0.00      4          0          0          0          0          0          0          0          0          0
  dualinfer        :       0.00       0.00      0          0          0          0          0          0          0          0          0          0
  dualsparsify     :       0.00       0.00      1          0          0          0          0          0          0          0          0          0
  gateextraction   :       0.00       0.00      0          0          0          0          0          0          0          0          0          0
  implics          :       0.00       0.00      6          0          0          0          0          0          0          0          0          0
  inttobinary      :       0.00       0.00      0          0          0          0          0          0          0          0          0          0
  qpkktref         :       0.00       0.00      0          0          0          0          0          0          0          0          0          0
  redvub           :       0.00       0.00      0          0          0          0          0          0          0          0          0          0
  sparsify         :       0.00       0.00      2          0          0          0          0          0          0          0          0          0
  stuffing         :       0.00       0.00      0          0          0          0          0          0          0          0          0          0
  trivial          :       0.00       0.00      9         31          0          0          0          0          0          0          0          0
  tworowbnd        :       0.00       0.00      0          0          0          0          0          0          0          0          0          0
  dualfix          :       0.00       0.00      9          1          0          0          0          0          0          0          0          0
  genvbounds       :       0.00       0.00      0          0          0          0          0          0          0          0          0          0
  probing          :       0.00       0.00      1          0          0          0          0          0          0          0          0          0
  pseudoobj        :       0.00       0.00      2          0          0          0          0          0          0          0          0          0
  symmetry         :       0.00       0.00      1          0          0          0          0          0          0          2          0          0
  vbounds          :       0.00       0.00      1          0          0          0          0          0          0          0          0          0
  knapsack         :       0.00       0.00     17          0          0          0          0          0          0          0          0          0
  setppc           :       0.00       0.00     11          0          0          0          0          0          0          0          0          0
  linear           :       0.00       0.00     15          0          0          0          1          0          0          0          0          0
  logicor          :       0.00       0.00      0          0          0          0          0          0          0          0          0          0
  benders          :       0.00       0.00      0          0          0          0          0          0          0          0          0          0
  components       :       0.00       0.00      3          0          0          0          0          0          0          0          0          0
  root node        :          -          -      -         31          -          -         37          -          -          -          -          -
Constraints        :     Number  MaxNumber  #Separate #Propagate    #EnfoLP    #EnfoRelax  #EnfoPS    #Check   #ResProp    Cutoffs    DomReds       Cuts    Applied      Conss   Children
  benderslp        :          0          0          0          0        115          0          0         93          0          0          0          0          0          0          0
  integral         :          0          0          0          0        115          0          0         93          0          1         14          0          0          0        212
  knapsack         :          1          1         58       2312          0          0          0         85          0          0          0          0          0          0          0
  setppc           :          1          1         58       2152          0          0          0         50          0          0          0          0          0          0          0
  linear           :         51+        66         58       2312          0          0          0         53          0          0         69          9          0          0          0
  logicor          :          0+         1          0          0          0          0          0          0          0          0          0          0          0          0          0
  benders          :          0          0          0          0          0          0          0          7          0          0          0          0          0          0          0
  fixedvar         :          0          0          0          0          0          0          0          7          0          0          0          0          0          0          0
  countsols        :          0          0          0          0          0          0          0          7          0          0          0          0          0          0          0
  components       :          0          0          0          0          0          0          0          0          0          0          0          0          0          0          0
Constraint Timings :  TotalTime  SetupTime   Separate  Propagate     EnfoLP     EnfoPS     EnfoRelax   Check    ResProp    SB-Prop
  benderslp        :       0.00       0.00       0.00       0.00       0.00       0.00       0.00       0.00       0.00       0.00
  integral         :   86519.97       0.00       0.00       0.00   86519.97       0.00       0.00       0.00       0.00       0.00
  knapsack         :       0.00       0.00       0.00       0.00       0.00       0.00       0.00       0.00       0.00       0.00
  setppc           :       0.00       0.00       0.00       0.00       0.00       0.00       0.00       0.00       0.00       0.00
  linear           :       0.53       0.00       0.52       0.01       0.00       0.00       0.00       0.00       0.00       0.00
  logicor          :       0.00       0.00       0.00       0.00       0.00       0.00       0.00       0.00       0.00       0.00
  benders          :       0.00       0.00       0.00       0.00       0.00       0.00       0.00       0.00       0.00       0.00
  fixedvar         :       0.00       0.00       0.00       0.00       0.00       0.00       0.00       0.00       0.00       0.00
  countsols        :       0.00       0.00       0.00       0.00       0.00       0.00       0.00       0.00       0.00       0.00
  components       :       0.00       0.00       0.00       0.00       0.00       0.00       0.00       0.00       0.00       0.00
Propagators        : #Propagate   #ResProp    Cutoffs    DomReds
  dualfix          :         12          0          0          0
  genvbounds       :          0          0          0          0
  nlobbt           :          0          0          0          0
  obbt             :          0          0          0          0
  probing          :          0          0          0          0
  pseudoobj        :        431          0          0          6
  redcost          :        445          0          0        377
  rootredcost      :          1          0          0          0
  symmetry         :          0          0          0          0
  vbounds          :          6          0          0          0
Propagator Timings :  TotalTime  SetupTime   Presolve  Propagate    ResProp    SB-Prop
  dualfix          :       0.00       0.00       0.00       0.00       0.00       0.00
  genvbounds       :       0.00       0.00       0.00       0.00       0.00       0.00
  nlobbt           :       0.00       0.00       0.00       0.00       0.00       0.00
  obbt             :       0.00       0.00       0.00       0.00       0.00       0.00
  probing          :       0.00       0.00       0.00       0.00       0.00       0.00
  pseudoobj        :       0.00       0.00       0.00       0.00       0.00       0.00
  redcost          :       0.00       0.00       0.00       0.00       0.00       0.00
  rootredcost      :       0.00       0.00       0.00       0.00       0.00       0.00
  symmetry         :       0.00       0.00       0.00       0.00       0.00       0.00
  vbounds          :       0.00       0.00       0.00       0.00       0.00       0.00
Symmetry           :
  orbitopal red.   :          0 reductions applied,          0 cutoffs
  orbital reduction:          0 reductions applied,          0 cutoffs
  lexicographic red:          0 reductions applied,          0 cutoffs
  shadow tree time :       0.00 s
Conflict Analysis  :       Time      Calls    Success    DomReds  Conflicts   Literals    Reconvs ReconvLits   Dualrays   Nonzeros   LP Iters   (pool size: [--,--])
  propagation      :       0.00          0          0          -          0        0.0          0        0.0          -          -          -
  infeasible LP    :       0.00          0          0          -          0        0.0          0        0.0          0        0.0          0
  bound exceed. LP :       0.00         64          2          -          2       20.0          0        0.0          0        0.0          0
  strong branching :       0.00          0          0          -          0        0.0          0        0.0          -          -          0
  pseudo solution  :       0.00          0          0          -          0        0.0          0        0.0          -          -          -
  applied globally :       0.00          -          -          0          0        0.0          -          -          0          -          -
  applied locally  :          -          -          -          0          2       20.0          -          -          0          -          -
Separators         :   ExecTime  SetupTime      Calls  RootCalls    Cutoffs    DomReds  FoundCuts ViaPoolAdd  DirectAdd    Applied ViaPoolApp  DirectApp      Conss
  cut pool         :       0.01          -        226        114          -          -       1901       6028          -          -          -          -          -    (maximal pool size:       1208)
  aggregation      :       0.64       0.00        114         58          0          0       1130       3000          0         90         90          0          0
  > cmir           :          -          -          -          -          -          -          -       2989          0         90         90          0          -
  > flowcover      :          -          -          -          -          -          -          -          4          0          0          0          0          -
  > knapsackcover  :          -          -          -          -          -          -          -          7          0          0          0          0          -
  cgmip            :       0.00       0.00          0          0          0          0          0          0          0          0          0          0          0
  clique           :       0.00       0.00         58         58          0          0          0          0          0          0          0          0          0
  closecuts        :       0.00       0.00          0          0          0          0          0          0          0          0          0          0          0
  convexproj       :       0.00       0.00          0          0          0          0          0          0          0          0          0          0          0
  disjunctive      :       0.00       0.00          0          0          0          0          0          0          0          0          0          0          0
  eccuts           :       0.00       0.00          0          0          0          0          0          0          0          0          0          0          0
  gauge            :       0.00       0.00          0          0          0          0          0          0          0          0          0          0          0
  gomory           :       0.05       0.00         64         30          0          0        771       3028          0         26         26          0          0
  > gomorymi       :          -          -          -          -          -          -          -       3028          0         26         26          0          -
  > strongcg       :          -          -          -          -          -          -          -          0          0          0          0          0          -
  impliedbounds    :       0.00       0.00        114         58          0          0          0          0          0          0          0          0          0
  interminor       :       0.00       0.00          0          0          0          0          0          0          0          0          0          0          0
  intobj           :       0.00       0.00          0          0          0          0          0          0          0          0          0          0          0
  lagromory        :       0.00       0.00          0          0          0          0          0          0          0          0          0          0          0
  mcf              :       0.00       0.00          3          3          0          0          0          0          0          0          0          0          0
  minor            :       0.00       0.00          0          0          0          0          0          0          0          0          0          0          0
  mixing           :       0.00       0.00        114         58          0          0          0          0          0          0          0          0          0
  oddcycle         :       0.00       0.00          0          0          0          0          0          0          0          0          0          0          0
  rapidlearning    :       0.00       0.00          0          0          0          0          0          0          0          0          0          0          0
  rlt              :       0.00       0.00         30         30          0          0          0          0          0          0          0          0          0
  zerohalf         :       0.00       0.00         89         55          0          0          0          0          0          0          0          0          0
Cutselectors       :   ExecTime  SetupTime      Calls  RootCalls   Selected     Forced   Filtered  RootSelec   RootForc   RootFilt 
  hybrid           :       0.00       0.00        116         60        116          0       5921         60          0       3495
  ensemble         :       0.00       0.00          0          0          0          0          0          0          0          0
  dynamic          :       0.00       0.00          0          0          0          0          0          0          0          0
Pricers            :   ExecTime  SetupTime      Calls       Vars
  problem variables:       0.00          -          0          0
Branching Rules    :   ExecTime  SetupTime   BranchLP  BranchExt   BranchPS    Cutoffs    DomReds       Cuts      Conss   Children
  allfullstrong    :       0.00       0.00          0          0          0          0          0          0          0          0
  cloud            :       0.00       0.00          0          0          0          0          0          0          0          0
  distribution     :       0.00       0.00          0          0          0          0          0          0          0          0
  fullstrong       :       0.00       0.00          0          0          0          0          0          0          0          0
  general_disjuncti:   86519.96       0.00        115          0          0          1         10          0          0        176
  GeneralDisjunction(extra): subMILPs=2524 fairNodes of all MILPs=42249121 probingLPs=1480
  gomory           :       0.00       0.00          0          0          0          0          0          0          0          0
  inference        :       0.00       0.00          0          0          0          0          0          0          0          0
  leastinf         :       0.00       0.00          0          0          0          0          0          0          0          0
  lookahead        :       0.00       0.00          0          0          0          0          0          0          0          0
  mostinf          :       0.00       0.00          0          0          0          0          0          0          0          0
  multaggr         :       0.00       0.00          0          0          0          0          0          0          0          0
  nodereopt        :       0.00       0.00          0          0          0          0          0          0          0          0
  pscost           :       0.00       0.00          0          0          0          0          0          0          0          0
  random           :       0.00       0.00          0          0          0          0          0          0          0          0
  relpscost        :       0.01       0.00         20          0          0          0          4          0          0         36
  vanillafullstrong:       0.00       0.00          0          0          0          0          0          0          0          0
Primal Heuristics  :   ExecTime  SetupTime      Calls      Found       Best
  LP solutions     :       0.00          -          -          0          0
  relax solutions  :       0.00          -          -          0          0
  pseudo solutions :       0.00          -          -          0          0
  strong branching :       0.00          -          -          0          0
  actconsdiving    :       0.00       0.00          0          0          0
  adaptivediving   :       0.00       0.00          0          0          0
  alns             :       0.01       0.00          1          0          0
  bound            :       0.00       0.00          0          0          0
  clique           :       0.00       0.00          1          0          0
  coefdiving       :       0.00       0.00          0          0          0
  completesol      :       0.00       0.00          0          0          0
  conflictdiving   :       0.00       0.00          0          0          0
  crossover        :       0.00       0.00          0          0          0
  dins             :       0.00       0.00          0          0          0
  distributiondivin:       0.00       0.00          0          0          0
  dps              :       0.00       0.00          0          0          0
  dualval          :       0.00       0.00          0          0          0
  farkasdiving     :       0.00       0.00          0          0          0
  feaspump         :       0.00       0.00          1          0          0
  fixandinfer      :       0.00       0.00          0          0          0
  fracdiving       :       0.00       0.00          0          0          0
  gins             :       0.00       0.00          0          0          0
  guideddiving     :       0.00       0.00          0          0          0
  indicator        :       0.00       0.00          0          0          0
  indicatordiving  :       0.00       0.00          0          0          0
  intdiving        :       0.00       0.00          0          0          0
  intshifting      :       0.00       0.00          1          0          0
  linesearchdiving :       0.00       0.00          0          0          0
  localbranching   :       0.00       0.00          0          0          0
  locks            :       0.00       0.00          1          1          1
  lpface           :       0.00       0.00          0          0          0
  mpec             :       0.00       0.00          0          0          0
  multistart       :       0.00       0.00          0          0          0
  mutation         :       0.00       0.00          0          0          0
  nlpdiving        :       0.00       0.00          0          0          0
  objpscostdiving  :       0.00       0.00          0          0          0
  octane           :       0.00       0.00          0          0          0
  ofins            :       0.00       0.00          0          0          0
  oneopt           :       0.00       0.00          4          0          0
  padm             :       0.00       0.00          0          0          0
  proximity        :       0.00       0.00          0          0          0
  pscostdiving     :       0.00       0.00          1          0          0
  randrounding     :       0.01       0.00         64          0          0
  rens             :       0.46       0.00          3          2          2
  reoptsols        :       0.00       0.00          0          0          0
  repair           :       0.00       0.00          0          0          0
  rins             :       0.00       0.00          0          0          0
  rootsoldiving    :       0.00       0.00          0          0          0
  rounding         :       0.01       0.00        167          0          0
  scheduler        :       0.00       0.00          0          0          0
  shiftandpropagate:       0.00       0.00          0          0          0
  shifting         :       0.03       0.00        128          1          1
  simplerounding   :       0.00       0.00          0          0          0
  subnlp           :       0.00       0.00          0          0          0
  trivial          :       0.00       0.00          6          0          0
  trivialnegation  :       0.00       0.00          0          0          0
  trustregion      :       0.00       0.00          0          0          0
  trysol           :       0.00       0.00          0          0          0
  twoopt           :       0.00       0.00          0          0          0
  undercover       :       0.00       0.00          0          0          0
  vbounds          :       0.00       0.00          0          0          0
  veclendiving     :       0.00       0.00          0          0          0
  zeroobj          :       0.00       0.00          0          0          0
  zirounding       :       0.00       0.00        106          0          0
  other solutions  :          -          -          -          0          -
LNS (Scheduler)    :      Calls  SetupTime  SolveTime SolveNodes       Sols       Best       Exp3    Exp3-IX  EpsGreedy        UCB TgtFixRate  Opt  Inf Node Stal  Sol  Usr Othr Actv
  rens             :          0       0.00       0.00          0          0          0    0.00000    0.12500   -1.00000    1.00000      0.900    0    0    0    0    0    0    0    1
  rins             :          0       0.00       0.00          0          0          0    0.00000    0.12500   -1.00000    1.00000      0.900    0    0    0    0    0    0    0    1
  mutation         :          0       0.00       0.00          0          0          0    0.00000    0.12500   -1.00000    1.00000      0.900    0    0    0    0    0    0    0    1
  localbranching   :          0       0.00       0.00          0          0          0    0.00000    0.12500   -1.00000    1.00000      0.900    0    0    0    0    0    0    0    1
  crossover        :          0       0.00       0.00          0          0          0    0.00000    0.12500   -1.00000    1.00000      0.900    0    0    0    0    0    0    0    1
  proximity        :          0       0.00       0.00          0          0          0    0.00000    0.12500   -1.00000    1.00000      0.900    0    0    0    0    0    0    0    1
  zeroobjective    :          0       0.00       0.00          0          0          0    0.00000    0.12500   -1.00000    1.00000      0.900    0    0    0    0    0    0    0    1
  dins             :          0       0.00       0.00          0          0          0    0.00000    0.12500   -1.00000    1.00000      0.900    0    0    0    0    0    0    0    1
  trustregion      :          0       0.00       0.00          0          0          0    0.00000    0.00000   -1.00000    1.00000      0.900    0    0    0    0    0    0    0    0
LP                 :       Time      Calls Iterations  Iter/call   Iter/sec  Time-0-It Calls-0-It    ItLimit
  primal LP        :       0.00         14          0       0.00          -       0.00         14
  dual LP          :       0.07        333       1811       7.74   25934.04       0.01         99
  lex dual LP      :       0.00          0          0       0.00          -
  barrier LP       :       0.00          0          0       0.00          -       0.00          0
  resolve instable :       0.00          0          0       0.00          -
  diving/probing LP:       0.41       1502      13883       9.24   33734.59
  strong branching :       0.11        312       4970      15.93   47307.20          -          -          4
    (at root node) :          -         42       1021      24.31          -
  conflict analysis:       0.00          0          0       0.00          -
B&B Tree           :
  number of runs   :          3
  nodes            :        109 (105 internal, 4 leaves)
  feasible leaves  :          0
  infeas. leaves   :          1
  objective leaves :          3
  nodes (total)    :        111 (106 internal, 5 leaves)
  nodes left       :        102
  max depth        :         16
  max depth (total):         16
  backtracks       :          8 (7.3%)
  early backtracks :          0 (0.0%)
  nodes exc. ref.  :          0 (0.0%)
  delayed cutoffs  :          0
  repropagations   :          1 (0 domain reductions, 0 cutoffs)
  avg switch length:       2.04
  switching time   :       0.01
Root Node          :
  First LP value   : +1.04827952803312e+04
  First LP Iters   :         31 (11179.23 Iter/sec)
  First LP Time    :       0.00
  Final Dual Bound : +1.05900078715348e+04
  Final Root Iters :        476
  Root LP Estimate : +1.07750269306281e+04
Solution           :
  Solutions found  :          4 (4 improvements)
  First Solution   : +8.93484039571000e+04   (in run 1, after 1 nodes, 0.02 seconds, depth 21, found by <locks>)
  Gap First Sol.   :   infinite
  Gap Last Sol.    :      19.45 %
  Primal Bound     : +1.26403712582000e+04   (in run 2, after 1 nodes, 1.09 seconds, depth 0, found by <rens>)
  Dual Bound       : +1.06095238453149e+04
  Gap              :      19.14 %
Integrals          :      Total       Avg%
  primal-dual      : 1402762.98      16.21
  primal-ref       :          -          - (not evaluated)
  dual-ref         :          -          - (not evaluated)
