SCIP version 9.2.2 [precision: 8 byte] [memory: block] [mode: optimized] [LP solver: CPLEX 12.10.0.0] [GitHash: 416226a4f8]
Copyright (c) 2002-2025 Zuse Institute Berlin (ZIB)

reading parameter file </scratch/htc/yzhou/exp_scipmip/settings/allon_gendj.set>

read problem </scratch/htc/yzhou/exp_scipmip/instances/additional/mcsched.mps>
============

original problem has 1747 variables (1745 bin, 0 int, 0 impl, 2 cont) and 2107 constraints
   2107 constraints of type <linear>
Reading Time: 0.02
solve problem
=============
LP Solver <CPLEX 12.10.0.0>: fastmip setting not available -- SCIP parameter has no effect
LP Solver <CPLEX 12.10.0.0>: clock type cannot be set
LP Solver <CPLEX 12.10.0.0>: row representation of the basis not available -- SCIP parameter lp/rowrepswitch has no effect
LP Solver <CPLEX 12.10.0.0>: solution polishing not available -- SCIP parameter lp/solutionpolishing has no effect
LP Solver <CPLEX 12.10.0.0>: refactorization interval not available -- SCIP parameter lp/refactorinterval has no effect
transformed problem has 1747 variables (1745 bin, 0 int, 0 impl, 2 cont) and 2107 constraints
   2107 constraints of type <linear>

original problem has 8088 active (0.219727%) nonzeros and 8088 (0.219727%) check nonzeros

presolving:
(round 1, fast)       245 del vars, 241 del conss, 1 add conss, 68 chg bounds, 0 chg sides, 0 chg coeffs, 0 upgd conss, 0 impls, 1854 clqs
(round 2, fast)       252 del vars, 255 del conss, 1 add conss, 68 chg bounds, 0 chg sides, 0 chg coeffs, 0 upgd conss, 0 impls, 1848 clqs
(round 3, exhaustive) 252 del vars, 255 del conss, 1 add conss, 68 chg bounds, 0 chg sides, 0 chg coeffs, 1853 upgd conss, 0 impls, 1848 clqs
   (0.0s) probing: 100/1495 (6.7%) - 0 fixings, 0 aggregations, 5096 implications, 0 bound changes
   (0.1s) probing: 195/1495 (13.0%) - 0 fixings, 0 aggregations, 6064 implications, 0 bound changes
   (0.1s) probing aborted: 50/50 successive totally useless probings
   (0.1s) symmetry computation started: requiring (bin +, int +, cont +), (fixed: bin -, int -, cont -)
   (0.1s) symmetry computation finished: 15 generators found (max: 1500, log10 of symmetry group size: 0.0) (symcode time: 0.00)
dynamic symmetry handling statistics:
   orbitopal reduction:       no components
   orbital reduction:         no components
   lexicographic reduction:   15 permutations with support sizes 6, 6, 6, 6, 6, 6, 6, 6, 6, 6, 6, 6, 6, 6, 6
handled 15 out of 15 symmetry components
clique table cleanup detected 0 bound changes

presolved problem has 4507 active (0.162694%) nonzeros and 4507 (0.162694%) check nonzeros

presolving (4 rounds: 4 fast, 2 medium, 2 exhaustive):
 252 deleted vars, 255 deleted constraints, 1 added constraints, 68 tightened bounds, 0 added holes, 0 changed sides, 0 changed coefficients
 0 implications, 7754 cliques
presolved problem has 1495 variables (1495 bin, 0 int, 0 impl, 0 cont) and 1853 constraints
      5 constraints of type <knapsack>
   1848 constraints of type <setppc>
transformed objective value is always integral (scale: 1)
Presolving Time: 0.06

 time | node  | left  |LP iter|LP it/n|mem/heur|mdpt |vars |cons |rows |cuts |sepa|confs|strbr|  dualbound   | primalbound  |  gap   | compl. 
p 0.1s|     1 |     0 |     0 |     - |   locks|   0 |1495 |1854 |1853 |   0 |  0 |   0 |   0 |-8.789730e+05 | 4.685140e+05 |    Inf | unknown
p 0.1s|     1 |     0 |     0 |     - | vbounds|   0 |1495 |1856 |1853 |   0 |  0 |   2 |   0 |-8.789730e+05 | 2.618360e+05 |    Inf | unknown
p 0.1s|     1 |     0 |   116 |     - | vbounds|   0 |1495 |1867 |1853 |   0 |  0 |  13 |   0 |-8.789730e+05 | 2.329120e+05 |    Inf | unknown
  0.2s|     1 |     0 |  3703 |     - |    28M |   0 |1495 |1867 |1853 |   0 |  0 |  13 |   0 | 1.937748e+05 | 2.329120e+05 |  20.20%| unknown
  0.3s|     1 |     0 |  3745 |     - |    41M |   0 |1495 |1868 |1856 |   3 |  1 |  14 |   0 | 1.937795e+05 | 2.329120e+05 |  20.19%| unknown
  0.5s|     1 |     0 |  3812 |     - |    55M |   0 |1495 |1869 |1860 |   7 |  2 |  15 |   0 | 1.937886e+05 | 2.329120e+05 |  20.19%| unknown
  0.6s|     1 |     0 |  3895 |     - |    66M |   0 |1495 |1872 |1863 |  10 |  3 |  18 |   0 | 1.937964e+05 | 2.329120e+05 |  20.18%| unknown
  0.8s|     1 |     0 |  3959 |     - |    80M |   0 |1495 |1872 |1865 |  12 |  4 |  18 |   0 | 1.938005e+05 | 2.329120e+05 |  20.18%| unknown
  1.0s|     1 |     0 |  4022 |     - |    87M |   0 |1495 |1872 |1868 |  15 |  5 |  18 |   0 | 1.938041e+05 | 2.329120e+05 |  20.18%| unknown
  1.1s|     1 |     0 |  4082 |     - |    99M |   0 |1495 |1872 |1871 |  18 |  6 |  18 |   0 | 1.938068e+05 | 2.329120e+05 |  20.18%| unknown
  1.3s|     1 |     0 |  4133 |     - |   113M |   0 |1495 |1873 |1875 |  22 |  7 |  19 |   0 | 1.938090e+05 | 2.329120e+05 |  20.18%| unknown
  1.5s|     1 |     0 |  4186 |     - |   116M |   0 |1495 |1874 |1878 |  25 |  8 |  20 |   0 | 1.938130e+05 | 2.329120e+05 |  20.17%| unknown
  1.7s|     1 |     0 |  4227 |     - |   131M |   0 |1495 |1874 |1880 |  27 |  9 |  20 |   0 | 1.938138e+05 | 2.329120e+05 |  20.17%| unknown
  1.9s|     1 |     0 |  4261 |     - |   136M |   0 |1495 |1874 |1882 |  29 | 10 |  20 |   0 | 1.938146e+05 | 2.329120e+05 |  20.17%| unknown
  2.0s|     1 |     0 |  4309 |     - |   136M |   0 |1495 |1874 |1884 |  31 | 11 |  20 |   0 | 1.938155e+05 | 2.329120e+05 |  20.17%| unknown
Truncate separation round because of stalling (10 stall rounds).
 time | node  | left  |LP iter|LP it/n|mem/heur|mdpt |vars |cons |rows |cuts |sepa|confs|strbr|  dualbound   | primalbound  |  gap   | compl. 
d 2.0s|     1 |     0 |  5322 |     - |farkasdi|   0 |1495 |1875 |1884 |   0 | 11 |  21 |   0 | 1.938155e+05 | 2.237940e+05 |  15.47%| unknown
  2.2s|     1 |     0 |  7600 |     - |   137M |   0 |1495 |1892 |1884 |  31 | 11 |  38 |   0 | 1.938155e+05 | 2.237940e+05 |  15.47%| unknown
  2.3s|     1 |     0 |  7657 |     - |   137M |   0 |1495 |1892 |1887 |  34 | 12 |  38 |   0 | 1.938169e+05 | 2.237940e+05 |  15.47%| unknown
  2.3s|     1 |     0 |  7666 |     - |   137M |   0 |1495 |1894 |1888 |  35 | 13 |  40 |   0 | 1.938169e+05 | 2.237940e+05 |  15.47%| unknown
_____________________________________
Now starting branching with general disjunction
Current branching Node number: 1
LP objective value: -281183
Node lower bound: -281176
Node upper bound: 223794
gap to the primal bound: 0.154625
Preck submodel is infeasible, continue branching
Time limit exceeded (1000.12s), stopping submodel solve loop
General disjunction: No feasible solution found, use SCIP default branching rule
 1003s|     1 |     2 |  7666 |     - |   137M |   0 |1495 |1897 |1888 |  35 | 13 |  43 |  45 | 1.938240e+05 | 2.237940e+05 |  15.46%| unknown
_____________________________________
Now starting branching with general disjunction
Current branching Node number: 3
LP objective value: -279731
Node lower bound: -279241
Node upper bound: 223794
gap to the primal bound: 0.154625
Preck submodel is infeasible, continue branching
Time limit exceeded (1000.12s), stopping submodel solve loop
General disjunction: No feasible solution found, use SCIP default branching rule
_____________________________________
Now starting branching with general disjunction
Current branching Node number: 5
LP objective value: -276489
Node lower bound: -275948
Node upper bound: 223794
gap to the primal bound: 0.154625
Preck submodel is infeasible, continue branching
Time limit exceeded (1000.12s), stopping submodel solve loop
General disjunction: No feasible solution found, use SCIP default branching rule
_____________________________________
Now starting branching with general disjunction
Current branching Node number: 7
LP objective value: -270634
Node lower bound: -269647
Node upper bound: 223794
gap to the primal bound: 0.154625
Preck submodel is infeasible, continue branching
Time limit exceeded (1000.12s), stopping submodel solve loop
General disjunction: No feasible solution found, use SCIP default branching rule
_____________________________________
Now starting branching with general disjunction
Current branching Node number: 9
LP objective value: -267431
Node lower bound: -266709
Node upper bound: 223794
gap to the primal bound: 0.154625
Preck submodel is infeasible, continue branching
Time limit exceeded (1000.12s), stopping submodel solve loop
General disjunction: No feasible solution found, use SCIP default branching rule
_____________________________________
Now starting branching with general disjunction
Current branching Node number: 11
LP objective value: -265910
Node lower bound: -265117
Node upper bound: 223794
gap to the primal bound: 0.154625
Preck submodel is infeasible, continue branching
Time limit exceeded (1000.12s), stopping submodel solve loop
General disjunction: No feasible solution found, use SCIP default branching rule
_____________________________________
Now starting branching with general disjunction
Current branching Node number: 13
LP objective value: -264557
Node lower bound: -262836
Node upper bound: 223794
gap to the primal bound: 0.154625
Preck submodel is infeasible, continue branching
Time limit exceeded (1000.13s), stopping submodel solve loop
General disjunction: No feasible solution found, use SCIP default branching rule
_____________________________________
Now starting branching with general disjunction
Current branching Node number: 15
LP objective value: -262072
Node lower bound: -261526
Node upper bound: 223794
gap to the primal bound: 0.154625
Preck submodel is infeasible, continue branching
Time limit exceeded (1000.12s), stopping submodel solve loop
General disjunction: No feasible solution found, use SCIP default branching rule
_____________________________________
Now starting branching with general disjunction
Current branching Node number: 17
LP objective value: -260791
Node lower bound: -260360
Node upper bound: 223794
gap to the primal bound: 0.154625
Preck submodel is infeasible, continue branching
Time limit exceeded (1000.12s), stopping submodel solve loop
General disjunction: No feasible solution found, use SCIP default branching rule
*9007s|     9 |     8 |  8548 | 536.1 |strongbr|   8 |1495 |1897 |1877 |  35 |  1 |  43 | 443 | 1.938240e+05 | 2.158450e+05 |  11.36%| unknown
_____________________________________
Now starting branching with general disjunction
Current branching Node number: 17
Relpscost reduced domain, skip general disjunction branching
_____________________________________
Now starting branching with general disjunction
Current branching Node number: 17
*9007s|     9 |     8 |  8581 | 540.2 |strongbr|   8 |1495 |1899 |1877 |  35 |  3 |  45 | 448 | 1.938240e+05 | 2.158280e+05 |  11.35%| unknown
Relpscost reduced domain, skip general disjunction branching
_____________________________________
Now starting branching with general disjunction
Current branching Node number: 17
Relpscost reduced domain, skip general disjunction branching
_____________________________________
Now starting branching with general disjunction
Current branching Node number: 17
Relpscost reduced domain, skip general disjunction branching
_____________________________________
Now starting branching with general disjunction
Current branching Node number: 17
Relpscost reduced domain, skip general disjunction branching
_____________________________________
Now starting branching with general disjunction
Current branching Node number: 17
Relpscost reduced domain, skip general disjunction branching
_____________________________________
Now starting branching with general disjunction
Current branching Node number: 17
Relpscost reduced domain, skip general disjunction branching
_____________________________________
Now starting branching with general disjunction
Current branching Node number: 17
*9007s|     9 |     8 |  8616 | 544.6 |strongbr|   8 |1495 |1913 |1877 |  35 | 11 |  59 | 471 | 1.938240e+05 | 2.158150e+05 |  11.35%| unknown
Relpscost reduced domain, skip general disjunction branching
_____________________________________
Now starting branching with general disjunction
Current branching Node number: 16
Relpscost reduced domain, skip general disjunction branching
_____________________________________
Now starting branching with general disjunction
Current branching Node number: 16
Relpscost reduced domain, skip general disjunction branching
_____________________________________
Now starting branching with general disjunction
Current branching Node number: 16
LP objective value: -260654
Node lower bound: -260173
Node upper bound: 215815
gap to the primal bound: 0.113459
Preck submodel is infeasible, continue branching
Time limit exceeded (1000.12s), stopping submodel solve loop
General disjunction: No feasible solution found, use SCIP default branching rule
_____________________________________
Now starting branching with general disjunction
Current branching Node number: 16
Relpscost reduced domain, skip general disjunction branching
_____________________________________
Now starting branching with general disjunction
Current branching Node number: 16
Relpscost reduced domain, skip general disjunction branching
_____________________________________
Now starting branching with general disjunction
Current branching Node number: 16
Relpscost reduced domain, skip general disjunction branching
_____________________________________
Now starting branching with general disjunction
Current branching Node number: 16
Relpscost reduced domain, skip general disjunction branching
_____________________________________
Now starting branching with general disjunction
Current branching Node number: 2
LP objective value: -281179
Node lower bound: -281170
Node upper bound: 215815
gap to the primal bound: 0.113425
Preck submodel is infeasible, continue branching
Time limit exceeded (1000.11s), stopping submodel solve loop
General disjunction: No feasible solution found, use SCIP default branching rule
_____________________________________
Now starting branching with general disjunction
Current branching Node number: 19
LP objective value: -280674
Node lower bound: -280492
Node upper bound: 215815
gap to the primal bound: 0.113425
Preck submodel is infeasible, continue branching
Time limit exceeded (1000.11s), stopping submodel solve loop
General disjunction: No feasible solution found, use SCIP default branching rule
_____________________________________
Now starting branching with general disjunction
Current branching Node number: 21
LP objective value: -279807
Node lower bound: -279394
Node upper bound: 215815
gap to the primal bound: 0.113425
Preck submodel is infeasible, continue branching
Time limit exceeded (1000.12s), stopping submodel solve loop
General disjunction: No feasible solution found, use SCIP default branching rule
_____________________________________
Now starting branching with general disjunction
Current branching Node number: 23
LP objective value: -275467
Node lower bound: -274684
Node upper bound: 215815
gap to the primal bound: 0.113425
Preck submodel is infeasible, continue branching
Time limit exceeded (1000.11s), stopping submodel solve loop
General disjunction: No feasible solution found, use SCIP default branching rule
_____________________________________
Now starting branching with general disjunction
Current branching Node number: 25
LP objective value: -271562
Node lower bound: -270962
Node upper bound: 215815
gap to the primal bound: 0.113425
Preck submodel is infeasible, continue branching
Time limit exceeded (1000.11s), stopping submodel solve loop
General disjunction: No feasible solution found, use SCIP default branching rule
_____________________________________
Now starting branching with general disjunction
Current branching Node number: 27
LP objective value: -268395
Node lower bound: -267896
Node upper bound: 215815
gap to the primal bound: 0.113425
Preck submodel is infeasible, continue branching
Time limit exceeded (1000.12s), stopping submodel solve loop
General disjunction: No feasible solution found, use SCIP default branching rule
_____________________________________
Now starting branching with general disjunction
Current branching Node number: 29
LP objective value: -266034
Node lower bound: -265535
Node upper bound: 215815
gap to the primal bound: 0.113425
Preck submodel is infeasible, continue branching
Time limit exceeded (1000.11s), stopping submodel solve loop
General disjunction: No feasible solution found, use SCIP default branching rule
_____________________________________
Now starting branching with general disjunction
Current branching Node number: 31
Relpscost reduced domain, skip general disjunction branching
_____________________________________
Now starting branching with general disjunction
Current branching Node number: 31
LP objective value: -261542
Node lower bound: -261045
Node upper bound: 215815
gap to the primal bound: 0.113425
Preck submodel is infeasible, continue branching
Time limit exceeded (1000.12s), stopping submodel solve loop
General disjunction: No feasible solution found, use SCIP default branching rule
_____________________________________
Now starting branching with general disjunction
Current branching Node number: 32
Relpscost reduced domain, skip general disjunction branching
_____________________________________
Now starting branching with general disjunction
Current branching Node number: 32
Relpscost reduced domain, skip general disjunction branching
_____________________________________
Now starting branching with general disjunction
Current branching Node number: 32
Relpscost reduced domain, skip general disjunction branching
_____________________________________
Now starting branching with general disjunction
Current branching Node number: 18
LP objective value: -281178
Node lower bound: -281170
Node upper bound: 215815
gap to the primal bound: 0.113425
Preck submodel is infeasible, continue branching
Time limit exceeded (1000.11s), stopping submodel solve loop
General disjunction: No feasible solution found, use SCIP default branching rule
_____________________________________
Now starting branching with general disjunction
Current branching Node number: 35
LP objective value: -279918
Node lower bound: -279918
Node upper bound: 215815
gap to the primal bound: 0.113425
Preck submodel is infeasible, continue branching
Time limit exceeded (1000.11s), stopping submodel solve loop
General disjunction: No feasible solution found, use SCIP default branching rule
_____________________________________
Now starting branching with general disjunction
Current branching Node number: 37
LP objective value: -278651
Node lower bound: -278651
Node upper bound: 215815
gap to the primal bound: 0.113425
Preck submodel is infeasible, continue branching
Time limit exceeded (1000.11s), stopping submodel solve loop
General disjunction: No feasible solution found, use SCIP default branching rule
_____________________________________
Now starting branching with general disjunction
Current branching Node number: 39
LP objective value: -275031
Node lower bound: -275031
Node upper bound: 215815
gap to the primal bound: 0.113425
Preck submodel is infeasible, continue branching
Time limit exceeded (1000.11s), stopping submodel solve loop
General disjunction: No feasible solution found, use SCIP default branching rule
_____________________________________
Now starting branching with general disjunction
Current branching Node number: 41
LP objective value: -271740
Node lower bound: -271740
Node upper bound: 215815
gap to the primal bound: 0.113425
Preck submodel is infeasible, continue branching
Time limit exceeded (1000.12s), stopping submodel solve loop
General disjunction: No feasible solution found, use SCIP default branching rule
_____________________________________
Now starting branching with general disjunction
Current branching Node number: 43
LP objective value: -268374
Node lower bound: -268374
Node upper bound: 215815
gap to the primal bound: 0.113425
Preck submodel is infeasible, continue branching
Time limit exceeded (1000.12s), stopping submodel solve loop
General disjunction: No feasible solution found, use SCIP default branching rule
_____________________________________
Now starting branching with general disjunction
Current branching Node number: 45
LP objective value: -266060
Node lower bound: -266060
Node upper bound: 215815
gap to the primal bound: 0.113425
Preck submodel is infeasible, continue branching
Time limit exceeded (1000.11s), stopping submodel solve loop
General disjunction: No feasible solution found, use SCIP default branching rule
_____________________________________
Now starting branching with general disjunction
Current branching Node number: 47
LP objective value: -263836
Node lower bound: -263836
Node upper bound: 215815
gap to the primal bound: 0.113425
Preck submodel is infeasible, continue branching
Time limit exceeded (1000.11s), stopping submodel solve loop
General disjunction: No feasible solution found, use SCIP default branching rule
_____________________________________
Now starting branching with general disjunction
Current branching Node number: 49
LP objective value: -262415
Node lower bound: -262415
Node upper bound: 215815
gap to the primal bound: 0.113425
Preck submodel is infeasible, continue branching
Time limit exceeded (1000.13s), stopping submodel solve loop
General disjunction: No feasible solution found, use SCIP default branching rule
_____________________________________
Now starting branching with general disjunction
Current branching Node number: 51
LP objective value: -262414
Node lower bound: -262414
Node upper bound: 215815
gap to the primal bound: 0.113425
Preck submodel is infeasible, continue branching
Time limit exceeded (1000.12s), stopping submodel solve loop
General disjunction: No feasible solution found, use SCIP default branching rule
_____________________________________
Now starting branching with general disjunction
Current branching Node number: 53
LP objective value: -261596
Node lower bound: -261596
Node upper bound: 215815
gap to the primal bound: 0.113425
Preck submodel is infeasible, continue branching
Time limit exceeded (1000.13s), stopping submodel solve loop
General disjunction: No feasible solution found, use SCIP default branching rule
_____________________________________
Now starting branching with general disjunction
Current branching Node number: 55
LP objective value: -261512
Node lower bound: -261512
Node upper bound: 215815
gap to the primal bound: 0.113425
Preck submodel is infeasible, continue branching
Time limit exceeded (1000.14s), stopping submodel solve loop
General disjunction: No feasible solution found, use SCIP default branching rule
* 500m|    33 |    24 | 11265 | 218.9 |    LP  |  14 |1495 |1959 |1888 |  49 |  1 | 105 | 944 | 1.938298e+05 | 2.148340e+05 |  10.84%|   2.37%
_____________________________________
Now starting branching with general disjunction
Current branching Node number: 56
LP objective value: -260427
Node lower bound: -260427
Node upper bound: 214834
gap to the primal bound: 0.108364
Preck submodel is infeasible, continue branching
Time limit exceeded (1000.13s), stopping submodel solve loop
General disjunction: No feasible solution found, use SCIP default branching rule
_____________________________________
Now starting branching with general disjunction
Current branching Node number: 54
LP objective value: -260994
Node lower bound: -260994
Node upper bound: 214834
gap to the primal bound: 0.108364
Preck submodel is infeasible, continue branching
Time limit exceeded (1000.13s), stopping submodel solve loop
General disjunction: No feasible solution found, use SCIP default branching rule
_____________________________________
Now starting branching with general disjunction
Current branching Node number: 61
LP objective value: -260994
Node lower bound: -260994
Node upper bound: 214834
gap to the primal bound: 0.108364
Preck submodel is infeasible, continue branching
Time limit exceeded (1000.16s), stopping submodel solve loop
General disjunction: No feasible solution found, use SCIP default branching rule
_____________________________________
Now starting branching with general disjunction
Current branching Node number: 62
LP objective value: -260785
Node lower bound: -260785
Node upper bound: 214834
gap to the primal bound: 0.108364
Preck submodel is infeasible, continue branching
Time limit exceeded (1000.13s), stopping submodel solve loop
General disjunction: No feasible solution found, use SCIP default branching rule
_____________________________________
Now starting branching with general disjunction
Current branching Node number: 60
LP objective value: -260344
Node lower bound: -260344
Node upper bound: 214834
gap to the primal bound: 0.108364
Preck submodel is infeasible, continue branching
Time limit exceeded (1000.13s), stopping submodel solve loop
General disjunction: No feasible solution found, use SCIP default branching rule
_____________________________________
Now starting branching with general disjunction
Current branching Node number: 48
LP objective value: -261419
Node lower bound: -261419
Node upper bound: 214834
gap to the primal bound: 0.108364
Preck submodel is infeasible, continue branching
Time limit exceeded (1000.11s), stopping submodel solve loop
General disjunction: No feasible solution found, use SCIP default branching rule
_____________________________________
Now starting branching with general disjunction
Current branching Node number: 69
LP objective value: -260800
Node lower bound: -260800
Node upper bound: 214834
gap to the primal bound: 0.108364
Preck submodel is infeasible, continue branching
Time limit exceeded (1000.13s), stopping submodel solve loop
General disjunction: No feasible solution found, use SCIP default branching rule
_____________________________________
Now starting branching with general disjunction
Current branching Node number: 71
LP objective value: -260799
Node lower bound: -260799
Node upper bound: 214834
gap to the primal bound: 0.108364
Preck submodel is infeasible, continue branching
Time limit exceeded (1000.13s), stopping submodel solve loop
General disjunction: No feasible solution found, use SCIP default branching rule
_____________________________________
Now starting branching with general disjunction
Current branching Node number: 72
LP objective value: -260408
Node lower bound: -260408
Node upper bound: 214834
gap to the primal bound: 0.108364
Preck submodel is infeasible, continue branching
Time limit exceeded (1000.13s), stopping submodel solve loop
General disjunction: No feasible solution found, use SCIP default branching rule
_____________________________________
Now starting branching with general disjunction
Current branching Node number: 70
LP objective value: -260527
Node lower bound: -260527
Node upper bound: 214834
gap to the primal bound: 0.108364
Preck submodel is infeasible, continue branching
Time limit exceeded (1000.16s), stopping submodel solve loop
General disjunction: No feasible solution found, use SCIP default branching rule
_____________________________________
Now starting branching with general disjunction
Current branching Node number: 46
LP objective value: -263960
Node lower bound: -263960
Node upper bound: 214834
gap to the primal bound: 0.108364
Preck submodel is infeasible, continue branching
Time limit exceeded (1000.14s), stopping submodel solve loop
General disjunction: No feasible solution found, use SCIP default branching rule
_____________________________________
Now starting branching with general disjunction
Current branching Node number: 79
LP objective value: -260709
Node lower bound: -260709
Node upper bound: 214834
gap to the primal bound: 0.108364
Preck submodel is infeasible, continue branching
Time limit exceeded (1000.15s), stopping submodel solve loop
General disjunction: No feasible solution found, use SCIP default branching rule
_____________________________________
Now starting branching with general disjunction
Current branching Node number: 80
LP objective value: -260573
Node lower bound: -260573
Node upper bound: 214834
gap to the primal bound: 0.108364
Preck submodel is infeasible, continue branching
Time limit exceeded (1000.15s), stopping submodel solve loop
General disjunction: No feasible solution found, use SCIP default branching rule
_____________________________________
Now starting branching with general disjunction
Current branching Node number: 52
LP objective value: -261189
Node lower bound: -261189
Node upper bound: 214834
gap to the primal bound: 0.108364
Preck submodel is infeasible, continue branching
Time limit exceeded (1000.15s), stopping submodel solve loop
General disjunction: No feasible solution found, use SCIP default branching rule
_____________________________________
Now starting branching with general disjunction
Current branching Node number: 85
LP objective value: -260262
Node lower bound: -260262
Node upper bound: 214834
gap to the primal bound: 0.108364
Preck submodel is infeasible, continue branching
Time limit exceeded (1000.14s), stopping submodel solve loop
General disjunction: No feasible solution found, use SCIP default branching rule
_____________________________________
Now starting branching with general disjunction
Current branching Node number: 50
LP objective value: -261838
Node lower bound: -261838
Node upper bound: 214834
gap to the primal bound: 0.108364
Preck submodel is infeasible, continue branching
Time limit exceeded (1000.12s), stopping submodel solve loop
General disjunction: No feasible solution found, use SCIP default branching rule
_____________________________________
Now starting branching with general disjunction
Current branching Node number: 89
LP objective value: -260915
Node lower bound: -260915
Node upper bound: 214834
gap to the primal bound: 0.108364
Preck submodel is infeasible, continue branching
Time limit exceeded (1000.13s), stopping submodel solve loop
General disjunction: No feasible solution found, use SCIP default branching rule
_____________________________________
Now starting branching with general disjunction
Current branching Node number: 91
LP objective value: -260776
Node lower bound: -260776
Node upper bound: 214834
gap to the primal bound: 0.108364
Preck submodel is infeasible, continue branching
Time limit exceeded (1000.14s), stopping submodel solve loop
General disjunction: No feasible solution found, use SCIP default branching rule
_____________________________________
Now starting branching with general disjunction
Current branching Node number: 92
LP objective value: -260462
Node lower bound: -260462
Node upper bound: 214834
gap to the primal bound: 0.108364
Preck submodel is infeasible, continue branching
Time limit exceeded (1000.13s), stopping submodel solve loop
General disjunction: No feasible solution found, use SCIP default branching rule
_____________________________________
Now starting branching with general disjunction
Current branching Node number: 88
LP objective value: -261060
Node lower bound: -261060
Node upper bound: 214834
gap to the primal bound: 0.108364
Preck submodel is infeasible, continue branching
Time limit exceeded (1000.13s), stopping submodel solve loop
General disjunction: No feasible solution found, use SCIP default branching rule
_____________________________________
Now starting branching with general disjunction
Current branching Node number: 68
LP objective value: -260722
Node lower bound: -260722
Node upper bound: 214834
gap to the primal bound: 0.108364
Preck submodel is infeasible, continue branching
Time limit exceeded (1000.15s), stopping submodel solve loop
General disjunction: No feasible solution found, use SCIP default branching rule
_____________________________________
Now starting branching with general disjunction
Current branching Node number: 84
LP objective value: -261013
Node lower bound: -261013
Node upper bound: 214834
gap to the primal bound: 0.108364
Preck submodel is infeasible, continue branching
Time limit exceeded (1000.13s), stopping submodel solve loop
General disjunction: No feasible solution found, use SCIP default branching rule
_____________________________________
Now starting branching with general disjunction
Current branching Node number: 30
LP objective value: -265496
Node lower bound: -265496
Node upper bound: 214834
gap to the primal bound: 0.108364
Preck submodel is infeasible, continue branching
Time limit exceeded (1000.12s), stopping submodel solve loop
General disjunction: No feasible solution found, use SCIP default branching rule
_____________________________________
Now starting branching with general disjunction
Current branching Node number: 103
LP objective value: -262130
Node lower bound: -262130
Node upper bound: 214834
gap to the primal bound: 0.108364
Preck submodel is infeasible, continue branching
Time limit exceeded (1000.11s), stopping submodel solve loop
General disjunction: No feasible solution found, use SCIP default branching rule
_____________________________________
Now starting branching with general disjunction
Current branching Node number: 14
LP objective value: -262662
Node lower bound: -262662
Node upper bound: 214834
gap to the primal bound: 0.108364
Preck submodel is infeasible, continue branching
Time limit exceeded (1000.12s), stopping submodel solve loop
General disjunction: No feasible solution found, use SCIP default branching rule
_____________________________________
Now starting branching with general disjunction
Current branching Node number: 106
LP objective value: -261751
Node lower bound: -261751
Node upper bound: 214834
gap to the primal bound: 0.108364
Preck submodel is infeasible, continue branching
Time limit exceeded (1000.13s), stopping submodel solve loop
General disjunction: No feasible solution found, use SCIP default branching rule
_____________________________________
Now starting branching with general disjunction
Current branching Node number: 109
LP objective value: -261751
Node lower bound: -261751
Node upper bound: 214834
gap to the primal bound: 0.108364
Preck submodel is infeasible, continue branching
Time limit exceeded (1000.13s), stopping submodel solve loop
General disjunction: No feasible solution found, use SCIP default branching rule
_____________________________________
Now starting branching with general disjunction
Current branching Node number: 78
LP objective value: -262572
Node lower bound: -262572
Node upper bound: 214834
gap to the primal bound: 0.108364
Preck submodel is infeasible, continue branching
Time limit exceeded (1000.14s), stopping submodel solve loop
General disjunction: No feasible solution found, use SCIP default branching rule
_____________________________________
Now starting branching with general disjunction
Current branching Node number: 113
LP objective value: -260499
Node lower bound: -260499
Node upper bound: 214834
gap to the primal bound: 0.108364
Preck submodel is infeasible, continue branching
Time limit exceeded (1000.14s), stopping submodel solve loop
General disjunction: No feasible solution found, use SCIP default branching rule
_____________________________________
Now starting branching with general disjunction
Current branching Node number: 112
LP objective value: -262330
Node lower bound: -262330
Node upper bound: 214834
gap to the primal bound: 0.108364
Preck submodel is infeasible, continue branching
Time limit exceeded (1000.12s), stopping submodel solve loop
General disjunction: No feasible solution found, use SCIP default branching rule
_____________________________________
Now starting branching with general disjunction
Current branching Node number: 117
LP objective value: -260612
Node lower bound: -260612
Node upper bound: 214834
gap to the primal bound: 0.108364
Preck submodel is infeasible, continue branching
Time limit exceeded (1000.14s), stopping submodel solve loop
General disjunction: No feasible solution found, use SCIP default branching rule
 1017m|   100 |    19 | 14125 |  99.7 |   165M |  16 |1495 |1964 |1900 | 136 |  0 | 110 | 944 | 1.938298e+05 | 2.148340e+05 |  10.84%|   7.21%
_____________________________________
Now starting branching with general disjunction
Current branching Node number: 116
LP objective value: -262055
Node lower bound: -262055
Node upper bound: 214834
gap to the primal bound: 0.108364
Preck submodel is infeasible, continue branching
Time limit exceeded (1000.16s), stopping submodel solve loop
General disjunction: No feasible solution found, use SCIP default branching rule
_____________________________________
Now starting branching with general disjunction
Current branching Node number: 121
LP objective value: -260965
Node lower bound: -260965
Node upper bound: 214834
gap to the primal bound: 0.108364
Preck submodel is infeasible, continue branching
Time limit exceeded (1000.16s), stopping submodel solve loop
General disjunction: No feasible solution found, use SCIP default branching rule
_____________________________________
Now starting branching with general disjunction
Current branching Node number: 122
LP objective value: -260811
Node lower bound: -260811
Node upper bound: 214834
gap to the primal bound: 0.108364
Preck submodel is infeasible, continue branching
Time limit exceeded (1000.12s), stopping submodel solve loop
General disjunction: No feasible solution found, use SCIP default branching rule
_____________________________________
Now starting branching with general disjunction
Current branching Node number: 125
LP objective value: -260256
Node lower bound: -260256
Node upper bound: 214834
gap to the primal bound: 0.108364
Preck submodel is infeasible, continue branching
Time limit exceeded (1000.13s), stopping submodel solve loop
General disjunction: No feasible solution found, use SCIP default branching rule
_____________________________________
Now starting branching with general disjunction
Current branching Node number: 120
LP objective value: -261783
Node lower bound: -261783
Node upper bound: 214834
gap to the primal bound: 0.108364
Preck submodel is infeasible, continue branching
Time limit exceeded (1000.14s), stopping submodel solve loop
General disjunction: No feasible solution found, use SCIP default branching rule
_____________________________________
Now starting branching with general disjunction
Current branching Node number: 128
LP objective value: -261623
Node lower bound: -261623
Node upper bound: 214834
gap to the primal bound: 0.108364
Preck submodel is infeasible, continue branching
Time limit exceeded (1000.12s), stopping submodel solve loop
General disjunction: No feasible solution found, use SCIP default branching rule
_____________________________________
Now starting branching with general disjunction
Current branching Node number: 131
LP objective value: -261293
Node lower bound: -261293
Node upper bound: 214834
gap to the primal bound: 0.108364
Preck submodel is infeasible, continue branching
Time limit exceeded (1000.12s), stopping submodel solve loop
General disjunction: No feasible solution found, use SCIP default branching rule
_____________________________________
Now starting branching with general disjunction
Current branching Node number: 132
LP objective value: -260444
Node lower bound: -260444
Node upper bound: 214834
gap to the primal bound: 0.108364
Preck submodel is infeasible, continue branching
Time limit exceeded (1000.13s), stopping submodel solve loop
General disjunction: No feasible solution found, use SCIP default branching rule
_____________________________________
Now starting branching with general disjunction
Current branching Node number: 134
LP objective value: -260274
Node lower bound: -260274
Node upper bound: 214834
gap to the primal bound: 0.108364
Preck submodel is infeasible, continue branching
Time limit exceeded (1000.12s), stopping submodel solve loop
General disjunction: No feasible solution found, use SCIP default branching rule
_____________________________________
Now starting branching with general disjunction
Current branching Node number: 130
LP objective value: -260371
Node lower bound: -260371
Node upper bound: 214834
gap to the primal bound: 0.108364
Preck submodel is infeasible, continue branching
Time limit exceeded (1000.12s), stopping submodel solve loop
General disjunction: No feasible solution found, use SCIP default branching rule
_____________________________________
Now starting branching with general disjunction
Current branching Node number: 102
LP objective value: -264494
Node lower bound: -264494
Node upper bound: 214834
gap to the primal bound: 0.108364
Preck submodel is infeasible, continue branching
Time limit exceeded (1000.13s), stopping submodel solve loop
General disjunction: No feasible solution found, use SCIP default branching rule
_____________________________________
Now starting branching with general disjunction
Current branching Node number: 140
LP objective value: -261209
Node lower bound: -261209
Node upper bound: 214834
gap to the primal bound: 0.108364
Preck submodel is infeasible, continue branching
Time limit exceeded (1000.14s), stopping submodel solve loop
General disjunction: No feasible solution found, use SCIP default branching rule
_____________________________________
Now starting branching with general disjunction
Current branching Node number: 143
LP objective value: -260206
Node lower bound: -260206
Node upper bound: 214834
gap to the primal bound: 0.108364
Preck submodel is infeasible, continue branching
Time limit exceeded (1000.12s), stopping submodel solve loop
General disjunction: No feasible solution found, use SCIP default branching rule
_____________________________________
Now starting branching with general disjunction
Current branching Node number: 44
LP objective value: -268122
Node lower bound: -268122
Node upper bound: 214834
gap to the primal bound: 0.108364
Preck submodel is infeasible, continue branching
Time limit exceeded (1000.13s), stopping submodel solve loop
General disjunction: No feasible solution found, use SCIP default branching rule
_____________________________________
Now starting branching with general disjunction
Current branching Node number: 147
LP objective value: -266264
Node lower bound: -266264
Node upper bound: 214834
gap to the primal bound: 0.108364
Preck submodel is infeasible, continue branching
Time limit exceeded (1000.13s), stopping submodel solve loop
General disjunction: No feasible solution found, use SCIP default branching rule
_____________________________________
Now starting branching with general disjunction
Current branching Node number: 148
LP objective value: -263112
Node lower bound: -263112
Node upper bound: 214834
gap to the primal bound: 0.108364
Preck submodel is infeasible, continue branching
Time limit exceeded (1000.12s), stopping submodel solve loop
General disjunction: No feasible solution found, use SCIP default branching rule
_____________________________________
Now starting branching with general disjunction
Current branching Node number: 151
LP objective value: -262947
Node lower bound: -262947
Node upper bound: 214834
gap to the primal bound: 0.108364
Preck submodel is infeasible, continue branching
Time limit exceeded (1000.12s), stopping submodel solve loop
General disjunction: No feasible solution found, use SCIP default branching rule
_____________________________________
Now starting branching with general disjunction
Current branching Node number: 153
LP objective value: -262947
Node lower bound: -262947
Node upper bound: 214834
gap to the primal bound: 0.108364
Preck submodel is infeasible, continue branching
Time limit exceeded (1000.12s), stopping submodel solve loop
General disjunction: No feasible solution found, use SCIP default branching rule
_____________________________________
Now starting branching with general disjunction
Current branching Node number: 155
LP objective value: -262946
Node lower bound: -262946
Node upper bound: 214834
gap to the primal bound: 0.108364
Preck submodel is infeasible, continue branching
Time limit exceeded (1000.12s), stopping submodel solve loop
General disjunction: No feasible solution found, use SCIP default branching rule
_____________________________________
Now starting branching with general disjunction
Current branching Node number: 157
LP objective value: -260973
Node lower bound: -260973
Node upper bound: 214834
gap to the primal bound: 0.108364
Preck submodel is infeasible, continue branching
Time limit exceeded (1000.12s), stopping submodel solve loop
General disjunction: No feasible solution found, use SCIP default branching rule
_____________________________________
Now starting branching with general disjunction
Current branching Node number: 159
LP objective value: -260973
Node lower bound: -260973
Node upper bound: 214834
gap to the primal bound: 0.108364
Preck submodel is infeasible, continue branching
Time limit exceeded (1000.12s), stopping submodel solve loop
General disjunction: No feasible solution found, use SCIP default branching rule
_____________________________________
Now starting branching with general disjunction
Current branching Node number: 158
LP objective value: -260475
Node lower bound: -260475
Node upper bound: 214834
gap to the primal bound: 0.108364
Preck submodel is infeasible, continue branching
Time limit exceeded (1000.14s), stopping submodel solve loop
General disjunction: No feasible solution found, use SCIP default branching rule
_____________________________________
Now starting branching with general disjunction
Current branching Node number: 156
LP objective value: -262846
Node lower bound: -262846
Node upper bound: 214834
gap to the primal bound: 0.108364
Preck submodel is infeasible, continue branching
Time limit exceeded (1000.12s), stopping submodel solve loop
General disjunction: No feasible solution found, use SCIP default branching rule
_____________________________________
Now starting branching with general disjunction
Current branching Node number: 165
LP objective value: -262095
Node lower bound: -262095
Node upper bound: 214834
gap to the primal bound: 0.108364
Preck submodel is infeasible, continue branching
Time limit exceeded (1000.11s), stopping submodel solve loop
General disjunction: No feasible solution found, use SCIP default branching rule
_____________________________________
Now starting branching with general disjunction
Current branching Node number: 167
LP objective value: -262094
Node lower bound: -262094
Node upper bound: 214834
gap to the primal bound: 0.108364
Preck submodel is infeasible, continue branching
Time limit exceeded (1000.12s), stopping submodel solve loop
General disjunction: No feasible solution found, use SCIP default branching rule
_____________________________________
Now starting branching with general disjunction
Current branching Node number: 169
Relpscost reduced domain, skip general disjunction branching
_____________________________________
Now starting branching with general disjunction
Current branching Node number: 169
LP objective value: -261643
Node lower bound: -261643
Node upper bound: 214834
gap to the primal bound: 0.108364
Preck submodel is infeasible, continue branching
Time limit exceeded (1000.11s), stopping submodel solve loop
General disjunction: No feasible solution found, use SCIP default branching rule

SCIP Status        : solving was interrupted [time limit reached]
Solving Time (sec) : 87029.09
Solving Nodes      : 146
Primal Bound       : +2.14834000000000e+05 (12 solutions)
Dual Bound         : +1.93829772106272e+05
Gap                : 10.84 %

primal solution:
================

objective value:                               214834
C0000004                                            1 	(obj:0)
C0000006                                            1 	(obj:0)
C0000013                                            1 	(obj:0)
C0000019                                            1 	(obj:0)
C0000023                                            1 	(obj:0)
C0000027                                            1 	(obj:0)
C0000035                                            1 	(obj:0)
C0000038                                            1 	(obj:0)
C0000046                                            1 	(obj:0)
C0000054                                            1 	(obj:0)
C0000056                                            1 	(obj:0)
C0000062                                            1 	(obj:0)
C0000066                                            1 	(obj:0)
C0000075                                            1 	(obj:0)
C0000077                                            1 	(obj:0)
C0000084                                            1 	(obj:0)
C0000088                                            1 	(obj:0)
C0000095                                            1 	(obj:0)
C0000097                                            1 	(obj:0)
C0000104                                            1 	(obj:0)
C0000106                                            1 	(obj:0)
C0000113                                            1 	(obj:0)
C0000118                                            1 	(obj:0)
C0000125                                            1 	(obj:0)
C0000127                                            1 	(obj:0)
C0000133                                            1 	(obj:0)
C0000141                                            1 	(obj:0)
C0000150                                            1 	(obj:0)
C0000151                                            1 	(obj:0)
C0000157                                            1 	(obj:0)
C0000165                                            1 	(obj:0)
C0000169                                            1 	(obj:0)
C0000174                                            1 	(obj:0)
C0000178                                            1 	(obj:0)
C0000185                                            1 	(obj:0)
C0000186                                            1 	(obj:0)
C0000193                                            1 	(obj:0)
C0000197                                            1 	(obj:0)
C0000203                                            1 	(obj:0)
C0000207                                            1 	(obj:0)
C0000214                                            1 	(obj:0)
C0000216                                            1 	(obj:0)
C0000223                                            1 	(obj:0)
C0000226                                            1 	(obj:0)
C0000235                                            1 	(obj:0)
C0000239                                            1 	(obj:0)
C0000242                                            1 	(obj:0)
C0000246                                            1 	(obj:0)
C0000251                                            1 	(obj:0)
C0000260                                            1 	(obj:0)
C0000262                                            1 	(obj:0)
C0000269                                            1 	(obj:0)
C0000273                                            1 	(obj:0)
C0000276                                            1 	(obj:0)
C0000282                                            1 	(obj:0)
C0000290                                            1 	(obj:0)
C0000294                                            1 	(obj:0)
C0000300                                            1 	(obj:0)
C0000302                                            1 	(obj:0)
C0000309                                            1 	(obj:0)
C0000312                                            1 	(obj:0)
C0000319                                            1 	(obj:0)
C0000329                                            1 	(obj:0)
C0000331                                            1 	(obj:0)
C0000338                                            1 	(obj:0)
C0000342                                            1 	(obj:0)
C0000349                                            1 	(obj:0)
C0000355                                            1 	(obj:0)
C0000356                                            1 	(obj:0)
C0000362                                            1 	(obj:0)
C0000375                                            1 	(obj:0)
C0000378                                            1 	(obj:0)
C0000384                                            1 	(obj:0)
C0000387                                            1 	(obj:0)
C0000394                                            1 	(obj:0)
C0000398                                            1 	(obj:0)
C0000405                                            1 	(obj:0)
C0000412                                            1 	(obj:0)
C0000420                                            1 	(obj:0)
C0000421                                            1 	(obj:0)
C0000429                                            1 	(obj:0)
C0000435                                            1 	(obj:0)
C0000438                                            1 	(obj:0)
C0000445                                            1 	(obj:0)
C0000447                                            1 	(obj:0)
C0000454                                            1 	(obj:0)
C0000457                                            1 	(obj:0)
C0000461                                            1 	(obj:0)
C0000466                                            1 	(obj:0)
C0000478                                            1 	(obj:0)
C0000484                                            1 	(obj:0)
C0000490                                            1 	(obj:0)
C0000491                                            1 	(obj:0)
C0000500                                            1 	(obj:0)
C0000503                                            1 	(obj:0)
C0000507                                            1 	(obj:0)
C0000515                                            1 	(obj:0)
C0000519                                            1 	(obj:0)
C0000524                                            1 	(obj:0)
C0000526                                            1 	(obj:0)
C0000533                                            1 	(obj:0)
C0000536                                            1 	(obj:0)
C0000545                                            1 	(obj:0)
C0000547                                            1 	(obj:0)
C0000559                                            1 	(obj:0)
C0000563                                            1 	(obj:0)
C0000567                                            1 	(obj:0)
C0000579                                            1 	(obj:0)
C0000581                                            1 	(obj:0)
C0000590                                            1 	(obj:0)
C0000609                                            1 	(obj:0)
C0000611                                            1 	(obj:0)
C0000620                                            1 	(obj:0)
C0000622                                            1 	(obj:0)
C0000626                                            1 	(obj:0)
C0000634                                            1 	(obj:0)
C0000636                                            1 	(obj:0)
C0000645                                            1 	(obj:0)
C0000650                                            1 	(obj:0)
C0000654                                            1 	(obj:0)
C0000658                                            1 	(obj:0)
C0000667                                            1 	(obj:0)
C0000671                                            1 	(obj:0)
C0000680                                            1 	(obj:0)
C0000683                                            1 	(obj:0)
C0000687                                            1 	(obj:0)
C0000695                                            1 	(obj:0)
C0000697                                            1 	(obj:0)
C0000701                                            1 	(obj:0)
C0000713                                            1 	(obj:0)
C0000716                                            1 	(obj:0)
C0000725                                            1 	(obj:0)
C0000728                                            1 	(obj:0)
C0000731                                            1 	(obj:0)
C0000737                                            1 	(obj:0)
C0000744                                            1 	(obj:0)
C0000746                                            1 	(obj:0)
C0000755                                            1 	(obj:0)
C0000759                                            1 	(obj:0)
C0000763                                            1 	(obj:0)
C0000770                                            1 	(obj:0)
C0000776                                            1 	(obj:0)
C0000785                                            1 	(obj:0)
C0000789                                            1 	(obj:0)
C0000792                                            1 	(obj:0)
C0000799                                            1 	(obj:0)
C0000801                                            1 	(obj:0)
C0000807                                            1 	(obj:0)
C0000811                                            1 	(obj:0)
C0000818                                            1 	(obj:0)
C0000825                                            1 	(obj:0)
C0000830                                            1 	(obj:0)
C0000833                                            1 	(obj:0)
C0000837                                            1 	(obj:0)
C0000844                                            1 	(obj:0)
C0000853                                            1 	(obj:0)
C0000860                                            1 	(obj:0)
C0000861                                            1 	(obj:0)
C0000870                                            1 	(obj:0)
C0000872                                            1 	(obj:0)
C0000879                                            1 	(obj:0)
C0000881                                            1 	(obj:0)
C0000887                                            1 	(obj:0)
C0000895                                            1 	(obj:0)
C0000898                                            1 	(obj:0)
C0000902                                            1 	(obj:0)
C0000910                                            1 	(obj:0)
C0000911                                            1 	(obj:0)
C0000917                                            1 	(obj:0)
C0000925                                            1 	(obj:0)
C0000926                                            1 	(obj:0)
C0000933                                            1 	(obj:0)
C0000937                                            1 	(obj:0)
C0000944                                            1 	(obj:0)
C0000946                                            1 	(obj:0)
C0000952                                            1 	(obj:0)
C0000956                                            1 	(obj:0)
C0000963                                            1 	(obj:0)
C0000967                                            1 	(obj:0)
C0000974                                            1 	(obj:0)
C0000978                                            1 	(obj:0)
C0000984                                            1 	(obj:0)
C0000986                                            1 	(obj:0)
C0000991                                            1 	(obj:0)
C0000997                                            1 	(obj:0)
C0001004                                            1 	(obj:0)
C0001007                                            1 	(obj:0)
C0001011                                            1 	(obj:0)
C0001018                                            1 	(obj:0)
C0001021                                            1 	(obj:0)
C0001027                                            1 	(obj:0)
C0001033                                            1 	(obj:0)
C0001039                                            1 	(obj:0)
C0001045                                            1 	(obj:0)
C0001047                                            1 	(obj:0)
C0001053                                            1 	(obj:0)
C0001060                                            1 	(obj:0)
C0001064                                            1 	(obj:0)
C0001066                                            1 	(obj:0)
C0001073                                            1 	(obj:0)
C0001079                                            1 	(obj:0)
C0001081                                            1 	(obj:0)
C0001090                                            1 	(obj:0)
C0001098                                            1 	(obj:0)
C0001102                                            1 	(obj:0)
C0001106                                            1 	(obj:0)
C0001119                                            1 	(obj:0)
C0001125                                            1 	(obj:0)
C0001128                                            1 	(obj:0)
C0001132                                            1 	(obj:0)
C0001139                                            1 	(obj:0)
C0001147                                            1 	(obj:0)
C0001158                                            1 	(obj:0)
C0001161                                            1 	(obj:0)
C0001166                                            1 	(obj:0)
C0001175                                            1 	(obj:0)
C0001177                                            1 	(obj:0)
C0001185                                            1 	(obj:0)
C0001188                                            1 	(obj:0)
C0001192                                            1 	(obj:0)
C0001196                                            1 	(obj:0)
C0001203                                            1 	(obj:0)
C0001210                                            1 	(obj:0)
C0001215                                            1 	(obj:0)
C0001217                                            1 	(obj:0)
C0001223                                            1 	(obj:0)
C0001226                                            1 	(obj:0)
C0001231                                            1 	(obj:0)
C0001237                                            1 	(obj:0)
C0001245                                            1 	(obj:0)
C0001250                                            1 	(obj:0)
C0001253                                            1 	(obj:0)
C0001259                                            1 	(obj:0)
C0001261                                            1 	(obj:0)
C0001269                                            1 	(obj:0)
C0001273                                            1 	(obj:0)
C0001276                                            1 	(obj:0)
C0001283                                            1 	(obj:0)
C0001286                                            1 	(obj:0)
C0001292                                            1 	(obj:0)
C0001296                                            1 	(obj:0)
C0001305                                            1 	(obj:0)
C0001309                                            1 	(obj:0)
C0001311                                            1 	(obj:0)
C0001317                                            1 	(obj:0)
C0001325                                            1 	(obj:0)
C0001329                                            1 	(obj:0)
C0001333                                            1 	(obj:0)
C0001336                                            1 	(obj:0)
C0001342                                            1 	(obj:0)
C0001350                                            1 	(obj:0)
C0001354                                            1 	(obj:0)
C0001358                                            1 	(obj:0)
C0001361                                            1 	(obj:0)
C0001368                                            1 	(obj:0)
C0001374                                            1 	(obj:0)
C0001381                                            1 	(obj:0)
C0001387                                            1 	(obj:0)
C0001395                                            1 	(obj:0)
C0001396                                            1 	(obj:0)
C0001403                                            1 	(obj:0)
C0001407                                            1 	(obj:0)
C0001416                                            1 	(obj:0)
C0001423                                            1 	(obj:0)
C0001430                                            1 	(obj:0)
C0001432                                            1 	(obj:0)
C0001439                                            1 	(obj:0)
C0001449                                            1 	(obj:0)
C0001451                                            1 	(obj:0)
C0001457                                            1 	(obj:0)
C0001463                                            1 	(obj:0)
C0001467                                            1 	(obj:0)
C0001479                                            1 	(obj:0)
C0001484                                            1 	(obj:0)
C0001486                                            1 	(obj:0)
C0001495                                            1 	(obj:0)
C0001497                                            1 	(obj:0)
C0001504                                            1 	(obj:0)
C0001510                                            1 	(obj:0)
C0001512                                            1 	(obj:0)
C0001518                                            1 	(obj:0)
C0001522                                            1 	(obj:0)
C0001526                                            1 	(obj:0)
C0001534                                            1 	(obj:0)
C0001540                                            1 	(obj:0)
C0001541                                            1 	(obj:0)
C0001547                                            1 	(obj:0)
C0001552                                            1 	(obj:0)
C0001558                                            1 	(obj:0)
C0001565                                            1 	(obj:0)
C0001569                                            1 	(obj:0)
C0001575                                            1 	(obj:0)
C0001578                                            1 	(obj:0)
C0001585                                            1 	(obj:0)
C0001588                                            1 	(obj:0)
C0001592                                            1 	(obj:0)
C0001599                                            1 	(obj:0)
C0001601                                            1 	(obj:0)
C0001610                                            1 	(obj:0)
C0001615                                            1 	(obj:0)
C0001618                                            1 	(obj:0)
C0001621                                            1 	(obj:0)
C0001627                                            1 	(obj:0)
C0001633                                            1 	(obj:0)
C0001639                                            1 	(obj:0)
C0001643                                            1 	(obj:0)
C0001647                                            1 	(obj:0)
C0001652                                            1 	(obj:0)
C0001660                                            1 	(obj:0)
C0001664                                            1 	(obj:0)
C0001670                                            1 	(obj:0)
C0001675                                            1 	(obj:0)
C0001677                                            1 	(obj:0)
C0001684                                            1 	(obj:0)
C0001688                                            1 	(obj:0)
C0001694                                            1 	(obj:0)
C0001696                                            1 	(obj:0)
C0001704                                            1 	(obj:0)
C0001708                                            1 	(obj:0)
C0001711                                            1 	(obj:0)
C0001718                                            1 	(obj:0)
C0001722                                            1 	(obj:0)
C0001726                                            1 	(obj:0)
C0001731                                            1 	(obj:0)
C0001737                                            1 	(obj:0)
C0001745                                            1 	(obj:0)
C0001747                                          213 	(obj:0)
C0001746                                       214834 	(obj:1)

Statistics
==========

SCIP Status        : solving was interrupted [time limit reached]
Total Time         :   87029.11
  solving          :   87029.09
  presolving       :       0.06 (included in solving)
  reading          :       0.02
  copying          :       0.01 (2 #copies) (minimal 0.00, maximal 0.00, average 0.00)
Original Problem   :
  Problem name     : mcsched
  Variables        : 1747 (1745 binary, 0 integer, 0 implicit integer, 2 continuous)
  Constraints      : 2107 initial, 2107 maximal
  Objective        : minimize, 1 non-zeros (abs.min = 1, abs.max = 1)
Presolved Problem  :
  Problem name     : t_mcsched
  Variables        : 1495 (1495 binary, 0 integer, 0 implicit integer, 0 continuous)
  Constraints      : 1853 initial, 1977 maximal
  Objective        : minimize, 1495 non-zeros (abs.min = 1, abs.max = 999)
  Nonzeros         : 4507 constraint, 16175 clique table
Presolvers         :   ExecTime  SetupTime  Calls  FixedVars   AggrVars   ChgTypes  ChgBounds   AddHoles    DelCons    AddCons   ChgSides   ChgCoefs
  boundshift       :       0.00       0.00      0          0          0          0          0          0          0          0          0          0
  convertinttobin  :       0.00       0.00      0          0          0          0          0          0          0          0          0          0
  domcol           :       0.00       0.00      1          0          0          0          0          0          0          0          0          0
  dualagg          :       0.00       0.00      0          0          0          0          0          0          0          0          0          0
  dualcomp         :       0.00       0.00      0          0          0          0          0          0          0          0          0          0
  dualinfer        :       0.00       0.00      0          0          0          0          0          0          0          0          0          0
  dualsparsify     :       0.00       0.00      1          0          0          0          0          0          0          0          0          0
  gateextraction   :       0.00       0.00      0          0          0          0          0          0          0          0          0          0
  implics          :       0.00       0.00      2          0          0          0          0          0          0          0          0          0
  inttobinary      :       0.00       0.00      0          0          0          0          0          0          0          0          0          0
  qpkktref         :       0.00       0.00      0          0          0          0          0          0          0          0          0          0
  redvub           :       0.00       0.00      0          0          0          0          0          0          0          0          0          0
  sparsify         :       0.00       0.00      1          0          0          0          0          0          0          0          0          0
  stuffing         :       0.00       0.00      0          0          0          0          0          0          0          0          0          0
  trivial          :       0.00       0.00      4         14          0          0          0          0          0          0          0          0
  tworowbnd        :       0.00       0.00      0          0          0          0          0          0          0          0          0          0
  dualfix          :       0.00       0.00      4          0          0          0          0          0          0          0          0          0
  genvbounds       :       0.00       0.00      0          0          0          0          0          0          0          0          0          0
  probing          :       0.03       0.00      1          0          0          0          0          0          0          0          0          0
  pseudoobj        :       0.00       0.00      0          0          0          0          0          0          0          0          0          0
  symmetry         :       0.01       0.00      1          0          0          0          0          0          0          0          0          0
  vbounds          :       0.00       0.00      1          0          0          0          0          0          0          0          0          0
  knapsack         :       0.00       0.00      3          0          0          0          0          0          0          0          0          0
  setppc           :       0.00       0.00      3          0          0          0          0          0          0          0          0          0
  linear           :       0.01       0.00      4         64        174          1         68          0        255          1          0          0
  logicor          :       0.00       0.00      0          0          0          0          0          0          0          0          0          0
  benders          :       0.00       0.00      0          0          0          0          0          0          0          0          0          0
  components       :       0.00       0.00      1          0          0          0          0          0          0          0          0          0
  root node        :          -          -      -          0          -          -          0          -          -          -          -          -
Constraints        :     Number  MaxNumber  #Separate #Propagate    #EnfoLP    #EnfoRelax  #EnfoPS    #Check   #ResProp    Cutoffs    DomReds       Cuts    Applied      Conss   Children
  benderslp        :          0          0          0          0        107          0          0         28          0          0          0          0          0          0          0
  integral         :          0          0          0          0        107          0          0         28          0          0        279          0          0         71        170
  knapsack         :          5+        19         12       9506          1          0          0         22         15          4          9          0          0          0          0
  setppc           :       1848+      1865         12      10232          1          0          0         20       1430         30       5617          0          0          0          0
  linear           :          0+        21          0       3916          0          0          0          4          0          4         81          0          0          0          0
  logicor          :          0+        72         12        755          0          0          0          0         12          7          4          0          0          0          0
  benders          :          0          0          0          0          1          0          0         13          0          0          0          0          0          0          0
  fixedvar         :          0          0          0          0          1          0          0         13          0          0          0          0          0          0          0
  countsols        :          0          0          0          0          1          0          0         13          0          0          0          0          0          0          0
  components       :          0          0          0          0          0          0          0          0          0          0          0          0          0          0          0
Constraint Timings :  TotalTime  SetupTime   Separate  Propagate     EnfoLP     EnfoPS     EnfoRelax   Check    ResProp    SB-Prop
  benderslp        :       0.00       0.00       0.00       0.00       0.00       0.00       0.00       0.00       0.00       0.00
  integral         :   87022.90       0.00       0.00       0.00   87022.90       0.00       0.00       0.00       0.00       0.00
  knapsack         :       0.01       0.00       0.00       0.00       0.00       0.00       0.00       0.00       0.00       0.01
  setppc           :       0.11       0.00       0.00       0.04       0.00       0.00       0.00       0.00       0.00       0.07
  linear           :       0.01       0.00       0.00       0.00       0.00       0.00       0.00       0.00       0.00       0.00
  logicor          :       0.00       0.00       0.00       0.00       0.00       0.00       0.00       0.00       0.00       0.00
  benders          :       0.00       0.00       0.00       0.00       0.00       0.00       0.00       0.00       0.00       0.00
  fixedvar         :       0.00       0.00       0.00       0.00       0.00       0.00       0.00       0.00       0.00       0.00
  countsols        :       0.00       0.00       0.00       0.00       0.00       0.00       0.00       0.00       0.00       0.00
  components       :       0.00       0.00       0.00       0.00       0.00       0.00       0.00       0.00       0.00       0.00
Propagators        : #Propagate   #ResProp    Cutoffs    DomReds
  dualfix          :          3          0          0          0
  genvbounds       :          0          0          0          0
  nlobbt           :          0          0          0          0
  obbt             :          0          0          0          0
  probing          :          0          0          0          0
  pseudoobj        :        565          0          0          0
  redcost          :         55          0          0        261
  rootredcost      :          5          0          0          0
  symmetry         :         82          0          0          2
  vbounds          :       4883          0          0          0
Propagator Timings :  TotalTime  SetupTime   Presolve  Propagate    ResProp    SB-Prop
  dualfix          :       0.00       0.00       0.00       0.00       0.00       0.00
  genvbounds       :       0.00       0.00       0.00       0.00       0.00       0.00
  nlobbt           :       0.00       0.00       0.00       0.00       0.00       0.00
  obbt             :       0.00       0.00       0.00       0.00       0.00       0.00
  probing          :       0.03       0.00       0.03       0.00       0.00       0.00
  pseudoobj        :       0.00       0.00       0.00       0.00       0.00       0.00
  redcost          :       0.00       0.00       0.00       0.00       0.00       0.00
  rootredcost      :       0.00       0.00       0.00       0.00       0.00       0.00
  symmetry         :       0.01       0.00       0.01       0.00       0.00       0.01
  vbounds          :       0.00       0.00       0.00       0.00       0.00       0.00
Symmetry           :
  orbitopal red.   :          0 reductions applied,          0 cutoffs
  orbital reduction:          0 reductions applied,          0 cutoffs
  lexicographic red:          2 reductions applied,          0 cutoffs
  shadow tree time :       0.00 s
Conflict Analysis  :       Time      Calls    Success    DomReds  Conflicts   Literals    Reconvs ReconvLits   Dualrays   Nonzeros   LP Iters   (pool size: [10000,10000])
  propagation      :       0.00         30         29          -         34        7.8          0        0.0          -          -          -
  infeasible LP    :       0.00          0          0          -          0        0.0          0        0.0          0        0.0          0
  bound exceed. LP :       0.08         37         35          -        268       29.7          0        0.0         35      154.6        565
  strong branching :       0.00          0          0          -          0        0.0          0        0.0          -          -          0
  pseudo solution  :       0.00          0          0          -          0        0.0          0        0.0          -          -          -
  applied globally :       0.00          -          -          0         88       12.3          -          -         35          -          -
  applied locally  :          -          -          -          0          0        0.0          -          -          0          -          -
Separators         :   ExecTime  SetupTime      Calls  RootCalls    Cutoffs    DomReds  FoundCuts ViaPoolAdd  DirectAdd    Applied ViaPoolApp  DirectApp      Conss
  cut pool         :       0.18          -        131         24          -          -       4584       7857          -          -          -          -          -    (maximal pool size:       4584)
  aggregation      :       1.57       0.00         69         12          0          0          0          0          0          0          0          0          0
  > cmir           :          -          -          -          -          -          -          -          0          0          0          0          0          -
  > flowcover      :          -          -          -          -          -          -          -          0          0          0          0          0          -
  > knapsackcover  :          -          -          -          -          -          -          -          0          0          0          0          0          -
  cgmip            :       0.00       0.00          0          0          0          0          0          0          0          0          0          0          0
  clique           :       0.14       0.00         12         12          0          0          0          0          0          0          0          0          0
  closecuts        :       0.00       0.00          0          0          0          0          0          0          0          0          0          0          0
  convexproj       :       0.00       0.00          0          0          0          0          0          0          0          0          0          0          0
  disjunctive      :       0.00       0.00          0          0          0          0          0          0          0          0          0          0          0
  eccuts           :       0.00       0.00          0          0          0          0          0          0          0          0          0          0          0
  gauge            :       0.00       0.00          0          0          0          0          0          0          0          0          0          0          0
  gomory           :       2.24       0.00         60         10          0          0       4458       7615          0         72         72          0          0
  > gomorymi       :          -          -          -          -          -          -          -       4395          0         47         47          0          -
  > strongcg       :          -          -          -          -          -          -          -       3220          0         25         25          0          -
  impliedbounds    :       0.01       0.00         69         12          0          0          0          0          0          0          0          0          0
  interminor       :       0.00       0.00          0          0          0          0          0          0          0          0          0          0          0
  intobj           :       0.00       0.00          0          0          0          0          0          0          0          0          0          0          0
  lagromory        :       0.00       0.00          0          0          0          0          0          0          0          0          0          0          0
  mcf              :       0.00       0.00          1          1          0          0          0          0          0          0          0          0          0
  minor            :       0.00       0.00          0          0          0          0          0          0          0          0          0          0          0
  mixing           :       0.00       0.00          0          0          0          0          0          0          0          0          0          0          0
  oddcycle         :       0.00       0.00          0          0          0          0          0          0          0          0          0          0          0
  rapidlearning    :       0.00       0.00          0          0          0          0          0          0          0          0          0          0          0
  rlt              :       0.00       0.00         10         10          0          0          0          0          0          0          0          0          0
  zerohalf         :       0.21       0.00         62         12          0          0        126        242          0        141        141          0          0
Cutselectors       :   ExecTime  SetupTime      Calls  RootCalls   Selected     Forced   Filtered  RootSelec   RootForc   RootFilt 
  hybrid           :       0.03       0.00         70         13        213          0       7644         35          0       2230
  ensemble         :       0.00       0.00          0          0          0          0          0          0          0          0
  dynamic          :       0.00       0.00          0          0          0          0          0          0          0          0
Pricers            :   ExecTime  SetupTime      Calls       Vars
  problem variables:       0.00          -          0          0
Branching Rules    :   ExecTime  SetupTime   BranchLP  BranchExt   BranchPS    Cutoffs    DomReds       Cuts      Conss   Children
  allfullstrong    :       0.00       0.00          0          0          0          0          0          0          0          0
  cloud            :       0.00       0.00          0          0          0          0          0          0          0          0
  distribution     :       0.00       0.00          0          0          0          0          0          0          0          0
  fullstrong       :       0.00       0.00          0          0          0          0          0          0          0          0
  general_disjuncti:   87019.25       0.00        106          0          0          0        255          0         69          0
  GeneralDisjunction(extra): subMILPs=174 fairNodes of all MILPs=1095532 probingLPs=0
  gomory           :       0.00       0.00          0          0          0          0          0          0          0          0
  inference        :       0.00       0.00          0          0          0          0          0          0          0          0
  leastinf         :       0.00       0.00          0          0          0          0          0          0          0          0
  lookahead        :       0.00       0.00          0          0          0          0          0          0          0          0
  mostinf          :       0.00       0.00          0          0          0          0          0          0          0          0
  multaggr         :       0.00       0.00          0          0          0          0          0          0          0          0
  nodereopt        :       0.00       0.00          0          0          0          0          0          0          0          0
  pscost           :       0.00       0.00          0          0          0          0          0          0          0          0
  random           :       0.00       0.00          0          0          0          0          0          0          0          0
  relpscost        :       3.65       0.00         87          0          0          0         24          0          2        170
  vanillafullstrong:       0.00       0.00          0          0          0          0          0          0          0          0
Primal Heuristics  :   ExecTime  SetupTime      Calls      Found       Best
  LP solutions     :       0.00          -          -          1          1
  relax solutions  :       0.00          -          -          0          0
  pseudo solutions :       0.00          -          -          0          0
  strong branching :       0.11          -          -          3          3
  actconsdiving    :       0.00       0.00          0          0          0
  adaptivediving   :       0.00       0.00          0          0          0
  alns             :       0.01       0.00          1          0          0
  bound            :       0.00       0.00          0          0          0
  clique           :       0.01       0.00          1          0          0
  coefdiving       :       0.00       0.00          0          0          0
  completesol      :       0.00       0.00          0          0          0
  conflictdiving   :       0.07       0.00          1          0          0
  crossover        :       0.00       0.00          0          0          0
  dins             :       0.00       0.00          0          0          0
  distributiondivin:       0.00       0.00          0          0          0
  dps              :       0.00       0.00          0          0          0
  dualval          :       0.00       0.00          0          0          0
  farkasdiving     :       0.07       0.00          1          1          1
  feaspump         :       0.05       0.00          1          1          0
  fixandinfer      :       0.00       0.00          0          0          0
  fracdiving       :       0.00       0.00          0          0          0
  gins             :       0.01       0.00          1          0          0
  guideddiving     :       0.00       0.00          0          0          0
  indicator        :       0.00       0.00          0          0          0
  indicatordiving  :       0.00       0.00          0          0          0
  intdiving        :       0.00       0.00          0          0          0
  intshifting      :       0.00       0.00          0          0          0
  linesearchdiving :       0.00       0.00          0          0          0
  localbranching   :       0.00       0.00          0          0          0
  locks            :       0.00       0.00          1          1          1
  lpface           :       0.00       0.00          0          0          0
  mpec             :       0.00       0.00          0          0          0
  multistart       :       0.00       0.00          0          0          0
  mutation         :       0.00       0.00          0          0          0
  nlpdiving        :       0.00       0.00          0          0          0
  objpscostdiving  :       0.00       0.00          0          0          0
  octane           :       0.00       0.00          0          0          0
  ofins            :       0.00       0.00          0          0          0
  oneopt           :       0.00       0.00          5          0          0
  padm             :       0.00       0.00          0          0          0
  proximity        :       0.00       0.00          0          0          0
  pscostdiving     :       0.00       0.00          0          0          0
  randrounding     :       0.04       0.00         15          0          0
  rens             :       0.00       0.00          0          0          0
  reoptsols        :       0.00       0.00          0          0          0
  repair           :       0.00       0.00          0          0          0
  rins             :       0.00       0.00          0          0          0
  rootsoldiving    :       0.00       0.00          0          0          0
  rounding         :       0.04       0.00        141          0          0
  scheduler        :       0.00       0.00          0          0          0
  shiftandpropagate:       0.00       0.00          0          0          0
  shifting         :       0.04       0.00         78          3          0
  simplerounding   :       0.01       0.00        178          0          0
  subnlp           :       0.00       0.00          0          0          0
  trivial          :       0.00       0.00          2          0          0
  trivialnegation  :       0.00       0.00          0          0          0
  trustregion      :       0.00       0.00          0          0          0
  trysol           :       0.00       0.00          0          0          0
  twoopt           :       0.00       0.00          0          0          0
  undercover       :       0.00       0.00          0          0          0
  vbounds          :       0.02       0.00          1          2          2
  veclendiving     :       0.00       0.00          0          0          0
  zeroobj          :       0.00       0.00          0          0          0
  zirounding       :       0.01       0.00         84          0          0
  other solutions  :          -          -          -          0          -
LNS (Scheduler)    :      Calls  SetupTime  SolveTime SolveNodes       Sols       Best       Exp3    Exp3-IX  EpsGreedy        UCB TgtFixRate  Opt  Inf Node Stal  Sol  Usr Othr Actv
  rens             :          0       0.00       0.00          0          0          0    0.00000    0.12500   -1.00000    1.00000      0.900    0    0    0    0    0    0    0    1
  rins             :          0       0.00       0.00          0          0          0    0.00000    0.12500   -1.00000    1.00000      0.900    0    0    0    0    0    0    0    1
  mutation         :          0       0.00       0.00          0          0          0    0.00000    0.12500   -1.00000    1.00000      0.900    0    0    0    0    0    0    0    1
  localbranching   :          0       0.00       0.00          0          0          0    0.00000    0.12500   -1.00000    1.00000      0.900    0    0    0    0    0    0    0    1
  crossover        :          0       0.00       0.00          0          0          0    0.00000    0.12500   -1.00000    1.00000      0.900    0    0    0    0    0    0    0    1
  proximity        :          0       0.00       0.00          0          0          0    0.00000    0.12500   -1.00000    1.00000      0.900    0    0    0    0    0    0    0    1
  zeroobjective    :          0       0.00       0.00          0          0          0    0.00000    0.12500   -1.00000    1.00000      0.900    0    0    0    0    0    0    0    1
  dins             :          0       0.00       0.00          0          0          0    0.00000    0.12500   -1.00000    1.00000      0.900    0    0    0    0    0    0    0    1
  trustregion      :          0       0.00       0.00          0          0          0    0.00000    0.00000   -1.00000    1.00000      0.900    0    0    0    0    0    0    0    0
LP                 :       Time      Calls Iterations  Iter/call   Iter/sec  Time-0-It Calls-0-It    ItLimit
  primal LP        :       0.09         13          0       0.00       0.00       0.09         13
  dual LP          :       1.13        255      12983      55.01   11487.25       0.01         19
  lex dual LP      :       0.00          0          0       0.00          -
  barrier LP       :       0.00          0          0       0.00          -       0.00          0
  resolve instable :       0.00          0          0       0.00          -
  diving/probing LP:       0.21         20       3407     170.35   15879.90
  strong branching :       7.30        949     117001     123.29   16035.67          -          -         13
    (at root node) :          -         45      10501     233.36          -
  conflict analysis:       0.04         61        565       9.26   12730.10
B&B Tree           :
  number of runs   :          1
  nodes            :        146 (85 internal, 61 leaves)
  feasible leaves  :          1
  infeas. leaves   :          1
  objective leaves :         59
  nodes (total)    :        146 (85 internal, 61 leaves)
  nodes left       :         25
  max depth        :         18
  max depth (total):         18
  backtracks       :         26 (17.8%)
  early backtracks :          0 (0.0%)
  nodes exc. ref.  :          0 (0.0%)
  delayed cutoffs  :          0
  repropagations   :          1 (250 domain reductions, 0 cutoffs)
  avg switch length:       2.44
  switching time   :       0.10
Root Node          :
  First LP value   : +1.93774753706622e+05
  First LP Iters   :       3587 (26638.05 Iter/sec)
  First LP Time    :       0.13
  Final Dual Bound : +1.93824000182995e+05
  Final Root Iters :       4259
  Root LP Estimate : +2.56066006177213e+05
Solution           :
  Solutions found  :         12 (8 improvements)
  First Solution   : +4.68514000000000e+05   (in run 1, after 1 nodes, 0.08 seconds, depth 24, found by <locks>)
  Gap First Sol.   :   infinite
  Gap Last Sol.    :      10.84 %
  Primal Bound     : +2.14834000000000e+05   (in run 1, after 33 nodes, 30014.64 seconds, depth 14, found by <relaxation>)
  Dual Bound       : +1.93829772106272e+05
  Gap              :      10.84 %
Integrals          :      Total       Avg%
  primal-dual      :  892082.65      10.25
  primal-ref       :          -          - (not evaluated)
  dual-ref         :          -          - (not evaluated)
