SCIP version 9.2.2 [precision: 8 byte] [memory: block] [mode: optimized] [LP solver: CPLEX 12.10.0.0] [GitHash: 416226a4f8]
Copyright (c) 2002-2025 Zuse Institute Berlin (ZIB)

reading parameter file </scratch/htc/yzhou/exp_scipmip/settings/allon_gendj.set>

read problem </scratch/htc/yzhou/exp_scipmip/instances/additional/mod010.mps>
============

original problem has 2655 variables (2655 bin, 0 int, 0 impl, 0 cont) and 146 constraints
    146 constraints of type <linear>
Reading Time: 0.01
solve problem
=============
LP Solver <CPLEX 12.10.0.0>: fastmip setting not available -- SCIP parameter has no effect
LP Solver <CPLEX 12.10.0.0>: clock type cannot be set
LP Solver <CPLEX 12.10.0.0>: row representation of the basis not available -- SCIP parameter lp/rowrepswitch has no effect
LP Solver <CPLEX 12.10.0.0>: solution polishing not available -- SCIP parameter lp/solutionpolishing has no effect
LP Solver <CPLEX 12.10.0.0>: refactorization interval not available -- SCIP parameter lp/refactorinterval has no effect
transformed problem has 2655 variables (2655 bin, 0 int, 0 impl, 0 cont) and 146 constraints
    146 constraints of type <linear>

original problem has 11203 active (2.89013%) nonzeros and 11203 (2.89013%) check nonzeros

presolving:
(round 1, exhaustive) 0 del vars, 0 del conss, 0 add conss, 0 chg bounds, 0 chg sides, 0 chg coeffs, 145 upgd conss, 0 impls, 202 clqs
(round 2, fast)       0 del vars, 0 del conss, 0 add conss, 0 chg bounds, 0 chg sides, 44 chg coeffs, 145 upgd conss, 0 impls, 202 clqs
(round 3, exhaustive) 83 del vars, 2 del conss, 0 add conss, 0 chg bounds, 0 chg sides, 44 chg coeffs, 145 upgd conss, 0 impls, 198 clqs
   (0.1s) sparsify aborted: 1790/10760 (16.6%) nonzeros canceled - in total 1790 canceled nonzeros, 1790 changed coefficients, 0 added nonzeros
(round 4, exhaustive) 83 del vars, 2 del conss, 0 add conss, 0 chg bounds, 0 chg sides, 1834 chg coeffs, 145 upgd conss, 0 impls, 198 clqs
(round 5, medium)     85 del vars, 2 del conss, 0 add conss, 0 chg bounds, 2 chg sides, 1836 chg coeffs, 145 upgd conss, 0 impls, 198 clqs
(round 6, exhaustive) 85 del vars, 3 del conss, 0 add conss, 0 chg bounds, 2 chg sides, 1836 chg coeffs, 145 upgd conss, 0 impls, 198 clqs
(round 7, medium)     86 del vars, 3 del conss, 0 add conss, 0 chg bounds, 3 chg sides, 1837 chg coeffs, 145 upgd conss, 0 impls, 198 clqs
(round 8, exhaustive) 91 del vars, 3 del conss, 0 add conss, 0 chg bounds, 3 chg sides, 1837 chg coeffs, 145 upgd conss, 0 impls, 198 clqs
   (0.1s) probing: 51/2564 (2.0%) - 0 fixings, 0 aggregations, 0 implications, 0 bound changes
   (0.1s) probing aborted: 50/50 successive totally useless probings
   (0.1s) symmetry computation started: requiring (bin +, int +, cont +), (fixed: bin -, int -, cont -)
   (0.1s) no symmetry present (symcode time: 0.00)
clique table cleanup detected 0 bound changes

presolved problem has 8946 active (2.43992%) nonzeros and 8946 (2.43992%) check nonzeros

presolving (9 rounds: 9 fast, 8 medium, 6 exhaustive):
 91 deleted vars, 3 deleted constraints, 0 added constraints, 0 tightened bounds, 0 added holes, 3 changed sides, 1837 changed coefficients
 0 implications, 198 cliques
presolved problem has 2564 variables (2564 bin, 0 int, 0 impl, 0 cont) and 143 constraints
      1 constraints of type <knapsack>
    141 constraints of type <setppc>
      1 constraints of type <linear>
transformed objective value is always integral (scale: 1)
Presolving Time: 0.11

 time | node  | left  |LP iter|LP it/n|mem/heur|mdpt |vars |cons |rows |cuts |sepa|confs|strbr|  dualbound   | primalbound  |  gap   | compl. 
  0.2s|     1 |     0 |   637 |     - |    37M |   0 |2564 | 364 | 143 |   0 |  0 | 221 |   0 | 6.532083e+03 |      --      |    Inf | unknown
o 0.2s|     1 |     0 |  1062 |     - |feaspump|   0 |2564 | 364 | 143 |   0 |  0 | 221 |   0 | 6.532083e+03 | 6.879000e+03 |   5.31%| unknown
  0.2s|     1 |     0 |  1066 |     - |    38M |   0 |2564 | 364 | 146 |   3 |  1 | 221 |   0 | 6.532500e+03 | 6.879000e+03 |   5.30%| unknown
  0.2s|     1 |     0 |  1066 |     - |    38M |   0 |2564 | 364 | 146 |   3 |  1 | 221 |   0 | 6.532500e+03 | 6.879000e+03 |   5.30%| unknown
  0.2s|     1 |     0 |  1073 |     - |    38M |   0 |2564 | 364 | 149 |   6 |  2 | 221 |   0 | 6.533000e+03 | 6.879000e+03 |   5.30%| unknown
  0.2s|     1 |     0 |  1082 |     - |    38M |   0 |2564 | 364 | 151 |   8 |  3 | 221 |   0 | 6.534125e+03 | 6.879000e+03 |   5.28%| unknown
  0.2s|     1 |     0 |  1082 |     - |    38M |   0 |2564 | 365 | 151 |   8 |  3 | 223 |   0 | 6.534125e+03 | 6.879000e+03 |   5.28%| unknown
  0.3s|     1 |     0 |  1097 |     - |    38M |   0 |2564 | 364 | 154 |  11 |  4 | 223 |   0 | 6.534237e+03 | 6.879000e+03 |   5.28%| unknown
  0.3s|     1 |     0 |  1097 |     - |    38M |   0 |2564 | 364 | 154 |  11 |  4 | 223 |   0 | 6.534237e+03 | 6.879000e+03 |   5.28%| unknown
  0.3s|     1 |     0 |  1135 |     - |    39M |   0 |2564 | 364 | 157 |  14 |  5 | 223 |   0 | 6.535385e+03 | 6.879000e+03 |   5.26%| unknown
  0.3s|     1 |     0 |  1139 |     - |    39M |   0 |2564 | 364 | 159 |  16 |  6 | 223 |   0 | 6.536000e+03 | 6.879000e+03 |   5.25%| unknown
  0.3s|     1 |     0 |  1144 |     - |    39M |   0 |2564 | 364 | 160 |  17 |  7 | 223 |   0 | 6.536150e+03 | 6.879000e+03 |   5.25%| unknown
  0.3s|     1 |     0 |  1148 |     - |    39M |   0 |2564 | 364 | 162 |  19 |  8 | 223 |   0 | 6.536375e+03 | 6.879000e+03 |   5.24%| unknown
  0.3s|     1 |     0 |  1151 |     - |    39M |   0 |2564 | 364 | 164 |  21 |  9 | 223 |   0 | 6.536500e+03 | 6.879000e+03 |   5.24%| unknown
  0.3s|     1 |     0 |  1154 |     - |    39M |   0 |2564 | 364 | 166 |  23 | 10 | 223 |   0 | 6.536500e+03 | 6.879000e+03 |   5.24%| unknown
 time | node  | left  |LP iter|LP it/n|mem/heur|mdpt |vars |cons |rows |cuts |sepa|confs|strbr|  dualbound   | primalbound  |  gap   | compl. 
  0.3s|     1 |     0 |  1155 |     - |    39M |   0 |2564 | 364 | 168 |  25 | 11 | 223 |   0 | 6.536500e+03 | 6.879000e+03 |   5.24%| unknown
  0.3s|     1 |     0 |  1157 |     - |    39M |   0 |2564 | 364 | 167 |  26 | 12 | 223 |   0 | 6.536625e+03 | 6.879000e+03 |   5.24%| unknown
  0.4s|     1 |     0 |  1158 |     - |    39M |   0 |2564 | 366 | 168 |  27 | 13 | 225 |   0 | 6.536625e+03 | 6.879000e+03 |   5.24%| unknown
  0.4s|     1 |     0 |  1171 |     - |    39M |   0 |2564 | 366 | 170 |  29 | 14 | 225 |   0 | 6.539000e+03 | 6.879000e+03 |   5.20%| unknown
  0.4s|     1 |     0 |  1172 |     - |    39M |   0 |2564 | 366 | 171 |  30 | 15 | 225 |   0 | 6.539000e+03 | 6.879000e+03 |   5.20%| unknown
  0.4s|     1 |     0 |  1173 |     - |    39M |   0 |2564 | 366 | 172 |  31 | 16 | 225 |   0 | 6.539000e+03 | 6.879000e+03 |   5.20%| unknown
  0.4s|     1 |     0 |  1175 |     - |    39M |   0 |2564 | 366 | 174 |  33 | 17 | 225 |   0 | 6.539000e+03 | 6.879000e+03 |   5.20%| unknown
  0.4s|     1 |     0 |  1178 |     - |    39M |   0 |2564 | 366 | 167 |  35 | 18 | 225 |   0 | 6.539200e+03 | 6.879000e+03 |   5.20%| unknown
  0.4s|     1 |     0 |  1184 |     - |    39M |   0 |2564 | 366 | 169 |  37 | 19 | 225 |   0 | 6.539250e+03 | 6.879000e+03 |   5.20%| unknown
  0.4s|     1 |     0 |  1187 |     - |    40M |   0 |2564 | 366 | 171 |  39 | 20 | 225 |   0 | 6.539250e+03 | 6.879000e+03 |   5.20%| unknown
d 0.4s|     1 |     0 |  1238 |     - |farkasdi|   0 |2564 | 366 | 171 |   0 | 21 | 225 |   0 | 6.539250e+03 | 6.548000e+03 |   0.13%| unknown
(run 1, node 1) restarting after 1550 global fixings of integer variables

(restart) converted 28 cuts from the global cut pool into linear constraints

presolving:
(round 1, fast)       1564 del vars, 207 del conss, 0 add conss, 0 chg bounds, 0 chg sides, 502 chg coeffs, 0 upgd conss, 0 impls, 215 clqs
(round 2, exhaustive) 1680 del vars, 223 del conss, 0 add conss, 0 chg bounds, 0 chg sides, 502 chg coeffs, 0 upgd conss, 0 impls, 193 clqs
(round 3, fast)       1680 del vars, 226 del conss, 0 add conss, 0 chg bounds, 0 chg sides, 528 chg coeffs, 0 upgd conss, 0 impls, 193 clqs
(round 4, exhaustive) 1680 del vars, 227 del conss, 0 add conss, 0 chg bounds, 0 chg sides, 528 chg coeffs, 0 upgd conss, 0 impls, 193 clqs
(round 5, exhaustive) 1704 del vars, 231 del conss, 0 add conss, 0 chg bounds, 0 chg sides, 528 chg coeffs, 0 upgd conss, 0 impls, 188 clqs
(round 6, exhaustive) 1704 del vars, 234 del conss, 0 add conss, 0 chg bounds, 3 chg sides, 528 chg coeffs, 0 upgd conss, 0 impls, 188 clqs
(round 7, exhaustive) 1704 del vars, 234 del conss, 0 add conss, 0 chg bounds, 3 chg sides, 528 chg coeffs, 25 upgd conss, 0 impls, 188 clqs
(round 8, exhaustive) 1704 del vars, 234 del conss, 0 add conss, 0 chg bounds, 3 chg sides, 536 chg coeffs, 25 upgd conss, 0 impls, 188 clqs
(round 9, exhaustive) 1704 del vars, 234 del conss, 0 add conss, 0 chg bounds, 3 chg sides, 544 chg coeffs, 25 upgd conss, 0 impls, 208 clqs
(round 10, exhaustive) 1704 del vars, 234 del conss, 0 add conss, 0 chg bounds, 3 chg sides, 553 chg coeffs, 25 upgd conss, 0 impls, 225 clqs
(round 11, exhaustive) 1704 del vars, 234 del conss, 0 add conss, 0 chg bounds, 3 chg sides, 560 chg coeffs, 25 upgd conss, 0 impls, 239 clqs
(round 12, exhaustive) 1704 del vars, 234 del conss, 0 add conss, 0 chg bounds, 3 chg sides, 567 chg coeffs, 25 upgd conss, 0 impls, 254 clqs
(round 13, exhaustive) 1704 del vars, 234 del conss, 0 add conss, 0 chg bounds, 3 chg sides, 574 chg coeffs, 25 upgd conss, 0 impls, 268 clqs
(round 14, exhaustive) 1704 del vars, 234 del conss, 0 add conss, 0 chg bounds, 3 chg sides, 582 chg coeffs, 25 upgd conss, 0 impls, 281 clqs
(round 15, exhaustive) 1704 del vars, 234 del conss, 0 add conss, 0 chg bounds, 3 chg sides, 590 chg coeffs, 25 upgd conss, 0 impls, 290 clqs
(round 16, exhaustive) 1704 del vars, 234 del conss, 0 add conss, 0 chg bounds, 3 chg sides, 597 chg coeffs, 25 upgd conss, 0 impls, 305 clqs
(round 17, exhaustive) 1704 del vars, 234 del conss, 0 add conss, 0 chg bounds, 3 chg sides, 604 chg coeffs, 25 upgd conss, 0 impls, 318 clqs
(round 18, exhaustive) 1704 del vars, 234 del conss, 0 add conss, 0 chg bounds, 3 chg sides, 611 chg coeffs, 25 upgd conss, 0 impls, 331 clqs
(round 19, exhaustive) 1704 del vars, 234 del conss, 0 add conss, 0 chg bounds, 3 chg sides, 619 chg coeffs, 25 upgd conss, 0 impls, 343 clqs
(round 20, exhaustive) 1704 del vars, 234 del conss, 0 add conss, 0 chg bounds, 3 chg sides, 627 chg coeffs, 25 upgd conss, 0 impls, 354 clqs
(round 21, exhaustive) 1704 del vars, 234 del conss, 0 add conss, 0 chg bounds, 3 chg sides, 635 chg coeffs, 25 upgd conss, 0 impls, 365 clqs
(round 22, exhaustive) 1704 del vars, 234 del conss, 0 add conss, 0 chg bounds, 3 chg sides, 642 chg coeffs, 25 upgd conss, 0 impls, 375 clqs
(round 23, exhaustive) 1704 del vars, 234 del conss, 0 add conss, 0 chg bounds, 3 chg sides, 648 chg coeffs, 25 upgd conss, 0 impls, 385 clqs
(round 24, exhaustive) 1704 del vars, 234 del conss, 0 add conss, 0 chg bounds, 3 chg sides, 654 chg coeffs, 25 upgd conss, 0 impls, 395 clqs
(round 25, exhaustive) 1704 del vars, 234 del conss, 0 add conss, 0 chg bounds, 3 chg sides, 660 chg coeffs, 25 upgd conss, 0 impls, 405 clqs
(round 26, exhaustive) 1704 del vars, 234 del conss, 0 add conss, 0 chg bounds, 3 chg sides, 666 chg coeffs, 25 upgd conss, 0 impls, 414 clqs
(round 27, exhaustive) 1704 del vars, 234 del conss, 0 add conss, 0 chg bounds, 3 chg sides, 672 chg coeffs, 25 upgd conss, 0 impls, 423 clqs
(round 28, exhaustive) 1704 del vars, 234 del conss, 0 add conss, 0 chg bounds, 3 chg sides, 678 chg coeffs, 25 upgd conss, 0 impls, 432 clqs
(round 29, exhaustive) 1704 del vars, 234 del conss, 0 add conss, 0 chg bounds, 3 chg sides, 684 chg coeffs, 25 upgd conss, 0 impls, 440 clqs
(round 30, exhaustive) 1704 del vars, 234 del conss, 0 add conss, 0 chg bounds, 3 chg sides, 690 chg coeffs, 25 upgd conss, 0 impls, 448 clqs
(round 31, exhaustive) 1704 del vars, 234 del conss, 0 add conss, 0 chg bounds, 3 chg sides, 696 chg coeffs, 25 upgd conss, 0 impls, 456 clqs
(round 32, exhaustive) 1704 del vars, 234 del conss, 0 add conss, 0 chg bounds, 3 chg sides, 702 chg coeffs, 25 upgd conss, 0 impls, 464 clqs
(round 33, exhaustive) 1704 del vars, 234 del conss, 0 add conss, 0 chg bounds, 3 chg sides, 708 chg coeffs, 25 upgd conss, 0 impls, 472 clqs
(round 34, exhaustive) 1704 del vars, 234 del conss, 0 add conss, 0 chg bounds, 3 chg sides, 712 chg coeffs, 25 upgd conss, 0 impls, 478 clqs
(round 35, exhaustive) 1704 del vars, 234 del conss, 0 add conss, 0 chg bounds, 3 chg sides, 715 chg coeffs, 25 upgd conss, 0 impls, 482 clqs
(round 36, exhaustive) 1704 del vars, 234 del conss, 0 add conss, 0 chg bounds, 3 chg sides, 717 chg coeffs, 25 upgd conss, 0 impls, 486 clqs
(round 37, exhaustive) 1704 del vars, 234 del conss, 0 add conss, 0 chg bounds, 3 chg sides, 719 chg coeffs, 25 upgd conss, 0 impls, 490 clqs
clique table cleanup detected 0 bound changes

presolved problem has 4363 active (3.13164%) nonzeros and 2871 (2.06072%) check nonzeros

presolving (38 rounds: 38 fast, 36 medium, 36 exhaustive):
 1704 deleted vars, 234 deleted constraints, 0 added constraints, 0 tightened bounds, 0 added holes, 3 changed sides, 720 changed coefficients
 0 implications, 494 cliques
presolved problem has 860 variables (860 bin, 0 int, 0 impl, 0 cont) and 162 constraints
     25 constraints of type <knapsack>
    118 constraints of type <setppc>
      1 constraints of type <linear>
     18 constraints of type <logicor>
transformed objective value is always integral (scale: 1)
Presolving Time: 0.15
transformed 1/2 original solutions to the transformed problem space

 time | node  | left  |LP iter|LP it/n|mem/heur|mdpt |vars |cons |rows |cuts |sepa|confs|strbr|  dualbound   | primalbound  |  gap   | compl. 
  0.5s|     1 |     0 |  1701 |     - |    40M |   0 | 860 | 162 | 143 |   0 |  0 |1649 |   0 | 6.539250e+03 | 6.548000e+03 |   0.13%| unknown
  0.5s|     1 |     0 |  1701 |     - |    40M |   0 | 860 | 162 | 143 |   0 |  0 |1649 |   0 | 6.539250e+03 | 6.548000e+03 |   0.13%| unknown
  0.6s|     1 |     0 |  1701 |     - |    41M |   0 | 860 | 162 | 148 |   5 |  1 |1649 |   0 | 6.548000e+03 | 6.548000e+03 |   0.00%| unknown
  0.6s|     1 |     0 |  1701 |     - |    41M |   0 | 860 | 162 | 148 |   5 |  1 |1649 |   0 | 6.548000e+03 | 6.548000e+03 |   0.00%| unknown

SCIP Status        : problem is solved [optimal solution found]
Solving Time (sec) : 0.55
Solving Nodes      : 1 (total of 2 nodes in 2 runs)
Primal Bound       : +6.54800000000000e+03 (2 solutions)
Dual Bound         : +6.54800000000000e+03
Gap                : 0.00 %

primal solution:
================

objective value:                                 6548
C4.                                                 1 	(obj:19)
C11.                                                1 	(obj:54)
C18.                                                1 	(obj:54)
C24.                                                1 	(obj:52)
C28.                                                1 	(obj:22)
C52.                                                1 	(obj:25)
C67.                                                1 	(obj:40)
C70.                                                1 	(obj:28)
C84.                                                1 	(obj:52)
C88.                                                1 	(obj:25)
C104.                                               1 	(obj:22)
C147.                                               1 	(obj:40)
C151.                                               1 	(obj:27)
C160.                                               1 	(obj:53)
C183.                                               1 	(obj:53)
C193.                                               1 	(obj:53)
C269.                                               1 	(obj:180)
C298.                                               1 	(obj:209)
C377.                                               1 	(obj:182)
C481.                                               1 	(obj:201)
C561.                                               1 	(obj:202)
C623.                                               1 	(obj:198)
C727.                                               1 	(obj:212)
C853.                                               1 	(obj:213)
C983.                                               1 	(obj:201)
C1032.                                              1 	(obj:182)
C1097.                                              1 	(obj:200)
C1262.                                              1 	(obj:211)
C1323.                                              1 	(obj:196)
C1341.                                              1 	(obj:223)
C1445.                                              1 	(obj:191)
C1466.                                              1 	(obj:212)
C1570.                                              1 	(obj:211)
C1599.                                              1 	(obj:211)
C1782.                                              1 	(obj:216)
C1858.                                              1 	(obj:201)
C1953.                                              1 	(obj:194)
C2334.                                              1 	(obj:192)
C2355.                                              1 	(obj:176)
C2381.                                              1 	(obj:173)
C2472.                                              1 	(obj:178)
C2557.                                              1 	(obj:188)
C2579.                                              1 	(obj:188)
C2612.                                              1 	(obj:191)
C2648.                                              1 	(obj:198)
C2649.                                              1 	(obj:199)

Statistics
==========

SCIP Status        : problem is solved [optimal solution found]
Total Time         :       0.56
  solving          :       0.55
  presolving       :       0.15 (included in solving)
  reading          :       0.01
  copying          :       0.01 (2 #copies) (minimal 0.00, maximal 0.01, average 0.00)
Original Problem   :
  Problem name     : mod010
  Variables        : 2655 (2655 binary, 0 integer, 0 implicit integer, 0 continuous)
  Constraints      : 146 initial, 146 maximal
  Objective        : minimize, 2655 non-zeros (abs.min = 12, abs.max = 266)
Presolved Problem  :
  Problem name     : t_mod010
  Variables        : 860 (860 binary, 0 integer, 0 implicit integer, 0 continuous)
  Constraints      : 162 initial, 162 maximal
  Objective        : minimize, 860 non-zeros (abs.min = 12, abs.max = 229)
  Nonzeros         : 4363 constraint, 999 clique table
Presolvers         :   ExecTime  SetupTime  Calls  FixedVars   AggrVars   ChgTypes  ChgBounds   AddHoles    DelCons    AddCons   ChgSides   ChgCoefs
  boundshift       :       0.00       0.00      0          0          0          0          0          0          0          0          0          0
  convertinttobin  :       0.00       0.00      0          0          0          0          0          0          0          0          0          0
  domcol           :       0.00       0.00      4          5          0          0          0          0          0          0          0          0
  dualagg          :       0.00       0.00      0          0          0          0          0          0          0          0          0          0
  dualcomp         :       0.00       0.00      0          0          0          0          0          0          0          0          0          0
  dualinfer        :       0.00       0.00      0          0          0          0          0          0          0          0          0          0
  dualsparsify     :       0.00       0.00      1          0          0          0          0          0          0          0          0          0
  gateextraction   :       0.00       0.00     36          0          0          0          0          0          1          0          0          0
  implics          :       0.00       0.00     44          0          0          0          0          0          0          0          0          0
  inttobinary      :       0.00       0.00      0          0          0          0          0          0          0          0          0          0
  qpkktref         :       0.00       0.00      0          0          0          0          0          0          0          0          0          0
  redvub           :       0.00       0.00      0          0          0          0          0          0          0          0          0          0
  sparsify         :       0.07       0.00      2          0          0          0          0          0          0          0          0       1790
  stuffing         :       0.00       0.00      0          0          0          0          0          0          0          0          0          0
  trivial          :       0.00       0.00     47       1550          0          0          0          0          0          0          0          0
  tworowbnd        :       0.00       0.00      0          0          0          0          0          0          0          0          0          0
  dualfix          :       0.00       0.00     47          0          0          0          0          0          0          0          0          0
  genvbounds       :       0.00       0.00      0          0          0          0          0          0          0          0          0          0
  probing          :       0.01       0.00      1          0          0          0          0          0          0          0          0          0
  pseudoobj        :       0.00       0.00      1          0          0          0          0          0          0          0          0          0
  symmetry         :       0.00       0.00      1          0          0          0          0          0          0          0          0          0
  vbounds          :       0.00       0.00      9          0          0          0          0          0          0          0          0          0
  knapsack         :       0.02       0.00    129          0          0          0          0          0          0          0          0        236
  setppc           :       0.01       0.00     99        237          3          0          0          0         29          0          3          3
  linear           :       0.01       0.00     54          0          0          0          0          0          3          0          3          0
  logicor          :       0.00       0.00     75          0          0          0          0          0        204          0          0        528
  benders          :       0.00       0.00      0          0          0          0          0          0          0          0          0          0
  components       :       0.00       0.00      2          0          0          0          0          0          0          0          0          0
  root node        :          -          -      -       2070          -          -       2070          -          -          -          -          -
Constraints        :     Number  MaxNumber  #Separate #Propagate    #EnfoLP    #EnfoRelax  #EnfoPS    #Check   #ResProp    Cutoffs    DomReds       Cuts    Applied      Conss   Children
  benderslp        :          0          0          0          0          0          0          0         39          0          0          0          0          0          0          0
  integral         :          0          0          0          0          0          0          0         39          0          0          0          0          0          0          0
  knapsack         :         25         25         22       1055          0          0          0         32         95          0          0         20          0          0          0
  setppc           :        118        118         22       1261          0          0          0         26       1880         43          0          0          0          0          0
  linear           :          1          1         22       1156          0          0          0          6         97          0          0          0          0          0          0
  logicor          :         18         18         22        100          0          0          0          0          0          1          0          0          0          0          0
  benders          :          0          0          0          0          0          0          0          4          0          0          0          0          0          0          0
  fixedvar         :          0          0          0          0          0          0          0          4          0          0          0          0          0          0          0
  countsols        :          0          0          0          0          0          0          0          4          0          0          0          0          0          0          0
  components       :          0          0          0          0          0          0          0          0          0          0          0          0          0          0          0
Constraint Timings :  TotalTime  SetupTime   Separate  Propagate     EnfoLP     EnfoPS     EnfoRelax   Check    ResProp    SB-Prop
  benderslp        :       0.00       0.00       0.00       0.00       0.00       0.00       0.00       0.00       0.00       0.00
  integral         :       0.00       0.00       0.00       0.00       0.00       0.00       0.00       0.00       0.00       0.00
  knapsack         :       0.00       0.00       0.00       0.00       0.00       0.00       0.00       0.00       0.00       0.00
  setppc           :       0.03       0.00       0.00       0.03       0.00       0.00       0.00       0.00       0.00       0.00
  linear           :       0.01       0.00       0.00       0.00       0.00       0.00       0.00       0.00       0.00       0.00
  logicor          :       0.00       0.00       0.00       0.00       0.00       0.00       0.00       0.00       0.00       0.00
  benders          :       0.00       0.00       0.00       0.00       0.00       0.00       0.00       0.00       0.00       0.00
  fixedvar         :       0.00       0.00       0.00       0.00       0.00       0.00       0.00       0.00       0.00       0.00
  countsols        :       0.00       0.00       0.00       0.00       0.00       0.00       0.00       0.00       0.00       0.00
  components       :       0.00       0.00       0.00       0.00       0.00       0.00       0.00       0.00       0.00       0.00
Propagators        : #Propagate   #ResProp    Cutoffs    DomReds
  dualfix          :          3          0          0          0
  genvbounds       :          0          0          0          0
  nlobbt           :          0          0          0          0
  obbt             :          0          0          0          0
  probing          :          0          0          0          0
  pseudoobj        :         34          0          0          0
  redcost          :         27          0          0        633
  rootredcost      :          0          0          0          0
  symmetry         :          0          0          0          0
  vbounds          :        432          0          0          0
Propagator Timings :  TotalTime  SetupTime   Presolve  Propagate    ResProp    SB-Prop
  dualfix          :       0.00       0.00       0.00       0.00       0.00       0.00
  genvbounds       :       0.00       0.00       0.00       0.00       0.00       0.00
  nlobbt           :       0.00       0.00       0.00       0.00       0.00       0.00
  obbt             :       0.00       0.00       0.00       0.00       0.00       0.00
  probing          :       0.01       0.00       0.01       0.00       0.00       0.00
  pseudoobj        :       0.00       0.00       0.00       0.00       0.00       0.00
  redcost          :       0.00       0.00       0.00       0.00       0.00       0.00
  rootredcost      :       0.00       0.00       0.00       0.00       0.00       0.00
  symmetry         :       0.00       0.00       0.00       0.00       0.00       0.00
  vbounds          :       0.00       0.00       0.00       0.00       0.00       0.00
Symmetry           :
  orbitopal red.   :          0 reductions applied,          0 cutoffs
  orbital reduction:          0 reductions applied,          0 cutoffs
  lexicographic red:          0 reductions applied,          0 cutoffs
  shadow tree time :       0.00 s
Conflict Analysis  :       Time      Calls    Success    DomReds  Conflicts   Literals    Reconvs ReconvLits   Dualrays   Nonzeros   LP Iters   (pool size: [10000,10000])
  propagation      :       0.00         40         39          -        338       39.2          0        0.0          -          -          -
  infeasible LP    :       0.00          1          1          -         14       37.5          0        0.0          0        0.0          0
  bound exceed. LP :       0.00          1       1423          -          2        2.5          0        0.0       1422        1.0         10
  strong branching :       0.00          0          0          -          0        0.0          0        0.0          -          -          0
  pseudo solution  :       0.00          0          0          -          0        0.0          0        0.0          -          -          -
  applied globally :       0.01          -          -       1422        227       25.9          -          -       1422          -          -
  applied locally  :          -          -          -          0          0        0.0          -          -          0          -          -
Separators         :   ExecTime  SetupTime      Calls  RootCalls    Cutoffs    DomReds  FoundCuts ViaPoolAdd  DirectAdd    Applied ViaPoolApp  DirectApp      Conss
  cut pool         :       0.00          -         41         41          -          -        110        127          -          -          -          -          -    (maximal pool size:         62)
  aggregation      :       0.08       0.00         22         22          0          0         16         33          0          9          9          0          0
  > cmir           :          -          -          -          -          -          -          -         25          0          5          5          0          -
  > flowcover      :          -          -          -          -          -          -          -          4          0          4          4          0          -
  > knapsackcover  :          -          -          -          -          -          -          -          4          0          0          0          0          -
  cgmip            :       0.00       0.00          0          0          0          0          0          0          0          0          0          0          0
  clique           :       0.01       0.00         22         22          0          0          3          3          0          2          2          0          0
  closecuts        :       0.00       0.00          0          0          0          0          0          0          0          0          0          0          0
  convexproj       :       0.00       0.00          0          0          0          0          0          0          0          0          0          0          0
  disjunctive      :       0.00       0.00          0          0          0          0          0          0          0          0          0          0          0
  eccuts           :       0.00       0.00          0          0          0          0          0          0          0          0          0          0          0
  gauge            :       0.00       0.00          0          0          0          0          0          0          0          0          0          0          0
  gomory           :       0.02       0.00         11         11          0          0         60         60          0          3          3          0          0
  > gomorymi       :          -          -          -          -          -          -          -         17          0          2          2          0          -
  > strongcg       :          -          -          -          -          -          -          -         43          0          1          1          0          -
  impliedbounds    :       0.00       0.00         22         22          0         13          0          0          0          0          0          0          0
  interminor       :       0.00       0.00          0          0          0          0          0          0          0          0          0          0          0
  intobj           :       0.00       0.00          0          0          0          0          0          0          0          0          0          0          0
  lagromory        :       0.00       0.00          0          0          0          0          0          0          0          0          0          0          0
  mcf              :       0.00       0.00          2          2          0          0          0          0          0          0          0          0          0
  minor            :       0.00       0.00          0          0          0          0          0          0          0          0          0          0          0
  mixing           :       0.00       0.00          0          0          0          0          0          0          0          0          0          0          0
  oddcycle         :       0.00       0.00          0          0          0          0          0          0          0          0          0          0          0
  rapidlearning    :       0.00       0.00          0          0          0          0          0          0          0          0          0          0          0
  rlt              :       0.00       0.00         11         11          0          0          0          0          0          0          0          0          0
  zerohalf         :       0.03       0.00         21         21          0          0         31         31          0         30         30          0          0
Cutselectors       :   ExecTime  SetupTime      Calls  RootCalls   Selected     Forced   Filtered  RootSelec   RootForc   RootFilt 
  hybrid           :       0.00       0.00         21         21         44          0        103         44          0        103
  ensemble         :       0.00       0.00          0          0          0          0          0          0          0          0
  dynamic          :       0.00       0.00          0          0          0          0          0          0          0          0
Pricers            :   ExecTime  SetupTime      Calls       Vars
  problem variables:       0.00          -          0          0
Branching Rules    :   ExecTime  SetupTime   BranchLP  BranchExt   BranchPS    Cutoffs    DomReds       Cuts      Conss   Children
  allfullstrong    :       0.00       0.00          0          0          0          0          0          0          0          0
  cloud            :       0.00       0.00          0          0          0          0          0          0          0          0
  distribution     :       0.00       0.00          0          0          0          0          0          0          0          0
  fullstrong       :       0.00       0.00          0          0          0          0          0          0          0          0
  general_disjuncti:       0.00       0.00          0          0          0          0          0          0          0          0
  GeneralDisjunction(extra): subMILPs=0 fairNodes of all MILPs=0 probingLPs=0
  gomory           :       0.00       0.00          0          0          0          0          0          0          0          0
  inference        :       0.00       0.00          0          0          0          0          0          0          0          0
  leastinf         :       0.00       0.00          0          0          0          0          0          0          0          0
  lookahead        :       0.00       0.00          0          0          0          0          0          0          0          0
  mostinf          :       0.00       0.00          0          0          0          0          0          0          0          0
  multaggr         :       0.00       0.00          0          0          0          0          0          0          0          0
  nodereopt        :       0.00       0.00          0          0          0          0          0          0          0          0
  pscost           :       0.00       0.00          0          0          0          0          0          0          0          0
  random           :       0.00       0.00          0          0          0          0          0          0          0          0
  relpscost        :       0.00       0.00          0          0          0          0          0          0          0          0
  vanillafullstrong:       0.00       0.00          0          0          0          0          0          0          0          0
Primal Heuristics  :   ExecTime  SetupTime      Calls      Found       Best
  LP solutions     :       0.00          -          -          0          0
  relax solutions  :       0.00          -          -          0          0
  pseudo solutions :       0.00          -          -          0          0
  strong branching :       0.00          -          -          0          0
  actconsdiving    :       0.00       0.00          0          0          0
  adaptivediving   :       0.00       0.00          0          0          0
  alns             :       0.01       0.00          1          0          0
  bound            :       0.00       0.00          0          0          0
  clique           :       0.01       0.00          1          0          0
  coefdiving       :       0.00       0.00          0          0          0
  completesol      :       0.00       0.00          0          0          0
  conflictdiving   :       0.01       0.00          1          0          0
  crossover        :       0.00       0.00          0          0          0
  dins             :       0.00       0.00          0          0          0
  distributiondivin:       0.00       0.00          0          0          0
  dps              :       0.00       0.00          0          0          0
  dualval          :       0.00       0.00          0          0          0
  farkasdiving     :       0.01       0.00          1          1          1
  feaspump         :       0.02       0.00          1          1          1
  fixandinfer      :       0.00       0.00          0          0          0
  fracdiving       :       0.00       0.00          0          0          0
  gins             :       0.00       0.00          0          0          0
  guideddiving     :       0.00       0.00          0          0          0
  indicator        :       0.00       0.00          0          0          0
  indicatordiving  :       0.00       0.00          0          0          0
  intdiving        :       0.00       0.00          0          0          0
  intshifting      :       0.00       0.00          0          0          0
  linesearchdiving :       0.00       0.00          0          0          0
  localbranching   :       0.00       0.00          0          0          0
  locks            :       0.00       0.00          1          0          0
  lpface           :       0.00       0.00          0          0          0
  mpec             :       0.00       0.00          0          0          0
  multistart       :       0.00       0.00          0          0          0
  mutation         :       0.00       0.00          0          0          0
  nlpdiving        :       0.00       0.00          0          0          0
  objpscostdiving  :       0.00       0.00          0          0          0
  octane           :       0.00       0.00          0          0          0
  ofins            :       0.00       0.00          0          0          0
  oneopt           :       0.00       0.00          2          0          0
  padm             :       0.00       0.00          0          0          0
  proximity        :       0.00       0.00          0          0          0
  pscostdiving     :       0.00       0.00          0          0          0
  randrounding     :       0.04       0.00         22          0          0
  rens             :       0.01       0.00          1          0          0
  reoptsols        :       0.00       0.00          0          0          0
  repair           :       0.00       0.00          0          0          0
  rins             :       0.00       0.00          0          0          0
  rootsoldiving    :       0.00       0.00          0          0          0
  rounding         :       0.00       0.00         22          0          0
  scheduler        :       0.00       0.00          0          0          0
  shiftandpropagate:       0.01       0.00          1          0          0
  shifting         :       0.01       0.00         22          0          0
  simplerounding   :       0.00       0.00          0          0          0
  subnlp           :       0.00       0.00          0          0          0
  trivial          :       0.00       0.00          4          0          0
  trivialnegation  :       0.00       0.00          0          0          0
  trustregion      :       0.00       0.00          0          0          0
  trysol           :       0.00       0.00          0          0          0
  twoopt           :       0.00       0.00          0          0          0
  undercover       :       0.00       0.00          0          0          0
  vbounds          :       0.02       0.00          2          0          0
  veclendiving     :       0.00       0.00          0          0          0
  zeroobj          :       0.00       0.00          0          0          0
  zirounding       :       0.00       0.00          1          0          0
  other solutions  :          -          -          -          0          -
LNS (Scheduler)    :      Calls  SetupTime  SolveTime SolveNodes       Sols       Best       Exp3    Exp3-IX  EpsGreedy        UCB TgtFixRate  Opt  Inf Node Stal  Sol  Usr Othr Actv
  rens             :          0       0.00       0.00          0          0          0    0.00000    0.12500   -1.00000    1.00000      0.900    0    0    0    0    0    0    0    1
  rins             :          0       0.00       0.00          0          0          0    0.00000    0.12500   -1.00000    1.00000      0.900    0    0    0    0    0    0    0    1
  mutation         :          0       0.00       0.00          0          0          0    0.00000    0.12500   -1.00000    1.00000      0.900    0    0    0    0    0    0    0    1
  localbranching   :          0       0.00       0.00          0          0          0    0.00000    0.12500   -1.00000    1.00000      0.900    0    0    0    0    0    0    0    1
  crossover        :          0       0.00       0.00          0          0          0    0.00000    0.12500   -1.00000    1.00000      0.900    0    0    0    0    0    0    0    1
  proximity        :          0       0.00       0.00          0          0          0    0.00000    0.12500   -1.00000    1.00000      0.900    0    0    0    0    0    0    0    1
  zeroobjective    :          0       0.00       0.00          0          0          0    0.00000    0.12500   -1.00000    1.00000      0.900    0    0    0    0    0    0    0    1
  dins             :          0       0.00       0.00          0          0          0    0.00000    0.12500   -1.00000    1.00000      0.900    0    0    0    0    0    0    0    1
  trustregion      :          0       0.00       0.00          0          0          0    0.00000    0.00000   -1.00000    1.00000      0.900    0    0    0    0    0    0    0    0
LP                 :       Time      Calls Iterations  Iter/call   Iter/sec  Time-0-It Calls-0-It    ItLimit
  primal LP        :       0.01          2          0       0.00          -       0.01          2
  dual LP          :       0.04         28       1178      53.55   30641.18       0.00          6
  lex dual LP      :       0.00          0          0       0.00          -
  barrier LP       :       0.00          0          0       0.00          -       0.00          0
  resolve instable :       0.00          0          0       0.00          -
  diving/probing LP:       0.02         16        523      32.69   21985.88
  strong branching :       0.00          0          0       0.00          -          -          -          0
    (at root node) :          -          0          0       0.00          -
  conflict analysis:       0.00          1         10      10.00          -
B&B Tree           :
  number of runs   :          2
  nodes            :          1 (0 internal, 1 leaves)
  feasible leaves  :          0
  infeas. leaves   :          0
  objective leaves :          0
  nodes (total)    :          2 (0 internal, 2 leaves)
  nodes left       :          0
  max depth        :          0
  max depth (total):          0
  backtracks       :          0 (0.0%)
  early backtracks :          0 (0.0%)
  nodes exc. ref.  :          0 (0.0%)
  delayed cutoffs  :          0
  repropagations   :          0 (0 domain reductions, 0 cutoffs)
  avg switch length:       2.00
  switching time   :       0.00
Root Node          :
  First LP value   : +6.53208333333333e+03
  First LP Iters   :        615 (41666.67 Iter/sec)
  First LP Time    :       0.01
  Final Dual Bound :          -
  Final Root Iters :       1603
  Root LP Estimate :                     -
Solution           :
  Solutions found  :          2 (2 improvements)
  First Solution   : +6.87900000000000e+03   (in run 1, after 1 nodes, 0.19 seconds, depth 0, found by <feaspump>)
  Gap First Sol.   :       5.31 %
  Gap Last Sol.    :       0.13 %
  Primal Bound     : +6.54800000000000e+03   (in run 1, after 1 nodes, 0.45 seconds, depth 11, found by <farkasdiving>)
  Dual Bound       : +6.54800000000000e+03
  Gap              :       0.00 %
Integrals          :      Total       Avg%
  primal-dual      :      20.17      36.35
  primal-ref       :          -          - (not evaluated)
  dual-ref         :          -          - (not evaluated)
