SCIP version 9.2.2 [precision: 8 byte] [memory: block] [mode: optimized] [LP solver: CPLEX 12.10.0.0] [GitHash: 416226a4f8]
Copyright (c) 2002-2025 Zuse Institute Berlin (ZIB)

reading parameter file </scratch/htc/yzhou/exp_scipmip/settings/allon_gendj.set>

read problem </scratch/htc/yzhou/exp_scipmip/instances/additional/neos-1430701.mps>
============

original problem has 312 variables (156 bin, 0 int, 0 impl, 156 cont) and 668 constraints
    668 constraints of type <linear>
Reading Time: 0.00
solve problem
=============
LP Solver <CPLEX 12.10.0.0>: fastmip setting not available -- SCIP parameter has no effect
LP Solver <CPLEX 12.10.0.0>: clock type cannot be set
LP Solver <CPLEX 12.10.0.0>: row representation of the basis not available -- SCIP parameter lp/rowrepswitch has no effect
LP Solver <CPLEX 12.10.0.0>: solution polishing not available -- SCIP parameter lp/solutionpolishing has no effect
LP Solver <CPLEX 12.10.0.0>: refactorization interval not available -- SCIP parameter lp/refactorinterval has no effect
transformed problem has 312 variables (156 bin, 0 int, 0 impl, 156 cont) and 668 constraints
    668 constraints of type <linear>

original problem has 2868 active (1.37609%) nonzeros and 2868 (1.37609%) check nonzeros

feasible solution found by trivial heuristic after 0.0 seconds, objective value 0.000000e+00
presolving:
(round 1, fast)       6 del vars, 6 del conss, 0 add conss, 312 chg bounds, 150 chg sides, 150 chg coeffs, 0 upgd conss, 6 impls, 156 clqs
(round 2, exhaustive) 6 del vars, 6 del conss, 0 add conss, 312 chg bounds, 150 chg sides, 150 chg coeffs, 312 upgd conss, 6 impls, 156 clqs
   (0.0s) probing: 100/150 (66.7%) - 0 fixings, 0 aggregations, 138 implications, 0 bound changes
   (0.0s) probing cycle finished: starting next cycle
   (0.0s) symmetry computation started: requiring (bin +, int +, cont +), (fixed: bin -, int -, cont -)
   (0.0s) symmetry computation finished: 20 generators found (max: 1500, log10 of symmetry group size: 10.0) (symcode time: 0.00)
dynamic symmetry handling statistics:
   orbitopal reduction:        4 components: 8x6, 32x6, 8x6, 3x6
   orbital reduction:         no components
   lexicographic reduction:   no permutations
handled 4 out of 4 symmetry components
cons components found 4 undirected components at node 1, depth 0 (0)
clique table cleanup detected 0 bound changes

presolved problem has 2364 active (2.57584%) nonzeros and 2364 (2.57584%) check nonzeros

presolving (3 rounds: 3 fast, 2 medium, 2 exhaustive):
 120 deleted vars, 190 deleted constraints, 0 added constraints, 312 tightened bounds, 0 added holes, 150 changed sides, 150 changed coefficients
 468 implications, 120 cliques
presolved problem has 192 variables (96 bin, 0 int, 0 impl, 96 cont) and 478 constraints
     96 constraints of type <varbound>
    120 constraints of type <setppc>
    262 constraints of type <linear>
Presolving Time: 0.03

 time | node  | left  |LP iter|LP it/n|mem/heur|mdpt |vars |cons |rows |cuts |sepa|confs|strbr|  dualbound   | primalbound  |  gap   | compl. 
t 0.0s|     1 |     0 |     0 |     - | trivial|   0 | 192 | 478 |   0 |   0 |  0 |   0 |   0 |-3.180000e+02 |-3.000000e+01 | 960.00%| unknown
p 0.0s|     1 |     0 |    14 |     - |  clique|   0 | 192 | 478 | 478 |   0 |  0 |   0 |   0 |-3.180000e+02 |-5.400000e+01 | 488.89%| unknown
p 0.0s|     1 |     0 |    25 |     - |   locks|   0 | 192 | 478 | 478 |   0 |  0 |   0 |   0 |-3.180000e+02 |-5.700000e+01 | 457.89%| unknown
  0.0s|     1 |     0 |    69 |     - |  7225k |   0 | 192 | 478 | 478 |   0 |  0 |   0 |   0 |-7.800000e+01 |-5.700000e+01 |  36.84%| unknown
  0.0s|     1 |     0 |   114 |     - |  7540k |   0 | 192 | 478 | 487 |   9 |  1 |   0 |   0 |-7.800000e+01 |-5.700000e+01 |  36.84%| unknown
  0.1s|     1 |     0 |   169 |     - |  7967k |   0 | 192 | 478 | 498 |  20 |  2 |   0 |   0 |-7.800000e+01 |-5.700000e+01 |  36.84%| unknown
  0.1s|     1 |     0 |   197 |     - |  8887k |   0 | 192 | 478 | 506 |  28 |  3 |   0 |   0 |-7.800000e+01 |-5.700000e+01 |  36.84%| unknown
  0.1s|     1 |     0 |   240 |     - |  9819k |   0 | 192 | 478 | 515 |  37 |  4 |   0 |   0 |-7.800000e+01 |-5.700000e+01 |  36.84%| unknown
  0.1s|     1 |     0 |   281 |     - |    10M |   0 | 192 | 478 | 524 |  46 |  5 |   0 |   0 |-7.800000e+01 |-5.700000e+01 |  36.84%| unknown
  0.2s|     1 |     0 |   339 |     - |    11M |   0 | 192 | 478 | 533 |  55 |  6 |   0 |   0 |-7.800000e+01 |-5.700000e+01 |  36.84%| unknown
  0.2s|     1 |     0 |   374 |     - |    13M |   0 | 192 | 478 | 541 |  63 |  7 |   0 |   0 |-7.800000e+01 |-5.700000e+01 |  36.84%| unknown
  0.2s|     1 |     0 |   421 |     - |    14M |   0 | 192 | 478 | 550 |  72 |  8 |   0 |   0 |-7.800000e+01 |-5.700000e+01 |  36.84%| unknown
r 0.2s|     1 |     0 |   421 |     - |shifting|   0 | 192 | 478 | 550 |  72 |  8 |   0 |   0 |-7.800000e+01 |-5.900121e+01 |  32.20%| unknown
  0.3s|     1 |     0 |   442 |     - |    14M |   0 | 192 | 478 | 557 |  79 |  9 |   0 |   0 |-7.800000e+01 |-5.900121e+01 |  32.20%| unknown
r 0.3s|     1 |     0 |   442 |     - |shifting|   0 | 192 | 478 | 557 |  79 |  9 |   0 |   0 |-7.800000e+01 |-6.360000e+01 |  22.64%| unknown
 time | node  | left  |LP iter|LP it/n|mem/heur|mdpt |vars |cons |rows |cuts |sepa|confs|strbr|  dualbound   | primalbound  |  gap   | compl. 
  0.3s|     1 |     0 |   460 |     - |    15M |   0 | 192 | 478 | 562 |  84 | 10 |   0 |   0 |-7.800000e+01 |-6.360000e+01 |  22.64%| unknown
  0.3s|     1 |     0 |   467 |     - |    15M |   0 | 192 | 478 | 566 |  88 | 11 |   0 |   0 |-7.800000e+01 |-6.360000e+01 |  22.64%| unknown
Truncate separation round because of stalling (10 stall rounds).
o 0.3s|     1 |     0 |   650 |     - |feaspump|   0 | 192 | 478 | 566 |  88 | 11 |   0 |   0 |-7.800000e+01 |-7.300000e+01 |   6.85%| unknown
L 0.3s|     1 |     0 |   650 |     - |    rens|   0 | 192 | 478 | 566 |  88 | 11 |   0 |   0 |-7.800000e+01 |-7.600000e+01 |   2.63%| unknown
  0.3s|     1 |     0 |   650 |     - |    15M |   0 | 192 | 478 | 566 |  88 | 11 |   0 |   0 |-7.800000e+01 |-7.600000e+01 |   2.63%| unknown
  0.4s|     1 |     0 |   660 |     - |    16M |   0 | 192 | 478 | 569 |  91 | 12 |   0 |   0 |-7.800000e+01 |-7.600000e+01 |   2.63%| unknown
  0.4s|     1 |     0 |   678 |     - |    16M |   0 | 192 | 478 | 574 |  96 | 13 |   0 |   0 |-7.800000e+01 |-7.600000e+01 |   2.63%| unknown
_____________________________________
Now starting branching with general disjunction
Current branching Node number: 1
LP objective value: -48
Node lower bound: -48
Node upper bound: -76
gap to the primal bound: 0.0263158
Preck submodel is infeasible, continue branching
Time limit exceeded (1072.09s), stopping submodel solve loop
General disjunction: No feasible solution found, use SCIP default branching rule
 1073s|     1 |     2 |   678 |     - |    16M |   0 | 192 | 478 | 574 |  96 | 13 |   0 |  29 |-7.800000e+01 |-7.600000e+01 |   2.63%| unknown
_____________________________________
Now starting branching with general disjunction
Current branching Node number: 2
LP objective value: -48
Node lower bound: -48
Node upper bound: -76
gap to the primal bound: 0.0263158
Preck submodel is infeasible, continue branching
General disjunction: No feasible solution found, use SCIP default branching rule
_____________________________________
Now starting branching with general disjunction
Current branching Node number: 5
LP objective value: -48
Node lower bound: -48
Node upper bound: -76
gap to the primal bound: 0.0263158
Preck submodel is infeasible, continue branching
Time limit exceeded (1074.73s), stopping submodel solve loop
General disjunction: No feasible solution found, use SCIP default branching rule
_____________________________________
Now starting branching with general disjunction
Current branching Node number: 7
Relpscost reduced domain, skip general disjunction branching
_____________________________________
Now starting branching with general disjunction
Current branching Node number: 7
LP objective value: -47.75
Node lower bound: -47.75
Node upper bound: -76
gap to the primal bound: 0.0263158
Preck submodel is infeasible, continue branching
Time limit exceeded (1069.66s), stopping submodel solve loop
General disjunction: No feasible solution found, use SCIP default branching rule
_____________________________________
Now starting branching with general disjunction
Current branching Node number: 8
LP objective value: -47.75
Node lower bound: -47.75
Node upper bound: -76
gap to the primal bound: 0.0263158
Preck submodel is infeasible, continue branching
Time limit exceeded (1051.3s), stopping submodel solve loop
General disjunction: No feasible solution found, use SCIP default branching rule
_____________________________________
Now starting branching with general disjunction
Current branching Node number: 11
LP objective value: -47.75
Node lower bound: -47.75
Node upper bound: -76
gap to the primal bound: 0.0263158
Preck submodel is infeasible, continue branching
Time limit exceeded (1090.65s), stopping submodel solve loop
General disjunction: No feasible solution found, use SCIP default branching rule
_____________________________________
Now starting branching with general disjunction
Current branching Node number: 12
Relpscost reduced domain, skip general disjunction branching
_____________________________________
Now starting branching with general disjunction
Current branching Node number: 12
LP objective value: -47.1667
Node lower bound: -47.1667
Node upper bound: -76
gap to the primal bound: 0.0263158
Preck submodel is infeasible, continue branching
Time limit exceeded (1047.81s), stopping submodel solve loop
General disjunction: No feasible solution found, use SCIP default branching rule
_____________________________________
Now starting branching with general disjunction
Current branching Node number: 14
LP objective value: -47.1667
Node lower bound: -47.1667
Node upper bound: -76
gap to the primal bound: 0.0263158
Preck submodel is infeasible, continue branching
Time limit exceeded (1088.2s), stopping submodel solve loop
General disjunction: No feasible solution found, use SCIP default branching rule
_____________________________________
Now starting branching with general disjunction
Current branching Node number: 17
LP objective value: -47.1111
Node lower bound: -47
Node upper bound: -76
gap to the primal bound: 0.0263158
Preck submodel is infeasible, continue branching
General disjunction: Infeasible disjunction
_____________________________________
Now starting branching with general disjunction
Current branching Node number: 16
LP objective value: -47.1667
Node lower bound: -47.1667
Node upper bound: -76
gap to the primal bound: 0.0263158
Preck submodel is infeasible, continue branching
Time limit exceeded (1105.53s), stopping submodel solve loop
General disjunction: No feasible solution found, use SCIP default branching rule
_____________________________________
Now starting branching with general disjunction
Current branching Node number: 19
LP objective value: -47.1667
Node lower bound: -47.1667
Node upper bound: -76
gap to the primal bound: 0.0263158
Preck submodel is infeasible, continue branching
Time limit exceeded (1148.84s), stopping submodel solve loop
General disjunction: No feasible solution found, use SCIP default branching rule
_____________________________________
Now starting branching with general disjunction
Current branching Node number: 21
LP objective value: -47.1667
Node lower bound: -47.1667
Node upper bound: -76
gap to the primal bound: 0.0263158
Preck submodel is infeasible, continue branching
Time limit exceeded (1107.2s), stopping submodel solve loop
General disjunction: No feasible solution found, use SCIP default branching rule
_____________________________________
Now starting branching with general disjunction
Current branching Node number: 23
Relpscost reduced domain, skip general disjunction branching
_____________________________________
Now starting branching with general disjunction
Current branching Node number: 22
LP objective value: -47.1667
Node lower bound: -47
Node upper bound: -76
gap to the primal bound: 0.0263158
Preck submodel is infeasible, continue branching
Time limit exceeded (1103.95s), stopping submodel solve loop
General disjunction: No feasible solution found, use SCIP default branching rule
_____________________________________
Now starting branching with general disjunction
Current branching Node number: 24
LP objective value: -46.3333
Node lower bound: -46.3333
Node upper bound: -76
gap to the primal bound: 0.0263158
Preck submodel is infeasible, continue branching
Time limit exceeded (1065.14s), stopping submodel solve loop
General disjunction: No feasible solution found, use SCIP default branching rule
_____________________________________
Now starting branching with general disjunction
Current branching Node number: 27
LP objective value: -46.3333
Node lower bound: -46.3333
Node upper bound: -76
gap to the primal bound: 0.0263158
Preck submodel is infeasible, continue branching
Time limit exceeded (1312.44s), stopping submodel solve loop
General disjunction: No feasible solution found, use SCIP default branching rule
_____________________________________
Now starting branching with general disjunction
Current branching Node number: 29
Relpscost reduced domain, skip general disjunction branching
_____________________________________
Now starting branching with general disjunction
Current branching Node number: 29
Relpscost reduced domain, skip general disjunction branching
_____________________________________
Now starting branching with general disjunction
Current branching Node number: 29
LP objective value: -46.2355
Node lower bound: -46.2355
Node upper bound: -76
gap to the primal bound: 0.0263158
Preck submodel is infeasible, continue branching
General disjunction: Infeasible disjunction
_____________________________________
Now starting branching with general disjunction
Current branching Node number: 6
LP objective value: -48
Node lower bound: -48
Node upper bound: -76
gap to the primal bound: 0.0263158
Preck submodel is infeasible, continue branching
Time limit exceeded (1035s), stopping submodel solve loop
General disjunction: No feasible solution found, use SCIP default branching rule
_____________________________________
Now starting branching with general disjunction
Current branching Node number: 31
LP objective value: -48
Node lower bound: -48
Node upper bound: -76
gap to the primal bound: 0.0263158
Preck submodel is infeasible, continue branching
Time limit exceeded (1096.8s), stopping submodel solve loop
General disjunction: No feasible solution found, use SCIP default branching rule
_____________________________________
Now starting branching with general disjunction
Current branching Node number: 33
LP objective value: -48
Node lower bound: -48
Node upper bound: -76
gap to the primal bound: 0.0263158
Preck submodel is infeasible, continue branching
Time limit exceeded (1154.18s), stopping submodel solve loop
General disjunction: No feasible solution found, use SCIP default branching rule
_____________________________________
Now starting branching with general disjunction
Current branching Node number: 35
LP objective value: -48
Node lower bound: -48
Node upper bound: -76
gap to the primal bound: 0.0263158
Preck submodel is infeasible, continue branching
Time limit exceeded (1042.98s), stopping submodel solve loop
General disjunction: No feasible solution found, use SCIP default branching rule
_____________________________________
Now starting branching with general disjunction
Current branching Node number: 37
Relpscost reduced domain, skip general disjunction branching
_____________________________________
Now starting branching with general disjunction
Current branching Node number: 36
LP objective value: -48
Node lower bound: -48
Node upper bound: -76
gap to the primal bound: 0.0263158
Preck submodel is infeasible, continue branching
Time limit exceeded (1135.14s), stopping submodel solve loop
General disjunction: No feasible solution found, use SCIP default branching rule
_____________________________________
Now starting branching with general disjunction
Current branching Node number: 38
LP objective value: -48
Node lower bound: -48
Node upper bound: -76
gap to the primal bound: 0.0263158
Preck submodel is infeasible, continue branching
Time limit exceeded (1082.71s), stopping submodel solve loop
General disjunction: No feasible solution found, use SCIP default branching rule
_____________________________________
Now starting branching with general disjunction
Current branching Node number: 40
LP objective value: -48
Node lower bound: -48
Node upper bound: -76
gap to the primal bound: 0.0263158
Preck submodel is infeasible, continue branching
Time limit exceeded (1152.43s), stopping submodel solve loop
General disjunction: No feasible solution found, use SCIP default branching rule
_____________________________________
Now starting branching with general disjunction
Current branching Node number: 43
LP objective value: -48
Node lower bound: -48
Node upper bound: -76
gap to the primal bound: 0.0263158
Preck submodel is infeasible, continue branching
Time limit exceeded (1091.08s), stopping submodel solve loop
General disjunction: No feasible solution found, use SCIP default branching rule
_____________________________________
Now starting branching with general disjunction
Current branching Node number: 45
LP objective value: -48
Node lower bound: -48
Node upper bound: -76
gap to the primal bound: 0.0263158
Preck submodel is infeasible, continue branching
Time limit exceeded (1206.24s), stopping submodel solve loop
General disjunction: No feasible solution found, use SCIP default branching rule
_____________________________________
Now starting branching with general disjunction
Current branching Node number: 47
LP objective value: -46.5
Node lower bound: -46.5
Node upper bound: -76
gap to the primal bound: 0.0263158
Preck submodel is infeasible, continue branching
General disjunction: Infeasible disjunction
_____________________________________
Now starting branching with general disjunction
Current branching Node number: 46
Relpscost reduced domain, skip general disjunction branching
_____________________________________
Now starting branching with general disjunction
Current branching Node number: 46
LP objective value: -47.5714
Node lower bound: -47.5
Node upper bound: -76
gap to the primal bound: 0.0263158
Preck submodel is infeasible, continue branching
General disjunction: Infeasible disjunction
_____________________________________
Now starting branching with general disjunction
Current branching Node number: 4
LP objective value: -48
Node lower bound: -48
Node upper bound: -76
gap to the primal bound: 0.0263158
Preck submodel is infeasible, continue branching
General disjunction: No feasible solution found, use SCIP default branching rule
_____________________________________
Now starting branching with general disjunction
Current branching Node number: 49
LP objective value: -48
Node lower bound: -48
Node upper bound: -76
gap to the primal bound: 0.0263158
Preck submodel is infeasible, continue branching
General disjunction: No feasible solution found, use SCIP default branching rule
_____________________________________
Now starting branching with general disjunction
Current branching Node number: 51
LP objective value: -48
Node lower bound: -48
Node upper bound: -76
gap to the primal bound: 0.0263158
Preck submodel is infeasible, continue branching
Time limit exceeded (1047.54s), stopping submodel solve loop
General disjunction: No feasible solution found, use SCIP default branching rule
_____________________________________
Now starting branching with general disjunction
Current branching Node number: 53
Relpscost reduced domain, skip general disjunction branching
_____________________________________
Now starting branching with general disjunction
Current branching Node number: 53
LP objective value: -47.5
Node lower bound: -47.5
Node upper bound: -76
gap to the primal bound: 0.0263158
Preck submodel is infeasible, continue branching
Time limit exceeded (1185.52s), stopping submodel solve loop
General disjunction: No feasible solution found, use SCIP default branching rule
_____________________________________
Now starting branching with general disjunction
Current branching Node number: 55
LP objective value: -47.5
Node lower bound: -47.5
Node upper bound: -76
gap to the primal bound: 0.0263158
Preck submodel is infeasible, continue branching
Time limit exceeded (1260.16s), stopping submodel solve loop
General disjunction: No feasible solution found, use SCIP default branching rule
_____________________________________
Now starting branching with general disjunction
Current branching Node number: 57
LP objective value: -47.5
Node lower bound: -47.5
Node upper bound: -76
gap to the primal bound: 0.0263158
Preck submodel is infeasible, continue branching
Time limit exceeded (1045.47s), stopping submodel solve loop
General disjunction: No feasible solution found, use SCIP default branching rule
_____________________________________
Now starting branching with general disjunction
Current branching Node number: 59
LP objective value: -47.5
Node lower bound: -47.5
Node upper bound: -76
gap to the primal bound: 0.0263158
Preck submodel is infeasible, continue branching
Time limit exceeded (1173.51s), stopping submodel solve loop
General disjunction: No feasible solution found, use SCIP default branching rule
_____________________________________
Now starting branching with general disjunction
Current branching Node number: 60
Relpscost reduced domain, skip general disjunction branching
_____________________________________
Now starting branching with general disjunction
Current branching Node number: 60
LP objective value: -47
Node lower bound: -47
Node upper bound: -76
gap to the primal bound: 0.0263158
Preck submodel is infeasible, continue branching
General disjunction: Infeasible disjunction
_____________________________________
Now starting branching with general disjunction
Current branching Node number: 61
LP objective value: -47.5
Node lower bound: -47.4423
Node upper bound: -76
gap to the primal bound: 0.0263158
Preck submodel is infeasible, continue branching
Time limit exceeded (1168.75s), stopping submodel solve loop
General disjunction: No feasible solution found, use SCIP default branching rule
_____________________________________
Now starting branching with general disjunction
Current branching Node number: 63
Relpscost reduced domain, skip general disjunction branching
_____________________________________
Now starting branching with general disjunction
Current branching Node number: 63
LP objective value: -46.7627
Node lower bound: -46.736
Node upper bound: -76
gap to the primal bound: 0.0263158
Preck submodel is infeasible, continue branching
Time limit exceeded (1712.55s), stopping submodel solve loop
General disjunction: No feasible solution found, use SCIP default branching rule
_____________________________________
Now starting branching with general disjunction
Current branching Node number: 64
LP objective value: -46.736
Node lower bound: -46.7347
Node upper bound: -76
gap to the primal bound: 0.0263158
Preck submodel is infeasible, continue branching
Time limit exceeded (1551.18s), stopping submodel solve loop
General disjunction: No feasible solution found, use SCIP default branching rule
_____________________________________
Now starting branching with general disjunction
Current branching Node number: 67
LP objective value: -46.5522
Node lower bound: -46.5522
Node upper bound: -76
gap to the primal bound: 0.0263158
Preck submodel is infeasible, continue branching
Time limit exceeded (1000.67s), stopping submodel solve loop
General disjunction: No feasible solution found, use SCIP default branching rule
_____________________________________
Now starting branching with general disjunction
Current branching Node number: 69
LP objective value: -46.4131
Node lower bound: -46.4131
Node upper bound: -76
gap to the primal bound: 0.0263158
Preck submodel is infeasible, continue branching
Time limit exceeded (1168.84s), stopping submodel solve loop
General disjunction: No feasible solution found, use SCIP default branching rule
_____________________________________
Now starting branching with general disjunction
Current branching Node number: 52
LP objective value: -48
Node lower bound: -48
Node upper bound: -76
gap to the primal bound: 0.0263158
Preck submodel is infeasible, continue branching
Time limit exceeded (1033.46s), stopping submodel solve loop
General disjunction: No feasible solution found, use SCIP default branching rule
_____________________________________
Now starting branching with general disjunction
Current branching Node number: 73
LP objective value: -48
Node lower bound: -48
Node upper bound: -76
gap to the primal bound: 0.0263158
Preck submodel is infeasible, continue branching
Time limit exceeded (1189.8s), stopping submodel solve loop
General disjunction: No feasible solution found, use SCIP default branching rule
_____________________________________
Now starting branching with general disjunction
Current branching Node number: 75
LP objective value: -48
Node lower bound: -48
Node upper bound: -76
gap to the primal bound: 0.0263158
Preck submodel is infeasible, continue branching
General disjunction: Infeasible disjunction
_____________________________________
Now starting branching with general disjunction
Current branching Node number: 74
LP objective value: -48
Node lower bound: -48
Node upper bound: -76
gap to the primal bound: 0.0263158
Preck submodel is infeasible, continue branching
Time limit exceeded (1033.71s), stopping submodel solve loop
General disjunction: No feasible solution found, use SCIP default branching rule
_____________________________________
Now starting branching with general disjunction
Current branching Node number: 77
LP objective value: -48
Node lower bound: -48
Node upper bound: -76
gap to the primal bound: 0.0263158
Preck submodel is infeasible, continue branching
Time limit exceeded (1116.66s), stopping submodel solve loop
General disjunction: No feasible solution found, use SCIP default branching rule
_____________________________________
Now starting branching with general disjunction
Current branching Node number: 79
LP objective value: -48
Node lower bound: -48
Node upper bound: -76
gap to the primal bound: 0.0263158
Preck submodel is infeasible, continue branching
Time limit exceeded (1127.62s), stopping submodel solve loop
General disjunction: No feasible solution found, use SCIP default branching rule
_____________________________________
Now starting branching with general disjunction
Current branching Node number: 81
LP objective value: -48
Node lower bound: -48
Node upper bound: -76
gap to the primal bound: 0.0263158
Preck submodel is infeasible, continue branching
Time limit exceeded (1095.44s), stopping submodel solve loop
General disjunction: No feasible solution found, use SCIP default branching rule
_____________________________________
Now starting branching with general disjunction
Current branching Node number: 82
LP objective value: -47.9643
Node lower bound: -47.8779
Node upper bound: -76
gap to the primal bound: 0.0263158
Preck submodel is infeasible, continue branching
Time limit exceeded (1389.64s), stopping submodel solve loop
General disjunction: No feasible solution found, use SCIP default branching rule
_____________________________________
Now starting branching with general disjunction
Current branching Node number: 84
LP objective value: -47.5
Node lower bound: -47.4845
Node upper bound: -76
gap to the primal bound: 0.0263158
Preck submodel is infeasible, continue branching
General disjunction: Infeasible disjunction
_____________________________________
Now starting branching with general disjunction
Current branching Node number: 85
Relpscost reduced domain, skip general disjunction branching
_____________________________________
Now starting branching with general disjunction
Current branching Node number: 85
Relpscost reduced domain, skip general disjunction branching
_____________________________________
Now starting branching with general disjunction
Current branching Node number: 85
LP objective value: -47.6706
Node lower bound: -47.6706
Node upper bound: -76
gap to the primal bound: 0.0263158
Preck submodel is infeasible, continue branching
General disjunction: Infeasible disjunction
_____________________________________
Now starting branching with general disjunction
Current branching Node number: 30
LP objective value: -48
Node lower bound: -48
Node upper bound: -76
gap to the primal bound: 0.0263158
Preck submodel is infeasible, continue branching
General disjunction: No feasible solution found, use SCIP default branching rule
_____________________________________
Now starting branching with general disjunction
Current branching Node number: 87
LP objective value: -48
Node lower bound: -48
Node upper bound: -76
gap to the primal bound: 0.0263158
Preck submodel is infeasible, continue branching
Time limit exceeded (1043.06s), stopping submodel solve loop
General disjunction: No feasible solution found, use SCIP default branching rule
_____________________________________
Now starting branching with general disjunction
Current branching Node number: 89
LP objective value: -48
Node lower bound: -48
Node upper bound: -76
gap to the primal bound: 0.0263158
Preck submodel is infeasible, continue branching
Time limit exceeded (1122.93s), stopping submodel solve loop
General disjunction: No feasible solution found, use SCIP default branching rule
_____________________________________
Now starting branching with general disjunction
Current branching Node number: 91
LP objective value: -48
Node lower bound: -48
Node upper bound: -76
gap to the primal bound: 0.0263158
Preck submodel is infeasible, continue branching
Time limit exceeded (1077.21s), stopping submodel solve loop
General disjunction: No feasible solution found, use SCIP default branching rule
_____________________________________
Now starting branching with general disjunction
Current branching Node number: 93
LP objective value: -48
Node lower bound: -48
Node upper bound: -76
gap to the primal bound: 0.0263158
Preck submodel is infeasible, continue branching
Time limit exceeded (1112.25s), stopping submodel solve loop
General disjunction: No feasible solution found, use SCIP default branching rule
_____________________________________
Now starting branching with general disjunction
Current branching Node number: 95
LP objective value: -48
Node lower bound: -48
Node upper bound: -76
gap to the primal bound: 0.0263158
Preck submodel is infeasible, continue branching
Time limit exceeded (1029.2s), stopping submodel solve loop
General disjunction: No feasible solution found, use SCIP default branching rule
_____________________________________
Now starting branching with general disjunction
Current branching Node number: 97
LP objective value: -48
Node lower bound: -48
Node upper bound: -76
gap to the primal bound: 0.0263158
Preck submodel is infeasible, continue branching
Time limit exceeded (1106.66s), stopping submodel solve loop
General disjunction: No feasible solution found, use SCIP default branching rule
_____________________________________
Now starting branching with general disjunction
Current branching Node number: 98
LP objective value: -48
Node lower bound: -48
Node upper bound: -76
gap to the primal bound: 0.0263158
Preck submodel is infeasible, continue branching
Time limit exceeded (1057.93s), stopping submodel solve loop
General disjunction: No feasible solution found, use SCIP default branching rule
_____________________________________
Now starting branching with general disjunction
Current branching Node number: 100
LP objective value: -48
Node lower bound: -48
Node upper bound: -76
gap to the primal bound: 0.0263158
Preck submodel is infeasible, continue branching
General disjunction: Infeasible disjunction
_____________________________________
Now starting branching with general disjunction
Current branching Node number: 101
LP objective value: -48
Node lower bound: -48
Node upper bound: -76
gap to the primal bound: 0.0263158
Preck submodel is infeasible, continue branching
General disjunction: Infeasible disjunction
_____________________________________
Now starting branching with general disjunction
Current branching Node number: 99
LP objective value: -48
Node lower bound: -48
Node upper bound: -76
gap to the primal bound: 0.0263158
Preck submodel is infeasible, continue branching
Time limit exceeded (1132.96s), stopping submodel solve loop
General disjunction: No feasible solution found, use SCIP default branching rule
_____________________________________
Now starting branching with general disjunction
Current branching Node number: 102
LP objective value: -48
Node lower bound: -48
Node upper bound: -76
gap to the primal bound: 0.0263158
Preck submodel is infeasible, continue branching
Time limit exceeded (1095.86s), stopping submodel solve loop
General disjunction: No feasible solution found, use SCIP default branching rule
_____________________________________
Now starting branching with general disjunction
Current branching Node number: 105
LP objective value: -48
Node lower bound: -48
Node upper bound: -76
gap to the primal bound: 0.0263158
Preck submodel is infeasible, continue branching
Time limit exceeded (1056.7s), stopping submodel solve loop
General disjunction: No feasible solution found, use SCIP default branching rule
_____________________________________
Now starting branching with general disjunction
Current branching Node number: 107
LP objective value: -47.75
Node lower bound: -47.5
Node upper bound: -76
gap to the primal bound: 0.0263158
Preck submodel is infeasible, continue branching
Time limit exceeded (1194.36s), stopping submodel solve loop
General disjunction: No feasible solution found, use SCIP default branching rule
_____________________________________
Now starting branching with general disjunction
Current branching Node number: 109
Relpscost reduced domain, skip general disjunction branching
_____________________________________
Now starting branching with general disjunction
Current branching Node number: 109
LP objective value: -46.1477
Node lower bound: -46.1477
Node upper bound: -76
gap to the primal bound: 0.0263158
Preck submodel is infeasible, continue branching
Time limit exceeded (1235.27s), stopping submodel solve loop
General disjunction: No feasible solution found, use SCIP default branching rule
_____________________________________
Now starting branching with general disjunction
Current branching Node number: 110
Relpscost reduced domain, skip general disjunction branching
_____________________________________
Now starting branching with general disjunction
Current branching Node number: 110
LP objective value: -46.0988
Node lower bound: -46.0988
Node upper bound: -76
gap to the primal bound: 0.0263158
Preck submodel is infeasible, continue branching
Time limit exceeded (1783.27s), stopping submodel solve loop
General disjunction: No feasible solution found, use SCIP default branching rule
_____________________________________
Now starting branching with general disjunction
Current branching Node number: 106
Relpscost reduced domain, skip general disjunction branching
_____________________________________
Now starting branching with general disjunction
Current branching Node number: 106
LP objective value: -47.5
Node lower bound: -47.5
Node upper bound: -76
gap to the primal bound: 0.0263158
Preck submodel is infeasible, continue branching
Time limit exceeded (1282.18s), stopping submodel solve loop
General disjunction: No feasible solution found, use SCIP default branching rule
_____________________________________
Now starting branching with general disjunction
Current branching Node number: 115
LP objective value: -47.5
Node lower bound: -47.5
Node upper bound: -76
gap to the primal bound: 0.0263158
Preck submodel is infeasible, continue branching
Time limit exceeded (1131.36s), stopping submodel solve loop
General disjunction: No feasible solution found, use SCIP default branching rule
_____________________________________
Now starting branching with general disjunction
Current branching Node number: 117
LP objective value: -47.3021
Node lower bound: -47.3021
Node upper bound: -76
gap to the primal bound: 0.0263158
Preck submodel is infeasible, continue branching
Time limit exceeded (1547.43s), stopping submodel solve loop
General disjunction: No feasible solution found, use SCIP default branching rule
_____________________________________
Now starting branching with general disjunction
Current branching Node number: 119
LP objective value: -46.9861
Node lower bound: -46.9861
Node upper bound: -76
gap to the primal bound: 0.0263158
Preck submodel is infeasible, continue branching
General disjunction: Infeasible disjunction
_____________________________________
Now starting branching with general disjunction
Current branching Node number: 44
LP objective value: -48
Node lower bound: -48
Node upper bound: -76
gap to the primal bound: 0.0263158
Preck submodel is infeasible, continue branching
Time limit exceeded (1129.79s), stopping submodel solve loop
General disjunction: No feasible solution found, use SCIP default branching rule
_____________________________________
Now starting branching with general disjunction
Current branching Node number: 120
LP objective value: -47.5833
Node lower bound: -47.5714
Node upper bound: -76
gap to the primal bound: 0.0263158
Preck submodel is infeasible, continue branching
General disjunction: Infeasible disjunction
_____________________________________
Now starting branching with general disjunction
Current branching Node number: 121
Relpscost reduced domain, skip general disjunction branching
_____________________________________
Now starting branching with general disjunction
Current branching Node number: 104
LP objective value: -47.5
Node lower bound: -47.25
Node upper bound: -76
gap to the primal bound: 0.0263158
Preck submodel is infeasible, continue branching
Time limit exceeded (1093.67s), stopping submodel solve loop
General disjunction: No feasible solution found, use SCIP default branching rule
_____________________________________
Now starting branching with general disjunction
Current branching Node number: 123
LP objective value: -47.25
Node lower bound: -47.25
Node upper bound: -76
gap to the primal bound: 0.0263158
Preck submodel is infeasible, continue branching
Time limit exceeded (1250.9s), stopping submodel solve loop
General disjunction: No feasible solution found, use SCIP default branching rule
_____________________________________
Now starting branching with general disjunction
Current branching Node number: 125
LP objective value: -47.25
Node lower bound: -47.25
Node upper bound: -76
gap to the primal bound: 0.0263158
Preck submodel is infeasible, continue branching
Time limit exceeded (1321.17s), stopping submodel solve loop
General disjunction: No feasible solution found, use SCIP default branching rule
_____________________________________
Now starting branching with general disjunction
Current branching Node number: 127
Relpscost reduced domain, skip general disjunction branching
_____________________________________
Now starting branching with general disjunction
Current branching Node number: 127
LP objective value: -46.1089
Node lower bound: -46.1089
Node upper bound: -76
gap to the primal bound: 0.0263158
Preck submodel is infeasible, continue branching
General disjunction: Infeasible disjunction
_____________________________________
Now starting branching with general disjunction
Current branching Node number: 126
LP objective value: -47.25
Node lower bound: -47.25
Node upper bound: -76
gap to the primal bound: 0.0263158
Preck submodel is infeasible, continue branching
General disjunction: Infeasible disjunction
_____________________________________
Now starting branching with general disjunction
Current branching Node number: 34
LP objective value: -48
Node lower bound: -48
Node upper bound: -76
gap to the primal bound: 0.0263158
Preck submodel is infeasible, continue branching
Time limit exceeded (1078.49s), stopping submodel solve loop
General disjunction: No feasible solution found, use SCIP default branching rule
_____________________________________
Now starting branching with general disjunction
Current branching Node number: 129
LP objective value: -48
Node lower bound: -48
Node upper bound: -76
gap to the primal bound: 0.0263158
Preck submodel is infeasible, continue branching
Time limit exceeded (1019.83s), stopping submodel solve loop
General disjunction: No feasible solution found, use SCIP default branching rule
_____________________________________
Now starting branching with general disjunction
Current branching Node number: 131
LP objective value: -48
Node lower bound: -48
Node upper bound: -76
gap to the primal bound: 0.0263158
Preck submodel is infeasible, continue branching
Time limit exceeded (1051.65s), stopping submodel solve loop
General disjunction: No feasible solution found, use SCIP default branching rule
_____________________________________
Now starting branching with general disjunction
Current branching Node number: 132
LP objective value: -48
Node lower bound: -48
Node upper bound: -76
gap to the primal bound: 0.0263158
Preck submodel is infeasible, continue branching
Time limit exceeded (1062.76s), stopping submodel solve loop
General disjunction: No feasible solution found, use SCIP default branching rule
_____________________________________
Now starting branching with general disjunction
Current branching Node number: 135
LP objective value: -48
Node lower bound: -48
Node upper bound: -76
gap to the primal bound: 0.0263158
Preck submodel is infeasible, continue branching
Time limit exceeded (1035.05s), stopping submodel solve loop
General disjunction: No feasible solution found, use SCIP default branching rule
_____________________________________
Now starting branching with general disjunction
Current branching Node number: 137
LP objective value: -48
Node lower bound: -48
Node upper bound: -76
gap to the primal bound: 0.0263158
Preck submodel is infeasible, continue branching
Time limit exceeded (1032.7s), stopping submodel solve loop
General disjunction: No feasible solution found, use SCIP default branching rule

SCIP Status        : solving was interrupted [time limit reached]
Solving Time (sec) : 86579.47
Solving Nodes      : 94
Primal Bound       : -7.60000000000000e+01 (9 solutions)
Dual Bound         : -7.80000000000000e+01
Gap                : 2.63 %

primal solution:
================

objective value:                                  -76
C0157                                               1 	(obj:0)
C0166                                               1 	(obj:0)
C0167                                               1 	(obj:0)
C0168                                               1 	(obj:0)
C0169                                               1 	(obj:0)
C0172                                               1 	(obj:0)
C0175                                               1 	(obj:0)
C0178                                               1 	(obj:0)
C0183                                               1 	(obj:0)
C0189                                               1 	(obj:0)
C0197                                               1 	(obj:0)
C0203                                               1 	(obj:0)
C0209                                               1 	(obj:0)
C0214                                               1 	(obj:0)
C0217                                               1 	(obj:0)
C0224                                               1 	(obj:0)
C0230                                               1 	(obj:0)
C0240                                               1 	(obj:0)
C0241                                               1 	(obj:0)
C0248                                               1 	(obj:0)
C0254                                               1 	(obj:0)
C0262                                               1 	(obj:0)
C0265                                               1 	(obj:0)
C0268                                               1 	(obj:0)
C0273                                               1 	(obj:0)
C0282                                               1 	(obj:0)
C0288                                               1 	(obj:0)
C0294                                               1 	(obj:0)
C0295                                               1 	(obj:0)
C0296                                               1 	(obj:0)
C0297                                               1 	(obj:0)
C0298                                               1 	(obj:0)
C0299                                               1 	(obj:0)
C0305                                               1 	(obj:0)
C0307                                               1 	(obj:0)
C0001                                               3 	(obj:-1)
C0010                                               1 	(obj:-1)
C0011                                               1 	(obj:-1)
C0012                                               1 	(obj:-1)
C0013                                               3 	(obj:-1)
C0019                                               3 	(obj:-1)
C0027                                               3 	(obj:-1)
C0033                                               3 	(obj:-1)
C0041                                               3 	(obj:-1)
C0047                                               3 	(obj:-1)
C0053                                               3 	(obj:-1)
C0058                                               3 	(obj:-1)
C0061                                               3 	(obj:-1)
C0068                                               3 	(obj:-1)
C0074                                               3 	(obj:-1)
C0084                                               3 	(obj:-1)
C0085                                               1 	(obj:-1)
C0092                                               3 	(obj:-1)
C0098                                               3 	(obj:-1)
C0106                                               3 	(obj:-1)
C0109                                               3 	(obj:-1)
C0117                                               3 	(obj:-1)
C0126                                               3 	(obj:-1)
C0132                                               3 	(obj:-1)
C0138                                               3 	(obj:-1)
C0143                                               3 	(obj:-1)
C0149                                               3 	(obj:-1)
C0151                                               3 	(obj:-1)

Statistics
==========

SCIP Status        : solving was interrupted [time limit reached]
Total Time         :   86579.47
  solving          :   86579.47
  presolving       :       0.03 (included in solving)
  reading          :       0.00
  copying          :       0.00 (2 #copies) (minimal 0.00, maximal 0.00, average 0.00)
Original Problem   :
  Problem name     : neos-1430701
  Variables        : 312 (156 binary, 0 integer, 0 implicit integer, 156 continuous)
  Constraints      : 668 initial, 668 maximal
  Objective        : minimize, 156 non-zeros (abs.min = 1, abs.max = 1)
Presolved Problem  :
  Problem name     : t_neos-1430701
  Variables        : 192 (96 binary, 0 integer, 0 implicit integer, 96 continuous)
  Constraints      : 478 initial, 529 maximal
  Objective        : minimize, 96 non-zeros (abs.min = 1, abs.max = 1)
  Nonzeros         : 2364 constraint, 204 clique table
Presolvers         :   ExecTime  SetupTime  Calls  FixedVars   AggrVars   ChgTypes  ChgBounds   AddHoles    DelCons    AddCons   ChgSides   ChgCoefs
  boundshift       :       0.00       0.00      0          0          0          0          0          0          0          0          0          0
  convertinttobin  :       0.00       0.00      0          0          0          0          0          0          0          0          0          0
  domcol           :       0.00       0.00      1          0          0          0          0          0          0          0          0          0
  dualagg          :       0.00       0.00      0          0          0          0          0          0          0          0          0          0
  dualcomp         :       0.00       0.00      1          0          0          0          0          0          0          0          0          0
  dualinfer        :       0.00       0.00      0          0          0          0          0          0          0          0          0          0
  dualsparsify     :       0.00       0.00      1          0          0          0          0          0          0          0          0          0
  gateextraction   :       0.00       0.00      0          0          0          0          0          0          0          0          0          0
  implics          :       0.00       0.00      2          0          0          0          0          0          0          0          0          0
  inttobinary      :       0.00       0.00      0          0          0          0          0          0          0          0          0          0
  qpkktref         :       0.00       0.00      0          0          0          0          0          0          0          0          0          0
  redvub           :       0.00       0.00      0          0          0          0          0          0          0          0          0          0
  sparsify         :       0.00       0.00      1          0          0          0          0          0          0          0          0          0
  stuffing         :       0.00       0.00      0          0          0          0          0          0          0          0          0          0
  trivial          :       0.00       0.00      3          0          0          0          0          0          0          0          0          0
  tworowbnd        :       0.00       0.00      0          0          0          0          0          0          0          0          0          0
  dualfix          :       0.00       0.00      3          0          0          0          0          0          0          0          0          0
  genvbounds       :       0.00       0.00      0          0          0          0          0          0          0          0          0          0
  probing          :       0.00       0.00      1          0          0          0          0          0          0          0          0          0
  pseudoobj        :       0.00       0.00      1          0          0          0          0          0          0          0          0          0
  symmetry         :       0.00       0.00      1          0          0          0          0          0          0          0          0          0
  vbounds          :       0.00       0.00      1          0          0          0          0          0          0          0          0          0
  varbound         :       0.00       0.00      2          0          0          0          0          0          0          0          0          0
  setppc           :       0.00       0.00      3          0          0          0          0          0          0          0          0          0
  linear           :       0.01       0.00      5          0          6          0        312          0          6          0        150        150
  logicor          :       0.00       0.00      0          0          0          0          0          0          0          0          0          0
  benders          :       0.00       0.00      0          0          0          0          0          0          0          0          0          0
  components       :       0.01       0.00      1        114          0          0          0          0        184          0          0          0
  root node        :          -          -      -          3          -          -          6          -          -          -          -          -
Constraints        :     Number  MaxNumber  #Separate #Propagate    #EnfoLP    #EnfoRelax  #EnfoPS    #Check   #ResProp    Cutoffs    DomReds       Cuts    Applied      Conss   Children
  benderslp        :          0          0          0          0        100          0          0         28          0          0          0          0          0          0          0
  integral         :          0          0          0          0        100          0          0         28          0         14         55          0          0        106        138
  varbound         :         96         96         12       3455          0          0          0         23        556          0        307          0          0          0          0
  setppc           :        120        120         12       3313          0          0          0          8        363          1        244          0          0          0          0
  linear           :        262+       279         12       3450          0          0          0         10          0          0         14          0          0          0          0
  logicor          :          0+        56          0        107          0          0          0          0          1          0          2          0          0          0          0
  benders          :          0          0          0          0          0          0          0         10          0          0          0          0          0          0          0
  fixedvar         :          0          0          0          0          0          0          0         10          0          0          0          0          0          0          0
  countsols        :          0          0          0          0          0          0          0         10          0          0          0          0          0          0          0
  components       :          0          0          0          0          0          0          0          0          0          0          0          0          0          0          0
Constraint Timings :  TotalTime  SetupTime   Separate  Propagate     EnfoLP     EnfoPS     EnfoRelax   Check    ResProp    SB-Prop
  benderslp        :       0.00       0.00       0.00       0.00       0.00       0.00       0.00       0.00       0.00       0.00
  integral         :   86578.81       0.00       0.00       0.00   86578.81       0.00       0.00       0.00       0.00       0.00
  varbound         :       0.01       0.00       0.00       0.00       0.00       0.00       0.00       0.00       0.00       0.00
  setppc           :       0.00       0.00       0.00       0.00       0.00       0.00       0.00       0.00       0.00       0.00
  linear           :       0.01       0.00       0.00       0.00       0.00       0.00       0.00       0.00       0.00       0.00
  logicor          :       0.00       0.00       0.00       0.00       0.00       0.00       0.00       0.00       0.00       0.00
  benders          :       0.00       0.00       0.00       0.00       0.00       0.00       0.00       0.00       0.00       0.00
  fixedvar         :       0.00       0.00       0.00       0.00       0.00       0.00       0.00       0.00       0.00       0.00
  countsols        :       0.00       0.00       0.00       0.00       0.00       0.00       0.00       0.00       0.00       0.00
  components       :       0.00       0.00       0.00       0.00       0.00       0.00       0.00       0.00       0.00       0.00
Propagators        : #Propagate   #ResProp    Cutoffs    DomReds
  dualfix          :          3          0          0          0
  genvbounds       :          0          0          0          0
  nlobbt           :          0          0          0          0
  obbt             :          0          0          0          0
  probing          :          0          0          0          0
  pseudoobj        :        420          0          0          0
  redcost          :        237          0          0          0
  rootredcost      :          0          0          0          0
  symmetry         :        299          0          1         44
  vbounds          :       2057          0          0          0
Propagator Timings :  TotalTime  SetupTime   Presolve  Propagate    ResProp    SB-Prop
  dualfix          :       0.00       0.00       0.00       0.00       0.00       0.00
  genvbounds       :       0.00       0.00       0.00       0.00       0.00       0.00
  nlobbt           :       0.00       0.00       0.00       0.00       0.00       0.00
  obbt             :       0.00       0.00       0.00       0.00       0.00       0.00
  probing          :       0.00       0.00       0.00       0.00       0.00       0.00
  pseudoobj        :       0.00       0.00       0.00       0.00       0.00       0.00
  redcost          :       0.00       0.00       0.00       0.00       0.00       0.00
  rootredcost      :       0.00       0.00       0.00       0.00       0.00       0.00
  symmetry         :       0.01       0.00       0.00       0.00       0.00       0.00
  vbounds          :       0.00       0.00       0.00       0.00       0.00       0.00
Symmetry           :
  orbitopal red.   :         44 reductions applied,          1 cutoffs
  orbital reduction:          0 reductions applied,          0 cutoffs
  lexicographic red:          0 reductions applied,          0 cutoffs
  shadow tree time :       0.00 s
Conflict Analysis  :       Time      Calls    Success    DomReds  Conflicts   Literals    Reconvs ReconvLits   Dualrays   Nonzeros   LP Iters   (pool size: [10000,10000])
  propagation      :       0.00          1          1          -          1        6.0          0        0.0          -          -          -
  infeasible LP    :       0.00          0          0          -          0        0.0          0        0.0          0        0.0          0
  bound exceed. LP :       0.02        192         54          -        164       14.3          0        0.0         19       21.1        464
  strong branching :       0.00          0          0          -          0        0.0          0        0.0          -          -          0
  pseudo solution  :       0.00          0          0          -          0        0.0          0        0.0          -          -          -
  applied globally :       0.00          -          -          0         56       10.9          -          -         19          -          -
  applied locally  :          -          -          -          0         32       11.4          -          -          0          -          -
Separators         :   ExecTime  SetupTime      Calls  RootCalls    Cutoffs    DomReds  FoundCuts ViaPoolAdd  DirectAdd    Applied ViaPoolApp  DirectApp      Conss
  cut pool         :       0.01          -         61         24          -          -       2642       5012          -          -          -          -          -    (maximal pool size:       2642)
  aggregation      :       0.29       0.00         34         12          0          0       1253       2178         35        178        177          1          0
  > cmir           :          -          -          -          -          -          -          -       2095          0        152        152          0          -
  > flowcover      :          -          -          -          -          -          -          -         83         35         26         25          1          -
  > knapsackcover  :          -          -          -          -          -          -          -          0          0          0          0          0          -
  cgmip            :       0.00       0.00          0          0          0          0          0          0          0          0          0          0          0
  clique           :       0.00       0.00         12         12          0          0          2          5          0          2          2          0          0
  closecuts        :       0.00       0.00          0          0          0          0          0          0          0          0          0          0          0
  convexproj       :       0.00       0.00          0          0          0          0          0          0          0          0          0          0          0
  disjunctive      :       0.00       0.00          0          0          0          0          0          0          0          0          0          0          0
  eccuts           :       0.00       0.00          0          0          0          0          0          0          0          0          0          0          0
  gauge            :       0.00       0.00          0          0          0          0          0          0          0          0          0          0          0
  gomory           :       0.06       0.00         25         10          0          0       1422       2829          0         41         41          0          0
  > gomorymi       :          -          -          -          -          -          -          -       2829          0         41         41          0          -
  > strongcg       :          -          -          -          -          -          -          -          0          0          0          0          0          -
  impliedbounds    :       0.00       0.00         34         12          0          0          0          0          0          0          0          0          0
  interminor       :       0.00       0.00          0          0          0          0          0          0          0          0          0          0          0
  intobj           :       0.00       0.00          0          0          0          0          0          0          0          0          0          0          0
  lagromory        :       0.00       0.00          0          0          0          0          0          0          0          0          0          0          0
  mcf              :       0.00       0.00          1          1          0          0          0          0          0          0          0          0          0
  minor            :       0.00       0.00          0          0          0          0          0          0          0          0          0          0          0
  mixing           :       0.00       0.00         34         12          0          0          0          0          0          0          0          0          0
  oddcycle         :       0.00       0.00          0          0          0          0          0          0          0          0          0          0          0
  rapidlearning    :       0.00       0.00          0          0          0          0          0          0          0          0          0          0          0
  rlt              :       0.00       0.00         10         10          0          0          0          0          0          0          0          0          0
  zerohalf         :       0.00       0.00         27         12          0          0          0          0          0          0          0          0          0
Cutselectors       :   ExecTime  SetupTime      Calls  RootCalls   Selected     Forced   Filtered  RootSelec   RootForc   RootFilt 
  hybrid           :       0.00       0.00         35         13        221          0       4826         96          0       2768
  ensemble         :       0.00       0.00          0          0          0          0          0          0          0          0
  dynamic          :       0.00       0.00          0          0          0          0          0          0          0          0
Pricers            :   ExecTime  SetupTime      Calls       Vars
  problem variables:       0.00          -          0          0
Branching Rules    :   ExecTime  SetupTime   BranchLP  BranchExt   BranchPS    Cutoffs    DomReds       Cuts      Conss   Children
  allfullstrong    :       0.00       0.00          0          0          0          0          0          0          0          0
  cloud            :       0.00       0.00          0          0          0          0          0          0          0          0
  distribution     :       0.00       0.00          0          0          0          0          0          0          0          0
  fullstrong       :       0.00       0.00          0          0          0          0          0          0          0          0
  general_disjuncti:   86578.77       0.00        100          0          0         14         55          0        106          0
  GeneralDisjunction(extra): subMILPs=1104 fairNodes of all MILPs=28507409 probingLPs=386
  gomory           :       0.00       0.00          0          0          0          0          0          0          0          0
  inference        :       0.00       0.00          0          0          0          0          0          0          0          0
  leastinf         :       0.00       0.00          0          0          0          0          0          0          0          0
  lookahead        :       0.00       0.00          0          0          0          0          0          0          0          0
  mostinf          :       0.00       0.00          0          0          0          0          0          0          0          0
  multaggr         :       0.00       0.00          0          0          0          0          0          0          0          0
  nodereopt        :       0.00       0.00          0          0          0          0          0          0          0          0
  pscost           :       0.00       0.00          0          0          0          0          0          0          0          0
  random           :       0.00       0.00          0          0          0          0          0          0          0          0
  relpscost        :       0.04       0.00         69          0          0          0          0          0          0        138
  vanillafullstrong:       0.00       0.00          0          0          0          0          0          0          0          0
Primal Heuristics  :   ExecTime  SetupTime      Calls      Found       Best
  LP solutions     :       0.00          -          -          0          0
  relax solutions  :       0.00          -          -          0          0
  pseudo solutions :       0.00          -          -          0          0
  strong branching :       0.00          -          -          0          0
  actconsdiving    :       0.00       0.00          0          0          0
  adaptivediving   :       0.00       0.00          0          0          0
  alns             :       0.01       0.00          1          0          0
  bound            :       0.00       0.00          0          0          0
  clique           :       0.00       0.00          1          1          1
  coefdiving       :       0.00       0.00          0          0          0
  completesol      :       0.00       0.00          0          0          0
  conflictdiving   :       0.00       0.00          1          0          0
  crossover        :       0.00       0.00          0          0          0
  dins             :       0.00       0.00          0          0          0
  distributiondivin:       0.00       0.00          0          0          0
  dps              :       0.00       0.00          0          0          0
  dualval          :       0.00       0.00          0          0          0
  farkasdiving     :       0.00       0.00          0          0          0
  feaspump         :       0.00       0.00          1          1          1
  fixandinfer      :       0.00       0.00          0          0          0
  fracdiving       :       0.00       0.00          0          0          0
  gins             :       0.00       0.00          0          0          0
  guideddiving     :       0.00       0.00          0          0          0
  indicator        :       0.00       0.00          0          0          0
  indicatordiving  :       0.00       0.00          0          0          0
  intdiving        :       0.00       0.00          0          0          0
  intshifting      :       0.00       0.00          2          0          0
  linesearchdiving :       0.00       0.00          0          0          0
  localbranching   :       0.00       0.00          0          0          0
  locks            :       0.00       0.00          1          1          1
  lpface           :       0.00       0.00          0          0          0
  mpec             :       0.00       0.00          0          0          0
  multistart       :       0.00       0.00          0          0          0
  mutation         :       0.00       0.00          0          0          0
  nlpdiving        :       0.00       0.00          0          0          0
  objpscostdiving  :       0.00       0.00          0          0          0
  octane           :       0.00       0.00          0          0          0
  ofins            :       0.00       0.00          0          0          0
  oneopt           :       0.00       0.00          4          0          0
  padm             :       0.00       0.00          0          0          0
  proximity        :       0.00       0.00          0          0          0
  pscostdiving     :       0.00       0.00          0          0          0
  randrounding     :       0.01       0.00         15          0          0
  rens             :       0.04       0.00          1          1          1
  reoptsols        :       0.00       0.00          0          0          0
  repair           :       0.00       0.00          0          0          0
  rins             :       0.00       0.00          0          0          0
  rootsoldiving    :       0.00       0.00          0          0          0
  rounding         :       0.00       0.00        118          0          0
  scheduler        :       0.00       0.00          0          0          0
  shiftandpropagate:       0.00       0.00          0          0          0
  shifting         :       0.00       0.00         44          2          2
  simplerounding   :       0.00       0.00          0          0          0
  subnlp           :       0.00       0.00          0          0          0
  trivial          :       0.00       0.00          2          3          2
  trivialnegation  :       0.00       0.00          0          0          0
  trustregion      :       0.00       0.00          0          0          0
  trysol           :       0.00       0.00          0          0          0
  twoopt           :       0.00       0.00          0          0          0
  undercover       :       0.00       0.00          0          0          0
  vbounds          :       0.01       0.00          1          0          0
  veclendiving     :       0.00       0.00          0          0          0
  zeroobj          :       0.00       0.00          0          0          0
  zirounding       :       0.00       0.00         68          0          0
  other solutions  :          -          -          -          0          -
LNS (Scheduler)    :      Calls  SetupTime  SolveTime SolveNodes       Sols       Best       Exp3    Exp3-IX  EpsGreedy        UCB TgtFixRate  Opt  Inf Node Stal  Sol  Usr Othr Actv
  rens             :          0       0.00       0.00          0          0          0    0.00000    0.12500   -1.00000    1.00000      0.900    0    0    0    0    0    0    0    1
  rins             :          0       0.00       0.00          0          0          0    0.00000    0.12500   -1.00000    1.00000      0.900    0    0    0    0    0    0    0    1
  mutation         :          0       0.00       0.00          0          0          0    0.00000    0.12500   -1.00000    1.00000      0.900    0    0    0    0    0    0    0    1
  localbranching   :          0       0.00       0.00          0          0          0    0.00000    0.12500   -1.00000    1.00000      0.900    0    0    0    0    0    0    0    1
  crossover        :          0       0.00       0.00          0          0          0    0.00000    0.12500   -1.00000    1.00000      0.900    0    0    0    0    0    0    0    1
  proximity        :          0       0.00       0.00          0          0          0    0.00000    0.12500   -1.00000    1.00000      0.900    0    0    0    0    0    0    0    1
  zeroobjective    :          0       0.00       0.00          0          0          0    0.00000    0.12500   -1.00000    1.00000      0.900    0    0    0    0    0    0    0    1
  dins             :          0       0.00       0.00          0          0          0    0.00000    0.12500   -1.00000    1.00000      0.900    0    0    0    0    0    0    0    1
  trustregion      :          0       0.00       0.00          0          0          0    0.00000    0.00000   -1.00000    1.00000      0.900    0    0    0    0    0    0    0    0
LP                 :       Time      Calls Iterations  Iter/call   Iter/sec  Time-0-It Calls-0-It    ItLimit
  primal LP        :       0.01         13          0       0.00       0.00       0.01         13
  dual LP          :       0.13        144       3211      22.30   25106.14       0.00          0
  lex dual LP      :       0.00          0          0       0.00          -
  barrier LP       :       0.00          0          0       0.00          -       0.00          0
  resolve instable :       0.00          0          0       0.00          -
  diving/probing LP:       0.24        395       6054      15.33   25060.75
  strong branching :       0.33        335       8814      26.31   26434.89          -          -         10
    (at root node) :          -         29       2301      79.34          -
  conflict analysis:       0.01         47        464       9.87   36128.63
B&B Tree           :
  number of runs   :          1
  nodes            :         94 (69 internal, 25 leaves)
  feasible leaves  :          0
  infeas. leaves   :         16
  objective leaves :          9
  nodes (total)    :         94 (69 internal, 25 leaves)
  nodes left       :         45
  max depth        :         17
  max depth (total):         17
  backtracks       :         10 (10.6%)
  early backtracks :          0 (0.0%)
  nodes exc. ref.  :          0 (0.0%)
  delayed cutoffs  :          0
  repropagations   :          4 (2 domain reductions, 0 cutoffs)
  avg switch length:       2.38
  switching time   :       0.01
Root Node          :
  First LP value   : -7.80000000000000e+01
  First LP Iters   :         21 (8512.36 Iter/sec)
  First LP Time    :       0.00
  Final Dual Bound : -7.80000000000000e+01
  Final Root Iters :        447
  Root LP Estimate : -7.75921689290591e+01
Solution           :
  Solutions found  :          9 (8 improvements)
  First Solution   : +0.00000000000000e+00   (in run 1, after 0 nodes, 0.00 seconds, depth 0, found by <trivial>)
  Gap First Sol.   :   infinite
  Gap Last Sol.    :       2.63 %
  Primal Bound     : -7.60000000000000e+01   (in run 1, after 1 nodes, 0.34 seconds, depth 0, found by <rens>)
  Dual Bound       : -7.80000000000000e+01
  Gap              :       2.63 %
Integrals          :      Total       Avg%
  primal-dual      :  222008.66       2.56
  primal-ref       :          -          - (not evaluated)
  dual-ref         :          -          - (not evaluated)
