SCIP version 9.2.2 [precision: 8 byte] [memory: block] [mode: optimized] [LP solver: CPLEX 12.10.0.0] [GitHash: 416226a4f8]
Copyright (c) 2002-2025 Zuse Institute Berlin (ZIB)

reading parameter file </scratch/htc/yzhou/exp_scipmip/settings/allon_gendj.set>

read problem </scratch/htc/yzhou/exp_scipmip/instances/additional/neos-498623.mps>
============

original problem has 9861 variables (8500 bin, 0 int, 0 impl, 1361 cont) and 2047 constraints
   2047 constraints of type <linear>
Reading Time: 0.09
solve problem
=============
LP Solver <CPLEX 12.10.0.0>: fastmip setting not available -- SCIP parameter has no effect
LP Solver <CPLEX 12.10.0.0>: clock type cannot be set
LP Solver <CPLEX 12.10.0.0>: row representation of the basis not available -- SCIP parameter lp/rowrepswitch has no effect
LP Solver <CPLEX 12.10.0.0>: solution polishing not available -- SCIP parameter lp/solutionpolishing has no effect
LP Solver <CPLEX 12.10.0.0>: refactorization interval not available -- SCIP parameter lp/refactorinterval has no effect
transformed problem has 9861 variables (8500 bin, 0 int, 0 impl, 1361 cont) and 2047 constraints
   2047 constraints of type <linear>

original problem has 148434 active (0.735351%) nonzeros and 148434 (0.735351%) check nonzeros

presolving:
(round 1, fast)       93 del vars, 94 del conss, 0 add conss, 67 chg bounds, 8 chg sides, 8 chg coeffs, 0 upgd conss, 0 impls, 1071 clqs
(round 2, fast)       751 del vars, 98 del conss, 0 add conss, 67 chg bounds, 10 chg sides, 10 chg coeffs, 0 upgd conss, 0 impls, 1071 clqs
(round 3, fast)       753 del vars, 98 del conss, 0 add conss, 681 chg bounds, 10 chg sides, 10 chg coeffs, 0 upgd conss, 0 impls, 1071 clqs
(round 4, exhaustive) 753 del vars, 743 del conss, 0 add conss, 681 chg bounds, 579 chg sides, 10 chg coeffs, 0 upgd conss, 0 impls, 1071 clqs
(round 5, fast)       1179 del vars, 743 del conss, 0 add conss, 681 chg bounds, 579 chg sides, 10 chg coeffs, 0 upgd conss, 0 impls, 1071 clqs
(round 6, exhaustive) 1179 del vars, 743 del conss, 0 add conss, 681 chg bounds, 579 chg sides, 10 chg coeffs, 970 upgd conss, 0 impls, 1071 clqs
(round 7, medium)     1184 del vars, 747 del conss, 0 add conss, 681 chg bounds, 579 chg sides, 10 chg coeffs, 970 upgd conss, 3 impls, 1070 clqs
   (0.3s) probing: 82/8489 (1.0%) - 0 fixings, 0 aggregations, 4 implications, 0 bound changes
   (0.3s) probing aborted: 50/50 successive totally useless probings
   (0.4s) symmetry computation started: requiring (bin +, int +, cont +), (fixed: bin -, int -, cont -)
   (0.4s) symmetry computation finished: 74 generators found (max: 1500, log10 of symmetry group size: 10.0) (symcode time: 0.02)
dynamic symmetry handling statistics:
   orbitopal reduction:       no components
   orbital reduction:         no components
   lexicographic reduction:    4 permutations with support sizes 130, 130, 130, 130
handled 21 out of 21 symmetry components
(round 8, exhaustive) 1233 del vars, 747 del conss, 70 add conss, 681 chg bounds, 579 chg sides, 10 chg coeffs, 970 upgd conss, 7 impls, 1070 clqs
(round 9, exhaustive) 1233 del vars, 747 del conss, 70 add conss, 683 chg bounds, 579 chg sides, 10 chg coeffs, 1000 upgd conss, 7 impls, 1070 clqs
(round 10, exhaustive) 1233 del vars, 747 del conss, 70 add conss, 684 chg bounds, 579 chg sides, 10 chg coeffs, 1002 upgd conss, 7 impls, 1070 clqs
   (0.5s) probing: 87/8489 (1.0%) - 0 fixings, 0 aggregations, 4 implications, 0 bound changes
   (0.5s) probing aborted: 50/50 successive totally useless probings
clique table cleanup detected 0 bound changes

presolved problem has 136344 active (1.15347%) nonzeros and 136344 (1.15347%) check nonzeros

presolving (11 rounds: 11 fast, 7 medium, 6 exhaustive):
 1233 deleted vars, 747 deleted constraints, 70 added constraints, 684 tightened bounds, 0 added holes, 579 changed sides, 10 changed coefficients
 7 implications, 1070 cliques
presolved problem has 8628 variables (8441 bin, 0 int, 187 impl, 0 cont) and 1370 constraints
     32 constraints of type <varbound>
    966 constraints of type <setppc>
    334 constraints of type <linear>
     38 constraints of type <orbitope>
transformed objective value is always integral (scale: 0.1)
Presolving Time: 0.45

 time | node  | left  |LP iter|LP it/n|mem/heur|mdpt |vars |cons |rows |cuts |sepa|confs|strbr|  dualbound   | primalbound  |  gap   | compl. 
  1.2s|     1 |     0 |  1168 |     - |   175M |   0 |8628 |1677 |1332 |   0 |  0 | 310 |   0 | 1.600000e+01 |      --      |    Inf | unknown
o 1.5s|     1 |     0 |  2292 |     - |feaspump|   0 |8628 |1678 |1332 |   0 |  0 | 311 |   0 | 1.600000e+01 | 2.560000e+01 |  60.00%| unknown
  2.0s|     1 |     0 |  2846 |     - |   179M |   0 |8628 |1678 |1345 |  13 |  1 | 311 |   0 | 1.600000e+01 | 2.560000e+01 |  60.00%| unknown
  2.0s|     1 |     0 |  2846 |     - |   179M |   0 |8628 |1679 |1325 |  13 |  1 | 312 |   0 | 1.600000e+01 | 2.560000e+01 |  60.00%| unknown
  2.2s|     1 |     0 |  4586 |     - |   180M |   0 |8628 |1660 |1343 |  31 |  2 | 312 |   0 | 1.621389e+01 | 2.560000e+01 |  57.89%| unknown
  2.3s|     1 |     0 |  4732 |     - |   186M |   0 |8628 |1660 |1361 |  49 |  3 | 313 |   0 | 1.649167e+01 | 2.560000e+01 |  55.23%| unknown
  2.4s|     1 |     0 |  4787 |     - |   187M |   0 |8628 |1660 |1378 |  66 |  4 | 314 |   0 | 1.655000e+01 | 2.560000e+01 |  54.68%| unknown
  2.4s|     1 |     0 |  4787 |     - |   187M |   0 |8628 |1661 |1378 |  66 |  4 | 315 |   0 | 1.655000e+01 | 2.560000e+01 |  54.68%| unknown
  2.5s|     1 |     0 |  4837 |     - |   190M |   0 |8628 |1661 |1391 |  79 |  5 | 315 |   0 | 1.655000e+01 | 2.560000e+01 |  54.68%| unknown
  2.6s|     1 |     0 |  4890 |     - |   192M |   0 |8628 |1663 |1404 |  92 |  6 | 317 |   0 | 1.655000e+01 | 2.560000e+01 |  54.68%| unknown
  2.7s|     1 |     0 |  4934 |     - |   194M |   0 |8628 |1664 |1416 | 104 |  7 | 318 |   0 | 1.657500e+01 | 2.560000e+01 |  54.45%| unknown
  2.7s|     1 |     0 |  4934 |     - |   194M |   0 |8628 |1668 |1416 | 104 |  7 | 322 |   0 | 1.657500e+01 | 2.560000e+01 |  54.45%| unknown
  2.8s|     1 |     0 |  5012 |     - |   195M |   0 |8628 |1666 |1429 | 117 |  8 | 322 |   0 | 1.657500e+01 | 2.560000e+01 |  54.45%| unknown
  2.9s|     1 |     0 |  5054 |     - |   199M |   0 |8628 |1666 |1437 | 125 |  9 | 322 |   0 | 1.657500e+01 | 2.560000e+01 |  54.45%| unknown
  3.0s|     1 |     0 |  5132 |     - |   200M |   0 |8628 |1666 |1448 | 136 | 10 | 323 |   0 | 1.657500e+01 | 2.560000e+01 |  54.45%| unknown
 time | node  | left  |LP iter|LP it/n|mem/heur|mdpt |vars |cons |rows |cuts |sepa|confs|strbr|  dualbound   | primalbound  |  gap   | compl. 
  3.0s|     1 |     0 |  5174 |     - |   201M |   0 |8628 |1666 |1456 | 144 | 11 | 324 |   0 | 1.657500e+01 | 2.560000e+01 |  54.45%| unknown
  3.0s|     1 |     0 |  5255 |     - |   201M |   0 |8628 |1668 |1464 | 152 | 12 | 326 |   0 | 1.660000e+01 | 2.560000e+01 |  54.22%| unknown
  3.1s|     1 |     0 |  5299 |     - |   201M |   0 |8628 |1671 |1474 | 162 | 13 | 329 |   0 | 1.660000e+01 | 2.560000e+01 |  54.22%| unknown
  3.1s|     1 |     0 |  5333 |     - |   202M |   0 |8628 |1672 |1455 | 170 | 14 | 330 |   0 | 1.660000e+01 | 2.560000e+01 |  54.22%| unknown
  3.2s|     1 |     0 |  5384 |     - |   202M |   0 |8628 |1674 |1462 | 177 | 15 | 332 |   0 | 1.660000e+01 | 2.560000e+01 |  54.22%| unknown
  3.2s|     1 |     0 |  5409 |     - |   202M |   0 |8628 |1679 |1467 | 182 | 16 | 337 |   0 | 1.660000e+01 | 2.560000e+01 |  54.22%| unknown
  3.3s|     1 |     0 |  5430 |     - |   202M |   0 |8628 |1679 |1474 | 189 | 17 | 338 |   0 | 1.660000e+01 | 2.560000e+01 |  54.22%| unknown
  3.3s|     1 |     0 |  5455 |     - |   202M |   0 |8628 |1680 |1478 | 193 | 18 | 339 |   0 | 1.660000e+01 | 2.560000e+01 |  54.22%| unknown
  3.4s|     1 |     0 |  5477 |     - |   202M |   0 |8628 |1681 |1437 | 198 | 19 | 340 |   0 | 1.660000e+01 | 2.560000e+01 |  54.22%| unknown
  3.4s|     1 |     0 |  5490 |     - |   202M |   0 |8628 |1682 |1440 | 201 | 20 | 341 |   0 | 1.660000e+01 | 2.560000e+01 |  54.22%| unknown
  3.4s|     1 |     0 |  5521 |     - |   202M |   0 |8628 |1687 |1442 | 203 | 21 | 346 |   0 | 1.660000e+01 | 2.560000e+01 |  54.22%| unknown
  3.4s|     1 |     0 |  5544 |     - |   202M |   0 |8628 |1689 |1445 | 206 | 22 | 348 |   0 | 1.660000e+01 | 2.560000e+01 |  54.22%| unknown
Truncate separation round because of stalling (10 stall rounds).
  3.5s|     1 |     0 |  5544 |     - |   202M |   0 |8628 |1689 |1445 | 206 | 22 | 350 |   0 | 1.660000e+01 | 2.560000e+01 |  54.22%| unknown
  3.5s|     1 |     0 |  5553 |     - |   202M |   0 |8628 |1689 |1448 | 209 | 23 | 350 |   0 | 1.660000e+01 | 2.560000e+01 |  54.22%| unknown
  3.5s|     1 |     0 |  5565 |     - |   202M |   0 |8628 |1690 |1449 | 210 | 24 | 351 |   0 | 1.660000e+01 | 2.560000e+01 |  54.22%| unknown
 time | node  | left  |LP iter|LP it/n|mem/heur|mdpt |vars |cons |rows |cuts |sepa|confs|strbr|  dualbound   | primalbound  |  gap   | compl. 
  3.6s|     1 |     0 |  5568 |     - |   202M |   0 |8628 |1691 |1414 | 211 | 25 | 352 |   0 | 1.660000e+01 | 2.560000e+01 |  54.22%| unknown
  3.6s|     1 |     0 |  5604 |     - |   202M |   0 |8628 |1691 |1417 | 214 | 26 | 353 |   0 | 1.660000e+01 | 2.560000e+01 |  54.22%| unknown
d 3.7s|     1 |     0 |  6174 |     - |farkasdi|   0 |8628 |1694 |1417 |   0 | 27 | 356 |   0 | 1.660000e+01 | 2.470000e+01 |  48.80%| unknown
d 3.8s|     1 |     0 |  6851 |     - |conflict|   0 |8628 |1702 |1417 |   0 | 27 | 364 |   0 | 1.660000e+01 | 2.380000e+01 |  43.37%| unknown
L 3.9s|     1 |     0 |  6851 |     - |    alns|   0 |8628 |1702 |1417 | 214 | 27 | 364 |   0 | 1.660000e+01 | 2.150000e+01 |  29.52%| unknown
L 3.9s|     1 |     0 |  6851 |     - |    alns|   0 |8628 |1702 |1417 | 214 | 27 | 364 |   0 | 1.660000e+01 | 2.060000e+01 |  24.10%| unknown
L 3.9s|     1 |     0 |  6851 |     - |    alns|   0 |8628 |1702 |1417 | 214 | 27 | 364 |   0 | 1.660000e+01 | 2.050000e+01 |  23.49%| unknown
  3.9s|     1 |     0 |  6851 |     - |   203M |   0 |8628 |1702 |1417 | 214 | 27 | 364 |   0 | 1.660000e+01 | 2.050000e+01 |  23.49%| unknown
  4.0s|     1 |     0 |  6851 |     - |   203M |   0 |8628 |1703 |1417 | 214 | 27 | 365 |   0 | 1.660000e+01 | 2.050000e+01 |  23.49%| unknown
  4.0s|     1 |     0 |  6864 |     - |   203M |   0 |8628 |1674 |1418 | 215 | 28 | 365 |   0 | 1.660000e+01 | 2.050000e+01 |  23.49%| unknown
  4.0s|     1 |     0 |  6866 |     - |   203M |   0 |8628 |1678 |1399 | 216 | 29 | 369 |   0 | 1.660000e+01 | 2.050000e+01 |  23.49%| unknown
_____________________________________
Now starting branching with general disjunction
Current branching Node number: 1
LP objective value: -834
Node lower bound: -834
Node upper bound: 20.5
gap to the primal bound: 0.23494
Preck submodel is infeasible, continue branching
Time limit exceeded (1000.71s), stopping submodel solve loop
General disjunction: No feasible solution found, use SCIP default branching rule
 1005s|     1 |     2 |  6866 |     - |   204M |   0 |8628 |1674 |1399 | 216 | 29 | 379 |  25 | 1.660000e+01 | 2.050000e+01 |  23.49%| unknown
(run 1, node 1) restarting after 757 global fixings of integer variables

(restart) converted 87 cuts from the global cut pool into linear constraints

presolving:
(round 1, fast)       757 del vars, 49 del conss, 0 add conss, 0 chg bounds, 8 chg sides, 16688 chg coeffs, 0 upgd conss, 7 impls, 1072 clqs
(round 2, exhaustive) 757 del vars, 83 del conss, 0 add conss, 0 chg bounds, 8 chg sides, 16688 chg coeffs, 0 upgd conss, 7 impls, 1072 clqs
(round 3, exhaustive) 757 del vars, 92 del conss, 0 add conss, 0 chg bounds, 17 chg sides, 16688 chg coeffs, 0 upgd conss, 7 impls, 1072 clqs
(round 4, exhaustive) 762 del vars, 92 del conss, 0 add conss, 0 chg bounds, 17 chg sides, 16688 chg coeffs, 41 upgd conss, 7 impls, 1072 clqs
(round 5, fast)       762 del vars, 97 del conss, 0 add conss, 0 chg bounds, 17 chg sides, 16688 chg coeffs, 41 upgd conss, 7 impls, 1072 clqs
(round 6, medium)     762 del vars, 105 del conss, 12 add conss, 0 chg bounds, 29 chg sides, 17929 chg coeffs, 41 upgd conss, 7 impls, 1080 clqs
(round 7, fast)       762 del vars, 106 del conss, 13 add conss, 0 chg bounds, 29 chg sides, 17929 chg coeffs, 41 upgd conss, 7 impls, 1080 clqs
(round 8, exhaustive) 762 del vars, 205 del conss, 13 add conss, 0 chg bounds, 29 chg sides, 17929 chg coeffs, 41 upgd conss, 7 impls, 1080 clqs
(round 9, exhaustive) 762 del vars, 288 del conss, 13 add conss, 0 chg bounds, 29 chg sides, 17929 chg coeffs, 41 upgd conss, 7 impls, 1080 clqs
clique table cleanup detected 0 bound changes

presolved problem has 137499 active (1.17632%) nonzeros and 118305 (1.01212%) check nonzeros

presolving (10 rounds: 10 fast, 7 medium, 6 exhaustive):
 762 deleted vars, 288 deleted constraints, 13 added constraints, 0 tightened bounds, 0 added holes, 29 changed sides, 17929 changed coefficients
 7 implications, 1080 cliques
presolved problem has 7866 variables (7686 bin, 0 int, 180 impl, 0 cont) and 1486 constraints
     36 constraints of type <varbound>
      3 constraints of type <knapsack>
    829 constraints of type <setppc>
    370 constraints of type <linear>
     38 constraints of type <orbitope>
    210 constraints of type <logicor>
transformed objective value is always integral (scale: 0.1)
Presolving Time: 0.60
transformed 6/6 original solutions to the transformed problem space

 time | node  | left  |LP iter|LP it/n|mem/heur|mdpt |vars |cons |rows |cuts |sepa|confs|strbr|  dualbound   | primalbound  |  gap   | compl. 
 1005s|     1 |     0 |  7657 |     - |   212M |   0 |7866 |1486 |1219 |   0 |  0 | 379 |  25 | 1.660000e+01 | 2.050000e+01 |  23.49%| unknown
 1005s|     1 |     0 |  7657 |     - |   212M |   0 |7866 |1486 |1219 |   0 |  0 | 379 |  25 | 1.660000e+01 | 2.050000e+01 |  23.49%| unknown
 1006s|     1 |     0 |  7691 |     - |   213M |   0 |7866 |1481 |1230 |  11 |  1 | 379 |  25 | 1.660000e+01 | 2.050000e+01 |  23.49%| unknown
 1006s|     1 |     0 |  7752 |     - |   213M |   0 |7866 |1477 |1244 |  25 |  2 | 379 |  25 | 1.660000e+01 | 2.050000e+01 |  23.49%| unknown
 1006s|     1 |     0 |  7785 |     - |   213M |   0 |7866 |1480 |1259 |  40 |  3 | 382 |  25 | 1.660000e+01 | 2.050000e+01 |  23.49%| unknown
 1006s|     1 |     0 |  7825 |     - |   213M |   0 |7866 |1458 |1275 |  56 |  4 | 383 |  25 | 1.660000e+01 | 2.050000e+01 |  23.49%| unknown
 1006s|     1 |     0 |  7901 |     - |   213M |   0 |7866 |1459 |1287 |  68 |  5 | 384 |  25 | 1.660000e+01 | 2.050000e+01 |  23.49%| unknown
 1006s|     1 |     0 |  7924 |     - |   213M |   0 |7866 |1460 |1296 |  77 |  6 | 385 |  25 | 1.660000e+01 | 2.050000e+01 |  23.49%| unknown
 1006s|     1 |     0 |  7990 |     - |   214M |   0 |7866 |1461 |1310 |  91 |  7 | 386 |  25 | 1.660000e+01 | 2.050000e+01 |  23.49%| unknown
 1006s|     1 |     0 |  8051 |     - |   214M |   0 |7866 |1462 |1321 | 102 |  8 | 387 |  25 | 1.660000e+01 | 2.050000e+01 |  23.49%| unknown
 1006s|     1 |     0 |  8109 |     - |   214M |   0 |7866 |1466 |1333 | 114 |  9 | 391 |  25 | 1.660000e+01 | 2.050000e+01 |  23.49%| unknown
 1006s|     1 |     0 |  8148 |     - |   216M |   0 |7866 |1467 |1340 | 121 | 10 | 392 |  25 | 1.660000e+01 | 2.050000e+01 |  23.49%| unknown
 1006s|     1 |     0 |  8184 |     - |   216M |   0 |7866 |1468 |1294 | 129 | 11 | 393 |  25 | 1.660000e+01 | 2.050000e+01 |  23.49%| unknown
Truncate separation round because of stalling (10 stall rounds).
 1006s|     1 |     0 |  8209 |     - |   216M |   0 |7866 |1468 |1294 | 129 | 11 | 394 |  25 | 1.660000e+01 | 2.050000e+01 |  23.49%| unknown
 1006s|     1 |     0 |  8278 |     - |   217M |   0 |7866 |1470 |1303 | 138 | 12 | 396 |  25 | 1.660000e+01 | 2.050000e+01 |  23.49%| unknown
 time | node  | left  |LP iter|LP it/n|mem/heur|mdpt |vars |cons |rows |cuts |sepa|confs|strbr|  dualbound   | primalbound  |  gap   | compl. 
 1007s|     1 |     0 |  8325 |     - |   217M |   0 |7866 |1472 |1314 | 149 | 13 | 398 |  25 | 1.660000e+01 | 2.050000e+01 |  23.49%| unknown
 1007s|     1 |     0 |  8364 |     - |   217M |   0 |7866 |1473 |1324 | 159 | 14 | 399 |  25 | 1.660000e+01 | 2.050000e+01 |  23.49%| unknown
 1007s|     1 |     0 |  8421 |     - |   217M |   0 |7866 |1475 |1286 | 164 | 15 | 401 |  25 | 1.660000e+01 | 2.050000e+01 |  23.49%| unknown
 1007s|     1 |     0 |  8455 |     - |   217M |   0 |7866 |1475 |1293 | 171 | 16 | 402 |  25 | 1.660000e+01 | 2.050000e+01 |  23.49%| unknown
 1007s|     1 |     0 |  8481 |     - |   217M |   0 |7866 |1476 |1300 | 178 | 17 | 403 |  25 | 1.660000e+01 | 2.050000e+01 |  23.49%| unknown
 1007s|     1 |     0 |  8529 |     - |   217M |   0 |7866 |1477 |1308 | 186 | 18 | 404 |  25 | 1.660000e+01 | 2.050000e+01 |  23.49%| unknown
 1007s|     1 |     0 |  8585 |     - |   218M |   0 |7866 |1477 |1316 | 194 | 19 | 405 |  25 | 1.660000e+01 | 2.050000e+01 |  23.49%| unknown
 1007s|     1 |     0 |  8631 |     - |   218M |   0 |7866 |1478 |1270 | 201 | 20 | 406 |  25 | 1.660000e+01 | 2.050000e+01 |  23.49%| unknown
 1007s|     1 |     0 |  8662 |     - |   218M |   0 |7866 |1478 |1276 | 207 | 21 | 406 |  25 | 1.660000e+01 | 2.050000e+01 |  23.49%| unknown
 1007s|     1 |     0 |  8706 |     - |   218M |   0 |7866 |1478 |1285 | 216 | 22 | 406 |  25 | 1.660000e+01 | 2.050000e+01 |  23.49%| unknown
Truncate separation round because of stalling (10 stall rounds).
_____________________________________
Now starting branching with general disjunction
Current branching Node number: 1
Relpscost reduced domain, skip general disjunction branching
 1007s|     1 |     0 |  9969 |     - |   218M |   0 |7866 |1508 |1285 | 216 | 22 | 437 |  30 | 1.660000e+01 | 2.050000e+01 |  23.49%| unknown
 1007s|     1 |     0 |  9976 |     - |   218M |   0 |7866 |1509 |1290 | 221 | 23 | 438 |  30 | 1.660000e+01 | 2.050000e+01 |  23.49%| unknown
 1007s|     1 |     0 |  9986 |     - |   218M |   0 |7866 |1511 |1291 | 222 | 24 | 440 |  30 | 1.660000e+01 | 2.050000e+01 |  23.49%| unknown
_____________________________________
Now starting branching with general disjunction
Current branching Node number: 1
LP objective value: -834
Node lower bound: -834
Node upper bound: 20.5
gap to the primal bound: 0.23494
Preck submodel is infeasible, continue branching
Time limit exceeded (1000.65s), stopping submodel solve loop
General disjunction: No feasible solution found, use SCIP default branching rule
 2008s|     1 |     2 |  9986 |     - |   218M |   0 |7866 |1513 |1291 | 222 | 24 | 442 |  56 | 1.660000e+01 | 2.050000e+01 |  23.49%| unknown
_____________________________________
Now starting branching with general disjunction
Current branching Node number: 3
LP objective value: -833
Node lower bound: -833
Node upper bound: 20.5
gap to the primal bound: 0.23494
Preck submodel is infeasible, continue branching
Time limit exceeded (1000.64s), stopping submodel solve loop
General disjunction: No feasible solution found, use SCIP default branching rule
_____________________________________
Now starting branching with general disjunction
Current branching Node number: 5
LP objective value: -833
Node lower bound: -833
Node upper bound: 20.5
gap to the primal bound: 0.23494
Preck submodel is infeasible, continue branching
Time limit exceeded (1000.63s), stopping submodel solve loop
General disjunction: No feasible solution found, use SCIP default branching rule
_____________________________________
Now starting branching with general disjunction
Current branching Node number: 7
LP objective value: -833
Node lower bound: -833
Node upper bound: 20.5
gap to the primal bound: 0.23494
Preck submodel is infeasible, continue branching
Time limit exceeded (1000.62s), stopping submodel solve loop
General disjunction: No feasible solution found, use SCIP default branching rule
_____________________________________
Now starting branching with general disjunction
Current branching Node number: 9
LP objective value: -833
Node lower bound: -833
Node upper bound: 20.5
gap to the primal bound: 0.23494
Preck submodel is infeasible, continue branching
Time limit exceeded (1000.63s), stopping submodel solve loop
General disjunction: No feasible solution found, use SCIP default branching rule
_____________________________________
Now starting branching with general disjunction
Current branching Node number: 11
LP objective value: -833
Node lower bound: -833
Node upper bound: 20.5
gap to the primal bound: 0.23494
Preck submodel is infeasible, continue branching
Time limit exceeded (1000.64s), stopping submodel solve loop
General disjunction: No feasible solution found, use SCIP default branching rule
_____________________________________
Now starting branching with general disjunction
Current branching Node number: 2
LP objective value: -834
Node lower bound: -834
Node upper bound: 20.5
gap to the primal bound: 0.23494
Preck submodel is infeasible, continue branching
Time limit exceeded (1000.64s), stopping submodel solve loop
General disjunction: No feasible solution found, use SCIP default branching rule
_____________________________________
Now starting branching with general disjunction
Current branching Node number: 15
LP objective value: -834
Node lower bound: -834
Node upper bound: 20.5
gap to the primal bound: 0.23494
Preck submodel is infeasible, continue branching
Time limit exceeded (1000.65s), stopping submodel solve loop
General disjunction: No feasible solution found, use SCIP default branching rule
_____________________________________
Now starting branching with general disjunction
Current branching Node number: 17
LP objective value: -834
Node lower bound: -834
Node upper bound: 20.5
gap to the primal bound: 0.23494
Preck submodel is infeasible, continue branching
Time limit exceeded (1000.64s), stopping submodel solve loop
General disjunction: No feasible solution found, use SCIP default branching rule
_____________________________________
Now starting branching with general disjunction
Current branching Node number: 19
LP objective value: -834
Node lower bound: -834
Node upper bound: 20.5
gap to the primal bound: 0.23494
Preck submodel is infeasible, continue branching
Time limit exceeded (1000.63s), stopping submodel solve loop
General disjunction: No feasible solution found, use SCIP default branching rule
L 184m|    10 |     0 | 10566 | 311.3 |  lpface|   5 |7866 |1517 |1212 | 222 |  1 | 446 |  56 | 1.660000e+01 | 1.660000e+01 |   0.00%| 100.00%

SCIP Status        : problem is solved [optimal solution found]
Solving Time (sec) : 11015.34
Solving Nodes      : 10 (total of 11 nodes in 2 runs)
Primal Bound       : +1.66000000000000e+01 (8 solutions)
Dual Bound         : +1.66000000000000e+01
Gap                : 0.00 %

primal solution:
================

objective value:                                 16.6
C1362                                               1 	(obj:0)
C1366                                               1 	(obj:0)
C1372                                               1 	(obj:0)
C1378                                               1 	(obj:0)
C1379                                               1 	(obj:0)
C1385                                               1 	(obj:0)
C1388                                               1 	(obj:0)
C1392                                               1 	(obj:0)
C1396                                               1 	(obj:0)
C1401                                               1 	(obj:0)
C1405                                               1 	(obj:0)
C1464                                               1 	(obj:-0.9)
C1496                                               1 	(obj:-1)
C1576                                               1 	(obj:-1)
C1656                                               1 	(obj:-1)
C1743                                               1 	(obj:-1)
C1784                                               1 	(obj:-1)
C1904                                               1 	(obj:-0.9)
C1945                                               1 	(obj:-1)
C2030                                               1 	(obj:-1)
C2304                                               1 	(obj:-1)
C2811                                               1 	(obj:-0.9)
C3138                                               1 	(obj:-1)
C3493                                               1 	(obj:-1)
C3890                                               1 	(obj:-1)
C4416                                               1 	(obj:-1)
C4812                                               1 	(obj:-0.9)
C5166                                               1 	(obj:-1)
C5616                                               1 	(obj:-1)
C6004                                               1 	(obj:-1)
C6359                                               1 	(obj:-1)
C6536                                               1 	(obj:-1)
C7026                                               1 	(obj:-1)
C7223                                               1 	(obj:-1)
C7381                                               1 	(obj:-0.9)
C7460                                               1 	(obj:-1)
C7527                                               1 	(obj:-1)
C7649                                               1 	(obj:-0.9)
C7694                                               1 	(obj:-1)
C7858                                               1 	(obj:-1)
C8202                                               1 	(obj:-1)
C8664                                               1 	(obj:-1)
C8864                                               1 	(obj:-1)
C8874                                               1 	(obj:-1)
C8968                                               1 	(obj:-1)
C9015                                               1 	(obj:-1)
C9069                                               1 	(obj:-1)
C9108                                               1 	(obj:-1)
C9110                                               1 	(obj:-1)
C9117                                               1 	(obj:-5)
C9196                                               1 	(obj:-5)
C9252                                               1 	(obj:-5)
C9290                                               1 	(obj:-5)
C9358                                               1 	(obj:-5)
C9437                                               1 	(obj:-5)
C9482                                               1 	(obj:-5)
C9587                                               1 	(obj:-5)
C9656                                               1 	(obj:-5)
C9697                                               1 	(obj:-1)
C9737                                               1 	(obj:-1)
C9803                                               1 	(obj:-1)
C1024                                               1 	(obj:0)
C1348                                               2 	(obj:1)
C0017                                               3 	(obj:0)
C0018                                               2 	(obj:0)
C0019                                               3 	(obj:0)
C0021                                               3 	(obj:0)
C0022                                               2 	(obj:0)
C0023                                               3 	(obj:0)
C0024                                               2 	(obj:0)
C0025                                               3 	(obj:0)
C0027                                               3 	(obj:0)
C0028                                               3 	(obj:0)
C0029                                               4 	(obj:0)
C0030                                               2 	(obj:0)
C0031                                               4 	(obj:0)
C0034                                               3 	(obj:0)
C0035                                               3 	(obj:0)
C0036                                               3 	(obj:0)
C0037                                               2 	(obj:0)
C0038                                               2 	(obj:0)
C0040                                               3 	(obj:0)
C0041                                               3 	(obj:0)
C0042                                               3 	(obj:0)
C0044                                               3 	(obj:0)
C0045                                               3 	(obj:0)
C0046                                               3 	(obj:0)
C0048                                               2 	(obj:0)
C0049                                               3 	(obj:0)
C0050                                               2 	(obj:0)
C0051                                               2 	(obj:0)
C0053                                               2 	(obj:0)
C0054                                               2 	(obj:0)
C0055                                               3 	(obj:0)
C0057                                               3 	(obj:0)
C0058                                               1 	(obj:0)
C0074                                               1 	(obj:100)
C0295                                               1 	(obj:0)

Statistics
==========

SCIP Status        : problem is solved [optimal solution found]
Total Time         :   11015.44
  solving          :   11015.34
  presolving       :       0.60 (included in solving)
  reading          :       0.09
  copying          :       0.10 (6 #copies) (minimal 0.01, maximal 0.02, average 0.02)
Original Problem   :
  Problem name     : neos-498623
  Variables        : 9861 (8500 binary, 0 integer, 0 implicit integer, 1361 continuous)
  Constraints      : 2047 initial, 2047 maximal
  Objective        : minimize, 8557 non-zeros (abs.min = 0.7, abs.max = 100)
Presolved Problem  :
  Problem name     : t_neos-498623
  Variables        : 7866 (7686 binary, 0 integer, 180 implicit integer, 0 continuous)
  Constraints      : 1486 initial, 1517 maximal
  Objective        : minimize, 6959 non-zeros (abs.min = 1, abs.max = 50)
  Nonzeros         : 137499 constraint, 67626 clique table
Presolvers         :   ExecTime  SetupTime  Calls  FixedVars   AggrVars   ChgTypes  ChgBounds   AddHoles    DelCons    AddCons   ChgSides   ChgCoefs
  boundshift       :       0.00       0.00      0          0          0          0          0          0          0          0          0          0
  convertinttobin  :       0.00       0.00      0          0          0          0          0          0          0          0          0          0
  domcol           :       0.03       0.00      3          0          0          0          0          0          0          0          0          0
  dualagg          :       0.00       0.00      0          0          0          0          0          0          0          0          0          0
  dualcomp         :       0.00       0.00      0          0          0          0          0          0          0          0          0          0
  dualinfer        :       0.00       0.00      0          0          0          0          0          0          0          0          0          0
  dualsparsify     :       0.02       0.00      1          0          0          0          0          0          0          0          0          0
  gateextraction   :       0.01       0.00      6          0          0          0          0          0          0          0          0          0
  implics          :       0.00       0.00     14          0          0          0          0          0          0          0          0          0
  inttobinary      :       0.00       0.00      0          0          0          0          0          0          0          0          0          0
  qpkktref         :       0.00       0.00      0          0          0          0          0          0          0          0          0          0
  redvub           :       0.00       0.00      0          0          0          0          0          0          0          0          0          0
  sparsify         :       0.03       0.00      1          0          0          0          0          0          0          0          0          0
  stuffing         :       0.00       0.00      0          0          0          0          0          0          0          0          0          0
  trivial          :       0.01       0.00     21        757          0          0          0          0          0          0          0          0
  tworowbnd        :       0.00       0.00      0          0          0          0          0          0          0          0          0          0
  dualfix          :       0.01       0.00     21       1095          0          0          0          0          0          0          0          0
  genvbounds       :       0.00       0.00      0          0          0          0          0          0          0          0          0          0
  probing          :       0.05       0.00      2          0          0          0          0          0          0          0          0          0
  pseudoobj        :       0.00       0.00      1          0          0          0          0          0          0          0          0          0
  symmetry         :       0.07       0.00      1         48          0          0          0          0          0         70          0          0
  vbounds          :       0.01       0.00      2          0          0          0          0          0          0          0          0          0
  varbound         :       0.00       0.00     23          0          0          0          0          0          3          0          0          0
  knapsack         :       0.01       0.00     23          0          0          0          0          0          7         13         12       1241
  setppc           :       0.08       0.00     37          5          0          0          0          0        183          0          0          0
  linear           :       0.18       0.03     31          0         90        614        684          0        752          0        596         18
  orbitope         :       0.00       0.00     10          0          0          0          0          0          0          0          0          0
  logicor          :       0.03       0.00     19          0          0          0          0          0         90          0          0      16680
  bounddisjunction :       0.00       0.00      0          0          0          0          0          0          0          0          0          0
  benders          :       0.00       0.00      0          0          0          0          0          0          0          0          0          0
  components       :       0.03       0.00      2          0          0          0          0          0          0          0          0          0
  root node        :          -          -      -        897          -          -       1448          -          -          -          -          -
Constraints        :     Number  MaxNumber  #Separate #Propagate    #EnfoLP    #EnfoRelax  #EnfoPS    #Check   #ResProp    Cutoffs    DomReds       Cuts    Applied      Conss   Children
  benderslp        :          0          0          0          0         12          0          0         35          0          0          0          0          0          0          0
  integral         :          0          0          0          0         12          0          0         35          0          0          1          0          0          0         22
  varbound         :         36         36         51      12684          0          0          0         29          0          0          0          0          0          0          0
  knapsack         :          3          3         23       2945          0          0          0          0         22          6        371          0          0          0          0
  setppc           :        829+       848         51      12845          0          0          0         29      10744         18       1077         15          0          0          0
  linear           :        370        370         51      12827          0          0          0         17         11          0          0          1          0          0          0
  orbitope         :         38         38          0      12661          0          0          0         14       1001         79        120          0          0          0          0
  logicor          :        210        210         51        482          0          0          0          0          0         17          0          9          6          0          0
  bounddisjunction :          0+        19          0         23          0          0          0          0          1          1          0          0          0          0          0
  benders          :          0          0          0          0          0          0          0         15          0          0          0          0          0          0          0
  fixedvar         :          0          0          0          0          0          0          0         15          0          0          0          0          0          0          0
  countsols        :          0          0          0          0          0          0          0         15          0          0          0          0          0          0          0
  components       :          0          0          0          0          0          0          0          0          0          0          0          0          0          0          0
Constraint Timings :  TotalTime  SetupTime   Separate  Propagate     EnfoLP     EnfoPS     EnfoRelax   Check    ResProp    SB-Prop
  benderslp        :       0.00       0.00       0.00       0.00       0.00       0.00       0.00       0.00       0.00       0.00
  integral         :   11007.87       0.00       0.00       0.00   11007.87       0.00       0.00       0.00       0.00       0.00
  varbound         :       0.00       0.00       0.00       0.00       0.00       0.00       0.00       0.00       0.00       0.00
  knapsack         :       0.01       0.00       0.00       0.01       0.00       0.00       0.00       0.00       0.00       0.00
  setppc           :       0.33       0.00       0.01       0.29       0.00       0.00       0.00       0.01       0.00       0.01
  linear           :       0.09       0.03       0.03       0.03       0.00       0.00       0.00       0.01       0.00       0.00
  orbitope         :       0.43       0.00       0.00       0.41       0.00       0.00       0.00       0.00       0.00       0.01
  logicor          :       0.01       0.00       0.00       0.01       0.00       0.00       0.00       0.00       0.00       0.00
  bounddisjunction :       0.00       0.00       0.00       0.00       0.00       0.00       0.00       0.00       0.00       0.00
  benders          :       0.00       0.00       0.00       0.00       0.00       0.00       0.00       0.00       0.00       0.00
  fixedvar         :       0.01       0.00       0.00       0.00       0.00       0.00       0.00       0.01       0.00       0.00
  countsols        :       0.00       0.00       0.00       0.00       0.00       0.00       0.00       0.00       0.00       0.00
  components       :       0.00       0.00       0.00       0.00       0.00       0.00       0.00       0.00       0.00       0.00
Propagators        : #Propagate   #ResProp    Cutoffs    DomReds
  dualfix          :          8          0          0          2
  genvbounds       :          0          0          0          0
  nlobbt           :          0          0          0          0
  obbt             :          0          0          0          0
  probing          :          0          0          0          0
  pseudoobj        :        108          0          0          0
  redcost          :         87          0          0       1425
  rootredcost      :          1          0          0          0
  symmetry         :          0          0          0          0
  vbounds          :       1398          0          0          0
Propagator Timings :  TotalTime  SetupTime   Presolve  Propagate    ResProp    SB-Prop
  dualfix          :       0.01       0.00       0.01       0.00       0.00       0.00
  genvbounds       :       0.00       0.00       0.00       0.00       0.00       0.00
  nlobbt           :       0.00       0.00       0.00       0.00       0.00       0.00
  obbt             :       0.00       0.00       0.00       0.00       0.00       0.00
  probing          :       0.05       0.00       0.05       0.00       0.00       0.00
  pseudoobj        :       0.03       0.00       0.00       0.03       0.00       0.00
  redcost          :       0.03       0.00       0.00       0.03       0.00       0.00
  rootredcost      :       0.00       0.00       0.00       0.00       0.00       0.00
  symmetry         :       0.07       0.00       0.07       0.00       0.00       0.00
  vbounds          :       0.01       0.00       0.01       0.00       0.00       0.00
Symmetry           :
  orbitopal red.   :          0 reductions applied,          0 cutoffs
  orbital reduction:          0 reductions applied,          0 cutoffs
  lexicographic red:          0 reductions applied,          0 cutoffs
  shadow tree time :       0.00 s
Conflict Analysis  :       Time      Calls    Success    DomReds  Conflicts   Literals    Reconvs ReconvLits   Dualrays   Nonzeros   LP Iters   (pool size: [10000,10000])
  propagation      :       0.01        113        112          -        469       91.8          0        0.0          -          -          -
  infeasible LP    :       0.01          2          2          -         22      215.6          0        0.0          2      668.0          0
  bound exceed. LP :       0.03          4          4          -         20       83.0          1       58.0          0        0.0         60
  strong branching :       0.00          0          0          -          0        0.0          0        0.0          -          -          0
  pseudo solution  :       0.00          0          0          -          0        0.0          0        0.0          -          -          -
  applied globally :       0.04          -          -          0        444       96.9          -          -          2          -          -
  applied locally  :          -          -          -          0          0        0.0          -          -          0          -          -
Separators         :   ExecTime  SetupTime      Calls  RootCalls    Cutoffs    DomReds  FoundCuts ViaPoolAdd  DirectAdd    Applied ViaPoolApp  DirectApp      Conss
  cut pool         :       0.02          -        101        101          -          -       1212       2427          -          -          -          -          -    (maximal pool size:        642)
  aggregation      :       0.64       0.00         51         51          0          0        352        636          0        243        243          0          0
  > cmir           :          -          -          -          -          -          -          -        201          0         62         62          0          -
  > flowcover      :          -          -          -          -          -          -          -        435          0        181        181          0          -
  > knapsackcover  :          -          -          -          -          -          -          -          0          0          0          0          0          -
  cgmip            :       0.00       0.00          0          0          0          0          0          0          0          0          0          0          0
  clique           :       0.30       0.00         51         51          0          0         30         37          0         23         23          0          0
  closecuts        :       0.00       0.00          0          0          0          0          0          0          0          0          0          0          0
  convexproj       :       0.00       0.00          0          0          0          0          0          0          0          0          0          0          0
  disjunctive      :       0.00       0.00          0          0          0          0          0          0          0          0          0          0          0
  eccuts           :       0.00       0.00          0          0          0          0          0          0          0          0          0          0          0
  gauge            :       0.00       0.00          0          0          0          0          0          0          0          0          0          0          0
  gomory           :       0.75       0.00         20         20          0          0        724       1612          0         97         97          0          0
  > gomorymi       :          -          -          -          -          -          -          -        727          0         45         45          0          -
  > strongcg       :          -          -          -          -          -          -          -        885          0         52         52          0          -
  impliedbounds    :       0.01       0.00         51         51          0          0         18         19          0         16         16          0          0
  interminor       :       0.00       0.00          0          0          0          0          0          0          0          0          0          0          0
  intobj           :       0.00       0.00          0          0          0          0          0          0          0          0          0          0          0
  lagromory        :       0.00       0.00          0          0          0          0          0          0          0          0          0          0          0
  mcf              :       0.01       0.00          2          2          0          0          0          0          0          0          0          0          0
  minor            :       0.00       0.00          0          0          0          0          0          0          0          0          0          0          0
  mixing           :       0.00       0.00         51         51          0          0          0          0          0          0          0          0          0
  oddcycle         :       0.00       0.00          0          0          0          0          0          0          0          0          0          0          0
  rapidlearning    :       0.47       0.00          3          2          0          0          0          0          0          0          0          0          0
  rlt              :       0.00       0.00         20         20          0          0          0          0          0          0          0          0          0
  zerohalf         :       0.19       0.00         40         40          0          0         88        123          0         53         53          0          0
Cutselectors       :   ExecTime  SetupTime      Calls  RootCalls   Selected     Forced   Filtered  RootSelec   RootForc   RootFilt 
  hybrid           :       0.01       0.00         52         52        438          0       2014        438          0       2014
  ensemble         :       0.00       0.00          0          0          0          0          0          0          0          0
  dynamic          :       0.00       0.00          0          0          0          0          0          0          0          0
Pricers            :   ExecTime  SetupTime      Calls       Vars
  problem variables:       0.00          -          0          0
Branching Rules    :   ExecTime  SetupTime   BranchLP  BranchExt   BranchPS    Cutoffs    DomReds       Cuts      Conss   Children
  allfullstrong    :       0.00       0.00          0          0          0          0          0          0          0          0
  cloud            :       0.00       0.00          0          0          0          0          0          0          0          0
  distribution     :       0.00       0.00          0          0          0          0          0          0          0          0
  fullstrong       :       0.00       0.00          0          0          0          0          0          0          0          0
  general_disjuncti:   11007.55       0.00         12          0          0          0          1          0          0          0
  GeneralDisjunction(extra): subMILPs=22 fairNodes of all MILPs=1928 probingLPs=0
  gomory           :       0.00       0.00          0          0          0          0          0          0          0          0
  inference        :       0.00       0.00          0          0          0          0          0          0          0          0
  leastinf         :       0.00       0.00          0          0          0          0          0          0          0          0
  lookahead        :       0.00       0.00          0          0          0          0          0          0          0          0
  mostinf          :       0.00       0.00          0          0          0          0          0          0          0          0
  multaggr         :       0.00       0.00          0          0          0          0          0          0          0          0
  nodereopt        :       0.00       0.00          0          0          0          0          0          0          0          0
  pscost           :       0.00       0.00          0          0          0          0          0          0          0          0
  random           :       0.00       0.00          0          0          0          0          0          0          0          0
  relpscost        :       0.32       0.00         11          0          0          0          0          0          0         22
  vanillafullstrong:       0.00       0.00          0          0          0          0          0          0          0          0
Primal Heuristics  :   ExecTime  SetupTime      Calls      Found       Best
  LP solutions     :       0.00          -          -          0          0
  relax solutions  :       0.00          -          -          0          0
  pseudo solutions :       0.00          -          -          0          0
  strong branching :       0.00          -          -          0          0
  actconsdiving    :       0.00       0.00          0          0          0
  adaptivediving   :       0.00       0.00          0          0          0
  alns             :       0.12       0.00          1          3          3
  bound            :       0.00       0.00          0          0          0
  clique           :       0.06       0.00          1          0          0
  coefdiving       :       0.00       0.00          0          0          0
  completesol      :       0.00       0.00          0          0          0
  conflictdiving   :       0.12       0.00          2          1          1
  crossover        :       0.00       0.00          0          0          0
  dins             :       0.00       0.00          0          0          0
  distributiondivin:       0.00       0.00          0          0          0
  dps              :       0.00       0.00          0          0          0
  dualval          :       0.00       0.00          0          0          0
  farkasdiving     :       0.30       0.00          2          1          1
  feaspump         :       0.29       0.00          1          1          1
  fixandinfer      :       0.00       0.00          0          0          0
  fracdiving       :       0.00       0.00          0          0          0
  gins             :       0.00       0.00          0          0          0
  guideddiving     :       0.00       0.00          0          0          0
  indicator        :       0.00       0.00          0          0          0
  indicatordiving  :       0.00       0.00          0          0          0
  intdiving        :       0.00       0.00          0          0          0
  intshifting      :       0.00       0.00          0          0          0
  linesearchdiving :       0.00       0.00          0          0          0
  localbranching   :       0.00       0.00          0          0          0
  locks            :       0.13       0.00          1          0          0
  lpface           :       0.89       0.00          1          1          1
  mpec             :       0.00       0.00          0          0          0
  multistart       :       0.00       0.00          0          0          0
  mutation         :       0.00       0.00          0          0          0
  nlpdiving        :       0.00       0.00          0          0          0
  objpscostdiving  :       0.00       0.00          0          0          0
  octane           :       0.00       0.00          0          0          0
  ofins            :       0.00       0.00          0          0          0
  oneopt           :       0.01       0.00          2          0          0
  padm             :       0.00       0.00          0          0          0
  proximity        :       0.00       0.00          0          0          0
  pscostdiving     :       0.05       0.00          1          0          0
  randrounding     :       0.60       0.00         57          0          0
  rens             :       0.08       0.00          2          1          0
  reoptsols        :       0.00       0.00          0          0          0
  repair           :       0.00       0.00          0          0          0
  rins             :       0.00       0.00          0          0          0
  rootsoldiving    :       0.00       0.00          0          0          0
  rounding         :       0.02       0.00         66          0          0
  scheduler        :       0.00       0.00          0          0          0
  shiftandpropagate:       0.05       0.00          1          0          0
  shifting         :       0.10       0.00         57          0          0
  simplerounding   :       0.00       0.00          0          0          0
  subnlp           :       0.00       0.00          0          0          0
  trivial          :       0.00       0.00          4          0          0
  trivialnegation  :       0.00       0.00          0          0          0
  trustregion      :       0.00       0.00          0          0          0
  trysol           :       0.00       0.00          0          0          0
  twoopt           :       0.00       0.00          0          0          0
  undercover       :       0.00       0.00          0          0          0
  vbounds          :       0.33       0.00          2          0          0
  veclendiving     :       0.00       0.00          0          0          0
  zeroobj          :       0.00       0.00          0          0          0
  zirounding       :       0.00       0.00         10          0          0
  other solutions  :          -          -          -          0          -
LNS (Scheduler)    :      Calls  SetupTime  SolveTime SolveNodes       Sols       Best       Exp3    Exp3-IX  EpsGreedy        UCB TgtFixRate  Opt  Inf Node Stal  Sol  Usr Othr Actv
  rens             :          0       0.00       0.00          0          0          0    0.00000    0.12500   -1.00000    1.00000      0.900    0    0    0    0    0    0    0    1
  rins             :          0       0.00       0.00          0          0          0    0.00000    0.12500   -1.00000    1.00000      0.900    0    0    0    0    0    0    0    1
  mutation         :          0       0.00       0.00          0          0          0    0.00000    0.12500   -1.00000    1.00000      0.900    0    0    0    0    0    0    0    1
  localbranching   :          0       0.00       0.00          0          0          0    0.00000    0.12500   -1.00000    1.00000      0.900    0    0    0    0    0    0    0    1
  crossover        :          0       0.00       0.00          0          0          0    0.00000    0.12500   -1.00000    1.00000      0.900    0    0    0    0    0    0    0    1
  proximity        :          0       0.00       0.00          0          0          0    0.00000    0.12500   -1.00000    1.00000      0.900    0    0    0    0    0    0    0    1
  zeroobjective    :          0       0.00       0.00          0          0          0    0.00000    0.12500   -1.00000    1.00000      0.900    0    0    0    0    0    0    0    1
  dins             :          0       0.00       0.00          0          0          0    0.00000    0.12500   -1.00000    1.00000      0.900    0    0    0    0    0    0    0    1
  trustregion      :          0       0.00       0.00          0          0          0    0.00000    0.00000   -1.00000    1.00000      0.900    0    0    0    0    0    0    0    0
LP                 :       Time      Calls Iterations  Iter/call   Iter/sec  Time-0-It Calls-0-It    ItLimit
  primal LP        :       0.17          8          0       0.00       0.00       0.17          8
  dual LP          :       0.61         73       6383      99.73   10447.06       0.01          9
  lex dual LP      :       0.00          0          0       0.00          -
  barrier LP       :       0.00          0          0       0.00          -       0.00          0
  resolve instable :       0.00          0          0       0.00          -
  diving/probing LP:       0.56         97       4183      43.12    7487.18
  strong branching :       0.58         56       6096     108.86   10429.37          -          -          0
    (at root node) :          -         56       6096     108.86          -
  conflict analysis:       0.01          6         60      10.00    5762.03
B&B Tree           :
  number of runs   :          2
  nodes            :         10 (10 internal, 0 leaves)
  feasible leaves  :          0
  infeas. leaves   :          0
  objective leaves :          0
  nodes (total)    :         11 (11 internal, 0 leaves)
  nodes left       :          0
  max depth        :          5
  max depth (total):          5
  backtracks       :          1 (10.0%)
  early backtracks :          0 (0.0%)
  nodes exc. ref.  :          0 (0.0%)
  delayed cutoffs  :          0
  repropagations   :          0 (0 domain reductions, 0 cutoffs)
  avg switch length:       2.00
  switching time   :       0.02
Root Node          :
  First LP value   : +1.60000000000000e+01
  First LP Iters   :       1097 (9305.84 Iter/sec)
  First LP Time    :       0.12
  Final Dual Bound : +1.66000000000000e+01
  Final Root Iters :       7453
  Root LP Estimate : +1.67530113670953e+01
Solution           :
  Solutions found  :          8 (7 improvements)
  First Solution   : +2.56000000000000e+01   (in run 1, after 1 nodes, 1.52 seconds, depth 0, found by <feaspump>)
  Gap First Sol.   :      60.00 %
  Gap Last Sol.    :       0.00 %
  Primal Bound     : +1.66000000000000e+01   (in run 2, after 10 nodes, 11015.31 seconds, depth 4, found by <lpface>)
  Dual Bound       : +1.66000000000000e+01
  Gap              :       0.00 %
Integrals          :      Total       Avg%
  primal-dual      :  209722.28      19.04
  primal-ref       :          -          - (not evaluated)
  dual-ref         :          -          - (not evaluated)
