SCIP version 9.2.2 [precision: 8 byte] [memory: block] [mode: optimized] [LP solver: CPLEX 12.10.0.0] [GitHash: 416226a4f8]
Copyright (c) 2002-2025 Zuse Institute Berlin (ZIB)

reading parameter file </scratch/htc/yzhou/exp_scipmip/settings/allon_gendj.set>

read problem </scratch/htc/yzhou/exp_scipmip/instances/additionals/noswot.mps>
============

original problem has 128 variables (75 bin, 25 int, 0 impl, 28 cont) and 182 constraints
    182 constraints of type <linear>
Reading Time: 0.00
solve problem
=============
LP Solver <CPLEX 12.10.0.0>: fastmip setting not available -- SCIP parameter has no effect
LP Solver <CPLEX 12.10.0.0>: clock type cannot be set
LP Solver <CPLEX 12.10.0.0>: row representation of the basis not available -- SCIP parameter lp/rowrepswitch has no effect
LP Solver <CPLEX 12.10.0.0>: solution polishing not available -- SCIP parameter lp/solutionpolishing has no effect
LP Solver <CPLEX 12.10.0.0>: refactorization interval not available -- SCIP parameter lp/refactorinterval has no effect
transformed problem has 128 variables (75 bin, 25 int, 0 impl, 28 cont) and 182 constraints
    182 constraints of type <linear>

original problem has 735 active (3.15505%) nonzeros and 735 (3.15505%) check nonzeros

presolving:
(round 1, fast)       3 del vars, 0 del conss, 0 add conss, 132 chg bounds, 0 chg sides, 23 chg coeffs, 0 upgd conss, 0 impls, 1 clqs
(round 2, fast)       3 del vars, 0 del conss, 0 add conss, 132 chg bounds, 3 chg sides, 46 chg coeffs, 0 upgd conss, 0 impls, 6 clqs
(round 3, exhaustive) 3 del vars, 6 del conss, 0 add conss, 132 chg bounds, 3 chg sides, 46 chg coeffs, 0 upgd conss, 0 impls, 6 clqs
(round 4, fast)       8 del vars, 11 del conss, 0 add conss, 132 chg bounds, 3 chg sides, 46 chg coeffs, 0 upgd conss, 0 impls, 1 clqs
(round 5, fast)       8 del vars, 11 del conss, 0 add conss, 137 chg bounds, 8 chg sides, 51 chg coeffs, 0 upgd conss, 0 impls, 1 clqs
(round 6, fast)       8 del vars, 11 del conss, 0 add conss, 137 chg bounds, 8 chg sides, 66 chg coeffs, 0 upgd conss, 0 impls, 1 clqs
(round 7, exhaustive) 8 del vars, 11 del conss, 0 add conss, 137 chg bounds, 8 chg sides, 66 chg coeffs, 46 upgd conss, 0 impls, 1 clqs
   (0.0s) probing cycle finished: starting next cycle
(round 8, exhaustive) 8 del vars, 11 del conss, 0 add conss, 157 chg bounds, 8 chg sides, 66 chg coeffs, 46 upgd conss, 175 impls, 1 clqs
(round 9, fast)       8 del vars, 11 del conss, 0 add conss, 157 chg bounds, 10 chg sides, 74 chg coeffs, 46 upgd conss, 175 impls, 1 clqs
   (0.0s) probing: 51/75 (68.0%) - 0 fixings, 0 aggregations, 130 implications, 20 bound changes
   (0.0s) probing aborted: 50/50 successive totally useless probings
   (0.0s) symmetry computation started: requiring (bin +, int +, cont +), (fixed: bin -, int -, cont -)
   (0.0s) symmetry computation finished: 3 generators found (max: 1500, log10 of symmetry group size: 0.0) (symcode time: 0.00)
dynamic symmetry handling statistics:
   orbitopal reduction:        1 components: 24x4
   orbital reduction:         no components
   lexicographic reduction:   no permutations
handled 1 out of 1 symmetry components
clique table cleanup detected 0 bound changes

presolved problem has 680 active (3.31384%) nonzeros and 680 (3.31384%) check nonzeros

presolving (10 rounds: 10 fast, 4 medium, 4 exhaustive):
 8 deleted vars, 11 deleted constraints, 0 added constraints, 157 tightened bounds, 0 added holes, 10 changed sides, 74 changed coefficients
 175 implications, 1 cliques
presolved problem has 120 variables (75 bin, 20 int, 0 impl, 25 cont) and 171 constraints
     45 constraints of type <varbound>
      1 constraints of type <setppc>
    125 constraints of type <linear>
transformed objective value is always integral (scale: 1)
Presolving Time: 0.01

 time | node  | left  |LP iter|LP it/n|mem/heur|mdpt |vars |cons |rows |cuts |sepa|confs|strbr|  dualbound   | primalbound  |  gap   | compl. 
p 0.0s|     1 |     0 |     0 |     - |   locks|   0 | 120 | 171 | 170 |   0 |  0 |   0 |   0 |-4.300000e+01 |-5.000000e+00 | 760.00%| unknown
p 0.0s|     1 |     0 |     0 |     - | vbounds|   0 | 120 | 171 | 170 |   0 |  0 |   0 |   0 |-4.300000e+01 |-7.000000e+00 | 514.29%| unknown
p 0.0s|     1 |     0 |     0 |     - | vbounds|   0 | 120 | 171 | 170 |   0 |  0 |   0 |   0 |-4.300000e+01 |-9.000000e+00 | 377.78%| unknown
p 0.0s|     1 |     0 |     2 |     - | vbounds|   0 | 120 | 171 | 170 |   0 |  0 |   0 |   0 |-4.300000e+01 |-2.600000e+01 |  65.38%| unknown
i 0.0s|     1 |     0 |     3 |     - |  oneopt|   0 | 120 | 176 | 170 |   0 |  0 |   5 |   0 |-4.300000e+01 |-3.300000e+01 |  30.30%| unknown
  0.0s|     1 |     0 |    42 |     - |  3214k |   0 | 120 | 176 | 170 |   0 |  0 |   5 |   0 |-4.300000e+01 |-3.300000e+01 |  30.30%| unknown
  0.0s|     1 |     0 |   102 |     - |  3354k |   0 | 120 | 176 | 193 |  23 |  1 |   5 |   0 |-4.300000e+01 |-3.300000e+01 |  30.30%| unknown
  0.0s|     1 |     0 |   143 |     - |  3583k |   0 | 120 | 176 | 210 |  40 |  2 |   5 |   0 |-4.300000e+01 |-3.300000e+01 |  30.30%| unknown
  0.0s|     1 |     0 |   182 |     - |  3643k |   0 | 120 | 176 | 228 |  58 |  3 |   5 |   0 |-4.300000e+01 |-3.300000e+01 |  30.30%| unknown
  0.0s|     1 |     0 |   208 |     - |  3724k |   0 | 120 | 176 | 245 |  75 |  4 |   5 |   0 |-4.300000e+01 |-3.300000e+01 |  30.30%| unknown
  0.0s|     1 |     0 |   245 |     - |  3830k |   0 | 120 | 176 | 256 |  86 |  5 |   5 |   0 |-4.300000e+01 |-3.300000e+01 |  30.30%| unknown
  0.1s|     1 |     0 |   271 |     - |  3907k |   0 | 120 | 176 | 267 |  97 |  6 |   5 |   0 |-4.300000e+01 |-3.300000e+01 |  30.30%| unknown
  0.1s|     1 |     0 |   322 |     - |  4296k |   0 | 120 | 176 | 278 | 108 |  7 |   5 |   0 |-4.300000e+01 |-3.300000e+01 |  30.30%| unknown
  0.1s|     1 |     0 |   344 |     - |  4392k |   0 | 120 | 176 | 289 | 119 |  8 |   5 |   0 |-4.300000e+01 |-3.300000e+01 |  30.30%| unknown
  0.1s|     1 |     0 |   362 |     - |  4462k |   0 | 120 | 176 | 297 | 127 |  9 |   5 |   0 |-4.300000e+01 |-3.300000e+01 |  30.30%| unknown
 time | node  | left  |LP iter|LP it/n|mem/heur|mdpt |vars |cons |rows |cuts |sepa|confs|strbr|  dualbound   | primalbound  |  gap   | compl. 
  0.1s|     1 |     0 |   389 |     - |  4527k |   0 | 120 | 176 | 309 | 139 | 10 |   5 |   0 |-4.300000e+01 |-3.300000e+01 |  30.30%| unknown
  0.1s|     1 |     0 |   414 |     - |  4561k |   0 | 120 | 176 | 321 | 151 | 11 |   5 |   0 |-4.300000e+01 |-3.300000e+01 |  30.30%| unknown
  0.1s|     1 |     0 |   458 |     - |  4630k |   0 | 120 | 176 | 330 | 160 | 12 |   5 |   0 |-4.300000e+01 |-3.300000e+01 |  30.30%| unknown
  0.1s|     1 |     0 |   483 |     - |  4667k |   0 | 120 | 176 | 338 | 168 | 13 |   5 |   0 |-4.300000e+01 |-3.300000e+01 |  30.30%| unknown
  0.1s|     1 |     0 |   501 |     - |  4740k |   0 | 120 | 176 | 346 | 176 | 14 |   5 |   0 |-4.300000e+01 |-3.300000e+01 |  30.30%| unknown
  0.1s|     1 |     0 |   526 |     - |  4778k |   0 | 120 | 176 | 289 | 181 | 15 |   5 |   0 |-4.300000e+01 |-3.300000e+01 |  30.30%| unknown
  0.1s|     1 |     0 |   546 |     - |  4854k |   0 | 120 | 176 | 298 | 190 | 16 |   5 |   0 |-4.300000e+01 |-3.300000e+01 |  30.30%| unknown
  0.1s|     1 |     0 |   562 |     - |  4885k |   0 | 120 | 176 | 305 | 197 | 17 |   5 |   0 |-4.300000e+01 |-3.300000e+01 |  30.30%| unknown
  0.1s|     1 |     0 |   578 |     - |  4919k |   0 | 120 | 176 | 313 | 205 | 18 |   5 |   0 |-4.300000e+01 |-3.300000e+01 |  30.30%| unknown
  0.2s|     1 |     0 |   592 |     - |  4953k |   0 | 120 | 176 | 320 | 212 | 19 |   5 |   0 |-4.300000e+01 |-3.300000e+01 |  30.30%| unknown
Truncate separation round because of stalling (10 stall rounds).
d 0.2s|     1 |     0 |   930 |     - |conflict|   0 | 120 | 171 | 320 |   0 | 19 |   5 |   0 |-4.300000e+01 |-3.600000e+01 |  19.44%| unknown
  0.2s|     1 |     0 |   930 |     - |  4977k |   0 | 120 | 171 | 320 | 212 | 19 |   5 |   0 |-4.300000e+01 |-3.600000e+01 |  19.44%| unknown
  0.2s|     1 |     0 |   950 |     - |  5008k |   0 | 120 | 171 | 329 | 221 | 20 |   5 |   0 |-4.300000e+01 |-3.600000e+01 |  19.44%| unknown
  0.2s|     1 |     0 |   955 |     - |  5010k |   0 | 120 | 171 | 332 | 224 | 21 |   5 |   0 |-4.300000e+01 |-3.600000e+01 |  19.44%| unknown
_____________________________________
Now starting branching with general disjunction
Current branching Node number: 1
LP objective value: -46
Node lower bound: -43
Node upper bound: -36
gap to the primal bound: 0.194444
Preck submodel is infeasible, continue branching
General disjunction: No feasible solution found, use SCIP default branching rule
  132s|     1 |     2 |   955 |     - |  5018k |   0 | 120 | 171 | 332 | 224 | 21 |   5 |  32 |-4.300000e+01 |-3.600000e+01 |  19.44%| unknown
_____________________________________
Now starting branching with general disjunction
Current branching Node number: 2
LP objective value: -46
Node lower bound: -43
Node upper bound: -36
gap to the primal bound: 0.194444
Preck submodel is infeasible, continue branching
General disjunction: No feasible solution found, use SCIP default branching rule
_____________________________________
Now starting branching with general disjunction
Current branching Node number: 4
LP objective value: -46
Node lower bound: -43
Node upper bound: -36
gap to the primal bound: 0.194444
Preck submodel is infeasible, continue branching
General disjunction: No feasible solution found, use SCIP default branching rule
_____________________________________
Now starting branching with general disjunction
Current branching Node number: 7
LP objective value: -46
Node lower bound: -43
Node upper bound: -36
gap to the primal bound: 0.194444
Preck submodel is infeasible, continue branching
General disjunction: No feasible solution found, use SCIP default branching rule
_____________________________________
Now starting branching with general disjunction
Current branching Node number: 8
LP objective value: -46
Node lower bound: -43
Node upper bound: -36
gap to the primal bound: 0.194444
Preck submodel is infeasible, continue branching
General disjunction: No feasible solution found, use SCIP default branching rule
_____________________________________
Now starting branching with general disjunction
Current branching Node number: 10
LP objective value: -46
Node lower bound: -43
Node upper bound: -36
gap to the primal bound: 0.194444
Preck submodel is infeasible, continue branching
Time limit exceeded (1060.36s), stopping submodel solve loop
General disjunction: No feasible solution found, use SCIP default branching rule
_____________________________________
Now starting branching with general disjunction
Current branching Node number: 12
LP objective value: -46
Node lower bound: -43
Node upper bound: -36
gap to the primal bound: 0.194444
Preck submodel is infeasible, continue branching
General disjunction: No feasible solution found, use SCIP default branching rule
_____________________________________
Now starting branching with general disjunction
Current branching Node number: 14
LP objective value: -46
Node lower bound: -43
Node upper bound: -36
gap to the primal bound: 0.194444
Preck submodel is infeasible, continue branching
General disjunction: No feasible solution found, use SCIP default branching rule
 time | node  | left  |LP iter|LP it/n|mem/heur|mdpt |vars |cons |rows |cuts |sepa|confs|strbr|  dualbound   | primalbound  |  gap   | compl. 
d4228s|    11 |     6 |  1199 |  58.5 |adaptive|   7 | 120 | 155 | 212 |   0 |  1 |   8 |  32 |-4.300000e+01 |-3.700000e+01 |  16.22%|  59.74%
_____________________________________
Now starting branching with general disjunction
Current branching Node number: 6
LP objective value: -46
Node lower bound: -43
Node upper bound: -37
gap to the primal bound: 0.162162
Preck submodel is infeasible, continue branching
General disjunction: No feasible solution found, use SCIP default branching rule
d4373s|    12 |     7 |  1311 |  63.4 |fracdivi|   7 | 120 | 155 | 212 |   0 |  1 |   8 |  32 |-4.300000e+01 |-3.800000e+01 |  13.16%|  59.74%
_____________________________________
Now starting branching with general disjunction
Current branching Node number: 11
LP objective value: -46
Node lower bound: -43
Node upper bound: -38
gap to the primal bound: 0.131579
Preck submodel is infeasible, continue branching
General disjunction: No feasible solution found, use SCIP default branching rule
_____________________________________
Now starting branching with general disjunction
Current branching Node number: 18
LP objective value: -46
Node lower bound: -43
Node upper bound: -38
gap to the primal bound: 0.131579
Preck submodel is infeasible, continue branching
General disjunction: No feasible solution found, use SCIP default branching rule
_____________________________________
Now starting branching with general disjunction
Current branching Node number: 19
LP objective value: -46
Node lower bound: -43
Node upper bound: -38
gap to the primal bound: 0.131579
Preck submodel is infeasible, continue branching
General disjunction: No feasible solution found, use SCIP default branching rule
_____________________________________
Now starting branching with general disjunction
Current branching Node number: 22
LP objective value: -46
Node lower bound: -43
Node upper bound: -38
gap to the primal bound: 0.131579
Preck submodel is infeasible, continue branching
General disjunction: No feasible solution found, use SCIP default branching rule
_____________________________________
Now starting branching with general disjunction
Current branching Node number: 27
LP objective value: -46
Node lower bound: -43
Node upper bound: -38
gap to the primal bound: 0.131579
Preck submodel is infeasible, continue branching
General disjunction: No feasible solution found, use SCIP default branching rule
_____________________________________
Now starting branching with general disjunction
Current branching Node number: 28
LP objective value: -46
Node lower bound: -43
Node upper bound: -38
gap to the primal bound: 0.131579
Preck submodel is infeasible, continue branching
General disjunction: No feasible solution found, use SCIP default branching rule
_____________________________________
Now starting branching with general disjunction
Current branching Node number: 31
LP objective value: -46
Node lower bound: -43
Node upper bound: -38
gap to the primal bound: 0.131579
Preck submodel is infeasible, continue branching
General disjunction: No feasible solution found, use SCIP default branching rule
_____________________________________
Now starting branching with general disjunction
Current branching Node number: 26
LP objective value: -46
Node lower bound: -43
Node upper bound: -38
gap to the primal bound: 0.131579
Preck submodel is infeasible, continue branching
General disjunction: No feasible solution found, use SCIP default branching rule
_____________________________________
Now starting branching with general disjunction
Current branching Node number: 34
LP objective value: -46
Node lower bound: -43
Node upper bound: -38
gap to the primal bound: 0.131579
Preck submodel is infeasible, continue branching
General disjunction: No feasible solution found, use SCIP default branching rule
_____________________________________
Now starting branching with general disjunction
Current branching Node number: 37
LP objective value: -46
Node lower bound: -43
Node upper bound: -38
gap to the primal bound: 0.131579
Preck submodel is infeasible, continue branching
General disjunction: No feasible solution found, use SCIP default branching rule
d6491s|    24 |    15 |  1821 |  52.5 |guideddi|   8 | 120 | 159 | 212 |   0 |  1 |  14 |  32 |-4.300000e+01 |-3.900000e+01 |  10.26%|  62.32%
_____________________________________
Now starting branching with general disjunction
Current branching Node number: 32
LP objective value: -46
Node lower bound: -43
Node upper bound: -39
gap to the primal bound: 0.102564
Preck submodel is infeasible, continue branching
General disjunction: No feasible solution found, use SCIP default branching rule
_____________________________________
Now starting branching with general disjunction
Current branching Node number: 38
LP objective value: -46
Node lower bound: -43
Node upper bound: -39
gap to the primal bound: 0.102564
Preck submodel is infeasible, continue branching
General disjunction: No feasible solution found, use SCIP default branching rule
_____________________________________
Now starting branching with general disjunction
Current branching Node number: 43
LP objective value: -44
Node lower bound: -43
Node upper bound: -39
gap to the primal bound: 0.102564
Preck submodel is infeasible, continue branching
General disjunction: No feasible solution found, use SCIP default branching rule
_____________________________________
Now starting branching with general disjunction
Current branching Node number: 45
LP objective value: -44
Node lower bound: -43
Node upper bound: -39
gap to the primal bound: 0.102564
Preck submodel is infeasible, continue branching
General disjunction: No feasible solution found, use SCIP default branching rule
_____________________________________
Now starting branching with general disjunction
Current branching Node number: 39
LP objective value: -46
Node lower bound: -43
Node upper bound: -39
gap to the primal bound: 0.102564
Preck submodel is infeasible, continue branching
General disjunction: No feasible solution found, use SCIP default branching rule
_____________________________________
Now starting branching with general disjunction
Current branching Node number: 49
Relpscost reduced domain, skip general disjunction branching
_____________________________________
Now starting branching with general disjunction
Current branching Node number: 49
LP objective value: -45.8764
Node lower bound: -43
Node upper bound: -39
gap to the primal bound: 0.102564
Preck submodel is infeasible, continue branching
General disjunction: No feasible solution found, use SCIP default branching rule
_____________________________________
Now starting branching with general disjunction
Current branching Node number: 51
Relpscost reduced domain, skip general disjunction branching
_____________________________________
Now starting branching with general disjunction
Current branching Node number: 51
LP objective value: -45.8731
Node lower bound: -43
Node upper bound: -39
gap to the primal bound: 0.102564
Preck submodel is infeasible, continue branching
General disjunction: No feasible solution found, use SCIP default branching rule
_____________________________________
Now starting branching with general disjunction
Current branching Node number: 52
LP objective value: -45.8724
Node lower bound: -43
Node upper bound: -39
gap to the primal bound: 0.102564
Preck submodel is infeasible, continue branching
General disjunction: No feasible solution found, use SCIP default branching rule
_____________________________________
Now starting branching with general disjunction
Current branching Node number: 55
Relpscost reduced domain, skip general disjunction branching
_____________________________________
Now starting branching with general disjunction
Current branching Node number: 55
LP objective value: -45.85
Node lower bound: -43
Node upper bound: -39
gap to the primal bound: 0.102564
Preck submodel is infeasible, continue branching
General disjunction: No feasible solution found, use SCIP default branching rule
_____________________________________
Now starting branching with general disjunction
Current branching Node number: 57
Relpscost reduced domain, skip general disjunction branching
_____________________________________
Now starting branching with general disjunction
Current branching Node number: 57
LP objective value: -45.5644
Node lower bound: -43
Node upper bound: -39
gap to the primal bound: 0.102564
Preck submodel is infeasible, continue branching
General disjunction: No feasible solution found, use SCIP default branching rule
_____________________________________
Now starting branching with general disjunction
Current branching Node number: 59
LP objective value: -45.3901
Node lower bound: -43
Node upper bound: -39
gap to the primal bound: 0.102564
Preck submodel is infeasible, continue branching
General disjunction: No feasible solution found, use SCIP default branching rule
_____________________________________
Now starting branching with general disjunction
Current branching Node number: 60
LP objective value: -43
Node lower bound: -43
Node upper bound: -39
gap to the primal bound: 0.102564
Preck submodel is infeasible, continue branching
Time limit exceeded (1012.06s), stopping submodel solve loop
General disjunction: No feasible solution found, use SCIP default branching rule
_____________________________________
Now starting branching with general disjunction
Current branching Node number: 62
LP objective value: -43
Node lower bound: -43
Node upper bound: -39
gap to the primal bound: 0.102564
Preck submodel is infeasible, continue branching
General disjunction: Both Children are added
_____________________________________
Now starting branching with general disjunction
Current branching Node number: 64
LP objective value: -42.489
Node lower bound: -42
Node upper bound: -39
gap to the primal bound: 0.102564
Preck submodel is infeasible, continue branching
General disjunction: No feasible solution found, use SCIP default branching rule
_____________________________________
Now starting branching with general disjunction
Current branching Node number: 61
Relpscost reduced domain, skip general disjunction branching
_____________________________________
Now starting branching with general disjunction
Current branching Node number: 15
LP objective value: -46
Node lower bound: -43
Node upper bound: -39
gap to the primal bound: 0.102564
Preck submodel is infeasible, continue branching
Time limit exceeded (1022.93s), stopping submodel solve loop
General disjunction: No feasible solution found, use SCIP default branching rule
_____________________________________
Now starting branching with general disjunction
Current branching Node number: 69
Relpscost reduced domain, skip general disjunction branching
_____________________________________
Now starting branching with general disjunction
Current branching Node number: 69
LP objective value: -45.973
Node lower bound: -43
Node upper bound: -39
gap to the primal bound: 0.102564
Preck submodel is infeasible, continue branching
Time limit exceeded (1039.08s), stopping submodel solve loop
General disjunction: No feasible solution found, use SCIP default branching rule
_____________________________________
Now starting branching with general disjunction
Current branching Node number: 65
Relpscost reduced domain, skip general disjunction branching
_____________________________________
Now starting branching with general disjunction
Current branching Node number: 65
LP objective value: -42.4991
Node lower bound: -42
Node upper bound: -39
gap to the primal bound: 0.102564
Preck submodel is infeasible, continue branching
General disjunction: No feasible solution found, use SCIP default branching rule
_____________________________________
Now starting branching with general disjunction
Current branching Node number: 73
Relpscost reduced domain, skip general disjunction branching
_____________________________________
Now starting branching with general disjunction
Current branching Node number: 73
LP objective value: -41
Node lower bound: -41
Node upper bound: -39
gap to the primal bound: 0.102564
Preck submodel is infeasible, continue branching
General disjunction: No feasible solution found, use SCIP default branching rule
_____________________________________
Now starting branching with general disjunction
Current branching Node number: 66
LP objective value: -42
Node lower bound: -42
Node upper bound: -39
gap to the primal bound: 0.102564
Preck submodel is infeasible, continue branching
General disjunction: No feasible solution found, use SCIP default branching rule
_____________________________________
Now starting branching with general disjunction
Current branching Node number: 77
Relpscost reduced domain, skip general disjunction branching
_____________________________________
Now starting branching with general disjunction
Current branching Node number: 77
LP objective value: -42
Node lower bound: -42
Node upper bound: -39
gap to the primal bound: 0.102564
Preck submodel is infeasible, continue branching
General disjunction: No feasible solution found, use SCIP default branching rule
_____________________________________
Now starting branching with general disjunction
Current branching Node number: 78
Relpscost reduced domain, skip general disjunction branching
_____________________________________
Now starting branching with general disjunction
Current branching Node number: 78
Relpscost reduced domain, skip general disjunction branching
_____________________________________
Now starting branching with general disjunction
Current branching Node number: 78
LP objective value: -41.8395
Node lower bound: -41.5
Node upper bound: -39
gap to the primal bound: 0.102564
Preck submodel is infeasible, continue branching
General disjunction: Only Right constraint added:
_____________________________________
Now starting branching with general disjunction
Current branching Node number: 78
LP objective value: -41
Node lower bound: -41
Node upper bound: -39
gap to the primal bound: 0.102564
Preck submodel is infeasible, continue branching
General disjunction: No feasible solution found, use SCIP default branching rule
_____________________________________
Now starting branching with general disjunction
Current branching Node number: 81
LP objective value: -41
Node lower bound: -41
Node upper bound: -39
gap to the primal bound: 0.102564
Preck submodel is infeasible, continue branching
General disjunction: No feasible solution found, use SCIP default branching rule
_____________________________________
Now starting branching with general disjunction
Current branching Node number: 16
LP objective value: -45.0844
Node lower bound: -43
Node upper bound: -39
gap to the primal bound: 0.102564
Preck submodel is infeasible, continue branching
Time limit exceeded (1078.59s), stopping submodel solve loop
General disjunction: No feasible solution found, use SCIP default branching rule
_____________________________________
Now starting branching with general disjunction
Current branching Node number: 84
Relpscost reduced domain, skip general disjunction branching
_____________________________________
Now starting branching with general disjunction
Current branching Node number: 84
LP objective value: -43.8298
Node lower bound: -43
Node upper bound: -39
gap to the primal bound: 0.102564
Preck submodel is infeasible, continue branching
Time limit exceeded (1109.99s), stopping submodel solve loop
General disjunction: No feasible solution found, use SCIP default branching rule
_____________________________________
Now starting branching with general disjunction
Current branching Node number: 86
LP objective value: -43
Node lower bound: -43
Node upper bound: -39
gap to the primal bound: 0.102564
Preck submodel is infeasible, continue branching
General disjunction: No feasible solution found, use SCIP default branching rule
_____________________________________
Now starting branching with general disjunction
Current branching Node number: 89
LP objective value: -43
Node lower bound: -43
Node upper bound: -39
gap to the primal bound: 0.102564
Preck submodel is infeasible, continue branching
Time limit exceeded (1210.86s), stopping submodel solve loop
General disjunction: No feasible solution found, use SCIP default branching rule
_____________________________________
Now starting branching with general disjunction
Current branching Node number: 90
LP objective value: -43
Node lower bound: -43
Node upper bound: -39
gap to the primal bound: 0.102564
Preck submodel is infeasible, continue branching
Time limit exceeded (1424.04s), stopping submodel solve loop
General disjunction: No feasible solution found, use SCIP default branching rule
_____________________________________
Now starting branching with general disjunction
Current branching Node number: 93
LP objective value: -43
Node lower bound: -43
Node upper bound: -39
gap to the primal bound: 0.102564
Preck submodel is infeasible, continue branching
Time limit exceeded (1451.75s), stopping submodel solve loop
General disjunction: No feasible solution found, use SCIP default branching rule
_____________________________________
Now starting branching with general disjunction
Current branching Node number: 94
LP objective value: -43
Node lower bound: -43
Node upper bound: -39
gap to the primal bound: 0.102564
Preck submodel is infeasible, continue branching
Time limit exceeded (1790.43s), stopping submodel solve loop
General disjunction: No feasible solution found, use SCIP default branching rule
_____________________________________
Now starting branching with general disjunction
Current branching Node number: 97
Relpscost reduced domain, skip general disjunction branching
_____________________________________
Now starting branching with general disjunction
Current branching Node number: 97
LP objective value: -42.7572
Node lower bound: -42.5465
Node upper bound: -39
gap to the primal bound: 0.102564
Preck submodel is infeasible, continue branching
General disjunction: Only Right constraint added:
_____________________________________
Now starting branching with general disjunction
Current branching Node number: 97
LP objective value: -42
Node lower bound: -42
Node upper bound: -39
gap to the primal bound: 0.102564
Preck submodel is infeasible, continue branching
Time limit exceeded (1161.39s), stopping submodel solve loop
General disjunction: No feasible solution found, use SCIP default branching rule
_____________________________________
Now starting branching with general disjunction
Current branching Node number: 99
LP objective value: -41.3775
Node lower bound: -41.1874
Node upper bound: -39
gap to the primal bound: 0.102564
Preck submodel is infeasible, continue branching
General disjunction: Only Right constraint added:
_____________________________________
Now starting branching with general disjunction
Current branching Node number: 99
LP objective value: -40.914
Node lower bound: -40.414
Node upper bound: -39
gap to the primal bound: 0.102564
Preck submodel is infeasible, continue branching
General disjunction: No feasible solution found, use SCIP default branching rule
_____________________________________
Now starting branching with general disjunction
Current branching Node number: 100
Relpscost reduced domain, skip general disjunction branching
_____________________________________
Now starting branching with general disjunction
Current branching Node number: 101
LP objective value: -40.414
Node lower bound: -40.414
Node upper bound: -39
gap to the primal bound: 0.102564
Preck submodel is infeasible, continue branching
General disjunction: Only Left constraint added:
* 476m|    61 |    40 |  2807 |  36.5 |    LP  |  23 | 120 | 177 | 230 | 377 |  4 |  36 | 196 |-4.300000e+01 |-4.000000e+01 |   7.50%|  62.39%
_____________________________________
Now starting branching with general disjunction
Current branching Node number: 96
LP objective value: -43
Node lower bound: -43
Node upper bound: -40
gap to the primal bound: 0.075
Preck submodel is infeasible, continue branching
Time limit exceeded (1596.46s), stopping submodel solve loop
General disjunction: Both Children are added
_____________________________________
Now starting branching with general disjunction
Current branching Node number: 102
Relpscost reduced domain, skip general disjunction branching
_____________________________________
Now starting branching with general disjunction
Current branching Node number: 102
Relpscost reduced domain, skip general disjunction branching
_____________________________________
Now starting branching with general disjunction
Current branching Node number: 103
LP objective value: -42.3195
Node lower bound: -42.1293
Node upper bound: -40
gap to the primal bound: 0.075
Preck submodel is infeasible, continue branching
Time limit exceeded (1788.84s), stopping submodel solve loop
General disjunction: Only Right constraint added:
_____________________________________
Now starting branching with general disjunction
Current branching Node number: 103
LP objective value: -41.805
Node lower bound: -41.805
Node upper bound: -40
gap to the primal bound: 0.075
Preck submodel is infeasible, continue branching
Time limit exceeded (1044.08s), stopping submodel solve loop
General disjunction: Only Left constraint added:
_____________________________________
Now starting branching with general disjunction
Current branching Node number: 103
LP objective value: -41.5635
Node lower bound: -41.5635
Node upper bound: -40
gap to the primal bound: 0.075
Preck submodel is infeasible, continue branching
General disjunction: Both Children are added
_____________________________________
Now starting branching with general disjunction
Current branching Node number: 104
LP objective value: -41
Node lower bound: -41
Node upper bound: -40
gap to the primal bound: 0.075
Preck submodel is infeasible, continue branching
Time limit exceeded (1044.52s), stopping submodel solve loop
General disjunction: No feasible solution found, use SCIP default branching rule
_____________________________________
Now starting branching with general disjunction
Current branching Node number: 106
LP objective value: -41
Node lower bound: -41
Node upper bound: -40
gap to the primal bound: 0.075
Preck submodel is infeasible, continue branching
Time limit exceeded (1065.96s), stopping submodel solve loop
General disjunction: No feasible solution found, use SCIP default branching rule
_____________________________________
Now starting branching with general disjunction
Current branching Node number: 91
LP objective value: -43
Node lower bound: -43
Node upper bound: -40
gap to the primal bound: 0.075
Preck submodel is infeasible, continue branching
General disjunction: Both Children are added
_____________________________________
Now starting branching with general disjunction
Current branching Node number: 110
Relpscost reduced domain, skip general disjunction branching
_____________________________________
Now starting branching with general disjunction
Current branching Node number: 110
Relpscost reduced domain, skip general disjunction branching
_____________________________________
Now starting branching with general disjunction
Current branching Node number: 110
LP objective value: -42.0262
Node lower bound: -41.9236
Node upper bound: -40
gap to the primal bound: 0.075
Preck submodel is infeasible, continue branching
Time limit exceeded (1123.07s), stopping submodel solve loop
General disjunction: Only Left constraint added:
_____________________________________
Now starting branching with general disjunction
Current branching Node number: 110
LP objective value: -41.7259
Node lower bound: -41.7259
Node upper bound: -40
gap to the primal bound: 0.075
Preck submodel is infeasible, continue branching
Time limit exceeded (1007.88s), stopping submodel solve loop
General disjunction: Only Right constraint added:
_____________________________________
Now starting branching with general disjunction
Current branching Node number: 110
LP objective value: -41
Node lower bound: -41
Node upper bound: -40
gap to the primal bound: 0.075
Preck submodel is infeasible, continue branching
General disjunction: No feasible solution found, use SCIP default branching rule
_____________________________________
Now starting branching with general disjunction
Current branching Node number: 113
LP objective value: -41
Node lower bound: -41
Node upper bound: -40
gap to the primal bound: 0.075
Preck submodel is infeasible, continue branching
General disjunction: No feasible solution found, use SCIP default branching rule
_____________________________________
Now starting branching with general disjunction
Current branching Node number: 114
LP objective value: -41
Node lower bound: -41
Node upper bound: -40
gap to the primal bound: 0.075
Preck submodel is infeasible, continue branching
General disjunction: No feasible solution found, use SCIP default branching rule
_____________________________________
Now starting branching with general disjunction
Current branching Node number: 116
LP objective value: -41
Node lower bound: -41
Node upper bound: -40
gap to the primal bound: 0.075
Preck submodel is infeasible, continue branching
General disjunction: Infeasible disjunction
_____________________________________
Now starting branching with general disjunction
Current branching Node number: 111
Relpscost reduced domain, skip general disjunction branching
_____________________________________
Now starting branching with general disjunction
Current branching Node number: 111
LP objective value: -42.1242
Node lower bound: -41.9636
Node upper bound: -40
gap to the primal bound: 0.075
Preck submodel is infeasible, continue branching
Time limit exceeded (1172.27s), stopping submodel solve loop
General disjunction: Both Children are added
_____________________________________
Now starting branching with general disjunction
Current branching Node number: 118
LP objective value: -41.1606
Node lower bound: -41.1606
Node upper bound: -40
gap to the primal bound: 0.075
Preck submodel is infeasible, continue branching
General disjunction: Only Right constraint added:
_____________________________________
Now starting branching with general disjunction
Current branching Node number: 119
LP objective value: -41.7734
Node lower bound: -41.7734
Node upper bound: -40
gap to the primal bound: 0.075
Preck submodel is infeasible, continue branching
General disjunction: Only Right constraint added:
_____________________________________
Now starting branching with general disjunction
Current branching Node number: 119
LP objective value: -41
Node lower bound: -41
Node upper bound: -40
gap to the primal bound: 0.075
Preck submodel is infeasible, continue branching
General disjunction: No feasible solution found, use SCIP default branching rule
_____________________________________
Now starting branching with general disjunction
Current branching Node number: 121
LP objective value: -41
Node lower bound: -41
Node upper bound: -40
gap to the primal bound: 0.075
Preck submodel is infeasible, continue branching
General disjunction: Infeasible disjunction
_____________________________________
Now starting branching with general disjunction
Current branching Node number: 53
LP objective value: -45.2711
Node lower bound: -43
Node upper bound: -40
gap to the primal bound: 0.075
Preck submodel is infeasible, continue branching
General disjunction: No feasible solution found, use SCIP default branching rule
_____________________________________
Now starting branching with general disjunction
Current branching Node number: 122
LP objective value: -41.7273
Node lower bound: -41.7273
Node upper bound: -40
gap to the primal bound: 0.075
Preck submodel is infeasible, continue branching
General disjunction: Only Right constraint added:
_____________________________________
Now starting branching with general disjunction
Current branching Node number: 122
LP objective value: -41
Node lower bound: -41
Node upper bound: -40
gap to the primal bound: 0.075
Preck submodel is infeasible, continue branching
General disjunction: No feasible solution found, use SCIP default branching rule
_____________________________________
Now starting branching with general disjunction
Current branching Node number: 124
LP objective value: -41
Node lower bound: -41
Node upper bound: -40
gap to the primal bound: 0.075
Preck submodel is infeasible, continue branching
General disjunction: Infeasible disjunction
_____________________________________
Now starting branching with general disjunction
Current branching Node number: 123
LP objective value: -45.2586
Node lower bound: -43
Node upper bound: -40
gap to the primal bound: 0.075
Preck submodel is infeasible, continue branching
General disjunction: No feasible solution found, use SCIP default branching rule
_____________________________________
Now starting branching with general disjunction
Current branching Node number: 127
LP objective value: -44.9857
Node lower bound: -43
Node upper bound: -40
gap to the primal bound: 0.075
Preck submodel is infeasible, continue branching
General disjunction: No feasible solution found, use SCIP default branching rule
_____________________________________
Now starting branching with general disjunction
Current branching Node number: 129
LP objective value: -44.4545
Node lower bound: -43
Node upper bound: -40
gap to the primal bound: 0.075
Preck submodel is infeasible, continue branching
General disjunction: No feasible solution found, use SCIP default branching rule
_____________________________________
Now starting branching with general disjunction
Current branching Node number: 130
LP objective value: -44.4544
Node lower bound: -43
Node upper bound: -40
gap to the primal bound: 0.075
Preck submodel is infeasible, continue branching
General disjunction: No feasible solution found, use SCIP default branching rule
_____________________________________
Now starting branching with general disjunction
Current branching Node number: 133
LP objective value: -44.4544
Node lower bound: -43
Node upper bound: -40
gap to the primal bound: 0.075
Preck submodel is infeasible, continue branching
General disjunction: No feasible solution found, use SCIP default branching rule
_____________________________________
Now starting branching with general disjunction
Current branching Node number: 134
LP objective value: -44.3553
Node lower bound: -43
Node upper bound: -40
gap to the primal bound: 0.075
Preck submodel is infeasible, continue branching
General disjunction: No feasible solution found, use SCIP default branching rule
_____________________________________
Now starting branching with general disjunction
Current branching Node number: 137
LP objective value: -44.1714
Node lower bound: -43
Node upper bound: -40
gap to the primal bound: 0.075
Preck submodel is infeasible, continue branching
General disjunction: No feasible solution found, use SCIP default branching rule
_____________________________________
Now starting branching with general disjunction
Current branching Node number: 138
LP objective value: -44.0968
Node lower bound: -43
Node upper bound: -40
gap to the primal bound: 0.075
Preck submodel is infeasible, continue branching
General disjunction: No feasible solution found, use SCIP default branching rule
_____________________________________
Now starting branching with general disjunction
Current branching Node number: 132
LP objective value: -44.4167
Node lower bound: -43
Node upper bound: -40
gap to the primal bound: 0.075
Preck submodel is infeasible, continue branching
General disjunction: No feasible solution found, use SCIP default branching rule
_____________________________________
Now starting branching with general disjunction
Current branching Node number: 142
LP objective value: -44.3226
Node lower bound: -43
Node upper bound: -40
gap to the primal bound: 0.075
Preck submodel is infeasible, continue branching
General disjunction: No feasible solution found, use SCIP default branching rule
_____________________________________
Now starting branching with general disjunction
Current branching Node number: 145
LP objective value: -44.125
Node lower bound: -43
Node upper bound: -40
gap to the primal bound: 0.075
Preck submodel is infeasible, continue branching
General disjunction: No feasible solution found, use SCIP default branching rule
_____________________________________
Now starting branching with general disjunction
Current branching Node number: 146
LP objective value: -44.0968
Node lower bound: -43
Node upper bound: -40
gap to the primal bound: 0.075
Preck submodel is infeasible, continue branching
General disjunction: No feasible solution found, use SCIP default branching rule
_____________________________________
Now starting branching with general disjunction
Current branching Node number: 148
LP objective value: -44
Node lower bound: -43
Node upper bound: -40
gap to the primal bound: 0.075
Preck submodel is infeasible, continue branching
General disjunction: No feasible solution found, use SCIP default branching rule
_____________________________________
Now starting branching with general disjunction
Current branching Node number: 151
LP objective value: -44
Node lower bound: -43
Node upper bound: -40
gap to the primal bound: 0.075
Preck submodel is infeasible, continue branching
General disjunction: No feasible solution found, use SCIP default branching rule
  818m|   100 |    53 |  3701 |  31.2 |  6685k |  23 | 120 | 191 | 249 | 386 |  1 |  58 | 224 |-4.300000e+01 |-4.000000e+01 |   7.50%|  63.37%
_____________________________________
Now starting branching with general disjunction
Current branching Node number: 153
LP objective value: -43
Node lower bound: -43
Node upper bound: -40
gap to the primal bound: 0.075
Preck submodel is infeasible, continue branching
Time limit exceeded (1011.06s), stopping submodel solve loop
General disjunction: Both Children are added
_____________________________________
Now starting branching with general disjunction
Current branching Node number: 154
Relpscost reduced domain, skip general disjunction branching
_____________________________________
Now starting branching with general disjunction
Current branching Node number: 155
Relpscost reduced domain, skip general disjunction branching
_____________________________________
Now starting branching with general disjunction
Current branching Node number: 155
Relpscost reduced domain, skip general disjunction branching
_____________________________________
Now starting branching with general disjunction
Current branching Node number: 155
LP objective value: -41.6894
Node lower bound: -41.6894
Node upper bound: -40
gap to the primal bound: 0.075
Preck submodel is infeasible, continue branching
General disjunction: Only Left constraint added:
_____________________________________
Now starting branching with general disjunction
Current branching Node number: 155
LP objective value: -41
Node lower bound: -41
Node upper bound: -40
gap to the primal bound: 0.075
Preck submodel is infeasible, continue branching
General disjunction: Infeasible disjunction
_____________________________________
Now starting branching with general disjunction
Current branching Node number: 152
LP objective value: -43
Node lower bound: -43
Node upper bound: -40
gap to the primal bound: 0.075
Preck submodel is infeasible, continue branching
General disjunction: Both Children are added
_____________________________________
Now starting branching with general disjunction
Current branching Node number: 156
Relpscost reduced domain, skip general disjunction branching
_____________________________________
Now starting branching with general disjunction
Current branching Node number: 157
Relpscost reduced domain, skip general disjunction branching
_____________________________________
Now starting branching with general disjunction
Current branching Node number: 157
LP objective value: -41.9848
Node lower bound: -41.9392
Node upper bound: -40
gap to the primal bound: 0.075
Preck submodel is infeasible, continue branching
Time limit exceeded (1004.54s), stopping submodel solve loop
General disjunction: No feasible solution found, use SCIP default branching rule
_____________________________________
Now starting branching with general disjunction
Current branching Node number: 158
LP objective value: -41.6894
Node lower bound: -41.6894
Node upper bound: -40
gap to the primal bound: 0.075
Preck submodel is infeasible, continue branching
General disjunction: Only Left constraint added:
_____________________________________
Now starting branching with general disjunction
Current branching Node number: 158
LP objective value: -41
Node lower bound: -41
Node upper bound: -40
gap to the primal bound: 0.075
Preck submodel is infeasible, continue branching
General disjunction: Infeasible disjunction
_____________________________________
Now starting branching with general disjunction
Current branching Node number: 136
LP objective value: -44
Node lower bound: -43
Node upper bound: -40
gap to the primal bound: 0.075
Preck submodel is infeasible, continue branching
General disjunction: No feasible solution found, use SCIP default branching rule
_____________________________________
Now starting branching with general disjunction
Current branching Node number: 161
LP objective value: -44
Node lower bound: -43
Node upper bound: -40
gap to the primal bound: 0.075
Preck submodel is infeasible, continue branching
General disjunction: No feasible solution found, use SCIP default branching rule
_____________________________________
Now starting branching with general disjunction
Current branching Node number: 162
LP objective value: -44
Node lower bound: -43
Node upper bound: -40
gap to the primal bound: 0.075
Preck submodel is infeasible, continue branching
General disjunction: No feasible solution found, use SCIP default branching rule
_____________________________________
Now starting branching with general disjunction
Current branching Node number: 165
LP objective value: -44
Node lower bound: -43
Node upper bound: -40
gap to the primal bound: 0.075
Preck submodel is infeasible, continue branching
General disjunction: No feasible solution found, use SCIP default branching rule
_____________________________________
Now starting branching with general disjunction
Current branching Node number: 167
LP objective value: -43
Node lower bound: -43
Node upper bound: -40
gap to the primal bound: 0.075
Preck submodel is infeasible, continue branching
Time limit exceeded (1010.69s), stopping submodel solve loop
General disjunction: Both Children are added
_____________________________________
Now starting branching with general disjunction
Current branching Node number: 163
LP objective value: -44
Node lower bound: -43
Node upper bound: -40
gap to the primal bound: 0.075
Preck submodel is infeasible, continue branching
General disjunction: No feasible solution found, use SCIP default branching rule
_____________________________________
Now starting branching with general disjunction
Current branching Node number: 171
LP objective value: -44
Node lower bound: -43
Node upper bound: -40
gap to the primal bound: 0.075
Preck submodel is infeasible, continue branching
General disjunction: No feasible solution found, use SCIP default branching rule
_____________________________________
Now starting branching with general disjunction
Current branching Node number: 173
LP objective value: -43
Node lower bound: -43
Node upper bound: -40
gap to the primal bound: 0.075
Preck submodel is infeasible, continue branching
General disjunction: Both Children are added
_____________________________________
Now starting branching with general disjunction
Current branching Node number: 174
Relpscost reduced domain, skip general disjunction branching
_____________________________________
Now starting branching with general disjunction
Current branching Node number: 174
LP objective value: -41.6894
Node lower bound: -41.6894
Node upper bound: -40
gap to the primal bound: 0.075
Preck submodel is infeasible, continue branching
Time limit exceeded (1172.88s), stopping submodel solve loop
General disjunction: Only Left constraint added:
_____________________________________
Now starting branching with general disjunction
Current branching Node number: 174
LP objective value: -41
Node lower bound: -41
Node upper bound: -40
gap to the primal bound: 0.075
Preck submodel is infeasible, continue branching
General disjunction: Infeasible disjunction
_____________________________________
Now starting branching with general disjunction
Current branching Node number: 175
Relpscost reduced domain, skip general disjunction branching
_____________________________________
Now starting branching with general disjunction
Current branching Node number: 175
Relpscost reduced domain, skip general disjunction branching
_____________________________________
Now starting branching with general disjunction
Current branching Node number: 24
LP objective value: -46
Node lower bound: -43
Node upper bound: -40
gap to the primal bound: 0.075
Preck submodel is infeasible, continue branching
General disjunction: No feasible solution found, use SCIP default branching rule
_____________________________________
Now starting branching with general disjunction
Current branching Node number: 176
LP objective value: -46
Node lower bound: -43
Node upper bound: -40
gap to the primal bound: 0.075
Preck submodel is infeasible, continue branching
General disjunction: No feasible solution found, use SCIP default branching rule
_____________________________________
Now starting branching with general disjunction
Current branching Node number: 179
Relpscost reduced domain, skip general disjunction branching
_____________________________________
Now starting branching with general disjunction
Current branching Node number: 179
LP objective value: -45.9936
Node lower bound: -43
Node upper bound: -40
gap to the primal bound: 0.075
Preck submodel is infeasible, continue branching
General disjunction: No feasible solution found, use SCIP default branching rule
_____________________________________
Now starting branching with general disjunction
Current branching Node number: 172
LP objective value: -43
Node lower bound: -43
Node upper bound: -40
gap to the primal bound: 0.075
Preck submodel is infeasible, continue branching
Time limit exceeded (1615.99s), stopping submodel solve loop
General disjunction: Both Children are added
_____________________________________
Now starting branching with general disjunction
Current branching Node number: 182
Relpscost reduced domain, skip general disjunction branching
_____________________________________
Now starting branching with general disjunction
Current branching Node number: 182
LP objective value: -41.6894
Node lower bound: -41.6894
Node upper bound: -40
gap to the primal bound: 0.075
Preck submodel is infeasible, continue branching
Time limit exceeded (1017.76s), stopping submodel solve loop
General disjunction: Only Right constraint added:
_____________________________________
Now starting branching with general disjunction
Current branching Node number: 182
LP objective value: -41
Node lower bound: -41
Node upper bound: -40
gap to the primal bound: 0.075
Preck submodel is infeasible, continue branching
General disjunction: No feasible solution found, use SCIP default branching rule
_____________________________________
Now starting branching with general disjunction
Current branching Node number: 185
LP objective value: -41
Node lower bound: -41
Node upper bound: -40
gap to the primal bound: 0.075
Preck submodel is infeasible, continue branching
Time limit exceeded (1002.65s), stopping submodel solve loop
General disjunction: No feasible solution found, use SCIP default branching rule
_____________________________________
Now starting branching with general disjunction
Current branching Node number: 164
LP objective value: -44
Node lower bound: -43
Node upper bound: -40
gap to the primal bound: 0.075
Preck submodel is infeasible, continue branching
General disjunction: No feasible solution found, use SCIP default branching rule
_____________________________________
Now starting branching with general disjunction
Current branching Node number: 189
LP objective value: -44
Node lower bound: -43
Node upper bound: -40
gap to the primal bound: 0.075
Preck submodel is infeasible, continue branching
General disjunction: No feasible solution found, use SCIP default branching rule
_____________________________________
Now starting branching with general disjunction
Current branching Node number: 191
LP objective value: -44
Node lower bound: -43
Node upper bound: -40
gap to the primal bound: 0.075
Preck submodel is infeasible, continue branching
General disjunction: No feasible solution found, use SCIP default branching rule
_____________________________________
Now starting branching with general disjunction
Current branching Node number: 193
LP objective value: -42.5774
Node lower bound: -42.5774
Node upper bound: -40
gap to the primal bound: 0.075
Preck submodel is infeasible, continue branching
General disjunction: Only Right constraint added:
_____________________________________
Now starting branching with general disjunction
Current branching Node number: 193
LP objective value: -42
Node lower bound: -42
Node upper bound: -40
gap to the primal bound: 0.075
Preck submodel is infeasible, continue branching
General disjunction: No feasible solution found, use SCIP default branching rule
_____________________________________
Now starting branching with general disjunction
Current branching Node number: 195
LP objective value: -42
Node lower bound: -42
Node upper bound: -40
gap to the primal bound: 0.075
Preck submodel is infeasible, continue branching
General disjunction: No feasible solution found, use SCIP default branching rule
_____________________________________
Now starting branching with general disjunction
Current branching Node number: 190
LP objective value: -42.6054
Node lower bound: -42.6054
Node upper bound: -40
gap to the primal bound: 0.075
Preck submodel is infeasible, continue branching
General disjunction: Only Left constraint added:
_____________________________________
Now starting branching with general disjunction
Current branching Node number: 190
LP objective value: -42
Node lower bound: -42
Node upper bound: -40
gap to the primal bound: 0.075
Preck submodel is infeasible, continue branching
General disjunction: No feasible solution found, use SCIP default branching rule
_____________________________________
Now starting branching with general disjunction
Current branching Node number: 199
LP objective value: -42
Node lower bound: -42
Node upper bound: -40
gap to the primal bound: 0.075
Preck submodel is infeasible, continue branching
General disjunction: No feasible solution found, use SCIP default branching rule
_____________________________________
Now starting branching with general disjunction
Current branching Node number: 170
LP objective value: -44
Node lower bound: -43
Node upper bound: -40
gap to the primal bound: 0.075
Preck submodel is infeasible, continue branching
General disjunction: No feasible solution found, use SCIP default branching rule
_____________________________________
Now starting branching with general disjunction
Current branching Node number: 203
LP objective value: -44
Node lower bound: -43
Node upper bound: -40
gap to the primal bound: 0.075
Preck submodel is infeasible, continue branching
General disjunction: No feasible solution found, use SCIP default branching rule
_____________________________________
Now starting branching with general disjunction
Current branching Node number: 205
LP objective value: -44
Node lower bound: -43
Node upper bound: -40
gap to the primal bound: 0.075
Preck submodel is infeasible, continue branching
General disjunction: No feasible solution found, use SCIP default branching rule
_____________________________________
Now starting branching with general disjunction
Current branching Node number: 207
Relpscost reduced domain, skip general disjunction branching
_____________________________________
Now starting branching with general disjunction
Current branching Node number: 207
LP objective value: -42.5774
Node lower bound: -42.5774
Node upper bound: -40
gap to the primal bound: 0.075
Preck submodel is infeasible, continue branching
General disjunction: Only Left constraint added:
_____________________________________
Now starting branching with general disjunction
Current branching Node number: 207
LP objective value: -42
Node lower bound: -42
Node upper bound: -40
gap to the primal bound: 0.075
Preck submodel is infeasible, continue branching
Time limit exceeded (1147.49s), stopping submodel solve loop
General disjunction: No feasible solution found, use SCIP default branching rule
_____________________________________
Now starting branching with general disjunction
Current branching Node number: 208
Relpscost reduced domain, skip general disjunction branching
_____________________________________
Now starting branching with general disjunction
Current branching Node number: 209
LP objective value: -42
Node lower bound: -42
Node upper bound: -40
gap to the primal bound: 0.075
Preck submodel is infeasible, continue branching
Time limit exceeded (1016.82s), stopping submodel solve loop
General disjunction: No feasible solution found, use SCIP default branching rule
_____________________________________
Now starting branching with general disjunction
Current branching Node number: 211
LP objective value: -42
Node lower bound: -42
Node upper bound: -40
gap to the primal bound: 0.075
Preck submodel is infeasible, continue branching
Time limit exceeded (1024.12s), stopping submodel solve loop
General disjunction: No feasible solution found, use SCIP default branching rule
_____________________________________
Now starting branching with general disjunction
Current branching Node number: 206
LP objective value: -42.6054
Node lower bound: -42.6054
Node upper bound: -40
gap to the primal bound: 0.075
Preck submodel is infeasible, continue branching
General disjunction: Only Left constraint added:
_____________________________________
Now starting branching with general disjunction
Current branching Node number: 206
LP objective value: -42
Node lower bound: -42
Node upper bound: -40
gap to the primal bound: 0.075
Preck submodel is infeasible, continue branching
General disjunction: No feasible solution found, use SCIP default branching rule
_____________________________________
Now starting branching with general disjunction
Current branching Node number: 215
LP objective value: -42
Node lower bound: -42
Node upper bound: -40
gap to the primal bound: 0.075
Preck submodel is infeasible, continue branching
Time limit exceeded (1055.43s), stopping submodel solve loop
General disjunction: No feasible solution found, use SCIP default branching rule
_____________________________________
Now starting branching with general disjunction
Current branching Node number: 204
LP objective value: -42.6054
Node lower bound: -42.6054
Node upper bound: -40
gap to the primal bound: 0.075
Preck submodel is infeasible, continue branching
General disjunction: Only Left constraint added:
_____________________________________
Now starting branching with general disjunction
Current branching Node number: 204
LP objective value: -42
Node lower bound: -42
Node upper bound: -40
gap to the primal bound: 0.075
Preck submodel is infeasible, continue branching
General disjunction: No feasible solution found, use SCIP default branching rule
_____________________________________
Now starting branching with general disjunction
Current branching Node number: 219
LP objective value: -42
Node lower bound: -42
Node upper bound: -40
gap to the primal bound: 0.075
Preck submodel is infeasible, continue branching
General disjunction: No feasible solution found, use SCIP default branching rule
_____________________________________
Now starting branching with general disjunction
Current branching Node number: 221
LP objective value: -42
Node lower bound: -42
Node upper bound: -40
gap to the primal bound: 0.075
Preck submodel is infeasible, continue branching
General disjunction: Infeasible disjunction
_____________________________________
Now starting branching with general disjunction
Current branching Node number: 192
LP objective value: -42.6054
Node lower bound: -42.6054
Node upper bound: -40
gap to the primal bound: 0.075
Preck submodel is infeasible, continue branching
Time limit exceeded (1062.93s), stopping submodel solve loop
General disjunction: Only Right constraint added:
_____________________________________
Now starting branching with general disjunction
Current branching Node number: 192
LP objective value: -42
Node lower bound: -42
Node upper bound: -40
gap to the primal bound: 0.075
Preck submodel is infeasible, continue branching
Time limit exceeded (1017.05s), stopping submodel solve loop
General disjunction: No feasible solution found, use SCIP default branching rule
_____________________________________
Now starting branching with general disjunction
Current branching Node number: 223
LP objective value: -42
Node lower bound: -42
Node upper bound: -40
gap to the primal bound: 0.075
Preck submodel is infeasible, continue branching
General disjunction: No feasible solution found, use SCIP default branching rule
_____________________________________
Now starting branching with general disjunction
Current branching Node number: 144
LP objective value: -44
Node lower bound: -43
Node upper bound: -40
gap to the primal bound: 0.075
Preck submodel is infeasible, continue branching
General disjunction: No feasible solution found, use SCIP default branching rule
_____________________________________
Now starting branching with general disjunction
Current branching Node number: 226
LP objective value: -44
Node lower bound: -43
Node upper bound: -40
gap to the primal bound: 0.075
Preck submodel is infeasible, continue branching
General disjunction: No feasible solution found, use SCIP default branching rule
_____________________________________
Now starting branching with general disjunction
Current branching Node number: 229
LP objective value: -42.5774
Node lower bound: -42.5774
Node upper bound: -40
gap to the primal bound: 0.075
Preck submodel is infeasible, continue branching
General disjunction: Only Right constraint added:
_____________________________________
Now starting branching with general disjunction
Current branching Node number: 229
LP objective value: -42
Node lower bound: -42
Node upper bound: -40
gap to the primal bound: 0.075
Preck submodel is infeasible, continue branching
Time limit exceeded (1007.09s), stopping submodel solve loop
General disjunction: No feasible solution found, use SCIP default branching rule
_____________________________________
Now starting branching with general disjunction
Current branching Node number: 227
LP objective value: -42.5774
Node lower bound: -42.5774
Node upper bound: -40
gap to the primal bound: 0.075
Preck submodel is infeasible, continue branching
Error in probing left side: 6
Error in probing right side: 6
LP was not resolved to a sufficient status after probing
Error in probing left side: 6
Error in probing right side: 6
LP was not resolved to a sufficient status after probing
Error in probing left side: 6
Error in probing right side: 6
LP was not resolved to a sufficient status after probing
Error in probing left side: 6
Error in probing right side: 6
LP was not resolved to a sufficient status after probing
Error in probing left side: 6
Error in probing right side: 6
LP was not resolved to a sufficient status after probing
Error in probing left side: 6
Error in probing right side: 6
LP was not resolved to a sufficient status after probing
Error in probing left side: 6
Error in probing right side: 6
LP was not resolved to a sufficient status after probing
Error in probing left side: 6
Error in probing right side: 6
LP was not resolved to a sufficient status after probing
Error in probing left side: 6
Error in probing right side: 6
LP was not resolved to a sufficient status after probing
Error in probing left side: 6
Error in probing right side: 6
LP was not resolved to a sufficient status after probing
General disjunction: Infeasible disjunction

SCIP Status        : solving was interrupted [time limit reached]
Solving Time (sec) : 86592.43
Solving Nodes      : 158
Primal Bound       : -4.00000000000000e+01 (19 solutions)
Dual Bound         : -4.30000000000000e+01
Gap                : 7.50 %

primal solution:
================

objective value:                                  -40
x5                                                  1 	(obj:0)
x8                                                  1 	(obj:0)
x23                                                 1 	(obj:0)
x29                                                 1 	(obj:0)
x31                                                 1 	(obj:0)
x32                                                 1 	(obj:0)
x39                                                 1 	(obj:0)
x41                                                 1 	(obj:0)
x42                                                 1 	(obj:0)
x46                                                 1 	(obj:0)
x47                                                 1 	(obj:0)
x50                                                 1 	(obj:0)
x51                                                 1 	(obj:0)
x75                                                 1 	(obj:0)
x53                                                 1 	(obj:0)
x55                                                 1 	(obj:0)
x57                                                 1 	(obj:0)
x93                                                 1 	(obj:0)
x91                                                 1 	(obj:0)
x69                                                 1 	(obj:0)
x87                                                 1 	(obj:0)
x94                                                 1 	(obj:-1)
x92                                                 1 	(obj:-1)
x88                                                 1 	(obj:-1)
x76                                                 1 	(obj:-1)
x70                                                 5 	(obj:-1)
x58                                                 8 	(obj:-1)
x56                                                 7 	(obj:-1)
x54                                                 8 	(obj:-1)
x52                                                 8 	(obj:-1)
x101                                        3.3335992 	(obj:0)
x102                                        3.3335992 	(obj:0)
x104                                        2.4900999 	(obj:0)
x113                                       15.2498007 	(obj:0)

Statistics
==========

SCIP Status        : solving was interrupted [time limit reached]
Total Time         :   86592.43
  solving          :   86592.43
  presolving       :       0.01 (included in solving)
  reading          :       0.00
  copying          :       0.01 (6 #copies) (minimal 0.00, maximal 0.00, average 0.00)
Original Problem   :
  Problem name     : noswot
  Variables        : 128 (75 binary, 25 integer, 0 implicit integer, 28 continuous)
  Constraints      : 182 initial, 182 maximal
  Objective        : minimize, 25 non-zeros (abs.min = 1, abs.max = 1)
Presolved Problem  :
  Problem name     : t_noswot
  Variables        : 120 (75 binary, 20 integer, 0 implicit integer, 25 continuous)
  Constraints      : 171 initial, 211 maximal
  Objective        : minimize, 25 non-zeros (abs.min = 1, abs.max = 1)
  Nonzeros         : 680 constraint, 4 clique table
Presolvers         :   ExecTime  SetupTime  Calls  FixedVars   AggrVars   ChgTypes  ChgBounds   AddHoles    DelCons    AddCons   ChgSides   ChgCoefs
  boundshift       :       0.00       0.00      0          0          0          0          0          0          0          0          0          0
  convertinttobin  :       0.00       0.00      0          0          0          0          0          0          0          0          0          0
  domcol           :       0.00       0.00      2          0          0          0          0          0          0          0          0          0
  dualagg          :       0.00       0.00      0          0          0          0          0          0          0          0          0          0
  dualcomp         :       0.00       0.00      2          0          0          0          0          0          0          0          0          0
  dualinfer        :       0.00       0.00      0          0          0          0          0          0          0          0          0          0
  dualsparsify     :       0.00       0.00      1          0          0          0          0          0          0          0          0          0
  gateextraction   :       0.00       0.00      0          0          0          0          0          0          0          0          0          0
  implics          :       0.00       0.00      4          0          0          0          0          0          0          0          0          0
  inttobinary      :       0.00       0.00     10          0          0          0          0          0          0          0          0          0
  qpkktref         :       0.00       0.00      0          0          0          0          0          0          0          0          0          0
  redvub           :       0.00       0.00      0          0          0          0          0          0          0          0          0          0
  sparsify         :       0.00       0.00      1          0          0          0          0          0          0          0          0          0
  stuffing         :       0.00       0.00      0          0          0          0          0          0          0          0          0          0
  trivial          :       0.00       0.00     10          0          0          0          0          0          0          0          0          0
  tworowbnd        :       0.00       0.00      0          0          0          0          0          0          0          0          0          0
  dualfix          :       0.00       0.00     10          1          0          0          0          0          0          0          0          0
  genvbounds       :       0.00       0.00      0          0          0          0          0          0          0          0          0          0
  probing          :       0.00       0.00      2          0          0          0         20          0          0          0          0          0
  pseudoobj        :       0.00       0.00      0          0          0          0          0          0          0          0          0          0
  symmetry         :       0.00       0.00      1          0          0          0          0          0          0          0          0          0
  vbounds          :       0.00       0.00      1          0          0          0          0          0          0          0          0          0
  varbound         :       0.00       0.00      5          0          0          0          0          0          0          0          0          0
  setppc           :       0.00       0.00      7          0          0          0          0          0          0          0          0          0
  linear           :       0.00       0.00     14          0          7          0        137          0         11          0         10         74
  logicor          :       0.00       0.00      0          0          0          0          0          0          0          0          0          0
  bounddisjunction :       0.00       0.00      0          0          0          0          0          0          0          0          0          0
  benders          :       0.00       0.00      0          0          0          0          0          0          0          0          0          0
  components       :       0.00       0.00      1          0          0          0          0          0          0          0          0          0
  root node        :          -          -      -          5          -          -          8          -          -          -          -          -
Constraints        :     Number  MaxNumber  #Separate #Propagate    #EnfoLP    #EnfoRelax  #EnfoPS    #Check   #ResProp    Cutoffs    DomReds       Cuts    Applied      Conss   Children
  benderslp        :          0          0          0          0        177          0          0         45          0          0          0          0          0          0          0
  integral         :          0          0          0          0        177          0          0         45          0          8         78          0          0         75        230
  varbound         :         45         45         20       3563          0          0          0         40         83          0        167          0          0          0          0
  setppc           :          1          1         20       2123          0          0          0         33          3          0         14          0          0          0          0
  linear           :        125+       150         20       3662          1          0          0         35        179         85       1297          0          0          0          0
  logicor          :          0+         4          0         70          0          0          0          0          0          0          0          0          0          0          0
  bounddisjunction :          0+        40          0        501          0          0          0          0          0          0         19          0          0          0          0
  benders          :          0          0          0          0          1          0          0         19          0          0          0          0          0          0          0
  fixedvar         :          0          0          0          0          1          0          0         19          0          0          0          0          0          0          0
  countsols        :          0          0          0          0          1          0          0         19          0          0          0          0          0          0          0
  components       :          0          0          0          0          0          0          0          0          0          0          0          0          0          0          0
Constraint Timings :  TotalTime  SetupTime   Separate  Propagate     EnfoLP     EnfoPS     EnfoRelax   Check    ResProp    SB-Prop
  benderslp        :       0.00       0.00       0.00       0.00       0.00       0.00       0.00       0.00       0.00       0.00
  integral         :   86591.99       0.00       0.00       0.00   86591.99       0.00       0.00       0.00       0.00       0.00
  varbound         :       0.00       0.00       0.00       0.00       0.00       0.00       0.00       0.00       0.00       0.00
  setppc           :       0.00       0.00       0.00       0.00       0.00       0.00       0.00       0.00       0.00       0.00
  linear           :       0.02       0.00       0.00       0.01       0.00       0.00       0.00       0.00       0.00       0.00
  logicor          :       0.00       0.00       0.00       0.00       0.00       0.00       0.00       0.00       0.00       0.00
  bounddisjunction :       0.00       0.00       0.00       0.00       0.00       0.00       0.00       0.00       0.00       0.00
  benders          :       0.00       0.00       0.00       0.00       0.00       0.00       0.00       0.00       0.00       0.00
  fixedvar         :       0.00       0.00       0.00       0.00       0.00       0.00       0.00       0.00       0.00       0.00
  countsols        :       0.00       0.00       0.00       0.00       0.00       0.00       0.00       0.00       0.00       0.00
  components       :       0.00       0.00       0.00       0.00       0.00       0.00       0.00       0.00       0.00       0.00
Propagators        : #Propagate   #ResProp    Cutoffs    DomReds
  dualfix          :          3          0          0          0
  genvbounds       :          0          0          0          0
  nlobbt           :          0          0          0          0
  obbt             :          0          0          0          0
  probing          :          0          0          0          0
  pseudoobj        :        908          0          0          8
  redcost          :        519          0          0        109
  rootredcost      :          5          0          0          0
  symmetry         :        663          0          4         44
  vbounds          :       1463          0          0          0
Propagator Timings :  TotalTime  SetupTime   Presolve  Propagate    ResProp    SB-Prop
  dualfix          :       0.00       0.00       0.00       0.00       0.00       0.00
  genvbounds       :       0.00       0.00       0.00       0.00       0.00       0.00
  nlobbt           :       0.00       0.00       0.00       0.00       0.00       0.00
  obbt             :       0.00       0.00       0.00       0.00       0.00       0.00
  probing          :       0.00       0.00       0.00       0.00       0.00       0.00
  pseudoobj        :       0.00       0.00       0.00       0.00       0.00       0.00
  redcost          :       0.00       0.00       0.00       0.00       0.00       0.00
  rootredcost      :       0.00       0.00       0.00       0.00       0.00       0.00
  symmetry         :       0.00       0.00       0.00       0.00       0.00       0.00
  vbounds          :       0.00       0.00       0.00       0.00       0.00       0.00
Symmetry           :
  orbitopal red.   :         44 reductions applied,          4 cutoffs
  orbital reduction:          0 reductions applied,          0 cutoffs
  lexicographic red:          0 reductions applied,          0 cutoffs
  shadow tree time :       0.00 s
Conflict Analysis  :       Time      Calls    Success    DomReds  Conflicts   Literals    Reconvs ReconvLits   Dualrays   Nonzeros   LP Iters   (pool size: [10000,10000])
  propagation      :       0.00          2          1          -          1        8.0          0        0.0          -          -          -
  infeasible LP    :       0.00        128          1          -          0        0.0          0        0.0          1        6.0          0
  bound exceed. LP :       0.01        158         51          -         63       13.0         18        3.1         45       13.4        236
  strong branching :       0.00          0          0          -          0        0.0          0        0.0          -          -          0
  pseudo solution  :       0.00          1          1          -          5       20.6          2        3.0          -          -          -
  applied globally :       0.00          -          -          0         51        7.4          -          -         16          -          -
  applied locally  :          -          -          -          0          6       15.2          -          -         30          -          -
Separators         :   ExecTime  SetupTime      Calls  RootCalls    Cutoffs    DomReds  FoundCuts ViaPoolAdd  DirectAdd    Applied ViaPoolApp  DirectApp      Conss
  cut pool         :       0.00          -         83         40          -          -       1209       2482          -          -          -          -          -    (maximal pool size:       1207)
  aggregation      :       0.14       0.00         35         20          0          0        860       1493        195        285        260         25          0
  > cmir           :          -          -          -          -          -          -          -       1349        155        223        208         15          -
  > flowcover      :          -          -          -          -          -          -          -        111         31         47         40          7          -
  > knapsackcover  :          -          -          -          -          -          -          -         33          9         15         12          3          -
  cgmip            :       0.00       0.00          0          0          0          0          0          0          0          0          0          0          0
  clique           :       0.00       0.00         20         20          0          0          0          0          0          0          0          0          0
  closecuts        :       0.00       0.00          0          0          0          0          0          0          0          0          0          0          0
  convexproj       :       0.00       0.00          0          0          0          0          0          0          0          0          0          0          0
  disjunctive      :       0.00       0.00          0          0          0          0          0          0          0          0          0          0          0
  eccuts           :       0.00       0.00          0          0          0          0          0          0          0          0          0          0          0
  gauge            :       0.00       0.00          0          0          0          0          0          0          0          0          0          0          0
  gomory           :       0.01       0.00         21         10          0          0        875        946        363         84         56         28          0
  > gomorymi       :          -          -          -          -          -          -          -        815        302         70         50         20          -
  > strongcg       :          -          -          -          -          -          -          -        131         61         14          6          8          -
  impliedbounds    :       0.00       0.00         35         20          0          0         14         19          0          2          2          0          0
  interminor       :       0.00       0.00          0          0          0          0          0          0          0          0          0          0          0
  intobj           :       0.00       0.00          0          0          0          0          0          0          0          0          0          0          0
  lagromory        :       0.00       0.00          0          0          0          0          0          0          0          0          0          0          0
  mcf              :       0.00       0.00          1          1          0          0          0          0          0          0          0          0          0
  minor            :       0.00       0.00          0          0          0          0          0          0          0          0          0          0          0
  mixing           :       0.00       0.00         35         20          0          0          1          1          0          0          0          0          0
  oddcycle         :       0.00       0.00          0          0          0          0          0          0          0          0          0          0          0
  rapidlearning    :       0.00       0.00          0          0          0          0          0          0          0          0          0          0          0
  rlt              :       0.00       0.00         10         10          0          0          0          0          0          0          0          0          0
  zerohalf         :       0.01       0.00         31         20          0          0         17         23          2         14         14          0          0
Cutselectors       :   ExecTime  SetupTime      Calls  RootCalls   Selected     Forced   Filtered  RootSelec   RootForc   RootFilt 
  hybrid           :       0.00       0.00         44         21        373         16       2669        224          0       1304
  ensemble         :       0.00       0.00          0          0          0          0          0          0          0          0
  dynamic          :       0.00       0.00          0          0          0          0          0          0          0          0
Pricers            :   ExecTime  SetupTime      Calls       Vars
  problem variables:       0.00          -          0          0
Branching Rules    :   ExecTime  SetupTime   BranchLP  BranchExt   BranchPS    Cutoffs    DomReds       Cuts      Conss   Children
  allfullstrong    :       0.00       0.00          0          0          0          0          0          0          0          0
  cloud            :       0.00       0.00          0          0          0          0          0          0          0          0
  distribution     :       0.00       0.00          0          0          0          0          0          0          0          0
  fullstrong       :       0.00       0.00          0          0          0          0          0          0          0          0
  general_disjuncti:   86591.98       0.00        176          0          0          8         78          0         75         20
  GeneralDisjunction(extra): subMILPs=2592 fairNodes of all MILPs=92140923 probingLPs=462
  gomory           :       0.00       0.00          0          0          0          0          0          0          0          0
  inference        :       0.00       0.00          0          0          0          0          0          0          0          0
  leastinf         :       0.00       0.00          0          0          0          0          0          0          0          0
  lookahead        :       0.00       0.00          0          0          0          0          0          0          0          0
  mostinf          :       0.00       0.00          0          0          0          0          0          0          0          0
  multaggr         :       0.00       0.00          0          0          0          0          0          0          0          0
  nodereopt        :       0.00       0.00          0          0          0          0          0          0          0          0
  pscost           :       0.00       0.00          0          0          0          0          0          0          0          0
  random           :       0.00       0.00          0          0          0          0          0          0          0          0
  relpscost        :       0.01       0.00        105          0          0          0          0          0          0        210
  vanillafullstrong:       0.00       0.00          0          0          0          0          0          0          0          0
Primal Heuristics  :   ExecTime  SetupTime      Calls      Found       Best
  LP solutions     :       0.00          -          -          1          1
  relax solutions  :       0.00          -          -          0          0
  pseudo solutions :       0.00          -          -          0          0
  strong branching :       0.00          -          -          0          0
  actconsdiving    :       0.00       0.00          0          0          0
  adaptivediving   :       0.01       0.00          3          1          1
  alns             :       0.03       0.00          4          0          0
  bound            :       0.00       0.00          0          0          0
  clique           :       0.00       0.00          1          0          0
  coefdiving       :       0.00       0.00          0          0          0
  completesol      :       0.00       0.00          0          0          0
  conflictdiving   :       0.01       0.00          2          1          1
  crossover        :       0.00       0.00          0          0          0
  dins             :       0.00       0.00          0          0          0
  distributiondivin:       0.00       0.00          1          0          0
  dps              :       0.00       0.00          0          0          0
  dualval          :       0.00       0.00          0          0          0
  farkasdiving     :       0.00       0.00          0          0          0
  feaspump         :       0.00       0.00          1          0          0
  fixandinfer      :       0.00       0.00          0          0          0
  fracdiving       :       0.00       0.00          2          1          1
  gins             :       0.00       0.00          0          0          0
  guideddiving     :       0.00       0.00          1          1          1
  indicator        :       0.00       0.00          0          0          0
  indicatordiving  :       0.00       0.00          0          0          0
  intdiving        :       0.00       0.00          0          0          0
  intshifting      :       0.00       0.00          1          0          0
  linesearchdiving :       0.00       0.00          2          0          0
  localbranching   :       0.00       0.00          0          0          0
  locks            :       0.00       0.00          1          1          1
  lpface           :       0.00       0.00          0          0          0
  mpec             :       0.00       0.00          0          0          0
  multistart       :       0.00       0.00          0          0          0
  mutation         :       0.00       0.00          0          0          0
  nlpdiving        :       0.00       0.00          0          0          0
  objpscostdiving  :       0.00       0.00          1          0          0
  octane           :       0.00       0.00          0          0          0
  ofins            :       0.00       0.00          0          0          0
  oneopt           :       0.00       0.00          6          1          1
  padm             :       0.00       0.00          0          0          0
  proximity        :       0.00       0.00          0          0          0
  pscostdiving     :       0.01       0.00          2          0          0
  randrounding     :       0.01       0.00         39          0          0
  rens             :       0.00       0.00          1          0          0
  reoptsols        :       0.00       0.00          0          0          0
  repair           :       0.00       0.00          0          0          0
  rins             :       0.00       0.00          0          0          0
  rootsoldiving    :       0.00       0.00          1          1          0
  rounding         :       0.00       0.00        172          0          0
  scheduler        :       0.00       0.00          0          0          0
  shiftandpropagate:       0.00       0.00          0          0          0
  shifting         :       0.01       0.00         57          8          0
  simplerounding   :       0.00       0.00          0          0          0
  subnlp           :       0.00       0.00          0          0          0
  trivial          :       0.00       0.00          2          0          0
  trivialnegation  :       0.00       0.00          0          0          0
  trustregion      :       0.00       0.00          0          0          0
  trysol           :       0.00       0.00          0          0          0
  twoopt           :       0.00       0.00          0          0          0
  undercover       :       0.00       0.00          0          0          0
  vbounds          :       0.01       0.00          1          3          3
  veclendiving     :       0.01       0.00          2          0          0
  zeroobj          :       0.00       0.00          0          0          0
  zirounding       :       0.00       0.00        114          0          0
  other solutions  :          -          -          -          0          -
LNS (Scheduler)    :      Calls  SetupTime  SolveTime SolveNodes       Sols       Best       Exp3    Exp3-IX  EpsGreedy        UCB TgtFixRate  Opt  Inf Node Stal  Sol  Usr Othr Actv
  rens             :          0       0.00       0.00          0          0          0    0.00000    0.12500   -1.00000    1.00000      0.900    0    0    0    0    0    0    0    1
  rins             :          0       0.00       0.00          0          0          0    0.00000    0.12500   -1.00000    1.00000      0.900    0    0    0    0    0    0    0    1
  mutation         :          0       0.00       0.00          0          0          0    0.00000    0.12500   -1.00000    1.00000      0.900    0    0    0    0    0    0    0    1
  localbranching   :          0       0.00       0.00          0          0          0    0.00000    0.12500   -1.00000    1.00000      0.900    0    0    0    0    0    0    0    1
  crossover        :          0       0.00       0.00          0          0          0    0.00000    0.12500   -1.00000    1.00000      0.900    0    0    0    0    0    0    0    1
  proximity        :          0       0.00       0.00          0          0          0    0.00000    0.12500   -1.00000    1.00000      0.900    0    0    0    0    0    0    0    1
  zeroobjective    :          0       0.00       0.00          0          0          0    0.00000    0.12500   -1.00000    1.00000      0.900    0    0    0    0    0    0    0    1
  dins             :          0       0.00       0.00          0          0          0    0.00000    0.12500   -1.00000    1.00000      0.900    0    0    0    0    0    0    0    1
  trustregion      :          0       0.00       0.00          0          0          0    0.00000    0.00000   -1.00000    1.00000      0.900    0    0    0    0    0    0    0    0
LP                 :       Time      Calls Iterations  Iter/call   Iter/sec  Time-0-It Calls-0-It    ItLimit
  primal LP        :       0.00         10          0       0.00          -       0.00         10
  dual LP          :       0.09        330       1989       8.43   23082.55       0.01         94
  lex dual LP      :       0.00          0          0       0.00          -
  barrier LP       :       0.00          0          0       0.00          -       0.00          0
  resolve instable :       0.00          0          0       0.00          -
  diving/probing LP:       0.15        460       2695       5.86   18576.60
  strong branching :       0.09        260       3326      12.79   35164.88          -          -          1
    (at root node) :          -         32       1330      41.56          -
  conflict analysis:       0.01         27        236       8.74          -
B&B Tree           :
  number of runs   :          1
  nodes            :        158 (115 internal, 43 leaves)
  feasible leaves  :          1
  infeas. leaves   :         34
  objective leaves :          8
  nodes (total)    :        158 (115 internal, 43 leaves)
  nodes left       :         73
  max depth        :         27
  max depth (total):         27
  backtracks       :         39 (24.7%)
  early backtracks :          0 (0.0%)
  nodes exc. ref.  :          0 (0.0%)
  delayed cutoffs  :          0
  repropagations   :          1 (0 domain reductions, 0 cutoffs)
  avg switch length:       2.88
  switching time   :       0.01
Root Node          :
  First LP value   : -5.02870876372053e+01
  First LP Iters   :         39 (20945.22 Iter/sec)
  First LP Time    :       0.00
  Final Dual Bound : -4.30000000000000e+01
  Final Root Iters :        614
  Root LP Estimate : -4.27878458046622e+01
Solution           :
  Solutions found  :         19 (10 improvements)
  First Solution   : -5.00000000000000e+00   (in run 1, after 1 nodes, 0.01 seconds, depth 70, found by <locks>)
  Gap First Sol.   :     760.00 %
  Gap Last Sol.    :       7.50 %
  Primal Bound     : -4.00000000000000e+01   (in run 1, after 61 nodes, 28557.65 seconds, depth 17, found by <relaxation>)
  Dual Bound       : -4.30000000000000e+01
  Gap              :       7.50 %
Integrals          :      Total       Avg%
  primal-dual      :  705647.03       8.15
  primal-ref       :          -          - (not evaluated)
  dual-ref         :          -          - (not evaluated)
