SCIP version 9.2.2 [precision: 8 byte] [memory: block] [mode: optimized] [LP solver: CPLEX 12.10.0.0] [GitHash: 416226a4f8]
Copyright (c) 2002-2025 Zuse Institute Berlin (ZIB)

reading parameter file </scratch/htc/yzhou/exp_scipmip/settings/allon_gendj.set>

read problem </scratch/htc/yzhou/exp_scipmip/instances/additional/opm2-z7-s8.mps>
============

original problem has 2023 variables (2023 bin, 0 int, 0 impl, 0 cont) and 31798 constraints
  31798 constraints of type <linear>
Reading Time: 0.10
solve problem
=============
LP Solver <CPLEX 12.10.0.0>: fastmip setting not available -- SCIP parameter has no effect
LP Solver <CPLEX 12.10.0.0>: clock type cannot be set
LP Solver <CPLEX 12.10.0.0>: row representation of the basis not available -- SCIP parameter lp/rowrepswitch has no effect
LP Solver <CPLEX 12.10.0.0>: solution polishing not available -- SCIP parameter lp/solutionpolishing has no effect
LP Solver <CPLEX 12.10.0.0>: refactorization interval not available -- SCIP parameter lp/refactorinterval has no effect
transformed problem has 2023 variables (2023 bin, 0 int, 0 impl, 0 cont) and 31798 constraints
  31798 constraints of type <linear>

original problem has 79756 active (0.123985%) nonzeros and 79756 (0.123985%) check nonzeros

feasible solution found by trivial heuristic after 0.1 seconds, objective value 0.000000e+00
presolving:
(round 1, fast)       128 del vars, 5008 del conss, 0 add conss, 0 chg bounds, 0 chg sides, 0 chg coeffs, 0 upgd conss, 0 impls, 26770 clqs
(round 2, fast)       131 del vars, 5227 del conss, 0 add conss, 0 chg bounds, 0 chg sides, 0 chg coeffs, 0 upgd conss, 0 impls, 26557 clqs
(round 3, exhaustive) 131 del vars, 5233 del conss, 0 add conss, 0 chg bounds, 0 chg sides, 0 chg coeffs, 26565 upgd conss, 0 impls, 26557 clqs
(round 4, fast)       139 del vars, 5390 del conss, 0 add conss, 0 chg bounds, 0 chg sides, 0 chg coeffs, 26565 upgd conss, 0 impls, 26261 clqs
(round 5, fast)       139 del vars, 5529 del conss, 0 add conss, 0 chg bounds, 0 chg sides, 0 chg coeffs, 26565 upgd conss, 0 impls, 26261 clqs
   (1.3s) probing: 100/1884 (5.3%) - 0 fixings, 0 aggregations, 5762 implications, 0 bound changes
   (1.6s) probing: 200/1884 (10.6%) - 0 fixings, 0 aggregations, 11558 implications, 0 bound changes
   (1.8s) probing: 300/1884 (15.9%) - 0 fixings, 0 aggregations, 17555 implications, 0 bound changes
   (2.1s) probing: 400/1884 (21.2%) - 0 fixings, 0 aggregations, 24907 implications, 0 bound changes
   (2.3s) probing: 500/1884 (26.5%) - 0 fixings, 0 aggregations, 32228 implications, 0 bound changes
   (2.5s) probing: 600/1884 (31.8%) - 0 fixings, 0 aggregations, 40036 implications, 0 bound changes
   (2.8s) probing: 700/1884 (37.2%) - 0 fixings, 0 aggregations, 47784 implications, 0 bound changes
   (3.0s) probing: 800/1884 (42.5%) - 0 fixings, 0 aggregations, 55453 implications, 0 bound changes
   (3.3s) probing: 900/1884 (47.8%) - 0 fixings, 0 aggregations, 63542 implications, 0 bound changes
   (3.6s) probing: 1000/1884 (53.1%) - 0 fixings, 0 aggregations, 72530 implications, 0 bound changes
   (3.6s) probing: 1001/1884 (53.1%) - 0 fixings, 0 aggregations, 72612 implications, 0 bound changes
   (3.6s) probing aborted: 1000/1000 successive useless probings
   (3.7s) symmetry computation started: requiring (bin +, int +, cont +), (fixed: bin -, int -, cont -)
   (3.8s) no symmetry present (symcode time: 0.01)
clique table cleanup detected 0 bound changes

presolved problem has 67586 active (0.136563%) nonzeros and 67586 (0.136563%) check nonzeros

presolving (6 rounds: 6 fast, 2 medium, 2 exhaustive):
 139 deleted vars, 5529 deleted constraints, 0 added constraints, 0 tightened bounds, 0 added holes, 0 changed sides, 0 changed coefficients
 0 implications, 79756 cliques
presolved problem has 1884 variables (1884 bin, 0 int, 0 impl, 0 cont) and 26269 constraints
      8 constraints of type <knapsack>
  26261 constraints of type <setppc>
transformed objective value is always integral (scale: 1)
Presolving Time: 3.72
transformed 1/1 original solutions to the transformed problem space

 time | node  | left  |LP iter|LP it/n|mem/heur|mdpt |vars |cons |rows |cuts |sepa|confs|strbr|  dualbound   | primalbound  |  gap   | compl. 
p 3.9s|     1 |     0 |     0 |     - |   locks|   0 |1884 |  26k|  26k|   0 |  0 |   3 |   0 |-1.117180e+05 |-4.468000e+03 |2400.40%| unknown
p 3.9s|     1 |     0 |     0 |     - | vbounds|   0 |1884 |  26k|  26k|   0 |  0 |   3 |   0 |-1.117180e+05 |-5.599000e+03 |1895.32%| unknown
  5.2s|     1 |     0 |  6411 |     - |   156M |   0 |1884 |  26k|  26k|   0 |  0 |  20 |   0 |-1.337206e+04 |-5.599000e+03 | 138.83%| unknown
d 8.6s|     1 |     0 |  8620 |     - |farkasdi|   0 |1884 |  26k|  26k|   0 |  1 |  22 |   0 |-1.337206e+04 |-7.641000e+03 |  75.00%| unknown
L13.9s|     1 |     0 | 13154 |     - |    alns|   0 |1884 |  26k|  26k|   0 |  1 |  29 |   0 |-1.337206e+04 |-7.704000e+03 |  73.57%| unknown
 13.9s|     1 |     0 | 13154 |     - |   165M |   0 |1884 |  26k|  26k|   0 |  1 |  29 |   0 |-1.337206e+04 |-7.704000e+03 |  73.57%| unknown
_____________________________________
Now starting branching with general disjunction
Current branching Node number: 1
LP objective value: -13372.1
Node lower bound: -13313.2
Node upper bound: -7704
gap to the primal bound: 0.728087
Preck submodel is infeasible, continue branching
Time limit exceeded (1000.59s), stopping submodel solve loop
General disjunction: No feasible solution found, use SCIP default branching rule
 1043s|     1 |     2 | 13154 |     - |   166M |   0 |1884 |  26k|  26k|   0 |  2 |  30 |  81 |-1.331319e+04 |-7.704000e+03 |  72.81%| unknown
_____________________________________
Now starting branching with general disjunction
Current branching Node number: 2
LP objective value: -13318
Node lower bound: -13262.3
Node upper bound: -7704
gap to the primal bound: 0.721476
Preck submodel is infeasible, continue branching
Time limit exceeded (1000.45s), stopping submodel solve loop
General disjunction: No feasible solution found, use SCIP default branching rule
_____________________________________
Now starting branching with general disjunction
Current branching Node number: 4
LP objective value: -13267.3
Node lower bound: -13206.4
Node upper bound: -7704
gap to the primal bound: 0.714233
Preck submodel is infeasible, continue branching
Time limit exceeded (1000.45s), stopping submodel solve loop
General disjunction: No feasible solution found, use SCIP default branching rule
_____________________________________
Now starting branching with general disjunction
Current branching Node number: 6
Relpscost reduced domain, skip general disjunction branching
_____________________________________
Now starting branching with general disjunction
Current branching Node number: 6
LP objective value: -11706.9
Node lower bound: -11648.5
Node upper bound: -7704
gap to the primal bound: 0.713572
Preck submodel is infeasible, continue branching
Time limit exceeded (1000.49s), stopping submodel solve loop
General disjunction: No feasible solution found, use SCIP default branching rule
_____________________________________
Now starting branching with general disjunction
Current branching Node number: 8
LP objective value: -11116
Node lower bound: -11086.1
Node upper bound: -7704
gap to the primal bound: 0.713572
Preck submodel is infeasible, continue branching
Time limit exceeded (1000.44s), stopping submodel solve loop
General disjunction: No feasible solution found, use SCIP default branching rule
_____________________________________
Now starting branching with general disjunction
Current branching Node number: 10
LP objective value: -10918.6
Node lower bound: -10918.6
Node upper bound: -7704
gap to the primal bound: 0.713572
Preck submodel is infeasible, continue branching
Time limit exceeded (1000.5s), stopping submodel solve loop
General disjunction: No feasible solution found, use SCIP default branching rule
_____________________________________
Now starting branching with general disjunction
Current branching Node number: 12
LP objective value: -10535.8
Node lower bound: -10535.8
Node upper bound: -7704
gap to the primal bound: 0.713572
Preck submodel is infeasible, continue branching
Time limit exceeded (1000.52s), stopping submodel solve loop
General disjunction: No feasible solution found, use SCIP default branching rule
_____________________________________
Now starting branching with general disjunction
Current branching Node number: 14
LP objective value: -10507
Node lower bound: -10507
Node upper bound: -7704
gap to the primal bound: 0.713572
Preck submodel is infeasible, continue branching
Time limit exceeded (1000.45s), stopping submodel solve loop
General disjunction: No feasible solution found, use SCIP default branching rule
r8118s|    11 |     6 | 18542 |1213.1 |rounding|   8 |1884 |  26k|  26k|   0 |  0 |  45 | 297 |-1.320136e+04 |-7.864000e+03 |  67.87%|  59.54%
_____________________________________
Now starting branching with general disjunction
Current branching Node number: 16
LP objective value: -10416.2
Node lower bound: -10416.2
Node upper bound: -7864
gap to the primal bound: 0.678708
Preck submodel is infeasible, continue branching
Time limit exceeded (1000.45s), stopping submodel solve loop
General disjunction: No feasible solution found, use SCIP default branching rule
i9118s|    12 |     7 | 18542 |1102.8 |  oneopt|   9 |1884 |  26k|  26k|   0 |  0 |  45 | 297 |-1.320136e+04 |-9.188000e+03 |  43.68%|  59.54%
_____________________________________
Now starting branching with general disjunction
Current branching Node number: 18
LP objective value: -10410.7
Node lower bound: -10410.7
Node upper bound: -9188
gap to the primal bound: 0.436805
Preck submodel is infeasible, continue branching
Time limit exceeded (1000.48s), stopping submodel solve loop
General disjunction: No feasible solution found, use SCIP default branching rule
r 169m|    13 |     8 | 18731 |1026.7 |shifting|  10 |1884 |  26k|  26k|   0 |  0 |  45 | 297 |-1.320136e+04 |-9.234000e+03 |  42.96%|  59.54%
_____________________________________
Now starting branching with general disjunction
Current branching Node number: 20
LP objective value: -10325.8
Node lower bound: -10325.8
Node upper bound: -9234
gap to the primal bound: 0.429647
Preck submodel is infeasible, continue branching
Time limit exceeded (1000.43s), stopping submodel solve loop
General disjunction: No feasible solution found, use SCIP default branching rule
i 185m|    13 |    10 | 18731 |1026.7 |  oneopt|  10 |1884 |  26k|  26k|   0 |  1 |  45 | 297 |-1.320136e+04 |-9.917000e+03 |  33.12%|  59.54%
_____________________________________
Now starting branching with general disjunction
Current branching Node number: 22
LP objective value: -10317.6
Node lower bound: -10317.6
Node upper bound: -9917
gap to the primal bound: 0.331185
Preck submodel is infeasible, continue branching
Time limit exceeded (1000.42s), stopping submodel solve loop
General disjunction: No feasible solution found, use SCIP default branching rule
_____________________________________
Now starting branching with general disjunction
Current branching Node number: 24
LP objective value: -10309.7
Node lower bound: -10309.7
Node upper bound: -9917
gap to the primal bound: 0.331185
Preck submodel is infeasible, continue branching
Time limit exceeded (1000.42s), stopping submodel solve loop
General disjunction: No feasible solution found, use SCIP default branching rule
r 219m|    15 |    12 | 18838 | 887.6 |ziroundi|  12 |1884 |  26k|  26k|   0 |  1 |  45 | 297 |-1.320136e+04 |-9.946000e+03 |  32.73%|  59.56%
_____________________________________
Now starting branching with general disjunction
Current branching Node number: 26
LP objective value: -10290.5
Node lower bound: -10290.5
Node upper bound: -9946
gap to the primal bound: 0.327304
Preck submodel is infeasible, continue branching
Time limit exceeded (1000.46s), stopping submodel solve loop
General disjunction: No feasible solution found, use SCIP default branching rule
i 235m|    16 |    13 | 18897 | 832.4 |  oneopt|  13 |1884 |  26k|  26k|   0 |  1 |  45 | 297 |-1.320136e+04 |-1.009300e+04 |  30.80%|  59.56%
_____________________________________
Now starting branching with general disjunction
Current branching Node number: 29
LP objective value: -10104
Node lower bound: -10104
Node upper bound: -10093
gap to the primal bound: 0.307972
Preck submodel is infeasible, continue branching
Time limit exceeded (1000.44s), stopping submodel solve loop
General disjunction: No feasible solution found, use SCIP default branching rule
_____________________________________
Now starting branching with general disjunction
Current branching Node number: 30
LP objective value: -10104
Node lower bound: -10104
Node upper bound: -10093
gap to the primal bound: 0.307972
Preck submodel is infeasible, continue branching
Time limit exceeded (1000.42s), stopping submodel solve loop
General disjunction: No feasible solution found, use SCIP default branching rule
_____________________________________
Now starting branching with general disjunction
Current branching Node number: 32
LP objective value: -10103.8
Node lower bound: -10103.8
Node upper bound: -10093
gap to the primal bound: 0.307972
Preck submodel is infeasible, continue branching
Time limit exceeded (1000.44s), stopping submodel solve loop
General disjunction: No feasible solution found, use SCIP default branching rule
_____________________________________
Now starting branching with general disjunction
Current branching Node number: 34
LP objective value: -10103.5
Node lower bound: -10103.5
Node upper bound: -10093
gap to the primal bound: 0.307972
Preck submodel is infeasible, continue branching
Time limit exceeded (1000.46s), stopping submodel solve loop
General disjunction: No feasible solution found, use SCIP default branching rule
_____________________________________
Now starting branching with general disjunction
Current branching Node number: 37
LP objective value: -10103
Node lower bound: -10103
Node upper bound: -10093
gap to the primal bound: 0.307972
Preck submodel is infeasible, continue branching
Time limit exceeded (1000.42s), stopping submodel solve loop
General disjunction: No feasible solution found, use SCIP default branching rule
_____________________________________
Now starting branching with general disjunction
Current branching Node number: 38
LP objective value: -10097.3
Node lower bound: -10097.3
Node upper bound: -10093
gap to the primal bound: 0.307972
Preck submodel is infeasible, continue branching
Time limit exceeded (1000.45s), stopping submodel solve loop
General disjunction: No feasible solution found, use SCIP default branching rule
_____________________________________
Now starting branching with general disjunction
Current branching Node number: 40
LP objective value: -10095.1
Node lower bound: -10095.1
Node upper bound: -10093
gap to the primal bound: 0.307972
Preck submodel is infeasible, continue branching
Time limit exceeded (1000.44s), stopping submodel solve loop
General disjunction: No feasible solution found, use SCIP default branching rule
_____________________________________
Now starting branching with general disjunction
Current branching Node number: 42
LP objective value: -10094.1
Node lower bound: -10094.1
Node upper bound: -10093
gap to the primal bound: 0.307972
Preck submodel is infeasible, continue branching
Time limit exceeded (1000.44s), stopping submodel solve loop
General disjunction: No feasible solution found, use SCIP default branching rule
_____________________________________
Now starting branching with general disjunction
Current branching Node number: 39
LP objective value: -10102.6
Node lower bound: -10102.6
Node upper bound: -10093
gap to the primal bound: 0.307972
Preck submodel is infeasible, continue branching
Time limit exceeded (1000.43s), stopping submodel solve loop
General disjunction: No feasible solution found, use SCIP default branching rule
_____________________________________
Now starting branching with general disjunction
Current branching Node number: 46
LP objective value: -10101.5
Node lower bound: -10101.5
Node upper bound: -10093
gap to the primal bound: 0.307972
Preck submodel is infeasible, continue branching
Time limit exceeded (1000.43s), stopping submodel solve loop
General disjunction: No feasible solution found, use SCIP default branching rule
_____________________________________
Now starting branching with general disjunction
Current branching Node number: 48
LP objective value: -10101.3
Node lower bound: -10101.3
Node upper bound: -10093
gap to the primal bound: 0.307972
Preck submodel is infeasible, continue branching
Time limit exceeded (1000.42s), stopping submodel solve loop
General disjunction: No feasible solution found, use SCIP default branching rule
_____________________________________
Now starting branching with general disjunction
Current branching Node number: 50
LP objective value: -10101.1
Node lower bound: -10101.1
Node upper bound: -10093
gap to the primal bound: 0.307972
Preck submodel is infeasible, continue branching
Time limit exceeded (1000.43s), stopping submodel solve loop
General disjunction: No feasible solution found, use SCIP default branching rule
_____________________________________
Now starting branching with general disjunction
Current branching Node number: 52
LP objective value: -10101
Node lower bound: -10101
Node upper bound: -10093
gap to the primal bound: 0.307972
Preck submodel is infeasible, continue branching
Time limit exceeded (1000.43s), stopping submodel solve loop
General disjunction: No feasible solution found, use SCIP default branching rule
_____________________________________
Now starting branching with general disjunction
Current branching Node number: 54
LP objective value: -10100
Node lower bound: -10100
Node upper bound: -10093
gap to the primal bound: 0.307972
Preck submodel is infeasible, continue branching
Time limit exceeded (1000.41s), stopping submodel solve loop
General disjunction: No feasible solution found, use SCIP default branching rule
_____________________________________
Now starting branching with general disjunction
Current branching Node number: 56
LP objective value: -10098.8
Node lower bound: -10098.8
Node upper bound: -10093
gap to the primal bound: 0.307972
Preck submodel is infeasible, continue branching
Time limit exceeded (1964.02s), stopping submodel solve loop
General disjunction: No feasible solution found, use SCIP default branching rule
_____________________________________
Now starting branching with general disjunction
Current branching Node number: 58
LP objective value: -10096.8
Node lower bound: -10096.8
Node upper bound: -10093
gap to the primal bound: 0.307972
Preck submodel is infeasible, continue branching
Time limit exceeded (1000.45s), stopping submodel solve loop
General disjunction: No feasible solution found, use SCIP default branching rule
_____________________________________
Now starting branching with general disjunction
Current branching Node number: 61
LP objective value: -10095.7
Node lower bound: -10095.7
Node upper bound: -10093
gap to the primal bound: 0.307972
Preck submodel is infeasible, continue branching
Time limit exceeded (1000.49s), stopping submodel solve loop
General disjunction: No feasible solution found, use SCIP default branching rule
_____________________________________
Now starting branching with general disjunction
Current branching Node number: 59
LP objective value: -10098.2
Node lower bound: -10098.2
Node upper bound: -10093
gap to the primal bound: 0.307972
Preck submodel is infeasible, continue branching
Time limit exceeded (1000.45s), stopping submodel solve loop
General disjunction: No feasible solution found, use SCIP default branching rule
_____________________________________
Now starting branching with general disjunction
Current branching Node number: 64
LP objective value: -10097.9
Node lower bound: -10097.9
Node upper bound: -10093
gap to the primal bound: 0.307972
Preck submodel is infeasible, continue branching
Time limit exceeded (1000.42s), stopping submodel solve loop
General disjunction: No feasible solution found, use SCIP default branching rule
_____________________________________
Now starting branching with general disjunction
Current branching Node number: 66
LP objective value: -10097.8
Node lower bound: -10097.8
Node upper bound: -10093
gap to the primal bound: 0.307972
Preck submodel is infeasible, continue branching
Time limit exceeded (1000.43s), stopping submodel solve loop
General disjunction: No feasible solution found, use SCIP default branching rule
_____________________________________
Now starting branching with general disjunction
Current branching Node number: 68
LP objective value: -10097.6
Node lower bound: -10097.6
Node upper bound: -10093
gap to the primal bound: 0.307972
Preck submodel is infeasible, continue branching
Time limit exceeded (1000.47s), stopping submodel solve loop
General disjunction: No feasible solution found, use SCIP default branching rule
_____________________________________
Now starting branching with general disjunction
Current branching Node number: 70
LP objective value: -10097.2
Node lower bound: -10097.2
Node upper bound: -10093
gap to the primal bound: 0.307972
Preck submodel is infeasible, continue branching
Time limit exceeded (1090.69s), stopping submodel solve loop
General disjunction: No feasible solution found, use SCIP default branching rule
_____________________________________
Now starting branching with general disjunction
Current branching Node number: 72
LP objective value: -10097.1
Node lower bound: -10097.1
Node upper bound: -10093
gap to the primal bound: 0.307972
Preck submodel is infeasible, continue branching
Time limit exceeded (1000.44s), stopping submodel solve loop
General disjunction: No feasible solution found, use SCIP default branching rule
_____________________________________
Now starting branching with general disjunction
Current branching Node number: 74
LP objective value: -10096.7
Node lower bound: -10096.7
Node upper bound: -10093
gap to the primal bound: 0.307972
Preck submodel is infeasible, continue branching
Time limit exceeded (1000.49s), stopping submodel solve loop
General disjunction: No feasible solution found, use SCIP default branching rule
_____________________________________
Now starting branching with general disjunction
Current branching Node number: 76
LP objective value: -10096.3
Node lower bound: -10096.3
Node upper bound: -10093
gap to the primal bound: 0.307972
Preck submodel is infeasible, continue branching
Time limit exceeded (1000.54s), stopping submodel solve loop
General disjunction: No feasible solution found, use SCIP default branching rule
_____________________________________
Now starting branching with general disjunction
Current branching Node number: 78
LP objective value: -10095.4
Node lower bound: -10095.4
Node upper bound: -10093
gap to the primal bound: 0.307972
Preck submodel is infeasible, continue branching
Time limit exceeded (1000.5s), stopping submodel solve loop
General disjunction: No feasible solution found, use SCIP default branching rule
_____________________________________
Now starting branching with general disjunction
Current branching Node number: 80
LP objective value: -10095.1
Node lower bound: -10095.1
Node upper bound: -10093
gap to the primal bound: 0.307972
Preck submodel is infeasible, continue branching
Time limit exceeded (1858.08s), stopping submodel solve loop
General disjunction: No feasible solution found, use SCIP default branching rule
_____________________________________
Now starting branching with general disjunction
Current branching Node number: 82
LP objective value: -10095.1
Node lower bound: -10095.1
Node upper bound: -10093
gap to the primal bound: 0.307972
Preck submodel is infeasible, continue branching
Time limit exceeded (1923.91s), stopping submodel solve loop
General disjunction: No feasible solution found, use SCIP default branching rule
_____________________________________
Now starting branching with general disjunction
Current branching Node number: 84
LP objective value: -10095.1
Node lower bound: -10095.1
Node upper bound: -10093
gap to the primal bound: 0.307972
Preck submodel is infeasible, continue branching
Time limit exceeded (1000.43s), stopping submodel solve loop
General disjunction: No feasible solution found, use SCIP default branching rule
_____________________________________
Now starting branching with general disjunction
Current branching Node number: 86
LP objective value: -10095.1
Node lower bound: -10095.1
Node upper bound: -10093
gap to the primal bound: 0.307972
Preck submodel is infeasible, continue branching
Time limit exceeded (1416.83s), stopping submodel solve loop
General disjunction: No feasible solution found, use SCIP default branching rule
_____________________________________
Now starting branching with general disjunction
Current branching Node number: 88
LP objective value: -10095.1
Node lower bound: -10095.1
Node upper bound: -10093
gap to the primal bound: 0.307972
Preck submodel is infeasible, continue branching
Time limit exceeded (1397.35s), stopping submodel solve loop
General disjunction: No feasible solution found, use SCIP default branching rule
_____________________________________
Now starting branching with general disjunction
Current branching Node number: 79
LP objective value: -10096.2
Node lower bound: -10096.2
Node upper bound: -10093
gap to the primal bound: 0.307972
Preck submodel is infeasible, continue branching
Time limit exceeded (1000.47s), stopping submodel solve loop
General disjunction: No feasible solution found, use SCIP default branching rule
_____________________________________
Now starting branching with general disjunction
Current branching Node number: 93
LP objective value: -10096.1
Node lower bound: -10096.1
Node upper bound: -10093
gap to the primal bound: 0.307972
Preck submodel is infeasible, continue branching
Time limit exceeded (1000.55s), stopping submodel solve loop
General disjunction: No feasible solution found, use SCIP default branching rule
_____________________________________
Now starting branching with general disjunction
Current branching Node number: 95
LP objective value: -10096.1
Node lower bound: -10096.1
Node upper bound: -10093
gap to the primal bound: 0.307972
Preck submodel is infeasible, continue branching
Time limit exceeded (1000.58s), stopping submodel solve loop
General disjunction: No feasible solution found, use SCIP default branching rule
_____________________________________
Now starting branching with general disjunction
Current branching Node number: 97
LP objective value: -10096.1
Node lower bound: -10096.1
Node upper bound: -10093
gap to the primal bound: 0.307972
Preck submodel is infeasible, continue branching
Time limit exceeded (1000.51s), stopping submodel solve loop
General disjunction: No feasible solution found, use SCIP default branching rule
_____________________________________
Now starting branching with general disjunction
Current branching Node number: 99
LP objective value: -10096
Node lower bound: -10096
Node upper bound: -10093
gap to the primal bound: 0.307972
Preck submodel is infeasible, continue branching
Time limit exceeded (1000.47s), stopping submodel solve loop
General disjunction: No feasible solution found, use SCIP default branching rule
_____________________________________
Now starting branching with general disjunction
Current branching Node number: 101
LP objective value: -10095.9
Node lower bound: -10095.9
Node upper bound: -10093
gap to the primal bound: 0.307972
Preck submodel is infeasible, continue branching
Time limit exceeded (1000.53s), stopping submodel solve loop
General disjunction: No feasible solution found, use SCIP default branching rule
_____________________________________
Now starting branching with general disjunction
Current branching Node number: 69
LP objective value: -10097.5
Node lower bound: -10097.5
Node upper bound: -10093
gap to the primal bound: 0.307972
Preck submodel is infeasible, continue branching
Time limit exceeded (1711.16s), stopping submodel solve loop
General disjunction: No feasible solution found, use SCIP default branching rule
_____________________________________
Now starting branching with general disjunction
Current branching Node number: 104
LP objective value: -10097
Node lower bound: -10097
Node upper bound: -10093
gap to the primal bound: 0.307972
Preck submodel is infeasible, continue branching
Time limit exceeded (1000.5s), stopping submodel solve loop
General disjunction: No feasible solution found, use SCIP default branching rule
_____________________________________
Now starting branching with general disjunction
Current branching Node number: 107
LP objective value: -10096.9
Node lower bound: -10096.9
Node upper bound: -10093
gap to the primal bound: 0.307972
Preck submodel is infeasible, continue branching
Time limit exceeded (1609.17s), stopping submodel solve loop
General disjunction: No feasible solution found, use SCIP default branching rule
_____________________________________
Now starting branching with general disjunction
Current branching Node number: 108
LP objective value: -10096.7
Node lower bound: -10096.7
Node upper bound: -10093
gap to the primal bound: 0.307972
Preck submodel is infeasible, continue branching
Time limit exceeded (1000.54s), stopping submodel solve loop
General disjunction: No feasible solution found, use SCIP default branching rule
_____________________________________
Now starting branching with general disjunction
Current branching Node number: 110
LP objective value: -10096.7
Node lower bound: -10096.7
Node upper bound: -10093
gap to the primal bound: 0.307972
Preck submodel is infeasible, continue branching
Time limit exceeded (1000.49s), stopping submodel solve loop
General disjunction: No feasible solution found, use SCIP default branching rule
_____________________________________
Now starting branching with general disjunction
Current branching Node number: 112
LP objective value: -10096.3
Node lower bound: -10096.3
Node upper bound: -10093
gap to the primal bound: 0.307972
Preck submodel is infeasible, continue branching
Time limit exceeded (1000.55s), stopping submodel solve loop
General disjunction: No feasible solution found, use SCIP default branching rule
_____________________________________
Now starting branching with general disjunction
Current branching Node number: 114
LP objective value: -10096.1
Node lower bound: -10096.1
Node upper bound: -10093
gap to the primal bound: 0.307972
Preck submodel is infeasible, continue branching
Time limit exceeded (1345.98s), stopping submodel solve loop
General disjunction: No feasible solution found, use SCIP default branching rule
_____________________________________
Now starting branching with general disjunction
Current branching Node number: 116
LP objective value: -10096
Node lower bound: -10096
Node upper bound: -10093
gap to the primal bound: 0.307972
Preck submodel is infeasible, continue branching
Time limit exceeded (1000.49s), stopping submodel solve loop
General disjunction: No feasible solution found, use SCIP default branching rule
_____________________________________
Now starting branching with general disjunction
Current branching Node number: 118
LP objective value: -10095.9
Node lower bound: -10095.9
Node upper bound: -10093
gap to the primal bound: 0.307972
Preck submodel is infeasible, continue branching
Time limit exceeded (1000.56s), stopping submodel solve loop
General disjunction: No feasible solution found, use SCIP default branching rule
_____________________________________
Now starting branching with general disjunction
Current branching Node number: 120
LP objective value: -10095.5
Node lower bound: -10095.5
Node upper bound: -10093
gap to the primal bound: 0.307972
Preck submodel is infeasible, continue branching
Time limit exceeded (1000.54s), stopping submodel solve loop
General disjunction: No feasible solution found, use SCIP default branching rule
_____________________________________
Now starting branching with general disjunction
Current branching Node number: 122
LP objective value: -10095.3
Node lower bound: -10095.3
Node upper bound: -10093
gap to the primal bound: 0.307972
Preck submodel is infeasible, continue branching
Time limit exceeded (1000.44s), stopping submodel solve loop
General disjunction: No feasible solution found, use SCIP default branching rule
_____________________________________
Now starting branching with general disjunction
Current branching Node number: 109
LP objective value: -10096.2
Node lower bound: -10096.2
Node upper bound: -10093
gap to the primal bound: 0.307972
Preck submodel is infeasible, continue branching
Time limit exceeded (1000.43s), stopping submodel solve loop
General disjunction: No feasible solution found, use SCIP default branching rule
_____________________________________
Now starting branching with general disjunction
Current branching Node number: 127
LP objective value: -10095.2
Node lower bound: -10095.2
Node upper bound: -10093
gap to the primal bound: 0.307972
Preck submodel is infeasible, continue branching
Time limit exceeded (1000.44s), stopping submodel solve loop
General disjunction: No feasible solution found, use SCIP default branching rule
_____________________________________
Now starting branching with general disjunction
Current branching Node number: 129
LP objective value: -10095.2
Node lower bound: -10095.2
Node upper bound: -10093
gap to the primal bound: 0.307972
Preck submodel is infeasible, continue branching
Time limit exceeded (1992.33s), stopping submodel solve loop
General disjunction: No feasible solution found, use SCIP default branching rule
_____________________________________
Now starting branching with general disjunction
Current branching Node number: 131
LP objective value: -10095
Node lower bound: -10095
Node upper bound: -10093
gap to the primal bound: 0.307972
Preck submodel is infeasible, continue branching
Time limit exceeded (1000.45s), stopping submodel solve loop
General disjunction: No feasible solution found, use SCIP default branching rule
_____________________________________
Now starting branching with general disjunction
Current branching Node number: 133
LP objective value: -10094.9
Node lower bound: -10094.9
Node upper bound: -10093
gap to the primal bound: 0.307972
Preck submodel is infeasible, continue branching
Time limit exceeded (1000.44s), stopping submodel solve loop
General disjunction: No feasible solution found, use SCIP default branching rule
_____________________________________
Now starting branching with general disjunction
Current branching Node number: 135
LP objective value: -10094.8
Node lower bound: -10094.8
Node upper bound: -10093
gap to the primal bound: 0.307972
Preck submodel is infeasible, continue branching
Time limit exceeded (1000.44s), stopping submodel solve loop
General disjunction: No feasible solution found, use SCIP default branching rule
_____________________________________
Now starting branching with general disjunction
Current branching Node number: 137
LP objective value: -10094.2
Node lower bound: -10094.2
Node upper bound: -10093
gap to the primal bound: 0.307972
Preck submodel is infeasible, continue branching
Time limit exceeded (1000.45s), stopping submodel solve loop
General disjunction: No feasible solution found, use SCIP default branching rule
_____________________________________
Now starting branching with general disjunction
Current branching Node number: 7
LP objective value: -13201.4
Node lower bound: -13201.4
Node upper bound: -10093
gap to the primal bound: 0.307972
Preck submodel is infeasible, continue branching
Time limit exceeded (1000.47s), stopping submodel solve loop
General disjunction: No feasible solution found, use SCIP default branching rule
_____________________________________
Now starting branching with general disjunction
Current branching Node number: 140
LP objective value: -12175.1
Node lower bound: -12175.1
Node upper bound: -10093
gap to the primal bound: 0.307972
Preck submodel is infeasible, continue branching
Time limit exceeded (1000.46s), stopping submodel solve loop
General disjunction: No feasible solution found, use SCIP default branching rule
_____________________________________
Now starting branching with general disjunction
Current branching Node number: 142
LP objective value: -12024.3
Node lower bound: -12024.3
Node upper bound: -10093
gap to the primal bound: 0.307972
Preck submodel is infeasible, continue branching
Time limit exceeded (1000.44s), stopping submodel solve loop
General disjunction: No feasible solution found, use SCIP default branching rule
_____________________________________
Now starting branching with general disjunction
Current branching Node number: 144
LP objective value: -11458
Node lower bound: -11458
Node upper bound: -10093
gap to the primal bound: 0.307972
Preck submodel is infeasible, continue branching
Time limit exceeded (1000.43s), stopping submodel solve loop
General disjunction: No feasible solution found, use SCIP default branching rule
_____________________________________
Now starting branching with general disjunction
Current branching Node number: 146
LP objective value: -11333.1
Node lower bound: -11333.1
Node upper bound: -10093
gap to the primal bound: 0.307972
Preck submodel is infeasible, continue branching
Time limit exceeded (1000.43s), stopping submodel solve loop
General disjunction: No feasible solution found, use SCIP default branching rule
_____________________________________
Now starting branching with general disjunction
Current branching Node number: 148
LP objective value: -11163.8
Node lower bound: -11163.8
Node upper bound: -10093
gap to the primal bound: 0.307972
Preck submodel is infeasible, continue branching
Time limit exceeded (1000.43s), stopping submodel solve loop
General disjunction: No feasible solution found, use SCIP default branching rule
_____________________________________
Now starting branching with general disjunction
Current branching Node number: 150
LP objective value: -11151.2
Node lower bound: -11151.2
Node upper bound: -10093
gap to the primal bound: 0.307972
Preck submodel is infeasible, continue branching
Time limit exceeded (1000.44s), stopping submodel solve loop
General disjunction: No feasible solution found, use SCIP default branching rule
_____________________________________
Now starting branching with general disjunction
Current branching Node number: 152
LP objective value: -10903.8
Node lower bound: -10903.8
Node upper bound: -10093
gap to the primal bound: 0.307972
Preck submodel is infeasible, continue branching
Time limit exceeded (1000.44s), stopping submodel solve loop
General disjunction: No feasible solution found, use SCIP default branching rule
_____________________________________
Now starting branching with general disjunction
Current branching Node number: 154
LP objective value: -10870.5
Node lower bound: -10870.5
Node upper bound: -10093
gap to the primal bound: 0.307972
Preck submodel is infeasible, continue branching
Time limit exceeded (1000.44s), stopping submodel solve loop
General disjunction: No feasible solution found, use SCIP default branching rule
_____________________________________
Now starting branching with general disjunction
Current branching Node number: 156
LP objective value: -10779.2
Node lower bound: -10779.2
Node upper bound: -10093
gap to the primal bound: 0.307972
Preck submodel is infeasible, continue branching
Time limit exceeded (1000.44s), stopping submodel solve loop
General disjunction: No feasible solution found, use SCIP default branching rule
 1425m|   100 |    58 | 23021 | 167.8 |   178M |  40 |1884 |  26k|  26k|   4 |  1 |  56 | 297 |-1.320136e+04 |-1.009300e+04 |  30.80%|  59.56%
_____________________________________
Now starting branching with general disjunction
Current branching Node number: 158
LP objective value: -10591.5
Node lower bound: -10591.5
Node upper bound: -10093
gap to the primal bound: 0.307972
Preck submodel is infeasible, continue branching
Time limit exceeded (1000.43s), stopping submodel solve loop
General disjunction: No feasible solution found, use SCIP default branching rule

SCIP Status        : solving was interrupted [time limit reached]
Solving Time (sec) : 86500.89
Solving Nodes      : 101
Primal Bound       : -1.00930000000000e+04 (58 solutions)
Dual Bound         : -1.32013614886946e+04
Gap                : 30.80 %

primal solution:
================

objective value:                               -10093
x687                                                1 	(obj:-188)
x688                                                1 	(obj:-206)
x959                                                1 	(obj:-149)
x960                                                1 	(obj:-186)
x962                                                1 	(obj:-84)
x975                                                1 	(obj:-98)
x976                                                1 	(obj:-121)
x977                                                1 	(obj:-47)
x978                                                1 	(obj:73)
x993                                                1 	(obj:-83)
x994                                                1 	(obj:-80)
x1010                                               1 	(obj:-177)
x1011                                               1 	(obj:-96)
x1028                                               1 	(obj:-140)
x1029                                               1 	(obj:-166)
x1158                                               1 	(obj:-30)
x1193                                               1 	(obj:-141)
x1211                                               1 	(obj:-141)
x1218                                               1 	(obj:-115)
x1229                                               1 	(obj:-81)
x1231                                               1 	(obj:-54)
x1232                                               1 	(obj:-74)
x1234                                               1 	(obj:-79)
x1247                                               1 	(obj:-20)
x1248                                               1 	(obj:-15)
x1249                                               1 	(obj:-21)
x1250                                               1 	(obj:94)
x1251                                               1 	(obj:-95)
x1252                                               1 	(obj:-40)
x1253                                               1 	(obj:-90)
x1254                                               1 	(obj:-125)
x1262                                               1 	(obj:-102)
x1263                                               1 	(obj:-99)
x1264                                               1 	(obj:-81)
x1265                                               1 	(obj:-7)
x1266                                               1 	(obj:-87)
x1267                                               1 	(obj:-58)
x1268                                               1 	(obj:43)
x1271                                               1 	(obj:-86)
x1281                                               1 	(obj:-137)
x1282                                               1 	(obj:-108)
x1283                                               1 	(obj:20)
x1284                                               1 	(obj:30)
x1298                                               1 	(obj:-143)
x1299                                               1 	(obj:85)
x1300                                               1 	(obj:-24)
x1301                                               1 	(obj:-122)
x1316                                               1 	(obj:14)
x1317                                               1 	(obj:15)
x1318                                               1 	(obj:-141)
x1319                                               1 	(obj:-57)
x1332                                               1 	(obj:-53)
x1334                                               1 	(obj:-141)
x1335                                               1 	(obj:18)
x1337                                               1 	(obj:-101)
x1356                                               1 	(obj:-134)
x1446                                               1 	(obj:-62)
x1447                                               1 	(obj:-45)
x1448                                               1 	(obj:-77)
x1464                                               1 	(obj:-34)
x1465                                               1 	(obj:-91)
x1480                                               1 	(obj:-88)
x1481                                               1 	(obj:16)
x1482                                               1 	(obj:-83)
x1483                                               1 	(obj:-54)
x1490                                               1 	(obj:-83)
x1499                                               1 	(obj:45)
x1500                                               1 	(obj:-94)
x1501                                               1 	(obj:-70)
x1504                                               1 	(obj:27)
x1506                                               1 	(obj:-44)
x1507                                               1 	(obj:-25)
x1508                                               1 	(obj:-2)
x1517                                               1 	(obj:33)
x1518                                               1 	(obj:-61)
x1519                                               1 	(obj:40)
x1520                                               1 	(obj:-17)
x1521                                               1 	(obj:-50)
x1522                                               1 	(obj:-32)
x1523                                               1 	(obj:-3)
x1524                                               1 	(obj:65)
x1525                                               1 	(obj:11)
x1526                                               1 	(obj:-83)
x1534                                               1 	(obj:-79)
x1535                                               1 	(obj:-92)
x1536                                               1 	(obj:-11)
x1537                                               1 	(obj:59)
x1538                                               1 	(obj:-50)
x1539                                               1 	(obj:-10)
x1540                                               1 	(obj:-71)
x1541                                               1 	(obj:-34)
x1542                                               1 	(obj:-41)
x1543                                               1 	(obj:3)
x1544                                               1 	(obj:-6)
x1545                                               1 	(obj:-64)
x1550                                               1 	(obj:-1)
x1551                                               1 	(obj:61)
x1552                                               1 	(obj:-45)
x1553                                               1 	(obj:-83)
x1554                                               1 	(obj:-42)
x1555                                               1 	(obj:26)
x1556                                               1 	(obj:-45)
x1557                                               1 	(obj:-4)
x1558                                               1 	(obj:-89)
x1559                                               1 	(obj:7)
x1560                                               1 	(obj:-19)
x1561                                               1 	(obj:7)
x1567                                               1 	(obj:-59)
x1568                                               1 	(obj:-87)
x1569                                               1 	(obj:27)
x1570                                               1 	(obj:25)
x1571                                               1 	(obj:-28)
x1572                                               1 	(obj:41)
x1573                                               1 	(obj:-38)
x1574                                               1 	(obj:-82)
x1577                                               1 	(obj:-58)
x1578                                               1 	(obj:-5)
x1586                                               1 	(obj:-73)
x1587                                               1 	(obj:52)
x1588                                               1 	(obj:-90)
x1589                                               1 	(obj:58)
x1590                                               1 	(obj:-58)
x1591                                               1 	(obj:-16)
x1595                                               1 	(obj:-68)
x1604                                               1 	(obj:27)
x1605                                               1 	(obj:46)
x1606                                               1 	(obj:-65)
x1607                                               1 	(obj:-67)
x1608                                               1 	(obj:-92)
x1609                                               1 	(obj:-29)
x1620                                               1 	(obj:-89)
x1621                                               1 	(obj:-48)
x1622                                               1 	(obj:-90)
x1623                                               1 	(obj:49)
x1624                                               1 	(obj:70)
x1625                                               1 	(obj:44)
x1626                                               1 	(obj:-74)
x1627                                               1 	(obj:-29)
x1628                                               1 	(obj:-52)
x1629                                               1 	(obj:-67)
x1638                                               1 	(obj:-90)
x1640                                               1 	(obj:21)
x1641                                               1 	(obj:-87)
x1643                                               1 	(obj:-79)
x1644                                               1 	(obj:-3)
x1645                                               1 	(obj:-20)
x1646                                               1 	(obj:-86)
x1662                                               1 	(obj:10)
x1679                                               1 	(obj:-50)
x1680                                               1 	(obj:-91)
x1696                                               1 	(obj:-72)
x1701                                               1 	(obj:-78)
x1719                                               1 	(obj:-92)
x1733                                               1 	(obj:-94)
x1735                                               1 	(obj:-13)
x1736                                               1 	(obj:-42)
x1737                                               1 	(obj:-44)
x1738                                               1 	(obj:-7)
x1748                                               1 	(obj:-22)
x1749                                               1 	(obj:-9)
x1750                                               1 	(obj:-39)
x1751                                               1 	(obj:-40)
x1752                                               1 	(obj:-7)
x1753                                               1 	(obj:-17)
x1754                                               1 	(obj:21)
x1755                                               1 	(obj:-44)
x1756                                               1 	(obj:-29)
x1758                                               1 	(obj:-36)
x1759                                               1 	(obj:-3)
x1760                                               1 	(obj:-12)
x1762                                               1 	(obj:30)
x1764                                               1 	(obj:-46)
x1769                                               1 	(obj:13)
x1770                                               1 	(obj:-1)
x1771                                               1 	(obj:18)
x1773                                               1 	(obj:-32)
x1775                                               1 	(obj:27)
x1776                                               1 	(obj:7)
x1778                                               1 	(obj:-4)
x1779                                               1 	(obj:-36)
x1780                                               1 	(obj:-26)
x1782                                               1 	(obj:-19)
x1783                                               1 	(obj:-15)
x1784                                               1 	(obj:-15)
x1785                                               1 	(obj:30)
x1786                                               1 	(obj:-9)
x1787                                               1 	(obj:-8)
x1788                                               1 	(obj:31)
x1789                                               1 	(obj:-32)
x1790                                               1 	(obj:24)
x1791                                               1 	(obj:11)
x1792                                               1 	(obj:-33)
x1793                                               1 	(obj:-9)
x1794                                               1 	(obj:15)
x1795                                               1 	(obj:23)
x1796                                               1 	(obj:-14)
x1797                                               1 	(obj:-28)
x1798                                               1 	(obj:-1)
x1802                                               1 	(obj:-31)
x1805                                               1 	(obj:-28)
x1806                                               1 	(obj:-31)
x1807                                               1 	(obj:-13)
x1808                                               1 	(obj:-24)
x1809                                               1 	(obj:-4)
x1810                                               1 	(obj:19)
x1811                                               1 	(obj:-47)
x1812                                               1 	(obj:-2)
x1814                                               1 	(obj:-42)
x1815                                               1 	(obj:-12)
x1816                                               1 	(obj:-13)
x1817                                               1 	(obj:-5)
x1819                                               1 	(obj:-38)
x1822                                               1 	(obj:-10)
x1823                                               1 	(obj:32)
x1824                                               1 	(obj:16)
x1825                                               1 	(obj:17)
x1826                                               1 	(obj:25)
x1827                                               1 	(obj:-47)
x1828                                               1 	(obj:4)
x1829                                               1 	(obj:-11)
x1830                                               1 	(obj:-36)
x1831                                               1 	(obj:14)
x1832                                               1 	(obj:33)
x1833                                               1 	(obj:-47)
x1834                                               1 	(obj:-25)
x1835                                               1 	(obj:-19)
x1836                                               1 	(obj:-19)
x1838                                               1 	(obj:24)
x1839                                               1 	(obj:-19)
x1840                                               1 	(obj:2)
x1841                                               1 	(obj:-6)
x1842                                               1 	(obj:34)
x1843                                               1 	(obj:-23)
x1844                                               1 	(obj:17)
x1845                                               1 	(obj:-10)
x1846                                               1 	(obj:16)
x1847                                               1 	(obj:-35)
x1848                                               1 	(obj:-30)
x1849                                               1 	(obj:8)
x1851                                               1 	(obj:29)
x1853                                               1 	(obj:-11)
x1855                                               1 	(obj:-25)
x1856                                               1 	(obj:-12)
x1857                                               1 	(obj:12)
x1858                                               1 	(obj:21)
x1859                                               1 	(obj:5)
x1860                                               1 	(obj:15)
x1861                                               1 	(obj:-27)
x1862                                               1 	(obj:-23)
x1863                                               1 	(obj:-22)
x1864                                               1 	(obj:-17)
x1865                                               1 	(obj:-3)
x1866                                               1 	(obj:-45)
x1867                                               1 	(obj:-14)
x1868                                               1 	(obj:-34)
x1869                                               1 	(obj:-35)
x1871                                               1 	(obj:-14)
x1873                                               1 	(obj:-42)
x1874                                               1 	(obj:-31)
x1875                                               1 	(obj:-12)
x1876                                               1 	(obj:-30)
x1877                                               1 	(obj:23)
x1878                                               1 	(obj:34)
x1879                                               1 	(obj:-41)
x1880                                               1 	(obj:-23)
x1881                                               1 	(obj:-43)
x1883                                               1 	(obj:-24)
x1884                                               1 	(obj:-10)
x1885                                               1 	(obj:-34)
x1886                                               1 	(obj:-3)
x1887                                               1 	(obj:-23)
x1890                                               1 	(obj:-32)
x1892                                               1 	(obj:4)
x1893                                               1 	(obj:8)
x1894                                               1 	(obj:-38)
x1895                                               1 	(obj:35)
x1896                                               1 	(obj:-39)
x1897                                               1 	(obj:32)
x1898                                               1 	(obj:-37)
x1899                                               1 	(obj:-40)
x1900                                               1 	(obj:-2)
x1901                                               1 	(obj:-34)
x1905                                               1 	(obj:-20)
x1908                                               1 	(obj:-14)
x1909                                               1 	(obj:19)
x1910                                               1 	(obj:-43)
x1911                                               1 	(obj:20)
x1912                                               1 	(obj:-5)
x1913                                               1 	(obj:16)
x1914                                               1 	(obj:-29)
x1915                                               1 	(obj:-30)
x1916                                               1 	(obj:-39)
x1917                                               1 	(obj:24)
x1918                                               1 	(obj:-33)
x1919                                               1 	(obj:13)
x1926                                               1 	(obj:-47)
x1927                                               1 	(obj:-40)
x1928                                               1 	(obj:-25)
x1929                                               1 	(obj:-23)
x1930                                               1 	(obj:6)
x1931                                               1 	(obj:-22)
x1932                                               1 	(obj:-8)
x1933                                               1 	(obj:-33)
x1934                                               1 	(obj:15)
x1935                                               1 	(obj:-16)
x1936                                               1 	(obj:-8)
x1938                                               1 	(obj:-26)
x1944                                               1 	(obj:24)
x1945                                               1 	(obj:-26)
x1946                                               1 	(obj:26)
x1947                                               1 	(obj:27)
x1949                                               1 	(obj:8)
x1950                                               1 	(obj:-47)
x1951                                               1 	(obj:1)
x1952                                               1 	(obj:-5)
x1954                                               1 	(obj:-23)
x1957                                               1 	(obj:-32)
x1958                                               1 	(obj:-10)
x1959                                               1 	(obj:-42)
x1962                                               1 	(obj:-31)
x1963                                               1 	(obj:-46)
x1967                                               1 	(obj:-29)
x1968                                               1 	(obj:10)
x1969                                               1 	(obj:-16)
x1970                                               1 	(obj:13)
x1972                                               1 	(obj:-37)
x1973                                               1 	(obj:-37)
x1981                                               1 	(obj:-9)
x1982                                               1 	(obj:-33)
x1984                                               1 	(obj:-7)
x1985                                               1 	(obj:3)
x1986                                               1 	(obj:-41)
x1990                                               1 	(obj:-15)
x1991                                               1 	(obj:-19)
x1996                                               1 	(obj:-43)
x1997                                               1 	(obj:-26)
x1998                                               1 	(obj:-46)
x2002                                               1 	(obj:-14)
x2003                                               1 	(obj:-44)
x2005                                               1 	(obj:-4)
x2006                                               1 	(obj:-39)
x2007                                               1 	(obj:-39)
x2008                                               1 	(obj:29)
x2009                                               1 	(obj:-38)
x2013                                               1 	(obj:-22)
x2014                                               1 	(obj:-32)
x2015                                               1 	(obj:-31)
x2018                                               1 	(obj:-44)
x2021                                               1 	(obj:-24)
x2022                                               1 	(obj:-44)
x2023                                               1 	(obj:-30)
x1503                                               1 	(obj:0)
x1772                                               1 	(obj:0)
x1813                                               1 	(obj:0)
x1850                                               1 	(obj:0)

Statistics
==========

SCIP Status        : solving was interrupted [time limit reached]
Total Time         :   86500.99
  solving          :   86500.89
  presolving       :       3.72 (included in solving)
  reading          :       0.10
  copying          :       0.03 (1 #copies) (minimal 0.03, maximal 0.03, average 0.03)
Original Problem   :
  Problem name     : opm2-z7-s8
  Variables        : 2023 (2023 binary, 0 integer, 0 implicit integer, 0 continuous)
  Constraints      : 31798 initial, 31798 maximal
  Objective        : minimize, 2002 non-zeros (abs.min = 1, abs.max = 335)
Presolved Problem  :
  Problem name     : t_opm2-z7-s8
  Variables        : 1884 (1884 binary, 0 integer, 0 implicit integer, 0 continuous)
  Constraints      : 26269 initial, 26300 maximal
  Objective        : minimize, 1864 non-zeros (abs.min = 1, abs.max = 335)
  Nonzeros         : 67586 constraint, 159018 clique table
Presolvers         :   ExecTime  SetupTime  Calls  FixedVars   AggrVars   ChgTypes  ChgBounds   AddHoles    DelCons    AddCons   ChgSides   ChgCoefs
  boundshift       :       0.00       0.00      0          0          0          0          0          0          0          0          0          0
  convertinttobin  :       0.00       0.00      0          0          0          0          0          0          0          0          0          0
  domcol           :       0.01       0.00      1          0          0          0          0          0          0          0          0          0
  dualagg          :       0.00       0.00      0          0          0          0          0          0          0          0          0          0
  dualcomp         :       0.00       0.00      0          0          0          0          0          0          0          0          0          0
  dualinfer        :       0.00       0.00      0          0          0          0          0          0          0          0          0          0
  dualsparsify     :       0.16       0.00      1          0          0          0          0          0          0          0          0          0
  gateextraction   :       0.00       0.00      0          0          0          0          0          0          0          0          0          0
  implics          :       0.00       0.00      2          0          0          0          0          0          0          0          0          0
  inttobinary      :       0.00       0.00      0          0          0          0          0          0          0          0          0          0
  qpkktref         :       0.00       0.00      0          0          0          0          0          0          0          0          0          0
  redvub           :       0.00       0.00      0          0          0          0          0          0          0          0          0          0
  sparsify         :       0.01       0.00      1          0          0          0          0          0          0          0          0          0
  stuffing         :       0.00       0.00      0          0          0          0          0          0          0          0          0          0
  trivial          :       0.00       0.00      6          0          0          0          0          0          0          0          0          0
  tworowbnd        :       0.00       0.00      0          0          0          0          0          0          0          0          0          0
  dualfix          :       0.00       0.00      6        125          0          0          0          0          0          0          0          0
  genvbounds       :       0.00       0.00      0          0          0          0          0          0          0          0          0          0
  probing          :       2.45       0.00      1          0          0          0          0          0          0          0          0          0
  pseudoobj        :       0.00       0.00      3          0          0          0          0          0          0          0          0          0
  symmetry         :       0.03       0.00      1          0          0          0          0          0          0          0          0          0
  vbounds          :       0.00       0.00      1          0          0          0          0          0          0          0          0          0
  knapsack         :       0.82       0.00      5          0          0          0          0          0          0          0          0          0
  setppc           :       0.03       0.00      5          8          0          0          0          0        296          0          0          0
  linear           :       0.17       0.01      4          0          6          0          0          0       5233          0          0          0
  logicor          :       0.00       0.00      0          0          0          0          0          0          0          0          0          0
  benders          :       0.00       0.00      0          0          0          0          0          0          0          0          0          0
  components       :       0.01       0.00      1          0          0          0          0          0          0          0          0          0
  root node        :          -          -      -          2          -          -          2          -          -          -          -          -
Constraints        :     Number  MaxNumber  #Separate #Propagate    #EnfoLP    #EnfoRelax  #EnfoPS    #Check   #ResProp    Cutoffs    DomReds       Cuts    Applied      Conss   Children
  benderslp        :          0          0          0          0         81          0          0         68          0          0          0          0          0          0          0
  integral         :          0          0          0          0         81          0          0         68          0          0          5          0          0         15        160
  knapsack         :          8          8          2      11124          0          0          0         63          6         11          0          0          0          0          0
  setppc           :      26261+     26263          2      11093          0          0          0         58       6338          8       3236          0          0          0          0
  logicor          :          0+        36          2        468          0          0          0          0          0          2          0          0          0          0          0
  benders          :          0          0          0          0          0          0          0         60          0          0          0          0          0          0          0
  fixedvar         :          0          0          0          0          0          0          0         60          0          0          0          0          0          0          0
  countsols        :          0          0          0          0          0          0          0         60          0          0          0          0          0          0          0
  components       :          0          0          0          0          0          0          0          0          0          0          0          0          0          0          0
Constraint Timings :  TotalTime  SetupTime   Separate  Propagate     EnfoLP     EnfoPS     EnfoRelax   Check    ResProp    SB-Prop
  benderslp        :       0.00       0.00       0.00       0.00       0.00       0.00       0.00       0.00       0.00       0.00
  integral         :   86474.34       0.00       0.00       0.00   86474.34       0.00       0.00       0.00       0.00       0.00
  knapsack         :       0.38       0.00       0.30       0.05       0.00       0.00       0.00       0.00       0.00       0.02
  setppc           :       1.14       0.00       0.01       0.82       0.00       0.00       0.00       0.04       0.00       0.27
  logicor          :       0.00       0.00       0.00       0.00       0.00       0.00       0.00       0.00       0.00       0.00
  benders          :       0.00       0.00       0.00       0.00       0.00       0.00       0.00       0.00       0.00       0.00
  fixedvar         :       0.00       0.00       0.00       0.00       0.00       0.00       0.00       0.00       0.00       0.00
  countsols        :       0.00       0.00       0.00       0.00       0.00       0.00       0.00       0.00       0.00       0.00
  components       :       0.00       0.00       0.00       0.00       0.00       0.00       0.00       0.00       0.00       0.00
Propagators        : #Propagate   #ResProp    Cutoffs    DomReds
  dualfix          :          3          0          0          0
  genvbounds       :          0          0          0          0
  nlobbt           :          0          0          0          0
  obbt             :          0          0          0          0
  probing          :          0          0          0          0
  pseudoobj        :        519          0          0          0
  redcost          :        220          0          0        303
  rootredcost      :          7          0          0          0
  symmetry         :          0          0          0          0
  vbounds          :       4801          0          0          0
Propagator Timings :  TotalTime  SetupTime   Presolve  Propagate    ResProp    SB-Prop
  dualfix          :       0.00       0.00       0.00       0.00       0.00       0.00
  genvbounds       :       0.00       0.00       0.00       0.00       0.00       0.00
  nlobbt           :       0.00       0.00       0.00       0.00       0.00       0.00
  obbt             :       0.00       0.00       0.00       0.00       0.00       0.00
  probing          :       2.45       0.00       2.45       0.00       0.00       0.00
  pseudoobj        :       0.08       0.00       0.00       0.08       0.00       0.00
  redcost          :       0.01       0.00       0.00       0.01       0.00       0.00
  rootredcost      :       0.00       0.00       0.00       0.00       0.00       0.00
  symmetry         :       0.03       0.00       0.03       0.00       0.00       0.00
  vbounds          :       0.01       0.00       0.00       0.00       0.00       0.01
Symmetry           :
  orbitopal red.   :          0 reductions applied,          0 cutoffs
  orbital reduction:          0 reductions applied,          0 cutoffs
  lexicographic red:          0 reductions applied,          0 cutoffs
  shadow tree time :       0.00 s
Conflict Analysis  :       Time      Calls    Success    DomReds  Conflicts   Literals    Reconvs ReconvLits   Dualrays   Nonzeros   LP Iters   (pool size: [10000,10000])
  propagation      :       0.01         15         15          -        340      247.9          0        0.0          -          -          -
  infeasible LP    :       0.00          0          0          -          0        0.0          0        0.0          0        0.0          0
  bound exceed. LP :       0.17         11         10          -        120      301.1          0        0.0          0        0.0        180
  strong branching :       0.00          0          0          -          0        0.0          0        0.0          -          -          0
  pseudo solution  :       0.00          0          0          -          0        0.0          0        0.0          -          -          -
  applied globally :       0.01          -          -          0         56       62.4          -          -          0          -          -
  applied locally  :          -          -          -          0          0        0.0          -          -          0          -          -
Separators         :   ExecTime  SetupTime      Calls  RootCalls    Cutoffs    DomReds  FoundCuts ViaPoolAdd  DirectAdd    Applied ViaPoolApp  DirectApp      Conss
  cut pool         :       0.00          -         10          0          -          -          4          4          -          -          -          -          -    (maximal pool size:          4)
  aggregation      :       1.89       0.00          8          2          0          0          4          4          0          4          4          0          0
  > cmir           :          -          -          -          -          -          -          -          1          0          1          1          0          -
  > flowcover      :          -          -          -          -          -          -          -          3          0          3          3          0          -
  > knapsackcover  :          -          -          -          -          -          -          -          0          0          0          0          0          -
  cgmip            :       0.00       0.00          0          0          0          0          0          0          0          0          0          0          0
  clique           :       0.18       0.00          2          2          0          0          0          0          0          0          0          0          0
  closecuts        :       0.00       0.00          0          0          0          0          0          0          0          0          0          0          0
  convexproj       :       0.00       0.00          0          0          0          0          0          0          0          0          0          0          0
  disjunctive      :       0.00       0.00          0          0          0          0          0          0          0          0          0          0          0
  eccuts           :       0.00       0.00          0          0          0          0          0          0          0          0          0          0          0
  gauge            :       0.00       0.00          0          0          0          0          0          0          0          0          0          0          0
  gomory           :       3.96       0.00          8          2          0          0          0          0          0          0          0          0          0
  > gomorymi       :          -          -          -          -          -          -          -          0          0          0          0          0          -
  > strongcg       :          -          -          -          -          -          -          -          0          0          0          0          0          -
  impliedbounds    :       0.01       0.00          8          2          0          0          0          0          0          0          0          0          0
  interminor       :       0.00       0.00          0          0          0          0          0          0          0          0          0          0          0
  intobj           :       0.00       0.00          0          0          0          0          0          0          0          0          0          0          0
  lagromory        :       0.00       0.00          0          0          0          0          0          0          0          0          0          0          0
  mcf              :       0.04       0.00          2          2          0          0          0          0          0          0          0          0          0
  minor            :       0.00       0.00          0          0          0          0          0          0          0          0          0          0          0
  mixing           :       0.00       0.00          0          0          0          0          0          0          0          0          0          0          0
  oddcycle         :       0.00       0.00          0          0          0          0          0          0          0          0          0          0          0
  rapidlearning    :       0.00       0.00          0          0          0          0          0          0          0          0          0          0          0
  rlt              :       0.00       0.00          2          2          0          0          0          0          0          0          0          0          0
  zerohalf         :       0.13       0.00          8          2          0          0          0          0          0          0          0          0          0
Cutselectors       :   ExecTime  SetupTime      Calls  RootCalls   Selected     Forced   Filtered  RootSelec   RootForc   RootFilt 
  hybrid           :       0.00       0.00          4          0          4          0          0          0          0          0
  ensemble         :       0.00       0.00          0          0          0          0          0          0          0          0
  dynamic          :       0.00       0.00          0          0          0          0          0          0          0          0
Pricers            :   ExecTime  SetupTime      Calls       Vars
  problem variables:       0.00          -          0          0
Branching Rules    :   ExecTime  SetupTime   BranchLP  BranchExt   BranchPS    Cutoffs    DomReds       Cuts      Conss   Children
  allfullstrong    :       0.00       0.00          0          0          0          0          0          0          0          0
  cloud            :       0.00       0.00          0          0          0          0          0          0          0          0
  distribution     :       0.00       0.00          0          0          0          0          0          0          0          0
  fullstrong       :       0.00       0.00          0          0          0          0          0          0          0          0
  general_disjuncti:   86429.79       0.00         81          0          0          0          5          0         15          0
  GeneralDisjunction(extra): subMILPs=172 fairNodes of all MILPs=566524 probingLPs=0
  gomory           :       0.00       0.00          0          0          0          0          0          0          0          0
  inference        :       0.00       0.00          0          0          0          0          0          0          0          0
  leastinf         :       0.00       0.00          0          0          0          0          0          0          0          0
  lookahead        :       0.00       0.00          0          0          0          0          0          0          0          0
  mostinf          :       0.00       0.00          0          0          0          0          0          0          0          0
  multaggr         :       0.00       0.00          0          0          0          0          0          0          0          0
  nodereopt        :       0.00       0.00          0          0          0          0          0          0          0          0
  pscost           :       0.00       0.00          0          0          0          0          0          0          0          0
  random           :       0.00       0.00          0          0          0          0          0          0          0          0
  relpscost        :      44.55       0.00         80          0          0          0          0          0          0        160
  vanillafullstrong:       0.00       0.00          0          0          0          0          0          0          0          0
Primal Heuristics  :   ExecTime  SetupTime      Calls      Found       Best
  LP solutions     :       0.00          -          -          0          0
  relax solutions  :       0.00          -          -          0          0
  pseudo solutions :       0.00          -          -          0          0
  strong branching :       0.00          -          -          0          0
  actconsdiving    :       0.00       0.00          0          0          0
  adaptivediving   :       0.00       0.00          0          0          0
  alns             :       0.08       0.00          1          1          1
  bound            :       0.00       0.00          0          0          0
  clique           :       0.03       0.00          1          0          0
  coefdiving       :       0.00       0.00          0          0          0
  completesol      :       0.00       0.00          0          0          0
  conflictdiving   :       1.42       0.00          1          0          0
  crossover        :       0.00       0.00          0          0          0
  dins             :       0.00       0.00          0          0          0
  distributiondivin:       0.00       0.00          0          0          0
  dps              :       0.00       0.00          0          0          0
  dualval          :       0.00       0.00          0          0          0
  farkasdiving     :       0.80       0.00          1          1          1
  feaspump         :       3.83       0.00          1          1          0
  fixandinfer      :       0.00       0.00          0          0          0
  fracdiving       :       0.00       0.00          0          0          0
  gins             :       0.00       0.00          0          0          0
  guideddiving     :       0.00       0.00          0          0          0
  indicator        :       0.00       0.00          0          0          0
  indicatordiving  :       0.00       0.00          0          0          0
  intdiving        :       0.00       0.00          0          0          0
  intshifting      :       0.00       0.00          0          0          0
  linesearchdiving :       0.00       0.00          0          0          0
  localbranching   :       0.00       0.00          0          0          0
  locks            :       0.04       0.00          1          1          1
  lpface           :       0.00       0.00          0          0          0
  mpec             :       0.00       0.00          0          0          0
  multistart       :       0.00       0.00          0          0          0
  mutation         :       0.00       0.00          0          0          0
  nlpdiving        :       0.00       0.00          0          0          0
  objpscostdiving  :       0.00       0.00          0          0          0
  octane           :       0.00       0.00          0          0          0
  ofins            :       0.00       0.00          0          0          0
  oneopt           :       0.01       0.00          5          3          3
  padm             :       0.00       0.00          0          0          0
  proximity        :       0.00       0.00          0          0          0
  pscostdiving     :       0.04       0.00          1          0          0
  randrounding     :       0.03       0.00          8          3          0
  rens             :       0.00       0.00          0          0          0
  reoptsols        :       0.00       0.00          0          0          0
  repair           :       0.00       0.00          0          0          0
  rins             :       0.00       0.00          0          0          0
  rootsoldiving    :       0.00       0.00          0          0          0
  rounding         :       0.59       0.00         86          1          1
  scheduler        :       0.00       0.00          0          0          0
  shiftandpropagate:       0.00       0.00          0          0          0
  shifting         :       0.13       0.00         12          8          1
  simplerounding   :       0.00       0.00         95          0          0
  subnlp           :       0.00       0.00          0          0          0
  trivial          :       0.00       0.00          2          1          1
  trivialnegation  :       0.00       0.00          0          0          0
  trustregion      :       0.00       0.00          0          0          0
  trysol           :       0.00       0.00          0          0          0
  twoopt           :       0.00       0.00          0          0          0
  undercover       :       0.00       0.00          0          0          0
  vbounds          :       0.10       0.00          1          1          1
  veclendiving     :       0.00       0.00          0          0          0
  zeroobj          :       0.00       0.00          0          0          0
  zirounding       :       0.14       0.00         79         37          1
  other solutions  :          -          -          -          0          -
LNS (Scheduler)    :      Calls  SetupTime  SolveTime SolveNodes       Sols       Best       Exp3    Exp3-IX  EpsGreedy        UCB TgtFixRate  Opt  Inf Node Stal  Sol  Usr Othr Actv
  rens             :          0       0.00       0.00          0          0          0    0.00000    0.12500   -1.00000    1.00000      0.900    0    0    0    0    0    0    0    1
  rins             :          0       0.00       0.00          0          0          0    0.00000    0.12500   -1.00000    1.00000      0.900    0    0    0    0    0    0    0    1
  mutation         :          0       0.00       0.00          0          0          0    0.00000    0.12500   -1.00000    1.00000      0.900    0    0    0    0    0    0    0    1
  localbranching   :          0       0.00       0.00          0          0          0    0.00000    0.12500   -1.00000    1.00000      0.900    0    0    0    0    0    0    0    1
  crossover        :          0       0.00       0.00          0          0          0    0.00000    0.12500   -1.00000    1.00000      0.900    0    0    0    0    0    0    0    1
  proximity        :          0       0.00       0.00          0          0          0    0.00000    0.12500   -1.00000    1.00000      0.900    0    0    0    0    0    0    0    1
  zeroobjective    :          0       0.00       0.00          0          0          0    0.00000    0.12500   -1.00000    1.00000      0.900    0    0    0    0    0    0    0    1
  dins             :          0       0.00       0.00          0          0          0    0.00000    0.12500   -1.00000    1.00000      0.900    0    0    0    0    0    0    0    1
  trustregion      :          0       0.00       0.00          0          0          0    0.00000    0.00000   -1.00000    1.00000      0.900    0    0    0    0    0    0    0    0
LP                 :       Time      Calls Iterations  Iter/call   Iter/sec  Time-0-It Calls-0-It    ItLimit
  primal LP        :       0.02          2          0       0.00       0.00       0.02          2
  dual LP          :       8.57        181      16603     156.63    1938.40       0.13         75
  lex dual LP      :       0.00          0          0       0.00          -
  barrier LP       :       0.00          0          0       0.00          -       0.00          0
  resolve instable :       0.00          0          0       0.00          -
  diving/probing LP:       6.12         12       6787     565.58    1108.76
  strong branching :      92.18        297     154685     520.82    1678.14          -          -        232
    (at root node) :          -         81      44565     550.19          -
  conflict analysis:       0.14         18        180      10.00    1295.44
B&B Tree           :
  number of runs   :          1
  nodes            :        101 (80 internal, 21 leaves)
  feasible leaves  :          0
  infeas. leaves   :          0
  objective leaves :         21
  nodes (total)    :        101 (80 internal, 21 leaves)
  nodes left       :         59
  max depth        :         40
  max depth (total):         40
  backtracks       :          7 (6.9%)
  early backtracks :          0 (0.0%)
  nodes exc. ref.  :          0 (0.0%)
  delayed cutoffs  :          1
  repropagations   :          1 (0 domain reductions, 1 cutoffs)
  avg switch length:       1.98
  switching time   :       0.04
Root Node          :
  First LP value   : -1.33720555216556e+04
  First LP Iters   :       6411 (5070.45 Iter/sec)
  First LP Time    :       1.26
  Final Dual Bound : -1.33131859110154e+04
  Final Root Iters :       6411
  Root LP Estimate : -5.85284101084253e+03
Solution           :
  Solutions found  :         58 (11 improvements)
  First Solution   : +0.00000000000000e+00   (in run 1, after 0 nodes, 0.05 seconds, depth 0, found by <trivial>)
  Gap First Sol.   :   infinite
  Gap Last Sol.    :      30.80 %
  Primal Bound     : -1.00930000000000e+04   (in run 1, after 16 nodes, 14120.93 seconds, depth 13, found by <oneopt>)
  Dual Bound       : -1.32013614886946e+04
  Gap              :      30.80 %
Integrals          :      Total       Avg%
  primal-dual      : 2218844.43      25.65
  primal-ref       :          -          - (not evaluated)
  dual-ref         :          -          - (not evaluated)
