SCIP version 9.2.2 [precision: 8 byte] [memory: block] [mode: optimized] [LP solver: CPLEX 12.10.0.0] [GitHash: 416226a4f8]
Copyright (c) 2002-2025 Zuse Institute Berlin (ZIB)

reading parameter file </scratch/htc/yzhou/exp_scipmip/settings/allon_gendj.set>

read problem </scratch/htc/yzhou/exp_scipmip/instances/additional/prod2.mps>
============

original problem has 301 variables (200 bin, 0 int, 0 impl, 101 cont) and 211 constraints
    211 constraints of type <linear>
Reading Time: 0.02
solve problem
=============
LP Solver <CPLEX 12.10.0.0>: fastmip setting not available -- SCIP parameter has no effect
LP Solver <CPLEX 12.10.0.0>: clock type cannot be set
LP Solver <CPLEX 12.10.0.0>: row representation of the basis not available -- SCIP parameter lp/rowrepswitch has no effect
LP Solver <CPLEX 12.10.0.0>: solution polishing not available -- SCIP parameter lp/solutionpolishing has no effect
LP Solver <CPLEX 12.10.0.0>: refactorization interval not available -- SCIP parameter lp/refactorinterval has no effect
transformed problem has 301 variables (200 bin, 0 int, 0 impl, 101 cont) and 211 constraints
    211 constraints of type <linear>

original problem has 10501 active (16.5341%) nonzeros and 10501 (16.5341%) check nonzeros

presolving:
(round 1, fast)       101 del vars, 101 del conss, 0 add conss, 2 chg bounds, 100 chg sides, 358 chg coeffs, 0 upgd conss, 0 impls, 10 clqs
(round 2, exhaustive) 101 del vars, 101 del conss, 0 add conss, 2 chg bounds, 100 chg sides, 358 chg coeffs, 10 upgd conss, 0 impls, 10 clqs
   (0.0s) probing: 51/200 (25.5%) - 0 fixings, 0 aggregations, 0 implications, 0 bound changes
   (0.0s) probing aborted: 50/50 successive totally useless probings
   (0.1s) symmetry computation started: requiring (bin +, int +, cont +), (fixed: bin -, int -, cont -)
   (0.1s) no symmetry present (symcode time: 0.00)
clique table cleanup detected 0 bound changes

presolved problem has 10200 active (46.3636%) nonzeros and 10200 (46.3636%) check nonzeros

presolving (3 rounds: 3 fast, 2 medium, 2 exhaustive):
 101 deleted vars, 101 deleted constraints, 0 added constraints, 2 tightened bounds, 0 added holes, 100 changed sides, 358 changed coefficients
 0 implications, 10 cliques
presolved problem has 200 variables (200 bin, 0 int, 0 impl, 0 cont) and 110 constraints
     10 constraints of type <setppc>
    100 constraints of type <linear>
transformed objective value is always integral (scale: 1)
Presolving Time: 0.09

 time | node  | left  |LP iter|LP it/n|mem/heur|mdpt |vars |cons |rows |cuts |sepa|confs|strbr|  dualbound   | primalbound  |  gap   | compl. 
p 0.1s|     1 |     0 |     0 |     - |  clique|   0 | 200 | 110 | 110 |   0 |  0 |   0 |   0 |-1.000000e+02 |-5.200000e+01 |  92.31%| unknown
  0.1s|     1 |     0 |   181 |     - |    31M |   0 | 200 | 113 | 110 |   0 |  0 |   3 |   0 |-8.698077e+01 |-5.200000e+01 |  67.27%| unknown
  0.2s|     1 |     0 |   187 |     - |    35M |   0 | 200 | 113 | 113 |   3 |  1 |   3 |   0 |-8.692202e+01 |-5.200000e+01 |  67.16%| unknown
  0.2s|     1 |     0 |   207 |     - |    37M |   0 | 200 | 113 | 114 |   4 |  2 |   3 |   0 |-8.653555e+01 |-5.200000e+01 |  66.41%| unknown
  0.2s|     1 |     0 |   221 |     - |    41M |   0 | 200 | 113 | 119 |   9 |  3 |   3 |   0 |-8.628816e+01 |-5.200000e+01 |  65.94%| unknown
  0.3s|     1 |     0 |   225 |     - |    41M |   0 | 200 | 113 | 120 |  10 |  4 |   3 |   0 |-8.628048e+01 |-5.200000e+01 |  65.92%| unknown
  0.3s|     1 |     0 |   231 |     - |    44M |   0 | 200 | 113 | 124 |  14 |  5 |   3 |   0 |-8.627540e+01 |-5.200000e+01 |  65.91%| unknown
  0.4s|     1 |     0 |   237 |     - |    46M |   0 | 200 | 113 | 127 |  17 |  6 |   3 |   0 |-8.627006e+01 |-5.200000e+01 |  65.90%| unknown
  0.4s|     1 |     0 |   264 |     - |    51M |   0 | 200 | 115 | 128 |  18 |  7 |   5 |   0 |-8.612994e+01 |-5.200000e+01 |  65.63%| unknown
  0.5s|     1 |     0 |   273 |     - |    54M |   0 | 200 | 115 | 132 |  22 |  8 |   5 |   0 |-8.611413e+01 |-5.200000e+01 |  65.60%| unknown
  0.5s|     1 |     0 |   279 |     - |    54M |   0 | 200 | 115 | 136 |  26 |  9 |   5 |   0 |-8.611158e+01 |-5.200000e+01 |  65.60%| unknown
  0.6s|     1 |     0 |   291 |     - |    59M |   0 | 200 | 115 | 140 |  30 | 10 |   5 |   0 |-8.610493e+01 |-5.200000e+01 |  65.59%| unknown
  0.6s|     1 |     0 |   295 |     - |    60M |   0 | 200 | 115 | 144 |  35 | 11 |   5 |   0 |-8.609989e+01 |-5.200000e+01 |  65.58%| unknown
  0.6s|     1 |     0 |   312 |     - |    60M |   0 | 200 | 115 | 145 |  36 | 12 |   5 |   0 |-8.602724e+01 |-5.200000e+01 |  65.44%| unknown
  0.7s|     1 |     0 |   321 |     - |    60M |   0 | 200 | 115 | 153 |  44 | 13 |   5 |   0 |-8.602264e+01 |-5.200000e+01 |  65.43%| unknown
 time | node  | left  |LP iter|LP it/n|mem/heur|mdpt |vars |cons |rows |cuts |sepa|confs|strbr|  dualbound   | primalbound  |  gap   | compl. 
  0.7s|     1 |     0 |   341 |     - |    64M |   0 | 200 | 115 | 154 |  45 | 14 |   5 |   0 |-8.596080e+01 |-5.200000e+01 |  65.31%| unknown
  0.8s|     1 |     0 |   345 |     - |    64M |   0 | 200 | 115 | 156 |  47 | 15 |   5 |   0 |-8.595725e+01 |-5.200000e+01 |  65.30%| unknown
  0.8s|     1 |     0 |   349 |     - |    64M |   0 | 200 | 115 | 159 |  50 | 16 |   5 |   0 |-8.595598e+01 |-5.200000e+01 |  65.30%| unknown
  0.9s|     1 |     0 |   353 |     - |    64M |   0 | 200 | 115 | 148 |  53 | 17 |   5 |   0 |-8.595461e+01 |-5.200000e+01 |  65.30%| unknown
  0.9s|     1 |     0 |   377 |     - |    64M |   0 | 200 | 115 | 149 |  54 | 18 |   5 |   0 |-8.586255e+01 |-5.200000e+01 |  65.12%| unknown
  0.9s|     1 |     0 |   387 |     - |    65M |   0 | 200 | 115 | 152 |  57 | 19 |   5 |   0 |-8.583292e+01 |-5.200000e+01 |  65.06%| unknown
  1.0s|     1 |     0 |   400 |     - |    67M |   0 | 200 | 115 | 154 |  59 | 20 |   5 |   0 |-8.582006e+01 |-5.200000e+01 |  65.04%| unknown
  1.0s|     1 |     0 |   424 |     - |    69M |   0 | 200 | 115 | 163 |  68 | 21 |   5 |   0 |-8.579774e+01 |-5.200000e+01 |  65.00%| unknown
  1.1s|     1 |     0 |   444 |     - |    69M |   0 | 200 | 115 | 165 |  70 | 22 |   5 |   0 |-8.576431e+01 |-5.200000e+01 |  64.93%| unknown
  1.1s|     1 |     0 |   457 |     - |    69M |   0 | 200 | 115 | 145 |  71 | 23 |   5 |   0 |-8.575490e+01 |-5.200000e+01 |  64.91%| unknown
r 1.1s|     1 |     0 |   457 |     - |shifting|   0 | 200 | 115 | 145 |  71 | 23 |   5 |   0 |-8.575490e+01 |-5.500000e+01 |  55.92%| unknown
  1.2s|     1 |     0 |   476 |     - |    70M |   0 | 200 | 115 | 146 |  72 | 24 |   5 |   0 |-8.574050e+01 |-5.500000e+01 |  55.89%| unknown
i 1.2s|     1 |     0 |   476 |     - |  oneopt|   0 | 200 | 112 | 146 |  72 | 24 |   5 |   0 |-8.574050e+01 |-5.600000e+01 |  53.11%| unknown
  1.2s|     1 |     0 |   490 |     - |    70M |   0 | 200 | 112 | 154 |  80 | 25 |   5 |   0 |-8.573265e+01 |-5.600000e+01 |  53.09%| unknown
  1.3s|     1 |     0 |   498 |     - |    71M |   0 | 200 | 114 | 163 |  89 | 26 |   7 |   0 |-8.572376e+01 |-5.600000e+01 |  53.08%| unknown
 time | node  | left  |LP iter|LP it/n|mem/heur|mdpt |vars |cons |rows |cuts |sepa|confs|strbr|  dualbound   | primalbound  |  gap   | compl. 
  1.3s|     1 |     0 |   512 |     - |    71M |   0 | 200 | 114 | 164 |  90 | 27 |   7 |   0 |-8.570503e+01 |-5.600000e+01 |  53.04%| unknown
  1.3s|     1 |     0 |   521 |     - |    71M |   0 | 200 | 114 | 177 | 103 | 28 |   7 |   0 |-8.570157e+01 |-5.600000e+01 |  53.04%| unknown
  1.4s|     1 |     0 |   534 |     - |    76M |   0 | 200 | 114 | 176 | 114 | 29 |   7 |   0 |-8.569536e+01 |-5.600000e+01 |  53.03%| unknown
  1.4s|     1 |     0 |   541 |     - |    76M |   0 | 200 | 114 | 184 | 122 | 30 |   7 |   0 |-8.569005e+01 |-5.600000e+01 |  53.02%| unknown
  1.5s|     1 |     0 |   545 |     - |    76M |   0 | 200 | 114 | 186 | 124 | 31 |   7 |   0 |-8.568974e+01 |-5.600000e+01 |  53.02%| unknown
  1.5s|     1 |     0 |   562 |     - |    76M |   0 | 200 | 114 | 190 | 128 | 32 |   7 |   0 |-8.567980e+01 |-5.600000e+01 |  53.00%| unknown
  1.6s|     1 |     0 |   575 |     - |    76M |   0 | 200 | 114 | 193 | 131 | 33 |   7 |   0 |-8.566831e+01 |-5.600000e+01 |  52.98%| unknown
  1.6s|     1 |     0 |   580 |     - |    77M |   0 | 200 | 114 | 196 | 134 | 34 |   7 |   0 |-8.566768e+01 |-5.600000e+01 |  52.98%| unknown
  1.7s|     1 |     0 |   602 |     - |    77M |   0 | 200 | 114 | 182 | 135 | 35 |   7 |   0 |-8.564919e+01 |-5.600000e+01 |  52.94%| unknown
  1.7s|     1 |     0 |   613 |     - |    77M |   0 | 200 | 114 | 198 | 151 | 36 |   7 |   0 |-8.564627e+01 |-5.600000e+01 |  52.94%| unknown
  1.8s|     1 |     0 |   624 |     - |    77M |   0 | 200 | 114 | 208 | 161 | 37 |   7 |   0 |-8.564476e+01 |-5.600000e+01 |  52.94%| unknown
  1.8s|     1 |     0 |   631 |     - |    77M |   0 | 200 | 114 | 212 | 165 | 38 |   7 |   0 |-8.564425e+01 |-5.600000e+01 |  52.94%| unknown
  1.9s|     1 |     0 |   637 |     - |    77M |   0 | 200 | 116 | 218 | 171 | 39 |   9 |   0 |-8.564323e+01 |-5.600000e+01 |  52.93%| unknown
  1.9s|     1 |     0 |   643 |     - |    77M |   0 | 200 | 116 | 222 | 175 | 40 |   9 |   0 |-8.564296e+01 |-5.600000e+01 |  52.93%| unknown
  2.0s|     1 |     0 |   647 |     - |    77M |   0 | 200 | 116 | 188 | 177 | 41 |   9 |   0 |-8.564281e+01 |-5.600000e+01 |  52.93%| unknown
 time | node  | left  |LP iter|LP it/n|mem/heur|mdpt |vars |cons |rows |cuts |sepa|confs|strbr|  dualbound   | primalbound  |  gap   | compl. 
  2.0s|     1 |     0 |   649 |     - |    77M |   0 | 200 | 116 | 189 | 178 | 42 |   9 |   0 |-8.564281e+01 |-5.600000e+01 |  52.93%| unknown
  2.0s|     1 |     0 |   652 |     - |    77M |   0 | 200 | 116 | 190 | 179 | 43 |   9 |   0 |-8.564280e+01 |-5.600000e+01 |  52.93%| unknown
L 2.2s|     1 |     0 |   839 |     - |    rens|   0 | 200 | 118 | 190 | 179 | 44 |  11 |   0 |-8.564280e+01 |-5.800000e+01 |  47.66%| unknown
  2.2s|     1 |     0 |   839 |     - |    77M |   0 | 200 | 118 | 190 | 179 | 44 |  11 |   0 |-8.564280e+01 |-5.800000e+01 |  47.66%| unknown
_____________________________________
Now starting branching with general disjunction
Current branching Node number: 1
Relpscost reduced domain, skip general disjunction branching
  2.3s|     1 |     0 |   904 |     - |    77M |   0 | 200 | 118 | 190 | 179 | 45 |  21 |  22 |-8.353375e+01 |-5.800000e+01 |  44.02%| unknown
  2.4s|     1 |     0 |   914 |     - |    79M |   0 | 200 | 117 | 192 | 181 | 46 |  21 |  22 |-8.350300e+01 |-5.800000e+01 |  43.97%| unknown
  2.4s|     1 |     0 |   923 |     - |    79M |   0 | 200 | 117 | 177 | 182 | 47 |  21 |  22 |-8.349580e+01 |-5.800000e+01 |  43.96%| unknown
_____________________________________
Now starting branching with general disjunction
Current branching Node number: 1
Relpscost reduced domain, skip general disjunction branching
  2.4s|     1 |     0 |   974 |     - |    79M |   0 | 200 | 116 | 177 | 182 | 47 |  31 |  40 |-8.071177e+01 |-5.800000e+01 |  39.16%| unknown
  2.4s|     1 |     0 |   990 |     - |    79M |   0 | 200 | 116 | 180 | 185 | 48 |  31 |  40 |-8.065352e+01 |-5.800000e+01 |  39.06%| unknown
  2.5s|     1 |     0 |   999 |     - |    79M |   0 | 200 | 116 | 188 | 193 | 49 |  31 |  40 |-8.061806e+01 |-5.800000e+01 |  39.00%| unknown
_____________________________________
Now starting branching with general disjunction
Current branching Node number: 1
Relpscost reduced domain, skip general disjunction branching
  2.6s|     1 |     0 |  1060 |     - |    79M |   0 | 200 | 115 | 188 | 193 | 49 |  39 |  75 |-7.801375e+01 |-5.800000e+01 |  34.51%| unknown
  2.6s|     1 |     0 |  1079 |     - |    79M |   0 | 200 | 114 | 191 | 196 | 50 |  39 |  75 |-7.801375e+01 |-5.800000e+01 |  34.51%| unknown
  2.6s|     1 |     0 |  1096 |     - |    79M |   0 | 200 | 114 | 160 | 199 | 51 |  39 |  75 |-7.801375e+01 |-5.800000e+01 |  34.51%| unknown
_____________________________________
Now starting branching with general disjunction
Current branching Node number: 1
LP objective value: 21.6927
Node lower bound: 21.9862
Node upper bound: -58
gap to the primal bound: 0.345065
Preck submodel is infeasible, continue branching
Time limit exceeded (1000.09s), stopping submodel solve loop
General disjunction: No feasible solution found, use SCIP default branching rule
 1003s|     1 |     2 |  1096 |     - |    79M |   0 | 200 | 114 | 160 | 199 | 51 |  39 |  81 |-7.801375e+01 |-5.800000e+01 |  34.51%| unknown
(run 1, node 1) restarting after 14 global fixings of integer variables

(restart) converted 50 cuts from the global cut pool into linear constraints

presolving:
(round 1, fast)       14 del vars, 29 del conss, 0 add conss, 0 chg bounds, 0 chg sides, 0 chg coeffs, 0 upgd conss, 0 impls, 10 clqs
clique table cleanup detected 0 bound changes

presolved problem has 12507 active (49.8088%) nonzeros and 8786 (34.99%) check nonzeros

presolving (2 rounds: 2 fast, 1 medium, 1 exhaustive):
 14 deleted vars, 29 deleted constraints, 0 added constraints, 0 tightened bounds, 0 added holes, 0 changed sides, 0 changed coefficients
 0 implications, 10 cliques
presolved problem has 186 variables (186 bin, 0 int, 0 impl, 0 cont) and 135 constraints
     10 constraints of type <setppc>
    123 constraints of type <linear>
      2 constraints of type <logicor>
transformed objective value is always integral (scale: 1)
Presolving Time: 0.09
transformed 12/12 original solutions to the transformed problem space

 time | node  | left  |LP iter|LP it/n|mem/heur|mdpt |vars |cons |rows |cuts |sepa|confs|strbr|  dualbound   | primalbound  |  gap   | compl. 
 1003s|     1 |     0 |  1234 |     - |    78M |   0 | 186 | 135 | 129 |   0 |  0 |  39 |  81 |-7.801375e+01 |-5.800000e+01 |  34.51%| unknown
 1003s|     1 |     0 |  1240 |     - |    78M |   0 | 186 | 135 | 130 |   1 |  1 |  39 |  81 |-7.801375e+01 |-5.800000e+01 |  34.51%| unknown
 1003s|     1 |     0 |  1273 |     - |    78M |   0 | 186 | 135 | 131 |   2 |  2 |  39 |  81 |-7.801375e+01 |-5.800000e+01 |  34.51%| unknown
 1003s|     1 |     0 |  1284 |     - |    78M |   0 | 186 | 135 | 134 |   5 |  3 |  39 |  81 |-7.801375e+01 |-5.800000e+01 |  34.51%| unknown
 1003s|     1 |     0 |  1290 |     - |    78M |   0 | 186 | 135 | 137 |   8 |  4 |  39 |  81 |-7.801375e+01 |-5.800000e+01 |  34.51%| unknown
 1003s|     1 |     0 |  1305 |     - |    78M |   0 | 186 | 135 | 138 |   9 |  5 |  39 |  81 |-7.801375e+01 |-5.800000e+01 |  34.51%| unknown
 1003s|     1 |     0 |  1314 |     - |    78M |   0 | 186 | 135 | 139 |  10 |  6 |  39 |  81 |-7.801375e+01 |-5.800000e+01 |  34.51%| unknown
 1003s|     1 |     0 |  1317 |     - |    78M |   0 | 186 | 135 | 142 |  13 |  7 |  39 |  81 |-7.801375e+01 |-5.800000e+01 |  34.51%| unknown
 1003s|     1 |     0 |  1331 |     - |    78M |   0 | 186 | 135 | 143 |  14 |  8 |  39 |  81 |-7.801375e+01 |-5.800000e+01 |  34.51%| unknown
 1003s|     1 |     0 |  1339 |     - |    78M |   0 | 186 | 135 | 144 |  15 |  9 |  39 |  81 |-7.801375e+01 |-5.800000e+01 |  34.51%| unknown
 1003s|     1 |     0 |  1359 |     - |    79M |   0 | 186 | 135 | 145 |  16 | 10 |  39 |  81 |-7.801375e+01 |-5.800000e+01 |  34.51%| unknown
 1003s|     1 |     0 |  1368 |     - |    79M |   0 | 186 | 135 | 128 |  20 | 11 |  39 |  81 |-7.801375e+01 |-5.800000e+01 |  34.51%| unknown
 1003s|     1 |     0 |  1373 |     - |    79M |   0 | 186 | 135 | 129 |  21 | 12 |  39 |  81 |-7.801375e+01 |-5.800000e+01 |  34.51%| unknown
 1003s|     1 |     0 |  1378 |     - |    79M |   0 | 186 | 137 | 130 |  22 | 13 |  41 |  81 |-7.801375e+01 |-5.800000e+01 |  34.51%| unknown
 1003s|     1 |     0 |  1393 |     - |    79M |   0 | 186 | 137 | 135 |  27 | 14 |  41 |  81 |-7.801375e+01 |-5.800000e+01 |  34.51%| unknown
 time | node  | left  |LP iter|LP it/n|mem/heur|mdpt |vars |cons |rows |cuts |sepa|confs|strbr|  dualbound   | primalbound  |  gap   | compl. 
 1003s|     1 |     0 |  1411 |     - |    80M |   0 | 186 | 137 | 136 |  28 | 15 |  41 |  81 |-7.801375e+01 |-5.800000e+01 |  34.51%| unknown
 1003s|     1 |     0 |  1418 |     - |    80M |   0 | 186 | 137 | 140 |  32 | 16 |  41 |  81 |-7.801375e+01 |-5.800000e+01 |  34.51%| unknown
 1003s|     1 |     0 |  1427 |     - |    80M |   0 | 186 | 137 | 133 |  35 | 17 |  41 |  81 |-7.801375e+01 |-5.800000e+01 |  34.51%| unknown
 1003s|     1 |     0 |  1442 |     - |    80M |   0 | 186 | 137 | 134 |  36 | 18 |  41 |  81 |-7.801375e+01 |-5.800000e+01 |  34.51%| unknown
 1003s|     1 |     0 |  1452 |     - |    80M |   0 | 186 | 137 | 136 |  38 | 19 |  41 |  81 |-7.801375e+01 |-5.800000e+01 |  34.51%| unknown
 1003s|     1 |     0 |  1459 |     - |    80M |   0 | 186 | 137 | 139 |  41 | 20 |  41 |  81 |-7.801375e+01 |-5.800000e+01 |  34.51%| unknown
 1003s|     1 |     0 |  1467 |     - |    80M |   0 | 186 | 137 | 140 |  42 | 21 |  41 |  81 |-7.801375e+01 |-5.800000e+01 |  34.51%| unknown
 1003s|     1 |     0 |  1473 |     - |    80M |   0 | 186 | 137 | 146 |  48 | 22 |  41 |  81 |-7.801375e+01 |-5.800000e+01 |  34.51%| unknown
 1004s|     1 |     0 |  1486 |     - |    80M |   0 | 186 | 137 | 139 |  50 | 23 |  41 |  81 |-7.801375e+01 |-5.800000e+01 |  34.51%| unknown
 1004s|     1 |     0 |  1489 |     - |    80M |   0 | 186 | 137 | 141 |  52 | 24 |  41 |  81 |-7.801375e+01 |-5.800000e+01 |  34.51%| unknown
 1004s|     1 |     0 |  1498 |     - |    80M |   0 | 186 | 139 | 145 |  56 | 25 |  43 |  81 |-7.801375e+01 |-5.800000e+01 |  34.51%| unknown
 1004s|     1 |     0 |  1500 |     - |    80M |   0 | 186 | 139 | 147 |  58 | 26 |  43 |  81 |-7.801375e+01 |-5.800000e+01 |  34.51%| unknown
 1004s|     1 |     0 |  1502 |     - |    80M |   0 | 186 | 139 | 149 |  60 | 27 |  43 |  81 |-7.801375e+01 |-5.800000e+01 |  34.51%| unknown
 1004s|     1 |     0 |  1506 |     - |    80M |   0 | 186 | 139 | 152 |  63 | 28 |  43 |  81 |-7.801375e+01 |-5.800000e+01 |  34.51%| unknown
 1004s|     1 |     0 |  1508 |     - |    80M |   0 | 186 | 139 | 137 |  65 | 29 |  43 |  81 |-7.801375e+01 |-5.800000e+01 |  34.51%| unknown
 time | node  | left  |LP iter|LP it/n|mem/heur|mdpt |vars |cons |rows |cuts |sepa|confs|strbr|  dualbound   | primalbound  |  gap   | compl. 
 1004s|     1 |     0 |  1509 |     - |    80M |   0 | 186 | 139 | 138 |  66 | 30 |  43 |  81 |-7.801375e+01 |-5.800000e+01 |  34.51%| unknown
 1004s|     1 |     0 |  1511 |     - |    80M |   0 | 186 | 139 | 140 |  68 | 31 |  43 |  81 |-7.801375e+01 |-5.800000e+01 |  34.51%| unknown
 1004s|     1 |     0 |  1512 |     - |    80M |   0 | 186 | 139 | 142 |  70 | 32 |  43 |  81 |-7.801375e+01 |-5.800000e+01 |  34.51%| unknown
 1004s|     1 |     0 |  1513 |     - |    80M |   0 | 186 | 139 | 143 |  71 | 33 |  43 |  81 |-7.801375e+01 |-5.800000e+01 |  34.51%| unknown
L1004s|     1 |     0 |  1640 |     - |    rens|   0 | 186 | 143 | 143 |  71 | 34 |  47 |  81 |-7.801375e+01 |-6.000000e+01 |  30.02%| unknown
 1004s|     1 |     0 |  1640 |     - |    80M |   0 | 186 | 143 | 143 |  71 | 34 |  47 |  81 |-7.801375e+01 |-6.000000e+01 |  30.02%| unknown
 1004s|     1 |     0 |  1648 |     - |    80M |   0 | 186 | 143 | 144 |  72 | 35 |  47 |  81 |-7.801307e+01 |-6.000000e+01 |  30.02%| unknown
 1004s|     1 |     0 |  1650 |     - |    80M |   0 | 186 | 143 | 146 |  74 | 36 |  47 |  81 |-7.801286e+01 |-6.000000e+01 |  30.02%| unknown
_____________________________________
Now starting branching with general disjunction
Current branching Node number: 1
LP objective value: 7.98714
Node lower bound: 8.52092
Node upper bound: -60
gap to the primal bound: 0.291318
Preck submodel is infeasible, continue branching
Time limit exceeded (1257.7s), stopping submodel solve loop
General disjunction: No feasible solution found, use SCIP default branching rule
 2262s|     1 |     2 |  1650 |     - |    80M |   0 | 186 | 145 | 146 |  74 | 36 |  49 | 135 |-7.747908e+01 |-6.000000e+01 |  29.13%| unknown
_____________________________________
Now starting branching with general disjunction
Current branching Node number: 3
LP objective value: 8.48288
Node lower bound: 8.85982
Node upper bound: -60
gap to the primal bound: 0.291318
Preck submodel is infeasible, continue branching
Time limit exceeded (1023.92s), stopping submodel solve loop
General disjunction: No feasible solution found, use SCIP default branching rule
_____________________________________
Now starting branching with general disjunction
Current branching Node number: 5
LP objective value: 8.7943
Node lower bound: 9.25843
Node upper bound: -60
gap to the primal bound: 0.291318
Preck submodel is infeasible, continue branching
Time limit exceeded (1846.81s), stopping submodel solve loop
General disjunction: No feasible solution found, use SCIP default branching rule
_____________________________________
Now starting branching with general disjunction
Current branching Node number: 7
LP objective value: 9.11397
Node lower bound: 9.32551
Node upper bound: -60
gap to the primal bound: 0.291318
Preck submodel is infeasible, continue branching
Time limit exceeded (1786.06s), stopping submodel solve loop
General disjunction: No feasible solution found, use SCIP default branching rule
_____________________________________
Now starting branching with general disjunction
Current branching Node number: 9
LP objective value: 9.43939
Node lower bound: 9.83979
Node upper bound: -60
gap to the primal bound: 0.291318
Preck submodel is infeasible, continue branching
Time limit exceeded (1428.74s), stopping submodel solve loop
General disjunction: No feasible solution found, use SCIP default branching rule
_____________________________________
Now starting branching with general disjunction
Current branching Node number: 10
Relpscost reduced domain, skip general disjunction branching
_____________________________________
Now starting branching with general disjunction
Current branching Node number: 10
Relpscost reduced domain, skip general disjunction branching
_____________________________________
Now starting branching with general disjunction
Current branching Node number: 10
Relpscost reduced domain, skip general disjunction branching
_____________________________________
Now starting branching with general disjunction
Current branching Node number: 10
Relpscost reduced domain, skip general disjunction branching
_____________________________________
Now starting branching with general disjunction
Current branching Node number: 10
Relpscost reduced domain, skip general disjunction branching
_____________________________________
Now starting branching with general disjunction
Current branching Node number: 10
Relpscost reduced domain, skip general disjunction branching
_____________________________________
Now starting branching with general disjunction
Current branching Node number: 11
LP objective value: 9.83979
Node lower bound: 10.4574
Node upper bound: -60
gap to the primal bound: 0.291318
Preck submodel is infeasible, continue branching
Time limit exceeded (1151.66s), stopping submodel solve loop
General disjunction: No feasible solution found, use SCIP default branching rule
_____________________________________
Now starting branching with general disjunction
Current branching Node number: 13
LP objective value: 10.1985
Node lower bound: 10.9611
Node upper bound: -60
gap to the primal bound: 0.291318
Preck submodel is infeasible, continue branching
Time limit exceeded (1152.42s), stopping submodel solve loop
General disjunction: No feasible solution found, use SCIP default branching rule
_____________________________________
Now starting branching with general disjunction
Current branching Node number: 14
Relpscost reduced domain, skip general disjunction branching
_____________________________________
Now starting branching with general disjunction
Current branching Node number: 14
Relpscost reduced domain, skip general disjunction branching
_____________________________________
Now starting branching with general disjunction
Current branching Node number: 14
LP objective value: 13.2502
Node lower bound: 13.2502
Node upper bound: -60
gap to the primal bound: 0.291318
Preck submodel is infeasible, continue branching
Time limit exceeded (1019.12s), stopping submodel solve loop
General disjunction: No feasible solution found, use SCIP default branching rule
_____________________________________
Now starting branching with general disjunction
Current branching Node number: 17
LP objective value: 13.4125
Node lower bound: 13.6821
Node upper bound: -60
gap to the primal bound: 0.291318
Preck submodel is infeasible, continue branching
Time limit exceeded (1393.39s), stopping submodel solve loop
General disjunction: No feasible solution found, use SCIP default branching rule
_____________________________________
Now starting branching with general disjunction
Current branching Node number: 18
LP objective value: 13.5042
Node lower bound: 13.7198
Node upper bound: -60
gap to the primal bound: 0.291318
Preck submodel is infeasible, continue branching
Time limit exceeded (1098.34s), stopping submodel solve loop
General disjunction: No feasible solution found, use SCIP default branching rule
_____________________________________
Now starting branching with general disjunction
Current branching Node number: 21
LP objective value: 15.2373
Node lower bound: 15.2678
Node upper bound: -60
gap to the primal bound: 0.291318
Preck submodel is infeasible, continue branching
Time limit exceeded (1277.82s), stopping submodel solve loop
General disjunction: No feasible solution found, use SCIP default branching rule
_____________________________________
Now starting branching with general disjunction
Current branching Node number: 22
Relpscost reduced domain, skip general disjunction branching
_____________________________________
Now starting branching with general disjunction
Current branching Node number: 22
LP objective value: 15.2744
Node lower bound: 15.325
Node upper bound: -60
gap to the primal bound: 0.291318
Preck submodel is infeasible, continue branching
Time limit exceeded (1481.91s), stopping submodel solve loop
General disjunction: No feasible solution found, use SCIP default branching rule
_____________________________________
Now starting branching with general disjunction
Current branching Node number: 25
LP objective value: 15.9585
Node lower bound: 16.0759
Node upper bound: -60
gap to the primal bound: 0.291318
Preck submodel is infeasible, continue branching
Time limit exceeded (1015.97s), stopping submodel solve loop
General disjunction: No feasible solution found, use SCIP default branching rule
_____________________________________
Now starting branching with general disjunction
Current branching Node number: 26
Relpscost reduced domain, skip general disjunction branching
_____________________________________
Now starting branching with general disjunction
Current branching Node number: 26
Relpscost reduced domain, skip general disjunction branching
_____________________________________
Now starting branching with general disjunction
Current branching Node number: 26
Relpscost reduced domain, skip general disjunction branching
_____________________________________
Now starting branching with general disjunction
Current branching Node number: 26
LP objective value: 16.3167
Node lower bound: 16.6779
Node upper bound: -60
gap to the primal bound: 0.291318
Preck submodel is infeasible, continue branching
Time limit exceeded (1812.56s), stopping submodel solve loop
General disjunction: No feasible solution found, use SCIP default branching rule
_____________________________________
Now starting branching with general disjunction
Current branching Node number: 29
Relpscost reduced domain, skip general disjunction branching
_____________________________________
Now starting branching with general disjunction
Current branching Node number: 29
Relpscost reduced domain, skip general disjunction branching
_____________________________________
Now starting branching with general disjunction
Current branching Node number: 29
LP objective value: 16.9108
Node lower bound: 17.0322
Node upper bound: -60
gap to the primal bound: 0.291318
Preck submodel is infeasible, continue branching
Time limit exceeded (1604.66s), stopping submodel solve loop
General disjunction: No feasible solution found, use SCIP default branching rule
_____________________________________
Now starting branching with general disjunction
Current branching Node number: 31
LP objective value: 17.2405
Node lower bound: 17.2887
Node upper bound: -60
gap to the primal bound: 0.291318
Preck submodel is infeasible, continue branching
Time limit exceeded (1525.49s), stopping submodel solve loop
General disjunction: No feasible solution found, use SCIP default branching rule
_____________________________________
Now starting branching with general disjunction
Current branching Node number: 33
LP objective value: 17.9433
Node lower bound: 18.0028
Node upper bound: -60
gap to the primal bound: 0.291318
Preck submodel is infeasible, continue branching
Time limit exceeded (1797.08s), stopping submodel solve loop
General disjunction: No feasible solution found, use SCIP default branching rule
_____________________________________
Now starting branching with general disjunction
Current branching Node number: 35
LP objective value: 18.6222
Node lower bound: 18.6515
Node upper bound: -60
gap to the primal bound: 0.291318
Preck submodel is infeasible, continue branching
Time limit exceeded (1266.48s), stopping submodel solve loop
General disjunction: No feasible solution found, use SCIP default branching rule
_____________________________________
Now starting branching with general disjunction
Current branching Node number: 15
LP objective value: 10.9345
Node lower bound: 11.6915
Node upper bound: -60
gap to the primal bound: 0.291318
Preck submodel is infeasible, continue branching
Time limit exceeded (1189.19s), stopping submodel solve loop
General disjunction: No feasible solution found, use SCIP default branching rule
_____________________________________
Now starting branching with general disjunction
Current branching Node number: 38
LP objective value: 11.2524
Node lower bound: 11.6915
Node upper bound: -60
gap to the primal bound: 0.291318
Preck submodel is infeasible, continue branching
Time limit exceeded (1098.76s), stopping submodel solve loop
General disjunction: No feasible solution found, use SCIP default branching rule
_____________________________________
Now starting branching with general disjunction
Current branching Node number: 40
LP objective value: 12.2026
Node lower bound: 12.8293
Node upper bound: -60
gap to the primal bound: 0.291318
Preck submodel is infeasible, continue branching
Time limit exceeded (1075s), stopping submodel solve loop
General disjunction: No feasible solution found, use SCIP default branching rule
_____________________________________
Now starting branching with general disjunction
Current branching Node number: 43
LP objective value: 14.2127
Node lower bound: 14.3107
Node upper bound: -60
gap to the primal bound: 0.291318
Preck submodel is infeasible, continue branching
Time limit exceeded (1226.33s), stopping submodel solve loop
General disjunction: No feasible solution found, use SCIP default branching rule
_____________________________________
Now starting branching with general disjunction
Current branching Node number: 45
LP objective value: 14.6993
Node lower bound: 14.7556
Node upper bound: -60
gap to the primal bound: 0.291318
Preck submodel is infeasible, continue branching
Time limit exceeded (1437.63s), stopping submodel solve loop
General disjunction: No feasible solution found, use SCIP default branching rule
_____________________________________
Now starting branching with general disjunction
Current branching Node number: 47
LP objective value: 14.9939
Node lower bound: 15.0329
Node upper bound: -60
gap to the primal bound: 0.291318
Preck submodel is infeasible, continue branching
Time limit exceeded (1343.79s), stopping submodel solve loop
General disjunction: No feasible solution found, use SCIP default branching rule
_____________________________________
Now starting branching with general disjunction
Current branching Node number: 49
LP objective value: 15.59
Node lower bound: 15.7514
Node upper bound: -60
gap to the primal bound: 0.291318
Preck submodel is infeasible, continue branching
Time limit exceeded (1061.06s), stopping submodel solve loop
General disjunction: No feasible solution found, use SCIP default branching rule
_____________________________________
Now starting branching with general disjunction
Current branching Node number: 50
LP objective value: 15.836
Node lower bound: 16.0799
Node upper bound: -60
gap to the primal bound: 0.291318
Preck submodel is infeasible, continue branching
Time limit exceeded (1259.96s), stopping submodel solve loop
General disjunction: No feasible solution found, use SCIP default branching rule
_____________________________________
Now starting branching with general disjunction
Current branching Node number: 53
LP objective value: 16.5201
Node lower bound: 16.5414
Node upper bound: -60
gap to the primal bound: 0.291318
Preck submodel is infeasible, continue branching
Time limit exceeded (1267.99s), stopping submodel solve loop
General disjunction: No feasible solution found, use SCIP default branching rule
_____________________________________
Now starting branching with general disjunction
Current branching Node number: 55
LP objective value: 17.0219
Node lower bound: 17.1233
Node upper bound: -60
gap to the primal bound: 0.291318
Preck submodel is infeasible, continue branching
Time limit exceeded (1075.25s), stopping submodel solve loop
General disjunction: No feasible solution found, use SCIP default branching rule
_____________________________________
Now starting branching with general disjunction
Current branching Node number: 57
LP objective value: 17.5485
Node lower bound: 17.5597
Node upper bound: -60
gap to the primal bound: 0.291318
Preck submodel is infeasible, continue branching
Time limit exceeded (1000.05s), stopping submodel solve loop
General disjunction: No feasible solution found, use SCIP default branching rule
_____________________________________
Now starting branching with general disjunction
Current branching Node number: 59
LP objective value: 18.3502
Node lower bound: 18.3657
Node upper bound: -60
gap to the primal bound: 0.291318
Preck submodel is infeasible, continue branching
Time limit exceeded (1689.9s), stopping submodel solve loop
General disjunction: No feasible solution found, use SCIP default branching rule
_____________________________________
Now starting branching with general disjunction
Current branching Node number: 39
LP objective value: 11.647
Node lower bound: 11.6952
Node upper bound: -60
gap to the primal bound: 0.291318
Preck submodel is infeasible, continue branching
Time limit exceeded (1134.18s), stopping submodel solve loop
General disjunction: No feasible solution found, use SCIP default branching rule
_____________________________________
Now starting branching with general disjunction
Current branching Node number: 62
LP objective value: 12.3008
Node lower bound: 12.3073
Node upper bound: -60
gap to the primal bound: 0.291318
Preck submodel is infeasible, continue branching
Time limit exceeded (1307.71s), stopping submodel solve loop
General disjunction: No feasible solution found, use SCIP default branching rule
_____________________________________
Now starting branching with general disjunction
Current branching Node number: 65
LP objective value: 13.1965
Node lower bound: 13.2068
Node upper bound: -60
gap to the primal bound: 0.291318
Preck submodel is infeasible, continue branching
Time limit exceeded (1464.83s), stopping submodel solve loop
General disjunction: No feasible solution found, use SCIP default branching rule
_____________________________________
Now starting branching with general disjunction
Current branching Node number: 67
LP objective value: 13.6821
Node lower bound: 13.7061
Node upper bound: -60
gap to the primal bound: 0.291318
Preck submodel is infeasible, continue branching
Time limit exceeded (1383.1s), stopping submodel solve loop
General disjunction: No feasible solution found, use SCIP default branching rule
_____________________________________
Now starting branching with general disjunction
Current branching Node number: 68
LP objective value: 14.1659
Node lower bound: 14.2266
Node upper bound: -60
gap to the primal bound: 0.291318
Preck submodel is infeasible, continue branching
Time limit exceeded (1397.19s), stopping submodel solve loop
General disjunction: No feasible solution found, use SCIP default branching rule
_____________________________________
Now starting branching with general disjunction
Current branching Node number: 71
LP objective value: 14.845
Node lower bound: 14.8776
Node upper bound: -60
gap to the primal bound: 0.291318
Preck submodel is infeasible, continue branching
Time limit exceeded (1155.83s), stopping submodel solve loop
General disjunction: No feasible solution found, use SCIP default branching rule
_____________________________________
Now starting branching with general disjunction
Current branching Node number: 73
LP objective value: 15.4517
Node lower bound: 15.4517
Node upper bound: -60
gap to the primal bound: 0.291318
Preck submodel is infeasible, continue branching
Time limit exceeded (1188.36s), stopping submodel solve loop
General disjunction: No feasible solution found, use SCIP default branching rule
_____________________________________
Now starting branching with general disjunction
Current branching Node number: 75
LP objective value: 16.3104
Node lower bound: 16.3264
Node upper bound: -60
gap to the primal bound: 0.291318
Preck submodel is infeasible, continue branching
Time limit exceeded (1567.78s), stopping submodel solve loop
General disjunction: No feasible solution found, use SCIP default branching rule
_____________________________________
Now starting branching with general disjunction
Current branching Node number: 76
LP objective value: 16.6453
Node lower bound: 16.6836
Node upper bound: -60
gap to the primal bound: 0.291318
Preck submodel is infeasible, continue branching
Time limit exceeded (1915.48s), stopping submodel solve loop
General disjunction: No feasible solution found, use SCIP default branching rule
_____________________________________
Now starting branching with general disjunction
Current branching Node number: 78
LP objective value: 16.887
Node lower bound: 16.887
Node upper bound: -60
gap to the primal bound: 0.291318
Preck submodel is infeasible, continue branching
Time limit exceeded (1961.41s), stopping submodel solve loop
General disjunction: No feasible solution found, use SCIP default branching rule
_____________________________________
Now starting branching with general disjunction
Current branching Node number: 81
LP objective value: 17.5875
Node lower bound: 17.5876
Node upper bound: -60
gap to the primal bound: 0.291318
Preck submodel is infeasible, continue branching
Time limit exceeded (1994.3s), stopping submodel solve loop
General disjunction: No feasible solution found, use SCIP default branching rule
_____________________________________
Now starting branching with general disjunction
Current branching Node number: 83
LP objective value: 18.034
Node lower bound: 18.0395
Node upper bound: -60
gap to the primal bound: 0.291318
Preck submodel is infeasible, continue branching
Time limit exceeded (1000.06s), stopping submodel solve loop
General disjunction: No feasible solution found, use SCIP default branching rule
_____________________________________
Now starting branching with general disjunction
Current branching Node number: 85
Relpscost reduced domain, skip general disjunction branching
_____________________________________
Now starting branching with general disjunction
Current branching Node number: 85
Relpscost reduced domain, skip general disjunction branching
_____________________________________
Now starting branching with general disjunction
Current branching Node number: 85
LP objective value: 18.7868
Node lower bound: 18.7868
Node upper bound: -60
gap to the primal bound: 0.291318
Preck submodel is infeasible, continue branching
Time limit exceeded (1000.08s), stopping submodel solve loop
General disjunction: No feasible solution found, use SCIP default branching rule
_____________________________________
Now starting branching with general disjunction
Current branching Node number: 87
Relpscost reduced domain, skip general disjunction branching
_____________________________________
Now starting branching with general disjunction
Current branching Node number: 87
Relpscost reduced domain, skip general disjunction branching
_____________________________________
Now starting branching with general disjunction
Current branching Node number: 87
LP objective value: 19.6007
Node lower bound: 19.6359
Node upper bound: -60
gap to the primal bound: 0.291318
Preck submodel is infeasible, continue branching
Time limit exceeded (1944.46s), stopping submodel solve loop
General disjunction: No feasible solution found, use SCIP default branching rule
_____________________________________
Now starting branching with general disjunction
Current branching Node number: 2
Relpscost reduced domain, skip general disjunction branching
_____________________________________
Now starting branching with general disjunction
Current branching Node number: 2
LP objective value: 11.678
Node lower bound: 11.678
Node upper bound: -60
gap to the primal bound: 0.28567
Preck submodel is infeasible, continue branching
Time limit exceeded (1286.98s), stopping submodel solve loop
General disjunction: No feasible solution found, use SCIP default branching rule
_____________________________________
Now starting branching with general disjunction
Current branching Node number: 91
Relpscost reduced domain, skip general disjunction branching
_____________________________________
Now starting branching with general disjunction
Current branching Node number: 91
LP objective value: 12.6756
Node lower bound: 12.7028
Node upper bound: -60
gap to the primal bound: 0.28567
Preck submodel is infeasible, continue branching
Time limit exceeded (1310.02s), stopping submodel solve loop
General disjunction: No feasible solution found, use SCIP default branching rule
_____________________________________
Now starting branching with general disjunction
Current branching Node number: 93
LP objective value: 13.0552
Node lower bound: 13.0587
Node upper bound: -60
gap to the primal bound: 0.28567
Preck submodel is infeasible, continue branching
Time limit exceeded (1011.25s), stopping submodel solve loop
General disjunction: No feasible solution found, use SCIP default branching rule
_____________________________________
Now starting branching with general disjunction
Current branching Node number: 95
LP objective value: 13.7007
Node lower bound: 13.7007
Node upper bound: -60
gap to the primal bound: 0.28567
Preck submodel is infeasible, continue branching
Time limit exceeded (1150.71s), stopping submodel solve loop
General disjunction: No feasible solution found, use SCIP default branching rule
_____________________________________
Now starting branching with general disjunction
Current branching Node number: 97
LP objective value: 14.3281
Node lower bound: 14.3281
Node upper bound: -60
gap to the primal bound: 0.28567
Preck submodel is infeasible, continue branching
Time limit exceeded (1180.04s), stopping submodel solve loop
General disjunction: No feasible solution found, use SCIP default branching rule
_____________________________________
Now starting branching with general disjunction
Current branching Node number: 99
LP objective value: 15.105
Node lower bound: 15.105
Node upper bound: -60
gap to the primal bound: 0.28567
Preck submodel is infeasible, continue branching
Time limit exceeded (1118.49s), stopping submodel solve loop
General disjunction: No feasible solution found, use SCIP default branching rule
_____________________________________
Now starting branching with general disjunction
Current branching Node number: 101
LP objective value: 15.8687
Node lower bound: 15.8798
Node upper bound: -60
gap to the primal bound: 0.28567
Preck submodel is infeasible, continue branching
Time limit exceeded (1290.85s), stopping submodel solve loop
General disjunction: No feasible solution found, use SCIP default branching rule
_____________________________________
Now starting branching with general disjunction
Current branching Node number: 103
LP objective value: 16.5301
Node lower bound: 16.5301
Node upper bound: -60
gap to the primal bound: 0.28567
Preck submodel is infeasible, continue branching
Time limit exceeded (1272.28s), stopping submodel solve loop
General disjunction: No feasible solution found, use SCIP default branching rule
_____________________________________
Now starting branching with general disjunction
Current branching Node number: 104
LP objective value: 16.954
Node lower bound: 17.0357
Node upper bound: -60
gap to the primal bound: 0.28567
Preck submodel is infeasible, continue branching
Time limit exceeded (1000.04s), stopping submodel solve loop
General disjunction: No feasible solution found, use SCIP default branching rule
_____________________________________
Now starting branching with general disjunction
Current branching Node number: 107
LP objective value: 20.9291
Node lower bound: 21.0185
Node upper bound: -60
gap to the primal bound: 0.28567
Preck submodel is infeasible, continue branching
Time limit exceeded (1000.06s), stopping submodel solve loop
General disjunction: No feasible solution found, use SCIP default branching rule
_____________________________________
Now starting branching with general disjunction
Current branching Node number: 109
LP objective value: 21.4148
Node lower bound: 21.465
Node upper bound: -60
gap to the primal bound: 0.28567
Preck submodel is infeasible, continue branching
Time limit exceeded (1000.06s), stopping submodel solve loop
General disjunction: No feasible solution found, use SCIP default branching rule
_____________________________________
Now starting branching with general disjunction
Current branching Node number: 110
Relpscost reduced domain, skip general disjunction branching
_____________________________________
Now starting branching with general disjunction
Current branching Node number: 110
LP objective value: 21.5212
Node lower bound: 21.7618
Node upper bound: -60
gap to the primal bound: 0.28567
Preck submodel is infeasible, continue branching
Time limit exceeded (1000.05s), stopping submodel solve loop
General disjunction: No feasible solution found, use SCIP default branching rule
_____________________________________
Now starting branching with general disjunction
Current branching Node number: 113
Relpscost reduced domain, skip general disjunction branching
_____________________________________
Now starting branching with general disjunction
Current branching Node number: 113
LP objective value: 22.2343
Node lower bound: 22.2574
Node upper bound: -60
gap to the primal bound: 0.28567
Preck submodel is infeasible, continue branching
Time limit exceeded (1000.07s), stopping submodel solve loop
General disjunction: No feasible solution found, use SCIP default branching rule
_____________________________________
Now starting branching with general disjunction
Current branching Node number: 63
LP objective value: 12.2758
Node lower bound: 12.2758
Node upper bound: -60
gap to the primal bound: 0.28567
Preck submodel is infeasible, continue branching
Time limit exceeded (1251.89s), stopping submodel solve loop
General disjunction: No feasible solution found, use SCIP default branching rule
_____________________________________
Now starting branching with general disjunction
Current branching Node number: 116
LP objective value: 14.2358
Node lower bound: 14.2537
Node upper bound: -60
gap to the primal bound: 0.28567
Preck submodel is infeasible, continue branching
Time limit exceeded (1398.19s), stopping submodel solve loop
General disjunction: No feasible solution found, use SCIP default branching rule
_____________________________________
Now starting branching with general disjunction
Current branching Node number: 119
LP objective value: 14.8032
Node lower bound: 14.8106
Node upper bound: -60
gap to the primal bound: 0.28567
Preck submodel is infeasible, continue branching
Time limit exceeded (1358.18s), stopping submodel solve loop
General disjunction: No feasible solution found, use SCIP default branching rule
_____________________________________
Now starting branching with general disjunction
Current branching Node number: 121
LP objective value: 15.3547
Node lower bound: 15.4029
Node upper bound: -60
gap to the primal bound: 0.28567
Preck submodel is infeasible, continue branching
Time limit exceeded (1380.69s), stopping submodel solve loop
General disjunction: No feasible solution found, use SCIP default branching rule
_____________________________________
Now starting branching with general disjunction
Current branching Node number: 122
Relpscost reduced domain, skip general disjunction branching
_____________________________________
Now starting branching with general disjunction
Current branching Node number: 122
LP objective value: 18.8884
Node lower bound: 18.8884
Node upper bound: -60
gap to the primal bound: 0.28567
Preck submodel is infeasible, continue branching
General disjunction: Infeasible disjunction
_____________________________________
Now starting branching with general disjunction
Current branching Node number: 123
LP objective value: 15.8813
Node lower bound: 15.8939
Node upper bound: -60
gap to the primal bound: 0.28567
Preck submodel is infeasible, continue branching
Time limit exceeded (1098.05s), stopping submodel solve loop
General disjunction: No feasible solution found, use SCIP default branching rule
_____________________________________
Now starting branching with general disjunction
Current branching Node number: 125
LP objective value: 15.886
Node lower bound: 15.8939
Node upper bound: -60
gap to the primal bound: 0.28567
Preck submodel is infeasible, continue branching
Time limit exceeded (1063.86s), stopping submodel solve loop
General disjunction: No feasible solution found, use SCIP default branching rule
_____________________________________
Now starting branching with general disjunction
Current branching Node number: 126
LP objective value: 16.369
Node lower bound: 16.4097
Node upper bound: -60
gap to the primal bound: 0.28567
Preck submodel is infeasible, continue branching
Time limit exceeded (1251.37s), stopping submodel solve loop
General disjunction: No feasible solution found, use SCIP default branching rule
_____________________________________
Now starting branching with general disjunction
Current branching Node number: 128
LP objective value: 16.5259
Node lower bound: 16.53
Node upper bound: -60
gap to the primal bound: 0.28567
Preck submodel is infeasible, continue branching
Time limit exceeded (1137.94s), stopping submodel solve loop
General disjunction: No feasible solution found, use SCIP default branching rule
_____________________________________
Now starting branching with general disjunction
Current branching Node number: 131
LP objective value: 17.1172
Node lower bound: 17.1259
Node upper bound: -60
gap to the primal bound: 0.28567
Preck submodel is infeasible, continue branching
Time limit exceeded (1301.4s), stopping submodel solve loop
General disjunction: No feasible solution found, use SCIP default branching rule

SCIP Status        : solving was interrupted [time limit reached]
Solving Time (sec) : 86959.25
Solving Nodes      : 88 (total of 89 nodes in 2 runs)
Primal Bound       : -6.00000000000000e+01 (29 solutions)
Dual Bound         : -7.71401779984539e+01
Gap                : 28.57 %

primal solution:
================

objective value:                                  -60
C0000007                                            1 	(obj:0)
C0000013                                            1 	(obj:0)
C0000026                                            1 	(obj:0)
C0000040                                            1 	(obj:0)
C0000044                                            1 	(obj:0)
C0000059                                            1 	(obj:0)
C0000068                                            1 	(obj:0)
C0000080                                            1 	(obj:0)
C0000083                                            1 	(obj:0)
C0000099                                            1 	(obj:0)
C0000101                                            1 	(obj:0)
C0000102                                            1 	(obj:0)
C0000104                                            1 	(obj:0)
C0000105                                            1 	(obj:0)
C0000106                                            1 	(obj:0)
C0000110                                            1 	(obj:0)
C0000112                                            1 	(obj:0)
C0000114                                            1 	(obj:0)
C0000117                                            1 	(obj:0)
C0000118                                            1 	(obj:0)
C0000119                                            1 	(obj:0)
C0000120                                            1 	(obj:0)
C0000122                                            1 	(obj:0)
C0000125                                            1 	(obj:0)
C0000126                                            1 	(obj:0)
C0000127                                            1 	(obj:0)
C0000128                                            1 	(obj:0)
C0000131                                            1 	(obj:0)
C0000133                                            1 	(obj:0)
C0000137                                            1 	(obj:0)
C0000139                                            1 	(obj:0)
C0000141                                            1 	(obj:0)
C0000142                                            1 	(obj:0)
C0000143                                            1 	(obj:0)
C0000156                                            1 	(obj:0)
C0000158                                            1 	(obj:0)
C0000159                                            1 	(obj:0)
C0000162                                            1 	(obj:0)
C0000165                                            1 	(obj:0)
C0000166                                            1 	(obj:0)
C0000172                                            1 	(obj:0)
C0000176                                            1 	(obj:0)
C0000177                                            1 	(obj:0)
C0000178                                            1 	(obj:0)
C0000183                                            1 	(obj:0)
C0000194                                            1 	(obj:0)
C0000195                                            1 	(obj:0)
C0000196                                            1 	(obj:0)
C0000197                                            1 	(obj:0)
C0000198                                            1 	(obj:0)
C0000300                                            1 	(obj:0)
C0000301                                           60 	(obj:-1)
C0000203                                            1 	(obj:0)
C0000207                                            1 	(obj:0)
C0000208                                            1 	(obj:0)
C0000209                                            1 	(obj:0)
C0000211                                            1 	(obj:0)
C0000213                                            1 	(obj:0)
C0000215                                            1 	(obj:0)
C0000216                                            1 	(obj:0)
C0000221                                            1 	(obj:0)
C0000223                                            1 	(obj:0)
C0000224                                            1 	(obj:0)
C0000229                                            1 	(obj:0)
C0000230                                            1 	(obj:0)
C0000232                                            1 	(obj:0)
C0000234                                            1 	(obj:0)
C0000235                                            1 	(obj:0)
C0000236                                            1 	(obj:0)
C0000238                                            1 	(obj:0)
C0000240                                            1 	(obj:0)
C0000244                                            1 	(obj:0)
C0000245                                            1 	(obj:0)
C0000246                                            1 	(obj:0)
C0000247                                            1 	(obj:0)
C0000248                                            1 	(obj:0)
C0000249                                            1 	(obj:0)
C0000250                                            1 	(obj:0)
C0000251                                            1 	(obj:0)
C0000252                                            1 	(obj:0)
C0000253                                            1 	(obj:0)
C0000254                                            1 	(obj:0)
C0000255                                            1 	(obj:0)
C0000257                                            1 	(obj:0)
C0000260                                            1 	(obj:0)
C0000261                                            1 	(obj:0)
C0000263                                            1 	(obj:0)
C0000264                                            1 	(obj:0)
C0000267                                            1 	(obj:0)
C0000268                                            1 	(obj:0)
C0000269                                            1 	(obj:0)
C0000270                                            1 	(obj:0)
C0000271                                            1 	(obj:0)
C0000273                                            1 	(obj:0)
C0000274                                            1 	(obj:0)
C0000275                                            1 	(obj:0)
C0000279                                            1 	(obj:0)
C0000280                                            1 	(obj:0)
C0000281                                            1 	(obj:0)
C0000282                                            1 	(obj:0)
C0000284                                            1 	(obj:0)
C0000285                                            1 	(obj:0)
C0000286                                            1 	(obj:0)
C0000287                                            1 	(obj:0)
C0000288                                            1 	(obj:0)
C0000289                                            1 	(obj:0)
C0000290                                            1 	(obj:0)
C0000291                                            1 	(obj:0)
C0000292                                            1 	(obj:0)
C0000293                                            1 	(obj:0)
C0000299                                            1 	(obj:0)

Statistics
==========

SCIP Status        : solving was interrupted [time limit reached]
Total Time         :   86959.27
  solving          :   86959.25
  presolving       :       0.09 (included in solving)
  reading          :       0.02
  copying          :       0.01 (3 #copies) (minimal 0.00, maximal 0.00, average 0.00)
Original Problem   :
  Problem name     : prod2
  Variables        : 301 (200 binary, 0 integer, 0 implicit integer, 101 continuous)
  Constraints      : 211 initial, 211 maximal
  Objective        : minimize, 1 non-zeros (abs.min = 1, abs.max = 1)
Presolved Problem  :
  Problem name     : t_prod2
  Variables        : 186 (186 binary, 0 integer, 0 implicit integer, 0 continuous)
  Constraints      : 135 initial, 237 maximal
  Objective        : minimize, 86 non-zeros (abs.min = 1, abs.max = 1)
  Nonzeros         : 12507 constraint, 150 clique table
Presolvers         :   ExecTime  SetupTime  Calls  FixedVars   AggrVars   ChgTypes  ChgBounds   AddHoles    DelCons    AddCons   ChgSides   ChgCoefs
  boundshift       :       0.00       0.00      0          0          0          0          0          0          0          0          0          0
  convertinttobin  :       0.00       0.00      0          0          0          0          0          0          0          0          0          0
  domcol           :       0.00       0.00      2          0          0          0          0          0          0          0          0          0
  dualagg          :       0.00       0.00      0          0          0          0          0          0          0          0          0          0
  dualcomp         :       0.00       0.00      0          0          0          0          0          0          0          0          0          0
  dualinfer        :       0.00       0.00      0          0          0          0          0          0          0          0          0          0
  dualsparsify     :       0.07       0.00      1          0          0          0          0          0          0          0          0          0
  gateextraction   :       0.00       0.00      1          0          0          0          0          0          0          0          0          0
  implics          :       0.00       0.00      3          0          0          0          0          0          0          0          0          0
  inttobinary      :       0.00       0.00      0          0          0          0          0          0          0          0          0          0
  qpkktref         :       0.00       0.00      0          0          0          0          0          0          0          0          0          0
  redvub           :       0.00       0.00      0          0          0          0          0          0          0          0          0          0
  sparsify         :       0.00       0.00      1          0          0          0          0          0          0          0          0          0
  stuffing         :       0.00       0.00      0          0          0          0          0          0          0          0          0          0
  trivial          :       0.00       0.00      5         14          0          0          0          0          0          0          0          0
  tworowbnd        :       0.00       0.00      0          0          0          0          0          0          0          0          0          0
  dualfix          :       0.00       0.00      5          0          0          0          0          0          0          0          0          0
  genvbounds       :       0.00       0.00      0          0          0          0          0          0          0          0          0          0
  probing          :       0.00       0.00      1          0          0          0          0          0          0          0          0          0
  pseudoobj        :       0.00       0.00      1          0          0          0          0          0          0          0          0          0
  symmetry         :       0.00       0.00      1          0          0          0          0          0          0          0          0          0
  vbounds          :       0.00       0.00      2          0          0          0          0          0          0          0          0          0
  setppc           :       0.00       0.00      7          0          0          0          0          0          0          0          0          0
  linear           :       0.02       0.00      8          0        101          0          2          0        127          0        100        358
  logicor          :       0.00       0.00      4          0          0          0          0          0          3          0          0          0
  benders          :       0.00       0.00      0          0          0          0          0          0          0          0          0          0
  components       :       0.00       0.00      2          0          0          0          0          0          0          0          0          0
  root node        :          -          -      -         14          -          -         14          -          -          -          -          -
Constraints        :     Number  MaxNumber  #Separate #Propagate    #EnfoLP    #EnfoRelax  #EnfoPS    #Check   #ResProp    Cutoffs    DomReds       Cuts    Applied      Conss   Children
  benderslp        :          0          0          0          0         94          0          0        126          0          0          0          0          0          0          0
  integral         :          0          0          0          0         94          0          0        126          0          1        103          0          0         81        134
  setppc           :         10+        35         83       6537          0          0          0        119        672          7         45          1          0          0          0
  linear           :        123+       157         83       6530          0          0          0         48        404         25          8        549          0          0          0
  logicor          :          2+        46         83        506          0          0          0          0         10          2          2          0          0          0          0
  benders          :          0          0          0          0          0          0          0         42          0          0          0          0          0          0          0
  fixedvar         :          0          0          0          0          0          0          0         42          0          0          0          0          0          0          0
  countsols        :          0          0          0          0          0          0          0         42          0          0          0          0          0          0          0
  components       :          0          0          0          0          0          0          0          0          0          0          0          0          0          0          0
Constraint Timings :  TotalTime  SetupTime   Separate  Propagate     EnfoLP     EnfoPS     EnfoRelax   Check    ResProp    SB-Prop
  benderslp        :       0.00       0.00       0.00       0.00       0.00       0.00       0.00       0.00       0.00       0.00
  integral         :   86954.07       0.00       0.00       0.00   86954.07       0.00       0.00       0.00       0.00       0.00
  setppc           :       0.05       0.00       0.00       0.02       0.00       0.00       0.00       0.00       0.00       0.02
  linear           :       1.51       0.00       1.46       0.02       0.00       0.00       0.00       0.00       0.00       0.02
  logicor          :       0.00       0.00       0.00       0.00       0.00       0.00       0.00       0.00       0.00       0.00
  benders          :       0.00       0.00       0.00       0.00       0.00       0.00       0.00       0.00       0.00       0.00
  fixedvar         :       0.00       0.00       0.00       0.00       0.00       0.00       0.00       0.00       0.00       0.00
  countsols        :       0.00       0.00       0.00       0.00       0.00       0.00       0.00       0.00       0.00       0.00
  components       :       0.00       0.00       0.00       0.00       0.00       0.00       0.00       0.00       0.00       0.00
Propagators        : #Propagate   #ResProp    Cutoffs    DomReds
  dualfix          :          8          0          0          0
  genvbounds       :          0          0          0          0
  nlobbt           :          0          0          0          0
  obbt             :          0          0          0          0
  probing          :          0          0          0          0
  pseudoobj        :        342          0          0          0
  redcost          :        143          0          0        165
  rootredcost      :          1          0          0          0
  symmetry         :          0          0          0          0
  vbounds          :       1010          0          0          0
Propagator Timings :  TotalTime  SetupTime   Presolve  Propagate    ResProp    SB-Prop
  dualfix          :       0.00       0.00       0.00       0.00       0.00       0.00
  genvbounds       :       0.00       0.00       0.00       0.00       0.00       0.00
  nlobbt           :       0.00       0.00       0.00       0.00       0.00       0.00
  obbt             :       0.00       0.00       0.00       0.00       0.00       0.00
  probing          :       0.00       0.00       0.00       0.00       0.00       0.00
  pseudoobj        :       0.00       0.00       0.00       0.00       0.00       0.00
  redcost          :       0.00       0.00       0.00       0.00       0.00       0.00
  rootredcost      :       0.00       0.00       0.00       0.00       0.00       0.00
  symmetry         :       0.01       0.00       0.00       0.00       0.00       0.00
  vbounds          :       0.00       0.00       0.00       0.00       0.00       0.00
Symmetry           :
  orbitopal red.   :          0 reductions applied,          0 cutoffs
  orbital reduction:          0 reductions applied,          0 cutoffs
  lexicographic red:          0 reductions applied,          0 cutoffs
  shadow tree time :       0.00 s
Conflict Analysis  :       Time      Calls    Success    DomReds  Conflicts   Literals    Reconvs ReconvLits   Dualrays   Nonzeros   LP Iters   (pool size: [10000,10000])
  propagation      :       0.00         10          8          -         62       43.0          0        0.0          -          -          -
  infeasible LP    :       0.00         21         21          -         31        5.7          0        0.0         38       91.0          0
  bound exceed. LP :       0.02         60         58          -         89       18.7          1       82.0         11        1.0        254
  strong branching :       0.00          0          0          -          0        0.0          0        0.0          -          -          0
  pseudo solution  :       0.00          0          0          -          0        0.0          0        0.0          -          -          -
  applied globally :       0.00          -          -         11         93        7.7          -          -         49          -          -
  applied locally  :          -          -          -          0          3       46.0          -          -          0          -          -
Separators         :   ExecTime  SetupTime      Calls  RootCalls    Cutoffs    DomReds  FoundCuts ViaPoolAdd  DirectAdd    Applied ViaPoolApp  DirectApp      Conss
  cut pool         :       0.12          -        388        161          -          -       6705      24309          -          -          -          -          -    (maximal pool size:       2778)
  aggregation      :       2.51       0.00        203         83          0          0       4670      15375          0        448        448          0          0
  > cmir           :          -          -          -          -          -          -          -      15280          0        447        447          0          -
  > flowcover      :          -          -          -          -          -          -          -          0          0          0          0          0          -
  > knapsackcover  :          -          -          -          -          -          -          -         95          0          1          1          0          -
  cgmip            :       0.00       0.00          0          0          0          0          0          0          0          0          0          0          0
  clique           :       0.00       0.00         83         83          0          0          0          0          0          0          0          0          0
  closecuts        :       0.00       0.00          0          0          0          0          0          0          0          0          0          0          0
  convexproj       :       0.00       0.00          0          0          0          0          0          0          0          0          0          0          0
  disjunctive      :       0.00       0.00          0          0          0          0          0          0          0          0          0          0          0
  eccuts           :       0.00       0.00          0          0          0          0          0          0          0          0          0          0          0
  gauge            :       0.00       0.00          0          0          0          0          0          0          0          0          0          0          0
  gomory           :       0.12       0.00         45         20          0          0       2034       8933          0         65         65          0          0
  > gomorymi       :          -          -          -          -          -          -          -       8927          0         65         65          0          -
  > strongcg       :          -          -          -          -          -          -          -          6          0          0          0          0          -
  impliedbounds    :       0.00       0.00        203         83          0          0          1          1          0          1          1          0          0
  interminor       :       0.00       0.00          0          0          0          0          0          0          0          0          0          0          0
  intobj           :       0.00       0.00          0          0          0          0          0          0          0          0          0          0          0
  lagromory        :       0.00       0.00          0          0          0          0          0          0          0          0          0          0          0
  mcf              :       0.00       0.00          2          2          0          0          0          0          0          0          0          0          0
  minor            :       0.00       0.00          0          0          0          0          0          0          0          0          0          0          0
  mixing           :       0.00       0.00          0          0          0          0          0          0          0          0          0          0          0
  oddcycle         :       0.00       0.00          0          0          0          0          0          0          0          0          0          0          0
  rapidlearning    :       0.00       0.00          0          0          0          0          0          0          0          0          0          0          0
  rlt              :       0.00       0.00         20         20          0          0          0          0          0          0          0          0          0
  zerohalf         :       0.02       0.00         65         40          0          0          0          0          0          0          0          0          0
Cutselectors       :   ExecTime  SetupTime      Calls  RootCalls   Selected     Forced   Filtered  RootSelec   RootForc   RootFilt 
  hybrid           :       0.02       0.00        210         84        514          0      24345        273          0      10923
  ensemble         :       0.00       0.00          0          0          0          0          0          0          0          0
  dynamic          :       0.00       0.00          0          0          0          0          0          0          0          0
Pricers            :   ExecTime  SetupTime      Calls       Vars
  problem variables:       0.00          -          0          0
Branching Rules    :   ExecTime  SetupTime   BranchLP  BranchExt   BranchPS    Cutoffs    DomReds       Cuts      Conss   Children
  allfullstrong    :       0.00       0.00          0          0          0          0          0          0          0          0
  cloud            :       0.00       0.00          0          0          0          0          0          0          0          0
  distribution     :       0.00       0.00          0          0          0          0          0          0          0          0
  fullstrong       :       0.00       0.00          0          0          0          0          0          0          0          0
  general_disjuncti:   86954.01       0.00         94          0          0          1        103          0         81          0
  GeneralDisjunction(extra): subMILPs=259 fairNodes of all MILPs=23183683 probingLPs=28
  gomory           :       0.00       0.00          0          0          0          0          0          0          0          0
  inference        :       0.00       0.00          0          0          0          0          0          0          0          0
  leastinf         :       0.00       0.00          0          0          0          0          0          0          0          0
  lookahead        :       0.00       0.00          0          0          0          0          0          0          0          0
  mostinf          :       0.00       0.00          0          0          0          0          0          0          0          0
  multaggr         :       0.00       0.00          0          0          0          0          0          0          0          0
  nodereopt        :       0.00       0.00          0          0          0          0          0          0          0          0
  pscost           :       0.00       0.00          0          0          0          0          0          0          0          0
  random           :       0.00       0.00          0          0          0          0          0          0          0          0
  relpscost        :       0.06       0.00         67          0          0          0          0          0          0        134
  vanillafullstrong:       0.00       0.00          0          0          0          0          0          0          0          0
Primal Heuristics  :   ExecTime  SetupTime      Calls      Found       Best
  LP solutions     :       0.00          -          -          0          0
  relax solutions  :       0.00          -          -          0          0
  pseudo solutions :       0.00          -          -          0          0
  strong branching :       0.00          -          -          0          0
  actconsdiving    :       0.00       0.00          0          0          0
  adaptivediving   :       0.00       0.00          1          0          0
  alns             :       0.00       0.00          1          0          0
  bound            :       0.00       0.00          0          0          0
  clique           :       0.00       0.00          1          1          1
  coefdiving       :       0.00       0.00          0          0          0
  completesol      :       0.00       0.00          0          0          0
  conflictdiving   :       0.01       0.00          2          0          0
  crossover        :       0.00       0.00          0          0          0
  dins             :       0.00       0.00          0          0          0
  distributiondivin:       0.00       0.00          0          0          0
  dps              :       0.00       0.00          0          0          0
  dualval          :       0.00       0.00          0          0          0
  farkasdiving     :       0.00       0.00          0          0          0
  feaspump         :       0.01       0.00          1          1          0
  fixandinfer      :       0.00       0.00          0          0          0
  fracdiving       :       0.00       0.00          0          0          0
  gins             :       0.00       0.00          0          0          0
  guideddiving     :       0.00       0.00          0          0          0
  indicator        :       0.00       0.00          0          0          0
  indicatordiving  :       0.00       0.00          0          0          0
  intdiving        :       0.00       0.00          0          0          0
  intshifting      :       0.00       0.00          0          0          0
  linesearchdiving :       0.00       0.00          0          0          0
  localbranching   :       0.00       0.00          0          0          0
  locks            :       0.00       0.00          1          0          0
  lpface           :       0.00       0.00          0          0          0
  mpec             :       0.00       0.00          0          0          0
  multistart       :       0.00       0.00          0          0          0
  mutation         :       0.00       0.00          0          0          0
  nlpdiving        :       0.00       0.00          0          0          0
  objpscostdiving  :       0.00       0.00          0          0          0
  octane           :       0.00       0.00          0          0          0
  ofins            :       0.00       0.00          0          0          0
  oneopt           :       0.00       0.00          4          1          1
  padm             :       0.00       0.00          0          0          0
  proximity        :       0.00       0.00          0          0          0
  pscostdiving     :       0.00       0.00          1          0          0
  randrounding     :       0.09       0.00         97          0          0
  rens             :       0.23       0.00          2          2          2
  reoptsols        :       0.00       0.00          0          0          0
  repair           :       0.00       0.00          0          0          0
  rins             :       0.00       0.00          0          0          0
  rootsoldiving    :       0.00       0.00          0          0          0
  rounding         :       0.01       0.00        205          0          0
  scheduler        :       0.00       0.00          0          0          0
  shiftandpropagate:       0.00       0.00          0          0          0
  shifting         :       0.12       0.00        225         24          1
  simplerounding   :       0.00       0.00        304          0          0
  subnlp           :       0.00       0.00          0          0          0
  trivial          :       0.00       0.00          4          0          0
  trivialnegation  :       0.00       0.00          0          0          0
  trustregion      :       0.00       0.00          0          0          0
  trysol           :       0.00       0.00          0          0          0
  twoopt           :       0.00       0.00          0          0          0
  undercover       :       0.00       0.00          0          0          0
  vbounds          :       0.00       0.00          0          0          0
  veclendiving     :       0.00       0.00          0          0          0
  zeroobj          :       0.00       0.00          0          0          0
  zirounding       :       0.00       0.00         66          0          0
  other solutions  :          -          -          -          0          -
LNS (Scheduler)    :      Calls  SetupTime  SolveTime SolveNodes       Sols       Best       Exp3    Exp3-IX  EpsGreedy        UCB TgtFixRate  Opt  Inf Node Stal  Sol  Usr Othr Actv
  rens             :          0       0.00       0.00          0          0          0    0.00000    0.12500   -1.00000    1.00000      0.900    0    0    0    0    0    0    0    1
  rins             :          0       0.00       0.00          0          0          0    0.00000    0.12500   -1.00000    1.00000      0.900    0    0    0    0    0    0    0    1
  mutation         :          0       0.00       0.00          0          0          0    0.00000    0.12500   -1.00000    1.00000      0.900    0    0    0    0    0    0    0    1
  localbranching   :          0       0.00       0.00          0          0          0    0.00000    0.12500   -1.00000    1.00000      0.900    0    0    0    0    0    0    0    1
  crossover        :          0       0.00       0.00          0          0          0    0.00000    0.12500   -1.00000    1.00000      0.900    0    0    0    0    0    0    0    1
  proximity        :          0       0.00       0.00          0          0          0    0.00000    0.12500   -1.00000    1.00000      0.900    0    0    0    0    0    0    0    1
  zeroobjective    :          0       0.00       0.00          0          0          0    0.00000    0.12500   -1.00000    1.00000      0.900    0    0    0    0    0    0    0    1
  dins             :          0       0.00       0.00          0          0          0    0.00000    0.12500   -1.00000    1.00000      0.900    0    0    0    0    0    0    0    1
  trustregion      :          0       0.00       0.00          0          0          0    0.00000    0.00000   -1.00000    1.00000      0.900    0    0    0    0    0    0    0    0
LP                 :       Time      Calls Iterations  Iter/call   Iter/sec  Time-0-It Calls-0-It    ItLimit
  primal LP        :       0.04         32          0       0.00       0.00       0.04         32
  dual LP          :       0.22        330       4273      13.39   19498.86       0.00         11
  lex dual LP      :       0.00          0          0       0.00          -
  barrier LP       :       0.00          0          0       0.00          -       0.00          0
  resolve instable :       0.00          0          0       0.00          -
  diving/probing LP:       0.05         46        839      18.24   16671.63
  strong branching :       0.67        564      21443      38.02   31936.36          -          -          0
    (at root node) :          -        135       9868      73.10          -
  conflict analysis:       0.01         38        254       6.68          -
B&B Tree           :
  number of runs   :          2
  nodes            :         88 (66 internal, 22 leaves)
  feasible leaves  :          0
  infeas. leaves   :          6
  objective leaves :         16
  nodes (total)    :         89 (67 internal, 22 leaves)
  nodes left       :         45
  max depth        :         21
  max depth (total):         21
  backtracks       :          4 (4.5%)
  early backtracks :          0 (0.0%)
  nodes exc. ref.  :          0 (0.0%)
  delayed cutoffs  :          0
  repropagations   :         18 (6 domain reductions, 0 cutoffs)
  avg switch length:       2.27
  switching time   :       0.02
Root Node          :
  First LP value   : -8.69807689325497e+01
  First LP Iters   :        181 (18377.50 Iter/sec)
  First LP Time    :       0.01
  Final Dual Bound : -7.74790834246124e+01
  Final Root Iters :       1159
  Root LP Estimate : -6.17856384470446e+01
Solution           :
  Solutions found  :         29 (5 improvements)
  First Solution   : -5.20000000000000e+01   (in run 1, after 1 nodes, 0.10 seconds, depth 12, found by <clique>)
  Gap First Sol.   :      92.31 %
  Gap Last Sol.    :      30.02 %
  Primal Bound     : -6.00000000000000e+01   (in run 2, after 1 nodes, 1003.98 seconds, depth 0, found by <rens>)
  Dual Bound       : -7.71401779984539e+01
  Gap              :      28.57 %
Integrals          :      Total       Avg%
  primal-dual      : 1956115.82      22.49
  primal-ref       :          -          - (not evaluated)
  dual-ref         :          -          - (not evaluated)
