SCIP version 9.2.2 [precision: 8 byte] [memory: block] [mode: optimized] [LP solver: CPLEX 12.10.0.0] [GitHash: 416226a4f8]
Copyright (c) 2002-2025 Zuse Institute Berlin (ZIB)

reading parameter file </scratch/htc/yzhou/exp_scipmip/settings/allon_gendj.set>

read problem </scratch/htc/yzhou/exp_scipmip/instances/additional/qap10.mps>
============

original problem has 4150 variables (4150 bin, 0 int, 0 impl, 0 cont) and 1820 constraints
   1820 constraints of type <linear>
Reading Time: 0.03
solve problem
=============
LP Solver <CPLEX 12.10.0.0>: fastmip setting not available -- SCIP parameter has no effect
LP Solver <CPLEX 12.10.0.0>: clock type cannot be set
LP Solver <CPLEX 12.10.0.0>: row representation of the basis not available -- SCIP parameter lp/rowrepswitch has no effect
LP Solver <CPLEX 12.10.0.0>: solution polishing not available -- SCIP parameter lp/solutionpolishing has no effect
LP Solver <CPLEX 12.10.0.0>: refactorization interval not available -- SCIP parameter lp/refactorinterval has no effect
transformed problem has 4150 variables (4150 bin, 0 int, 0 impl, 0 cont) and 1820 constraints
   1820 constraints of type <linear>

original problem has 18200 active (0.240964%) nonzeros and 18200 (0.240964%) check nonzeros

presolving:
(round 1, exhaustive) 0 del vars, 0 del conss, 0 add conss, 0 chg bounds, 0 chg sides, 0 chg coeffs, 1820 upgd conss, 0 impls, 1820 clqs
   (0.3s) probing: 100/4150 (2.4%) - 0 fixings, 0 aggregations, 136323 implications, 0 bound changes
   (0.6s) probing: 200/4150 (4.8%) - 0 fixings, 0 aggregations, 370609 implications, 0 bound changes
   (0.9s) probing: 300/4150 (7.2%) - 0 fixings, 0 aggregations, 605880 implications, 0 bound changes
   (1.2s) probing: 400/4150 (9.6%) - 0 fixings, 0 aggregations, 841151 implications, 0 bound changes
   (1.4s) probing: 500/4150 (12.0%) - 0 fixings, 0 aggregations, 1076423 implications, 0 bound changes
   (1.6s) probing: 600/4150 (14.5%) - 0 fixings, 0 aggregations, 1311675 implications, 0 bound changes
   (1.8s) probing: 700/4150 (16.9%) - 0 fixings, 0 aggregations, 1546961 implications, 0 bound changes
   (2.1s) probing: 800/4150 (19.3%) - 0 fixings, 0 aggregations, 1782231 implications, 0 bound changes
   (2.3s) probing: 900/4150 (21.7%) - 0 fixings, 0 aggregations, 2017503 implications, 0 bound changes
   (2.6s) probing: 1000/4150 (24.1%) - 0 fixings, 0 aggregations, 2252760 implications, 0 bound changes
   (2.6s) probing: 1001/4150 (24.1%) - 0 fixings, 0 aggregations, 2255115 implications, 0 bound changes
   (2.6s) probing aborted: 1000/1000 successive useless probings
   (2.6s) symmetry computation started: requiring (bin +, int +, cont +), (fixed: bin -, int -, cont -)
   (2.6s) no symmetry present (symcode time: 0.00)
clique table cleanup detected 0 bound changes

presolved problem has 18200 active (0.240964%) nonzeros and 18200 (0.240964%) check nonzeros

presolving (2 rounds: 2 fast, 2 medium, 2 exhaustive):
 0 deleted vars, 0 deleted constraints, 0 added constraints, 0 tightened bounds, 0 added holes, 0 changed sides, 0 changed coefficients
 0 implications, 10920 cliques
presolved problem has 4150 variables (4150 bin, 0 int, 0 impl, 0 cont) and 1820 constraints
   1820 constraints of type <setppc>
transformed objective value is always integral (scale: 2)
Presolving Time: 2.58

 time | node  | left  |LP iter|LP it/n|mem/heur|mdpt |vars |cons |rows |cuts |sepa|confs|strbr|  dualbound   | primalbound  |  gap   | compl. 
p 2.6s|     1 |     0 |     0 |     - |  clique|   0 |4150 |1820 |1820 |   0 |  0 |   0 |   0 | 0.000000e+00 | 4.540000e+02 |    Inf | unknown
  7.5s|     1 |     0 | 28994 |     - |    45M |   0 |4150 |1874 |1820 |   0 |  0 |  54 |   0 | 3.325662e+02 | 4.540000e+02 |  36.51%| unknown
  7.7s|     1 |     0 | 29324 |     - |    54M |   0 |4150 |1876 |1821 |   1 |  1 |  56 |   0 | 3.325662e+02 | 4.540000e+02 |  36.51%| unknown
  8.0s|     1 |     0 | 30126 |     - |    55M |   0 |4150 |1877 |1822 |   2 |  2 |  57 |   0 | 3.325662e+02 | 4.540000e+02 |  36.51%| unknown
d16.2s|     1 |     0 | 71251 |     - |conflict|   0 |4150 |1879 |1822 |   0 |  3 |  59 |   0 | 3.325662e+02 | 3.600000e+02 |   8.25%| unknown
 16.4s|     1 |     0 | 71251 |     - |    56M |   0 |4150 |1879 |1822 |   2 |  3 |  59 |   0 | 3.325662e+02 | 3.600000e+02 |   8.25%| unknown
 16.4s|     1 |     0 | 71251 |     - |    56M |   0 |4150 |1882 |1822 |   2 |  3 |  62 |   0 | 3.325662e+02 | 3.600000e+02 |   8.25%| unknown
_____________________________________
Now starting branching with general disjunction
Current branching Node number: 1
*18.6s|     1 |     0 | 71251 |     - |strongbr|   0 |4150 |1833 |1822 |   2 |  4 |  62 |  11 | 3.325662e+02 | 3.400000e+02 |   2.24%| unknown
Relpscost reduced domain, skip general disjunction branching
 23.2s|     1 |     0 | 91513 |     - |    57M |   0 |4150 |1835 |1822 |   2 |  4 |  67 |  19 | 3.377981e+02 | 3.400000e+02 |   0.65%| unknown
 23.2s|     1 |     0 | 91513 |     - |    57M |   0 |4150 |1838 |1822 |   2 |  4 |  70 |  19 | 3.377981e+02 | 3.400000e+02 |   0.65%| unknown
 23.5s|     1 |     0 | 91513 |     - |    58M |   0 |4150 |1836 |1821 |   2 |  5 |  70 |  19 | 3.377981e+02 | 3.400000e+02 |   0.65%| unknown
(run 1, node 1) restarting after 2056 global fixings of integer variables

(restart) converted 2 cuts from the global cut pool into linear constraints

presolving:
clique table cleanup detected 9 bound changes
(round 1, fast)       2166 del vars, 97 del conss, 0 add conss, 48 chg bounds, 0 chg sides, 190 chg coeffs, 0 upgd conss, 0 impls, 6009 clqs
(round 2, fast)       2250 del vars, 167 del conss, 0 add conss, 55 chg bounds, 0 chg sides, 196 chg coeffs, 0 upgd conss, 0 impls, 5925 clqs
(round 3, fast)       2260 del vars, 175 del conss, 0 add conss, 56 chg bounds, 0 chg sides, 196 chg coeffs, 0 upgd conss, 0 impls, 5912 clqs
(round 4, exhaustive) 2260 del vars, 177 del conss, 0 add conss, 56 chg bounds, 0 chg sides, 196 chg coeffs, 0 upgd conss, 0 impls, 5912 clqs
(round 5, exhaustive) 2260 del vars, 177 del conss, 0 add conss, 56 chg bounds, 0 chg sides, 196 chg coeffs, 2 upgd conss, 0 impls, 5912 clqs
clique table cleanup detected 0 bound changes

presolved problem has 10044 active (0.322113%) nonzeros and 9164 (0.293891%) check nonzeros

presolving (6 rounds: 6 fast, 3 medium, 3 exhaustive):
 2260 deleted vars, 178 deleted constraints, 0 added constraints, 56 tightened bounds, 0 added holes, 0 changed sides, 209 changed coefficients
 0 implications, 5912 cliques
presolved problem has 1899 variables (1899 bin, 0 int, 0 impl, 0 cont) and 1642 constraints
      2 constraints of type <knapsack>
   1632 constraints of type <setppc>
      8 constraints of type <logicor>
transformed objective value is always integral (scale: 2)
Presolving Time: 2.61

 time | node  | left  |LP iter|LP it/n|mem/heur|mdpt |vars |cons |rows |cuts |sepa|confs|strbr|  dualbound   | primalbound  |  gap   | compl. 
 24.5s|     1 |     0 | 98963 |     - |    60M |   0 |1899 |1642 |1632 |   0 |  0 |  70 |  19 | 3.377981e+02 | 3.400000e+02 |   0.65%| unknown
 24.5s|     1 |     0 | 98963 |     - |    60M |   0 |1899 |1646 |1632 |   0 |  0 |  74 |  19 | 3.377981e+02 | 3.400000e+02 |   0.65%| unknown
 24.7s|     1 |     0 | 98970 |     - |    61M |   0 |1899 |1646 |1632 |   0 |  1 |  74 |  19 | 3.400000e+02 | 3.400000e+02 |   0.00%| unknown
 24.7s|     1 |     0 | 98970 |     - |    61M |   0 |1899 |1646 |1632 |   0 |  1 |  74 |  19 | 3.400000e+02 | 3.400000e+02 |   0.00%| unknown

SCIP Status        : problem is solved [optimal solution found]
Solving Time (sec) : 24.69
Solving Nodes      : 1 (total of 2 nodes in 2 runs)
Primal Bound       : +3.40000000000007e+02 (3 solutions)
Dual Bound         : +3.40000000000007e+02
Gap                : 0.00 %

primal solution:
================

objective value:                     340.000000000007
X003                                 1.00000000000007 	(obj:0)
X017                                                1 	(obj:0)
X024                                 1.00000000000003 	(obj:0)
X031                                 1.00000000000003 	(obj:0)
X049                                0.999999999999982 	(obj:0)
X055                                 1.00000000000003 	(obj:0)
X066                                 1.00000000000007 	(obj:0)
X072                                 1.00000000000003 	(obj:0)
X088                                 1.00000000000003 	(obj:0)
X100                                                1 	(obj:0)
Y006A003                             1.00000000000007 	(obj:10)
Y012A003                             1.00000000000003 	(obj:4)
Y019A003                             1.00000000000003 	(obj:16)
Y035A003                            0.999999999999982 	(obj:8)
Y040A003                             1.00000000000135 	(obj:0)
Y050A003                             1.00000000000021 	(obj:0)
Y056A003                            0.999999999999929 	(obj:12)
Y070A003                             1.00000000000003 	(obj:8)
Y081A003                             1.00000000000055 	(obj:6)
Y013A017                            0.999999999999906 	(obj:12)
Y019A017                             1.00000000000016 	(obj:0)
Y035A017                            0.999999999999878 	(obj:12)
Y041A017                             1.00000000000003 	(obj:8)
Y051A017                            0.999999999999961 	(obj:4)
Y056A017                            0.999999999999837 	(obj:0)
Y070A017                             1.00000000000003 	(obj:8)
Y081A017                                            1 	(obj:20)
Y019A024                            0.999999999999906 	(obj:0)
Y035A024                            0.999999999999796 	(obj:0)
Y040A024                            0.999999999999891 	(obj:0)
Y050A024                             0.99999999999975 	(obj:0)
Y056A024                             1.00000000000003 	(obj:20)
Y070A024                             1.00000000000003 	(obj:10)
Y081A024                             1.00000000000003 	(obj:16)
Y035A031                            0.999999999999982 	(obj:20)
Y040A031                             1.00000000000003 	(obj:4)
Y050A031                             1.00000000000012 	(obj:8)
Y055A031                             1.00000000000003 	(obj:20)
Y070A031                             1.00000000000003 	(obj:0)
Y081A031                             1.00000000000057 	(obj:0)
Y041A049                            0.999999999999982 	(obj:20)
Y051A049                             1.00000000000011 	(obj:0)
Y056A049                             1.00000000000041 	(obj:0)
Y071A049                                            1 	(obj:0)
Y081A049                                            1 	(obj:10)
Y050A055                             1.00000000000007 	(obj:10)
Y056A055                             1.00000000000119 	(obj:4)
Y070A055                             1.00000000000036 	(obj:6)
Y081A055                             1.00000000000003 	(obj:20)
Y056A066                             1.00000000000003 	(obj:20)
Y070A066                             1.00000000000003 	(obj:20)
Y081A066                            0.999999999999838 	(obj:4)
Y070A072                            0.999999999999958 	(obj:0)
Y081A072                             1.00000000000091 	(obj:0)
Y081A088                                            1 	(obj:0)

Statistics
==========

SCIP Status        : problem is solved [optimal solution found]
Total Time         :      24.72
  solving          :      24.69
  presolving       :       2.61 (included in solving)
  reading          :       0.03
  copying          :       0.02 (3 #copies) (minimal 0.00, maximal 0.01, average 0.01)
Original Problem   :
  Problem name     : qap10
  Variables        : 4150 (4150 binary, 0 integer, 0 implicit integer, 0 continuous)
  Constraints      : 1820 initial, 1820 maximal
  Objective        : minimize, 2610 non-zeros (abs.min = 2, abs.max = 100)
Presolved Problem  :
  Problem name     : t_qap10
  Variables        : 1899 (1899 binary, 0 integer, 0 implicit integer, 0 continuous)
  Constraints      : 1642 initial, 1646 maximal
  Objective        : minimize, 1033 non-zeros (abs.min = 1, abs.max = 42)
  Nonzeros         : 10044 constraint, 17714 clique table
Presolvers         :   ExecTime  SetupTime  Calls  FixedVars   AggrVars   ChgTypes  ChgBounds   AddHoles    DelCons    AddCons   ChgSides   ChgCoefs
  boundshift       :       0.00       0.00      0          0          0          0          0          0          0          0          0          0
  convertinttobin  :       0.00       0.00      0          0          0          0          0          0          0          0          0          0
  domcol           :       0.00       0.00      2          0          0          0          0          0          0          0          0          0
  dualagg          :       0.00       0.00      0          0          0          0          0          0          0          0          0          0
  dualcomp         :       0.00       0.00      0          0          0          0          0          0          0          0          0          0
  dualinfer        :       0.00       0.00      0          0          0          0          0          0          0          0          0          0
  dualsparsify     :       0.01       0.00      1          0          0          0          0          0          0          0          0          0
  gateextraction   :       0.00       0.00      3          0          0          0          0          0          1          0          0          0
  implics          :       0.00       0.00      5          0          0          0          0          0          0          0          0          0
  inttobinary      :       0.00       0.00      0          0          0          0          0          0          0          0          0          0
  qpkktref         :       0.00       0.00      0          0          0          0          0          0          0          0          0          0
  redvub           :       0.00       0.00      0          0          0          0          0          0          0          0          0          0
  sparsify         :       0.02       0.00      1          0          0          0          0          0          0          0          0          0
  stuffing         :       0.00       0.00      0          0          0          0          0          0          0          0          0          0
  trivial          :       0.00       0.00      8       2116          0          0          0          0          0          0          0          0
  tworowbnd        :       0.00       0.00      0          0          0          0          0          0          0          0          0          0
  dualfix          :       0.00       0.00      8          0          0          0          0          0          0          0          0          0
  genvbounds       :       0.00       0.00      0          0          0          0          0          0          0          0          0          0
  probing          :       2.53       0.00      1          0          0          0          0          0          0          0          0          0
  pseudoobj        :       0.00       0.00      1          0          0          0          0          0          0          0          0          0
  symmetry         :       0.00       0.00      1          0          0          0          0          0          0          0          0          0
  vbounds          :       0.00       0.00      2          0          0          0          0          0          0          0          0          0
  knapsack         :       0.00       0.00      3          0          0          0          0          0          0          0          0          0
  setppc           :       0.01       0.00     14         49         81          0         56          0        172          0          0          0
  linear           :       0.01       0.00      8          5          0          0          0          0          0          0          0          0
  logicor          :       0.00       0.00     10          0          0          0          0          0          5          0          0        209
  benders          :       0.00       0.00      0          0          0          0          0          0          0          0          0          0
  components       :       0.00       0.00      2          0          0          0          0          0          0          0          0          0
  root node        :          -          -      -       3467          -          -       3467          -          -          -          -          -
Constraints        :     Number  MaxNumber  #Separate #Propagate    #EnfoLP    #EnfoRelax  #EnfoPS    #Check   #ResProp    Cutoffs    DomReds       Cuts    Applied      Conss   Children
  benderslp        :          0          0          0          0          1          0          0         19          0          0          0          0          0          0          0
  integral         :          0          0          0          0          1          0          0         19          0          0          2          0          0          0          0
  knapsack         :          2          2          1         11          0          0          0          0          6          0          0          0          0          0          0
  setppc           :       1632       1632          6       4729          0          0          0         12       2783         10          0          0          0          0          0
  logicor          :          8+        12          6        101          0          0          0          0          0          0          0          0          0          0          0
  benders          :          0          0          0          0          0          0          0          4          0          0          0          0          0          0          0
  fixedvar         :          0          0          0          0          0          0          0          4          0          0          0          0          0          0          0
  countsols        :          0          0          0          0          0          0          0          4          0          0          0          0          0          0          0
  components       :          0          0          0          0          0          0          0          0          0          0          0          0          0          0          0
Constraint Timings :  TotalTime  SetupTime   Separate  Propagate     EnfoLP     EnfoPS     EnfoRelax   Check    ResProp    SB-Prop
  benderslp        :       0.00       0.00       0.00       0.00       0.00       0.00       0.00       0.00       0.00       0.00
  integral         :       4.90       0.00       0.00       0.00       4.90       0.00       0.00       0.00       0.00       0.00
  knapsack         :       0.00       0.00       0.00       0.00       0.00       0.00       0.00       0.00       0.00       0.00
  setppc           :       1.39       0.00       0.00       1.37       0.00       0.00       0.00       0.00       0.00       0.02
  logicor          :       0.00       0.00       0.00       0.00       0.00       0.00       0.00       0.00       0.00       0.00
  benders          :       0.00       0.00       0.00       0.00       0.00       0.00       0.00       0.00       0.00       0.00
  fixedvar         :       0.00       0.00       0.00       0.00       0.00       0.00       0.00       0.00       0.00       0.00
  countsols        :       0.00       0.00       0.00       0.00       0.00       0.00       0.00       0.00       0.00       0.00
  components       :       0.00       0.00       0.00       0.00       0.00       0.00       0.00       0.00       0.00       0.00
Propagators        : #Propagate   #ResProp    Cutoffs    DomReds
  dualfix          :          7          0          0          0
  genvbounds       :          0          0          0          0
  nlobbt           :          0          0          0          0
  obbt             :          0          0          0          0
  probing          :          0          0          0          0
  pseudoobj        :         23          0          0          0
  redcost          :         13          0          0       2015
  rootredcost      :          0          0          0          0
  symmetry         :          0          0          0          0
  vbounds          :        368          0          0          0
Propagator Timings :  TotalTime  SetupTime   Presolve  Propagate    ResProp    SB-Prop
  dualfix          :       0.00       0.00       0.00       0.00       0.00       0.00
  genvbounds       :       0.00       0.00       0.00       0.00       0.00       0.00
  nlobbt           :       0.00       0.00       0.00       0.00       0.00       0.00
  obbt             :       0.00       0.00       0.00       0.00       0.00       0.00
  probing          :       2.53       0.00       2.53       0.00       0.00       0.00
  pseudoobj        :       0.01       0.00       0.00       0.01       0.00       0.00
  redcost          :       0.02       0.00       0.00       0.02       0.00       0.00
  rootredcost      :       0.00       0.00       0.00       0.00       0.00       0.00
  symmetry         :       0.00       0.00       0.00       0.00       0.00       0.00
  vbounds          :       0.00       0.00       0.00       0.00       0.00       0.00
Symmetry           :
  orbitopal red.   :          0 reductions applied,          0 cutoffs
  orbital reduction:          0 reductions applied,          0 cutoffs
  lexicographic red:          0 reductions applied,          0 cutoffs
  shadow tree time :       0.00 s
Conflict Analysis  :       Time      Calls    Success    DomReds  Conflicts   Literals    Reconvs ReconvLits   Dualrays   Nonzeros   LP Iters   (pool size: [10000,10000])
  propagation      :       0.00         10         10          -         20        8.6          0        0.0          -          -          -
  infeasible LP    :       0.00          0          0          -          0        0.0          0        0.0          0        0.0          0
  bound exceed. LP :       0.05          8          8          -        137      148.9          0        0.0          0        0.0        109
  strong branching :       0.00          0          0          -          0        0.0          0        0.0          -          -          0
  pseudo solution  :       0.00          0          0          -          0        0.0          0        0.0          -          -          -
  applied globally :       0.00          -          -          0         74       66.6          -          -          0          -          -
  applied locally  :          -          -          -          0          0        0.0          -          -          0          -          -
Separators         :   ExecTime  SetupTime      Calls  RootCalls    Cutoffs    DomReds  FoundCuts ViaPoolAdd  DirectAdd    Applied ViaPoolApp  DirectApp      Conss
  cut pool         :       0.00          -          7          7          -          -          6          2          -          -          -          -          -    (maximal pool size:          4)
  aggregation      :       0.02       0.00          6          6          0          0          0          0          0          0          0          0          0
  > cmir           :          -          -          -          -          -          -          -          0          0          0          0          0          -
  > flowcover      :          -          -          -          -          -          -          -          0          0          0          0          0          -
  > knapsackcover  :          -          -          -          -          -          -          -          0          0          0          0          0          -
  cgmip            :       0.00       0.00          0          0          0          0          0          0          0          0          0          0          0
  clique           :       0.11       0.00          6          6          0          0          3          0          0          0          0          0          0
  closecuts        :       0.00       0.00          0          0          0          0          0          0          0          0          0          0          0
  convexproj       :       0.00       0.00          0          0          0          0          0          0          0          0          0          0          0
  disjunctive      :       0.00       0.00          0          0          0          0          0          0          0          0          0          0          0
  eccuts           :       0.00       0.00          0          0          0          0          0          0          0          0          0          0          0
  gauge            :       0.00       0.00          0          0          0          0          0          0          0          0          0          0          0
  gomory           :       0.25       0.00          6          6          0          0          0          0          0          0          0          0          0
  > gomorymi       :          -          -          -          -          -          -          -          0          0          0          0          0          -
  > strongcg       :          -          -          -          -          -          -          -          0          0          0          0          0          -
  impliedbounds    :       0.01       0.00          6          6          0         39          0          0          0          0          0          0          0
  interminor       :       0.00       0.00          0          0          0          0          0          0          0          0          0          0          0
  intobj           :       0.00       0.00          0          0          0          0          0          0          0          0          0          0          0
  lagromory        :       0.00       0.00          0          0          0          0          0          0          0          0          0          0          0
  mcf              :       0.00       0.00          2          2          0          0          0          0          0          0          0          0          0
  minor            :       0.00       0.00          0          0          0          0          0          0          0          0          0          0          0
  mixing           :       0.00       0.00          0          0          0          0          0          0          0          0          0          0          0
  oddcycle         :       0.00       0.00          0          0          0          0          0          0          0          0          0          0          0
  rapidlearning    :       0.04       0.00          1          1          0       1408          0          0          0          0          0          0          0
  rlt              :       0.00       0.00          6          6          0          0          0          0          0          0          0          0          0
  zerohalf         :       0.59       0.00          6          6          0          0          3          2          0          2          2          0          0
Cutselectors       :   ExecTime  SetupTime      Calls  RootCalls   Selected     Forced   Filtered  RootSelec   RootForc   RootFilt 
  hybrid           :       0.00       0.00          2          2          2          0          0          2          0          0
  ensemble         :       0.00       0.00          0          0          0          0          0          0          0          0
  dynamic          :       0.00       0.00          0          0          0          0          0          0          0          0
Pricers            :   ExecTime  SetupTime      Calls       Vars
  problem variables:       0.00          -          0          0
Branching Rules    :   ExecTime  SetupTime   BranchLP  BranchExt   BranchPS    Cutoffs    DomReds       Cuts      Conss   Children
  allfullstrong    :       0.00       0.00          0          0          0          0          0          0          0          0
  cloud            :       0.00       0.00          0          0          0          0          0          0          0          0
  distribution     :       0.00       0.00          0          0          0          0          0          0          0          0
  fullstrong       :       0.00       0.00          0          0          0          0          0          0          0          0
  general_disjuncti:       4.90       0.00          1          0          0          0          2          0          2          0
  GeneralDisjunction(extra): subMILPs=0 fairNodes of all MILPs=0 probingLPs=0
  gomory           :       0.00       0.00          0          0          0          0          0          0          0          0
  inference        :       0.00       0.00          0          0          0          0          0          0          0          0
  leastinf         :       0.00       0.00          0          0          0          0          0          0          0          0
  lookahead        :       0.00       0.00          0          0          0          0          0          0          0          0
  mostinf          :       0.00       0.00          0          0          0          0          0          0          0          0
  multaggr         :       0.00       0.00          0          0          0          0          0          0          0          0
  nodereopt        :       0.00       0.00          0          0          0          0          0          0          0          0
  pscost           :       0.00       0.00          0          0          0          0          0          0          0          0
  random           :       0.00       0.00          0          0          0          0          0          0          0          0
  relpscost        :       0.00       0.00          0          0          0          0          0          0          0          0
  vanillafullstrong:       0.00       0.00          0          0          0          0          0          0          0          0
Primal Heuristics  :   ExecTime  SetupTime      Calls      Found       Best
  LP solutions     :       0.00          -          -          0          0
  relax solutions  :       0.00          -          -          0          0
  pseudo solutions :       0.00          -          -          0          0
  strong branching :       0.00          -          -          1          1
  actconsdiving    :       0.00       0.00          0          0          0
  adaptivediving   :       0.00       0.00          0          0          0
  alns             :       0.02       0.00          1          0          0
  bound            :       0.00       0.00          0          0          0
  clique           :       0.01       0.00          1          1          1
  coefdiving       :       0.00       0.00          0          0          0
  completesol      :       0.00       0.00          0          0          0
  conflictdiving   :       1.74       0.00          1          1          1
  crossover        :       0.00       0.00          0          0          0
  dins             :       0.00       0.00          0          0          0
  distributiondivin:       0.00       0.00          0          0          0
  dps              :       0.00       0.00          0          0          0
  dualval          :       0.00       0.00          0          0          0
  farkasdiving     :       3.12       0.00          1          0          0
  feaspump         :       3.22       0.00          1          0          0
  fixandinfer      :       0.00       0.00          0          0          0
  fracdiving       :       0.00       0.00          0          0          0
  gins             :       0.00       0.00          0          0          0
  guideddiving     :       0.00       0.00          0          0          0
  indicator        :       0.00       0.00          0          0          0
  indicatordiving  :       0.00       0.00          0          0          0
  intdiving        :       0.00       0.00          0          0          0
  intshifting      :       0.00       0.00          0          0          0
  linesearchdiving :       0.00       0.00          0          0          0
  localbranching   :       0.00       0.00          0          0          0
  locks            :       0.01       0.00          1          0          0
  lpface           :       0.00       0.00          0          0          0
  mpec             :       0.00       0.00          0          0          0
  multistart       :       0.00       0.00          0          0          0
  mutation         :       0.00       0.00          0          0          0
  nlpdiving        :       0.00       0.00          0          0          0
  objpscostdiving  :       0.00       0.00          0          0          0
  octane           :       0.00       0.00          0          0          0
  ofins            :       0.00       0.00          0          0          0
  oneopt           :       0.00       0.00          3          0          0
  padm             :       0.00       0.00          0          0          0
  proximity        :       0.00       0.00          0          0          0
  pscostdiving     :       0.00       0.00          0          0          0
  randrounding     :       0.02       0.00          6          0          0
  rens             :       0.12       0.00          1          0          0
  reoptsols        :       0.00       0.00          0          0          0
  repair           :       0.00       0.00          0          0          0
  rins             :       0.00       0.00          0          0          0
  rootsoldiving    :       0.00       0.00          0          0          0
  rounding         :       0.00       0.00          6          0          0
  scheduler        :       0.00       0.00          0          0          0
  shiftandpropagate:       0.00       0.00          0          0          0
  shifting         :       0.01       0.00          6          0          0
  simplerounding   :       0.00       0.00          0          0          0
  subnlp           :       0.00       0.00          0          0          0
  trivial          :       0.00       0.00          4          0          0
  trivialnegation  :       0.00       0.00          0          0          0
  trustregion      :       0.00       0.00          0          0          0
  trysol           :       0.00       0.00          0          0          0
  twoopt           :       0.00       0.00          0          0          0
  undercover       :       0.00       0.00          0          0          0
  vbounds          :       0.04       0.00          2          0          0
  veclendiving     :       0.00       0.00          0          0          0
  zeroobj          :       0.00       0.00          0          0          0
  zirounding       :       0.00       0.00          1          0          0
  other solutions  :          -          -          -          0          -
LNS (Scheduler)    :      Calls  SetupTime  SolveTime SolveNodes       Sols       Best       Exp3    Exp3-IX  EpsGreedy        UCB TgtFixRate  Opt  Inf Node Stal  Sol  Usr Othr Actv
  rens             :          0       0.00       0.00          0          0          0    0.00000    0.12500   -1.00000    1.00000      0.900    0    0    0    0    0    0    0    1
  rins             :          0       0.00       0.00          0          0          0    0.00000    0.12500   -1.00000    1.00000      0.900    0    0    0    0    0    0    0    1
  mutation         :          0       0.00       0.00          0          0          0    0.00000    0.12500   -1.00000    1.00000      0.900    0    0    0    0    0    0    0    1
  localbranching   :          0       0.00       0.00          0          0          0    0.00000    0.12500   -1.00000    1.00000      0.900    0    0    0    0    0    0    0    1
  crossover        :          0       0.00       0.00          0          0          0    0.00000    0.12500   -1.00000    1.00000      0.900    0    0    0    0    0    0    0    1
  proximity        :          0       0.00       0.00          0          0          0    0.00000    0.12500   -1.00000    1.00000      0.900    0    0    0    0    0    0    0    1
  zeroobjective    :          0       0.00       0.00          0          0          0    0.00000    0.12500   -1.00000    1.00000      0.900    0    0    0    0    0    0    0    1
  dins             :          0       0.00       0.00          0          0          0    0.00000    0.12500   -1.00000    1.00000      0.900    0    0    0    0    0    0    0    1
  trustregion      :          0       0.00       0.00          0          0          0    0.00000    0.00000   -1.00000    1.00000      0.900    0    0    0    0    0    0    0    0
LP                 :       Time      Calls Iterations  Iter/call   Iter/sec  Time-0-It Calls-0-It    ItLimit
  primal LP        :       0.10          1          0       0.00       0.00       0.10          1
  dual LP          :       7.68         10      47068    7844.67    6128.77       0.00          4
  lex dual LP      :       0.00          0          0       0.00          -
  barrier LP       :       0.00          0          0       0.00          -       0.00          0
  resolve instable :       0.00          0          0       0.00          -
  diving/probing LP:       9.99         22      51902    2359.18    5196.41
  strong branching :       2.89         19      16004     842.32    5530.88          -          -         30
    (at root node) :          -         19      16004     842.32          -
  conflict analysis:       0.03         12        109       9.08    4031.96
B&B Tree           :
  number of runs   :          2
  nodes            :          1 (0 internal, 1 leaves)
  feasible leaves  :          0
  infeas. leaves   :          0
  objective leaves :          0
  nodes (total)    :          2 (0 internal, 2 leaves)
  nodes left       :          0
  max depth        :          0
  max depth (total):          0
  backtracks       :          0 (0.0%)
  early backtracks :          0 (0.0%)
  nodes exc. ref.  :          0 (0.0%)
  delayed cutoffs  :          0
  repropagations   :          0 (0 domain reductions, 0 cutoffs)
  avg switch length:       2.00
  switching time   :       0.00
Root Node          :
  First LP value   : +3.32566227653655e+02
  First LP Iters   :      28994 (6030.70 Iter/sec)
  First LP Time    :       4.81
  Final Dual Bound :          -
  Final Root Iters :      47068
  Root LP Estimate :                     -
Solution           :
  Solutions found  :          3 (3 improvements)
  First Solution   : +4.54000000000000e+02   (in run 1, after 1 nodes, 2.61 seconds, depth 11, found by <clique>)
  Gap First Sol.   :   infinite
  Gap Last Sol.    :       2.24 %
  Primal Bound     : +3.40000000000007e+02   (in run 1, after 1 nodes, 18.63 seconds, depth 2, found by <relaxation>)
  Dual Bound       : +3.40000000000007e+02
  Gap              :       0.00 %
Integrals          :      Total       Avg%
  primal-dual      :    1009.09      40.86
  primal-ref       :          -          - (not evaluated)
  dual-ref         :          -          - (not evaluated)
