SCIP version 9.2.2 [precision: 8 byte] [memory: block] [mode: optimized] [LP solver: CPLEX 12.10.0.0] [GitHash: 416226a4f8]
Copyright (c) 2002-2025 Zuse Institute Berlin (ZIB)

reading parameter file </scratch/htc/yzhou/exp_scipmip/settings/allon_gendj.set>

read problem </scratch/htc/yzhou/exp_scipmip/instances/add_tests/qiu.mps>
============

original problem has 840 variables (48 bin, 0 int, 0 impl, 792 cont) and 1192 constraints
   1192 constraints of type <linear>
Reading Time: 0.01
solve problem
=============
LP Solver <CPLEX 12.10.0.0>: fastmip setting not available -- SCIP parameter has no effect
LP Solver <CPLEX 12.10.0.0>: clock type cannot be set
LP Solver <CPLEX 12.10.0.0>: row representation of the basis not available -- SCIP parameter lp/rowrepswitch has no effect
LP Solver <CPLEX 12.10.0.0>: solution polishing not available -- SCIP parameter lp/solutionpolishing has no effect
LP Solver <CPLEX 12.10.0.0>: refactorization interval not available -- SCIP parameter lp/refactorinterval has no effect
transformed problem has 840 variables (48 bin, 0 int, 0 impl, 792 cont) and 1192 constraints
   1192 constraints of type <linear>

original problem has 3432 active (0.342761%) nonzeros and 3432 (0.342761%) check nonzeros

presolving:
(round 1, fast)       0 del vars, 0 del conss, 0 add conss, 792 chg bounds, 0 chg sides, 0 chg coeffs, 0 upgd conss, 0 impls, 0 clqs
(round 2, exhaustive) 0 del vars, 0 del conss, 0 add conss, 792 chg bounds, 0 chg sides, 0 chg coeffs, 528 upgd conss, 0 impls, 0 clqs
   (0.0s) probing cycle finished: starting next cycle
   (0.0s) symmetry computation started: requiring (bin +, int +, cont +), (fixed: bin -, int -, cont -)
   (0.0s) symmetry computation finished: 4 generators found (max: 1500, log10 of symmetry group size: 0.0) (symcode time: 0.00)
dynamic symmetry handling statistics:
   orbitopal reduction:       no components
   orbital reduction:         no components
   lexicographic reduction:   no permutations
handled 1 out of 1 symmetry components
(round 3, exhaustive) 0 del vars, 0 del conss, 10 add conss, 792 chg bounds, 0 chg sides, 0 chg coeffs, 528 upgd conss, 528 impls, 0 clqs
clique table cleanup detected 0 bound changes

presolved problem has 3452 active (0.34189%) nonzeros and 3452 (0.34189%) check nonzeros

presolving (4 rounds: 4 fast, 3 medium, 3 exhaustive):
 0 deleted vars, 0 deleted constraints, 10 added constraints, 792 tightened bounds, 0 added holes, 0 changed sides, 0 changed coefficients
 528 implications, 0 cliques
presolved problem has 840 variables (48 bin, 0 int, 0 impl, 792 cont) and 1202 constraints
    528 constraints of type <varbound>
    674 constraints of type <linear>
Presolving Time: 0.03

 time | node  | left  |LP iter|LP it/n|mem/heur|mdpt |vars |cons |rows |cuts |sepa|confs|strbr|  dualbound   | primalbound  |  gap   | compl. 
  0.1s|     1 |     0 |   186 |     - |    14M |   0 | 840 |1202 |1192 |   0 |  0 |   0 |   0 |-9.316389e+02 |      --      |    Inf | unknown
  0.1s|     1 |     0 |   787 |     - |    16M |   0 | 840 |1202 |1195 |   3 |  1 |   0 |   0 |-9.312527e+02 |      --      |    Inf | unknown
  0.1s|     1 |     0 |   931 |     - |    17M |   0 | 840 |1202 |1197 |   5 |  2 |   0 |   0 |-9.284293e+02 |      --      |    Inf | unknown
  0.2s|     1 |     0 |  1046 |     - |    18M |   0 | 840 |1203 |1200 |   8 |  3 |   1 |   0 |-9.245233e+02 |      --      |    Inf | unknown
  0.2s|     1 |     0 |  1213 |     - |    21M |   0 | 840 |1203 |1202 |  10 |  4 |   1 |   0 |-9.177586e+02 |      --      |    Inf | unknown
  0.2s|     1 |     0 |  1351 |     - |    22M |   0 | 840 |1203 |1204 |  12 |  5 |   1 |   0 |-9.138413e+02 |      --      |    Inf | unknown
  0.2s|     1 |     0 |  1463 |     - |    24M |   0 | 840 |1203 |1206 |  14 |  6 |   1 |   0 |-9.074404e+02 |      --      |    Inf | unknown
  0.3s|     1 |     0 |  1629 |     - |    26M |   0 | 840 |1203 |1208 |  16 |  7 |   1 |   0 |-8.984694e+02 |      --      |    Inf | unknown
r 0.3s|     1 |     0 |  1629 |     - |simplero|   0 | 840 |1203 |1208 |  16 |  7 |   1 |   0 |-8.984694e+02 | 3.197610e+03 |    Inf | unknown
  0.3s|     1 |     0 |  1872 |     - |    28M |   0 | 840 |1203 |1210 |  18 |  8 |   1 |   0 |-8.807749e+02 | 3.197610e+03 |    Inf | unknown
r 0.3s|     1 |     0 |  1872 |     - |shifting|   0 | 840 |1203 |1210 |  18 |  8 |   1 |   0 |-8.807749e+02 | 3.120917e+03 |    Inf | unknown
  0.3s|     1 |     0 |  1982 |     - |    31M |   0 | 840 |1203 |1211 |  19 |  9 |   1 |   0 |-8.768373e+02 | 3.120917e+03 |    Inf | unknown
  0.4s|     1 |     0 |  2060 |     - |    33M |   0 | 840 |1203 |1212 |  20 | 10 |   1 |   0 |-8.747339e+02 | 3.120917e+03 |    Inf | unknown
  0.4s|     1 |     0 |  2152 |     - |    33M |   0 | 840 |1203 |1214 |  22 | 11 |   1 |   0 |-8.741205e+02 | 3.120917e+03 |    Inf | unknown
  0.4s|     1 |     0 |  2237 |     - |    33M |   0 | 840 |1203 |1216 |  24 | 12 |   1 |   0 |-8.735842e+02 | 3.120917e+03 |    Inf | unknown
 time | node  | left  |LP iter|LP it/n|mem/heur|mdpt |vars |cons |rows |cuts |sepa|confs|strbr|  dualbound   | primalbound  |  gap   | compl. 
  0.4s|     1 |     0 |  2238 |     - |    33M |   0 | 840 |1203 |1217 |  25 | 13 |   1 |   0 |-8.735839e+02 | 3.120917e+03 |    Inf | unknown
  0.5s|     1 |     0 |  2272 |     - |    34M |   0 | 840 |1203 |1219 |  27 | 14 |   1 |   0 |-8.733922e+02 | 3.120917e+03 |    Inf | unknown
  0.5s|     1 |     0 |  2305 |     - |    34M |   0 | 840 |1203 |1220 |  28 | 15 |   1 |   0 |-8.733156e+02 | 3.120917e+03 |    Inf | unknown
  0.5s|     1 |     0 |  2319 |     - |    34M |   0 | 840 |1203 |1221 |  29 | 16 |   1 |   0 |-8.733118e+02 | 3.120917e+03 |    Inf | unknown
  0.5s|     1 |     0 |  2340 |     - |    34M |   0 | 840 |1203 |1223 |  31 | 17 |   1 |   0 |-8.733044e+02 | 3.120917e+03 |    Inf | unknown
r 0.6s|     1 |     0 |  2880 |     - |intshift|   0 | 840 |1203 |1223 |  31 | 18 |   1 |   0 |-8.733044e+02 | 3.059551e+03 |    Inf | unknown
d 0.6s|     1 |     0 |  3337 |     - |conflict|   0 | 840 |1203 |1223 |   0 | 18 |   1 |   0 |-8.733044e+02 | 1.960756e+03 |    Inf | unknown
d 0.6s|     1 |     0 |  4019 |     - |conflict|   0 | 840 |1204 |1223 |   0 | 18 |   2 |   0 |-8.733044e+02 | 1.220627e+03 |    Inf | unknown
d 0.6s|     1 |     0 |  4113 |     - |conflict|   0 | 840 |1204 |1223 |   0 | 18 |   2 |   0 |-8.733044e+02 | 4.259259e+02 |    Inf | unknown
d 0.6s|     1 |     0 |  4127 |     - |conflict|   0 | 840 |1204 |1223 |   0 | 18 |   2 |   0 |-8.733044e+02 | 4.247218e+02 |    Inf | unknown
L 0.7s|     1 |     0 |  4150 |     - |    alns|   0 | 840 |1204 |1223 |  31 | 18 |   2 |   0 |-8.733044e+02 | 4.052328e+02 |    Inf | unknown
  0.7s|     1 |     0 |  4150 |     - |    34M |   0 | 840 |1204 |1223 |  31 | 18 |   2 |   0 |-8.733044e+02 | 4.052328e+02 |    Inf | unknown
_____________________________________
Now starting branching with general disjunction
Current branching Node number: 1
Relpscost reduced domain, skip general disjunction branching
  2.0s|     1 |     0 |  4150 |     - |    35M |   0 | 840 |1205 |1223 |  31 | 19 |   3 |  23 |-8.582979e+02 | 4.052328e+02 |    Inf | unknown
_____________________________________
Now starting branching with general disjunction
Current branching Node number: 1
Relpscost reduced domain, skip general disjunction branching
  3.0s|     1 |     0 |  4150 |     - |    35M |   0 | 840 |1205 |1223 |  31 | 20 |   3 |  42 |-8.582979e+02 | 4.052328e+02 |    Inf | unknown
_____________________________________
Now starting branching with general disjunction
Current branching Node number: 1
LP objective value: -873.304
Node lower bound: -858.298
Node upper bound: 405.233
gap to the primal bound: 1e+20
Preck submodel is infeasible, continue branching
Time limit exceeded (1415.3s), stopping submodel solve loop
General disjunction: No feasible solution found, use SCIP default branching rule
 1419s|     1 |     2 |  4150 |     - |    35M |   0 | 840 |1205 |1223 |  31 | 21 |   3 |  48 |-8.582979e+02 | 4.052328e+02 |    Inf | unknown
_____________________________________
Now starting branching with general disjunction
Current branching Node number: 2
LP objective value: -859.91
Node lower bound: -818.182
Node upper bound: 405.233
gap to the primal bound: 1e+20
Preck submodel is infeasible, continue branching
Time limit exceeded (1083.98s), stopping submodel solve loop
General disjunction: No feasible solution found, use SCIP default branching rule
_____________________________________
Now starting branching with general disjunction
Current branching Node number: 4
LP objective value: -818.467
Node lower bound: -746.294
Node upper bound: 405.233
gap to the primal bound: 1e+20
Preck submodel is infeasible, continue branching
Time limit exceeded (1058.67s), stopping submodel solve loop
General disjunction: No feasible solution found, use SCIP default branching rule
_____________________________________
Now starting branching with general disjunction
Current branching Node number: 6
Relpscost reduced domain, skip general disjunction branching
_____________________________________
Now starting branching with general disjunction
Current branching Node number: 6
Relpscost reduced domain, skip general disjunction branching
_____________________________________
Now starting branching with general disjunction
Current branching Node number: 6
LP objective value: -516.642
Node lower bound: -502.432
Node upper bound: 405.233
gap to the primal bound: 1e+20
Preck submodel is infeasible, continue branching
Time limit exceeded (1166.3s), stopping submodel solve loop
General disjunction: Both Children are added
_____________________________________
Now starting branching with general disjunction
Current branching Node number: 8
Relpscost reduced domain, skip general disjunction branching
_____________________________________
Now starting branching with general disjunction
Current branching Node number: 8
Relpscost reduced domain, skip general disjunction branching
_____________________________________
Now starting branching with general disjunction
Current branching Node number: 8
LP objective value: -266.169
Node lower bound: -221.426
Node upper bound: 405.233
gap to the primal bound: 1e+20
Preck submodel is infeasible, continue branching
General disjunction: Both Children are added
_____________________________________
Now starting branching with general disjunction
Current branching Node number: 10
Relpscost reduced domain, skip general disjunction branching
_____________________________________
Now starting branching with general disjunction
Current branching Node number: 10
Relpscost reduced domain, skip general disjunction branching
_____________________________________
Now starting branching with general disjunction
Current branching Node number: 10
LP objective value: 181.092
Node lower bound: 181.092
Node upper bound: 405.233
gap to the primal bound: 1e+20
Preck submodel is infeasible, continue branching
Time limit exceeded (1484.98s), stopping submodel solve loop
General disjunction: Both Children are added
_____________________________________
Now starting branching with general disjunction
Current branching Node number: 12
LP objective value: 254.259
Node lower bound: 255.543
Node upper bound: 405.233
gap to the primal bound: 1e+20
Preck submodel is infeasible, continue branching
Time limit exceeded (1100.39s), stopping submodel solve loop
General disjunction: Both Children are added
_____________________________________
Now starting branching with general disjunction
Current branching Node number: 14
LP objective value: 274.526
Node lower bound: 274.526
Node upper bound: 405.233
gap to the primal bound: 1e+20
Preck submodel is infeasible, continue branching
Time limit exceeded (1769.74s), stopping submodel solve loop
General disjunction: No feasible solution found, use SCIP default branching rule
_____________________________________
Now starting branching with general disjunction
Current branching Node number: 16
LP objective value: 285.877
Node lower bound: 285.877
Node upper bound: 405.233
gap to the primal bound: 1e+20
Preck submodel is infeasible, continue branching
Time limit exceeded (1042.65s), stopping submodel solve loop
General disjunction: Both Children are added
_____________________________________
Now starting branching with general disjunction
Current branching Node number: 18
LP objective value: 308.282
Node lower bound: 308.282
Node upper bound: 405.233
gap to the primal bound: 1e+20
Preck submodel is infeasible, continue branching
Time limit exceeded (1071.44s), stopping submodel solve loop
General disjunction: Both Children are added
_____________________________________
Now starting branching with general disjunction
Current branching Node number: 20
LP objective value: 341.798
Node lower bound: 341.798
Node upper bound: 405.233
gap to the primal bound: 1e+20
Preck submodel is infeasible, continue branching
Time limit exceeded (1542.02s), stopping submodel solve loop
General disjunction: No feasible solution found, use SCIP default branching rule
_____________________________________
Now starting branching with general disjunction
Current branching Node number: 22
LP objective value: 343.27
Node lower bound: 343.27
Node upper bound: 405.233
gap to the primal bound: 1e+20
Preck submodel is infeasible, continue branching
Time limit exceeded (1008.87s), stopping submodel solve loop
General disjunction: Both Children are added
_____________________________________
Now starting branching with general disjunction
Current branching Node number: 24
LP objective value: 362.806
Node lower bound: 367.96
Node upper bound: 405.233
gap to the primal bound: 1e+20
Preck submodel is infeasible, continue branching
Time limit exceeded (1012.4s), stopping submodel solve loop
General disjunction: No feasible solution found, use SCIP default branching rule
_____________________________________
Now starting branching with general disjunction
Current branching Node number: 26
Relpscost reduced domain, skip general disjunction branching
_____________________________________
Now starting branching with general disjunction
Current branching Node number: 26
LP objective value: 390.479
Node lower bound: 390.479
Node upper bound: 405.233
gap to the primal bound: 1e+20
Preck submodel is infeasible, continue branching
General disjunction: Only Right constraint added:
_____________________________________
Now starting branching with general disjunction
Current branching Node number: 26
LP objective value: 393.764
Node lower bound: 393.764
Node upper bound: 405.233
gap to the primal bound: 1e+20
Preck submodel is infeasible, continue branching
General disjunction: Both Children are added
_____________________________________
Now starting branching with general disjunction
Current branching Node number: 5
LP objective value: -796.549
Node lower bound: -754.33
Node upper bound: 405.233
gap to the primal bound: 1e+20
Preck submodel is infeasible, continue branching
Time limit exceeded (1029.42s), stopping submodel solve loop
General disjunction: No feasible solution found, use SCIP default branching rule
_____________________________________
Now starting branching with general disjunction
Current branching Node number: 30
LP objective value: -729.844
Node lower bound: -656.742
Node upper bound: 405.233
gap to the primal bound: 1e+20
Preck submodel is infeasible, continue branching
Time limit exceeded (1105.04s), stopping submodel solve loop
General disjunction: No feasible solution found, use SCIP default branching rule
_____________________________________
Now starting branching with general disjunction
Current branching Node number: 32
LP objective value: -587.663
Node lower bound: -587.663
Node upper bound: 405.233
gap to the primal bound: 1e+20
Preck submodel is infeasible, continue branching
Time limit exceeded (1000.05s), stopping submodel solve loop
General disjunction: No feasible solution found, use SCIP default branching rule
_____________________________________
Now starting branching with general disjunction
Current branching Node number: 34
LP objective value: -382.446
Node lower bound: -382.446
Node upper bound: 405.233
gap to the primal bound: 1e+20
Preck submodel is infeasible, continue branching
Time limit exceeded (1012.85s), stopping submodel solve loop
General disjunction: Both Children are added
_____________________________________
Now starting branching with general disjunction
Current branching Node number: 36
LP objective value: -306.015
Node lower bound: -306.015
Node upper bound: 405.233
gap to the primal bound: 1e+20
Preck submodel is infeasible, continue branching
General disjunction: Both Children are added
_____________________________________
Now starting branching with general disjunction
Current branching Node number: 38
LP objective value: -249.271
Node lower bound: -249.271
Node upper bound: 405.233
gap to the primal bound: 1e+20
Preck submodel is infeasible, continue branching
General disjunction: Both Children are added
_____________________________________
Now starting branching with general disjunction
Current branching Node number: 40
LP objective value: -208.05
Node lower bound: -208.05
Node upper bound: 405.233
gap to the primal bound: 1e+20
Preck submodel is infeasible, continue branching
General disjunction: Both Children are added
_____________________________________
Now starting branching with general disjunction
Current branching Node number: 42
Relpscost reduced domain, skip general disjunction branching
_____________________________________
Now starting branching with general disjunction
Current branching Node number: 42
LP objective value: -109.624
Node lower bound: -109.624
Node upper bound: 405.233
gap to the primal bound: 1e+20
Preck submodel is infeasible, continue branching
General disjunction: Both Children are added
_____________________________________
Now starting branching with general disjunction
Current branching Node number: 44
LP objective value: -7.17499
Node lower bound: 35.776
Node upper bound: 405.233
gap to the primal bound: 1e+20
Preck submodel is infeasible, continue branching
Time limit exceeded (1001.57s), stopping submodel solve loop
General disjunction: No feasible solution found, use SCIP default branching rule
_____________________________________
Now starting branching with general disjunction
Current branching Node number: 47
LP objective value: 25.7719
Node lower bound: 41.783
Node upper bound: 405.233
gap to the primal bound: 1e+20
Preck submodel is infeasible, continue branching
General disjunction: Both Children are added
_____________________________________
Now starting branching with general disjunction
Current branching Node number: 48
LP objective value: 88.8058
Node lower bound: 111.647
Node upper bound: 405.233
gap to the primal bound: 1e+20
Preck submodel is infeasible, continue branching
General disjunction: Both Children are added
_____________________________________
Now starting branching with general disjunction
Current branching Node number: 50
LP objective value: 123.176
Node lower bound: 133.58
Node upper bound: 405.233
gap to the primal bound: 1e+20
Preck submodel is infeasible, continue branching
Time limit exceeded (1022.28s), stopping submodel solve loop
General disjunction: No feasible solution found, use SCIP default branching rule
 time | node  | left  |LP iter|LP it/n|mem/heur|mdpt |vars |cons |rows |cuts |sepa|confs|strbr|  dualbound   | primalbound  |  gap   | compl. 
d 426m|    27 |    23 | 35567 |1282.5 |pscostdi|  13 | 840 |1210 |1230 |   0 |  1 |   8 | 235 |-8.582979e+02 | 3.517019e+02 |    Inf | unknown
_____________________________________
Now starting branching with general disjunction
Current branching Node number: 3
LP objective value: -811.781
Node lower bound: -770.902
Node upper bound: 351.702
gap to the primal bound: 1e+20
Preck submodel is infeasible, continue branching
Time limit exceeded (1190.12s), stopping submodel solve loop
General disjunction: No feasible solution found, use SCIP default branching rule
_____________________________________
Now starting branching with general disjunction
Current branching Node number: 54
LP objective value: -801.125
Node lower bound: -770.902
Node upper bound: 351.702
gap to the primal bound: 1e+20
Preck submodel is infeasible, continue branching
Time limit exceeded (1012.65s), stopping submodel solve loop
General disjunction: Both Children are added
_____________________________________
Now starting branching with general disjunction
Current branching Node number: 56
LP objective value: -750.15
Node lower bound: -750.15
Node upper bound: 351.702
gap to the primal bound: 1e+20
Preck submodel is infeasible, continue branching
General disjunction: Both Children are added
_____________________________________
Now starting branching with general disjunction
Current branching Node number: 58
LP objective value: -618.806
Node lower bound: -618.806
Node upper bound: 351.702
gap to the primal bound: 1e+20
Preck submodel is infeasible, continue branching
Time limit exceeded (1067.11s), stopping submodel solve loop
General disjunction: No feasible solution found, use SCIP default branching rule
_____________________________________
Now starting branching with general disjunction
Current branching Node number: 60
LP objective value: -348.649
Node lower bound: -348.649
Node upper bound: 351.702
gap to the primal bound: 1e+20
Preck submodel is infeasible, continue branching
General disjunction: Both Children are added
_____________________________________
Now starting branching with general disjunction
Current branching Node number: 62
LP objective value: -267.514
Node lower bound: -267.514
Node upper bound: 351.702
gap to the primal bound: 1e+20
Preck submodel is infeasible, continue branching
General disjunction: Both Children are added
_____________________________________
Now starting branching with general disjunction
Current branching Node number: 64
LP objective value: -220.68
Node lower bound: -220.68
Node upper bound: 351.702
gap to the primal bound: 1e+20
Preck submodel is infeasible, continue branching
General disjunction: Both Children are added
_____________________________________
Now starting branching with general disjunction
Current branching Node number: 66
LP objective value: -183.616
Node lower bound: -183.616
Node upper bound: 351.702
gap to the primal bound: 1e+20
Preck submodel is infeasible, continue branching
General disjunction: Both Children are added
_____________________________________
Now starting branching with general disjunction
Current branching Node number: 68
LP objective value: -124.465
Node lower bound: -66.795
Node upper bound: 351.702
gap to the primal bound: 1e+20
Preck submodel is infeasible, continue branching
General disjunction: Both Children are added
_____________________________________
Now starting branching with general disjunction
Current branching Node number: 70
LP objective value: -38.0289
Node lower bound: -38.0289
Node upper bound: 351.702
gap to the primal bound: 1e+20
Preck submodel is infeasible, continue branching
General disjunction: Both Children are added
_____________________________________
Now starting branching with general disjunction
Current branching Node number: 72
LP objective value: 25.5253
Node lower bound: 25.5253
Node upper bound: 351.702
gap to the primal bound: 1e+20
Preck submodel is infeasible, continue branching
General disjunction: Both Children are added
_____________________________________
Now starting branching with general disjunction
Current branching Node number: 74
LP objective value: 55.3204
Node lower bound: 55.3204
Node upper bound: 351.702
gap to the primal bound: 1e+20
Preck submodel is infeasible, continue branching
General disjunction: Both Children are added
_____________________________________
Now starting branching with general disjunction
Current branching Node number: 7
LP objective value: -746.294
Node lower bound: -746.294
Node upper bound: 351.702
gap to the primal bound: 1e+20
Preck submodel is infeasible, continue branching
Time limit exceeded (1558.56s), stopping submodel solve loop
General disjunction: No feasible solution found, use SCIP default branching rule
_____________________________________
Now starting branching with general disjunction
Current branching Node number: 78
LP objective value: -632.712
Node lower bound: -632.712
Node upper bound: 351.702
gap to the primal bound: 1e+20
Preck submodel is infeasible, continue branching
General disjunction: Both Children are added
_____________________________________
Now starting branching with general disjunction
Current branching Node number: 80
LP objective value: -556.846
Node lower bound: -556.846
Node upper bound: 351.702
gap to the primal bound: 1e+20
Preck submodel is infeasible, continue branching
Time limit exceeded (1290.52s), stopping submodel solve loop
General disjunction: No feasible solution found, use SCIP default branching rule
_____________________________________
Now starting branching with general disjunction
Current branching Node number: 82
LP objective value: -490.941
Node lower bound: -490.941
Node upper bound: 351.702
gap to the primal bound: 1e+20
Preck submodel is infeasible, continue branching
Time limit exceeded (1467.8s), stopping submodel solve loop
General disjunction: No feasible solution found, use SCIP default branching rule
_____________________________________
Now starting branching with general disjunction
Current branching Node number: 84
LP objective value: -285.379
Node lower bound: -285.379
Node upper bound: 351.702
gap to the primal bound: 1e+20
Preck submodel is infeasible, continue branching
General disjunction: Both Children are added
_____________________________________
Now starting branching with general disjunction
Current branching Node number: 86
LP objective value: -221.744
Node lower bound: -221.744
Node upper bound: 351.702
gap to the primal bound: 1e+20
Preck submodel is infeasible, continue branching
Time limit exceeded (1000.05s), stopping submodel solve loop
General disjunction: No feasible solution found, use SCIP default branching rule
_____________________________________
Now starting branching with general disjunction
Current branching Node number: 88
LP objective value: -5.67088
Node lower bound: -5.67088
Node upper bound: 351.702
gap to the primal bound: 1e+20
Preck submodel is infeasible, continue branching
General disjunction: Both Children are added
_____________________________________
Now starting branching with general disjunction
Current branching Node number: 90
LP objective value: 58.6829
Node lower bound: 58.6829
Node upper bound: 351.702
gap to the primal bound: 1e+20
Preck submodel is infeasible, continue branching
Time limit exceeded (1354.82s), stopping submodel solve loop
General disjunction: Both Children are added
_____________________________________
Now starting branching with general disjunction
Current branching Node number: 92
LP objective value: 226.497
Node lower bound: 226.497
Node upper bound: 351.702
gap to the primal bound: 1e+20
Preck submodel is infeasible, continue branching
General disjunction: Both Children are added
_____________________________________
Now starting branching with general disjunction
Current branching Node number: 94
LP objective value: 248.161
Node lower bound: 248.161
Node upper bound: 351.702
gap to the primal bound: 1e+20
Preck submodel is infeasible, continue branching
General disjunction: Both Children are added
_____________________________________
Now starting branching with general disjunction
Current branching Node number: 96
LP objective value: 292.028
Node lower bound: 292.028
Node upper bound: 351.702
gap to the primal bound: 1e+20
Preck submodel is infeasible, continue branching
General disjunction: Both Children are added
_____________________________________
Now starting branching with general disjunction
Current branching Node number: 98
LP objective value: 321.567
Node lower bound: 321.567
Node upper bound: 351.702
gap to the primal bound: 1e+20
Preck submodel is infeasible, continue branching
General disjunction: Infeasible disjunction
_____________________________________
Now starting branching with general disjunction
Current branching Node number: 81
LP objective value: -544.115
Node lower bound: -544.115
Node upper bound: 351.702
gap to the primal bound: 1e+20
Preck submodel is infeasible, continue branching
Time limit exceeded (1000.05s), stopping submodel solve loop
General disjunction: No feasible solution found, use SCIP default branching rule
_____________________________________
Now starting branching with general disjunction
Current branching Node number: 100
LP objective value: -344.518
Node lower bound: -344.518
Node upper bound: 351.702
gap to the primal bound: 1e+20
Preck submodel is infeasible, continue branching
General disjunction: Both Children are added
_____________________________________
Now starting branching with general disjunction
Current branching Node number: 102
LP objective value: -272.671
Node lower bound: -272.671
Node upper bound: 351.702
gap to the primal bound: 1e+20
Preck submodel is infeasible, continue branching
General disjunction: Both Children are added
_____________________________________
Now starting branching with general disjunction
Current branching Node number: 104
LP objective value: -56.7273
Node lower bound: -56.7273
Node upper bound: 351.702
gap to the primal bound: 1e+20
Preck submodel is infeasible, continue branching
General disjunction: Both Children are added
_____________________________________
Now starting branching with general disjunction
Current branching Node number: 106
LP objective value: 55.0115
Node lower bound: 55.0115
Node upper bound: 351.702
gap to the primal bound: 1e+20
Preck submodel is infeasible, continue branching
Time limit exceeded (1131.86s), stopping submodel solve loop
General disjunction: Both Children are added
_____________________________________
Now starting branching with general disjunction
Current branching Node number: 108
LP objective value: 115.762
Node lower bound: 115.762
Node upper bound: 351.702
gap to the primal bound: 1e+20
Preck submodel is infeasible, continue branching
Time limit exceeded (1000.06s), stopping submodel solve loop
General disjunction: No feasible solution found, use SCIP default branching rule
_____________________________________
Now starting branching with general disjunction
Current branching Node number: 110
LP objective value: 121.848
Node lower bound: 121.848
Node upper bound: 351.702
gap to the primal bound: 1e+20
Preck submodel is infeasible, continue branching
Time limit exceeded (1017s), stopping submodel solve loop
General disjunction: No feasible solution found, use SCIP default branching rule
_____________________________________
Now starting branching with general disjunction
Current branching Node number: 112
LP objective value: 127.142
Node lower bound: 127.142
Node upper bound: 351.702
gap to the primal bound: 1e+20
Preck submodel is infeasible, continue branching
General disjunction: Both Children are added
_____________________________________
Now starting branching with general disjunction
Current branching Node number: 114
LP objective value: 168.644
Node lower bound: 168.644
Node upper bound: 351.702
gap to the primal bound: 1e+20
Preck submodel is infeasible, continue branching
Time limit exceeded (1122.11s), stopping submodel solve loop
General disjunction: No feasible solution found, use SCIP default branching rule
_____________________________________
Now starting branching with general disjunction
Current branching Node number: 116
LP objective value: 175.012
Node lower bound: 175.012
Node upper bound: 351.702
gap to the primal bound: 1e+20
Preck submodel is infeasible, continue branching
Time limit exceeded (1129.71s), stopping submodel solve loop
General disjunction: No feasible solution found, use SCIP default branching rule
_____________________________________
Now starting branching with general disjunction
Current branching Node number: 118
LP objective value: 181.689
Node lower bound: 181.689
Node upper bound: 351.702
gap to the primal bound: 1e+20
Preck submodel is infeasible, continue branching
Time limit exceeded (1039.22s), stopping submodel solve loop
General disjunction: No feasible solution found, use SCIP default branching rule
_____________________________________
Now starting branching with general disjunction
Current branching Node number: 120
LP objective value: 190.123
Node lower bound: 190.123
Node upper bound: 351.702
gap to the primal bound: 1e+20
Preck submodel is infeasible, continue branching
Time limit exceeded (1062s), stopping submodel solve loop
General disjunction: No feasible solution found, use SCIP default branching rule
_____________________________________
Now starting branching with general disjunction
Current branching Node number: 59
LP objective value: -698.38
Node lower bound: -698.38
Node upper bound: 351.702
gap to the primal bound: 1e+20
Preck submodel is infeasible, continue branching
Time limit exceeded (1004.38s), stopping submodel solve loop
General disjunction: Both Children are added
_____________________________________
Now starting branching with general disjunction
Current branching Node number: 124
LP objective value: -638.714
Node lower bound: -638.714
Node upper bound: 351.702
gap to the primal bound: 1e+20
Preck submodel is infeasible, continue branching
General disjunction: Both Children are added
_____________________________________
Now starting branching with general disjunction
Current branching Node number: 126
LP objective value: -570.477
Node lower bound: -570.477
Node upper bound: 351.702
gap to the primal bound: 1e+20
Preck submodel is infeasible, continue branching
Time limit exceeded (1016.46s), stopping submodel solve loop
General disjunction: No feasible solution found, use SCIP default branching rule
_____________________________________
Now starting branching with general disjunction
Current branching Node number: 128
LP objective value: -408.087
Node lower bound: -408.087
Node upper bound: 351.702
gap to the primal bound: 1e+20
Preck submodel is infeasible, continue branching
Time limit exceeded (1545.3s), stopping submodel solve loop
General disjunction: Both Children are added
_____________________________________
Now starting branching with general disjunction
Current branching Node number: 130
LP objective value: -341.853
Node lower bound: -341.853
Node upper bound: 351.702
gap to the primal bound: 1e+20
Preck submodel is infeasible, continue branching
Time limit exceeded (1000.05s), stopping submodel solve loop
General disjunction: No feasible solution found, use SCIP default branching rule
_____________________________________
Now starting branching with general disjunction
Current branching Node number: 132
LP objective value: -272.276
Node lower bound: -272.276
Node upper bound: 351.702
gap to the primal bound: 1e+20
Preck submodel is infeasible, continue branching
General disjunction: Both Children are added
_____________________________________
Now starting branching with general disjunction
Current branching Node number: 134
LP objective value: -171.208
Node lower bound: -171.208
Node upper bound: 351.702
gap to the primal bound: 1e+20
Preck submodel is infeasible, continue branching
Time limit exceeded (1875.33s), stopping submodel solve loop
General disjunction: Both Children are added
_____________________________________
Now starting branching with general disjunction
Current branching Node number: 136
LP objective value: -64.4361
Node lower bound: -64.4361
Node upper bound: 351.702
gap to the primal bound: 1e+20
Preck submodel is infeasible, continue branching
General disjunction: Both Children are added
_____________________________________
Now starting branching with general disjunction
Current branching Node number: 138
LP objective value: -36.5994
Node lower bound: -36.5994
Node upper bound: 351.702
gap to the primal bound: 1e+20
Preck submodel is infeasible, continue branching
General disjunction: Both Children are added
_____________________________________
Now starting branching with general disjunction
Current branching Node number: 140
LP objective value: -21.6117
Node lower bound: -21.6117
Node upper bound: 351.702
gap to the primal bound: 1e+20
Preck submodel is infeasible, continue branching
General disjunction: Both Children are added
_____________________________________
Now starting branching with general disjunction
Current branching Node number: 142
LP objective value: -13.6034
Node lower bound: -13.6034
Node upper bound: 351.702
gap to the primal bound: 1e+20
Preck submodel is infeasible, continue branching
General disjunction: Both Children are added
_____________________________________
Now starting branching with general disjunction
Current branching Node number: 144
LP objective value: -3.93436
Node lower bound: -3.93436
Node upper bound: 351.702
gap to the primal bound: 1e+20
Preck submodel is infeasible, continue branching
General disjunction: Both Children are added
_____________________________________
Now starting branching with general disjunction
Current branching Node number: 146
LP objective value: 2.73926
Node lower bound: 2.73926
Node upper bound: 351.702
gap to the primal bound: 1e+20
Preck submodel is infeasible, continue branching
General disjunction: Both Children are added
_____________________________________
Now starting branching with general disjunction
Current branching Node number: 148
LP objective value: 43.5413
Node lower bound: 43.5413
Node upper bound: 351.702
gap to the primal bound: 1e+20
Preck submodel is infeasible, continue branching
Time limit exceeded (1021.65s), stopping submodel solve loop
General disjunction: Both Children are added
r1068m|    77 |    71 |103344 |1330.6 |intshift|  17 | 840 |1214 |1236 | 106 |  1 |  12 | 242 |-7.709017e+02 | 2.351578e+02 |    Inf | unknown
_____________________________________
Now starting branching with general disjunction
Current branching Node number: 79
LP objective value: -696.218
Node lower bound: -696.218
Node upper bound: 235.158
gap to the primal bound: 1e+20
Preck submodel is infeasible, continue branching
Time limit exceeded (1008.34s), stopping submodel solve loop
General disjunction: No feasible solution found, use SCIP default branching rule
_____________________________________
Now starting branching with general disjunction
Current branching Node number: 152
LP objective value: -526.017
Node lower bound: -526.017
Node upper bound: 235.158
gap to the primal bound: 1e+20
Preck submodel is infeasible, continue branching
Time limit exceeded (1162.84s), stopping submodel solve loop
General disjunction: Both Children are added
_____________________________________
Now starting branching with general disjunction
Current branching Node number: 154
LP objective value: -439.43
Node lower bound: -439.43
Node upper bound: 235.158
gap to the primal bound: 1e+20
Preck submodel is infeasible, continue branching
Time limit exceeded (1257.85s), stopping submodel solve loop
General disjunction: Both Children are added
_____________________________________
Now starting branching with general disjunction
Current branching Node number: 156
LP objective value: -357.358
Node lower bound: -357.358
Node upper bound: 235.158
gap to the primal bound: 1e+20
Preck submodel is infeasible, continue branching
General disjunction: Both Children are added
_____________________________________
Now starting branching with general disjunction
Current branching Node number: 158
LP objective value: -283.568
Node lower bound: -283.568
Node upper bound: 235.158
gap to the primal bound: 1e+20
Preck submodel is infeasible, continue branching
General disjunction: Both Children are added
_____________________________________
Now starting branching with general disjunction
Current branching Node number: 160
LP objective value: -187.194
Node lower bound: -187.194
Node upper bound: 235.158
gap to the primal bound: 1e+20
Preck submodel is infeasible, continue branching
General disjunction: Both Children are added
_____________________________________
Now starting branching with general disjunction
Current branching Node number: 162
LP objective value: -126.25
Node lower bound: -126.25
Node upper bound: 235.158
gap to the primal bound: 1e+20
Preck submodel is infeasible, continue branching
General disjunction: Both Children are added
_____________________________________
Now starting branching with general disjunction
Current branching Node number: 164
LP objective value: -116.593
Node lower bound: -116.593
Node upper bound: 235.158
gap to the primal bound: 1e+20
Preck submodel is infeasible, continue branching
General disjunction: Both Children are added
_____________________________________
Now starting branching with general disjunction
Current branching Node number: 166
LP objective value: -96.6588
Node lower bound: -96.6588
Node upper bound: 235.158
gap to the primal bound: 1e+20
Preck submodel is infeasible, continue branching
General disjunction: Both Children are added
_____________________________________
Now starting branching with general disjunction
Current branching Node number: 168
LP objective value: -82.0437
Node lower bound: -82.0437
Node upper bound: 235.158
gap to the primal bound: 1e+20
Preck submodel is infeasible, continue branching
General disjunction: Both Children are added
_____________________________________
Now starting branching with general disjunction
Current branching Node number: 170
LP objective value: -53.6412
Node lower bound: -53.6412
Node upper bound: 235.158
gap to the primal bound: 1e+20
Preck submodel is infeasible, continue branching
General disjunction: Both Children are added
_____________________________________
Now starting branching with general disjunction
Current branching Node number: 172
LP objective value: 27.2107
Node lower bound: 27.2107
Node upper bound: 235.158
gap to the primal bound: 1e+20
Preck submodel is infeasible, continue branching
General disjunction: Both Children are added
_____________________________________
Now starting branching with general disjunction
Current branching Node number: 153
LP objective value: -640.16
Node lower bound: -640.16
Node upper bound: 235.158
gap to the primal bound: 1e+20
Preck submodel is infeasible, continue branching
Time limit exceeded (1192.59s), stopping submodel solve loop
General disjunction: No feasible solution found, use SCIP default branching rule
_____________________________________
Now starting branching with general disjunction
Current branching Node number: 176
LP objective value: -520.585
Node lower bound: -520.585
Node upper bound: 235.158
gap to the primal bound: 1e+20
Preck submodel is infeasible, continue branching
Time limit exceeded (1221.69s), stopping submodel solve loop
General disjunction: No feasible solution found, use SCIP default branching rule
_____________________________________
Now starting branching with general disjunction
Current branching Node number: 178
LP objective value: -458.079
Node lower bound: -458.079
Node upper bound: 235.158
gap to the primal bound: 1e+20
Preck submodel is infeasible, continue branching
Time limit exceeded (1295.76s), stopping submodel solve loop
General disjunction: Both Children are added
_____________________________________
Now starting branching with general disjunction
Current branching Node number: 180
LP objective value: -336.69
Node lower bound: -336.69
Node upper bound: 235.158
gap to the primal bound: 1e+20
Preck submodel is infeasible, continue branching
General disjunction: Both Children are added
_____________________________________
Now starting branching with general disjunction
Current branching Node number: 182
LP objective value: -253.958
Node lower bound: -253.958
Node upper bound: 235.158
gap to the primal bound: 1e+20
Preck submodel is infeasible, continue branching
General disjunction: Both Children are added
_____________________________________
Now starting branching with general disjunction
Current branching Node number: 184
LP objective value: -148.69
Node lower bound: -148.69
Node upper bound: 235.158
gap to the primal bound: 1e+20
Preck submodel is infeasible, continue branching
General disjunction: Both Children are added
_____________________________________
Now starting branching with general disjunction
Current branching Node number: 186
LP objective value: -125.703
Node lower bound: -125.703
Node upper bound: 235.158
gap to the primal bound: 1e+20
Preck submodel is infeasible, continue branching
General disjunction: Both Children are added
_____________________________________
Now starting branching with general disjunction
Current branching Node number: 188
LP objective value: -111.186
Node lower bound: -111.186
Node upper bound: 235.158
gap to the primal bound: 1e+20
Preck submodel is infeasible, continue branching
General disjunction: Both Children are added
_____________________________________
Now starting branching with general disjunction
Current branching Node number: 190
LP objective value: -76.6826
Node lower bound: -76.6826
Node upper bound: 235.158
gap to the primal bound: 1e+20
Preck submodel is infeasible, continue branching
General disjunction: Both Children are added
_____________________________________
Now starting branching with general disjunction
Current branching Node number: 192
LP objective value: -57.6886
Node lower bound: -57.6886
Node upper bound: 235.158
gap to the primal bound: 1e+20
Preck submodel is infeasible, continue branching
General disjunction: Both Children are added
_____________________________________
Now starting branching with general disjunction
Current branching Node number: 194
LP objective value: -26.108
Node lower bound: -26.108
Node upper bound: 235.158
gap to the primal bound: 1e+20
Preck submodel is infeasible, continue branching
General disjunction: Both Children are added
 1228m|   100 |    86 |137468 |1366.1 |    67M |  17 | 840 |1214 |1231 | 140 |  1 |  13 | 242 |-7.709017e+02 | 2.351578e+02 |    Inf |   0.60%
_____________________________________
Now starting branching with general disjunction
Current branching Node number: 196
LP objective value: 3.12231
Node lower bound: 3.12231
Node upper bound: 235.158
gap to the primal bound: 1e+20
Preck submodel is infeasible, continue branching
General disjunction: Both Children are added
_____________________________________
Now starting branching with general disjunction
Current branching Node number: 177
LP objective value: -593.508
Node lower bound: -593.508
Node upper bound: 235.158
gap to the primal bound: 1e+20
Preck submodel is infeasible, continue branching
Time limit exceeded (1239.35s), stopping submodel solve loop
General disjunction: No feasible solution found, use SCIP default branching rule
_____________________________________
Now starting branching with general disjunction
Current branching Node number: 200
LP objective value: -493.907
Node lower bound: -493.907
Node upper bound: 235.158
gap to the primal bound: 1e+20
Preck submodel is infeasible, continue branching
Time limit exceeded (1540.67s), stopping submodel solve loop
General disjunction: Both Children are added
_____________________________________
Now starting branching with general disjunction
Current branching Node number: 202
LP objective value: -398.052
Node lower bound: -398.052
Node upper bound: 235.158
gap to the primal bound: 1e+20
Preck submodel is infeasible, continue branching
General disjunction: Both Children are added
_____________________________________
Now starting branching with general disjunction
Current branching Node number: 204
LP objective value: -334.157
Node lower bound: -334.157
Node upper bound: 235.158
gap to the primal bound: 1e+20
Preck submodel is infeasible, continue branching
General disjunction: Both Children are added
_____________________________________
Now starting branching with general disjunction
Current branching Node number: 206
LP objective value: -199.29
Node lower bound: -199.29
Node upper bound: 235.158
gap to the primal bound: 1e+20
Preck submodel is infeasible, continue branching
General disjunction: Both Children are added
_____________________________________
Now starting branching with general disjunction
Current branching Node number: 208
LP objective value: -108.076
Node lower bound: -108.076
Node upper bound: 235.158
gap to the primal bound: 1e+20
Preck submodel is infeasible, continue branching
General disjunction: Both Children are added
_____________________________________
Now starting branching with general disjunction
Current branching Node number: 210
LP objective value: -74.7481
Node lower bound: -74.7481
Node upper bound: 235.158
gap to the primal bound: 1e+20
Preck submodel is infeasible, continue branching
General disjunction: Both Children are added
_____________________________________
Now starting branching with general disjunction
Current branching Node number: 212
LP objective value: -54.7603
Node lower bound: -54.7603
Node upper bound: 235.158
gap to the primal bound: 1e+20
Preck submodel is infeasible, continue branching
General disjunction: Both Children are added
_____________________________________
Now starting branching with general disjunction
Current branching Node number: 214
LP objective value: -34.4225
Node lower bound: -34.4225
Node upper bound: 235.158
gap to the primal bound: 1e+20
Preck submodel is infeasible, continue branching
General disjunction: Both Children are added
_____________________________________
Now starting branching with general disjunction
Current branching Node number: 216
LP objective value: -5.49923
Node lower bound: -5.49923
Node upper bound: 235.158
gap to the primal bound: 1e+20
Preck submodel is infeasible, continue branching
General disjunction: Both Children are added
_____________________________________
Now starting branching with general disjunction
Current branching Node number: 218
LP objective value: 20.9694
Node lower bound: 20.9694
Node upper bound: 235.158
gap to the primal bound: 1e+20
Preck submodel is infeasible, continue branching
General disjunction: Both Children are added
_____________________________________
Now starting branching with general disjunction
Current branching Node number: 220
LP objective value: 54.5504
Node lower bound: 54.5504
Node upper bound: 235.158
gap to the primal bound: 1e+20
Preck submodel is infeasible, continue branching
Time limit exceeded (1140.44s), stopping submodel solve loop
General disjunction: Both Children are added
_____________________________________
Now starting branching with general disjunction
Current branching Node number: 201
LP objective value: -518.071
Node lower bound: -518.071
Node upper bound: 235.158
gap to the primal bound: 1e+20
Preck submodel is infeasible, continue branching
Time limit exceeded (1835.16s), stopping submodel solve loop
General disjunction: Both Children are added
_____________________________________
Now starting branching with general disjunction
Current branching Node number: 224
LP objective value: -373.048
Node lower bound: -373.048
Node upper bound: 235.158
gap to the primal bound: 1e+20
Preck submodel is infeasible, continue branching
Time limit exceeded (1309.78s), stopping submodel solve loop
General disjunction: Both Children are added
_____________________________________
Now starting branching with general disjunction
Current branching Node number: 226
LP objective value: -297.719
Node lower bound: -297.719
Node upper bound: 235.158
gap to the primal bound: 1e+20
Preck submodel is infeasible, continue branching
Time limit exceeded (1443.81s), stopping submodel solve loop
General disjunction: Both Children are added
_____________________________________
Now starting branching with general disjunction
Current branching Node number: 228
LP objective value: -174.113
Node lower bound: -174.113
Node upper bound: 235.158
gap to the primal bound: 1e+20
Preck submodel is infeasible, continue branching
Time limit exceeded (1135.31s), stopping submodel solve loop
General disjunction: No feasible solution found, use SCIP default branching rule
_____________________________________
Now starting branching with general disjunction
Current branching Node number: 231
LP objective value: -159.349
Node lower bound: -159.349
Node upper bound: 235.158
gap to the primal bound: 1e+20
Preck submodel is infeasible, continue branching
Error in probing left side: 6
Error in probing right side: 6
LP was not resolved to a sufficient status after probing
Error in probing left side: 6
Error in probing right side: 6
LP was not resolved to a sufficient status after probing
Error in probing left side: 6
Error in probing right side: 6
LP was not resolved to a sufficient status after probing
Error in probing left side: 6
Error in probing right side: 6
LP was not resolved to a sufficient status after probing
Error in probing left side: 6
Error in probing right side: 6
LP was not resolved to a sufficient status after probing
Error in probing left side: 6
Error in probing right side: 6
LP was not resolved to a sufficient status after probing
Error in probing left side: 6
Error in probing right side: 6
LP was not resolved to a sufficient status after probing
Error in probing left side: 6
Error in probing right side: 6
LP was not resolved to a sufficient status after probing
Error in probing left side: 6
Error in probing right side: 6
LP was not resolved to a sufficient status after probing
Error in probing left side: 6
Error in probing right side: 6
LP was not resolved to a sufficient status after probing
Error in probing left side: 6
Error in probing right side: 6
LP was not resolved to a sufficient status after probing
Error in probing left side: 6
Error in probing right side: 6
LP was not resolved to a sufficient status after probing
Error in probing left side: 6
Error in probing right side: 6
LP was not resolved to a sufficient status after probing
Error in probing left side: 6
Error in probing right side: 6
LP was not resolved to a sufficient status after probing
Error in probing left side: 6
Error in probing right side: 6
LP was not resolved to a sufficient status after probing
Error in probing left side: 6
Error in probing right side: 6
LP was not resolved to a sufficient status after probing
Error in probing left side: 6
Error in probing right side: 6
LP was not resolved to a sufficient status after probing
Error in probing left side: 6
Error in probing right side: 6
LP was not resolved to a sufficient status after probing
General disjunction: Infeasible disjunction

SCIP Status        : solving was interrupted [time limit reached]
Solving Time (sec) : 86652.30
Solving Nodes      : 119
Primal Bound       : +2.35157790000000e+02 (342 solutions)
Dual Bound         : -7.70901743801972e+02
Gap                : infinite

primal solution:
================

objective value:                            235.15779
x47                                                 1 	(obj:114.034)
x3                                                  1 	(obj:114.034)
x5                                                  1 	(obj:114.034)
x9                                                  1 	(obj:114.034)
x10                                                 1 	(obj:114.034)
x11                                                 1 	(obj:114.034)
x13                                                 1 	(obj:114.034)
x15                                                 1 	(obj:114.034)
x16                                                 1 	(obj:114.034)
x17                                                 1 	(obj:114.034)
x18                                                 1 	(obj:114.034)
x23                                                 1 	(obj:114.034)
x25                                                 1 	(obj:114.034)
x26                                                 1 	(obj:114.034)
x29                                                 1 	(obj:114.034)
x33                                                 1 	(obj:114.034)
x35                                                 1 	(obj:114.034)
x38                                                 1 	(obj:114.034)
x39                                                 1 	(obj:114.034)
x43                                                 1 	(obj:114.034)
x45                                                 1 	(obj:114.034)
x55                                              2.73 	(obj:-16.947)
x57                                              3.77 	(obj:-16.947)
x63                                              0.26 	(obj:-16.947)
x65                                              0.52 	(obj:-16.947)
x71                                              4.16 	(obj:-16.947)
x77                                              2.34 	(obj:-16.947)
x82                                             22.23 	(obj:-16.947)
x85                                  2.52999900000002 	(obj:-16.947)
x91                                              0.26 	(obj:-16.947)
x99                                              2.73 	(obj:-16.947)
x103                                             0.26 	(obj:-16.947)
x113                                             0.26 	(obj:-16.947)
x118                                             3.38 	(obj:-16.947)
x126                                             1.82 	(obj:-16.947)
x137                                             0.26 	(obj:-16.947)
x141                                             3.38 	(obj:-16.947)
x145                                             0.26 	(obj:-16.947)
x149                                             1.82 	(obj:-16.947)
x157                                             0.26 	(obj:-16.947)
x163                                             2.73 	(obj:-16.947)
x165                                             3.51 	(obj:-16.947)
x171                                             0.26 	(obj:-16.947)
x175                                              3.9 	(obj:-16.947)
x177                                        19.370001 	(obj:-16.947)
x183                                             2.73 	(obj:-16.947)
x185                                 2.17999999999999 	(obj:-16.947)
x189                                             3.38 	(obj:-16.947)
x195                                             0.26 	(obj:-16.947)
x202                                             4.94 	(obj:-16.947)
x207                                             1.04 	(obj:-16.947)
x210                                             7.28 	(obj:-16.947)
x215                                             0.26 	(obj:-16.947)
x218                                             0.26 	(obj:-16.947)
x227                                             4.42 	(obj:-16.947)
x231                                             0.26 	(obj:-16.947)
x239                                             3.51 	(obj:-16.947)
x243                                             0.26 	(obj:-16.947)
x251                                             0.26 	(obj:-16.947)
x263                                             3.51 	(obj:-16.947)
x267                                             0.52 	(obj:-16.947)
x271                                             0.26 	(obj:-16.947)
x273                                             0.26 	(obj:-16.947)
x279                                             3.12 	(obj:-16.947)
x283                                             0.26 	(obj:-16.947)
x285                                             0.78 	(obj:-16.947)
x291                                             0.26 	(obj:-16.947)
x293                                             0.26 	(obj:-16.947)
x297                                             0.26 	(obj:-16.947)
x303                                             3.12 	(obj:-16.947)
x307                                             0.52 	(obj:-16.947)
x311                                             0.26 	(obj:-16.947)
x315                                             0.26 	(obj:0)
x319                                             2.73 	(obj:0)
x321                                             3.77 	(obj:0)
x327                                             0.26 	(obj:0)
x329                                             0.52 	(obj:0)
x335                                             4.16 	(obj:0)
x339                                             0.52 	(obj:0)
x341                                             2.34 	(obj:0)
x346                                            22.23 	(obj:0)
x349                                 2.52999900000002 	(obj:0)
x352                                 1.11000099999998 	(obj:0)
x355                                             0.26 	(obj:0)
x357                                             0.26 	(obj:0)
x363                                             2.73 	(obj:0)
x367                                             0.26 	(obj:0)
x370                                             0.52 	(obj:0)
x375                                             0.26 	(obj:0)
x377                                             0.26 	(obj:0)
x382                                             3.38 	(obj:0)
x388                                             0.26 	(obj:0)
x390                                             1.82 	(obj:0)
x395                                             0.26 	(obj:0)
x399                                             0.26 	(obj:0)
x401                                             0.26 	(obj:0)
x405                                             3.38 	(obj:0)
x409                                             0.26 	(obj:0)
x413                                             1.82 	(obj:0)
x419                                             0.26 	(obj:0)
x421                                             0.26 	(obj:0)
x427                                             2.73 	(obj:0)
x429                                             3.51 	(obj:0)
x435                                             0.26 	(obj:0)
x439                                              3.9 	(obj:0)
x441                                        19.370001 	(obj:0)
x447                                             2.73 	(obj:0)
x449                                 2.17999999999999 	(obj:0)
x450                                 1.20000000000001 	(obj:0)
x453                                             3.38 	(obj:0)
x459                                             0.26 	(obj:0)
x461                                             0.52 	(obj:0)
x466                                             4.94 	(obj:0)
x471                                             1.04 	(obj:0)
x474                                             7.28 	(obj:0)
x479                                             0.26 	(obj:0)
x482                                             0.26 	(obj:0)
x485                                             0.52 	(obj:0)
x491                                             4.42 	(obj:0)
x495                                             0.26 	(obj:0)
x497                                             0.26 	(obj:0)
x503                                             3.51 	(obj:0)
x507                                             0.26 	(obj:0)
x510                                              1.3 	(obj:0)
x515                                             0.26 	(obj:0)
x518                                             0.26 	(obj:0)
x521                                             0.26 	(obj:0)
x527                                             3.51 	(obj:0)
x531                                             0.52 	(obj:0)
x535                                             0.26 	(obj:0)
x537                                             0.26 	(obj:0)
x543                                             3.12 	(obj:0)
x547                                             0.26 	(obj:0)
x549                                             0.78 	(obj:0)
x555                                             0.26 	(obj:0)
x557                                             0.26 	(obj:0)
x561                                             0.26 	(obj:0)
x567                                             3.12 	(obj:0)
x571                                             0.52 	(obj:0)
x575                                             0.26 	(obj:0)
x577                                             0.26 	(obj:0)
x583                                             2.73 	(obj:0)
x585                                             3.77 	(obj:0)
x591                                             0.26 	(obj:0)
x593                                             0.52 	(obj:0)
x599                                             4.16 	(obj:0)
x602                                             0.52 	(obj:0)
x605                                             2.34 	(obj:0)
x610                                            22.23 	(obj:0)
x613                                 2.52999900000002 	(obj:0)
x614                                 1.11000099999998 	(obj:0)
x619                                             0.26 	(obj:0)
x623                                             0.26 	(obj:0)
x627                                             2.73 	(obj:0)
x631                                             0.26 	(obj:0)
x635                                             0.52 	(obj:0)
x638                                             0.26 	(obj:0)
x641                                             0.26 	(obj:0)
x646                                             3.38 	(obj:0)
x650                                             0.26 	(obj:0)
x654                                             1.82 	(obj:0)
x658                                             0.26 	(obj:0)
x661                                             0.26 	(obj:0)
x665                                             0.26 	(obj:0)
x669                                             3.38 	(obj:0)
x673                                             0.26 	(obj:0)
x677                                             1.82 	(obj:0)
x681                                             0.26 	(obj:0)
x685                                             0.26 	(obj:0)
x691                                             2.73 	(obj:0)
x693                                             3.51 	(obj:0)
x699                                             0.26 	(obj:0)
x703                                              3.9 	(obj:0)
x705                                        19.370001 	(obj:0)
x711                                             2.73 	(obj:0)
x713                                 2.17999999999999 	(obj:0)
x715                                 1.20000000000001 	(obj:0)
x717                                             3.38 	(obj:0)
x723                                             0.26 	(obj:0)
x726                                             0.52 	(obj:0)
x730                                             4.94 	(obj:0)
x735                                             1.04 	(obj:0)
x738                                             7.28 	(obj:0)
x743                                             0.26 	(obj:0)
x746                                             0.26 	(obj:0)
x750                                             0.52 	(obj:0)
x755                                             4.42 	(obj:0)
x759                                             0.26 	(obj:0)
x763                                             0.26 	(obj:0)
x767                                             3.51 	(obj:0)
x771                                             0.26 	(obj:0)
x775                                              1.3 	(obj:0)
x779                                             0.26 	(obj:0)
x783                                             0.26 	(obj:0)
x787                                             0.26 	(obj:0)
x791                                             3.51 	(obj:0)
x795                                             0.52 	(obj:0)
x799                                             0.26 	(obj:0)
x801                                             0.26 	(obj:0)
x807                                             3.12 	(obj:0)
x811                                             0.26 	(obj:0)
x813                                             0.78 	(obj:0)
x819                                             0.26 	(obj:0)
x821                                             0.26 	(obj:0)
x825                                             0.26 	(obj:0)
x831                                             3.12 	(obj:0)
x835                                             0.52 	(obj:0)
x839                                             0.26 	(obj:0)

Statistics
==========

SCIP Status        : solving was interrupted [time limit reached]
Total Time         :   86652.31
  solving          :   86652.30
  presolving       :       0.03 (included in solving)
  reading          :       0.01
  copying          :       0.00 (1 #copies) (minimal 0.00, maximal 0.00, average 0.00)
Original Problem   :
  Problem name     : qiu
  Variables        : 840 (48 binary, 0 integer, 0 implicit integer, 792 continuous)
  Constraints      : 1192 initial, 1192 maximal
  Objective        : minimize, 312 non-zeros (abs.min = 16.947, abs.max = 114.034)
Presolved Problem  :
  Problem name     : t_qiu
  Variables        : 840 (48 binary, 0 integer, 0 implicit integer, 792 continuous)
  Constraints      : 1202 initial, 1225 maximal
  Objective        : minimize, 312 non-zeros (abs.min = 16.947, abs.max = 114.034)
  Nonzeros         : 3452 constraint, 0 clique table
Presolvers         :   ExecTime  SetupTime  Calls  FixedVars   AggrVars   ChgTypes  ChgBounds   AddHoles    DelCons    AddCons   ChgSides   ChgCoefs
  boundshift       :       0.00       0.00      0          0          0          0          0          0          0          0          0          0
  convertinttobin  :       0.00       0.00      0          0          0          0          0          0          0          0          0          0
  domcol           :       0.00       0.00      2          0          0          0          0          0          0          0          0          0
  dualagg          :       0.00       0.00      0          0          0          0          0          0          0          0          0          0
  dualcomp         :       0.00       0.00      2          0          0          0          0          0          0          0          0          0
  dualinfer        :       0.00       0.00      0          0          0          0          0          0          0          0          0          0
  dualsparsify     :       0.00       0.00      1          0          0          0          0          0          0          0          0          0
  gateextraction   :       0.00       0.00      0          0          0          0          0          0          0          0          0          0
  implics          :       0.00       0.00      3          0          0          0          0          0          0          0          0          0
  inttobinary      :       0.00       0.00      0          0          0          0          0          0          0          0          0          0
  qpkktref         :       0.00       0.00      0          0          0          0          0          0          0          0          0          0
  redvub           :       0.00       0.00      0          0          0          0          0          0          0          0          0          0
  sparsify         :       0.00       0.00      1          0          0          0          0          0          0          0          0          0
  stuffing         :       0.00       0.00      0          0          0          0          0          0          0          0          0          0
  trivial          :       0.00       0.00      4          0          0          0          0          0          0          0          0          0
  tworowbnd        :       0.00       0.00      0          0          0          0          0          0          0          0          0          0
  dualfix          :       0.00       0.00      4          0          0          0          0          0          0          0          0          0
  genvbounds       :       0.00       0.00      0          0          0          0          0          0          0          0          0          0
  probing          :       0.00       0.00      1          0          0          0          0          0          0          0          0          0
  pseudoobj        :       0.00       0.00      0          0          0          0          0          0          0          0          0          0
  symmetry         :       0.01       0.00      1          0          0          0          0          0          0         10          0          0
  vbounds          :       0.00       0.00      0          0          0          0          0          0          0          0          0          0
  varbound         :       0.00       0.00      4          0          0          0          0          0          0          0          0          0
  linear           :       0.01       0.00      7          0          0          0        792          0          0          0          0          0
  logicor          :       0.00       0.00      0          0          0          0          0          0          0          0          0          0
  benders          :       0.00       0.00      0          0          0          0          0          0          0          0          0          0
  components       :       0.00       0.00      1          0          0          0          0          0          0          0          0          0
  root node        :          -          -      -          0          -          -          8          -          -          -          -          -
Constraints        :     Number  MaxNumber  #Separate #Propagate    #EnfoLP    #EnfoRelax  #EnfoPS    #Check   #ResProp    Cutoffs    DomReds       Cuts    Applied      Conss   Children
  benderslp        :          0          0          0          0        128          0          0        486          0          0          0          0          0          0          0
  integral         :          0          0          0          0        128          0          0        486          0          2         80          0          0         21        230
  varbound         :        528        528         21       2133          0          0          0        481          6          2        838          0          0          0          0
  linear           :        674+       706         21       2131          0          0          0        478          2         11        900         23          7          0          0
  logicor          :          0+         2         19         73          0          0          0          0          0          0          0          0          0          0          0
  benders          :          0          0          0          0          0          0          0        343          0          0          0          0          0          0          0
  fixedvar         :          0          0          0          0          0          0          0        343          0          0          0          0          0          0          0
  countsols        :          0          0          0          0          0          0          0        343          0          0          0          0          0          0          0
  components       :          0          0          0          0          0          0          0          0          0          0          0          0          0          0          0
Constraint Timings :  TotalTime  SetupTime   Separate  Propagate     EnfoLP     EnfoPS     EnfoRelax   Check    ResProp    SB-Prop
  benderslp        :       0.00       0.00       0.00       0.00       0.00       0.00       0.00       0.00       0.00       0.00
  integral         :   86649.56       0.00       0.00       0.00   86649.55       0.00       0.00       0.00       0.00       0.00
  varbound         :       0.02       0.00       0.00       0.01       0.00       0.00       0.00       0.00       0.00       0.01
  linear           :       0.04       0.00       0.02       0.01       0.00       0.00       0.00       0.01       0.00       0.01
  logicor          :       0.00       0.00       0.00       0.00       0.00       0.00       0.00       0.00       0.00       0.00
  benders          :       0.00       0.00       0.00       0.00       0.00       0.00       0.00       0.00       0.00       0.00
  fixedvar         :       0.00       0.00       0.00       0.00       0.00       0.00       0.00       0.00       0.00       0.00
  countsols        :       0.00       0.00       0.00       0.00       0.00       0.00       0.00       0.00       0.00       0.00
  components       :       0.00       0.00       0.00       0.00       0.00       0.00       0.00       0.00       0.00       0.00
Propagators        : #Propagate   #ResProp    Cutoffs    DomReds
  dualfix          :          4          0          0          0
  genvbounds       :          0          0          0          0
  nlobbt           :          0          0          0          0
  obbt             :          0          0          0          0
  probing          :          0          0          0          0
  pseudoobj        :        426          0          0          0
  redcost          :        357          0          0          0
  rootredcost      :          3          0          0          0
  symmetry         :          0          0          0          0
  vbounds          :       1006          0          0          0
Propagator Timings :  TotalTime  SetupTime   Presolve  Propagate    ResProp    SB-Prop
  dualfix          :       0.00       0.00       0.00       0.00       0.00       0.00
  genvbounds       :       0.00       0.00       0.00       0.00       0.00       0.00
  nlobbt           :       0.00       0.00       0.00       0.00       0.00       0.00
  obbt             :       0.00       0.00       0.00       0.00       0.00       0.00
  probing          :       0.00       0.00       0.00       0.00       0.00       0.00
  pseudoobj        :       0.00       0.00       0.00       0.00       0.00       0.00
  redcost          :       0.00       0.00       0.00       0.00       0.00       0.00
  rootredcost      :       0.00       0.00       0.00       0.00       0.00       0.00
  symmetry         :       0.01       0.00       0.01       0.00       0.00       0.00
  vbounds          :       0.00       0.00       0.00       0.00       0.00       0.00
Symmetry           :
  orbitopal red.   :          0 reductions applied,          0 cutoffs
  orbital reduction:          0 reductions applied,          0 cutoffs
  lexicographic red:          0 reductions applied,          0 cutoffs
  shadow tree time :       0.00 s
Conflict Analysis  :       Time      Calls    Success    DomReds  Conflicts   Literals    Reconvs ReconvLits   Dualrays   Nonzeros   LP Iters   (pool size: [10000,10000])
  propagation      :       0.00          2          2          -          2        4.0          0        0.0          -          -          -
  infeasible LP    :       0.00          4          1          -          0        0.0          0        0.0          2       64.5          0
  bound exceed. LP :       0.09         91         21          -          0        0.0          0        0.0         20       88.1        721
  strong branching :       0.00          0          0          -          0        0.0          0        0.0          -          -          0
  pseudo solution  :       0.00          0          0          -          0        0.0          0        0.0          -          -          -
  applied globally :       0.00          -          -          0          2        4.0          -          -         21          -          -
  applied locally  :          -          -          -          0          0        0.0          -          -          1          -          -
Separators         :   ExecTime  SetupTime      Calls  RootCalls    Cutoffs    DomReds  FoundCuts ViaPoolAdd  DirectAdd    Applied ViaPoolApp  DirectApp      Conss
  cut pool         :       0.07          -        166         30          -          -       1869       3535          -          -          -          -          -    (maximal pool size:       1416)
  aggregation      :       0.36       0.00        109         21          0          0          0          0          0          0          0          0          0
  > cmir           :          -          -          -          -          -          -          -          0          0          0          0          0          -
  > flowcover      :          -          -          -          -          -          -          -          0          0          0          0          0          -
  > knapsackcover  :          -          -          -          -          -          -          -          0          0          0          0          0          -
  cgmip            :       0.00       0.00          0          0          0          0          0          0          0          0          0          0          0
  clique           :       0.00       0.00          1          1          0          0          0          0          0          0          0          0          0
  closecuts        :       0.00       0.00          0          0          0          0          0          0          0          0          0          0          0
  convexproj       :       0.00       0.00          0          0          0          0          0          0          0          0          0          0          0
  disjunctive      :       0.00       0.00          0          0          0          0          0          0          0          0          0          0          0
  eccuts           :       0.00       0.00          0          0          0          0          0          0          0          0          0          0          0
  gauge            :       0.00       0.00          0          0          0          0          0          0          0          0          0          0          0
  gomory           :       0.29       0.00         59         10          0          0       1869       3535          0        152        152          0          0
  > gomorymi       :          -          -          -          -          -          -          -       3535          0        152        152          0          -
  > strongcg       :          -          -          -          -          -          -          -          0          0          0          0          0          -
  impliedbounds    :       0.00       0.00        109         21          0          0          0          0          0          0          0          0          0
  interminor       :       0.00       0.00          0          0          0          0          0          0          0          0          0          0          0
  intobj           :       0.00       0.00          0          0          0          0          0          0          0          0          0          0          0
  lagromory        :       0.00       0.00          0          0          0          0          0          0          0          0          0          0          0
  mcf              :       0.00       0.00          1          1          0          0          0          0          0          0          0          0          0
  minor            :       0.00       0.00          0          0          0          0          0          0          0          0          0          0          0
  mixing           :       0.00       0.00        109         21          0          0          0          0          0          0          0          0          0
  oddcycle         :       0.00       0.00          0          0          0          0          0          0          0          0          0          0          0
  rapidlearning    :       0.00       0.00          0          0          0          0          0          0          0          0          0          0          0
  rlt              :       0.00       0.00         10         10          0          0          0          0          0          0          0          0          0
  zerohalf         :       0.01       0.00         69         20          0          0          0          0          0          0          0          0          0
Cutselectors       :   ExecTime  SetupTime      Calls  RootCalls   Selected     Forced   Filtered  RootSelec   RootForc   RootFilt 
  hybrid           :       0.01       0.00         99         17        159          0       3399         31          0        986
  ensemble         :       0.00       0.00          0          0          0          0          0          0          0          0
  dynamic          :       0.00       0.00          0          0          0          0          0          0          0          0
Pricers            :   ExecTime  SetupTime      Calls       Vars
  problem variables:       0.00          -          0          0
Branching Rules    :   ExecTime  SetupTime   BranchLP  BranchExt   BranchPS    Cutoffs    DomReds       Cuts      Conss   Children
  allfullstrong    :       0.00       0.00          0          0          0          0          0          0          0          0
  cloud            :       0.00       0.00          0          0          0          0          0          0          0          0
  distribution     :       0.00       0.00          0          0          0          0          0          0          0          0
  fullstrong       :       0.00       0.00          0          0          0          0          0          0          0          0
  general_disjuncti:   86648.95       0.00        128          0          0          2         80          0          4        168
  GeneralDisjunction(extra): subMILPs=1684 fairNodes of all MILPs=2932235 probingLPs=1694
  gomory           :       0.00       0.00          0          0          0          0          0          0          0          0
  inference        :       0.00       0.00          0          0          0          0          0          0          0          0
  leastinf         :       0.00       0.00          0          0          0          0          0          0          0          0
  lookahead        :       0.00       0.00          0          0          0          0          0          0          0          0
  mostinf          :       0.00       0.00          0          0          0          0          0          0          0          0
  multaggr         :       0.00       0.00          0          0          0          0          0          0          0          0
  nodereopt        :       0.00       0.00          0          0          0          0          0          0          0          0
  pscost           :       0.00       0.00          0          0          0          0          0          0          0          0
  random           :       0.00       0.00          0          0          0          0          0          0          0          0
  relpscost        :       0.60       0.00         31          0          0          0          0          0          0         62
  vanillafullstrong:       0.00       0.00          0          0          0          0          0          0          0          0
Primal Heuristics  :   ExecTime  SetupTime      Calls      Found       Best
  LP solutions     :       0.00          -          -          0          0
  relax solutions  :       0.00          -          -          0          0
  pseudo solutions :       0.00          -          -          0          0
  strong branching :       0.03          -          -        254          0
  actconsdiving    :       0.00       0.00          0          0          0
  adaptivediving   :       0.06       0.00          1          1          0
  alns             :       0.01       0.00          1          1          1
  bound            :       0.00       0.00          0          0          0
  clique           :       0.00       0.00          0          0          0
  coefdiving       :       0.00       0.00          0          0          0
  completesol      :       0.00       0.00          0          0          0
  conflictdiving   :       0.09       0.00          1          5          4
  crossover        :       0.00       0.00          0          0          0
  dins             :       0.00       0.00          0          0          0
  distributiondivin:       0.00       0.00          0          0          0
  dps              :       0.00       0.00          0          0          0
  dualval          :       0.00       0.00          0          0          0
  farkasdiving     :       0.00       0.00          0          0          0
  feaspump         :       0.03       0.00          1          0          0
  fixandinfer      :       0.00       0.00          0          0          0
  fracdiving       :       0.00       0.00          0          0          0
  gins             :       0.00       0.00          0          0          0
  guideddiving     :       0.00       0.00          0          0          0
  indicator        :       0.00       0.00          0          0          0
  indicatordiving  :       0.00       0.00          0          0          0
  intdiving        :       0.00       0.00          0          0          0
  intshifting      :       0.08       0.00          9          2          2
  linesearchdiving :       0.00       0.00          0          0          0
  localbranching   :       0.00       0.00          0          0          0
  locks            :       0.01       0.00          1          0          0
  lpface           :       0.00       0.00          0          0          0
  mpec             :       0.00       0.00          0          0          0
  multistart       :       0.00       0.00          0          0          0
  mutation         :       0.00       0.00          0          0          0
  nlpdiving        :       0.00       0.00          0          0          0
  objpscostdiving  :       0.00       0.00          0          0          0
  octane           :       0.00       0.00          0          0          0
  ofins            :       0.00       0.00          0          0          0
  oneopt           :       0.00       0.00          5          0          0
  padm             :       0.00       0.00          0          0          0
  proximity        :       0.00       0.00          0          0          0
  pscostdiving     :       0.04       0.00          1          6          1
  randrounding     :       0.03       0.00         19          0          0
  rens             :       0.00       0.00          0          0          0
  reoptsols        :       0.00       0.00          0          0          0
  repair           :       0.00       0.00          0          0          0
  rins             :       0.00       0.00          0          0          0
  rootsoldiving    :       0.00       0.00          0          0          0
  rounding         :       0.01       0.00        159          0          0
  scheduler        :       0.00       0.00          0          0          0
  shiftandpropagate:       0.00       0.00          1          0          0
  shifting         :       0.02       0.00        111         10          1
  simplerounding   :       0.01       0.00        225         63          1
  subnlp           :       0.00       0.00          0          0          0
  trivial          :       0.00       0.00          2          0          0
  trivialnegation  :       0.00       0.00          0          0          0
  trustregion      :       0.00       0.00          0          0          0
  trysol           :       0.00       0.00          0          0          0
  twoopt           :       0.00       0.00          0          0          0
  undercover       :       0.00       0.00          0          0          0
  vbounds          :       0.00       0.00          0          0          0
  veclendiving     :       0.00       0.00          0          0          0
  zeroobj          :       0.00       0.00          0          0          0
  zirounding       :       0.01       0.00        115          0          0
  other solutions  :          -          -          -          0          -
LNS (Scheduler)    :      Calls  SetupTime  SolveTime SolveNodes       Sols       Best       Exp3    Exp3-IX  EpsGreedy        UCB TgtFixRate  Opt  Inf Node Stal  Sol  Usr Othr Actv
  rens             :          0       0.00       0.00          0          0          0    0.00000    0.12500   -1.00000    1.00000      0.900    0    0    0    0    0    0    0    1
  rins             :          0       0.00       0.00          0          0          0    0.00000    0.12500   -1.00000    1.00000      0.900    0    0    0    0    0    0    0    1
  mutation         :          0       0.00       0.00          0          0          0    0.00000    0.12500   -1.00000    1.00000      0.900    0    0    0    0    0    0    0    1
  localbranching   :          0       0.00       0.00          0          0          0    0.00000    0.12500   -1.00000    1.00000      0.900    0    0    0    0    0    0    0    1
  crossover        :          0       0.00       0.00          0          0          0    0.00000    0.12500   -1.00000    1.00000      0.900    0    0    0    0    0    0    0    1
  proximity        :          0       0.00       0.00          0          0          0    0.00000    0.12500   -1.00000    1.00000      0.900    0    0    0    0    0    0    0    1
  zeroobjective    :          0       0.00       0.00          0          0          0    0.00000    0.12500   -1.00000    1.00000      0.900    0    0    0    0    0    0    0    1
  dins             :          0       0.00       0.00          0          0          0    0.00000    0.12500   -1.00000    1.00000      0.900    0    0    0    0    0    0    0    1
  trustregion      :          0       0.00       0.00          0          0          0    0.00000    0.00000   -1.00000    1.00000      0.900    0    0    0    0    0    0    0    0
LP                 :       Time      Calls Iterations  Iter/call   Iter/sec  Time-0-It Calls-0-It    ItLimit
  primal LP        :       0.13         14          0       0.00       0.00       0.13         14
  dual LP          :       1.33        229      18218      80.61   13714.25       0.02          3
  lex dual LP      :       0.00          0          0       0.00          -
  barrier LP       :       0.00          0          0       0.00          -       0.00          0
  resolve instable :       0.00          0          0       0.00          -
  diving/probing LP:       8.57       1702     137871      81.01   16079.96
  strong branching :       5.15        242      71604     295.88   13891.39          -          -          0
    (at root node) :          -         48      26994     562.38          -
  conflict analysis:       0.07         74        721       9.74   10404.04
B&B Tree           :
  number of runs   :          1
  nodes            :        119 (115 internal, 4 leaves)
  feasible leaves  :          0
  infeas. leaves   :          2
  objective leaves :          2
  nodes (total)    :        119 (115 internal, 4 leaves)
  nodes left       :        101
  max depth        :         17
  max depth (total):         17
  backtracks       :          9 (7.6%)
  early backtracks :          0 (0.0%)
  nodes exc. ref.  :          0 (0.0%)
  delayed cutoffs  :          0
  repropagations   :          0 (0 domain reductions, 0 cutoffs)
  avg switch length:       2.03
  switching time   :       0.14
Root Node          :
  First LP value   : -9.31638851287331e+02
  First LP Iters   :         68 (7224.82 Iter/sec)
  First LP Time    :       0.01
  Final Dual Bound : -8.58297932023970e+02
  Final Root Iters :       2222
  Root LP Estimate : +1.36795502823433e+02
Solution           :
  Solutions found  :        342 (10 improvements)
  First Solution   : +3.19760951077303e+03   (in run 1, after 1 nodes, 0.27 seconds, depth 0, found by <simplerounding>)
  Gap First Sol.   :   infinite
  Gap Last Sol.    :   infinite
  Primal Bound     : +2.35157790000000e+02   (in run 1, after 77 nodes, 64054.30 seconds, depth 17, found by <intshifting>)
  Dual Bound       : -7.70901743801972e+02
  Gap              :   infinite
Integrals          :      Total       Avg%
  primal-dual      : 8665230.00     100.00
  primal-ref       :          -          - (not evaluated)
  dual-ref         :          -          - (not evaluated)
