SCIP version 9.2.2 [precision: 8 byte] [memory: block] [mode: optimized] [LP solver: CPLEX 12.10.0.0] [GitHash: 416226a4f8]
Copyright (c) 2002-2025 Zuse Institute Berlin (ZIB)

reading parameter file </scratch/htc/yzhou/exp_scipmip/settings/allon_gendj.set>

read problem </scratch/htc/yzhou/exp_scipmip/instances/additional/r50x360.mps>
============

original problem has 720 variables (360 bin, 0 int, 0 impl, 360 cont) and 410 constraints
    410 constraints of type <linear>
Reading Time: 0.00
solve problem
=============
LP Solver <CPLEX 12.10.0.0>: fastmip setting not available -- SCIP parameter has no effect
LP Solver <CPLEX 12.10.0.0>: clock type cannot be set
LP Solver <CPLEX 12.10.0.0>: row representation of the basis not available -- SCIP parameter lp/rowrepswitch has no effect
LP Solver <CPLEX 12.10.0.0>: solution polishing not available -- SCIP parameter lp/solutionpolishing has no effect
LP Solver <CPLEX 12.10.0.0>: refactorization interval not available -- SCIP parameter lp/refactorinterval has no effect
transformed problem has 720 variables (360 bin, 0 int, 0 impl, 360 cont) and 410 constraints
    410 constraints of type <linear>

original problem has 1440 active (0.487805%) nonzeros and 1440 (0.487805%) check nonzeros

presolving:
(round 1, fast)       2 del vars, 2 del conss, 0 add conss, 2 chg bounds, 0 chg sides, 1 chg coeffs, 0 upgd conss, 0 impls, 0 clqs
(round 2, fast)       2 del vars, 2 del conss, 0 add conss, 3 chg bounds, 0 chg sides, 1 chg coeffs, 0 upgd conss, 0 impls, 0 clqs
(round 3, fast)       3 del vars, 3 del conss, 0 add conss, 3 chg bounds, 0 chg sides, 1 chg coeffs, 0 upgd conss, 0 impls, 0 clqs
(round 4, fast)       4 del vars, 3 del conss, 0 add conss, 3 chg bounds, 0 chg sides, 1 chg coeffs, 0 upgd conss, 0 impls, 0 clqs
(round 5, exhaustive) 4 del vars, 3 del conss, 0 add conss, 3 chg bounds, 0 chg sides, 1 chg coeffs, 358 upgd conss, 0 impls, 0 clqs
   (0.0s) probing: 51/358 (14.2%) - 0 fixings, 0 aggregations, 0 implications, 0 bound changes
   (0.0s) probing aborted: 50/50 successive totally useless probings
   (0.0s) symmetry computation started: requiring (bin +, int +, cont +), (fixed: bin -, int -, cont -)
   (0.0s) no symmetry present (symcode time: 0.00)
clique table cleanup detected 0 bound changes

presolved problem has 1432 active (0.4914%) nonzeros and 1432 (0.4914%) check nonzeros

presolving (6 rounds: 6 fast, 2 medium, 2 exhaustive):
 4 deleted vars, 3 deleted constraints, 0 added constraints, 3 tightened bounds, 0 added holes, 0 changed sides, 1 changed coefficients
 358 implications, 0 cliques
presolved problem has 716 variables (358 bin, 0 int, 0 impl, 358 cont) and 407 constraints
    358 constraints of type <varbound>
     49 constraints of type <linear>
Presolving Time: 0.01

 time | node  | left  |LP iter|LP it/n|mem/heur|mdpt |vars |cons |rows |cuts |sepa|confs|strbr|  dualbound   | primalbound  |  gap   | compl. 
p 0.0s|     1 |     0 |    65 |     - |   locks|   0 | 716 | 407 | 407 |   0 |  0 |   0 |   0 | 5.500000e+01 | 1.268200e+04 |  Large | unknown
i 0.0s|     1 |     0 |    65 |     - |  oneopt|   0 | 716 | 407 | 407 |   0 |  0 |   0 |   0 | 5.500000e+01 | 2.040000e+03 |3609.09%| unknown
  0.0s|     1 |     0 |   127 |     - |  6784k |   0 | 716 | 407 | 407 |   0 |  0 |   0 |   0 | 5.750200e+02 | 2.040000e+03 | 254.77%| unknown
r 0.0s|     1 |     0 |   127 |     - |simplero|   0 | 716 | 407 | 407 |   0 |  0 |   0 |   0 | 5.750200e+02 | 2.016000e+03 | 250.60%| unknown
  0.0s|     1 |     0 |   187 |     - |  7504k |   0 | 716 | 407 | 441 |  34 |  1 |   0 |   0 | 9.215204e+02 | 2.016000e+03 | 118.77%| unknown
  0.0s|     1 |     0 |   266 |     - |  8047k |   0 | 716 | 407 | 480 |  73 |  2 |   0 |   0 | 1.095482e+03 | 2.016000e+03 |  84.03%| unknown
  0.1s|     1 |     0 |   349 |     - |  8440k |   0 | 716 | 407 | 520 | 113 |  3 |   0 |   0 | 1.226337e+03 | 2.016000e+03 |  64.39%| unknown
  0.1s|     1 |     0 |   451 |     - |    10M |   0 | 716 | 407 | 551 | 144 |  4 |   0 |   0 | 1.350190e+03 | 2.016000e+03 |  49.31%| unknown
  0.1s|     1 |     0 |   542 |     - |    11M |   0 | 716 | 407 | 588 | 181 |  5 |   0 |   0 | 1.422033e+03 | 2.016000e+03 |  41.77%| unknown
  0.1s|     1 |     0 |   632 |     - |    13M |   0 | 716 | 407 | 623 | 216 |  6 |   0 |   0 | 1.450195e+03 | 2.016000e+03 |  39.02%| unknown
  0.2s|     1 |     0 |   726 |     - |    14M |   0 | 716 | 407 | 655 | 248 |  7 |   0 |   0 | 1.477811e+03 | 2.016000e+03 |  36.42%| unknown
  0.2s|     1 |     0 |   804 |     - |    16M |   0 | 716 | 407 | 682 | 275 |  8 |   0 |   0 | 1.509217e+03 | 2.016000e+03 |  33.58%| unknown
  0.2s|     1 |     0 |   909 |     - |    20M |   0 | 716 | 407 | 714 | 307 |  9 |   0 |   0 | 1.526295e+03 | 2.016000e+03 |  32.08%| unknown
  0.3s|     1 |     0 |  1019 |     - |    22M |   0 | 716 | 407 | 737 | 330 | 10 |   0 |   0 | 1.544175e+03 | 2.016000e+03 |  30.56%| unknown
  0.3s|     1 |     0 |  1172 |     - |    23M |   0 | 716 | 407 | 763 | 356 | 11 |   0 |   0 | 1.561058e+03 | 2.016000e+03 |  29.14%| unknown
 time | node  | left  |LP iter|LP it/n|mem/heur|mdpt |vars |cons |rows |cuts |sepa|confs|strbr|  dualbound   | primalbound  |  gap   | compl. 
  0.4s|     1 |     0 |  1315 |     - |    24M |   0 | 716 | 407 | 787 | 380 | 12 |   0 |   0 | 1.574524e+03 | 2.016000e+03 |  28.04%| unknown
  0.4s|     1 |     0 |  1414 |     - |    25M |   0 | 716 | 407 | 811 | 404 | 13 |   0 |   0 | 1.581254e+03 | 2.016000e+03 |  27.49%| unknown
  0.5s|     1 |     0 |  1506 |     - |    25M |   0 | 716 | 407 | 833 | 426 | 14 |   0 |   0 | 1.586980e+03 | 2.016000e+03 |  27.03%| unknown
  0.6s|     1 |     0 |  1598 |     - |    25M |   0 | 716 | 407 | 853 | 446 | 15 |   0 |   0 | 1.591425e+03 | 2.016000e+03 |  26.68%| unknown
  0.6s|     1 |     0 |  1667 |     - |    26M |   0 | 716 | 407 | 821 | 463 | 16 |   0 |   0 | 1.593526e+03 | 2.016000e+03 |  26.51%| unknown
  0.7s|     1 |     0 |  1758 |     - |    26M |   0 | 716 | 407 | 840 | 482 | 17 |   0 |   0 | 1.595137e+03 | 2.016000e+03 |  26.38%| unknown
  0.8s|     1 |     0 |  1858 |     - |    26M |   0 | 716 | 407 | 859 | 501 | 18 |   0 |   0 | 1.599359e+03 | 2.016000e+03 |  26.05%| unknown
  0.8s|     1 |     0 |  1971 |     - |    27M |   0 | 716 | 407 | 875 | 517 | 19 |   0 |   0 | 1.602774e+03 | 2.016000e+03 |  25.78%| unknown
  0.9s|     1 |     0 |  2092 |     - |    27M |   0 | 716 | 408 | 893 | 535 | 20 |   1 |   0 | 1.604370e+03 | 2.016000e+03 |  25.66%| unknown
  1.0s|     1 |     0 |  2201 |     - |    27M |   0 | 716 | 408 | 913 | 555 | 21 |   1 |   0 | 1.606595e+03 | 2.016000e+03 |  25.48%| unknown
  1.1s|     1 |     0 |  2281 |     - |    27M |   0 | 716 | 408 | 826 | 572 | 22 |   1 |   0 | 1.607607e+03 | 2.016000e+03 |  25.40%| unknown
  1.1s|     1 |     0 |  2353 |     - |    28M |   0 | 716 | 408 | 841 | 587 | 23 |   1 |   0 | 1.608808e+03 | 2.016000e+03 |  25.31%| unknown
  1.2s|     1 |     0 |  2427 |     - |    28M |   0 | 716 | 408 | 853 | 599 | 24 |   1 |   0 | 1.609290e+03 | 2.016000e+03 |  25.27%| unknown
  1.3s|     1 |     0 |  2468 |     - |    28M |   0 | 716 | 408 | 865 | 611 | 25 |   1 |   0 | 1.609492e+03 | 2.016000e+03 |  25.26%| unknown
  1.4s|     1 |     0 |  2523 |     - |    28M |   0 | 716 | 408 | 876 | 622 | 26 |   1 |   0 | 1.609593e+03 | 2.016000e+03 |  25.25%| unknown
 time | node  | left  |LP iter|LP it/n|mem/heur|mdpt |vars |cons |rows |cuts |sepa|confs|strbr|  dualbound   | primalbound  |  gap   | compl. 
  1.5s|     1 |     0 |  2578 |     - |    28M |   0 | 716 | 408 | 892 | 638 | 27 |   1 |   0 | 1.609721e+03 | 2.016000e+03 |  25.24%| unknown
  1.7s|     1 |     0 |  2652 |     - |    28M |   0 | 716 | 408 | 807 | 650 | 28 |   1 |   0 | 1.610014e+03 | 2.016000e+03 |  25.22%| unknown
  1.8s|     1 |     0 |  2682 |     - |    28M |   0 | 716 | 408 | 816 | 659 | 29 |   1 |   0 | 1.610116e+03 | 2.016000e+03 |  25.21%| unknown
  1.9s|     1 |     0 |  2731 |     - |    28M |   0 | 716 | 408 | 828 | 671 | 30 |   1 |   0 | 1.610252e+03 | 2.016000e+03 |  25.20%| unknown
  2.0s|     1 |     0 |  2778 |     - |    28M |   0 | 716 | 408 | 839 | 682 | 31 |   1 |   0 | 1.610311e+03 | 2.016000e+03 |  25.19%| unknown
  2.1s|     1 |     0 |  2835 |     - |    28M |   0 | 716 | 408 | 849 | 692 | 32 |   1 |   0 | 1.610420e+03 | 2.016000e+03 |  25.18%| unknown
  2.1s|     1 |     0 |  2877 |     - |    28M |   0 | 716 | 408 | 857 | 700 | 33 |   1 |   0 | 1.610508e+03 | 2.016000e+03 |  25.18%| unknown
  2.1s|     1 |     0 |  2911 |     - |    28M |   0 | 716 | 408 | 760 | 707 | 34 |   1 |   0 | 1.610567e+03 | 2.016000e+03 |  25.17%| unknown
  2.2s|     1 |     0 |  2938 |     - |    28M |   0 | 716 | 408 | 767 | 714 | 35 |   1 |   0 | 1.610594e+03 | 2.016000e+03 |  25.17%| unknown
  2.3s|     1 |     0 |  2976 |     - |    28M |   0 | 716 | 408 | 773 | 720 | 36 |   1 |   0 | 1.610628e+03 | 2.016000e+03 |  25.17%| unknown
  2.4s|     1 |     0 |  3012 |     - |    28M |   0 | 716 | 408 | 779 | 726 | 37 |   1 |   0 | 1.610654e+03 | 2.016000e+03 |  25.17%| unknown
  2.4s|     1 |     0 |  3044 |     - |    28M |   0 | 716 | 408 | 788 | 735 | 38 |   1 |   0 | 1.610692e+03 | 2.016000e+03 |  25.16%| unknown
Truncate separation round because of stalling (10 stall rounds).
L 3.2s|     1 |     0 |  5572 |     - |    rens|   0 | 716 | 432 | 788 | 735 | 38 |  27 |   0 | 1.610692e+03 | 1.729000e+03 |   7.35%| unknown
  3.3s|     1 |     0 |  5572 |     - |    29M |   0 | 716 | 432 | 788 | 735 | 38 |  27 |   0 | 1.610692e+03 | 1.729000e+03 |   7.35%| unknown
  3.3s|     1 |     0 |  5610 |     - |    29M |   0 | 716 | 432 | 794 | 741 | 39 |  27 |   0 | 1.610755e+03 | 1.729000e+03 |   7.34%| unknown
 time | node  | left  |LP iter|LP it/n|mem/heur|mdpt |vars |cons |rows |cuts |sepa|confs|strbr|  dualbound   | primalbound  |  gap   | compl. 
  3.3s|     1 |     0 |  5668 |     - |    29M |   0 | 716 | 432 | 800 | 747 | 40 |  27 |   0 | 1.610880e+03 | 1.729000e+03 |   7.33%| unknown
_____________________________________
Now starting branching with general disjunction
Current branching Node number: 1
LP objective value: 1555.88
Node lower bound: 1559.75
Node upper bound: 1729
gap to the primal bound: 0.0707539
Preck submodel is infeasible, continue branching
Time limit exceeded (1752.03s), stopping submodel solve loop
General disjunction: No feasible solution found, use SCIP default branching rule
 1756s|     1 |     2 |  5668 |     - |    29M |   0 | 716 | 432 | 800 | 747 | 40 |  27 |  41 | 1.614750e+03 | 1.729000e+03 |   7.08%| unknown
_____________________________________
Now starting branching with general disjunction
Current branching Node number: 2
LP objective value: 1558.34
Node lower bound: 1560.35
Node upper bound: 1729
gap to the primal bound: 0.0707539
Preck submodel is infeasible, continue branching
Time limit exceeded (1695.53s), stopping submodel solve loop
General disjunction: No feasible solution found, use SCIP default branching rule
_____________________________________
Now starting branching with general disjunction
Current branching Node number: 4
LP objective value: 1560.35
Node lower bound: 1562.31
Node upper bound: 1729
gap to the primal bound: 0.0707539
Preck submodel is infeasible, continue branching
Time limit exceeded (1780.56s), stopping submodel solve loop
General disjunction: No feasible solution found, use SCIP default branching rule
_____________________________________
Now starting branching with general disjunction
Current branching Node number: 6
LP objective value: 1562.67
Node lower bound: 1563.84
Node upper bound: 1729
gap to the primal bound: 0.0707539
Preck submodel is infeasible, continue branching
Time limit exceeded (1228.11s), stopping submodel solve loop
General disjunction: No feasible solution found, use SCIP default branching rule
_____________________________________
Now starting branching with general disjunction
Current branching Node number: 8
LP objective value: 1563.2
Node lower bound: 1564.14
Node upper bound: 1729
gap to the primal bound: 0.0707539
Preck submodel is infeasible, continue branching
Time limit exceeded (1284.8s), stopping submodel solve loop
General disjunction: No feasible solution found, use SCIP default branching rule
_____________________________________
Now starting branching with general disjunction
Current branching Node number: 10
LP objective value: 1615.2
Node lower bound: 1624.38
Node upper bound: 1729
gap to the primal bound: 0.0707539
Preck submodel is infeasible, continue branching
Time limit exceeded (1148.24s), stopping submodel solve loop
General disjunction: No feasible solution found, use SCIP default branching rule
_____________________________________
Now starting branching with general disjunction
Current branching Node number: 12
LP objective value: 1624.38
Node lower bound: 1634.6
Node upper bound: 1729
gap to the primal bound: 0.0707539
Preck submodel is infeasible, continue branching
Time limit exceeded (1531.17s), stopping submodel solve loop
General disjunction: No feasible solution found, use SCIP default branching rule
_____________________________________
Now starting branching with general disjunction
Current branching Node number: 14
Relpscost reduced domain, skip general disjunction branching
_____________________________________
Now starting branching with general disjunction
Current branching Node number: 14
LP objective value: 1651.26
Node lower bound: 1654.2
Node upper bound: 1729
gap to the primal bound: 0.0707539
Preck submodel is infeasible, continue branching
Time limit exceeded (1420.24s), stopping submodel solve loop
General disjunction: No feasible solution found, use SCIP default branching rule
_____________________________________
Now starting branching with general disjunction
Current branching Node number: 16
Relpscost reduced domain, skip general disjunction branching
_____________________________________
Now starting branching with general disjunction
Current branching Node number: 16
Relpscost reduced domain, skip general disjunction branching
_____________________________________
Now starting branching with general disjunction
Current branching Node number: 16
Relpscost reduced domain, skip general disjunction branching
_____________________________________
Now starting branching with general disjunction
Current branching Node number: 16
Relpscost reduced domain, skip general disjunction branching
_____________________________________
Now starting branching with general disjunction
Current branching Node number: 16
Relpscost reduced domain, skip general disjunction branching
_____________________________________
Now starting branching with general disjunction
Current branching Node number: 16
Relpscost reduced domain, skip general disjunction branching
_____________________________________
Now starting branching with general disjunction
Current branching Node number: 16
Relpscost reduced domain, skip general disjunction branching
_____________________________________
Now starting branching with general disjunction
Current branching Node number: 16
Relpscost reduced domain, skip general disjunction branching
_____________________________________
Now starting branching with general disjunction
Current branching Node number: 16
Relpscost reduced domain, skip general disjunction branching
_____________________________________
Now starting branching with general disjunction
Current branching Node number: 16
Relpscost reduced domain, skip general disjunction branching
_____________________________________
Now starting branching with general disjunction
Current branching Node number: 17
Relpscost reduced domain, skip general disjunction branching
_____________________________________
Now starting branching with general disjunction
Current branching Node number: 17
Relpscost reduced domain, skip general disjunction branching
_____________________________________
Now starting branching with general disjunction
Current branching Node number: 17
Relpscost reduced domain, skip general disjunction branching
_____________________________________
Now starting branching with general disjunction
Current branching Node number: 3
LP objective value: 1559.06
Node lower bound: 1559.75
Node upper bound: 1729
gap to the primal bound: 0.0707539
Preck submodel is infeasible, continue branching
Time limit exceeded (1929.62s), stopping submodel solve loop
General disjunction: No feasible solution found, use SCIP default branching rule
_____________________________________
Now starting branching with general disjunction
Current branching Node number: 18
LP objective value: 1559.46
Node lower bound: 1559.75
Node upper bound: 1729
gap to the primal bound: 0.0707539
Preck submodel is infeasible, continue branching
Time limit exceeded (1013.08s), stopping submodel solve loop
General disjunction: No feasible solution found, use SCIP default branching rule
_____________________________________
Now starting branching with general disjunction
Current branching Node number: 20
LP objective value: 1559.46
Node lower bound: 1559.75
Node upper bound: 1729
gap to the primal bound: 0.0707539
Preck submodel is infeasible, continue branching
Time limit exceeded (1171.03s), stopping submodel solve loop
General disjunction: No feasible solution found, use SCIP default branching rule
_____________________________________
Now starting branching with general disjunction
Current branching Node number: 22
LP objective value: 1566.17
Node lower bound: 1567.75
Node upper bound: 1729
gap to the primal bound: 0.0707539
Preck submodel is infeasible, continue branching
Time limit exceeded (1704.99s), stopping submodel solve loop
General disjunction: No feasible solution found, use SCIP default branching rule
_____________________________________
Now starting branching with general disjunction
Current branching Node number: 24
LP objective value: 1567.75
Node lower bound: 1569.23
Node upper bound: 1729
gap to the primal bound: 0.0707539
Preck submodel is infeasible, continue branching
Time limit exceeded (1118.5s), stopping submodel solve loop
General disjunction: No feasible solution found, use SCIP default branching rule
_____________________________________
Now starting branching with general disjunction
Current branching Node number: 26
LP objective value: 1573.13
Node lower bound: 1578.32
Node upper bound: 1729
gap to the primal bound: 0.0707539
Preck submodel is infeasible, continue branching
Time limit exceeded (1786.37s), stopping submodel solve loop
General disjunction: No feasible solution found, use SCIP default branching rule
_____________________________________
Now starting branching with general disjunction
Current branching Node number: 28
LP objective value: 1586.02
Node lower bound: 1590.74
Node upper bound: 1729
gap to the primal bound: 0.0707539
Preck submodel is infeasible, continue branching
Time limit exceeded (1208.72s), stopping submodel solve loop
General disjunction: No feasible solution found, use SCIP default branching rule
_____________________________________
Now starting branching with general disjunction
Current branching Node number: 30
LP objective value: 1590.74
Node lower bound: 1592.82
Node upper bound: 1729
gap to the primal bound: 0.0707539
Preck submodel is infeasible, continue branching
Time limit exceeded (1507.24s), stopping submodel solve loop
General disjunction: No feasible solution found, use SCIP default branching rule
_____________________________________
Now starting branching with general disjunction
Current branching Node number: 32
LP objective value: 1592.82
Node lower bound: 1593.5
Node upper bound: 1729
gap to the primal bound: 0.0707539
Preck submodel is infeasible, continue branching
Time limit exceeded (1782.45s), stopping submodel solve loop
General disjunction: No feasible solution found, use SCIP default branching rule
_____________________________________
Now starting branching with general disjunction
Current branching Node number: 34
LP objective value: 1601.19
Node lower bound: 1602.06
Node upper bound: 1729
gap to the primal bound: 0.0707539
Preck submodel is infeasible, continue branching
Time limit exceeded (1597.17s), stopping submodel solve loop
General disjunction: No feasible solution found, use SCIP default branching rule
_____________________________________
Now starting branching with general disjunction
Current branching Node number: 36
LP objective value: 1601.97
Node lower bound: 1602.06
Node upper bound: 1729
gap to the primal bound: 0.0707539
Preck submodel is infeasible, continue branching
Time limit exceeded (1149.7s), stopping submodel solve loop
General disjunction: No feasible solution found, use SCIP default branching rule
_____________________________________
Now starting branching with general disjunction
Current branching Node number: 39
LP objective value: 1621.28
Node lower bound: 1623.66
Node upper bound: 1729
gap to the primal bound: 0.0707539
Preck submodel is infeasible, continue branching
Time limit exceeded (1090.4s), stopping submodel solve loop
General disjunction: No feasible solution found, use SCIP default branching rule
_____________________________________
Now starting branching with general disjunction
Current branching Node number: 11
LP objective value: 1565.76
Node lower bound: 1566.69
Node upper bound: 1729
gap to the primal bound: 0.0707539
Preck submodel is infeasible, continue branching
Time limit exceeded (1168.79s), stopping submodel solve loop
General disjunction: No feasible solution found, use SCIP default branching rule
_____________________________________
Now starting branching with general disjunction
Current branching Node number: 42
LP objective value: 1566.67
Node lower bound: 1566.84
Node upper bound: 1729
gap to the primal bound: 0.0707539
Preck submodel is infeasible, continue branching
Time limit exceeded (1390.08s), stopping submodel solve loop
General disjunction: No feasible solution found, use SCIP default branching rule
_____________________________________
Now starting branching with general disjunction
Current branching Node number: 44
LP objective value: 1567.37
Node lower bound: 1568.52
Node upper bound: 1729
gap to the primal bound: 0.0707539
Preck submodel is infeasible, continue branching
Time limit exceeded (1055.68s), stopping submodel solve loop
General disjunction: No feasible solution found, use SCIP default branching rule
_____________________________________
Now starting branching with general disjunction
Current branching Node number: 46
LP objective value: 1567.72
Node lower bound: 1568.52
Node upper bound: 1729
gap to the primal bound: 0.0707539
Preck submodel is infeasible, continue branching
Time limit exceeded (1804.3s), stopping submodel solve loop
General disjunction: No feasible solution found, use SCIP default branching rule
_____________________________________
Now starting branching with general disjunction
Current branching Node number: 48
LP objective value: 1567.83
Node lower bound: 1568.52
Node upper bound: 1729
gap to the primal bound: 0.0707539
Preck submodel is infeasible, continue branching
Time limit exceeded (1094.36s), stopping submodel solve loop
General disjunction: No feasible solution found, use SCIP default branching rule
_____________________________________
Now starting branching with general disjunction
Current branching Node number: 50
LP objective value: 1575.84
Node lower bound: 1578.24
Node upper bound: 1729
gap to the primal bound: 0.0707539
Preck submodel is infeasible, continue branching
Time limit exceeded (1257.41s), stopping submodel solve loop
General disjunction: No feasible solution found, use SCIP default branching rule
_____________________________________
Now starting branching with general disjunction
Current branching Node number: 52
LP objective value: 1576.44
Node lower bound: 1578.96
Node upper bound: 1729
gap to the primal bound: 0.0707539
Preck submodel is infeasible, continue branching
Time limit exceeded (1374.87s), stopping submodel solve loop
General disjunction: No feasible solution found, use SCIP default branching rule
_____________________________________
Now starting branching with general disjunction
Current branching Node number: 54
LP objective value: 1576.53
Node lower bound: 1578.96
Node upper bound: 1729
gap to the primal bound: 0.0707539
Preck submodel is infeasible, continue branching
Time limit exceeded (1040.95s), stopping submodel solve loop
General disjunction: No feasible solution found, use SCIP default branching rule
_____________________________________
Now starting branching with general disjunction
Current branching Node number: 56
LP objective value: 1576.54
Node lower bound: 1578.96
Node upper bound: 1729
gap to the primal bound: 0.0707539
Preck submodel is infeasible, continue branching
Time limit exceeded (1128.63s), stopping submodel solve loop
General disjunction: No feasible solution found, use SCIP default branching rule
_____________________________________
Now starting branching with general disjunction
Current branching Node number: 58
LP objective value: 1577.41
Node lower bound: 1578.96
Node upper bound: 1729
gap to the primal bound: 0.0707539
Preck submodel is infeasible, continue branching
Time limit exceeded (1370.6s), stopping submodel solve loop
General disjunction: No feasible solution found, use SCIP default branching rule
_____________________________________
Now starting branching with general disjunction
Current branching Node number: 60
LP objective value: 1578.82
Node lower bound: 1581.32
Node upper bound: 1729
gap to the primal bound: 0.0707539
Preck submodel is infeasible, continue branching
Time limit exceeded (1000.07s), stopping submodel solve loop
General disjunction: No feasible solution found, use SCIP default branching rule
_____________________________________
Now starting branching with general disjunction
Current branching Node number: 62
LP objective value: 1582.1
Node lower bound: 1582.27
Node upper bound: 1729
gap to the primal bound: 0.0707539
Preck submodel is infeasible, continue branching
Time limit exceeded (1465.1s), stopping submodel solve loop
General disjunction: No feasible solution found, use SCIP default branching rule
_____________________________________
Now starting branching with general disjunction
Current branching Node number: 64
LP objective value: 1586.03
Node lower bound: 1586.03
Node upper bound: 1729
gap to the primal bound: 0.0707539
Preck submodel is infeasible, continue branching
Time limit exceeded (1507.25s), stopping submodel solve loop
General disjunction: No feasible solution found, use SCIP default branching rule
_____________________________________
Now starting branching with general disjunction
Current branching Node number: 66
LP objective value: 1588.54
Node lower bound: 1588.71
Node upper bound: 1729
gap to the primal bound: 0.0707539
Preck submodel is infeasible, continue branching
Time limit exceeded (1153.33s), stopping submodel solve loop
General disjunction: No feasible solution found, use SCIP default branching rule
_____________________________________
Now starting branching with general disjunction
Current branching Node number: 68
LP objective value: 1589.2
Node lower bound: 1589.5
Node upper bound: 1729
gap to the primal bound: 0.0707539
Preck submodel is infeasible, continue branching
Time limit exceeded (1226.76s), stopping submodel solve loop
General disjunction: No feasible solution found, use SCIP default branching rule
_____________________________________
Now starting branching with general disjunction
Current branching Node number: 70
LP objective value: 1606.58
Node lower bound: 1607.8
Node upper bound: 1729
gap to the primal bound: 0.0707539
Preck submodel is infeasible, continue branching
Time limit exceeded (1883.56s), stopping submodel solve loop
General disjunction: No feasible solution found, use SCIP default branching rule
L 831m|    38 |    35 |  9984 | 186.7 |    alns|  20 | 716 | 413 | 780 |1043 |  8 |  57 | 664 | 1.614750e+03 | 1.725000e+03 |   6.83%|   0.45%
_____________________________________
Now starting branching with general disjunction
Current branching Node number: 72
LP objective value: 1607.65
Node lower bound: 1607.8
Node upper bound: 1725
gap to the primal bound: 0.0682768
Preck submodel is infeasible, continue branching
Time limit exceeded (1942.09s), stopping submodel solve loop
General disjunction: No feasible solution found, use SCIP default branching rule
_____________________________________
Now starting branching with general disjunction
Current branching Node number: 74
LP objective value: 1608.05
Node lower bound: 1608.31
Node upper bound: 1725
gap to the primal bound: 0.0682768
Preck submodel is infeasible, continue branching
Time limit exceeded (1221.06s), stopping submodel solve loop
General disjunction: No feasible solution found, use SCIP default branching rule
_____________________________________
Now starting branching with general disjunction
Current branching Node number: 76
LP objective value: 1608.28
Node lower bound: 1608.38
Node upper bound: 1725
gap to the primal bound: 0.0682768
Preck submodel is infeasible, continue branching
Time limit exceeded (1216.98s), stopping submodel solve loop
General disjunction: No feasible solution found, use SCIP default branching rule
_____________________________________
Now starting branching with general disjunction
Current branching Node number: 78
LP objective value: 1623.29
Node lower bound: 1625.8
Node upper bound: 1725
gap to the primal bound: 0.0682768
Preck submodel is infeasible, continue branching
Time limit exceeded (1207.63s), stopping submodel solve loop
General disjunction: No feasible solution found, use SCIP default branching rule
_____________________________________
Now starting branching with general disjunction
Current branching Node number: 80
Relpscost reduced domain, skip general disjunction branching
_____________________________________
Now starting branching with general disjunction
Current branching Node number: 80
LP objective value: 1625.95
Node lower bound: 1625.95
Node upper bound: 1725
gap to the primal bound: 0.0682768
Preck submodel is infeasible, continue branching
Time limit exceeded (1706.07s), stopping submodel solve loop
General disjunction: No feasible solution found, use SCIP default branching rule
_____________________________________
Now starting branching with general disjunction
Current branching Node number: 82
LP objective value: 1628.07
Node lower bound: 1628.23
Node upper bound: 1725
gap to the primal bound: 0.0682768
Preck submodel is infeasible, continue branching
Time limit exceeded (1496.2s), stopping submodel solve loop
General disjunction: No feasible solution found, use SCIP default branching rule
_____________________________________
Now starting branching with general disjunction
Current branching Node number: 84
Relpscost reduced domain, skip general disjunction branching
_____________________________________
Now starting branching with general disjunction
Current branching Node number: 84
LP objective value: 1628.67
Node lower bound: 1628.83
Node upper bound: 1725
gap to the primal bound: 0.0682768
Preck submodel is infeasible, continue branching
Time limit exceeded (1396.47s), stopping submodel solve loop
General disjunction: No feasible solution found, use SCIP default branching rule
_____________________________________
Now starting branching with general disjunction
Current branching Node number: 86
LP objective value: 1628.72
Node lower bound: 1628.98
Node upper bound: 1725
gap to the primal bound: 0.0682768
Preck submodel is infeasible, continue branching
Time limit exceeded (1544.16s), stopping submodel solve loop
General disjunction: No feasible solution found, use SCIP default branching rule
_____________________________________
Now starting branching with general disjunction
Current branching Node number: 88
LP objective value: 1628.85
Node lower bound: 1629.12
Node upper bound: 1725
gap to the primal bound: 0.0682768
Preck submodel is infeasible, continue branching
Time limit exceeded (1605.43s), stopping submodel solve loop
General disjunction: No feasible solution found, use SCIP default branching rule
_____________________________________
Now starting branching with general disjunction
Current branching Node number: 65
LP objective value: 1589.89
Node lower bound: 1589.89
Node upper bound: 1725
gap to the primal bound: 0.0682768
Preck submodel is infeasible, continue branching
Time limit exceeded (1705.05s), stopping submodel solve loop
General disjunction: No feasible solution found, use SCIP default branching rule
_____________________________________
Now starting branching with general disjunction
Current branching Node number: 92
LP objective value: 1590.31
Node lower bound: 1590.32
Node upper bound: 1725
gap to the primal bound: 0.0682768
Preck submodel is infeasible, continue branching
Time limit exceeded (1000.06s), stopping submodel solve loop
General disjunction: No feasible solution found, use SCIP default branching rule
_____________________________________
Now starting branching with general disjunction
Current branching Node number: 94
LP objective value: 1590.74
Node lower bound: 1590.74
Node upper bound: 1725
gap to the primal bound: 0.0682768
Preck submodel is infeasible, continue branching
Time limit exceeded (1818.54s), stopping submodel solve loop
General disjunction: No feasible solution found, use SCIP default branching rule
_____________________________________
Now starting branching with general disjunction
Current branching Node number: 96
LP objective value: 1601.01
Node lower bound: 1601.02
Node upper bound: 1725
gap to the primal bound: 0.0682768
Preck submodel is infeasible, continue branching
Time limit exceeded (1733.66s), stopping submodel solve loop
General disjunction: No feasible solution found, use SCIP default branching rule
_____________________________________
Now starting branching with general disjunction
Current branching Node number: 98
LP objective value: 1601.63
Node lower bound: 1601.71
Node upper bound: 1725
gap to the primal bound: 0.0682768
Preck submodel is infeasible, continue branching
Time limit exceeded (1969.55s), stopping submodel solve loop
General disjunction: No feasible solution found, use SCIP default branching rule
_____________________________________
Now starting branching with general disjunction
Current branching Node number: 100
LP objective value: 1601.83
Node lower bound: 1601.83
Node upper bound: 1725
gap to the primal bound: 0.0682768
Preck submodel is infeasible, continue branching
Time limit exceeded (1742.41s), stopping submodel solve loop
General disjunction: No feasible solution found, use SCIP default branching rule
_____________________________________
Now starting branching with general disjunction
Current branching Node number: 102
LP objective value: 1602.49
Node lower bound: 1602.49
Node upper bound: 1725
gap to the primal bound: 0.0682768
Preck submodel is infeasible, continue branching
Time limit exceeded (1358.82s), stopping submodel solve loop
General disjunction: No feasible solution found, use SCIP default branching rule
_____________________________________
Now starting branching with general disjunction
Current branching Node number: 104
LP objective value: 1604.86
Node lower bound: 1604.9
Node upper bound: 1725
gap to the primal bound: 0.0682768
Preck submodel is infeasible, continue branching
Time limit exceeded (1660.88s), stopping submodel solve loop
General disjunction: No feasible solution found, use SCIP default branching rule
_____________________________________
Now starting branching with general disjunction
Current branching Node number: 106
LP objective value: 1615.67
Node lower bound: 1615.7
Node upper bound: 1725
gap to the primal bound: 0.0682768
Preck submodel is infeasible, continue branching
Time limit exceeded (1790.1s), stopping submodel solve loop
General disjunction: No feasible solution found, use SCIP default branching rule
_____________________________________
Now starting branching with general disjunction
Current branching Node number: 108
LP objective value: 1616.03
Node lower bound: 1616.03
Node upper bound: 1725
gap to the primal bound: 0.0682768
Preck submodel is infeasible, continue branching
Time limit exceeded (1255.38s), stopping submodel solve loop
General disjunction: No feasible solution found, use SCIP default branching rule
_____________________________________
Now starting branching with general disjunction
Current branching Node number: 110
LP objective value: 1620.65
Node lower bound: 1620.67
Node upper bound: 1725
gap to the primal bound: 0.0682768
Preck submodel is infeasible, continue branching
Time limit exceeded (1481.55s), stopping submodel solve loop
General disjunction: No feasible solution found, use SCIP default branching rule
_____________________________________
Now starting branching with general disjunction
Current branching Node number: 112
LP objective value: 1623.45
Node lower bound: 1624.1
Node upper bound: 1725
gap to the primal bound: 0.0682768
Preck submodel is infeasible, continue branching
Time limit exceeded (1961.11s), stopping submodel solve loop
General disjunction: No feasible solution found, use SCIP default branching rule
_____________________________________
Now starting branching with general disjunction
Current branching Node number: 114
LP objective value: 1624.26
Node lower bound: 1625.28
Node upper bound: 1725
gap to the primal bound: 0.0682768
Preck submodel is infeasible, continue branching
Time limit exceeded (1443.37s), stopping submodel solve loop
General disjunction: No feasible solution found, use SCIP default branching rule
_____________________________________
Now starting branching with general disjunction
Current branching Node number: 23
LP objective value: 1566.16
Node lower bound: 1566.17
Node upper bound: 1725
gap to the primal bound: 0.0678793
Preck submodel is infeasible, continue branching
Time limit exceeded (1916.61s), stopping submodel solve loop
General disjunction: No feasible solution found, use SCIP default branching rule
_____________________________________
Now starting branching with general disjunction
Current branching Node number: 118
LP objective value: 1567.11
Node lower bound: 1567.3
Node upper bound: 1725
gap to the primal bound: 0.0678793
Preck submodel is infeasible, continue branching
Time limit exceeded (1178.93s), stopping submodel solve loop
General disjunction: No feasible solution found, use SCIP default branching rule

SCIP Status        : solving was interrupted [time limit reached]
Solving Time (sec) : 87183.30
Solving Nodes      : 62
Primal Bound       : +1.72500000000000e+03 (184 solutions)
Dual Bound         : +1.61535112358271e+03
Gap                : 6.79 %

primal solution:
================

objective value:                                 1725
y....021                                            1 	(obj:28)
y....067                                            1 	(obj:30)
y....076                                            1 	(obj:27)
y....086                                            1 	(obj:20)
y....088                                            1 	(obj:21)
y....097                                            1 	(obj:25)
y....112                                            1 	(obj:21)
y....124                                            1 	(obj:26)
y....130                                            1 	(obj:29)
y....134                                            1 	(obj:21)
y....136                                            1 	(obj:26)
y....139                                            1 	(obj:24)
y....143                                            1 	(obj:25)
y....151                                            1 	(obj:36)
y....161                                            1 	(obj:49)
y....173                                            1 	(obj:43)
y....198                                            1 	(obj:20)
y....199                                            1 	(obj:23)
y....210                                            1 	(obj:33)
y....213                                            1 	(obj:32)
y....232                                            1 	(obj:25)
y....236                                            1 	(obj:27)
y....264                                            1 	(obj:20)
y....265                                            1 	(obj:22)
y....268                                            1 	(obj:41)
y....273                                            1 	(obj:46)
y....289                                            1 	(obj:40)
y....296                                            1 	(obj:24)
y....302                                            1 	(obj:22)
y....307                                            1 	(obj:28)
y....323                                            1 	(obj:23)
y....330                                            1 	(obj:24)
y....333                                            1 	(obj:21)
y....340                                            1 	(obj:23)
y....341                                            1 	(obj:27)
y....350                                            1 	(obj:37)
y....356                                            1 	(obj:20)
y....358                                            1 	(obj:23)
x....021                                            3 	(obj:8)
x....067                                            1 	(obj:9)
x....076                                            2 	(obj:5)
x....086                                            5 	(obj:7)
x....088                                            2 	(obj:1)
x....097                                            6 	(obj:7)
x....112                                            4 	(obj:6)
x....124                                            8 	(obj:1)
x....130                                            5 	(obj:3)
x....134                                            5 	(obj:3)
x....136                                            1 	(obj:1)
x....139                                            5 	(obj:4)
x....143                                            5 	(obj:3)
x....151                                            4 	(obj:2)
x....161                                           13 	(obj:1)
x....173                                            7 	(obj:1)
x....198                                            1 	(obj:2)
x....199                                            1 	(obj:1)
x....210                                            7 	(obj:5)
x....213                                            6 	(obj:1)
x....232                                            8 	(obj:1)
x....236                                            4 	(obj:5)
x....264                                            1 	(obj:5)
x....265                                            1 	(obj:5)
x....268                                            6 	(obj:2)
x....273                                            6 	(obj:8)
x....289                                            3 	(obj:3)
x....296                                            1 	(obj:9)
x....302                                            3 	(obj:7)
x....307                                            5 	(obj:1)
x....323                                            5 	(obj:8)
x....330                                            3 	(obj:6)
x....333                                            6 	(obj:8)
x....340                                            2 	(obj:3)
x....341                                           10 	(obj:9)
x....350                                            5 	(obj:1)
x....356                                            5 	(obj:5)
x....358                                            1 	(obj:7)

Statistics
==========

SCIP Status        : solving was interrupted [time limit reached]
Total Time         :   87183.30
  solving          :   87183.30
  presolving       :       0.01 (included in solving)
  reading          :       0.00
  copying          :       0.01 (3 #copies) (minimal 0.00, maximal 0.00, average 0.00)
Original Problem   :
  Problem name     : r50x360
  Variables        : 720 (360 binary, 0 integer, 0 implicit integer, 360 continuous)
  Constraints      : 410 initial, 410 maximal
  Objective        : minimize, 720 non-zeros (abs.min = 1, abs.max = 49)
Presolved Problem  :
  Problem name     : t_r50x360
  Variables        : 716 (358 binary, 0 integer, 0 implicit integer, 358 continuous)
  Constraints      : 407 initial, 437 maximal
  Objective        : minimize, 716 non-zeros (abs.min = 1, abs.max = 49)
  Nonzeros         : 1432 constraint, 0 clique table
Presolvers         :   ExecTime  SetupTime  Calls  FixedVars   AggrVars   ChgTypes  ChgBounds   AddHoles    DelCons    AddCons   ChgSides   ChgCoefs
  boundshift       :       0.00       0.00      0          0          0          0          0          0          0          0          0          0
  convertinttobin  :       0.00       0.00      0          0          0          0          0          0          0          0          0          0
  domcol           :       0.00       0.00      1          0          0          0          0          0          0          0          0          0
  dualagg          :       0.00       0.00      0          0          0          0          0          0          0          0          0          0
  dualcomp         :       0.00       0.00      1          0          0          0          0          0          0          0          0          0
  dualinfer        :       0.00       0.00      0          0          0          0          0          0          0          0          0          0
  dualsparsify     :       0.00       0.00      1          0          0          0          0          0          0          0          0          0
  gateextraction   :       0.00       0.00      0          0          0          0          0          0          0          0          0          0
  implics          :       0.00       0.00      2          0          0          0          0          0          0          0          0          0
  inttobinary      :       0.00       0.00      0          0          0          0          0          0          0          0          0          0
  qpkktref         :       0.00       0.00      0          0          0          0          0          0          0          0          0          0
  redvub           :       0.00       0.00      0          0          0          0          0          0          0          0          0          0
  sparsify         :       0.00       0.00      1          0          0          0          0          0          0          0          0          0
  stuffing         :       0.00       0.00      0          0          0          0          0          0          0          0          0          0
  trivial          :       0.00       0.00      6          1          0          0          0          0          0          0          0          0
  tworowbnd        :       0.00       0.00      0          0          0          0          0          0          0          0          0          0
  dualfix          :       0.00       0.00      6          1          0          0          0          0          0          0          0          0
  genvbounds       :       0.00       0.00      0          0          0          0          0          0          0          0          0          0
  probing          :       0.00       0.00      1          0          0          0          0          0          0          0          0          0
  pseudoobj        :       0.00       0.00      0          0          0          0          0          0          0          0          0          0
  symmetry         :       0.00       0.00      1          0          0          0          0          0          0          0          0          0
  vbounds          :       0.00       0.00      0          0          0          0          0          0          0          0          0          0
  varbound         :       0.00       0.00      2          0          0          0          0          0          0          0          0          0
  linear           :       0.00       0.00      8          1          1          1          3          0          3          0          0          1
  logicor          :       0.00       0.00      0          0          0          0          0          0          0          0          0          0
  bounddisjunction :       0.00       0.00      0          0          0          0          0          0          0          0          0          0
  benders          :       0.00       0.00      0          0          0          0          0          0          0          0          0          0
  components       :       0.00       0.00      1          0          0          0          0          0          0          0          0          0
  root node        :          -          -      -          0          -          -        229          -          -          -          -          -
Constraints        :     Number  MaxNumber  #Separate #Propagate    #EnfoLP    #EnfoRelax  #EnfoPS    #Check   #ResProp    Cutoffs    DomReds       Cuts    Applied      Conss   Children
  benderslp        :          0          0          0          0         76          0          0        248          0          0          0          0          0          0          0
  integral         :          0          0          0          0         76          0          0        248          0          0         72          0          0         29        120
  varbound         :        358        358         39       7521          0          0          0        243        434          1        143          0          0          0          0
  linear           :         49+        50         39       7520          0          0          0        190         35          1         41        380          0          0          0
  logicor          :          0+         6         20         51          0          0          0          0          4          0          0          2          0          0          0
  bounddisjunction :          0+        36          0        169          0          0          0          0          0          0          0          0          0          0          0
  benders          :          0          0          0          0          0          0          0        185          0          0          0          0          0          0          0
  fixedvar         :          0          0          0          0          0          0          0        185          0          0          0          0          0          0          0
  countsols        :          0          0          0          0          0          0          0        185          0          0          0          0          0          0          0
  components       :          0          0          0          0          0          0          0          0          0          0          0          0          0          0          0
Constraint Timings :  TotalTime  SetupTime   Separate  Propagate     EnfoLP     EnfoPS     EnfoRelax   Check    ResProp    SB-Prop
  benderslp        :       0.00       0.00       0.00       0.00       0.00       0.00       0.00       0.00       0.00       0.00
  integral         :   87179.33       0.00       0.00       0.00   87179.33       0.00       0.00       0.00       0.00       0.00
  varbound         :       0.01       0.00       0.00       0.01       0.00       0.00       0.00       0.00       0.00       0.00
  linear           :       0.02       0.00       0.02       0.00       0.00       0.00       0.00       0.00       0.00       0.00
  logicor          :       0.00       0.00       0.00       0.00       0.00       0.00       0.00       0.00       0.00       0.00
  bounddisjunction :       0.00       0.00       0.00       0.00       0.00       0.00       0.00       0.00       0.00       0.00
  benders          :       0.00       0.00       0.00       0.00       0.00       0.00       0.00       0.00       0.00       0.00
  fixedvar         :       0.00       0.00       0.00       0.00       0.00       0.00       0.00       0.00       0.00       0.00
  countsols        :       0.00       0.00       0.00       0.00       0.00       0.00       0.00       0.00       0.00       0.00
  components       :       0.00       0.00       0.00       0.00       0.00       0.00       0.00       0.00       0.00       0.00
Propagators        : #Propagate   #ResProp    Cutoffs    DomReds
  dualfix          :          3          0          0          0
  genvbounds       :          0          0          0          0
  nlobbt           :          0          0          0          0
  obbt             :          0          0          0          0
  probing          :          0          0          0          0
  pseudoobj        :        285          0          0          0
  redcost          :        247          0          0         89
  rootredcost      :          2          0          0        229
  symmetry         :          0          0          0          0
  vbounds          :       4462          0          0          0
Propagator Timings :  TotalTime  SetupTime   Presolve  Propagate    ResProp    SB-Prop
  dualfix          :       0.00       0.00       0.00       0.00       0.00       0.00
  genvbounds       :       0.00       0.00       0.00       0.00       0.00       0.00
  nlobbt           :       0.00       0.00       0.00       0.00       0.00       0.00
  obbt             :       0.00       0.00       0.00       0.00       0.00       0.00
  probing          :       0.00       0.00       0.00       0.00       0.00       0.00
  pseudoobj        :       0.00       0.00       0.00       0.00       0.00       0.00
  redcost          :       0.00       0.00       0.00       0.00       0.00       0.00
  rootredcost      :       0.00       0.00       0.00       0.00       0.00       0.00
  symmetry         :       0.00       0.00       0.00       0.00       0.00       0.00
  vbounds          :       0.00       0.00       0.00       0.00       0.00       0.00
Symmetry           :
  orbitopal red.   :          0 reductions applied,          0 cutoffs
  orbital reduction:          0 reductions applied,          0 cutoffs
  lexicographic red:          0 reductions applied,          0 cutoffs
  shadow tree time :       0.00 s
Conflict Analysis  :       Time      Calls    Success    DomReds  Conflicts   Literals    Reconvs ReconvLits   Dualrays   Nonzeros   LP Iters   (pool size: [10000,10000])
  propagation      :       0.00          2          2          -          2       13.0          0        0.0          -          -          -
  infeasible LP    :       0.00          0          0          -          0        0.0          0        0.0          1       22.0          0
  bound exceed. LP :       0.03         41         37          -         49       22.7         27        4.7          0        0.0        340
  strong branching :       0.00          0          0          -          0        0.0          0        0.0          -          -          0
  pseudo solution  :       0.00          0          0          -          0        0.0          0        0.0          -          -          -
  applied globally :       0.00          -          -          0         35        9.0          -          -          1          -          -
  applied locally  :          -          -          -          0         32       11.5          -          -          0          -          -
Separators         :   ExecTime  SetupTime      Calls  RootCalls    Cutoffs    DomReds  FoundCuts ViaPoolAdd  DirectAdd    Applied ViaPoolApp  DirectApp      Conss
  cut pool         :       0.05          -        111         76          -          -       5266      20331          -          -          -          -          -    (maximal pool size:       5266)
  aggregation      :       1.99       0.00         47         39          0          0       4349      18441          0        936        936          0          0
  > cmir           :          -          -          -          -          -          -          -      16407          0        682        682          0          -
  > flowcover      :          -          -          -          -          -          -          -       1225          0        170        170          0          -
  > knapsackcover  :          -          -          -          -          -          -          -        809          0         84         84          0          -
  cgmip            :       0.00       0.00          0          0          0          0          0          0          0          0          0          0          0
  clique           :       0.00       0.00          1          1          0          0          0          0          0          0          0          0          0
  closecuts        :       0.00       0.00          0          0          0          0          0          0          0          0          0          0          0
  convexproj       :       0.00       0.00          0          0          0          0          0          0          0          0          0          0          0
  disjunctive      :       0.00       0.00          0          0          0          0          0          0          0          0          0          0          0
  eccuts           :       0.00       0.00          0          0          0          0          0          0          0          0          0          0          0
  gauge            :       0.00       0.00          0          0          0          0          0          0          0          0          0          0          0
  gomory           :       0.15       0.00         18         10          0          0        707       1083          0         49         49          0          0
  > gomorymi       :          -          -          -          -          -          -          -       1083          0         49         49          0          -
  > strongcg       :          -          -          -          -          -          -          -          0          0          0          0          0          -
  impliedbounds    :       0.00       0.00         47         39          0          0         12         13          0          8          8          0          0
  interminor       :       0.00       0.00          0          0          0          0          0          0          0          0          0          0          0
  intobj           :       0.00       0.00          0          0          0          0          0          0          0          0          0          0          0
  lagromory        :       0.00       0.00          0          0          0          0          0          0          0          0          0          0          0
  mcf              :       0.03       0.00         39         39          0          0        599        642        428        103        103          0          0
  minor            :       0.00       0.00          0          0          0          0          0          0          0          0          0          0          0
  mixing           :       0.00       0.00         47         39          0          0          0          0          0          0          0          0          0
  oddcycle         :       0.00       0.00          0          0          0          0          0          0          0          0          0          0          0
  rapidlearning    :       0.00       0.00          0          0          0          0          0          0          0          0          0          0          0
  rlt              :       0.00       0.00         10         10          0          0          0          0          0          0          0          0          0
  zerohalf         :       0.01       0.00         28         20          0          0         27        152          0         15         15          0          0
Cutselectors       :   ExecTime  SetupTime      Calls  RootCalls   Selected     Forced   Filtered  RootSelec   RootForc   RootFilt 
  hybrid           :       0.02       0.00         67         40       1111          0      20030        747          0      14410
  ensemble         :       0.00       0.00          0          0          0          0          0          0          0          0
  dynamic          :       0.00       0.00          0          0          0          0          0          0          0          0
Pricers            :   ExecTime  SetupTime      Calls       Vars
  problem variables:       0.00          -          0          0
Branching Rules    :   ExecTime  SetupTime   BranchLP  BranchExt   BranchPS    Cutoffs    DomReds       Cuts      Conss   Children
  allfullstrong    :       0.00       0.00          0          0          0          0          0          0          0          0
  cloud            :       0.00       0.00          0          0          0          0          0          0          0          0
  distribution     :       0.00       0.00          0          0          0          0          0          0          0          0
  fullstrong       :       0.00       0.00          0          0          0          0          0          0          0          0
  general_disjuncti:   87177.51       0.00         76          0          0          0         72          0         29          0
  GeneralDisjunction(extra): subMILPs=189 fairNodes of all MILPs=2241767 probingLPs=0
  gomory           :       0.00       0.00          0          0          0          0          0          0          0          0
  inference        :       0.00       0.00          0          0          0          0          0          0          0          0
  leastinf         :       0.00       0.00          0          0          0          0          0          0          0          0
  lookahead        :       0.00       0.00          0          0          0          0          0          0          0          0
  mostinf          :       0.00       0.00          0          0          0          0          0          0          0          0
  multaggr         :       0.00       0.00          0          0          0          0          0          0          0          0
  nodereopt        :       0.00       0.00          0          0          0          0          0          0          0          0
  pscost           :       0.00       0.00          0          0          0          0          0          0          0          0
  random           :       0.00       0.00          0          0          0          0          0          0          0          0
  relpscost        :       1.82       0.00         60          0          0          0          0          0          0        120
  vanillafullstrong:       0.00       0.00          0          0          0          0          0          0          0          0
Primal Heuristics  :   ExecTime  SetupTime      Calls      Found       Best
  LP solutions     :       0.00          -          -          0          0
  relax solutions  :       0.00          -          -          0          0
  pseudo solutions :       0.00          -          -          0          0
  strong branching :       0.05          -          -          9          0
  actconsdiving    :       0.00       0.00          0          0          0
  adaptivediving   :       0.01       0.00          1          0          0
  alns             :       0.06       0.00          2          1          1
  bound            :       0.00       0.00          0          0          0
  clique           :       0.00       0.00          0          0          0
  coefdiving       :       0.00       0.00          0          0          0
  completesol      :       0.00       0.00          0          0          0
  conflictdiving   :       0.02       0.00          1          1          0
  crossover        :       0.00       0.00          0          0          0
  dins             :       0.00       0.00          0          0          0
  distributiondivin:       0.00       0.00          0          0          0
  dps              :       0.00       0.00          0          0          0
  dualval          :       0.00       0.00          0          0          0
  farkasdiving     :       0.17       0.00          1        123          0
  feaspump         :       0.00       0.00          0          0          0
  fixandinfer      :       0.00       0.00          0          0          0
  fracdiving       :       0.01       0.00          1          0          0
  gins             :       0.00       0.00          0          0          0
  guideddiving     :       0.00       0.00          0          0          0
  indicator        :       0.00       0.00          0          0          0
  indicatordiving  :       0.00       0.00          0          0          0
  intdiving        :       0.00       0.00          0          0          0
  intshifting      :       0.01       0.00          3          0          0
  linesearchdiving :       0.00       0.00          0          0          0
  localbranching   :       0.00       0.00          0          0          0
  locks            :       0.00       0.00          1          1          1
  lpface           :       0.00       0.00          0          0          0
  mpec             :       0.00       0.00          0          0          0
  multistart       :       0.00       0.00          0          0          0
  mutation         :       0.00       0.00          0          0          0
  nlpdiving        :       0.00       0.00          0          0          0
  objpscostdiving  :       0.00       0.00          0          0          0
  octane           :       0.00       0.00          0          0          0
  ofins            :       0.00       0.00          0          0          0
  oneopt           :       0.00       0.00          4          1          1
  padm             :       0.00       0.00          0          0          0
  proximity        :       0.00       0.00          0          0          0
  pscostdiving     :       0.05       0.00          1          7          0
  randrounding     :       0.03       0.00         57          0          0
  rens             :       0.67       0.00          1          1          1
  reoptsols        :       0.00       0.00          0          0          0
  repair           :       0.00       0.00          0          0          0
  rins             :       0.00       0.00          0          0          0
  rootsoldiving    :       0.00       0.00          0          0          0
  rounding         :       0.01       0.00        123          0          0
  scheduler        :       0.00       0.00          0          0          0
  shiftandpropagate:       0.00       0.00          0          0          0
  shifting         :       0.03       0.00         73          0          0
  simplerounding   :       0.00       0.00        144         39          1
  subnlp           :       0.00       0.00          0          0          0
  trivial          :       0.00       0.00          2          0          0
  trivialnegation  :       0.00       0.00          0          0          0
  trustregion      :       0.00       0.00          0          0          0
  trysol           :       0.00       0.00          0          0          0
  twoopt           :       0.00       0.00          0          0          0
  undercover       :       0.00       0.00          0          0          0
  vbounds          :       0.00       0.00          0          0          0
  veclendiving     :       0.00       0.00          0          0          0
  zeroobj          :       0.00       0.00          0          0          0
  zirounding       :       0.00       0.00         59          1          0
  other solutions  :          -          -          -          0          -
LNS (Scheduler)    :      Calls  SetupTime  SolveTime SolveNodes       Sols       Best       Exp3    Exp3-IX  EpsGreedy        UCB TgtFixRate  Opt  Inf Node Stal  Sol  Usr Othr Actv
  rens             :          0       0.00       0.00          0          0          0    0.00000    0.12500   -1.00000    1.00000      0.900    0    0    0    0    0    0    0    1
  rins             :          0       0.00       0.00          0          0          0    0.00000    0.12500   -1.00000    1.00000      0.900    0    0    0    0    0    0    0    1
  mutation         :          0       0.00       0.00          0          0          0    0.00000    0.12500   -1.00000    1.00000      0.900    0    0    0    0    0    0    0    1
  localbranching   :          0       0.00       0.00          0          0          0    0.00000    0.12500   -1.00000    1.00000      0.900    0    0    0    0    0    0    0    1
  crossover        :          0       0.00       0.00          0          0          0    0.00000    0.12500   -1.00000    1.00000      0.900    0    0    0    0    0    0    0    1
  proximity        :          0       0.00       0.00          0          0          0    0.00000    0.12500   -1.00000    1.00000      0.900    0    0    0    0    0    0    0    1
  zeroobjective    :          0       0.00       0.00          0          0          0    0.00000    0.12500   -1.00000    1.00000      0.900    0    0    0    0    0    0    0    1
  dins             :          0       0.00       0.00          0          0          0    0.00000    0.12500   -1.00000    1.00000      0.900    0    0    0    0    0    0    0    1
  trustregion      :          0       0.00       0.00          0          0          0    0.00000    0.00000   -1.00000    1.00000      0.900    0    0    0    0    0    0    0    0
LP                 :       Time      Calls Iterations  Iter/call   Iter/sec  Time-0-It Calls-0-It    ItLimit
  primal LP        :       0.07         12          0       0.00       0.00       0.07         12
  dual LP          :       0.48        171       8375      57.76   17294.86       0.00         26
  lex dual LP      :       0.00          0          0       0.00          -
  barrier LP       :       0.00          0          0       0.00          -       0.00          0
  resolve instable :       0.00          0          0       0.00          -
  diving/probing LP:       0.26        143       3328      23.27   12588.42
  strong branching :       4.47        745      89227     119.77   19967.67          -          -         13
    (at root node) :          -         41      10753     262.27          -
  conflict analysis:       0.02         35        340       9.71   15386.70
B&B Tree           :
  number of runs   :          1
  nodes            :         62 (60 internal, 2 leaves)
  feasible leaves  :          0
  infeas. leaves   :          0
  objective leaves :          2
  nodes (total)    :         62 (60 internal, 2 leaves)
  nodes left       :         59
  max depth        :         29
  max depth (total):         29
  backtracks       :          4 (6.5%)
  early backtracks :          0 (0.0%)
  nodes exc. ref.  :          0 (0.0%)
  delayed cutoffs  :          0
  repropagations   :          2 (0 domain reductions, 0 cutoffs)
  avg switch length:       2.84
  switching time   :       0.05
Root Node          :
  First LP value   : +5.75020000000000e+02
  First LP Iters   :         62 (38557.21 Iter/sec)
  First LP Time    :       0.00
  Final Dual Bound : +1.61475008020365e+03
  Final Root Iters :       3075
  Root LP Estimate : +1.69137430852142e+03
Solution           :
  Solutions found  :        184 (5 improvements)
  First Solution   : +1.26820000000000e+04   (in run 1, after 1 nodes, 0.01 seconds, depth 2, found by <locks>)
  Gap First Sol.   :   22958.18 %
  Gap Last Sol.    :       6.83 %
  Primal Bound     : +1.72500000000000e+03   (in run 1, after 38 nodes, 49830.56 seconds, depth 20, found by <alns>)
  Dual Bound       : +1.61535112358271e+03
  Gap              :       6.79 %
Integrals          :      Total       Avg%
  primal-dual      :  567947.30       6.51
  primal-ref       :          -          - (not evaluated)
  dual-ref         :          -          - (not evaluated)
