SCIP version 9.2.2 [precision: 8 byte] [memory: block] [mode: optimized] [LP solver: CPLEX 12.10.0.0] [GitHash: 416226a4f8]
Copyright (c) 2002-2025 Zuse Institute Berlin (ZIB)

reading parameter file </scratch/htc/yzhou/exp_scipmip/settings/allon_gendj.set>

read problem </scratch/htc/yzhou/exp_scipmip/instances/additionals/tbfp-network.mps>
============

original problem has 72747 variables (72747 bin, 0 int, 0 impl, 0 cont) and 2436 constraints
   2436 constraints of type <linear>
Reading Time: 0.21
solve problem
=============
LP Solver <CPLEX 12.10.0.0>: fastmip setting not available -- SCIP parameter has no effect
LP Solver <CPLEX 12.10.0.0>: clock type cannot be set
LP Solver <CPLEX 12.10.0.0>: row representation of the basis not available -- SCIP parameter lp/rowrepswitch has no effect
LP Solver <CPLEX 12.10.0.0>: solution polishing not available -- SCIP parameter lp/solutionpolishing has no effect
LP Solver <CPLEX 12.10.0.0>: refactorization interval not available -- SCIP parameter lp/refactorinterval has no effect
transformed problem has 72747 variables (72747 bin, 0 int, 0 impl, 0 cont) and 2436 constraints
   2436 constraints of type <linear>

original problem has 215837 active (0.121796%) nonzeros and 215837 (0.121796%) check nonzeros

presolving:
(round 1, exhaustive) 0 del vars, 0 del conss, 0 add conss, 0 chg bounds, 0 chg sides, 0 chg coeffs, 58 upgd conss, 0 impls, 58 clqs
   (8.7s) probing: 100/72746 (0.1%) - 3 fixings, 0 aggregations, 2515078 implications, 0 bound changes
   (18.4s) probing: 200/72746 (0.3%) - 7 fixings, 0 aggregations, 5854124 implications, 0 bound changes
   (28.6s) probing: 300/72746 (0.4%) - 12 fixings, 0 aggregations, 9215444 implications, 0 bound changes
   (37.9s) probing: 400/72746 (0.5%) - 17 fixings, 0 aggregations, 12358506 implications, 0 bound changes
   (47.5s) probing: 500/72746 (0.7%) - 23 fixings, 0 aggregations, 15354813 implications, 0 bound changes
   (50.0s) symmetry computation started: requiring (bin +, int +, cont +), (fixed: bin -, int -, cont -)
   (50.1s) no symmetry present (symcode time: 0.02)
clique table cleanup detected 0 bound changes

presolved problem has 215785 active (0.12186%) nonzeros and 215785 (0.12186%) check nonzeros

presolving (2 rounds: 2 fast, 2 medium, 2 exhaustive):
 26 deleted vars, 1 deleted constraints, 0 added constraints, 0 tightened bounds, 0 added holes, 0 changed sides, 0 changed coefficients
 0 implications, 178015 cliques
presolved problem has 72721 variables (72721 bin, 0 int, 0 impl, 0 cont) and 2435 constraints
     57 constraints of type <setppc>
   2378 constraints of type <linear>
Presolving Time: 49.97

 time | node  | left  |LP iter|LP it/n|mem/heur|mdpt |vars |cons |rows |cuts |sepa|confs|strbr|  dualbound   | primalbound  |  gap   | compl. 
p50.7s|     1 |     0 |     0 |     - |   locks|   0 |  72k|2436 |2435 |   0 |  0 |   0 |   0 | 1.666667e-01 | 1.318750e+02 |  Large | unknown
 69.3s|     1 |     0 | 25682 |     - |   699M |   0 |  72k|2520 |2435 |   0 |  0 |  84 |   0 | 2.326154e+01 | 1.318750e+02 | 466.92%| unknown
 72.8s|     1 |     0 | 28271 |     - |   772M |   0 |  72k|2520 |2436 |   1 |  1 |  84 |   0 | 2.333401e+01 | 1.318750e+02 | 465.16%| unknown
 74.3s|     1 |     0 | 28475 |     - |   775M |   0 |  72k|2520 |2437 |   2 |  2 |  84 |   0 | 2.333401e+01 | 1.318750e+02 | 465.16%| unknown
 78.8s|     1 |     0 | 31401 |     - |   775M |   0 |  72k|2520 |2441 |   6 |  3 |  84 |   0 | 2.333401e+01 | 1.318750e+02 | 465.16%| unknown
 83.8s|     1 |     0 | 36198 |     - |   775M |   0 |  72k|2520 |2442 |   7 |  4 |  84 |   0 | 2.344749e+01 | 1.318750e+02 | 462.43%| unknown
 86.2s|     1 |     0 | 37011 |     - |   777M |   0 |  72k|2520 |2444 |   9 |  5 |  84 |   0 | 2.344749e+01 | 1.318750e+02 | 462.43%| unknown
 88.4s|     1 |     0 | 37736 |     - |   777M |   0 |  72k|2520 |2447 |  12 |  6 |  84 |   0 | 2.344749e+01 | 1.318750e+02 | 462.43%| unknown
 90.9s|     1 |     0 | 38761 |     - |   777M |   0 |  72k|2520 |2448 |  13 |  7 |  84 |   0 | 2.344749e+01 | 1.318750e+02 | 462.43%| unknown
 92.8s|     1 |     0 | 39365 |     - |   777M |   0 |  72k|2520 |2449 |  14 |  8 |  84 |   0 | 2.344749e+01 | 1.318750e+02 | 462.43%| unknown
 94.8s|     1 |     0 | 40067 |     - |   778M |   0 |  72k|2520 |2451 |  16 |  9 |  84 |   0 | 2.344749e+01 | 1.318750e+02 | 462.43%| unknown
 97.5s|     1 |     0 | 41317 |     - |   778M |   0 |  72k|2520 |2453 |  18 | 10 |  84 |   0 | 2.344815e+01 | 1.318750e+02 | 462.41%| unknown
  100s|     1 |     0 | 42363 |     - |   779M |   0 |  72k|2520 |2454 |  19 | 11 |  84 |   0 | 2.345067e+01 | 1.318750e+02 | 462.35%| unknown
  103s|     1 |     0 | 43765 |     - |   779M |   0 |  72k|2520 |2456 |  21 | 12 |  84 |   0 | 2.345320e+01 | 1.318750e+02 | 462.29%| unknown
  105s|     1 |     0 | 44685 |     - |   780M |   0 |  72k|2520 |2458 |  23 | 13 |  84 |   0 | 2.345320e+01 | 1.318750e+02 | 462.29%| unknown
 time | node  | left  |LP iter|LP it/n|mem/heur|mdpt |vars |cons |rows |cuts |sepa|confs|strbr|  dualbound   | primalbound  |  gap   | compl. 
  108s|     1 |     0 | 45944 |     - |   780M |   0 |  72k|2520 |2460 |  25 | 14 |  84 |   0 | 2.345320e+01 | 1.318750e+02 | 462.29%| unknown
  111s|     1 |     0 | 47466 |     - |   781M |   0 |  72k|2520 |2462 |  27 | 15 |  84 |   0 | 2.345320e+01 | 1.318750e+02 | 462.29%| unknown
  113s|     1 |     0 | 48132 |     - |   782M |   0 |  72k|2520 |2459 |  28 | 16 |  84 |   0 | 2.345320e+01 | 1.318750e+02 | 462.29%| unknown
  116s|     1 |     0 | 49991 |     - |   782M |   0 |  72k|2520 |2460 |  29 | 17 |  84 |   0 | 2.345321e+01 | 1.318750e+02 | 462.29%| unknown
  118s|     1 |     0 | 50586 |     - |   782M |   0 |  72k|2520 |2462 |  31 | 18 |  84 |   0 | 2.345321e+01 | 1.318750e+02 | 462.29%| unknown
_____________________________________
Now starting branching with general disjunction
Current branching Node number: 1
LP objective value: 23.2865
Node lower bound: 23.3556
Node upper bound: 131.875
gap to the primal bound: 4.6064
Preck submodel is infeasible, continue branching
Time limit exceeded (1007.3s), stopping submodel solve loop
General disjunction: No feasible solution found, use SCIP default branching rule
 1224s|     1 |     2 | 94222 |     - |   793M |   0 |  72k|2522 |2462 |  31 | 19 |  86 |  58 | 2.352222e+01 | 1.318750e+02 | 460.64%| unknown
_____________________________________
Now starting branching with general disjunction
Current branching Node number: 2
LP objective value: 23.3856
Node lower bound: 23.3856
Node upper bound: 131.875
gap to the primal bound: 4.6064
Preck submodel is infeasible, continue branching
Time limit exceeded (1006.8s), stopping submodel solve loop
General disjunction: No feasible solution found, use SCIP default branching rule
_____________________________________
Now starting branching with general disjunction
Current branching Node number: 5
LP objective value: 23.5782
Node lower bound: 23.631
Node upper bound: 131.875
gap to the primal bound: 4.6064
Preck submodel is infeasible, continue branching
Time limit exceeded (1006.03s), stopping submodel solve loop
General disjunction: No feasible solution found, use SCIP default branching rule
_____________________________________
Now starting branching with general disjunction
Current branching Node number: 7
LP objective value: 71.2812
Node lower bound: 71.2812
Node upper bound: 131.875
gap to the primal bound: 4.6064
Preck submodel is infeasible, continue branching
Time limit exceeded (1006.14s), stopping submodel solve loop
General disjunction: No feasible solution found, use SCIP default branching rule
_____________________________________
Now starting branching with general disjunction
Current branching Node number: 6
LP objective value: 23.6204
Node lower bound: 23.6703
Node upper bound: 131.875
gap to the primal bound: 4.6064
Preck submodel is infeasible, continue branching
Time limit exceeded (1006.22s), stopping submodel solve loop
General disjunction: No feasible solution found, use SCIP default branching rule
_____________________________________
Now starting branching with general disjunction
Current branching Node number: 11
LP objective value: 28.1979
Node lower bound: 28.1979
Node upper bound: 131.875
gap to the primal bound: 4.6064
Preck submodel is infeasible, continue branching
Time limit exceeded (1006.09s), stopping submodel solve loop
General disjunction: No feasible solution found, use SCIP default branching rule
_____________________________________
Now starting branching with general disjunction
Current branching Node number: 13
LP objective value: 28.1979
Node lower bound: 28.1979
Node upper bound: 131.875
gap to the primal bound: 4.6064
Preck submodel is infeasible, continue branching
Time limit exceeded (1005.94s), stopping submodel solve loop
General disjunction: No feasible solution found, use SCIP default branching rule
_____________________________________
Now starting branching with general disjunction
Current branching Node number: 15
LP objective value: 28.1979
Node lower bound: 28.1979
Node upper bound: 131.875
gap to the primal bound: 4.6064
Preck submodel is infeasible, continue branching
Time limit exceeded (1005.98s), stopping submodel solve loop
General disjunction: No feasible solution found, use SCIP default branching rule
_____________________________________
Now starting branching with general disjunction
Current branching Node number: 17
LP objective value: 28.1979
Node lower bound: 28.1979
Node upper bound: 131.875
gap to the primal bound: 4.6064
Preck submodel is infeasible, continue branching
Time limit exceeded (1005.95s), stopping submodel solve loop
General disjunction: No feasible solution found, use SCIP default branching rule
_____________________________________
Now starting branching with general disjunction
Current branching Node number: 4
LP objective value: 23.5276
Node lower bound: 23.5276
Node upper bound: 131.875
gap to the primal bound: 4.6064
Preck submodel is infeasible, continue branching
Time limit exceeded (1006.11s), stopping submodel solve loop
General disjunction: No feasible solution found, use SCIP default branching rule
_____________________________________
Now starting branching with general disjunction
Current branching Node number: 21
LP objective value: 24.1905
Node lower bound: 24.1905
Node upper bound: 131.875
gap to the primal bound: 4.6064
Preck submodel is infeasible, continue branching
Time limit exceeded (1005.96s), stopping submodel solve loop
General disjunction: No feasible solution found, use SCIP default branching rule
_____________________________________
Now starting branching with general disjunction
Current branching Node number: 23
LP objective value: 84.2812
Node lower bound: 84.2812
Node upper bound: 131.875
gap to the primal bound: 4.6064
Preck submodel is infeasible, continue branching
Time limit exceeded (1006.01s), stopping submodel solve loop
General disjunction: No feasible solution found, use SCIP default branching rule
_____________________________________
Now starting branching with general disjunction
Current branching Node number: 22
LP objective value: 24.2371
Node lower bound: 24.2371
Node upper bound: 131.875
gap to the primal bound: 4.6064
Preck submodel is infeasible, continue branching
Time limit exceeded (1006.23s), stopping submodel solve loop
General disjunction: No feasible solution found, use SCIP default branching rule
_____________________________________
Now starting branching with general disjunction
Current branching Node number: 27
LP objective value: 41.1979
Node lower bound: 41.1979
Node upper bound: 131.875
gap to the primal bound: 4.6064
Preck submodel is infeasible, continue branching
Time limit exceeded (1005.91s), stopping submodel solve loop
General disjunction: No feasible solution found, use SCIP default branching rule
_____________________________________
Now starting branching with general disjunction
Current branching Node number: 29
LP objective value: 41.1979
Node lower bound: 41.1979
Node upper bound: 131.875
gap to the primal bound: 4.6064
Preck submodel is infeasible, continue branching
Time limit exceeded (1005.98s), stopping submodel solve loop
General disjunction: No feasible solution found, use SCIP default branching rule
_____________________________________
Now starting branching with general disjunction
Current branching Node number: 10
LP objective value: 23.683
Node lower bound: 23.7346
Node upper bound: 131.875
gap to the primal bound: 4.6064
Preck submodel is infeasible, continue branching
Time limit exceeded (1006.13s), stopping submodel solve loop
General disjunction: No feasible solution found, use SCIP default branching rule
_____________________________________
Now starting branching with general disjunction
Current branching Node number: 33
LP objective value: 35.3229
Node lower bound: 35.3229
Node upper bound: 131.875
gap to the primal bound: 4.6064
Preck submodel is infeasible, continue branching
Time limit exceeded (1006.05s), stopping submodel solve loop
General disjunction: No feasible solution found, use SCIP default branching rule
_____________________________________
Now starting branching with general disjunction
Current branching Node number: 35
LP objective value: 35.3229
Node lower bound: 35.3229
Node upper bound: 131.875
gap to the primal bound: 4.6064
Preck submodel is infeasible, continue branching
Time limit exceeded (1005.98s), stopping submodel solve loop
General disjunction: No feasible solution found, use SCIP default branching rule
_____________________________________
Now starting branching with general disjunction
Current branching Node number: 37
LP objective value: 35.3229
Node lower bound: 35.3229
Node upper bound: 131.875
gap to the primal bound: 4.6064
Preck submodel is infeasible, continue branching
Time limit exceeded (1006.08s), stopping submodel solve loop
General disjunction: No feasible solution found, use SCIP default branching rule
_____________________________________
Now starting branching with general disjunction
Current branching Node number: 39
LP objective value: 35.3229
Node lower bound: 35.3229
Node upper bound: 131.875
gap to the primal bound: 4.6064
Preck submodel is infeasible, continue branching
Time limit exceeded (1005.97s), stopping submodel solve loop
General disjunction: No feasible solution found, use SCIP default branching rule
_____________________________________
Now starting branching with general disjunction
Current branching Node number: 41
LP objective value: 35.3229
Node lower bound: 35.3229
Node upper bound: 131.875
gap to the primal bound: 4.6064
Preck submodel is infeasible, continue branching
Time limit exceeded (1005.83s), stopping submodel solve loop
General disjunction: No feasible solution found, use SCIP default branching rule
_____________________________________
Now starting branching with general disjunction
Current branching Node number: 32
LP objective value: 23.7377
Node lower bound: 23.7609
Node upper bound: 131.875
gap to the primal bound: 4.6064
Preck submodel is infeasible, continue branching
Time limit exceeded (1006.79s), stopping submodel solve loop
General disjunction: No feasible solution found, use SCIP default branching rule
_____________________________________
Now starting branching with general disjunction
Current branching Node number: 45
Relpscost reduced domain, skip general disjunction branching
_____________________________________
Now starting branching with general disjunction
Current branching Node number: 45
Relpscost reduced domain, skip general disjunction branching
_____________________________________
Now starting branching with general disjunction
Current branching Node number: 45
Relpscost reduced domain, skip general disjunction branching
_____________________________________
Now starting branching with general disjunction
Current branching Node number: 45
Relpscost reduced domain, skip general disjunction branching
_____________________________________
Now starting branching with general disjunction
Current branching Node number: 45
Relpscost reduced domain, skip general disjunction branching
_____________________________________
Now starting branching with general disjunction
Current branching Node number: 45
LP objective value: 24.3711
Node lower bound: 24.5383
Node upper bound: 131.875
gap to the primal bound: 4.6064
Preck submodel is infeasible, continue branching
Time limit exceeded (1005.75s), stopping submodel solve loop
General disjunction: No feasible solution found, use SCIP default branching rule
_____________________________________
Now starting branching with general disjunction
Current branching Node number: 47
LP objective value: 36.6271
Node lower bound: 36.6271
Node upper bound: 131.875
gap to the primal bound: 4.6064
Preck submodel is infeasible, continue branching
Time limit exceeded (1005.77s), stopping submodel solve loop
General disjunction: No feasible solution found, use SCIP default branching rule
_____________________________________
Now starting branching with general disjunction
Current branching Node number: 49
LP objective value: 36.6271
Node lower bound: 36.6271
Node upper bound: 131.875
gap to the primal bound: 4.6064
Preck submodel is infeasible, continue branching
Time limit exceeded (1005.76s), stopping submodel solve loop
General disjunction: No feasible solution found, use SCIP default branching rule
_____________________________________
Now starting branching with general disjunction
Current branching Node number: 51
LP objective value: 36.6271
Node lower bound: 36.6271
Node upper bound: 131.875
gap to the primal bound: 4.6064
Preck submodel is infeasible, continue branching
Time limit exceeded (1005.84s), stopping submodel solve loop
General disjunction: No feasible solution found, use SCIP default branching rule
_____________________________________
Now starting branching with general disjunction
Current branching Node number: 53
LP objective value: 36.6271
Node lower bound: 36.6271
Node upper bound: 131.875
gap to the primal bound: 4.6064
Preck submodel is infeasible, continue branching
Time limit exceeded (1005.68s), stopping submodel solve loop
General disjunction: No feasible solution found, use SCIP default branching rule
_____________________________________
Now starting branching with general disjunction
Current branching Node number: 55
LP objective value: 36.6271
Node lower bound: 36.6271
Node upper bound: 131.875
gap to the primal bound: 4.6064
Preck submodel is infeasible, continue branching
Time limit exceeded (1006.01s), stopping submodel solve loop
General disjunction: No feasible solution found, use SCIP default branching rule
_____________________________________
Now starting branching with general disjunction
Current branching Node number: 44
LP objective value: 23.7737
Node lower bound: 23.7764
Node upper bound: 131.875
gap to the primal bound: 4.6064
Preck submodel is infeasible, continue branching
Time limit exceeded (1005.88s), stopping submodel solve loop
General disjunction: No feasible solution found, use SCIP default branching rule
_____________________________________
Now starting branching with general disjunction
Current branching Node number: 59
LP objective value: 23.9757
Node lower bound: 23.9757
Node upper bound: 131.875
gap to the primal bound: 4.6064
Preck submodel is infeasible, continue branching
Time limit exceeded (1005.87s), stopping submodel solve loop
General disjunction: No feasible solution found, use SCIP default branching rule
_____________________________________
Now starting branching with general disjunction
Current branching Node number: 61
LP objective value: 24.0405
Node lower bound: 24.0405
Node upper bound: 131.875
gap to the primal bound: 4.6064
Preck submodel is infeasible, continue branching
Time limit exceeded (1005.52s), stopping submodel solve loop
General disjunction: No feasible solution found, use SCIP default branching rule
_____________________________________
Now starting branching with general disjunction
Current branching Node number: 63
LP objective value: 27.9965
Node lower bound: 27.9965
Node upper bound: 131.875
gap to the primal bound: 4.6064
Preck submodel is infeasible, continue branching
Time limit exceeded (1005.27s), stopping submodel solve loop
General disjunction: No feasible solution found, use SCIP default branching rule
_____________________________________
Now starting branching with general disjunction
Current branching Node number: 65
LP objective value: 27.9965
Node lower bound: 27.9965
Node upper bound: 131.875
gap to the primal bound: 4.6064
Preck submodel is infeasible, continue branching
Time limit exceeded (1005.18s), stopping submodel solve loop
General disjunction: No feasible solution found, use SCIP default branching rule
_____________________________________
Now starting branching with general disjunction
Current branching Node number: 67
LP objective value: 27.9965
Node lower bound: 27.9965
Node upper bound: 131.875
gap to the primal bound: 4.6064
Preck submodel is infeasible, continue branching
Time limit exceeded (1005.06s), stopping submodel solve loop
General disjunction: No feasible solution found, use SCIP default branching rule
_____________________________________
Now starting branching with general disjunction
Current branching Node number: 69
LP objective value: 27.9965
Node lower bound: 27.9965
Node upper bound: 131.875
gap to the primal bound: 4.6064
Preck submodel is infeasible, continue branching
Time limit exceeded (1005.08s), stopping submodel solve loop
General disjunction: No feasible solution found, use SCIP default branching rule
_____________________________________
Now starting branching with general disjunction
Current branching Node number: 71
LP objective value: 27.9965
Node lower bound: 27.9965
Node upper bound: 131.875
gap to the primal bound: 4.6064
Preck submodel is infeasible, continue branching
Time limit exceeded (1005.11s), stopping submodel solve loop
General disjunction: No feasible solution found, use SCIP default branching rule
_____________________________________
Now starting branching with general disjunction
Current branching Node number: 73
LP objective value: 27.9965
Node lower bound: 27.9965
Node upper bound: 131.875
gap to the primal bound: 4.6064
Preck submodel is infeasible, continue branching
Time limit exceeded (1005.27s), stopping submodel solve loop
General disjunction: No feasible solution found, use SCIP default branching rule
_____________________________________
Now starting branching with general disjunction
Current branching Node number: 74
LP objective value: 27.9965
Node lower bound: 27.9965
Node upper bound: 131.875
gap to the primal bound: 4.6064
Preck submodel is infeasible, continue branching
Time limit exceeded (1005.14s), stopping submodel solve loop
General disjunction: No feasible solution found, use SCIP default branching rule
d 644m|    38 |     7 |208195 |4274.1 |veclendi|  15 |  72k|2524 |2446 |   0 |  1 | 113 | 350 | 2.352222e+01 | 2.816319e+01 |  19.73%|  11.87%
* 644m|    39 |     3 |208542 |4170.8 |    LP  |  15 |  72k|2523 |2446 |  31 |  1 | 113 | 350 | 2.352222e+01 | 2.416319e+01 |   2.72%|  13.37%
_____________________________________
Now starting branching with general disjunction
Current branching Node number: 20
LP objective value: 23.5383
Node lower bound: 23.5383
Node upper bound: 24.1632
gap to the primal bound: 0.0193291
Preck submodel is infeasible, continue branching
Time limit exceeded (1005.34s), stopping submodel solve loop
General disjunction: No feasible solution found, use SCIP default branching rule
_____________________________________
Now starting branching with general disjunction
Current branching Node number: 78
LP objective value: 23.6769
Node lower bound: 23.6769
Node upper bound: 24.1632
gap to the primal bound: 0.0134043
Preck submodel is infeasible, continue branching
Time limit exceeded (1005.38s), stopping submodel solve loop
General disjunction: No feasible solution found, use SCIP default branching rule
_____________________________________
Now starting branching with general disjunction
Current branching Node number: 80
LP objective value: 23.6812
Node lower bound: 23.6812
Node upper bound: 24.1632
gap to the primal bound: 0.0132214
Preck submodel is infeasible, continue branching
Time limit exceeded (1005.35s), stopping submodel solve loop
General disjunction: No feasible solution found, use SCIP default branching rule
_____________________________________
Now starting branching with general disjunction
Current branching Node number: 82
Relpscost reduced domain, skip general disjunction branching
_____________________________________
Now starting branching with general disjunction
Current branching Node number: 82
LP objective value: 23.6986
Node lower bound: 23.7006
Node upper bound: 24.1632
gap to the primal bound: 0.0123993
Preck submodel is infeasible, continue branching
Time limit exceeded (1005.44s), stopping submodel solve loop
General disjunction: No feasible solution found, use SCIP default branching rule
_____________________________________
Now starting branching with general disjunction
Current branching Node number: 84
LP objective value: 23.7906
Node lower bound: 23.7906
Node upper bound: 24.1632
gap to the primal bound: 0.00859638
Preck submodel is infeasible, continue branching
Time limit exceeded (1005.07s), stopping submodel solve loop
General disjunction: No feasible solution found, use SCIP default branching rule
_____________________________________
Now starting branching with general disjunction
Current branching Node number: 86
LP not solved optimally (status: 4), skipping general disjunction branching

SCIP Status        : problem is solved [optimal solution found]
Solving Time (sec) : 43648.56
Solving Nodes      : 52
Primal Bound       : +2.41631944445000e+01 (3 solutions)
Dual Bound         : +2.41631944445000e+01
Gap                : 0.00 %

primal solution:
================

objective value:                        24.1631944445
UseArc[209,213]                                     1 	(obj:0.7256944444)
UseArc[213,228]                                     1 	(obj:0.9340277778)
UseArc[228,241]                                     1 	(obj:1.2118055556)
UseArc[241,258]                                     1 	(obj:0.9965277778)
UseArc[258,267]                                     1 	(obj:0.7520833333)
UseArc[267,281]                                     1 	(obj:0.9145833333)
UseArc[281,287]                                     1 	(obj:0.3368055556)
UseArc[287,297]                                     1 	(obj:0.9979166667)
UseArc[297,310]                                     1 	(obj:0.8006944444)
UseArc[310,322]                                     1 	(obj:0.2430555556)
UseArc[322,333]                                     1 	(obj:1)
UseArc[333,342]                                     1 	(obj:1)
UseArc[342,351]                                     1 	(obj:0.7048611111)
UseArc[351,356]                                     1 	(obj:0.25)
UseArc[356,374]                                     1 	(obj:0.7986111111)
UseArc[374,380]                                     1 	(obj:1.2048611111)
UseArc[380,391]                                     1 	(obj:1)
UseArc[391,414]                                     1 	(obj:1.0416666667)
UseArc[414,417]                                     1 	(obj:0.7083333333)
UseArc[417,432]                                     1 	(obj:1.2673611111)
UseArc[432,439]                                     1 	(obj:0.7291666667)
UseArc[439,445]                                     1 	(obj:0.25)
UseArc[445,455]                                     1 	(obj:0.75)
UseArc[455,478]                                     1 	(obj:1.3159722222)
UseArc[478,494]                                     1 	(obj:1.0590277778)
UseArc[494,502]                                     1 	(obj:0.7326388889)
UseArc[502,511]                                     1 	(obj:0.2673611111)
UseArc[511,518]                                     1 	(obj:1.0034722222)
UseArc[518,535]                                     1 	(obj:1)
UseArc[0,209]                                       1 	(obj:0.1666666667)
UseArc[535,2405]                                    1 	(obj:0)

Statistics
==========

SCIP Status        : problem is solved [optimal solution found]
Total Time         :   43648.77
  solving          :   43648.56
  presolving       :      49.97 (included in solving)
  reading          :       0.21
  copying          :       0.25 (2 #copies) (minimal 0.11, maximal 0.13, average 0.12)
Original Problem   :
  Problem name     : tbfp-network
  Variables        : 72747 (72747 binary, 0 integer, 0 implicit integer, 0 continuous)
  Constraints      : 2436 initial, 2436 maximal
  Objective        : minimize, 70343 non-zeros (abs.min = 0.166667, abs.max = 17.8729)
Presolved Problem  :
  Problem name     : t_tbfp-network
  Variables        : 72721 (72721 binary, 0 integer, 0 implicit integer, 0 continuous)
  Constraints      : 2435 initial, 2532 maximal
  Objective        : minimize, 67939 non-zeros (abs.min = 0.222222, abs.max = 17.8729)
  Nonzeros         : 215785 constraint, 431593 clique table
Presolvers         :   ExecTime  SetupTime  Calls  FixedVars   AggrVars   ChgTypes  ChgBounds   AddHoles    DelCons    AddCons   ChgSides   ChgCoefs
  boundshift       :       0.00       0.00      0          0          0          0          0          0          0          0          0          0
  convertinttobin  :       0.00       0.00      0          0          0          0          0          0          0          0          0          0
  domcol           :       0.04       0.00      1          0          0          0          0          0          0          0          0          0
  dualagg          :       0.00       0.00      0          0          0          0          0          0          0          0          0          0
  dualcomp         :       0.00       0.00      0          0          0          0          0          0          0          0          0          0
  dualinfer        :       0.00       0.00      0          0          0          0          0          0          0          0          0          0
  dualsparsify     :       0.06       0.00      1          0          0          0          0          0          0          0          0          0
  gateextraction   :       0.00       0.00      0          0          0          0          0          0          0          0          0          0
  implics          :       0.00       0.00      2          0          0          0          0          0          0          0          0          0
  inttobinary      :       0.00       0.00      0          0          0          0          0          0          0          0          0          0
  qpkktref         :       0.00       0.00      0          0          0          0          0          0          0          0          0          0
  redvub           :       0.00       0.00      0          0          0          0          0          0          0          0          0          0
  sparsify         :       0.76       0.00      1          0          0          0          0          0          0          0          0          0
  stuffing         :       0.00       0.00      0          0          0          0          0          0          0          0          0          0
  trivial          :       0.01       0.00      2          0          0          0          0          0          0          0          0          0
  tworowbnd        :       0.00       0.00      0          0          0          0          0          0          0          0          0          0
  dualfix          :       0.01       0.00      2          0          0          0          0          0          0          0          0          0
  genvbounds       :       0.00       0.00      0          0          0          0          0          0          0          0          0          0
  probing          :      48.74       0.00      1         25          0          0          0          0          0          0          0          0
  pseudoobj        :       0.00       0.00      0          0          0          0          0          0          0          0          0          0
  symmetry         :       0.07       0.00      1          0          0          0          0          0          0          0          0          0
  vbounds          :       0.03       0.00      1          0          0          0          0          0          0          0          0          0
  knapsack         :       0.00       0.00      0          0          0          0          0          0          0          0          0          0
  setppc           :       0.04       0.00      3          0          1          0          0          0          1          0          0          0
  linear           :       0.09       0.04      4          0          0          0          0          0          0          0          0          0
  logicor          :       0.00       0.00      0          0          0          0          0          0          0          0          0          0
  benders          :       0.00       0.00      0          0          0          0          0          0          0          0          0          0
  components       :       0.05       0.00      1          0          0          0          0          0          0          0          0          0
  root node        :          -          -      -      66538          -          -      66538          -          -          -          -          -
Constraints        :     Number  MaxNumber  #Separate #Propagate    #EnfoLP    #EnfoRelax  #EnfoPS    #Check   #ResProp    Cutoffs    DomReds       Cuts    Applied      Conss   Children
  benderslp        :          0          0          0          0         51          0          0         10          0          0          0          0          0          0          0
  integral         :          0          0          0          0         51          0          0         10          0          0         47          0          0          1         88
  knapsack         :          0+         2          0       2041          0          0          0          0          6          0          0          0          0          0          0
  setppc           :         57+        70         19      55106          1          0          0          5      92490         30      47969          0          0          0          0
  linear           :       2378       2378         19      55076          1          0          0          5    1668354         48     163980          0          0          0          0
  logicor          :          0+        83         19        273          0          0          0          0          0          1          0          0          0          0          0
  benders          :          0          0          0          0          1          0          0          3          0          0          0          0          0          0          0
  fixedvar         :          0          0          0          0          1          0          0          3          0          0          0          0          0          0          0
  countsols        :          0          0          0          0          1          0          0          3          0          0          0          0          0          0          0
  components       :          0          0          0          0          0          0          0          0          0          0          0          0          0          0          0
Constraint Timings :  TotalTime  SetupTime   Separate  Propagate     EnfoLP     EnfoPS     EnfoRelax   Check    ResProp    SB-Prop
  benderslp        :       0.00       0.00       0.00       0.00       0.00       0.00       0.00       0.00       0.00       0.00
  integral         :   43416.08       0.00       0.00       0.00   43416.07       0.00       0.00       0.00       0.00       0.00
  knapsack         :       0.01       0.00       0.00       0.00       0.00       0.00       0.00       0.00       0.00       0.00
  setppc           :       7.39       0.00       0.02       6.13       0.00       0.00       0.00       0.00       0.30       0.94
  linear           :      44.49       0.04      14.27      23.60       0.00       0.00       0.00       0.00       4.46       2.12
  logicor          :       0.00       0.00       0.00       0.00       0.00       0.00       0.00       0.00       0.00       0.00
  benders          :       0.00       0.00       0.00       0.00       0.00       0.00       0.00       0.00       0.00       0.00
  fixedvar         :       0.01       0.00       0.00       0.00       0.00       0.00       0.00       0.00       0.00       0.00
  countsols        :       0.00       0.00       0.00       0.00       0.00       0.00       0.00       0.00       0.00       0.00
  components       :       0.00       0.00       0.00       0.00       0.00       0.00       0.00       0.00       0.00       0.00
Propagators        : #Propagate   #ResProp    Cutoffs    DomReds
  dualfix          :          2          0          0          0
  genvbounds       :          0          0          0          0
  nlobbt           :          0          0          0          0
  obbt             :          0          0          0          0
  probing          :          0          0          0          0
  pseudoobj        :        628          0          0          0
  redcost          :         58          0          0      16744
  rootredcost      :          3          0          0      55460
  symmetry         :          0          0          0          0
  vbounds          :       1282          0          0          0
Propagator Timings :  TotalTime  SetupTime   Presolve  Propagate    ResProp    SB-Prop
  dualfix          :       0.01       0.00       0.01       0.01       0.00       0.00
  genvbounds       :       0.01       0.00       0.00       0.01       0.00       0.00
  nlobbt           :       0.00       0.00       0.00       0.00       0.00       0.00
  obbt             :       0.00       0.00       0.00       0.00       0.00       0.00
  probing          :      48.74       0.00      48.74       0.00       0.00       0.00
  pseudoobj        :       0.19       0.00       0.00       0.19       0.00       0.00
  redcost          :       0.24       0.00       0.00       0.24       0.00       0.00
  rootredcost      :       0.16       0.00       0.00       0.16       0.00       0.00
  symmetry         :       0.08       0.00       0.07       0.00       0.00       0.00
  vbounds          :       0.11       0.00       0.03       0.07       0.00       0.00
Symmetry           :
  orbitopal red.   :          0 reductions applied,          0 cutoffs
  orbital reduction:          0 reductions applied,          0 cutoffs
  lexicographic red:          0 reductions applied,          0 cutoffs
  shadow tree time :       0.00 s
Conflict Analysis  :       Time      Calls    Success    DomReds  Conflicts   Literals    Reconvs ReconvLits   Dualrays   Nonzeros   LP Iters   (pool size: [10000,10000])
  propagation      :       4.80         46         18          -        146      235.2          0        0.0          -          -          -
  infeasible LP    :       3.47         14          5          -         52     2519.3          0        0.0          3     1599.3          0
  bound exceed. LP :       0.16          1          1          -         21     3723.4          0        0.0          0        0.0         20
  strong branching :       0.00          0          0          -          0        0.0          0        0.0          -          -          0
  pseudo solution  :       0.00          0          0          -          0        0.0          0        0.0          -          -          -
  applied globally :       0.08          -          -          0        119      628.5          -          -          3          -          -
  applied locally  :          -          -          -          0          0        0.0          -          -          0          -          -
Separators         :   ExecTime  SetupTime      Calls  RootCalls    Cutoffs    DomReds  FoundCuts ViaPoolAdd  DirectAdd    Applied ViaPoolApp  DirectApp      Conss
  cut pool         :       0.00          -         38         36          -          -         31         31          -          -          -          -          -    (maximal pool size:         31)
  aggregation      :       5.43       0.00         21         19          0          0          0          0          0          0          0          0          0
  > cmir           :          -          -          -          -          -          -          -          0          0          0          0          0          -
  > flowcover      :          -          -          -          -          -          -          -          0          0          0          0          0          -
  > knapsackcover  :          -          -          -          -          -          -          -          0          0          0          0          0          -
  cgmip            :       0.00       0.00          0          0          0          0          0          0          0          0          0          0          0
  clique           :       0.09       0.00         19         19          0          0          0          0          0          0          0          0          0
  closecuts        :       0.00       0.00          0          0          0          0          0          0          0          0          0          0          0
  convexproj       :       0.00       0.00          0          0          0          0          0          0          0          0          0          0          0
  disjunctive      :       0.00       0.00          0          0          0          0          0          0          0          0          0          0          0
  eccuts           :       0.00       0.00          0          0          0          0          0          0          0          0          0          0          0
  gauge            :       0.00       0.00          0          0          0          0          0          0          0          0          0          0          0
  gomory           :       0.41       0.00         12         10          0          0          0          0          0          0          0          0          0
  > gomorymi       :          -          -          -          -          -          -          -          0          0          0          0          0          -
  > strongcg       :          -          -          -          -          -          -          -          0          0          0          0          0          -
  impliedbounds    :       0.46       0.00         21         19          0          0          0          0          0          0          0          0          0
  interminor       :       0.00       0.00          0          0          0          0          0          0          0          0          0          0          0
  intobj           :       0.00       0.00          0          0          0          0          0          0          0          0          0          0          0
  lagromory        :       0.00       0.00          0          0          0          0          0          0          0          0          0          0          0
  mcf              :       0.02       0.00          1          1          0          0          0          0          0          0          0          0          0
  minor            :       0.00       0.00          0          0          0          0          0          0          0          0          0          0          0
  mixing           :       0.00       0.00          0          0          0          0          0          0          0          0          0          0          0
  oddcycle         :       0.00       0.00          0          0          0          0          0          0          0          0          0          0          0
  rapidlearning    :       0.04       0.00          0          0          0          0          0          0          0          0          0          0          0
  rlt              :       0.00       0.00         10         10          0          0          0          0          0          0          0          0          0
  zerohalf         :       0.97       0.00         21         19          0          0         31         31          0         31         31          0          0
Cutselectors       :   ExecTime  SetupTime      Calls  RootCalls   Selected     Forced   Filtered  RootSelec   RootForc   RootFilt 
  hybrid           :       0.00       0.00         18         18         31          0          0         31          0          0
  ensemble         :       0.00       0.00          0          0          0          0          0          0          0          0
  dynamic          :       0.00       0.00          0          0          0          0          0          0          0          0
Pricers            :   ExecTime  SetupTime      Calls       Vars
  problem variables:       0.00          -          0          0
Branching Rules    :   ExecTime  SetupTime   BranchLP  BranchExt   BranchPS    Cutoffs    DomReds       Cuts      Conss   Children
  allfullstrong    :       0.00       0.00          0          0          0          0          0          0          0          0
  cloud            :       0.00       0.00          0          0          0          0          0          0          0          0
  distribution     :       0.00       0.00          0          0          0          0          0          0          0          0
  fullstrong       :       0.00       0.00          0          0          0          0          0          0          0          0
  general_disjuncti:   43349.85       0.00         49          0          0          0         47          0          1          0
  GeneralDisjunction(extra): subMILPs=86 fairNodes of all MILPs=804 probingLPs=0
  gomory           :       0.00       0.00          0          0          0          0          0          0          0          0
  inference        :       0.00       0.00          0          0          0          0          0          0          0          0
  leastinf         :       0.00       0.00          0          0          0          0          0          0          0          0
  lookahead        :       0.00       0.00          0          0          0          0          0          0          0          0
  mostinf          :       0.00       0.00          0          0          0          0          0          0          0          0
  multaggr         :       0.00       0.00          0          0          0          0          0          0          0          0
  nodereopt        :       0.00       0.00          0          0          0          0          0          0          0          0
  pscost           :       0.00       0.00          0          0          0          0          0          0          0          0
  random           :       0.00       0.00          0          0          0          0          0          0          0          0
  relpscost        :      66.22       0.00         43          0          0          0          0          0          0         86
  vanillafullstrong:       0.00       0.00          0          0          0          0          0          0          0          0
Primal Heuristics  :   ExecTime  SetupTime      Calls      Found       Best
  LP solutions     :       0.01          -          -          1          1
  relax solutions  :       0.00          -          -          0          0
  pseudo solutions :       0.00          -          -          0          0
  strong branching :       0.04          -          -          0          0
  actconsdiving    :       0.00       0.00          0          0          0
  adaptivediving   :       2.57       0.00          1          0          0
  alns             :       0.33       0.00          1          0          0
  bound            :       0.00       0.00          0          0          0
  clique           :       0.29       0.00          1          0          0
  coefdiving       :       0.00       0.00          0          0          0
  completesol      :       0.00       0.00          0          0          0
  conflictdiving   :       0.11       0.00          1          0          0
  crossover        :       0.00       0.00          0          0          0
  dins             :       0.00       0.00          0          0          0
  distributiondivin:       1.24       0.00          1          0          0
  dps              :       0.00       0.00          0          0          0
  dualval          :       0.00       0.00          0          0          0
  farkasdiving     :      35.27       0.00          1          0          0
  feaspump         :       7.90       0.00          1          0          0
  fixandinfer      :       0.00       0.00          0          0          0
  fracdiving       :       1.02       0.00          1          0          0
  gins             :       0.00       0.00          0          0          0
  guideddiving     :       0.00       0.00          0          0          0
  indicator        :       0.00       0.00          0          0          0
  indicatordiving  :       0.00       0.00          0          0          0
  intdiving        :       0.00       0.00          0          0          0
  intshifting      :       0.00       0.00          0          0          0
  linesearchdiving :       0.00       0.00          0          0          0
  localbranching   :       0.00       0.00          0          0          0
  locks            :       0.26       0.00          1          1          1
  lpface           :       0.00       0.00          0          0          0
  mpec             :       0.00       0.00          0          0          0
  multistart       :       0.00       0.00          0          0          0
  mutation         :       0.00       0.00          0          0          0
  nlpdiving        :       0.00       0.00          0          0          0
  objpscostdiving  :       0.00       0.00          0          0          0
  octane           :       0.00       0.00          0          0          0
  ofins            :       0.00       0.00          0          0          0
  oneopt           :       0.06       0.00          3          0          0
  padm             :       0.00       0.00          0          0          0
  proximity        :       0.00       0.00          0          0          0
  pscostdiving     :       9.22       0.00          1          0          0
  randrounding     :       1.83       0.00         19          0          0
  rens             :       0.38       0.00          1          0          0
  reoptsols        :       0.00       0.00          0          0          0
  repair           :       0.00       0.00          0          0          0
  rins             :       0.00       0.00          0          0          0
  rootsoldiving    :       0.00       0.00          0          0          0
  rounding         :       0.24       0.00         68          0          0
  scheduler        :       0.00       0.00          0          0          0
  shiftandpropagate:       0.00       0.00          0          0          0
  shifting         :       0.79       0.00         21          0          0
  simplerounding   :       0.00       0.00          0          0          0
  subnlp           :       0.00       0.00          0          0          0
  trivial          :       0.03       0.00          2          0          0
  trivialnegation  :       0.00       0.00          0          0          0
  trustregion      :       0.00       0.00          0          0          0
  trysol           :       0.00       0.00          0          0          0
  twoopt           :       0.00       0.00          0          0          0
  undercover       :       0.00       0.00          0          0          0
  vbounds          :       1.07       0.00          1          0          0
  veclendiving     :       0.09       0.00          1          1          1
  zeroobj          :       0.00       0.00          0          0          0
  zirounding       :       0.06       0.00         42          0          0
  other solutions  :          -          -          -          0          -
LNS (Scheduler)    :      Calls  SetupTime  SolveTime SolveNodes       Sols       Best       Exp3    Exp3-IX  EpsGreedy        UCB TgtFixRate  Opt  Inf Node Stal  Sol  Usr Othr Actv
  rens             :          0       0.00       0.00          0          0          0    0.00000    0.12500   -1.00000    1.00000      0.900    0    0    0    0    0    0    0    1
  rins             :          0       0.00       0.00          0          0          0    0.00000    0.12500   -1.00000    1.00000      0.900    0    0    0    0    0    0    0    1
  mutation         :          0       0.00       0.00          0          0          0    0.00000    0.12500   -1.00000    1.00000      0.900    0    0    0    0    0    0    0    1
  localbranching   :          0       0.00       0.00          0          0          0    0.00000    0.12500   -1.00000    1.00000      0.900    0    0    0    0    0    0    0    1
  crossover        :          0       0.00       0.00          0          0          0    0.00000    0.12500   -1.00000    1.00000      0.900    0    0    0    0    0    0    0    1
  proximity        :          0       0.00       0.00          0          0          0    0.00000    0.12500   -1.00000    1.00000      0.900    0    0    0    0    0    0    0    1
  zeroobjective    :          0       0.00       0.00          0          0          0    0.00000    0.12500   -1.00000    1.00000      0.900    0    0    0    0    0    0    0    1
  dins             :          0       0.00       0.00          0          0          0    0.00000    0.12500   -1.00000    1.00000      0.900    0    0    0    0    0    0    0    1
  trustregion      :          0       0.00       0.00          0          0          0    0.00000    0.00000   -1.00000    1.00000      0.900    0    0    0    0    0    0    0    0
LP                 :       Time      Calls Iterations  Iter/call   Iter/sec  Time-0-It Calls-0-It    ItLimit
  primal LP        :       0.79          2          0       0.00       0.00       0.79          2
  dual LP          :      93.28         92     160318    2196.14    1718.76       0.07         19
  lex dual LP      :       0.00          0          0       0.00          -
  barrier LP       :       0.00          0          0       0.00          -       0.00          0
  resolve instable :       0.00          0          0       0.00          -
  diving/probing LP:      51.74        207      65917     318.44    1274.01
  strong branching :     152.31        363     236552     651.66    1553.14          -          -        380
    (at root node) :          -         58      56484     973.86          -
  conflict analysis:       0.01          2         20      10.00          -
B&B Tree           :
  number of runs   :          1
  nodes            :         52 (44 internal, 8 leaves)
  feasible leaves  :          1
  infeas. leaves   :          2
  objective leaves :          5
  nodes (total)    :         52 (44 internal, 8 leaves)
  nodes left       :          0
  max depth        :         15
  max depth (total):         15
  backtracks       :          8 (15.4%)
  early backtracks :          0 (0.0%)
  nodes exc. ref.  :          0 (0.0%)
  delayed cutoffs  :          0
  repropagations   :         17 (998 domain reductions, 0 cutoffs)
  avg switch length:       3.50
  switching time   :       0.71
Root Node          :
  First LP value   : +2.32615354938167e+01
  First LP Iters   :      25149 (1445.00 Iter/sec)
  First LP Time    :      17.40
  Final Dual Bound : +2.35222222214647e+01
  Final Root Iters :      50053
  Root LP Estimate : +2.43393502813415e+01
Solution           :
  Solutions found  :          3 (3 improvements)
  First Solution   : +1.31874999999700e+02   (in run 1, after 1 nodes, 50.69 seconds, depth 49, found by <locks>)
  Gap First Sol.   :   79025.00 %
  Gap Last Sol.    :       2.72 %
  Primal Bound     : +2.41631944445000e+01   (in run 1, after 39 nodes, 38616.68 seconds, depth 8, found by <relaxation>)
  Dual Bound       : +2.41631944445000e+01
  Gap              :       0.00 %
Integrals          :      Total       Avg%
  primal-dual      : 3180735.54      72.87
  primal-ref       :          -          - (not evaluated)
  dual-ref         :          -          - (not evaluated)
