SCIP version 9.2.2 [precision: 8 byte] [memory: block] [mode: optimized] [LP solver: CPLEX 12.10.0.0] [GitHash: 416226a4f8]
Copyright (c) 2002-2025 Zuse Institute Berlin (ZIB)

reading parameter file </scratch/htc/yzhou/exp_scipmip/settings/allon_gendj.set>

read problem </scratch/htc/yzhou/exp_scipmip/instances/additional/timtab1.mps>
============

original problem has 397 variables (77 bin, 94 int, 0 impl, 226 cont) and 171 constraints
    171 constraints of type <linear>
Reading Time: 0.00
solve problem
=============
LP Solver <CPLEX 12.10.0.0>: fastmip setting not available -- SCIP parameter has no effect
LP Solver <CPLEX 12.10.0.0>: clock type cannot be set
LP Solver <CPLEX 12.10.0.0>: row representation of the basis not available -- SCIP parameter lp/rowrepswitch has no effect
LP Solver <CPLEX 12.10.0.0>: solution polishing not available -- SCIP parameter lp/solutionpolishing has no effect
LP Solver <CPLEX 12.10.0.0>: refactorization interval not available -- SCIP parameter lp/refactorinterval has no effect
transformed problem has 397 variables (77 bin, 94 int, 0 impl, 226 cont) and 171 constraints
    171 constraints of type <linear>

original problem has 829 active (1.22115%) nonzeros and 829 (1.22115%) check nonzeros

presolving:
(round 1, fast)       184 del vars, 3 del conss, 0 add conss, 13 chg bounds, 0 chg sides, 0 chg coeffs, 0 upgd conss, 6 impls, 0 clqs
(round 2, fast)       185 del vars, 3 del conss, 0 add conss, 18 chg bounds, 53 chg sides, 53 chg coeffs, 0 upgd conss, 8 impls, 0 clqs
(round 3, fast)       186 del vars, 3 del conss, 0 add conss, 18 chg bounds, 53 chg sides, 53 chg coeffs, 0 upgd conss, 8 impls, 0 clqs
(round 4, exhaustive) 186 del vars, 3 del conss, 0 add conss, 18 chg bounds, 53 chg sides, 53 chg coeffs, 29 upgd conss, 8 impls, 0 clqs
(round 5, medium)     188 del vars, 3 del conss, 0 add conss, 18 chg bounds, 53 chg sides, 53 chg coeffs, 29 upgd conss, 63 impls, 7 clqs
(round 6, medium)     188 del vars, 5 del conss, 0 add conss, 18 chg bounds, 54 chg sides, 53 chg coeffs, 29 upgd conss, 63 impls, 7 clqs
   (0.0s) probing cycle finished: starting next cycle
(round 7, exhaustive) 198 del vars, 5 del conss, 0 add conss, 18 chg bounds, 54 chg sides, 53 chg coeffs, 29 upgd conss, 703 impls, 23 clqs
   (0.0s) probing: 51/54 (94.4%) - 0 fixings, 10 aggregations, 658 implications, 0 bound changes
   (0.0s) probing aborted: 50/50 successive totally useless probings
   (0.0s) dualsparsify: 10 nonzeros canceled
(round 8, exhaustive) 198 del vars, 5 del conss, 0 add conss, 18 chg bounds, 54 chg sides, 67 chg coeffs, 29 upgd conss, 703 impls, 23 clqs
(round 9, fast)       198 del vars, 7 del conss, 2 add conss, 18 chg bounds, 54 chg sides, 67 chg coeffs, 29 upgd conss, 703 impls, 23 clqs
   (0.0s) symmetry computation started: requiring (bin +, int +, cont +), (fixed: bin -, int -, cont -)
   (0.0s) symmetry computation finished: 1 generators found (max: 1500, log10 of symmetry group size: 0.0) (symcode time: 0.00)
dynamic symmetry handling statistics:
   orbitopal reduction:       no components
   orbital reduction:         no components
   lexicographic reduction:   no permutations
handled 1 out of 1 symmetry components
(round 10, exhaustive) 198 del vars, 7 del conss, 3 add conss, 18 chg bounds, 54 chg sides, 67 chg coeffs, 29 upgd conss, 703 impls, 23 clqs
clique table cleanup detected 0 bound changes

presolved problem has 629 active (1.87386%) nonzeros and 629 (1.87386%) check nonzeros

presolving (11 rounds: 11 fast, 7 medium, 5 exhaustive):
 198 deleted vars, 7 deleted constraints, 3 added constraints, 18 tightened bounds, 0 added holes, 54 changed sides, 67 changed coefficients
 703 implications, 23 cliques
presolved problem has 201 variables (54 bin, 92 int, 0 impl, 55 cont) and 167 constraints
     25 constraints of type <varbound>
    142 constraints of type <linear>
Presolving Time: 0.01

 time | node  | left  |LP iter|LP it/n|mem/heur|mdpt |vars |cons |rows |cuts |sepa|confs|strbr|  dualbound   | primalbound  |  gap   | compl. 
  0.0s|     1 |     0 |   198 |     - |  5022k |   0 | 201 | 183 | 167 |   0 |  0 |  16 |   0 | 1.578960e+05 |      --      |    Inf | unknown
  0.0s|     1 |     0 |   503 |     - |  5596k |   0 | 201 | 183 | 195 |  28 |  1 |  16 |   0 | 2.358271e+05 |      --      |    Inf | unknown
  0.1s|     1 |     0 |   542 |     - |  5715k |   0 | 201 | 183 | 226 |  59 |  2 |  16 |   0 | 2.843836e+05 |      --      |    Inf | unknown
  0.1s|     1 |     0 |   588 |     - |  6155k |   0 | 201 | 183 | 254 |  87 |  3 |  16 |   0 | 3.225540e+05 |      --      |    Inf | unknown
  0.1s|     1 |     0 |   632 |     - |  6480k |   0 | 201 | 183 | 286 | 119 |  4 |  16 |   0 | 3.423248e+05 |      --      |    Inf | unknown
  0.1s|     1 |     0 |   680 |     - |  7276k |   0 | 201 | 183 | 310 | 143 |  5 |  16 |   0 | 3.523417e+05 |      --      |    Inf | unknown
  0.1s|     1 |     0 |   717 |     - |  7867k |   0 | 201 | 183 | 334 | 167 |  6 |  16 |   0 | 3.716224e+05 |      --      |    Inf | unknown
  0.2s|     1 |     0 |   752 |     - |  8653k |   0 | 201 | 183 | 353 | 186 |  7 |  16 |   0 | 3.801253e+05 |      --      |    Inf | unknown
  0.2s|     1 |     0 |   810 |     - |  9259k |   0 | 201 | 183 | 377 | 210 |  8 |  16 |   0 | 3.882144e+05 |      --      |    Inf | unknown
  0.3s|     1 |     0 |   872 |     - |    10M |   0 | 201 | 183 | 396 | 229 |  9 |  16 |   0 | 3.934133e+05 |      --      |    Inf | unknown
  0.3s|     1 |     0 |   915 |     - |    10M |   0 | 201 | 183 | 415 | 248 | 10 |  16 |   0 | 4.285357e+05 |      --      |    Inf | unknown
  0.4s|     1 |     0 |   948 |     - |    10M |   0 | 201 | 183 | 431 | 264 | 11 |  16 |   0 | 4.310489e+05 |      --      |    Inf | unknown
  0.5s|     1 |     0 |   999 |     - |    10M |   0 | 201 | 183 | 444 | 277 | 12 |  16 |   0 | 4.367073e+05 |      --      |    Inf | unknown
  0.6s|     1 |     0 |  1030 |     - |    10M |   0 | 201 | 183 | 459 | 292 | 13 |  16 |   0 | 4.388439e+05 |      --      |    Inf | unknown
  0.7s|     1 |     0 |  1095 |     - |    11M |   0 | 201 | 183 | 475 | 308 | 14 |  16 |   0 | 4.438227e+05 |      --      |    Inf | unknown
 time | node  | left  |LP iter|LP it/n|mem/heur|mdpt |vars |cons |rows |cuts |sepa|confs|strbr|  dualbound   | primalbound  |  gap   | compl. 
  0.7s|     1 |     0 |  1140 |     - |    11M |   0 | 201 | 183 | 491 | 324 | 15 |  16 |   0 | 4.467327e+05 |      --      |    Inf | unknown
  0.8s|     1 |     0 |  1201 |     - |    11M |   0 | 201 | 183 | 422 | 339 | 16 |  16 |   0 | 4.540938e+05 |      --      |    Inf | unknown
  0.9s|     1 |     0 |  1225 |     - |    11M |   0 | 201 | 183 | 434 | 351 | 17 |  16 |   0 | 4.566467e+05 |      --      |    Inf | unknown
  0.9s|     1 |     0 |  1284 |     - |    11M |   0 | 201 | 183 | 444 | 361 | 18 |  16 |   0 | 4.847729e+05 |      --      |    Inf | unknown
  1.0s|     1 |     0 |  1316 |     - |    11M |   0 | 201 | 183 | 465 | 382 | 19 |  16 |   0 | 4.851238e+05 |      --      |    Inf | unknown
  1.0s|     1 |     0 |  1352 |     - |    11M |   0 | 201 | 183 | 477 | 394 | 20 |  16 |   0 | 4.872369e+05 |      --      |    Inf | unknown
  1.1s|     1 |     0 |  1386 |     - |    11M |   0 | 201 | 184 | 485 | 402 | 21 |  17 |   0 | 4.885393e+05 |      --      |    Inf | unknown
  1.2s|     1 |     0 |  1404 |     - |    11M |   0 | 201 | 184 | 397 | 411 | 22 |  17 |   0 | 4.887427e+05 |      --      |    Inf | unknown
  1.2s|     1 |     0 |  1431 |     - |    11M |   0 | 201 | 184 | 407 | 421 | 23 |  17 |   0 | 4.892589e+05 |      --      |    Inf | unknown
  1.3s|     1 |     0 |  1440 |     - |    11M |   0 | 201 | 184 | 413 | 427 | 24 |  17 |   0 | 4.894891e+05 |      --      |    Inf | unknown
  1.3s|     1 |     0 |  1456 |     - |    11M |   0 | 201 | 185 | 422 | 436 | 25 |  18 |   0 | 4.899712e+05 |      --      |    Inf | unknown
  1.4s|     1 |     0 |  1468 |     - |    11M |   0 | 201 | 185 | 430 | 444 | 26 |  18 |   0 | 4.900705e+05 |      --      |    Inf | unknown
  1.4s|     1 |     0 |  1476 |     - |    11M |   0 | 201 | 185 | 434 | 448 | 27 |  18 |   0 | 4.905057e+05 |      --      |    Inf | unknown
  1.4s|     1 |     0 |  1491 |     - |    11M |   0 | 201 | 185 | 368 | 454 | 28 |  18 |   0 | 4.908524e+05 |      --      |    Inf | unknown
  1.5s|     1 |     0 |  1508 |     - |    11M |   0 | 201 | 186 | 378 | 464 | 29 |  19 |   0 | 4.911206e+05 |      --      |    Inf | unknown
 time | node  | left  |LP iter|LP it/n|mem/heur|mdpt |vars |cons |rows |cuts |sepa|confs|strbr|  dualbound   | primalbound  |  gap   | compl. 
  1.5s|     1 |     0 |  1516 |     - |    11M |   0 | 201 | 186 | 384 | 470 | 30 |  19 |   0 | 4.911377e+05 |      --      |    Inf | unknown
  1.5s|     1 |     0 |  1543 |     - |    11M |   0 | 201 | 186 | 390 | 476 | 31 |  19 |   0 | 4.915411e+05 |      --      |    Inf | unknown
  1.6s|     1 |     0 |  1555 |     - |    11M |   0 | 201 | 186 | 395 | 481 | 32 |  19 |   0 | 4.916306e+05 |      --      |    Inf | unknown
  1.6s|     1 |     0 |  1579 |     - |    11M |   0 | 201 | 186 | 399 | 485 | 33 |  19 |   0 | 4.923345e+05 |      --      |    Inf | unknown
  1.6s|     1 |     0 |  1588 |     - |    11M |   0 | 201 | 186 | 346 | 490 | 34 |  19 |   0 | 4.923464e+05 |      --      |    Inf | unknown
  1.7s|     1 |     0 |  1596 |     - |    11M |   0 | 201 | 186 | 350 | 494 | 35 |  19 |   0 | 4.924021e+05 |      --      |    Inf | unknown
  1.7s|     1 |     0 |  1601 |     - |    11M |   0 | 201 | 186 | 354 | 498 | 36 |  19 |   0 | 4.924042e+05 |      --      |    Inf | unknown
  1.7s|     1 |     0 |  1609 |     - |    11M |   0 | 201 | 186 | 357 | 501 | 37 |  19 |   0 | 4.924748e+05 |      --      |    Inf | unknown
  1.7s|     1 |     0 |  1612 |     - |    11M |   0 | 201 | 186 | 359 | 503 | 38 |  19 |   0 | 4.924759e+05 |      --      |    Inf | unknown
_____________________________________
Now starting branching with general disjunction
Current branching Node number: 1
LP objective value: 3.7137e+06
Node lower bound: 3.71772e+06
Node upper bound: 1e+20
gap to the primal bound: 1e+20
Preck submodel is infeasible, continue branching
Time limit exceeded (1263s), stopping submodel solve loop
General disjunction: No feasible solution found, use SCIP default branching rule
 1265s|     1 |     2 |  2384 |     - |    11M |   0 | 201 | 196 | 359 | 503 | 39 |  29 |  67 | 4.964978e+05 |      --      |    Inf | unknown
_____________________________________
Now starting branching with general disjunction
Current branching Node number: 2
Relpscost reduced domain, skip general disjunction branching
_____________________________________
Now starting branching with general disjunction
Current branching Node number: 2
LP objective value: 3.72739e+06
Node lower bound: 3.73167e+06
Node upper bound: 1e+20
gap to the primal bound: 1e+20
Preck submodel is infeasible, continue branching
Time limit exceeded (1104.84s), stopping submodel solve loop
General disjunction: No feasible solution found, use SCIP default branching rule
_____________________________________
Now starting branching with general disjunction
Current branching Node number: 2
LP objective value: 3.7278e+06
Node lower bound: 3.73167e+06
Node upper bound: 1e+20
gap to the primal bound: 1e+20
Preck submodel is infeasible, continue branching
Time limit exceeded (1046.17s), stopping submodel solve loop
General disjunction: No feasible solution found, use SCIP default branching rule
_____________________________________
Now starting branching with general disjunction
Current branching Node number: 4
Relpscost reduced domain, skip general disjunction branching
_____________________________________
Now starting branching with general disjunction
Current branching Node number: 4
Relpscost reduced domain, skip general disjunction branching
_____________________________________
Now starting branching with general disjunction
Current branching Node number: 4
LP objective value: 3.77478e+06
Node lower bound: 3.78051e+06
Node upper bound: 1e+20
gap to the primal bound: 1e+20
Preck submodel is infeasible, continue branching
Time limit exceeded (1000.29s), stopping submodel solve loop
General disjunction: No feasible solution found, use SCIP default branching rule
_____________________________________
Now starting branching with general disjunction
Current branching Node number: 7
LP objective value: 3.78051e+06
Node lower bound: 3.78704e+06
Node upper bound: 1e+20
gap to the primal bound: 1e+20
Preck submodel is infeasible, continue branching
Time limit exceeded (1000.21s), stopping submodel solve loop
General disjunction: No feasible solution found, use SCIP default branching rule
_____________________________________
Now starting branching with general disjunction
Current branching Node number: 7
Relpscost reduced domain, skip general disjunction branching
_____________________________________
Now starting branching with general disjunction
Current branching Node number: 7
LP objective value: 3.79245e+06
Node lower bound: 3.79753e+06
Node upper bound: 1e+20
gap to the primal bound: 1e+20
Preck submodel is infeasible, continue branching
Time limit exceeded (1000.13s), stopping submodel solve loop
General disjunction: No feasible solution found, use SCIP default branching rule
_____________________________________
Now starting branching with general disjunction
Current branching Node number: 9
LP objective value: 3.7959e+06
Node lower bound: 3.80111e+06
Node upper bound: 1e+20
gap to the primal bound: 1e+20
Preck submodel is infeasible, continue branching
Time limit exceeded (1000.75s), stopping submodel solve loop
General disjunction: No feasible solution found, use SCIP default branching rule
_____________________________________
Now starting branching with general disjunction
Current branching Node number: 10
Relpscost reduced domain, skip general disjunction branching
_____________________________________
Now starting branching with general disjunction
Current branching Node number: 10
Relpscost reduced domain, skip general disjunction branching
_____________________________________
Now starting branching with general disjunction
Current branching Node number: 10
Relpscost reduced domain, skip general disjunction branching
_____________________________________
Now starting branching with general disjunction
Current branching Node number: 10
Relpscost reduced domain, skip general disjunction branching
_____________________________________
Now starting branching with general disjunction
Current branching Node number: 10
LP objective value: 3.86921e+06
Node lower bound: 3.88177e+06
Node upper bound: 1e+20
gap to the primal bound: 1e+20
Preck submodel is infeasible, continue branching
Time limit exceeded (1000.31s), stopping submodel solve loop
General disjunction: No feasible solution found, use SCIP default branching rule
_____________________________________
Now starting branching with general disjunction
Current branching Node number: 12
LP objective value: 3.89717e+06
Node lower bound: 3.90965e+06
Node upper bound: 1e+20
gap to the primal bound: 1e+20
Preck submodel is infeasible, continue branching
Time limit exceeded (1000.47s), stopping submodel solve loop
General disjunction: No feasible solution found, use SCIP default branching rule
_____________________________________
Now starting branching with general disjunction
Current branching Node number: 15
LP objective value: 3.90965e+06
Node lower bound: 3.91735e+06
Node upper bound: 1e+20
gap to the primal bound: 1e+20
Preck submodel is infeasible, continue branching
Time limit exceeded (1001.1s), stopping submodel solve loop
General disjunction: No feasible solution found, use SCIP default branching rule
_____________________________________
Now starting branching with general disjunction
Current branching Node number: 15
LP objective value: 3.90965e+06
Node lower bound: 3.91759e+06
Node upper bound: 1e+20
gap to the primal bound: 1e+20
Preck submodel is infeasible, continue branching
Time limit exceeded (1000.19s), stopping submodel solve loop
General disjunction: No feasible solution found, use SCIP default branching rule
_____________________________________
Now starting branching with general disjunction
Current branching Node number: 16
Relpscost reduced domain, skip general disjunction branching
_____________________________________
Now starting branching with general disjunction
Current branching Node number: 16
LP objective value: 3.91944e+06
Node lower bound: 3.92892e+06
Node upper bound: 1e+20
gap to the primal bound: 1e+20
Preck submodel is infeasible, continue branching
Time limit exceeded (1000.13s), stopping submodel solve loop
General disjunction: No feasible solution found, use SCIP default branching rule
_____________________________________
Now starting branching with general disjunction
Current branching Node number: 18
LP objective value: 3.98513e+06
Node lower bound: 3.99312e+06
Node upper bound: 1e+20
gap to the primal bound: 1e+20
Preck submodel is infeasible, continue branching
Time limit exceeded (1001.23s), stopping submodel solve loop
General disjunction: No feasible solution found, use SCIP default branching rule
_____________________________________
Now starting branching with general disjunction
Current branching Node number: 18
LP objective value: 3.99566e+06
Node lower bound: 4.01237e+06
Node upper bound: 1e+20
gap to the primal bound: 1e+20
Preck submodel is infeasible, continue branching
Time limit exceeded (1000.35s), stopping submodel solve loop
General disjunction: No feasible solution found, use SCIP default branching rule
_____________________________________
Now starting branching with general disjunction
Current branching Node number: 18
Relpscost reduced domain, skip general disjunction branching
_____________________________________
Now starting branching with general disjunction
Current branching Node number: 18
LP objective value: 3.99584e+06
Node lower bound: 4.01237e+06
Node upper bound: 1e+20
gap to the primal bound: 1e+20
Preck submodel is infeasible, continue branching
Time limit exceeded (1000.29s), stopping submodel solve loop
General disjunction: No feasible solution found, use SCIP default branching rule
_____________________________________
Now starting branching with general disjunction
Current branching Node number: 20
Relpscost reduced domain, skip general disjunction branching
_____________________________________
Now starting branching with general disjunction
Current branching Node number: 20
LP objective value: 4.09917e+06
Node lower bound: 4.10496e+06
Node upper bound: 1e+20
gap to the primal bound: 1e+20
Preck submodel is infeasible, continue branching
Time limit exceeded (1000.12s), stopping submodel solve loop
General disjunction: No feasible solution found, use SCIP default branching rule
_____________________________________
Now starting branching with general disjunction
Current branching Node number: 22
LP objective value: 4.10468e+06
Node lower bound: 4.10575e+06
Node upper bound: 1e+20
gap to the primal bound: 1e+20
Preck submodel is infeasible, continue branching
Time limit exceeded (1002.59s), stopping submodel solve loop
General disjunction: No feasible solution found, use SCIP default branching rule
_____________________________________
Now starting branching with general disjunction
Current branching Node number: 25
LP objective value: 4.11062e+06
Node lower bound: 4.12035e+06
Node upper bound: 1e+20
gap to the primal bound: 1e+20
Preck submodel is infeasible, continue branching
Time limit exceeded (1000.13s), stopping submodel solve loop
General disjunction: No feasible solution found, use SCIP default branching rule
_____________________________________
Now starting branching with general disjunction
Current branching Node number: 26
LP objective value: 4.12209e+06
Node lower bound: 4.12222e+06
Node upper bound: 1e+20
gap to the primal bound: 1e+20
Preck submodel is infeasible, continue branching
Time limit exceeded (1000.28s), stopping submodel solve loop
General disjunction: No feasible solution found, use SCIP default branching rule
d 324m|    14 |    15 |  2946 | 109.2 |pscostdi|  13 | 201 | 209 | 323 |   0 |  1 |  44 | 380 | 4.964978e+05 | 9.178460e+05 |  84.86%| unknown
_____________________________________
Now starting branching with general disjunction
Current branching Node number: 3
LP objective value: 3.71386e+06
Node lower bound: 3.71828e+06
Node upper bound: 917846
gap to the primal bound: 0.846574
Preck submodel is infeasible, continue branching
Time limit exceeded (1303.8s), stopping submodel solve loop
General disjunction: No feasible solution found, use SCIP default branching rule
_____________________________________
Now starting branching with general disjunction
Current branching Node number: 30
Relpscost reduced domain, skip general disjunction branching
_____________________________________
Now starting branching with general disjunction
Current branching Node number: 30
LP objective value: 3.72852e+06
Node lower bound: 3.72976e+06
Node upper bound: 917846
gap to the primal bound: 0.846574
Preck submodel is infeasible, continue branching
Time limit exceeded (1201.48s), stopping submodel solve loop
General disjunction: No feasible solution found, use SCIP default branching rule
_____________________________________
Now starting branching with general disjunction
Current branching Node number: 32
Relpscost reduced domain, skip general disjunction branching
_____________________________________
Now starting branching with general disjunction
Current branching Node number: 32
LP objective value: 3.75335e+06
Node lower bound: 3.76354e+06
Node upper bound: 917846
gap to the primal bound: 0.846574
Preck submodel is infeasible, continue branching
Time limit exceeded (1487.95s), stopping submodel solve loop
General disjunction: No feasible solution found, use SCIP default branching rule
_____________________________________
Now starting branching with general disjunction
Current branching Node number: 34
LP objective value: 3.8287e+06
Node lower bound: 3.83783e+06
Node upper bound: 917846
gap to the primal bound: 0.846574
Preck submodel is infeasible, continue branching
Time limit exceeded (1000.33s), stopping submodel solve loop
General disjunction: No feasible solution found, use SCIP default branching rule
_____________________________________
Now starting branching with general disjunction
Current branching Node number: 34
LP objective value: 3.8287e+06
Node lower bound: 3.84033e+06
Node upper bound: 917846
gap to the primal bound: 0.846574
Preck submodel is infeasible, continue branching
Time limit exceeded (1668.99s), stopping submodel solve loop
General disjunction: No feasible solution found, use SCIP default branching rule
_____________________________________
Now starting branching with general disjunction
Current branching Node number: 36
LP objective value: 3.88154e+06
Node lower bound: 3.88219e+06
Node upper bound: 917846
gap to the primal bound: 0.846574
Preck submodel is infeasible, continue branching
Time limit exceeded (1000.75s), stopping submodel solve loop
General disjunction: No feasible solution found, use SCIP default branching rule
_____________________________________
Now starting branching with general disjunction
Current branching Node number: 38
Relpscost reduced domain, skip general disjunction branching
_____________________________________
Now starting branching with general disjunction
Current branching Node number: 38
Relpscost reduced domain, skip general disjunction branching
_____________________________________
Now starting branching with general disjunction
Current branching Node number: 38
LP objective value: 3.89186e+06
Node lower bound: 3.89348e+06
Node upper bound: 917846
gap to the primal bound: 0.846574
Preck submodel is infeasible, continue branching
Time limit exceeded (1000.33s), stopping submodel solve loop
General disjunction: No feasible solution found, use SCIP default branching rule
_____________________________________
Now starting branching with general disjunction
Current branching Node number: 40
LP objective value: 3.89237e+06
Node lower bound: 3.89348e+06
Node upper bound: 917846
gap to the primal bound: 0.846574
Preck submodel is infeasible, continue branching
Time limit exceeded (1002.5s), stopping submodel solve loop
General disjunction: No feasible solution found, use SCIP default branching rule
_____________________________________
Now starting branching with general disjunction
Current branching Node number: 43
LP objective value: 3.92201e+06
Node lower bound: 3.94364e+06
Node upper bound: 917846
gap to the primal bound: 0.846574
Preck submodel is infeasible, continue branching
Time limit exceeded (1000.18s), stopping submodel solve loop
General disjunction: No feasible solution found, use SCIP default branching rule
_____________________________________
Now starting branching with general disjunction
Current branching Node number: 45
LP objective value: 3.94364e+06
Node lower bound: 3.94364e+06
Node upper bound: 917846
gap to the primal bound: 0.846574
Preck submodel is infeasible, continue branching
Time limit exceeded (1000.27s), stopping submodel solve loop
General disjunction: No feasible solution found, use SCIP default branching rule
_____________________________________
Now starting branching with general disjunction
Current branching Node number: 46
Relpscost reduced domain, skip general disjunction branching
_____________________________________
Now starting branching with general disjunction
Current branching Node number: 46
LP objective value: 4.04138e+06
Node lower bound: 4.04138e+06
Node upper bound: 917846
gap to the primal bound: 0.846574
Preck submodel is infeasible, continue branching
Time limit exceeded (1001.4s), stopping submodel solve loop
General disjunction: No feasible solution found, use SCIP default branching rule
_____________________________________
Now starting branching with general disjunction
Current branching Node number: 48
LP objective value: 4.04351e+06
Node lower bound: 4.04436e+06
Node upper bound: 917846
gap to the primal bound: 0.846574
Preck submodel is infeasible, continue branching
Time limit exceeded (1000.15s), stopping submodel solve loop
General disjunction: No feasible solution found, use SCIP default branching rule
_____________________________________
Now starting branching with general disjunction
Current branching Node number: 50
LP objective value: 4.05754e+06
Node lower bound: 4.05754e+06
Node upper bound: 917846
gap to the primal bound: 0.846574
Preck submodel is infeasible, continue branching
Time limit exceeded (1000.16s), stopping submodel solve loop
General disjunction: No feasible solution found, use SCIP default branching rule
_____________________________________
Now starting branching with general disjunction
Current branching Node number: 5
LP objective value: 3.73567e+06
Node lower bound: 3.74745e+06
Node upper bound: 917846
gap to the primal bound: 0.846574
Preck submodel is infeasible, continue branching
Time limit exceeded (1139.28s), stopping submodel solve loop
General disjunction: No feasible solution found, use SCIP default branching rule
_____________________________________
Now starting branching with general disjunction
Current branching Node number: 54
LP objective value: 3.73608e+06
Node lower bound: 3.74745e+06
Node upper bound: 917846
gap to the primal bound: 0.846574
Preck submodel is infeasible, continue branching
Time limit exceeded (1280.65s), stopping submodel solve loop
General disjunction: No feasible solution found, use SCIP default branching rule
_____________________________________
Now starting branching with general disjunction
Current branching Node number: 56
Relpscost reduced domain, skip general disjunction branching
_____________________________________
Now starting branching with general disjunction
Current branching Node number: 56
LP objective value: 3.74711e+06
Node lower bound: 3.75613e+06
Node upper bound: 917846
gap to the primal bound: 0.846574
Preck submodel is infeasible, continue branching
Time limit exceeded (1273.44s), stopping submodel solve loop
General disjunction: No feasible solution found, use SCIP default branching rule
_____________________________________
Now starting branching with general disjunction
Current branching Node number: 59
LP objective value: 3.74915e+06
Node lower bound: 3.75613e+06
Node upper bound: 917846
gap to the primal bound: 0.846574
Preck submodel is infeasible, continue branching
Time limit exceeded (1391.65s), stopping submodel solve loop
General disjunction: No feasible solution found, use SCIP default branching rule
_____________________________________
Now starting branching with general disjunction
Current branching Node number: 60
LP objective value: 3.82613e+06
Node lower bound: 3.82613e+06
Node upper bound: 917846
gap to the primal bound: 0.846574
Preck submodel is infeasible, continue branching
Time limit exceeded (1001.22s), stopping submodel solve loop
General disjunction: No feasible solution found, use SCIP default branching rule
_____________________________________
Now starting branching with general disjunction
Current branching Node number: 62
LP objective value: 3.86252e+06
Node lower bound: 3.86422e+06
Node upper bound: 917846
gap to the primal bound: 0.846574
Preck submodel is infeasible, continue branching
Time limit exceeded (1000.19s), stopping submodel solve loop
General disjunction: No feasible solution found, use SCIP default branching rule
_____________________________________
Now starting branching with general disjunction
Current branching Node number: 64
LP objective value: 3.86679e+06
Node lower bound: 3.86792e+06
Node upper bound: 917846
gap to the primal bound: 0.846574
Preck submodel is infeasible, continue branching
Time limit exceeded (1001.7s), stopping submodel solve loop
General disjunction: No feasible solution found, use SCIP default branching rule
_____________________________________
Now starting branching with general disjunction
Current branching Node number: 66
Relpscost reduced domain, skip general disjunction branching
_____________________________________
Now starting branching with general disjunction
Current branching Node number: 66
LP objective value: 3.93986e+06
Node lower bound: 3.94107e+06
Node upper bound: 917846
gap to the primal bound: 0.846574
Preck submodel is infeasible, continue branching
Time limit exceeded (1000.3s), stopping submodel solve loop
General disjunction: No feasible solution found, use SCIP default branching rule
_____________________________________
Now starting branching with general disjunction
Current branching Node number: 68
LP objective value: 4.03122e+06
Node lower bound: 4.03191e+06
Node upper bound: 917846
gap to the primal bound: 0.846574
Preck submodel is infeasible, continue branching
Time limit exceeded (1004.42s), stopping submodel solve loop
General disjunction: No feasible solution found, use SCIP default branching rule
_____________________________________
Now starting branching with general disjunction
Current branching Node number: 70
LP objective value: 4.07598e+06
Node lower bound: 4.07598e+06
Node upper bound: 917846
gap to the primal bound: 0.846574
Preck submodel is infeasible, continue branching
Time limit exceeded (1000.22s), stopping submodel solve loop
General disjunction: No feasible solution found, use SCIP default branching rule
_____________________________________
Now starting branching with general disjunction
Current branching Node number: 72
LP objective value: 4.07908e+06
Node lower bound: 4.07908e+06
Node upper bound: 917846
gap to the primal bound: 0.846574
Preck submodel is infeasible, continue branching
Time limit exceeded (1000.16s), stopping submodel solve loop
General disjunction: No feasible solution found, use SCIP default branching rule
_____________________________________
Now starting branching with general disjunction
Current branching Node number: 75
LP objective value: 4.08272e+06
Node lower bound: 4.08442e+06
Node upper bound: 917846
gap to the primal bound: 0.846574
Preck submodel is infeasible, continue branching
Time limit exceeded (1000.66s), stopping submodel solve loop
General disjunction: No feasible solution found, use SCIP default branching rule
_____________________________________
Now starting branching with general disjunction
Current branching Node number: 6
LP objective value: 3.80761e+06
Node lower bound: 3.81617e+06
Node upper bound: 917846
gap to the primal bound: 0.846574
Preck submodel is infeasible, continue branching
Time limit exceeded (1000.04s), stopping submodel solve loop
General disjunction: No feasible solution found, use SCIP default branching rule
_____________________________________
Now starting branching with general disjunction
Current branching Node number: 78
LP objective value: 3.84786e+06
Node lower bound: 3.85499e+06
Node upper bound: 917846
gap to the primal bound: 0.846574
Preck submodel is infeasible, continue branching
Time limit exceeded (1000.75s), stopping submodel solve loop
General disjunction: No feasible solution found, use SCIP default branching rule
_____________________________________
Now starting branching with general disjunction
Current branching Node number: 80
LP objective value: 3.8609e+06
Node lower bound: 3.8609e+06
Node upper bound: 917846
gap to the primal bound: 0.846574
Preck submodel is infeasible, continue branching
Time limit exceeded (1000.51s), stopping submodel solve loop
General disjunction: No feasible solution found, use SCIP default branching rule
_____________________________________
Now starting branching with general disjunction
Current branching Node number: 83
Relpscost reduced domain, skip general disjunction branching
_____________________________________
Now starting branching with general disjunction
Current branching Node number: 11
LP objective value: 3.80744e+06
Node lower bound: 3.80744e+06
Node upper bound: 917846
gap to the primal bound: 0.846574
Preck submodel is infeasible, continue branching
Time limit exceeded (1000.96s), stopping submodel solve loop
General disjunction: No feasible solution found, use SCIP default branching rule
_____________________________________
Now starting branching with general disjunction
Current branching Node number: 84
Relpscost reduced domain, skip general disjunction branching
_____________________________________
Now starting branching with general disjunction
Current branching Node number: 84
LP objective value: 3.81652e+06
Node lower bound: 3.81652e+06
Node upper bound: 917846
gap to the primal bound: 0.846574
Preck submodel is infeasible, continue branching
Time limit exceeded (1001.3s), stopping submodel solve loop
General disjunction: No feasible solution found, use SCIP default branching rule
_____________________________________
Now starting branching with general disjunction
Current branching Node number: 86
LP objective value: 3.82947e+06
Node lower bound: 3.8298e+06
Node upper bound: 917846
gap to the primal bound: 0.846574
Preck submodel is infeasible, continue branching
Time limit exceeded (1000.31s), stopping submodel solve loop
General disjunction: No feasible solution found, use SCIP default branching rule
_____________________________________
Now starting branching with general disjunction
Current branching Node number: 88
Relpscost reduced domain, skip general disjunction branching
_____________________________________
Now starting branching with general disjunction
Current branching Node number: 88
LP objective value: 3.91715e+06
Node lower bound: 3.9444e+06
Node upper bound: 917846
gap to the primal bound: 0.846574
Preck submodel is infeasible, continue branching
Time limit exceeded (1000.33s), stopping submodel solve loop
General disjunction: No feasible solution found, use SCIP default branching rule
_____________________________________
Now starting branching with general disjunction
Current branching Node number: 90
LP objective value: 3.94744e+06
Node lower bound: 3.94744e+06
Node upper bound: 917846
gap to the primal bound: 0.846574
Preck submodel is infeasible, continue branching
Time limit exceeded (1000.34s), stopping submodel solve loop
General disjunction: No feasible solution found, use SCIP default branching rule
_____________________________________
Now starting branching with general disjunction
Current branching Node number: 92
LP objective value: 4.01871e+06
Node lower bound: 4.01871e+06
Node upper bound: 917846
gap to the primal bound: 0.846574
Preck submodel is infeasible, continue branching
Time limit exceeded (1003.94s), stopping submodel solve loop
General disjunction: No feasible solution found, use SCIP default branching rule
_____________________________________
Now starting branching with general disjunction
Current branching Node number: 94
LP objective value: 4.02559e+06
Node lower bound: 4.02559e+06
Node upper bound: 917846
gap to the primal bound: 0.846574
Preck submodel is infeasible, continue branching
Time limit exceeded (1000.93s), stopping submodel solve loop
General disjunction: No feasible solution found, use SCIP default branching rule
_____________________________________
Now starting branching with general disjunction
Current branching Node number: 96
LP objective value: 4.10975e+06
Node lower bound: 4.11175e+06
Node upper bound: 917846
gap to the primal bound: 0.846574
Preck submodel is infeasible, continue branching
Time limit exceeded (1001.93s), stopping submodel solve loop
General disjunction: No feasible solution found, use SCIP default branching rule
_____________________________________
Now starting branching with general disjunction
Current branching Node number: 98
Relpscost reduced domain, skip general disjunction branching
_____________________________________
Now starting branching with general disjunction
Current branching Node number: 98
LP objective value: 4.12012e+06
Node lower bound: 4.12012e+06
Node upper bound: 917846
gap to the primal bound: 0.846574
Preck submodel is infeasible, continue branching
Time limit exceeded (1000.3s), stopping submodel solve loop
General disjunction: No feasible solution found, use SCIP default branching rule
_____________________________________
Now starting branching with general disjunction
Current branching Node number: 101
LP objective value: 4.1353e+06
Node lower bound: 4.1353e+06
Node upper bound: 917846
gap to the primal bound: 0.846574
Preck submodel is infeasible, continue branching
Time limit exceeded (1345.92s), stopping submodel solve loop
General disjunction: No feasible solution found, use SCIP default branching rule
_____________________________________
Now starting branching with general disjunction
Current branching Node number: 102
LP objective value: 4.13588e+06
Node lower bound: 4.13588e+06
Node upper bound: 917846
gap to the primal bound: 0.846574
Preck submodel is infeasible, continue branching
Time limit exceeded (1381.63s), stopping submodel solve loop
General disjunction: No feasible solution found, use SCIP default branching rule
_____________________________________
Now starting branching with general disjunction
Current branching Node number: 35
LP objective value: 3.77134e+06
Node lower bound: 3.77134e+06
Node upper bound: 917846
gap to the primal bound: 0.846574
Preck submodel is infeasible, continue branching
Time limit exceeded (1000.37s), stopping submodel solve loop
General disjunction: No feasible solution found, use SCIP default branching rule
_____________________________________
Now starting branching with general disjunction
Current branching Node number: 106
Relpscost reduced domain, skip general disjunction branching
_____________________________________
Now starting branching with general disjunction
Current branching Node number: 106
Relpscost reduced domain, skip general disjunction branching
_____________________________________
Now starting branching with general disjunction
Current branching Node number: 106
LP objective value: 3.78814e+06
Node lower bound: 3.79184e+06
Node upper bound: 917846
gap to the primal bound: 0.846574
Preck submodel is infeasible, continue branching
Time limit exceeded (1000.77s), stopping submodel solve loop
General disjunction: No feasible solution found, use SCIP default branching rule
_____________________________________
Now starting branching with general disjunction
Current branching Node number: 109
Relpscost reduced domain, skip general disjunction branching
_____________________________________
Now starting branching with general disjunction
Current branching Node number: 109
LP objective value: 3.79708e+06
Node lower bound: 3.79711e+06
Node upper bound: 917846
gap to the primal bound: 0.846574
Preck submodel is infeasible, continue branching
Time limit exceeded (1000.37s), stopping submodel solve loop
General disjunction: No feasible solution found, use SCIP default branching rule
_____________________________________
Now starting branching with general disjunction
Current branching Node number: 110
LP objective value: 3.79745e+06
Node lower bound: 3.79745e+06
Node upper bound: 917846
gap to the primal bound: 0.846574
Preck submodel is infeasible, continue branching
Time limit exceeded (1000.3s), stopping submodel solve loop
General disjunction: No feasible solution found, use SCIP default branching rule
_____________________________________
Now starting branching with general disjunction
Current branching Node number: 112
LP objective value: 3.79767e+06
Node lower bound: 3.79767e+06
Node upper bound: 917846
gap to the primal bound: 0.846574
Preck submodel is infeasible, continue branching
Time limit exceeded (1000.13s), stopping submodel solve loop
General disjunction: No feasible solution found, use SCIP default branching rule
_____________________________________
Now starting branching with general disjunction
Current branching Node number: 115
Relpscost reduced domain, skip general disjunction branching
_____________________________________
Now starting branching with general disjunction
Current branching Node number: 115
LP objective value: 3.80242e+06
Node lower bound: 3.80637e+06
Node upper bound: 917846
gap to the primal bound: 0.846574
Preck submodel is infeasible, continue branching
Time limit exceeded (1001.64s), stopping submodel solve loop
General disjunction: No feasible solution found, use SCIP default branching rule
_____________________________________
Now starting branching with general disjunction
Current branching Node number: 116
LP objective value: 3.86561e+06
Node lower bound: 3.86561e+06
Node upper bound: 917846
gap to the primal bound: 0.846574
Preck submodel is infeasible, continue branching
Time limit exceeded (1000.04s), stopping submodel solve loop
General disjunction: No feasible solution found, use SCIP default branching rule
_____________________________________
Now starting branching with general disjunction
Current branching Node number: 119
LP objective value: 3.87184e+06
Node lower bound: 3.87184e+06
Node upper bound: 917846
gap to the primal bound: 0.846574
Preck submodel is infeasible, continue branching
Time limit exceeded (1214.8s), stopping submodel solve loop
General disjunction: No feasible solution found, use SCIP default branching rule
_____________________________________
Now starting branching with general disjunction
Current branching Node number: 120
LP objective value: 3.87364e+06
Node lower bound: 3.87364e+06
Node upper bound: 917846
gap to the primal bound: 0.846574
Preck submodel is infeasible, continue branching
Time limit exceeded (1077.58s), stopping submodel solve loop
General disjunction: No feasible solution found, use SCIP default branching rule
_____________________________________
Now starting branching with general disjunction
Current branching Node number: 122
LP objective value: 3.88086e+06
Node lower bound: 3.88086e+06
Node upper bound: 917846
gap to the primal bound: 0.846574
Preck submodel is infeasible, continue branching
Time limit exceeded (1585.71s), stopping submodel solve loop
General disjunction: No feasible solution found, use SCIP default branching rule
_____________________________________
Now starting branching with general disjunction
Current branching Node number: 124
Relpscost reduced domain, skip general disjunction branching
_____________________________________
Now starting branching with general disjunction
Current branching Node number: 124
LP objective value: 3.9192e+06
Node lower bound: 3.9192e+06
Node upper bound: 917846
gap to the primal bound: 0.846574
Preck submodel is infeasible, continue branching
Time limit exceeded (1000.53s), stopping submodel solve loop
General disjunction: No feasible solution found, use SCIP default branching rule
_____________________________________
Now starting branching with general disjunction
Current branching Node number: 126
Relpscost reduced domain, skip general disjunction branching
_____________________________________
Now starting branching with general disjunction
Current branching Node number: 126
Relpscost reduced domain, skip general disjunction branching
_____________________________________
Now starting branching with general disjunction
Current branching Node number: 126
Relpscost reduced domain, skip general disjunction branching
_____________________________________
Now starting branching with general disjunction
Current branching Node number: 126
LP objective value: 3.95347e+06
Node lower bound: 3.95365e+06
Node upper bound: 917846
gap to the primal bound: 0.846574
Preck submodel is infeasible, continue branching
Time limit exceeded (1000.65s), stopping submodel solve loop
General disjunction: No feasible solution found, use SCIP default branching rule
_____________________________________
Now starting branching with general disjunction
Current branching Node number: 8
LP objective value: 3.8141e+06
Node lower bound: 3.8141e+06
Node upper bound: 917846
gap to the primal bound: 0.846574
Preck submodel is infeasible, continue branching
Time limit exceeded (1000.04s), stopping submodel solve loop
General disjunction: No feasible solution found, use SCIP default branching rule
_____________________________________
Now starting branching with general disjunction
Current branching Node number: 130
LP objective value: 3.81843e+06
Node lower bound: 3.81843e+06
Node upper bound: 917846
gap to the primal bound: 0.846574
Preck submodel is infeasible, continue branching
Time limit exceeded (1001.91s), stopping submodel solve loop
General disjunction: No feasible solution found, use SCIP default branching rule
_____________________________________
Now starting branching with general disjunction
Current branching Node number: 132
LP objective value: 3.82691e+06
Node lower bound: 3.82691e+06
Node upper bound: 917846
gap to the primal bound: 0.846574
Preck submodel is infeasible, continue branching
Time limit exceeded (1000.16s), stopping submodel solve loop
General disjunction: No feasible solution found, use SCIP default branching rule
_____________________________________
Now starting branching with general disjunction
Current branching Node number: 135
Relpscost reduced domain, skip general disjunction branching
_____________________________________
Now starting branching with general disjunction
Current branching Node number: 135
LP objective value: 3.83361e+06
Node lower bound: 3.8353e+06
Node upper bound: 917846
gap to the primal bound: 0.846574
Preck submodel is infeasible, continue branching
Time limit exceeded (1000.27s), stopping submodel solve loop
General disjunction: No feasible solution found, use SCIP default branching rule
_____________________________________
Now starting branching with general disjunction
Current branching Node number: 137
LP objective value: 3.84518e+06
Node lower bound: 3.84673e+06
Node upper bound: 917846
gap to the primal bound: 0.846574
Preck submodel is infeasible, continue branching
Time limit exceeded (1000.67s), stopping submodel solve loop
General disjunction: No feasible solution found, use SCIP default branching rule
_____________________________________
Now starting branching with general disjunction
Current branching Node number: 138
LP objective value: 3.87309e+06
Node lower bound: 3.87309e+06
Node upper bound: 917846
gap to the primal bound: 0.846574
Preck submodel is infeasible, continue branching
General disjunction: Infeasible disjunction
_____________________________________
Now starting branching with general disjunction
Current branching Node number: 139
LP objective value: 3.84518e+06
Node lower bound: 3.84673e+06
Node upper bound: 917846
gap to the primal bound: 0.846574
Preck submodel is infeasible, continue branching
Time limit exceeded (1000.31s), stopping submodel solve loop
General disjunction: No feasible solution found, use SCIP default branching rule
_____________________________________
Now starting branching with general disjunction
Current branching Node number: 31
LP objective value: 3.73326e+06
Node lower bound: 3.73629e+06
Node upper bound: 917846
gap to the primal bound: 0.804892
Preck submodel is infeasible, continue branching
Time limit exceeded (1006.56s), stopping submodel solve loop
General disjunction: No feasible solution found, use SCIP default branching rule
_____________________________________
Now starting branching with general disjunction
Current branching Node number: 143
LP objective value: 3.74367e+06
Node lower bound: 3.74367e+06
Node upper bound: 917846
gap to the primal bound: 0.804892
Preck submodel is infeasible, continue branching
Time limit exceeded (1522.35s), stopping submodel solve loop
General disjunction: No feasible solution found, use SCIP default branching rule
_____________________________________
Now starting branching with general disjunction
Current branching Node number: 145
LP objective value: 3.74385e+06
Node lower bound: 3.74781e+06
Node upper bound: 917846
gap to the primal bound: 0.804892
Preck submodel is infeasible, continue branching
Time limit exceeded (1354.19s), stopping submodel solve loop
General disjunction: No feasible solution found, use SCIP default branching rule
_____________________________________
Now starting branching with general disjunction
Current branching Node number: 146
LP objective value: 3.76731e+06
Node lower bound: 3.77205e+06
Node upper bound: 917846
gap to the primal bound: 0.804892
Preck submodel is infeasible, continue branching
Time limit exceeded (1895.4s), stopping submodel solve loop
General disjunction: No feasible solution found, use SCIP default branching rule

SCIP Status        : solving was interrupted [time limit reached]
Solving Time (sec) : 86659.30
Solving Nodes      : 84
Primal Bound       : +9.17845999999640e+05 (1 solutions)
Dual Bound         : +5.08532438865654e+05
Gap                : 80.49 %

primal solution:
================

objective value:                      917845.99999964
x304                                                1 	(obj:0)
x230                                                1 	(obj:0)
x231                                                1 	(obj:0)
x346                                                1 	(obj:0)
x340                                                1 	(obj:0)
x236                                                1 	(obj:0)
x241                                                1 	(obj:0)
x242                                                1 	(obj:0)
x243                                                1 	(obj:0)
x244                                                1 	(obj:0)
x245                                                1 	(obj:0)
x246                                                1 	(obj:0)
x247                                                1 	(obj:0)
x249                                                1 	(obj:0)
x250                                                1 	(obj:0)
x308                                                1 	(obj:0)
x255                                                1 	(obj:0)
x354                                                1 	(obj:0)
x387                                                1 	(obj:0)
x385                                                1 	(obj:0)
x262                                                1 	(obj:0)
x263                                                1 	(obj:0)
x265                                                1 	(obj:0)
x266                                                1 	(obj:0)
x267                                                1 	(obj:0)
x268                                                1 	(obj:0)
x269                                                1 	(obj:0)
x271                                                1 	(obj:0)
x382                                                1 	(obj:0)
x381                                                1 	(obj:0)
x352                                                1 	(obj:0)
x374                                                1 	(obj:0)
x343                                                1 	(obj:0)
x370                                                1 	(obj:0)
x319                                                1 	(obj:0)
x320                                                1 	(obj:0)
x321                                                1 	(obj:0)
x362                                                1 	(obj:0)
x361                                                1 	(obj:0)
x335                                                1 	(obj:0)
x357                                                1 	(obj:0)
x396                                                1 	(obj:0)
x393                                                2 	(obj:0)
x392                                                3 	(obj:0)
x386                                                2 	(obj:0)
x383                                                1 	(obj:0)
x380                                                1 	(obj:0)
x377                                                2 	(obj:0)
x376                                                1 	(obj:0)
x375                                                1 	(obj:0)
x373                                                2 	(obj:0)
x372                                                1 	(obj:0)
x371                                                1 	(obj:0)
x369                                                1 	(obj:0)
x366                                                1 	(obj:0)
x364                                                1 	(obj:0)
x360                                                1 	(obj:0)
x356                                                2 	(obj:0)
x355                                                1 	(obj:0)
x353                                                2 	(obj:0)
x351                                                2 	(obj:0)
x350                                                2 	(obj:0)
x349                                                1 	(obj:0)
x348                                                1 	(obj:0)
x347                                                1 	(obj:0)
x345                                                2 	(obj:0)
x344                                                1 	(obj:0)
x342                                                1 	(obj:0)
x341                                                1 	(obj:0)
x339                                                1 	(obj:0)
x338                                                2 	(obj:0)
x337                                                2 	(obj:0)
x336                                                1 	(obj:0)
x332                                                1 	(obj:0)
x330                                                1 	(obj:0)
x329                                                2 	(obj:0)
x328                                                2 	(obj:0)
x326                                                1 	(obj:0)
x325                                                2 	(obj:0)
x324                                                2 	(obj:0)
x313                                                1 	(obj:0)
x310                                                2 	(obj:0)
x309                                                3 	(obj:0)
x306                                                1 	(obj:0)
x305                                                2 	(obj:0)
x301                                                1 	(obj:0)
x300                                                1 	(obj:0)
x299                                                1 	(obj:0)
x298                                                1 	(obj:0)
x297                                                2 	(obj:0)
x296                                                1 	(obj:0)
x295                                                2 	(obj:0)
x294                                                2 	(obj:0)
x293                                                2 	(obj:0)
x292                                                2 	(obj:0)
x291                                                1 	(obj:0)
x290                                                2 	(obj:0)
x289                                                3 	(obj:0)
x288                                                3 	(obj:0)
x287                                                1 	(obj:0)
x284                                                1 	(obj:0)
x282                                                1 	(obj:0)
x281                                                1 	(obj:0)
x280                                                2 	(obj:0)
x279                                                2 	(obj:0)
x276                                                1 	(obj:0)
x275                                                1 	(obj:0)
x273                                                2 	(obj:0)
x259                                                1 	(obj:0)
x257                                                2 	(obj:0)
x256                                                1 	(obj:0)
x252                                                2 	(obj:0)
x251                                                2 	(obj:0)
x233                                                2 	(obj:0)
x232                                                1 	(obj:0)
x229                                                1 	(obj:0)
x227                                                1 	(obj:0)
x397                                                1 	(obj:0)
x173                                               52 	(obj:476)
x174                                               19 	(obj:1000)
x175                                               32 	(obj:0)
x176                                               34 	(obj:500)
x178                                                2 	(obj:0)
x179                                               27 	(obj:500)
x180                                               53 	(obj:261)
x181                                               55 	(obj:0)
x182                                               33 	(obj:0)
x183                                                3 	(obj:0)
x184                                                1 	(obj:1001)
x185                                               21 	(obj:0)
x186                                               51 	(obj:0)
x187                                               19 	(obj:1000)
x189                                               29 	(obj:0)
x190                                                1 	(obj:500)
x193                                               51 	(obj:540)
x194                                               15 	(obj:431)
x195                                               55 	(obj:0)
x197                                                4 	(obj:328)
x198                                0.999999999999996 	(obj:520)
x199                                               20 	(obj:0)
x200                                               31 	(obj:0)
x201                                               18 	(obj:0)
x202                                               26 	(obj:0)
x203                                                3 	(obj:600)
x204                                               52 	(obj:0)
x206                                                6 	(obj:333.33333333)
x209                                               30 	(obj:0)
x210                                 3.99999999999998 	(obj:0)
x211                                               15 	(obj:0)
x215                                               46 	(obj:0)
x216                                                6 	(obj:500)
x217                                                3 	(obj:500)
x218                                               38 	(obj:0)
x219                                               24 	(obj:0)
x220                                               54 	(obj:0)
x221                                               44 	(obj:0)
x222                                               34 	(obj:719)
x223                                               35 	(obj:0)
x224                                               20 	(obj:0)
x225                                                9 	(obj:0)
x2                                                 54 	(obj:0)
x3                                                 53 	(obj:0)
x4                                                  2 	(obj:1000)
x6                                                 51 	(obj:0)
x7                                                 52 	(obj:1000)
x9                                                 44 	(obj:0)
x10                                                22 	(obj:0)
x11                                                57 	(obj:0)
x13                                                11 	(obj:0)
x14                                                15 	(obj:245)
x15                                                24 	(obj:437)
x16                                                 3 	(obj:500)
x18                                                54 	(obj:725)
x19                                                54 	(obj:0)
x20                                                24 	(obj:0)
x21                                                11 	(obj:0)
x22                                                 1 	(obj:2002)
x23                                                 1 	(obj:0)
x24                                                12 	(obj:0)
x26                                                31 	(obj:0)
x27                                                30 	(obj:331)
x28                                                 1 	(obj:481)
x29                                                12 	(obj:341)
x30                                                31 	(obj:650)
x31                                                42 	(obj:520)
x32                                                 1 	(obj:1000)
x33                                 0.999999999999976 	(obj:0)
x34                                                 1 	(obj:0)
x35                                                28 	(obj:0)
x36                                                31 	(obj:0)
x37                                                12 	(obj:0)
x38                                                31 	(obj:0)
x39                                                30 	(obj:250)
x40                                                 1 	(obj:1001)
x41                                                 1 	(obj:227)
x43                                                31 	(obj:0)
x44                                                30 	(obj:954)
x45                                                47 	(obj:0)
x46                                                17 	(obj:0)
x48                                                 1 	(obj:0)
x49                                                31 	(obj:0)
x50                                                17 	(obj:333.33333333)
x51                                                47 	(obj:333.33333333)
x53                                                30 	(obj:666.66666667)
x54                                                49 	(obj:333.33333333)
x55                                                19 	(obj:333.33333333)
x56                                                16 	(obj:0)
x58                                                46 	(obj:0)
x59                                                 4 	(obj:1001)
x60                                                 1 	(obj:0)
x61                                                31 	(obj:0)
x63                                                30 	(obj:440)
x64                                                46 	(obj:1000)
x65                                                16 	(obj:1000)
x66                                                28 	(obj:371)
x68                                                 4 	(obj:1001)
x69                                                34 	(obj:0)
x72                                                22 	(obj:231)
x73                                                15 	(obj:0)
x74                                                23 	(obj:0)
x76                                                23 	(obj:520)
x77                                                59 	(obj:235)
x78                                                25 	(obj:295)
x79                                                14 	(obj:650)
x80                                                37 	(obj:500)
x82                                                44 	(obj:0)
x83                                                13 	(obj:0)
x84                                                50 	(obj:0)
x86                                                26 	(obj:909)
x87                                  3.00000000000002 	(obj:283)
x88                                                34 	(obj:384)
x90                                                19 	(obj:0)
x91                                                 3 	(obj:1100)
x92                                                33 	(obj:490)
x93                                                 6 	(obj:464)
x94                                                34 	(obj:1000)
x95                                                47 	(obj:0)
x96                                                 6 	(obj:0)
x97                                                30 	(obj:0)
x98                                                23 	(obj:0)
x99                                                52 	(obj:0)
x100                                               22 	(obj:0)
x101                                               41 	(obj:0)
x102                                               49 	(obj:0)
x103                                 3.99999999999998 	(obj:1000)
x105                                                3 	(obj:0)
x106                                               34 	(obj:0)
x109                                                1 	(obj:0)
x111                                               31 	(obj:1100)
x112                                               21 	(obj:500)
x113                                               44 	(obj:500)
x114                                               23 	(obj:0)
x116                                 4.99999999999998 	(obj:0)
x117                                               26 	(obj:0)
x118                                 4.00000000000001 	(obj:337)
x119                                 1.00000000000001 	(obj:312)
x120                                               49 	(obj:0)
x121                                               22 	(obj:0)
x122                                               25 	(obj:0)
x124                                                2 	(obj:500)
x125                                               46 	(obj:0)
x126                                 5.99999999999999 	(obj:500)
x127                                               23 	(obj:500)
x128                                                7 	(obj:0)
x131                                               13 	(obj:500)
x133                                               15 	(obj:0)
x135                                               30 	(obj:0)
x136                                               29 	(obj:366)
x137                                               15 	(obj:489)
x138                                                2 	(obj:1000)
x139                                               18 	(obj:0)
x143                                               30 	(obj:0)
x144                                                8 	(obj:1000)
x147                                               57 	(obj:232)
x148                                               45 	(obj:0)
x149                                               34 	(obj:0)
x150                                               52 	(obj:0)
x151                                                3 	(obj:0)
x153                                               33 	(obj:703)
x155                                                8 	(obj:499)
x156                                               58 	(obj:0)
x158                                               51 	(obj:580)
x159                                                3 	(obj:247)
x160                                                9 	(obj:0)
x161                                               18 	(obj:0)
x162                                               33 	(obj:600)
x164                                               44 	(obj:0)
x166                                               29 	(obj:0)
x167                                                1 	(obj:1001)
x168                                               48 	(obj:0)
x169                                               22 	(obj:0)
x170                                                4 	(obj:1001)
x171                                               52 	(obj:0)

Statistics
==========

SCIP Status        : solving was interrupted [time limit reached]
Total Time         :   86659.31
  solving          :   86659.30
  presolving       :       0.01 (included in solving)
  reading          :       0.00
  copying          :       0.00 (1 #copies) (minimal 0.00, maximal 0.00, average 0.00)
Original Problem   :
  Problem name     : timtab1
  Variables        : 397 (77 binary, 94 integer, 0 implicit integer, 226 continuous)
  Constraints      : 171 initial, 171 maximal
  Objective        : minimize, 128 non-zeros (abs.min = 227, abs.max = 2002)
Presolved Problem  :
  Problem name     : t_timtab1
  Variables        : 201 (54 binary, 92 integer, 0 implicit integer, 55 continuous)
  Constraints      : 167 initial, 238 maximal
  Objective        : minimize, 138 non-zeros (abs.min = 1, abs.max = 91260)
  Nonzeros         : 629 constraint, 52 clique table
Presolvers         :   ExecTime  SetupTime  Calls  FixedVars   AggrVars   ChgTypes  ChgBounds   AddHoles    DelCons    AddCons   ChgSides   ChgCoefs
  boundshift       :       0.00       0.00      0          0          0          0          0          0          0          0          0          0
  convertinttobin  :       0.00       0.00      0          0          0          0          0          0          0          0          0          0
  domcol           :       0.00       0.00      4          0          0          0          0          0          0          0          0          0
  dualagg          :       0.00       0.00      0          0          0          0          0          0          0          0          0          0
  dualcomp         :       0.00       0.00      4          0          0          0          0          0          0          0          0          0
  dualinfer        :       0.00       0.00      0          0          0          0          0          0          0          0          0          0
  dualsparsify     :       0.00       0.00      2          0          0          0          0          0          0          0          0         14
  gateextraction   :       0.00       0.00      0          0          0          0          0          0          0          0          0          0
  implics          :       0.00       0.00      7          0          0          0          0          0          0          0          0          0
  inttobinary      :       0.00       0.00     11          0          2          2          0          0          0          0          0          0
  qpkktref         :       0.00       0.00      0          0          0          0          0          0          0          0          0          0
  redvub           :       0.00       0.00      0          0          0          0          0          0          0          0          0          0
  sparsify         :       0.00       0.00      2          0          0          0          0          0          0          0          0          0
  stuffing         :       0.00       0.00      0          0          0          0          0          0          0          0          0          0
  trivial          :       0.00       0.00     11         13          0          0          0          0          0          0          0          0
  tworowbnd        :       0.00       0.00      0          0          0          0          0          0          0          0          0          0
  dualfix          :       0.00       0.00     11          0          0          0          0          0          0          0          0          0
  genvbounds       :       0.00       0.00      0          0          0          0          0          0          0          0          0          0
  probing          :       0.00       0.00      2          0         10          0          0          0          0          0          0          0
  pseudoobj        :       0.00       0.00      0          0          0          0          0          0          0          0          0          0
  symmetry         :       0.00       0.00      1          0          0          0          0          0          0          1          0          0
  vbounds          :       0.00       0.00      2          0          2          0          0          0          0          0          0          0
  varbound         :       0.00       0.00     13          0          0          0          0          0          4          2          1          0
  setppc           :       0.00       0.00      0          0          0          0          0          0          0          0          0          0
  linear           :       0.00       0.00     16          0        171          0         18          0          3          0         53         53
  bounddisjunction :       0.00       0.00      0          0          0          0          0          0          0          0          0          0
  benders          :       0.00       0.00      0          0          0          0          0          0          0          0          0          0
  components       :       0.00       0.00      1          0          0          0          0          0          0          0          0          0
  root node        :          -          -      -          0          -          -          1          -          -          -          -          -
Constraints        :     Number  MaxNumber  #Separate #Propagate    #EnfoLP    #EnfoRelax  #EnfoPS    #Check   #ResProp    Cutoffs    DomReds       Cuts    Applied      Conss   Children
  benderslp        :          0          0          0          0        112          0          0          9          0          0          0          0          0          0          0
  integral         :          0          0          0          0        112          0          0          9          0          1        136          0          0         38        148
  varbound         :         25+        27         39       6153          0          0          0          4         34          4         61          0          0          0          0
  setppc           :          0+         3          0       3588          0          0          0          0          2          0          7          0          0          0          0
  linear           :        142+       159         39       6293          0          0          0          4        325        108       1568         50          0          0          0
  bounddisjunction :          0+        49          0       1201          0          0          0          0          7          1         20          0          0          0          0
  benders          :          0          0          0          0          0          0          0          2          0          0          0          0          0          0          0
  fixedvar         :          0          0          0          0          0          0          0          2          0          0          0          0          0          0          0
  countsols        :          0          0          0          0          0          0          0          2          0          0          0          0          0          0          0
  components       :          0          0          0          0          0          0          0          0          0          0          0          0          0          0          0
Constraint Timings :  TotalTime  SetupTime   Separate  Propagate     EnfoLP     EnfoPS     EnfoRelax   Check    ResProp    SB-Prop
  benderslp        :       0.00       0.00       0.00       0.00       0.00       0.00       0.00       0.00       0.00       0.00
  integral         :   86657.09       0.00       0.00       0.00   86657.09       0.00       0.00       0.00       0.00       0.00
  varbound         :       0.00       0.00       0.00       0.00       0.00       0.00       0.00       0.00       0.00       0.00
  setppc           :       0.00       0.00       0.00       0.00       0.00       0.00       0.00       0.00       0.00       0.00
  linear           :       0.04       0.00       0.01       0.02       0.00       0.00       0.00       0.00       0.00       0.02
  bounddisjunction :       0.00       0.00       0.00       0.00       0.00       0.00       0.00       0.00       0.00       0.00
  benders          :       0.00       0.00       0.00       0.00       0.00       0.00       0.00       0.00       0.00       0.00
  fixedvar         :       0.00       0.00       0.00       0.00       0.00       0.00       0.00       0.00       0.00       0.00
  countsols        :       0.00       0.00       0.00       0.00       0.00       0.00       0.00       0.00       0.00       0.00
  components       :       0.00       0.00       0.00       0.00       0.00       0.00       0.00       0.00       0.00       0.00
Propagators        : #Propagate   #ResProp    Cutoffs    DomReds
  dualfix          :          1          0          0          0
  genvbounds       :          0          0          0          0
  nlobbt           :          0          0          0          0
  obbt             :          0          0          0          0
  probing          :          0          0          0          0
  pseudoobj        :        502          0          0          0
  redcost          :        326          0          0         12
  rootredcost      :          2          0          0          0
  symmetry         :          0          0          0          0
  vbounds          :       1925          0          0          0
Propagator Timings :  TotalTime  SetupTime   Presolve  Propagate    ResProp    SB-Prop
  dualfix          :       0.00       0.00       0.00       0.00       0.00       0.00
  genvbounds       :       0.00       0.00       0.00       0.00       0.00       0.00
  nlobbt           :       0.00       0.00       0.00       0.00       0.00       0.00
  obbt             :       0.00       0.00       0.00       0.00       0.00       0.00
  probing          :       0.00       0.00       0.00       0.00       0.00       0.00
  pseudoobj        :       0.00       0.00       0.00       0.00       0.00       0.00
  redcost          :       0.00       0.00       0.00       0.00       0.00       0.00
  rootredcost      :       0.00       0.00       0.00       0.00       0.00       0.00
  symmetry         :       0.00       0.00       0.00       0.00       0.00       0.00
  vbounds          :       0.00       0.00       0.00       0.00       0.00       0.00
Symmetry           :
  orbitopal red.   :          0 reductions applied,          0 cutoffs
  orbital reduction:          0 reductions applied,          0 cutoffs
  lexicographic red:          0 reductions applied,          0 cutoffs
  shadow tree time :       0.00 s
Conflict Analysis  :       Time      Calls    Success    DomReds  Conflicts   Literals    Reconvs ReconvLits   Dualrays   Nonzeros   LP Iters   (pool size: [10000,10000])
  propagation      :       0.00         17         16          -         33        4.8          6        4.7          -          -          -
  infeasible LP    :       0.00         23         22          -         31        4.9          6        2.8         22        5.2          0
  bound exceed. LP :       0.01         10          3          -         18       28.7          1        5.0          0        0.0        100
  strong branching :       0.00          0          0          -          0        0.0          0        0.0          -          -          0
  pseudo solution  :       0.00          0          0          -          0        0.0          0        0.0          -          -          -
  applied globally :       0.00          -          -          0         53        4.4          -          -         22          -          -
  applied locally  :          -          -          -          0          1       25.0          -          -          0          -          -
Separators         :   ExecTime  SetupTime      Calls  RootCalls    Cutoffs    DomReds  FoundCuts ViaPoolAdd  DirectAdd    Applied ViaPoolApp  DirectApp      Conss
  cut pool         :       0.02          -        169         74          -          -       4441      11992          -          -          -          -          -    (maximal pool size:       4032)
  aggregation      :       1.77       0.00         88         39          0          0       2797       7807          0        915        915          0          0
  > cmir           :          -          -          -          -          -          -          -       7614          0        850        850          0          -
  > flowcover      :          -          -          -          -          -          -          -        142          0         49         49          0          -
  > knapsackcover  :          -          -          -          -          -          -          -         51          0         16         16          0          -
  cgmip            :       0.00       0.00          0          0          0          0          0          0          0          0          0          0          0
  clique           :       0.00       0.00         39         39          0          0          0          0          0          0          0          0          0
  closecuts        :       0.00       0.00          0          0          0          0          0          0          0          0          0          0          0
  convexproj       :       0.00       0.00          0          0          0          0          0          0          0          0          0          0          0
  disjunctive      :       0.00       0.00          0          0          0          0          0          0          0          0          0          0          0
  eccuts           :       0.00       0.00          0          0          0          0          0          0          0          0          0          0          0
  gauge            :       0.00       0.00          0          0          0          0          0          0          0          0          0          0          0
  gomory           :       0.04       0.00         36         10          0          0       1497       3817          0        221        221          0          0
  > gomorymi       :          -          -          -          -          -          -          -       3807          0        220        220          0          -
  > strongcg       :          -          -          -          -          -          -          -         10          0          1          1          0          -
  impliedbounds    :       0.00       0.00         88         39          0          0        102        196          0         67         67          0          0
  interminor       :       0.00       0.00          0          0          0          0          0          0          0          0          0          0          0
  intobj           :       0.00       0.00          0          0          0          0          0          0          0          0          0          0          0
  lagromory        :       0.00       0.00          0          0          0          0          0          0          0          0          0          0          0
  mcf              :       0.00       0.00          5          5          0          0          4          4          2          0          0          0          0
  minor            :       0.00       0.00          0          0          0          0          0          0          0          0          0          0          0
  mixing           :       0.00       0.00         88         39          0          0         31        136          0         21         21          0          0
  oddcycle         :       0.00       0.00          0          0          0          0          0          0          0          0          0          0          0
  rapidlearning    :       0.00       0.00          0          0          0          0          0          0          0          0          0          0          0
  rlt              :       0.00       0.00         10         10          0          0          0          0          0          0          0          0          0
  zerohalf         :       0.01       0.00         46         20          0          0         12         32          0          7          7          0          0
Cutselectors       :   ExecTime  SetupTime      Calls  RootCalls   Selected     Forced   Filtered  RootSelec   RootForc   RootFilt 
  hybrid           :       0.01       0.00         91         38       1231          0      10813        503          0       5841
  ensemble         :       0.00       0.00          0          0          0          0          0          0          0          0
  dynamic          :       0.00       0.00          0          0          0          0          0          0          0          0
Pricers            :   ExecTime  SetupTime      Calls       Vars
  problem variables:       0.00          -          0          0
Branching Rules    :   ExecTime  SetupTime   BranchLP  BranchExt   BranchPS    Cutoffs    DomReds       Cuts      Conss   Children
  allfullstrong    :       0.00       0.00          0          0          0          0          0          0          0          0
  cloud            :       0.00       0.00          0          0          0          0          0          0          0          0
  distribution     :       0.00       0.00          0          0          0          0          0          0          0          0
  fullstrong       :       0.00       0.00          0          0          0          0          0          0          0          0
  general_disjuncti:   86656.89       0.00        112          0          0          1        127          0         33          0
  GeneralDisjunction(extra): subMILPs=293 fairNodes of all MILPs=22179727 probingLPs=52
  gomory           :       0.00       0.00          0          0          0          0          0          0          0          0
  inference        :       0.00       0.00          0          0          0          0          0          0          0          0
  leastinf         :       0.00       0.00          0          0          0          0          0          0          0          0
  lookahead        :       0.00       0.00          0          0          0          0          0          0          0          0
  mostinf          :       0.00       0.00          0          0          0          0          0          0          0          0
  multaggr         :       0.00       0.00          0          0          0          0          0          0          0          0
  nodereopt        :       0.00       0.00          0          0          0          0          0          0          0          0
  pscost           :       0.00       0.00          0          0          0          0          0          0          0          0
  random           :       0.00       0.00          0          0          0          0          0          0          0          0
  relpscost        :       0.19       0.00         80          0          0          0          9          0          6        148
  vanillafullstrong:       0.00       0.00          0          0          0          0          0          0          0          0
Primal Heuristics  :   ExecTime  SetupTime      Calls      Found       Best
  LP solutions     :       0.00          -          -          0          0
  relax solutions  :       0.00          -          -          0          0
  pseudo solutions :       0.00          -          -          0          0
  strong branching :       0.00          -          -          0          0
  actconsdiving    :       0.00       0.00          0          0          0
  adaptivediving   :       0.02       0.00          1          0          0
  alns             :       0.00       0.00          1          0          0
  bound            :       0.00       0.00          0          0          0
  clique           :       0.00       0.00          1          0          0
  coefdiving       :       0.00       0.00          0          0          0
  completesol      :       0.00       0.00          0          0          0
  conflictdiving   :       0.01       0.00          1          0          0
  crossover        :       0.00       0.00          0          0          0
  dins             :       0.00       0.00          0          0          0
  distributiondivin:       0.01       0.00          1          0          0
  dps              :       0.00       0.00          0          0          0
  dualval          :       0.00       0.00          0          0          0
  farkasdiving     :       0.02       0.00          1          0          0
  feaspump         :       0.01       0.00          1          0          0
  fixandinfer      :       0.00       0.00          0          0          0
  fracdiving       :       0.00       0.00          1          0          0
  gins             :       0.00       0.00          0          0          0
  guideddiving     :       0.00       0.00          0          0          0
  indicator        :       0.00       0.00          0          0          0
  indicatordiving  :       0.00       0.00          0          0          0
  intdiving        :       0.00       0.00          0          0          0
  intshifting      :       0.00       0.00          3          0          0
  linesearchdiving :       0.00       0.00          0          0          0
  localbranching   :       0.00       0.00          0          0          0
  locks            :       0.00       0.00          1          0          0
  lpface           :       0.00       0.00          0          0          0
  mpec             :       0.00       0.00          0          0          0
  multistart       :       0.00       0.00          0          0          0
  mutation         :       0.00       0.00          0          0          0
  nlpdiving        :       0.00       0.00          0          0          0
  objpscostdiving  :       0.00       0.00          0          0          0
  octane           :       0.00       0.00          0          0          0
  ofins            :       0.00       0.00          0          0          0
  oneopt           :       0.00       0.00          1          0          0
  padm             :       0.00       0.00          0          0          0
  proximity        :       0.00       0.00          0          0          0
  pscostdiving     :       0.00       0.00          1          1          1
  randrounding     :       0.02       0.00         39          0          0
  rens             :       0.00       0.00          0          0          0
  reoptsols        :       0.00       0.00          0          0          0
  repair           :       0.00       0.00          0          0          0
  rins             :       0.00       0.00          0          0          0
  rootsoldiving    :       0.00       0.00          0          0          0
  rounding         :       0.00       0.00        152          0          0
  scheduler        :       0.00       0.00          0          0          0
  shiftandpropagate:       0.00       0.00          1          0          0
  shifting         :       0.03       0.00         98          0          0
  simplerounding   :       0.00       0.00          0          0          0
  subnlp           :       0.00       0.00          0          0          0
  trivial          :       0.00       0.00          2          0          0
  trivialnegation  :       0.00       0.00          0          0          0
  trustregion      :       0.00       0.00          0          0          0
  trysol           :       0.00       0.00          0          0          0
  twoopt           :       0.00       0.00          0          0          0
  undercover       :       0.00       0.00          0          0          0
  vbounds          :       0.01       0.00          1          0          0
  veclendiving     :       0.00       0.00          0          0          0
  zeroobj          :       0.00       0.00          0          0          0
  zirounding       :       0.00       0.00         73          0          0
  other solutions  :          -          -          -          0          -
LNS (Scheduler)    :      Calls  SetupTime  SolveTime SolveNodes       Sols       Best       Exp3    Exp3-IX  EpsGreedy        UCB TgtFixRate  Opt  Inf Node Stal  Sol  Usr Othr Actv
  rens             :          0       0.00       0.00          0          0          0    0.00000    0.12500   -1.00000    1.00000      0.900    0    0    0    0    0    0    0    1
  rins             :          0       0.00       0.00          0          0          0    0.00000    0.12500   -1.00000    1.00000      0.900    0    0    0    0    0    0    0    1
  mutation         :          0       0.00       0.00          0          0          0    0.00000    0.12500   -1.00000    1.00000      0.900    0    0    0    0    0    0    0    1
  localbranching   :          0       0.00       0.00          0          0          0    0.00000    0.12500   -1.00000    1.00000      0.900    0    0    0    0    0    0    0    1
  crossover        :          0       0.00       0.00          0          0          0    0.00000    0.12500   -1.00000    1.00000      0.900    0    0    0    0    0    0    0    1
  proximity        :          0       0.00       0.00          0          0          0    0.00000    0.12500   -1.00000    1.00000      0.900    0    0    0    0    0    0    0    1
  zeroobjective    :          0       0.00       0.00          0          0          0    0.00000    0.12500   -1.00000    1.00000      0.900    0    0    0    0    0    0    0    1
  dins             :          0       0.00       0.00          0          0          0    0.00000    0.12500   -1.00000    1.00000      0.900    0    0    0    0    0    0    0    1
  trustregion      :          0       0.00       0.00          0          0          0    0.00000    0.00000   -1.00000    1.00000      0.900    0    0    0    0    0    0    0    0
LP                 :       Time      Calls Iterations  Iter/call   Iter/sec  Time-0-It Calls-0-It    ItLimit
  primal LP        :       0.01         17          0       0.00       0.00       0.01         17
  dual LP          :       0.14        215       4512      22.23   33373.03       0.00         12
  lex dual LP      :       0.00          0          0       0.00          -
  barrier LP       :       0.00          0          0       0.00          -       0.00          0
  resolve instable :       0.00          0          0       0.00          -
  diving/probing LP:       0.09        163       1725      10.58   20106.54
  strong branching :       0.56        671      18689      27.85   33508.14          -          -         18
    (at root node) :          -         67       3919      58.49          -
  conflict analysis:       0.00         10        100      10.00          -
B&B Tree           :
  number of runs   :          1
  nodes            :         84 (74 internal, 10 leaves)
  feasible leaves  :          0
  infeas. leaves   :          7
  objective leaves :          3
  nodes (total)    :         84 (74 internal, 10 leaves)
  nodes left       :         64
  max depth        :         16
  max depth (total):         16
  backtracks       :          7 (8.3%)
  early backtracks :          0 (0.0%)
  nodes exc. ref.  :          0 (0.0%)
  delayed cutoffs  :          1
  repropagations   :         12 (36 domain reductions, 1 cutoffs)
  avg switch length:       2.40
  switching time   :       0.02
Root Node          :
  First LP value   : +1.57896036605640e+05
  First LP Iters   :        113 (78526.75 Iter/sec)
  First LP Time    :       0.00
  Final Dual Bound : +4.96497794483766e+05
  Final Root Iters :       1527
  Root LP Estimate : +7.95555599826442e+05
Solution           :
  Solutions found  :          1 (1 improvements)
  First Solution   : +9.17845999999640e+05   (in run 1, after 14 nodes, 19424.77 seconds, depth 31, found by <pscostdiving>)
  Gap First Sol.   :      84.86 %
  Gap Last Sol.    :      84.86 %
  Primal Bound     : +9.17845999999640e+05   (in run 1, after 14 nodes, 19424.77 seconds, depth 31, found by <pscostdiving>)
  Dual Bound       : +5.08532438865654e+05
  Gap              :      80.49 %
Integrals          :      Total       Avg%
  primal-dual      : 5017660.80      57.90
  primal-ref       :          -          - (not evaluated)
  dual-ref         :          -          - (not evaluated)
